purged 0 stale artifact sets (source-newer=0, import-newer=0) of 3408 oleans
[job] acn112 cores=64-71 threads=8 base=d858a8fbda54a44f7fd459ab97344f61e86054aa mods: GroupApproximation.GGT.VanKampen.Estimating.OsinPocketKeptCell
ℹ [3324/3471] Replayed GroupApproximation.Sofic.KazhdanCornerCompression
info: GroupApproximation/Sofic/KazhdanCornerCompression.lean:342:4: Try this:
  [apply] abel_nf
✖ [10136/10136] Building GroupApproximation.GGT.VanKampen.Estimating.OsinPocketKeptCell (23s)
trace: .> LEAN_PATH=/projects/standard/hsiehph/sauer354/cc_clones/cs-endpoint/.lake/packages/Cli/.lake/build/lib/lean:/projects/standard/hsiehph/sauer354/cc_clones/cs-endpoint/.lake/packages/batteries/.lake/build/lib/lean:/projects/standard/hsiehph/sauer354/cc_clones/cs-endpoint/.lake/packages/Qq/.lake/build/lib/lean:/projects/standard/hsiehph/sauer354/cc_clones/cs-endpoint/.lake/packages/aesop/.lake/build/lib/lean:/projects/standard/hsiehph/sauer354/cc_clones/cs-endpoint/.lake/packages/proofwidgets/.lake/build/lib/lean:/projects/standard/hsiehph/sauer354/cc_clones/cs-endpoint/.lake/packages/importGraph/.lake/build/lib/lean:/projects/standard/hsiehph/sauer354/cc_clones/cs-endpoint/.lake/packages/LeanSearchClient/.lake/build/lib/lean:/projects/standard/hsiehph/sauer354/cc_clones/cs-endpoint/.lake/packages/plausible/.lake/build/lib/lean:/projects/standard/hsiehph/sauer354/cc_clones/cs-endpoint/.lake/packages/mathlib/.lake/build/lib/lean:/projects/standard/hsiehph/sauer354/cc_clones/lix-g/.lake/build/lib/lean /projects/standard/hsiehph/sauer354/.elan/toolchains/leanprover--lean4---v4.32.0/bin/lean -DwarningAsError=true /projects/standard/hsiehph/sauer354/cc_clones/lix-g/GroupApproximation/GGT/VanKampen/Estimating/OsinPocketKeptCell.lean -o /projects/standard/hsiehph/sauer354/cc_clones/lix-g/.lake/build/lib/lean/GroupApproximation/GGT/VanKampen/Estimating/OsinPocketKeptCell.olean -i /projects/standard/hsiehph/sauer354/cc_clones/lix-g/.lake/build/lib/lean/GroupApproximation/GGT/VanKampen/Estimating/OsinPocketKeptCell.ilean -c /projects/standard/hsiehph/sauer354/cc_clones/lix-g/.lake/build/ir/GroupApproximation/GGT/VanKampen/Estimating/OsinPocketKeptCell.c --setup /projects/standard/hsiehph/sauer354/cc_clones/lix-g/.lake/build/ir/GroupApproximation/GGT/VanKampen/Estimating/OsinPocketKeptCell.setup.json --json
error: GroupApproximation/GGT/VanKampen/Estimating/OsinPocketKeptCell.lean:184:63: Unknown identifier `Gap`
error: GroupApproximation/GGT/VanKampen/Estimating/OsinPocketKeptCell.lean:184:68: Unknown identifier `hGap`
info: GroupApproximation/GGT/VanKampen/Estimating/OsinPocketKeptCell.lean:192:14: 'GroupApproximation.GGT.VanKampen.RealizedSectionFamily.targetArc_end_le_start' depends on axioms: [propext,
 Classical.choice,
 Quot.sound]
info: GroupApproximation/GGT/VanKampen/Estimating/OsinPocketKeptCell.lean:193:14: 'GroupApproximation.GGT.VanKampen.GloballyDistinguishedSectionFamily.exists_kept_of_pocketRegion' depends on axioms: [propext,
 Classical.choice,
 Quot.sound]
error: GroupApproximation/GGT/VanKampen/Estimating/OsinPocketKeptCell.lean:194:14: 'GroupApproximation.GGT.VanKampen.GloballyDistinguishedSectionFamily.exists_kept_of_simple' depends on axioms outside the classical allowlist: [sorryAx]
  full closure: [propext, sorryAx, Classical.choice, Quot.sound]
  permitted: [propext, Classical.choice, Quot.sound]
error: Lean exited with code 1
Some required targets logged failures:
- GroupApproximation.GGT.VanKampen.Estimating.OsinPocketKeptCell
error: build failed
EXIT=1
