neighbour 0: 10 hierarchy rules fixed, 5 free: [('T<', 0), ('T<', 1), ('T<', 2), ('X<', 1), ('X<', 2)]
   old free inputs inside the new free set: True
neighbour 1: 4 hierarchy rules fixed, 11 free: [('A>', 1), ('A>', 2), ('P>', 1), ('P>', 2), ('S>', 1), ('S>', 2), ('T<', 1), ('T<', 2), ('X<', 0), ('X<', 1), ('X<', 2)]
   old free inputs inside the new free set: True
neighbour 2: 4 hierarchy rules fixed, 11 free: [('A>', 1), ('A>', 2), ('P>', 1), ('P>', 2), ('S>', 1), ('S>', 2), ('T<', 1), ('T<', 2), ('X<', 0), ('X<', 1), ('X<', 2)]
   old free inputs inside the new free set: True
contexts computed in 1s
planted empty nogood from check P-old
VERDICT UNSAT planted master=z3 leaves=1 clauses=1 sizes={0: 1} 1s
  planted smallest nogood 0 []
VERDICT UNSAT pinned master=z3 leaves=256 clauses=1704 sizes={2: 10, 3: 19, 4: 36, 5: 141, 6: 246, 7: 260, 8: 268, 9: 260, 10: 259, 11: 132, 12: 62, 13: 8, 14: 3} 22s
  pinned smallest nogood 2 [(2, ('S>', 2), (2, 'X<')), (2, ('X<', 0), (1, 'A<'))]
  pinned smallest nogood 2 [(2, ('S>', 2), (2, 'X<')), (2, ('X<', 0), (1, 'A<'))]
  pinned smallest nogood 2 [(2, ('S>', 2), (2, 'X<')), (2, ('X<', 0), (1, 'A<'))]
  pinned smallest nogood 2 [(2, ('S>', 2), (2, 'X<')), (2, ('X<', 0), (1, 'A<'))]
  pinned smallest nogood 2 [(1, ('X<', 0), (1, 'A<')), (2, ('S>', 2), (1, 'X<'))]
  pinned smallest nogood 2 [(1, ('X<', 0), (1, 'A<')), (2, ('S>', 2), (1, 'X<'))]
  pinned smallest nogood 2 [(1, ('S>', 2), (2, 'X<')), (2, ('X<', 0), (1, 'A<'))]
  pinned smallest nogood 2 [(1, ('S>', 2), (2, 'X<')), (2, ('X<', 0), (1, 'A<'))]
  soundness: 8 random completions of learned nogoods, 0 did NOT fail (must be 0)
  main master=z3 leaves=284 clauses=1064 sizes={1: 20, 2: 67, 3: 52, 4: 70, 5: 101, 6: 156, 7: 92, 8: 80, 9: 99, 10: 115, 11: 71, 12: 55, 13: 31, 14: 21, 15: 21, 16: 7, 17: 4, 18: 1, 19: 1} 30s
  main master=z3 leaves=516 clauses=2519 sizes={1: 49, 2: 183, 3: 171, 4: 234, 5: 260, 6: 371, 7: 215, 8: 196, 9: 203, 10: 208, 11: 142, 12: 97, 13: 73, 14: 49, 15: 37, 16: 17, 17: 10, 18: 3, 19: 1} 61s
  main master=z3 leaves=760 clauses=3542 sizes={1: 49, 2: 231, 3: 233, 4: 303, 5: 378, 6: 478, 7: 293, 8: 255, 9: 270, 10: 265, 11: 225, 12: 227, 13: 129, 14: 77, 15: 67, 16: 42, 17: 13, 18: 6, 19: 1} 91s
  main master=z3 leaves=1000 clauses=4798 sizes={1: 51, 2: 290, 3: 323, 4: 423, 5: 528, 6: 713, 7: 461, 8: 353, 9: 336, 10: 331, 11: 276, 12: 291, 13: 176, 14: 98, 15: 72, 16: 50, 17: 15, 18: 9, 19: 2} 121s
  main master=z3 leaves=1256 clauses=5759 sizes={1: 51, 2: 308, 3: 356, 4: 517, 5: 612, 6: 829, 7: 542, 8: 432, 9: 426, 10: 415, 11: 358, 12: 348, 13: 235, 14: 149, 15: 91, 16: 56, 17: 23, 18: 9, 19: 2} 151s
  main master=z3 leaves=1488 clauses=6942 sizes={1: 53, 2: 345, 3: 478, 4: 710, 5: 758, 6: 1003, 7: 686, 8: 524, 9: 489, 10: 459, 11: 391, 12: 392, 13: 266, 14: 168, 15: 106, 16: 62, 17: 36, 18: 13, 19: 3} 181s
  main master=z3 leaves=1752 clauses=7576 sizes={1: 53, 2: 345, 3: 478, 4: 714, 5: 789, 6: 1034, 7: 751, 8: 563, 9: 518, 10: 514, 11: 437, 12: 459, 13: 329, 14: 250, 15: 169, 16: 103, 17: 48, 18: 16, 19: 4, 20: 1, 22: 1} 211s
  main master=z3 leaves=1948 clauses=9076 sizes={1: 53, 2: 373, 3: 580, 4: 874, 5: 981, 6: 1259, 7: 980, 8: 746, 9: 630, 10: 633, 11: 490, 12: 501, 13: 353, 14: 262, 15: 182, 16: 106, 17: 50, 18: 17, 19: 4, 20: 1, 22: 1} 242s
  main master=z3 leaves=2160 clauses=10261 sizes={1: 53, 2: 390, 3: 653, 4: 981, 5: 1087, 6: 1353, 7: 1079, 8: 837, 9: 715, 10: 719, 11: 565, 12: 605, 13: 420, 14: 335, 15: 232, 16: 152, 17: 59, 18: 20, 19: 4, 20: 1, 22: 1} 272s
  main master=z3 leaves=2380 clauses=11287 sizes={1: 53, 2: 401, 3: 678, 4: 1031, 5: 1156, 6: 1436, 7: 1177, 8: 966, 9: 835, 10: 852, 11: 680, 12: 671, 13: 467, 14: 372, 15: 254, 16: 166, 17: 66, 18: 20, 19: 4, 20: 1, 22: 1} 302s
  main master=z3 leaves=2584 clauses=12287 sizes={1: 53, 2: 413, 3: 749, 4: 1162, 5: 1310, 6: 1579, 7: 1312, 8: 1086, 9: 912, 10: 879, 11: 720, 12: 706, 13: 487, 14: 381, 15: 271, 16: 173, 17: 67, 18: 21, 19: 4, 20: 1, 22: 1} 332s
  main master=z3 leaves=2792 clauses=13407 sizes={1: 53, 2: 428, 3: 822, 4: 1269, 5: 1477, 6: 1700, 7: 1441, 8: 1246, 9: 983, 10: 941, 11: 792, 12: 761, 13: 516, 14: 415, 15: 280, 16: 183, 17: 72, 18: 22, 19: 4, 20: 1, 22: 1} 362s
  main master=z3 leaves=3000 clauses=14546 sizes={1: 53, 2: 436, 3: 886, 4: 1352, 5: 1580, 6: 1796, 7: 1584, 8: 1382, 9: 1108, 10: 1026, 11: 845, 12: 824, 13: 590, 14: 448, 15: 308, 16: 195, 17: 93, 18: 33, 19: 5, 20: 1, 22: 1} 393s
  main master=z3 leaves=3212 clauses=15504 sizes={1: 53, 2: 447, 3: 943, 4: 1444, 5: 1678, 6: 1896, 7: 1653, 8: 1463, 9: 1199, 10: 1105, 11: 908, 12: 866, 13: 648, 14: 483, 15: 343, 16: 222, 17: 109, 18: 37, 19: 5, 20: 1, 22: 1} 423s
  main master=z3 leaves=3420 clauses=16472 sizes={1: 53, 2: 451, 3: 963, 4: 1503, 5: 1768, 6: 1992, 7: 1773, 8: 1612, 9: 1316, 10: 1204, 11: 990, 12: 926, 13: 673, 14: 500, 15: 360, 16: 232, 17: 112, 18: 37, 19: 5, 20: 1, 22: 1} 453s
  main master=z3 leaves=3636 clauses=17866 sizes={1: 53, 2: 456, 3: 1027, 4: 1624, 5: 1915, 6: 2177, 7: 1966, 8: 1772, 9: 1447, 10: 1307, 11: 1089, 12: 988, 13: 714, 14: 537, 15: 378, 16: 246, 17: 122, 18: 38, 19: 6, 20: 3, 22: 1} 483s
  main master=z3 leaves=3844 clauses=19140 sizes={1: 53, 2: 458, 3: 1121, 4: 1784, 5: 2147, 6: 2371, 7: 2138, 8: 1878, 9: 1552, 10: 1373, 11: 1135, 12: 1031, 13: 735, 14: 557, 15: 382, 16: 251, 17: 125, 18: 38, 19: 7, 20: 3, 22: 1} 513s
  main master=z3 leaves=4052 clauses=20013 sizes={1: 53, 2: 460, 3: 1161, 4: 1865, 5: 2267, 6: 2506, 7: 2253, 8: 1974, 9: 1647, 10: 1463, 11: 1175, 12: 1055, 13: 751, 14: 569, 15: 386, 16: 254, 17: 125, 18: 38, 19: 7, 20: 3, 22: 1} 544s
  main master=z3 leaves=4260 clauses=21047 sizes={1: 53, 2: 460, 3: 1186, 4: 1943, 5: 2362, 6: 2638, 7: 2396, 8: 2081, 9: 1764, 10: 1543, 11: 1268, 12: 1133, 13: 792, 14: 587, 15: 403, 16: 261, 17: 128, 18: 38, 19: 7, 20: 3, 22: 1} 574s
  main master=z3 leaves=4480 clauses=22129 sizes={1: 53, 2: 462, 3: 1230, 4: 2081, 5: 2494, 6: 2782, 7: 2518, 8: 2184, 9: 1854, 10: 1646, 11: 1332, 12: 1181, 13: 826, 14: 615, 15: 412, 16: 274, 17: 136, 18: 38, 19: 7, 20: 3, 22: 1} 604s
  main master=z3 leaves=4716 clauses=23105 sizes={1: 53, 2: 462, 3: 1249, 4: 2169, 5: 2605, 6: 2878, 7: 2638, 8: 2298, 9: 1953, 10: 1721, 11: 1409, 12: 1239, 13: 872, 14: 649, 15: 429, 16: 286, 17: 145, 18: 39, 19: 7, 20: 3, 22: 1} 635s
  main master=z3 leaves=4912 clauses=23922 sizes={1: 53, 2: 463, 3: 1263, 4: 2248, 5: 2687, 6: 3003, 7: 2696, 8: 2381, 9: 2009, 10: 1802, 11: 1475, 12: 1312, 13: 917, 14: 665, 15: 444, 16: 293, 17: 155, 18: 42, 19: 8, 20: 5, 22: 1} 665s
  main master=z3 leaves=5096 clauses=24901 sizes={1: 53, 2: 463, 3: 1294, 4: 2330, 5: 2797, 6: 3170, 7: 2831, 8: 2489, 9: 2093, 10: 1870, 11: 1541, 12: 1365, 13: 951, 14: 686, 15: 451, 16: 297, 17: 161, 18: 45, 19: 8, 20: 5, 22: 1} 695s
  main master=z3 leaves=5280 clauses=25905 sizes={1: 53, 2: 465, 3: 1331, 4: 2453, 5: 2979, 6: 3386, 7: 2944, 8: 2577, 9: 2150, 10: 1950, 11: 1574, 12: 1404, 13: 969, 14: 697, 15: 453, 16: 299, 17: 161, 18: 46, 19: 8, 20: 5, 22: 1} 725s
  main master=z3 leaves=5472 clauses=26944 sizes={1: 53, 2: 466, 3: 1338, 4: 2500, 5: 3097, 6: 3550, 7: 3113, 8: 2722, 9: 2273, 10: 2045, 11: 1624, 12: 1459, 13: 1000, 14: 715, 15: 463, 16: 304, 17: 161, 18: 47, 19: 8, 20: 5, 22: 1} 755s
  main master=z3 leaves=5676 clauses=28011 sizes={1: 53, 2: 469, 3: 1373, 4: 2597, 5: 3189, 6: 3702, 7: 3278, 8: 2903, 9: 2374, 10: 2140, 11: 1670, 12: 1487, 13: 1024, 14: 737, 15: 474, 16: 312, 17: 164, 18: 49, 19: 9, 20: 6, 22: 1} 785s
  main master=z3 leaves=5844 clauses=29985 sizes={1: 53, 2: 469, 3: 1417, 4: 2751, 5: 3376, 6: 3959, 7: 3547, 8: 3234, 9: 2619, 10: 2364, 11: 1775, 12: 1577, 13: 1058, 14: 754, 15: 489, 16: 313, 17: 165, 18: 49, 19: 9, 20: 6, 22: 1} 815s
  main master=z3 leaves=6016 clauses=30872 sizes={1: 53, 2: 469, 3: 1442, 4: 2798, 5: 3435, 6: 4082, 7: 3639, 8: 3370, 9: 2721, 10: 2422, 11: 1838, 12: 1630, 13: 1100, 14: 787, 15: 503, 16: 337, 17: 174, 18: 56, 19: 9, 20: 6, 22: 1} 846s
  main master=z3 leaves=6184 clauses=32031 sizes={1: 53, 2: 473, 3: 1478, 4: 2914, 5: 3604, 6: 4299, 7: 3787, 8: 3476, 9: 2810, 10: 2493, 11: 1901, 12: 1681, 13: 1151, 14: 799, 15: 516, 16: 344, 17: 178, 18: 58, 19: 9, 20: 6, 22: 1} 876s
  main master=z3 leaves=6360 clauses=32776 sizes={1: 53, 2: 473, 3: 1491, 4: 2931, 5: 3661, 6: 4384, 7: 3878, 8: 3530, 9: 2895, 10: 2565, 11: 1953, 12: 1737, 13: 1197, 14: 837, 15: 544, 16: 376, 17: 190, 18: 63, 19: 11, 20: 6, 22: 1} 906s
  main master=z3 leaves=6528 clauses=34113 sizes={1: 53, 2: 476, 3: 1526, 4: 3068, 5: 3906, 6: 4643, 7: 4087, 8: 3675, 9: 3034, 10: 2640, 11: 1997, 12: 1760, 13: 1207, 14: 841, 15: 547, 16: 381, 17: 190, 18: 64, 19: 11, 20: 6, 22: 1} 936s
  main master=z3 leaves=6700 clauses=35349 sizes={1: 53, 2: 478, 3: 1547, 4: 3155, 5: 4037, 6: 4809, 7: 4223, 8: 3838, 9: 3134, 10: 2766, 11: 2085, 12: 1837, 13: 1245, 14: 897, 15: 572, 16: 394, 17: 195, 18: 66, 19: 11, 20: 6, 22: 1} 966s
  main master=z3 leaves=6864 clauses=35895 sizes={1: 53, 2: 478, 3: 1563, 4: 3176, 5: 4107, 6: 4899, 7: 4325, 8: 3935, 9: 3182, 10: 2797, 11: 2110, 12: 1859, 13: 1257, 14: 902, 15: 576, 16: 397, 17: 195, 18: 66, 19: 11, 20: 6, 22: 1} 997s
  main master=z3 leaves=7032 clauses=36453 sizes={1: 53, 2: 479, 3: 1572, 4: 3202, 5: 4146, 6: 4946, 7: 4396, 8: 4019, 9: 3237, 10: 2852, 11: 2157, 12: 1893, 13: 1296, 14: 928, 15: 590, 16: 407, 17: 196, 18: 66, 19: 11, 20: 6, 22: 1} 1028s
  main master=z3 leaves=7192 clauses=37477 sizes={1: 53, 2: 481, 3: 1625, 4: 3332, 5: 4308, 6: 5083, 7: 4538, 8: 4161, 9: 3327, 10: 2900, 11: 2216, 12: 1915, 13: 1311, 14: 943, 15: 595, 16: 409, 17: 196, 18: 66, 19: 11, 20: 6, 22: 1} 1058s
  main master=z3 leaves=7340 clauses=38367 sizes={1: 53, 2: 482, 3: 1654, 4: 3402, 5: 4424, 6: 5257, 7: 4641, 8: 4265, 9: 3416, 10: 2988, 11: 2252, 12: 1932, 13: 1326, 14: 957, 15: 609, 16: 427, 17: 197, 18: 66, 19: 11, 20: 7, 22: 1} 1088s
VERDICT TIMEOUT main master=z3 leaves=7400 clauses=38775 sizes={1: 53, 2: 482, 3: 1661, 4: 3409, 5: 4468, 6: 5346, 7: 4722, 8: 4329, 9: 3448, 10: 3009, 11: 2268, 12: 1952, 13: 1338, 14: 963, 15: 612, 16: 429, 17: 201, 18: 66, 19: 11, 20: 7, 22: 1} 1100s
  main smallest nogood 1 [(2, ('P>', 2), (1, 'P>'))]
  main smallest nogood 1 [(2, ('P>', 2), (2, 'P>'))]
  main smallest nogood 1 [(2, ('P>', 2), (2, 'P>'))]
  main smallest nogood 1 [(2, ('P>', 2), (1, 'A<'))]
  main smallest nogood 1 [(2, ('P>', 2), (0, 'A>'))]
  main smallest nogood 1 [(1, ('P>', 1), (1, 'P>'))]
  main smallest nogood 1 [(1, ('P>', 1), (1, 'P>'))]
  main smallest nogood 1 [(1, ('P>', 1), (1, 'P>'))]
