    0    A>     0  .  .  .  .  .  .  .  .  .  .  .  .  .  . [.] .  .  .  .  .  .  .  .  .  .  .  .  .  . 
    2    P>     1  .  .  .  .  .  .  .  .  .  .  .  .  .  .  . [.] .  .  .  .  .  .  .  .  .  .  .  .  . 
    4    X<     2  .  .  .  .  .  .  .  .  .  .  .  .  .  .  .  . [.] .  .  .  .  .  .  .  .  .  .  .  . 
    6 YA A<     1  .  .  .  .  .  .  .  .  .  .  .  .  .  .  . [a] .  .  .  .  .  .  .  .  .  .  .  .  . 
    8    P<     0  .  .  .  .  .  .  .  .  .  .  .  .  .  . [.] a  .  .  .  .  .  .  .  .  .  .  .  .  . 
   10    X>    -1  .  .  .  .  .  .  .  .  .  .  .  .  . [.] .  a  .  .  .  .  .  .  .  .  .  .  .  .  . 
   12 Y  A>     0  .  .  .  .  .  .  .  .  .  .  .  .  .  . [a] a  .  .  .  .  .  .  .  .  .  .  .  .  . 
   14    S<     1  .  .  .  .  .  .  .  .  .  .  .  .  .  .  a [a] .  .  .  .  .  .  .  .  .  .  .  .  . 
   16    A<     0  .  .  .  .  .  .  .  .  .  .  .  .  .  . [.] a  .  .  .  .  .  .  .  .  .  .  .  .  . 
   18    P<    -1  .  .  .  .  .  .  .  .  .  .  .  .  . [.] .  a  .  .  .  .  .  .  .  .  .  .  .  .  . 
   20    X>    -2  .  .  .  .  .  .  .  .  .  .  .  . [.] .  .  a  .  .  .  .  .  .  .  .  .  .  .  .  . 
   22 YA A>    -1  .  .  .  .  .  .  .  .  .  .  .  .  . [a] .  a  .  .  .  .  .  .  .  .  .  .  .  .  . 
   24    P>     0  .  .  .  .  .  .  .  .  .  .  .  .  .  a [.] a  .  .  .  .  .  .  .  .  .  .  .  .  . 
   26    T<     1  .  .  .  .  .  .  .  .  .  .  .  .  .  a  . [a] .  .  .  .  .  .  .  .  .  .  .  .  . 
   28 Y  S<     0  .  .  .  .  .  .  .  .  .  .  .  .  .  a [.] a  .  .  .  .  .  .  .  .  .  .  .  .  . 
   30    A<    -1  .  .  .  .  .  .  .  .  .  .  .  .  . [.] .  a  .  .  .  .  .  .  .  .  .  .  .  .  . 
   32    P<    -2  .  .  .  .  .  .  .  .  .  .  .  . [.] .  .  a  .  .  .  .  .  .  .  .  .  .  .  .  . 
   34    X>    -3  .  .  .  .  .  .  .  .  .  .  . [.] .  .  .  a  .  .  .  .  .  .  .  .  .  .  .  .  . 
   36 YA A>    -2  .  .  .  .  .  .  .  .  .  .  .  . [a] .  .  a  .  .  .  .  .  .  .  .  .  .  .  .  . 
   38    P>    -1  .  .  .  .  .  .  .  .  .  .  .  .  a [.] .  a  .  .  .  .  .  .  .  .  .  .  .  .  . 
   40    X<     0  .  .  .  .  .  .  .  .  .  .  .  .  a  . [.] a  .  .  .  .  .  .  .  .  .  .  .  .  . 
   42 Y  A<    -1  .  .  .  .  .  .  .  .  .  .  .  .  a [a] .  a  .  .  .  .  .  .  .  .  .  .  .  .  . 
   44    S>    -2  .  .  .  .  .  .  .  .  .  .  .  . [a] a  .  a  .  .  .  .  .  .  .  .  .  .  .  .  . 
   46    A>    -1  .  .  .  .  .  .  .  .  .  .  .  .  a [.] .  a  .  .  .  .  .  .  .  .  .  .  .  .  . 
   48    P>     0  .  .  .  .  .  .  .  .  .  .  .  .  a  . [.] a  .  .  .  .  .  .  .  .  .  .  .  .  . 
   50    T<     1  .  .  .  .  .  .  .  .  .  .  .  .  a  .  . [a] .  .  .  .  .  .  .  .  .  .  .  .  . 
   52    S<     0  .  .  .  .  .  .  .  .  .  .  .  .  a  . [.] a  .  .  .  .  .  .  .  .  .  .  .  .  . 
   54 YA A<    -1  .  .  .  .  .  .  .  .  .  .  .  .  a [b] .  a  .  .  .  .  .  .  .  .  .  .  .  .  . 
   56    S>    -2  .  .  .  .  .  .  .  .  .  .  .  . [a] b  .  a  .  .  .  .  .  .  .  .  .  .  .  .  . 
   58 Y  S<    -1  .  .  .  .  .  .  .  .  .  .  .  .  a [.] .  a  .  .  .  .  .  .  .  .  .  .  .  .  . 
   60    A<    -2  .  .  .  .  .  .  .  .  .  .  .  . [.] .  .  a  .  .  .  .  .  .  .  .  .  .  .  .  . 
   62    P<    -3  .  .  .  .  .  .  .  .  .  .  . [.] .  .  .  a  .  .  .  .  .  .  .  .  .  .  .  .  . 
   64    X>    -4  .  .  .  .  .  .  .  .  .  . [.] .  .  .  .  a  .  .  .  .  .  .  .  .  .  .  .  .  . 
   66 YA A>    -3  .  .  .  .  .  .  .  .  .  .  . [a] .  .  .  a  .  .  .  .  .  .  .  .  .  .  .  .  . 
   68    P>    -2  .  .  .  .  .  .  .  .  .  .  .  a [.] .  .  a  .  .  .  .  .  .  .  .  .  .  .  .  . 
   70    X<    -1  .  .  .  .  .  .  .  .  .  .  .  a  . [.] .  a  .  .  .  .  .  .  .  .  .  .  .  .  . 
   72 Y  A<    -2  .  .  .  .  .  .  .  .  .  .  .  a [a] .  .  a  .  .  .  .  .  .  .  .  .  .  .  .  . 
   74    S>    -3  .  .  .  .  .  .  .  .  .  .  . [a] a  .  .  a  .  .  .  .  .  .  .  .  .  .  .  .  . 
   76    A>    -2  .  .  .  .  .  .  .  .  .  .  .  a [.] .  .  a  .  .  .  .  .  .  .  .  .  .  .  .  . 
   78    P>    -1  .  .  .  .  .  .  .  .  .  .  .  a  . [.] .  a  .  .  .  .  .  .  .  .  .  .  .  .  . 
   80    X<     0  .  .  .  .  .  .  .  .  .  .  .  a  .  . [.] a  .  .  .  .  .  .  .  .  .  .  .  .  . 
   82 YA A<    -1  .  .  .  .  .  .  .  .  .  .  .  a  . [a] .  a  .  .  .  .  .  .  .  .  .  .  .  .  . 
   84    P<    -2  .  .  .  .  .  .  .  .  .  .  .  a [.] a  .  a  .  .  .  .  .  .  .  .  .  .  .  .  . 
   86    T>    -3  .  .  .  .  .  .  .  .  .  .  . [a] .  a  .  a  .  .  .  .  .  .  .  .  .  .  .  .  . 
   88 Y  S>    -2  .  .  .  .  .  .  .  .  .  .  .  a [.] a  .  a  .  .  .  .  .  .  .  .  .  .  .  .  . 
   90    A>    -1  .  .  .  .  .  .  .  .  .  .  .  a  . [.] .  a  .  .  .  .  .  .  .  .  .  .  .  .  . 
   92    P>     0  .  .  .  .  .  .  .  .  .  .  .  a  .  . [.] a  .  .  .  .  .  .  .  .  .  .  .  .  . 
   94    T<     1  .  .  .  .  .  .  .  .  .  .  .  a  .  .  . [a] .  .  .  .  .  .  .  .  .  .  .  .  . 
   96    S<     0  .  .  .  .  .  .  .  .  .  .  .  a  .  . [.] a  .  .  .  .  .  .  .  .  .  .  .  .  . 
   98 YA A<    -1  .  .  .  .  .  .  .  .  .  .  .  a  . [b] .  a  .  .  .  .  .  .  .  .  .  .  .  .  . 
  100    P<    -2  .  .  .  .  .  .  .  .  .  .  .  a [.] b  .  a  .  .  .  .  .  .  .  .  .  .  .  .  . 
  102    T>    -3  .  .  .  .  .  .  .  .  .  .  . [a] .  b  .  a  .  .  .  .  .  .  .  .  .  .  .  .  . 
  104 Y  S>    -2  .  .  .  .  .  .  .  .  .  .  .  a [.] b  .  a  .  .  .  .  .  .  .  .  .  .  .  .  . 
  106    S<    -1  .  .  .  .  .  .  .  .  .  .  .  a  . [.] .  a  .  .  .  .  .  .  .  .  .  .  .  .  . 
  108 YA A<    -2  .  .  .  .  .  .  .  .  .  .  .  a [b] .  .  a  .  .  .  .  .  .  .  .  .  .  .  .  . 
  110    S>    -3  .  .  .  .  .  .  .  .  .  .  . [a] b  .  .  a  .  .  .  .  .  .  .  .  .  .  .  .  . 
  112 Y  S<    -2  .  .  .  .  .  .  .  .  .  .  .  a [.] .  .  a  .  .  .  .  .  .  .  .  .  .  .  .  . 
  114    A<    -3  .  .  .  .  .  .  .  .  .  .  . [.] .  .  .  a  .  .  .  .  .  .  .  .  .  .  .  .  . 
  116    P<    -4  .  .  .  .  .  .  .  .  .  . [.] .  .  .  .  a  .  .  .  .  .  .  .  .  .  .  .  .  . 
  118    X>    -5  .  .  .  .  .  .  .  .  . [.] .  .  .  .  .  a  .  .  .  .  .  .  .  .  .  .  .  .  . 
  120 YA A>    -4  .  .  .  .  .  .  .  .  .  . [a] .  .  .  .  a  .  .  .  .  .  .  .  .  .  .  .  .  . 
  122    P>    -3  .  .  .  .  .  .  .  .  .  .  a [.] .  .  .  a  .  .  .  .  .  .  .  .  .  .  .  .  . 
  124    X<    -2  .  .  .  .  .  .  .  .  .  .  a  . [.] .  .  a  .  .  .  .  .  .  .  .  .  .  .  .  . 
  126 Y  A<    -3  .  .  .  .  .  .  .  .  .  .  a [a] .  .  .  a  .  .  .  .  .  .  .  .  .  .  .  .  . 
  128    S>    -4  .  .  .  .  .  .  .  .  .  . [a] a  .  .  .  a  .  .  .  .  .  .  .  .  .  .  .  .  . 
  130    A>    -3  .  .  .  .  .  .  .  .  .  .  a [.] .  .  .  a  .  .  .  .  .  .  .  .  .  .  .  .  . 
  132    P>    -2  .  .  .  .  .  .  .  .  .  .  a  . [.] .  .  a  .  .  .  .  .  .  .  .  .  .  .  .  . 
  134    X<    -1  .  .  .  .  .  .  .  .  .  .  a  .  . [.] .  a  .  .  .  .  .  .  .  .  .  .  .  .  . 
  136 YA A<    -2  .  .  .  .  .  .  .  .  .  .  a  . [a] .  .  a  .  .  .  .  .  .  .  .  .  .  .  .  . 
  138    P<    -3  .  .  .  .  .  .  .  .  .  .  a [.] a  .  .  a  .  .  .  .  .  .  .  .  .  .  .  .  . 
  140    T>    -4  .  .  .  .  .  .  .  .  .  . [a] .  a  .  .  a  .  .  .  .  .  .  .  .  .  .  .  .  . 
  142 Y  S>    -3  .  .  .  .  .  .  .  .  .  .  a [.] a  .  .  a  .  .  .  .  .  .  .  .  .  .  .  .  . 
  144    A>    -2  .  .  .  .  .  .  .  .  .  .  a  . [.] .  .  a  .  .  .  .  .  .  .  .  .  .  .  .  . 
  146    P>    -1  .  .  .  .  .  .  .  .  .  .  a  .  . [.] .  a  .  .  .  .  .  .  .  .  .  .  .  .  . 
  148    X<     0  .  .  .  .  .  .  .  .  .  .  a  .  .  . [.] a  .  .  .  .  .  .  .  .  .  .  .  .  . 
  150 YA A<    -1  .  .  .  .  .  .  .  .  .  .  a  .  . [a] .  a  .  .  .  .  .  .  .  .  .  .  .  .  . 
  152    P<    -2  .  .  .  .  .  .  .  .  .  .  a  . [.] a  .  a  .  .  .  .  .  .  .  .  .  .  .  .  . 
  154    X>    -3  .  .  .  .  .  .  .  .  .  .  a [.] .  a  .  a  .  .  .  .  .  .  .  .  .  .  .  .  . 
  156 Y  A>    -2  .  .  .  .  .  .  .  .  .  .  a  . [a] a  .  a  .  .  .  .  .  .  .  .  .  .  .  .  . 
  158    S<    -1  .  .  .  .  .  .  .  .  .  .  a  .  a [a] .  a  .  .  .  .  .  .  .  .  .  .  .  .  . 
  160    A<    -2  .  .  .  .  .  .  .  .  .  .  a  . [.] a  .  a  .  .  .  .  .  .  .  .  .  .  .  .  . 
  162    P<    -3  .  .  .  .  .  .  .  .  .  .  a [.] .  a  .  a  .  .  .  .  .  .  .  .  .  .  .  .  . 
  164    T>    -4  .  .  .  .  .  .  .  .  .  . [a] .  .  a  .  a  .  .  .  .  .  .  .  .  .  .  .  .  . 
  166    S>    -3  .  .  .  .  .  .  .  .  .  .  a [.] .  a  .  a  .  .  .  .  .  .  .  .  .  .  .  .  . 
  168 YA A>    -2  .  .  .  .  .  .  .  .  .  .  a  . [b] a  .  a  .  .  .  .  .  .  .  .  .  .  .  .  . 
  170    S<    -1  .  .  .  .  .  .  .  .  .  .  a  .  b [a] .  a  .  .  .  .  .  .  .  .  .  .  .  .  . 
  172 Y  S>    -2  .  .  .  .  .  .  .  .  .  .  a  . [.] a  .  a  .  .  .  .  .  .  .  .  .  .  .  .  . 
  174    A>    -1  .  .  .  .  .  .  .  .  .  .  a  .  . [.] .  a  .  .  .  .  .  .  .  .  .  .  .  .  . 
  176    P>     0  .  .  .  .  .  .  .  .  .  .  a  .  .  . [.] a  .  .  .  .  .  .  .  .  .  .  .  .  . 
  178    T<     1  .  .  .  .  .  .  .  .  .  .  a  .  .  .  . [a] .  .  .  .  .  .  .  .  .  .  .  .  . 
  180    S<     0  .  .  .  .  .  .  .  .  .  .  a  .  .  . [.] a  .  .  .  .  .  .  .  .  .  .  .  .  . 
  182 YA A<    -1  .  .  .  .  .  .  .  .  .  .  a  .  . [b] .  a  .  .  .  .  .  .  .  .  .  .  .  .  . 
  184    P<    -2  .  .  .  .  .  .  .  .  .  .  a  . [.] b  .  a  .  .  .  .  .  .  .  .  .  .  .  .  . 
  186    X>    -3  .  .  .  .  .  .  .  .  .  .  a [.] .  b  .  a  .  .  .  .  .  .  .  .  .  .  .  .  . 
  188 Y  A>    -2  .  .  .  .  .  .  .  .  .  .  a  . [a] b  .  a  .  .  .  .  .  .  .  .  .  .  .  .  . 
  190    S<    -1  .  .  .  .  .  .  .  .  .  .  a  .  a [b] .  a  .  .  .  .  .  .  .  .  .  .  .  .  . 
  192    A<    -2  .  .  .  .  .  .  .  .  .  .  a  . [.] b  .  a  .  .  .  .  .  .  .  .  .  .  .  .  . 
  194    P<    -3  .  .  .  .  .  .  .  .  .  .  a [.] .  b  .  a  .  .  .  .  .  .  .  .  .  .  .  .  . 
  196    T>    -4  .  .  .  .  .  .  .  .  .  . [a] .  .  b  .  a  .  .  .  .  .  .  .  .  .  .  .  .  . 
  198    S>    -3  .  .  .  .  .  .  .  .  .  .  a [.] .  b  .  a  .  .  .  .  .  .  .  .  .  .  .  .  . 
  200 YA A>    -2  .  .  .  .  .  .  .  .  .  .  a  . [b] b  .  a  .  .  .  .  .  .  .  .  .  .  .  .  . 
  202    S<    -1  .  .  .  .  .  .  .  .  .  .  a  .  b [b] .  a  .  .  .  .  .  .  .  .  .  .  .  .  . 
  204 Y  S>    -2  .  .  .  .  .  .  .  .  .  .  a  . [.] b  .  a  .  .  .  .  .  .  .  .  .  .  .  .  . 
  206    S<    -1  .  .  .  .  .  .  .  .  .  .  a  .  . [.] .  a  .  .  .  .  .  .  .  .  .  .  .  .  . 
  208 YA A<    -2  .  .  .  .  .  .  .  .  .  .  a  . [b] .  .  a  .  .  .  .  .  .  .  .  .  .  .  .  . 
  210    P<    -3  .  .  .  .  .  .  .  .  .  .  a [.] b  .  .  a  .  .  .  .  .  .  .  .  .  .  .  .  . 
  212    T>    -4  .  .  .  .  .  .  .  .  .  . [a] .  b  .  .  a  .  .  .  .  .  .  .  .  .  .  .  .  . 
  214 Y  S>    -3  .  .  .  .  .  .  .  .  .  .  a [.] b  .  .  a  .  .  .  .  .  .  .  .  .  .  .  .  . 
  216    S<    -2  .  .  .  .  .  .  .  .  .  .  a  . [.] .  .  a  .  .  .  .  .  .  .  .  .  .  .  .  . 
  218 YA A<    -3  .  .  .  .  .  .  .  .  .  .  a [b] .  .  .  a  .  .  .  .  .  .  .  .  .  .  .  .  . 
  220    S>    -4  .  .  .  .  .  .  .  .  .  . [a] b  .  .  .  a  .  .  .  .  .  .  .  .  .  .  .  .  . 
  222 Y  S<    -3  .  .  .  .  .  .  .  .  .  .  a [.] .  .  .  a  .  .  .  .  .  .  .  .  .  .  .  .  . 
  224    A<    -4  .  .  .  .  .  .  .  .  .  . [.] .  .  .  .  a  .  .  .  .  .  .  .  .  .  .  .  .  . 
  226    P<    -5  .  .  .  .  .  .  .  .  . [.] .  .  .  .  .  a  .  .  .  .  .  .  .  .  .  .  .  .  . 
  228    X>    -6  .  .  .  .  .  .  .  . [.] .  .  .  .  .  .  a  .  .  .  .  .  .  .  .  .  .  .  .  . 
  230 YA A>    -5  .  .  .  .  .  .  .  .  . [a] .  .  .  .  .  a  .  .  .  .  .  .  .  .  .  .  .  .  . 
  232    P>    -4  .  .  .  .  .  .  .  .  .  a [.] .  .  .  .  a  .  .  .  .  .  .  .  .  .  .  .  .  . 
  234    X<    -3  .  .  .  .  .  .  .  .  .  a  . [.] .  .  .  a  .  .  .  .  .  .  .  .  .  .  .  .  . 
  236 Y  A<    -4  .  .  .  .  .  .  .  .  .  a [a] .  .  .  .  a  .  .  .  .  .  .  .  .  .  .  .  .  . 
  238    S>    -5  .  .  .  .  .  .  .  .  . [a] a  .  .  .  .  a  .  .  .  .  .  .  .  .  .  .  .  .  . 
