4 2 74 char5 [(0, 0, 0), (0, 1, 1), (1, 1, 0), (1, 2, 1), (2, 0, 1), (2, 3, 0), (3, 3, 1)] 0 1 YxyXyxyXYYxyXYxyxYXyXYYYYxyXyxyXYYxyXyxyXYYxyXyxyXYYxyXYxyyxyXYXYxYYXyxyXY
4 2 72 Qbar [(0, 0, 0), (0, 1, 1), (1, 1, 0), (1, 2, 1), (2, 0, 1), (2, 3, 0), (3, 3, 1)] 2 1 yxyXYYxyXYxyxYXYYYxyXyxyXYYxyXyxyXYYxyXyxyXYXYxyXyxyXYXYxYYXyxyXYYxyXYxy
4 2 60 char3 [(0, 0, 0), (0, 1, 1), (1, 1, 0), (1, 2, 1), (2, 0, 1), (2, 3, 0), (3, 3, 1)] 0 1 YYYYYYYxyXyxyyyXYxyyyXyxyyyXYxYXYYYxYYXYYYxYXyxYxyXyyyxyyXyX
4 2 40 char5 [(0, 0, 0), (0, 1, 1), (1, 1, 0), (1, 2, 1), (2, 0, 1), (2, 3, 0), (3, 3, 1)] 2 1 yxyyyyyyXYxYXYYYYYYxyyyyXYYYxYXYYYxyXyyy
4 3/2 74 char3 [(0, 0, 0), (0, 1, 1), (1, 1, 0), (1, 2, 1), (2, 0, 1), (2, 3, 0), (3, 3, 1)] 2 0 YYYxyXyxyyyyyyXYxyyXYYYYYYYYYxyXyxyyyXYxYXYYYxyyyyXYxyyxYYYXYYXyyxyyyXYxYX
4 2 70 Qbar [(0, 0, 0), (0, 1, 1), (1, 1, 0), (1, 2, 1), (2, 0, 1), (3, 2, 0), (3, 3, 1)] 0 1 YXyxyXyxYYXyxyXyxYYXYYxyXyxYYXyxyXyxYYXyxyXyxYxYXyxYXXyXYxYYYXyxyXyxYx
4 2 60 char5 [(0, 0, 0), (0, 1, 1), (1, 1, 0), (1, 2, 1), (2, 0, 1), (3, 2, 0), (3, 3, 1)] 0 1 YXyxyXyyyxYXYxYYYYYYYYYXyyyyxyXyyyxYXYxyyXYxYXYxyXYXyxyXyxYx
4 2 38 char7 [(0, 0, 0), (0, 1, 1), (1, 1, 0), (1, 2, 1), (2, 0, 1), (3, 2, 0), (3, 3, 1)] 0 1 YXyxyXyyyxYXYxYYYXyyyyxyXyyyxYXYxYYYYY
4 3/2 76 char7 [(0, 0, 0), (0, 1, 1), (1, 1, 0), (1, 2, 1), (2, 0, 1), (3, 2, 0), (3, 3, 1)] 0 1 YXyyyxYYYXyxyXyyyxYXYxYYYXyxyXyyyxYXYxYYYYYYXyyyxYYYXyxyXyyyxYXyyxyyyXYYYxYY
4 2 40 char3 [(0, 0, 0), (0, 1, 1), (1, 0, 1), (1, 2, 0), (2, 3, 1), (3, 2, 1), (3, 3, 0)] 1 0 xYxyyXYXYYxyxyyXYXYxyxYYYXYXyyxyxyyyXYXY
4 2 34 char3 [(0, 0, 0), (0, 1, 1), (1, 0, 1), (1, 2, 0), (2, 3, 1), (3, 2, 1), (3, 3, 0)] 2 0 YxyyXYXYYxyxyyyXYXyxYxYYXyXYxyxyXY
4 2 68 char3 [(0, 0, 0), (0, 1, 1), (1, 0, 1), (1, 2, 0), (2, 3, 1), (3, 2, 1), (3, 3, 0)] 0 1 YxyxyXyXYxyxyXyXyxyyXYxyxYXYXYYYxyxYXYXYxyxYXYXyxyxYYXYXyxyxyyyXYXYY
4 3/2 54 char5 [(0, 0, 0), (0, 1, 1), (1, 0, 1), (1, 2, 0), (2, 3, 1), (3, 2, 1), (3, 3, 0)] 2 3 yyyXYXYYxyxyyXYYYXYYxyyyxyXYXyxyxyXyXyxYYXYxYxYXYXYxyx
4 3/2 54 char5 [(0, 0, 0), (0, 1, 1), (1, 0, 1), (1, 2, 0), (2, 3, 1), (3, 2, 1), (3, 3, 0)] 3 2 yyXYXYYxYxyyXYXYYxyxyXYXyxyyXYxyxYXYYYXyyxyxyyXYXYYxyx
4 4/3 78 char7 [(0, 0, 0), (0, 1, 1), (1, 0, 1), (1, 2, 0), (2, 3, 1), (3, 2, 1), (3, 3, 0)] 2 0 YYXYYxyxyyyyyyXYXYYxyxyyXYXYYxyxYYXYXyyxyxyXYXyxyxyXyXYxyxyyXYXYxYxYXYXYxyxYXY
4 2 32 char3 [(0, 0, 0), (0, 1, 1), (1, 0, 1), (1, 2, 0), (2, 1, 0), (2, 3, 1), (3, 2, 1)] 0 1 YYYYxyyXyxyyXYYYxyyXyxYYxxyyXXXY
4 2 48 char3 [(0, 0, 0), (0, 1, 1), (1, 0, 1), (1, 2, 0), (2, 1, 0), (2, 3, 1), (3, 2, 1)] 0 1 YYYYxyyXYxyyXYxyyyyXyxYYXyyxYYXYxYYXyxyyXYYxyyXY
4 3/2 44 char5 [(0, 0, 0), (0, 1, 1), (1, 0, 1), (1, 2, 0), (2, 1, 0), (2, 3, 1), (3, 2, 1)] 0 1 xyyyyXYYYYYYxyyXYxyyyyXYYxxyyXXYYxYYxYYXyyXy
4 3/2 50 char5 [(0, 0, 0), (0, 1, 1), (1, 0, 1), (1, 2, 0), (2, 1, 0), (2, 3, 1), (3, 2, 1)] 0 1 yxyyXYYYYYYYYYxyyyyXyxyyXYxyyXYxYYxYxYYXyXyyXYxyyX
4 2 42 char5 [(0, 0, 0), (0, 1, 1), (1, 2, 0), (1, 2, 1), (2, 1, 0), (2, 3, 1), (3, 0, 1)] 0 1 yXXXYxxyXYxxyxYxxyXXyyyyxYxyyxyXXYYYYYXYYX
4 2 16 char3 [(0, 0, 0), (0, 1, 1), (1, 2, 0), (1, 2, 1), (2, 1, 0), (2, 3, 1), (3, 0, 1)] 0 1 yXXXYxxxxyXXXYxx
4 3/2 28 char3 [(0, 0, 0), (0, 1, 1), (1, 2, 0), (1, 2, 1), (2, 1, 0), (2, 3, 1), (3, 0, 1)] 1 2 XXXXYxxyXXXYxxxxyXYxxyXYxxyX
4 3/2 60 char3 [(0, 0, 0), (0, 1, 1), (1, 2, 0), (1, 2, 1), (2, 1, 0), (2, 3, 1), (3, 0, 1)] 0 1 xxyXXYxxyxYxxyXXYxxyXXXXXXYxxyyyyyXYXXyxYxxyXYxxyxYYYYYXXyXY
4 2 42 char3 [(0, 0, 0), (0, 1, 1), (1, 2, 0), (1, 3, 1), (2, 1, 0), (2, 2, 1), (3, 0, 1)] 0 1 YYYYYYYYYxyxyyyXyyyyyyXYxYYYXyxxYxyyyXyXYX
4 2 28 char3 [(0, 0, 0), (0, 1, 1), (1, 2, 0), (1, 3, 1), (2, 1, 0), (2, 2, 1), (3, 0, 1)] 0 2 yyyXYYYxyyyXYYYxyxyyyXYxYYYX
4 2 28 char3 [(0, 0, 0), (0, 1, 1), (1, 2, 0), (1, 3, 1), (2, 1, 0), (2, 2, 1), (3, 0, 1)] 0 2 yXXXYxxyXYxxyxYxxyXYxxyXXYXX
4 2 60 char3 [(0, 0, 0), (0, 1, 1), (1, 2, 0), (1, 3, 1), (2, 1, 0), (2, 2, 1), (3, 0, 1)] 1 2 XYxxyXYxxyxYxxyXXYXXyXXXYxxyxYxxxYYYXYYXYXXyxYxxyyyxyyyXXXyX
4 3/2 38 char3 [(0, 0, 0), (0, 1, 1), (1, 2, 0), (1, 3, 1), (2, 1, 0), (2, 2, 1), (3, 0, 1)] 0 1 xyyyXYYYYYYYYYxyxyyyyyyXyyXYYYxyyyXYYY
4 3/2 80 char5 [(0, 0, 0), (0, 1, 1), (1, 2, 0), (1, 3, 1), (2, 1, 0), (2, 2, 1), (3, 0, 1)] 0 1 xyyyyyyXYYYYYYYYYxyxyyyXYXYYYxyxyyyXyyXYYYxyxyyyXYYYYXyyyxyxyyyXyyyxYYYYYYXYXYYY
4 3/2 42 char5 [(0, 0, 0), (0, 1, 1), (1, 2, 0), (1, 3, 1), (2, 1, 0), (2, 2, 1), (3, 0, 1)] 1 2 XXXXXXYxxxxyXYxxyXXYxxxxyXyyyxYYYXYYYxyyyX
4 3/2 54 char3 [(0, 0, 0), (0, 1, 1), (1, 2, 0), (1, 3, 1), (2, 1, 0), (2, 2, 1), (3, 0, 1)] 0 2 yXXYxxyxYxxyXXXXXXXYxxyXYxxxxxyyyXyXyyxxYYxYxYYYXyXYXX
4 2 18 char3 [(0, 0, 0), (0, 1, 1), (1, 2, 1), (2, 3, 0), (2, 3, 1), (3, 0, 1), (3, 2, 0)] 2 3 XyxxYXyxxYXXyxxYXX
4 2 52 char3 [(0, 0, 0), (0, 1, 1), (1, 2, 1), (2, 3, 0), (2, 3, 1), (3, 0, 1), (3, 2, 0)] 3 0 YXyxxYXXXXXyxxxxxyyXYXyXYYYYXYxyxyyxYXXyxyyXYxxyxYYX
4 3/2 30 char3 [(0, 0, 0), (0, 1, 1), (1, 2, 1), (2, 3, 0), (2, 3, 1), (3, 0, 1), (3, 2, 0)] 2 3 XyxxYXyxxxxYXXXXXXXXyxxYxyxxYX
4 3/2 26 char3 [(0, 0, 0), (0, 1, 1), (1, 2, 1), (2, 3, 0), (2, 3, 1), (3, 0, 1), (3, 2, 0)] 3 0 YXXXyxxYXXXXXXyxxYXyxxxxxx
4 2 26 char3 [(0, 0, 0), (0, 1, 1), (1, 2, 1), (2, 0, 1), (2, 3, 0), (3, 2, 0), (3, 3, 1)] 0 1 YYYYxYxyyyXyyyxyyyXyXYYYYY
4 2 76 char3 [(0, 0, 0), (0, 1, 1), (1, 2, 1), (2, 0, 1), (2, 3, 0), (3, 2, 0), (3, 3, 1)] 2 0 YYYYYYxYxyyyXyyyxyyyXyXYYYXYxyXYYYXYXyxxYxyxyyyxYXyXYYYxyyxxxxYYXyyyxYXXXXyX
4 2 42 char3 [(0, 0, 0), (0, 1, 1), (1, 2, 1), (2, 0, 1), (2, 3, 0), (3, 2, 0), (3, 3, 1)] 3 0 xxYXXyxxYXXXyxxYxxyXXYXXyxyyyxYXXyxYYYXYxy
4 2 48 char3 [(0, 0, 0), (0, 1, 1), (1, 2, 1), (2, 0, 1), (2, 3, 0), (3, 2, 0), (3, 3, 1)] 2 0 xxxYxyxxYXyxxYXXXXXyxYYYXYXyXYYYxYxyxyyyXYXyXyyy
4 3/2 64 char5 [(0, 0, 0), (0, 1, 1), (1, 2, 1), (2, 0, 1), (2, 3, 0), (3, 2, 0), (3, 3, 1)] 2 0 YYYxyyxyyyXyXYYYYYYxyyxyyyyyyXyXYYYYYYxYxyxyyyXYXyyyxyxYYYXYXYYX
4 3/2 46 char5 [(0, 0, 0), (0, 1, 1), (1, 2, 1), (2, 0, 1), (2, 3, 0), (3, 2, 0), (3, 3, 1)] 2 0 xxxxxYxyxxYXXXXXXXyxxYXyxxYXXXXXyXYYYxYxxyXyyy
4 3/2 42 char3 [(0, 0, 0), (0, 1, 1), (1, 2, 1), (2, 0, 1), (2, 3, 0), (3, 2, 0), (3, 3, 1)] 2 0 xxxxxxxYXXXXXXXXXyxxxxyyXyXYYYxYxYYYXyXyyy
4 2 24 char3 [(0, 0, 0), (0, 1, 1), (1, 0, 1), (1, 2, 0), (2, 2, 1), (2, 3, 0), (3, 3, 1)] 1 0 yyxxyyXYxYYYXYxyyXyxYXYX
4 2 48 char3 [(0, 0, 0), (0, 1, 1), (1, 0, 1), (1, 2, 0), (2, 2, 1), (2, 3, 0), (3, 3, 1)] 0 2 yyyyXyxyyXYYYYYYYxyxYXYxyyXYYXYYxxYYXyxyXYXyyxyy
4 2 76 char5 [(0, 0, 0), (0, 1, 1), (1, 0, 1), (1, 2, 0), (2, 2, 1), (2, 3, 0), (3, 3, 1)] 1 0 YxyyXYYYxyyXYxxYYXXYxyxyXYXyxxyyXyyXyxyxYXYXYxyxYXYXYxyxYXYXYxyxyXYXyxyxyXYX
4 3/2 68 char3 [(0, 0, 0), (0, 1, 1), (1, 0, 1), (1, 2, 0), (2, 2, 1), (2, 3, 0), (3, 3, 1)] 0 1 YYxyyXyxyyXYxyyXYYYYYYYxyyXYxyyyyyyXyxxYYXXYxxYYXYYxyyXXyxxyyXXYxYYX
4 2 50 char3 [(0, 0, 0), (0, 1, 1), (1, 0, 1), (1, 2, 0), (2, 3, 0), (2, 3, 1), (3, 2, 1)] 0 1 YxxyxyyyyXYXYYXYxYYXyxxyxyyXyyxYYXYXXYxyyXyxxYYXXY
4 2 20 char3 [(0, 0, 0), (0, 1, 1), (1, 0, 1), (1, 2, 0), (2, 3, 0), (2, 3, 1), (3, 2, 1)] 2 0 xyxyyyyXYXYYYYXYYxyy
4 2 70 char3 [(0, 0, 0), (0, 1, 1), (1, 0, 1), (1, 2, 0), (2, 3, 0), (2, 3, 1), (3, 2, 1)] 2 0 yyxyxyXyyxYXYXXYYYYYYxxyxyXyyxYXYYxyyyXyXXyxxyxYYXyyxyyXYXXYxxYxYYYXYX
4 2 78 char3 [(0, 0, 0), (0, 1, 1), (1, 0, 1), (1, 2, 0), (2, 3, 0), (2, 3, 1), (3, 2, 1)] 1 0 xxyxyXyyxYXYXXYYxyyxyxyXyyxYXYXXYYYYxxyxyXyyxYYXYYxyXYXXYxxYxYXYXXyyxxyxyXyXXY
4 2 34 char3 [(0, 0, 0), (0, 1, 1), (1, 0, 1), (1, 2, 0), (2, 3, 0), (2, 3, 1), (3, 2, 1)] 0 1 xyyXyxyyXYxyyXYYYYYxYYxyyXyyxYYXXY
4 3/2 28 char5 [(0, 0, 0), (0, 1, 1), (1, 0, 1), (1, 2, 0), (2, 3, 0), (2, 3, 1), (3, 2, 1)] 1 0 xxyxyyXYXXYYxxyxyyyyXYXYYXYY
4 3/2 48 char5 [(0, 0, 0), (0, 1, 1), (1, 0, 1), (1, 2, 0), (2, 3, 0), (2, 3, 1), (3, 2, 1)] 0 1 yxxyxyyXYXXYYxYYXYYxxyxyyyyXYXyyXYxyyXyxYYXYxYYX
4 3/2 58 char5 [(0, 0, 0), (0, 1, 1), (1, 0, 1), (1, 2, 0), (2, 3, 0), (2, 3, 1), (3, 2, 1)] 0 1 YYxyyXyxyyXYYxyyXYxyyXYYYYxyyXYYYYxxYYXXyyyxxyxyXyyxYXYXXY
4 3/2 72 char5 [(0, 0, 0), (0, 1, 1), (1, 0, 1), (1, 2, 0), (2, 3, 0), (2, 3, 1), (3, 2, 1)] 0 1 yxyyXYxyyyyXYYxyyXYYYYYxyyXYYYxYYXyxxyyXXYYxxyxYYXYYYXXYxyyXyxxyxyyXYXXy
4 4/3 78 char7 [(0, 0, 0), (0, 1, 1), (1, 0, 1), (1, 2, 0), (2, 3, 0), (2, 3, 1), (3, 2, 1)] 0 1 YxxyxyyXYXXYYxxyxyyyyyyXYXYYXYYYYYxxYxYXYYxyXyXXyxxyxyXyXXyyyxxyyXXYxxYxYXYXXY
4 2 72 char5 [(0, 0, 0), (0, 1, 1), (1, 2, 0), (1, 3, 1), (2, 0, 1), (2, 3, 0), (3, 2, 1)] 0 1 YYXyXyxYYYYXyyXYYxyyxyxYYYYXyyXYYxyyxyxYXyXXYYXYXyxyxyxyxYXYXyxxYxyxyyXX
4 2 32 char5 [(0, 0, 0), (0, 1, 1), (1, 2, 0), (1, 3, 1), (2, 0, 1), (2, 3, 0), (3, 2, 1)] 0 1 YXYxYxyxyyyxyXYYXyyxyxYxyXYXYXYX
4 2 56 char5 [(0, 0, 0), (0, 1, 1), (1, 2, 0), (1, 3, 1), (2, 0, 1), (2, 3, 0), (3, 2, 1)] 0 1 YxyxyyxxYxyXYXYXYxyxyXYXYXYYXyyxyXYXyyXYYxyyxYYYxYXyyxyX
4 2 44 char7 [(0, 0, 0), (0, 1, 1), (1, 2, 0), (1, 3, 1), (2, 2, 1), (2, 3, 0), (3, 0, 1)] 1 2 yXYYXyXYxYYxyxyyyyxyxyxyxYYYXXYXyxyXYXXYYYxy
4 2 48 char5 [(0, 0, 0), (0, 1, 1), (1, 2, 0), (1, 2, 1), (2, 3, 1), (3, 0, 1), (3, 1, 0)] 0 1 xyxYXyXyXyxyxYXyXyXYYYYxyXyXXyXyXYYYYxxyxYYxxyxY
4 2 62 char5 [(0, 0, 0), (0, 1, 1), (1, 2, 0), (1, 2, 1), (2, 3, 1), (3, 0, 1), (3, 1, 0)] 0 1 xyxYxyxYxyxYXYYYXyXyXyxyxYXyXYYYYxyXyXyXyXXyXyXyxYYYxYxyyXYxYx
4 2 42 char3 [(0, 0, 0), (0, 1, 1), (1, 0, 1), (1, 2, 0), (2, 2, 1), (3, 1, 0), (3, 3, 1)] 0 3 yyxYXyyxYYYYYYYXyyxyXyxyXXyyxxYXYxYXYYxyyX
4 2 66 char3 [(0, 0, 0), (0, 1, 1), (1, 0, 1), (1, 2, 0), (2, 2, 1), (3, 1, 0), (3, 3, 1)] 0 1 XyyxYXyyxYYYXyyxYYXyxyyXYxxYXYxxYXYxxyXYxYXyxyXXyxyXXyxYYXYxyXyxYX
4 3/2 28 char3 [(0, 0, 0), (0, 1, 1), (1, 0, 1), (1, 2, 0), (2, 2, 1), (3, 1, 0), (3, 3, 1)] 0 1 XyyyyxYXyyxYYYXyyxYXyyxYYYYY
4 3/2 68 char3 [(0, 0, 0), (0, 1, 1), (1, 0, 1), (1, 2, 0), (2, 2, 1), (3, 1, 0), (3, 3, 1)] 0 1 YYYXyyxYYYYYXyyyyxYXyyxYXyyxxyXYxYXyxyyXYxYXyxyXyyXyxYYXYxyXyxYYXYxY
4 2 34 char3 [(0, 0, 0), (0, 1, 1), (1, 0, 1), (1, 2, 0), (2, 3, 1), (3, 1, 0), (3, 2, 1)] 0 1 XyXyyxYxYYxyxYxYxyxYxYXyXyXYXyXyXY
4 2 48 char3 [(0, 0, 0), (0, 1, 1), (1, 0, 1), (1, 2, 0), (2, 3, 1), (3, 1, 0), (3, 2, 1)] 1 2 XyXYYYXyXyyxYxxyxYxYxyxYxYXyXyXXyyxYXyyxyXYYxYXY
4 2 70 char5 [(0, 0, 0), (0, 1, 1), (1, 0, 1), (1, 2, 0), (2, 3, 1), (3, 1, 0), (3, 2, 1)] 0 1 yXyyxYYYXyXyXYxyxYxYxyxYxYXyXyXYxYxYxYXyXYYxYxyXyXYXyXyXyyxYxYXyXyyxYx
4 2 50 char3 [(0, 0, 0), (0, 1, 1), (1, 0, 1), (1, 2, 0), (2, 3, 1), (3, 1, 0), (3, 2, 1)] 0 1 xyxYxYxyxYxYXyXyXYXyXyXYYXyyxYXyXyXXYYxxYxYxyXyyxY
4 3/2 50 char5 [(0, 0, 0), (0, 1, 1), (1, 0, 1), (1, 2, 0), (2, 3, 1), (3, 1, 0), (3, 2, 1)] 3 1 yXYxyxYxYxyxYxYXyXyXYxyxYxYYYXyXyyxYxYYXyXyXYXyXyy
4 3/2 48 char5 [(0, 0, 0), (0, 1, 1), (1, 0, 1), (1, 2, 0), (2, 3, 1), (3, 1, 0), (3, 2, 1)] 0 1 xyxYxYxyxYxYYYXyXyXYXyXyXYYXyyxYXyXyXXyyxYxyxYxY
4 2 56 char5 [(0, 0, 0), (0, 1, 1), (1, 2, 0), (1, 3, 1), (2, 0, 1), (3, 1, 0), (3, 2, 1)] 1 2 YxyyyXYXYXXYYxYXyxyxxyyxYxxyyyyXYXyxYYXYxyyyyXYXYYYYYXyx
4 2 52 char3 [(0, 0, 0), (0, 1, 1), (1, 2, 0), (1, 3, 1), (2, 0, 1), (3, 1, 0), (3, 2, 1)] 3 1 xyxYXyxYxxyyyyXXYYxYXXYYxyyyXYXyxYxYXYXYXYXyyyyxyxYY
4 2 34 char5 [(0, 0, 0), (0, 1, 1), (1, 2, 1), (2, 0, 1), (2, 3, 0), (3, 1, 0), (3, 3, 1)] 1 3 yyxYYYYYYYYYYxYxyyxYxyyyXyXyXyXyXy
4 2 54 char7 [(0, 0, 0), (0, 1, 1), (1, 2, 1), (2, 0, 1), (2, 3, 0), (3, 1, 0), (3, 3, 1)] 2 0 YYXyXyXyXyyyxYxyyyXYYYxYxyyxYYYYxYxyyxYxYYYXyXYYXyyyyX
4 2 72 char5 [(0, 0, 0), (0, 1, 1), (1, 2, 1), (2, 0, 1), (2, 3, 0), (3, 1, 0), (3, 3, 1)] 0 3 yXyXyXyyxYXYYYxyyyXyXyyxYxYxxYxxYxyXyXYYYYYYxyXYXyXYYXYYXyXyyyxYxyxYYxyy
4 2 70 char3 [(0, 0, 0), (0, 1, 1), (1, 2, 1), (2, 0, 1), (2, 3, 0), (3, 1, 0), (3, 3, 1)] 0 1 XyXyXYYXyXyyyyXYYXyyxYYxyxYXYYYxxYxxYxxYxyyxYxyyyXXyXyXyyXYYxYxxYYYXXy
4 2 28 char3 [(0, 0, 0), (0, 1, 1), (1, 2, 1), (2, 0, 1), (2, 1, 0), (3, 2, 0), (3, 3, 1)] 0 1 YXyyyxYYXXyyyxxYYYXXyyyxxYYY
4 2 70 char7 [(0, 0, 0), (0, 1, 1), (1, 2, 1), (2, 0, 1), (2, 1, 0), (3, 2, 0), (3, 3, 1)] 0 1 YYYXXyyyxxYXyyyxYYYYYXXyyyxxYXYxYXXYxyxYxyXyxyXYXyxyXXyyyxyXYXYYYxyxYx
4 3/2 44 char5 [(0, 0, 0), (0, 1, 1), (1, 2, 1), (2, 0, 1), (2, 1, 0), (3, 2, 0), (3, 3, 1)] 2 0 YYYYYYYYXXyyyxxYYYYYYYXyyyxyXXyyyyyyxxYXyyyx
4 2 24 char3 [(0, 0, 0), (0, 1, 1), (1, 0, 1), (2, 1, 0), (2, 2, 1), (3, 2, 0), (3, 3, 1)] 0 2 xYYYYXyXyxYXYYxyyyyyXyxY
4 2 44 char3 [(0, 0, 0), (0, 1, 1), (1, 0, 1), (2, 1, 0), (2, 2, 1), (3, 2, 0), (3, 3, 1)] 0 1 XyyyXyxYXYYxyyyXyxYxYYYXyXyxYXYYxyXYxYXyyxxY
4 2 32 char3 [(0, 0, 0), (0, 1, 1), (1, 0, 1), (2, 1, 0), (2, 2, 1), (3, 2, 0), (3, 3, 1)] 0 1 YYYXyyxYYYXyyyyxyXyyXYYxYYXyyxxY
4 2 20 char3 [(0, 0, 0), (0, 1, 1), (1, 0, 1), (2, 1, 0), (2, 2, 1), (3, 2, 0), (3, 3, 1)] 0 1 YYYYXyyxyXyyxYXyyxYY
4 2 48 char5 [(0, 0, 0), (0, 1, 1), (1, 0, 1), (2, 1, 0), (2, 2, 1), (3, 2, 0), (3, 3, 1)] 0 2 XyyxxyXXyyxxYYYXXyyxxYYYXyXYxYxYXyyxyXyXyxYxYXYY
4 2 24 char3 [(0, 0, 0), (0, 1, 1), (1, 0, 1), (2, 1, 0), (2, 2, 1), (3, 2, 0), (3, 3, 1)] 1 0 XXyyxxYXXyyxxYYXXyyxxYYY
4 2 22 char3 [(0, 0, 0), (0, 1, 1), (1, 0, 1), (2, 1, 0), (2, 2, 1), (3, 2, 0), (3, 3, 1)] 0 1 YXyXyyxYxYYYXYYXyyyyxx
4 2 34 ZUNIT [(0, 0, 0), (0, 1, 1), (1, 0, 1), (2, 1, 0), (2, 2, 1), (3, 2, 0), (3, 3, 1)] 0 1 yXyXyxYxYXXyyxxYXyXyxYxYYYXXyyxYYx
4 3/2 38 char3 [(0, 0, 0), (0, 1, 1), (1, 0, 1), (2, 1, 0), (2, 2, 1), (3, 2, 0), (3, 3, 1)] 1 2 yyyxYYXyXyyxYXYYxyXyxyxYYXXYYxxYYXyXyx
4 3/2 40 char5 [(0, 0, 0), (0, 1, 1), (1, 0, 1), (2, 1, 0), (2, 2, 1), (3, 2, 0), (3, 3, 1)] 1 2 yxYYXXYYxyyyXyxYxYYXXYYxyXyxYxYYXyyyXyyx
4 3/2 50 char3 [(0, 0, 0), (0, 1, 1), (1, 0, 1), (2, 1, 0), (2, 2, 1), (3, 2, 0), (3, 3, 1)] 0 1 yXyyxYYYYYXyyyyxYYXyyxYXyyxYYYYYXXYYxyyXyyxxyyXYYx
4 3/2 70 char5 [(0, 0, 0), (0, 1, 1), (1, 0, 1), (2, 1, 0), (2, 2, 1), (3, 2, 0), (3, 3, 1)] 0 1 YXXyyxxYXXyyxxYYYYYYXXyyyyxxyXXyyxxYYYXYYxyXyyxYXyXyxYxyXYYxYXyyyXYxYx
4 3/2 56 char5 [(0, 0, 0), (0, 1, 1), (1, 0, 1), (2, 1, 0), (2, 2, 1), (3, 2, 0), (3, 3, 1)] 0 1 XXyyxxYXXyyxxYYYYYXXyyxxYYXXyyxxyXXyyxxYYXXyyxYYXYYxyyxY
4 3/2 44 char3 [(0, 0, 0), (0, 1, 1), (1, 0, 1), (2, 1, 0), (2, 2, 1), (3, 2, 0), (3, 3, 1)] 0 1 XXyyyyxxYYXXyyxYYxyXyXyxYxYYXyXyyyxYxYXYYxYY
4 3/2 50 char3 [(0, 0, 0), (0, 1, 1), (1, 0, 1), (2, 1, 0), (2, 2, 1), (3, 2, 0), (3, 3, 1)] 0 1 yXyXyxYxYXYYXyyxxYXyXyyxYxYXYYxYYYXyXyxYxYXXyyyyxx
4 2 40 char3 [(0, 0, 0), (0, 1, 1), (1, 0, 1), (2, 1, 0), (2, 3, 1), (3, 2, 0), (3, 2, 1)] 3 2 yxYxyyxYYYYXXyXyyyxyxYYXYYYXYYxyyyxyyXYX
4 2 16 char3 [(0, 0, 0), (0, 1, 1), (1, 0, 1), (2, 1, 0), (2, 3, 1), (3, 2, 0), (3, 2, 1)] 0 1 YYXyyXyXyyxYxxYY
4 2 50 char3 [(0, 0, 0), (0, 1, 1), (1, 0, 1), (2, 1, 0), (2, 3, 1), (3, 2, 0), (3, 2, 1)] 0 2 yyxYYYYXXyXyxyyXYxYxxYYXXyXyxyxYYxYXyyxyXyyXYXYxYx
4 2 26 char3 [(0, 0, 0), (0, 1, 1), (1, 0, 1), (2, 1, 0), (2, 3, 1), (3, 2, 0), (3, 2, 1)] 0 1 YYYYXyyxYYXyyXyXyxyyXYxYxx
4 2 52 char3 [(0, 0, 0), (0, 1, 1), (1, 0, 1), (2, 1, 0), (2, 3, 1), (3, 2, 0), (3, 2, 1)] 0 1 YYXXyXyxyxyyXYXYxYxxYYYYXyyyyxyXXYXYYxyxxYXXyXyyxYxx
4 2 80 char3 [(0, 0, 0), (0, 1, 1), (1, 0, 1), (2, 1, 0), (2, 3, 1), (3, 2, 0), (3, 2, 1)] 0 1 YYYYYYXXyXyxyxyyXYXYxYxyyyyXyXyxyxyyxYXXyXyxyxyyXYXYYYxYxxyXYYXYXyyxyxYYXYXYxYxx
4 3/2 28 char5 [(0, 0, 0), (0, 1, 1), (1, 0, 1), (2, 1, 0), (2, 3, 1), (3, 2, 0), (3, 2, 1)] 0 2 XyXyyxYxxYYYYXXyXyyxYxxYYXyy
4 3/2 76 char5 [(0, 0, 0), (0, 1, 1), (1, 0, 1), (2, 1, 0), (2, 3, 1), (3, 2, 0), (3, 2, 1)] 0 1 YYXXyXyxyyyyXYxYxyyxYYXyyxYYYYXyyxYYXXyXyxyxxyXXyXyxyxyyXYXYxYxxYXYYXYXYxYxx
4 4/3 62 char5 [(0, 0, 0), (0, 1, 1), (1, 0, 1), (2, 1, 0), (2, 3, 1), (3, 2, 0), (3, 2, 1)] 0 1 YYXyyxYYXXyXyyyyxYxxYYYYXXyXyyyxYYXYxYxxyyXXYYYXyxyyXYxyyyxxYY
4 4/3 70 char5 [(0, 0, 0), (0, 1, 1), (1, 0, 1), (2, 1, 0), (2, 3, 1), (3, 2, 0), (3, 2, 1)] 0 1 XyyxYYXXyXyyxYxxYYXXyXyyxYxxYYXXyXyyxYxxYYXXyXyxyxyyXyXYxYxxyXXYYxYYxY
4 2 54 Qbar [(0, 0, 1), (0, 1, 0), (1, 0, 0), (1, 2, 1), (2, 3, 0), (2, 3, 1), (3, 1, 1)] 1 2 yyyxyyxyxYxyxyxxYXYXYXYXYXYXYXyyyxyxxYXyyXYXYYxyxYYXYX
4 2 64 char3 [(0, 0, 1), (0, 1, 0), (1, 0, 0), (1, 2, 1), (2, 3, 0), (2, 3, 1), (3, 1, 1)] 2 0 YXYXYXYXYXYXYxyxyxYxyyyyyyyxyyxyxYYxYXyyXyXYYYxYxyxYYYXYXyXyyyxY
4 2 72 char5 [(0, 0, 1), (0, 1, 0), (1, 0, 0), (1, 2, 1), (2, 3, 0), (2, 3, 1), (3, 1, 1)] 0 1 YXYXYXYXYXYXYXYXYXYXYXyXyyyyyyxYxyxyxxYXYXyXyyyxYxyxyxxYYxyxYxyxyyxyxYYX
4 2 68 Qbar [(0, 0, 1), (0, 1, 0), (1, 0, 0), (1, 2, 1), (2, 3, 0), (2, 3, 1), (3, 1, 1)] 0 1 YYYYXYXYXyxyyyyxYYXYXYXyXyyyyyyxYYxYXYXYxyxyxYxyxyxxxYYxyxyXXYXYXyyX
4 2 68 char5 [(0, 0, 1), (0, 1, 0), (1, 0, 0), (1, 2, 1), (2, 3, 1), (3, 1, 1), (3, 2, 0)] 0 1 yyxYYYYYYYYYYxyyXYxYxyyyXyyyyXyXXYxYYYXyxYYXyXyxxYxYYYXyxyyyXYxyyyXy
4 2 74 char3 [(0, 0, 1), (0, 1, 0), (1, 0, 0), (1, 2, 1), (2, 3, 1), (3, 1, 1), (3, 2, 0)] 0 1 YxYYYYYYYxyyXYxYYYXyxyXyXyxyXyXyyyxYxyyXyyxYxyyXyXyXYXyXyxYYXyXYYYxYxyxYxY
4 2 58 char5 [(0, 0, 1), (0, 1, 0), (1, 0, 0), (1, 2, 1), (2, 3, 1), (3, 1, 1), (3, 2, 0)] 0 1 YxYxyxYxYYxYxyxYxYxyXYYYYYXyxyXyXyxyXyXyyyxYYYXyxyXyXyXXXX
4 2 40 Qbar [(0, 0, 1), (0, 1, 0), (1, 0, 0), (1, 2, 1), (2, 3, 1), (3, 1, 1), (3, 2, 0)] 2 0 yxYxYYxYYYXyxyyxYxyyXXXyXYYYYYXyxyXyXyxy
4 2 24 char7 [(0, 0, 1), (1, 0, 0), (1, 2, 1), (2, 3, 0), (2, 3, 1), (3, 1, 1), (3, 2, 0)] 0 3 XYYYYxyyyXYYYxyyyXYYxyyy
4 2 72 char3 [(0, 0, 1), (1, 0, 0), (1, 2, 1), (2, 3, 0), (2, 3, 1), (3, 1, 1), (3, 2, 0)] 3 0 yyyyyXYYxyyyXYYYYYxYxyyXyxyyyXyXYxYYYXyXYYxyXyxYxYYYXYxyyyyXYYYxYYYXyyyx
4 3/2 40 char7 [(0, 0, 1), (1, 0, 0), (1, 2, 1), (2, 3, 0), (2, 3, 1), (3, 1, 1), (3, 2, 0)] 0 3 XYxyyyXYYxyyyXYYYYxyyyXYYYYYYxyyyXYYxyyy
4 3/2 70 char3 [(0, 0, 1), (1, 0, 0), (1, 2, 1), (2, 3, 0), (2, 3, 1), (3, 1, 1), (3, 2, 0)] 0 2 yXYYYxyyyXYYYYYYYYYYxyyyXYYYxyyyyyyXyyxYxYXyxyyXyxYXyyyxyXyXYYYYYxyXYx
4 2 50 char7 [(0, 0, 1), (0, 1, 0), (1, 2, 1), (2, 3, 0), (2, 3, 1), (3, 1, 1), (3, 2, 0)] 3 0 yyxYYYXyyyxYYXyyyxYYYXyyyxYXyxyyyXYxyXYYYxYXyxYYYX
4 2 34 char7 [(0, 0, 1), (0, 1, 0), (1, 2, 1), (2, 3, 0), (2, 3, 1), (3, 1, 1), (3, 2, 0)] 0 1 yyxYXyyyxYYYYYXyyxyXyyyxYXYYxYYYXy
4 3/2 62 char7 [(0, 0, 1), (0, 1, 0), (1, 2, 1), (2, 3, 0), (2, 3, 1), (3, 1, 1), (3, 2, 0)] 1 2 YXyyyxYYYYYYYYXyyyxYXyyyyyyxYYYYYXyyyxyXYYYYXYxyyyXyxyyyyxYYYY
4 3/2 40 char7 [(0, 0, 1), (0, 1, 0), (1, 2, 1), (2, 3, 0), (2, 3, 1), (3, 1, 1), (3, 2, 0)] 1 2 YYYXyyyxYXyyyxYYXyyyxYXyyyxYYYXyyyxYYYYY
4 2 22 char3 [(0, 0, 1), (0, 1, 0), (1, 2, 0), (1, 2, 1), (2, 0, 0), (2, 3, 1), (3, 1, 1)] 2 1 yyyXYYxYYYXYYYYxyyyyyy
4 2 26 char3 [(0, 0, 1), (0, 1, 0), (1, 2, 0), (1, 2, 1), (2, 0, 0), (2, 3, 1), (3, 1, 1)] 0 1 YYYXYYYYxyyyXYYYxyyyyyyXyx
4 2 40 char7 [(0, 0, 1), (0, 1, 0), (1, 2, 0), (1, 2, 1), (2, 0, 0), (2, 3, 1), (3, 1, 1)] 0 1 xyyyXXYYYxxyyyXYYYxyyyXXYYYYXYXXXyxyxxxx
4 2 40 char3 [(0, 0, 1), (0, 1, 0), (1, 2, 0), (1, 2, 1), (2, 0, 0), (2, 3, 1), (3, 1, 1)] 2 0 YYYxYYYXYYYxxyyyyyyyyyyyyXXyyyxxYYYXXYYY
4 3/2 42 char5 [(0, 0, 1), (0, 1, 0), (1, 2, 0), (1, 2, 1), (2, 0, 0), (2, 3, 1), (3, 1, 1)] 0 1 YYYXYxyyyyyyXYYYxyyyyyyXYYxYYYXYYYYxyyyXyx
4 3/2 54 Qbar [(0, 0, 1), (0, 1, 0), (1, 2, 0), (1, 2, 1), (2, 0, 0), (2, 3, 1), (3, 1, 1)] 1 0 xyyyXYYYxyyyyyyyyyXyxYYYXYYYxYYYXYYYYxyyyXyxxxYXYXXXyx
4 3/2 80 char5 [(0, 0, 1), (0, 1, 0), (1, 2, 0), (1, 2, 1), (2, 0, 0), (2, 3, 1), (3, 1, 1)] 0 1 xyyyXYYYxyyyXYYYXYYYYYYxxyyyXXYYYxxyyyyyyXXXXXYxxYXXXXYxyyyXyxyXXyxxxYxYYYXyxxxx
4 2 58 char7 [(0, 0, 1), (0, 1, 0), (1, 2, 0), (1, 3, 1), (2, 0, 0), (2, 1, 1), (3, 2, 1)] 0 1 YxyyxYxyyxYXYYYxyXyXXYYYYYYxyXyXyyyyxyyyXYxyyXXXYYXyxYYYxx
4 2 32 char3 [(0, 0, 1), (0, 1, 0), (1, 2, 0), (1, 3, 1), (2, 0, 0), (2, 1, 1), (3, 2, 1)] 0 1 yyyXyXXYYYxxyyxYXYYYxxyyyXXYYYxy
4 2 18 char3 [(0, 1, 0), (0, 1, 1), (1, 0, 1), (1, 2, 0), (2, 0, 0), (2, 3, 1), (3, 2, 1)] 1 0 XyyxYYXyyxYYYXyyxY
4 2 48 char3 [(0, 1, 0), (0, 1, 1), (1, 0, 1), (1, 2, 0), (2, 0, 0), (2, 3, 1), (3, 2, 1)] 0 1 YYXyyxYYYXyyyyxYXyyxyyXYYxYYXyyxyXyyxYXYYxyXYYxY
4 2 36 char7 [(0, 1, 0), (0, 1, 1), (1, 0, 1), (1, 2, 0), (2, 0, 0), (2, 3, 1), (3, 2, 1)] 0 1 YYYYxyyyyXXyyxYXXXYYYXYYxyyyxxxYXyyx
4 2 48 char3 [(0, 1, 0), (0, 1, 1), (1, 0, 1), (1, 2, 0), (2, 0, 0), (2, 3, 1), (3, 2, 1)] 0 1 YYXyyxYYxyyXYYxyyXXYYxyxYYXXyyxYxxyyXXyXYYxxyyXY
4 3/2 40 char3 [(0, 1, 0), (0, 1, 1), (1, 0, 1), (1, 2, 0), (2, 0, 0), (2, 3, 1), (3, 2, 1)] 1 0 XyyxYXyyxYYYYYXyyxYXyyxYXyyxYYXyyxxxYYXX
4 3/2 38 char5 [(0, 1, 0), (0, 1, 1), (1, 0, 1), (1, 2, 0), (2, 0, 0), (2, 3, 1), (3, 2, 1)] 0 2 yyxYXyyxYYXyyxYYYXyyxYYYYxYYXXyyxxyyXX
4 3/2 54 char5 [(0, 1, 0), (0, 1, 1), (1, 0, 1), (1, 2, 0), (2, 0, 0), (2, 3, 1), (3, 2, 1)] 0 1 YYxyyyyyyXXyyxYYYYYYXyyxyXXXYXYYxyXyyxYYXYYxYXyyxyxxxY
4 3/2 74 char5 [(0, 1, 0), (0, 1, 1), (1, 0, 1), (1, 2, 0), (2, 0, 0), (2, 3, 1), (3, 2, 1)] 0 1 XyyxxyyXYYxyyXYYXyyxYYxyyXYYYYXXXyxYYXYxYYxxxyyXyxyyXYXYYxYXYYxYXyyxyXyyxy
4 2 22 char3 [(0, 0, 1), (0, 1, 0), (1, 1, 1), (1, 2, 0), (2, 3, 0), (2, 3, 1), (3, 2, 1)] 0 1 xYYxyyXXYxyXyyyyxYXYYY
4 2 52 char3 [(0, 0, 1), (0, 1, 0), (1, 1, 1), (1, 2, 0), (2, 3, 0), (2, 3, 1), (3, 2, 1)] 0 1 YxyXyyxYXYxyXyyxYYYXYYxxyyyXYYxYXXYxyyXyxxyXyyxYXYYX
4 2 20 char3 [(0, 0, 1), (0, 1, 0), (1, 2, 0), (1, 2, 1), (2, 1, 1), (2, 3, 0), (3, 3, 1)] 0 1 yyxyXyyxYYXyyxYYYYYX
4 2 44 char3 [(0, 0, 1), (0, 1, 0), (1, 2, 0), (1, 2, 1), (2, 1, 1), (2, 3, 0), (3, 3, 1)] 1 2 YYYXyyxYYXyyxYXyyxyxYXYxxyyXXyxYYXYYxyXXyyxY
4 3/2 58 char3 [(0, 0, 1), (0, 1, 0), (1, 2, 0), (1, 2, 1), (2, 1, 1), (2, 3, 0), (3, 3, 1)] 1 2 YYYXyyxYYYXyyxyXyyxYXyyxYXyyxYYXyyyyxyyXyxyXYYXYYYYxxYXYxY
4 3/2 72 char3 [(0, 0, 1), (0, 1, 0), (1, 2, 0), (1, 2, 1), (2, 1, 1), (2, 3, 0), (3, 3, 1)] 0 1 xYXyyxYXyyxyXyyxYYXyyxYYYXyyxYYYxYXYxYXyxyyXYxYYXyyxyyXyxYYXYxyXyxyXYXYY
4 2 22 char7 [(0, 0, 1), (0, 1, 0), (1, 2, 0), (1, 3, 1), (2, 1, 1), (2, 3, 0), (3, 2, 1)] 1 3 YXyyyyyyxYYXyyyxYYYYYY
4 2 54 char3 [(0, 0, 1), (0, 1, 0), (1, 2, 0), (1, 3, 1), (2, 1, 1), (2, 3, 0), (3, 2, 1)] 0 2 xYYYYYYYXyyyyyyxYYXyyyxYYYXyxyXyxyXYYYxYXYxYXYxyyyXyyy
4 3/2 62 char5 [(0, 0, 1), (0, 1, 0), (1, 2, 0), (1, 3, 1), (2, 1, 1), (2, 3, 0), (3, 2, 1)] 2 1 YYXyyyxYXyyyxYYYXyyyyyyxyXyyyxYYYYYYYYYYxYYXYxyyXYxyXyXyxYYXyx
4 2 50 char3 [(0, 0, 1), (0, 1, 0), (1, 1, 1), (2, 0, 0), (2, 3, 1), (3, 2, 0), (3, 2, 1)] 2 0 XYYxyyXYYYYxyyXyxyyXYxxYXYYXyxxYXXYxxyXXyxxyXXYxyy
4 2 52 char5 [(0, 0, 1), (0, 1, 0), (1, 1, 1), (2, 0, 0), (2, 3, 1), (3, 2, 0), (3, 2, 1)] 2 0 yyXYYxyyXYxyyXYYYxYYXyxxyXyxyyXYXYxyyXyxyxYYXYxYXXYx
4 2 56 char3 [(0, 0, 1), (0, 1, 0), (1, 1, 1), (2, 0, 0), (2, 3, 1), (3, 2, 0), (3, 2, 1)] 0 1 YXXyyxyxyyXYxYXYYXyyxYYYYXyxxyXXYxyxyyXyXyxxYXXYxyxYYXYx
4 2 58 char3 [(0, 0, 1), (0, 1, 0), (1, 1, 1), (2, 0, 0), (2, 3, 1), (3, 2, 0), (3, 2, 1)] 2 0 YxyyXYxYYXYYXyyyyxxYXXyyxxyXXYxYYXYYxYxyyXYXyyxyyyxYYXyXYx
4 3/2 32 char3 [(0, 0, 1), (0, 1, 0), (1, 1, 1), (2, 0, 0), (2, 3, 1), (3, 2, 0), (3, 2, 1)] 3 2 YYYxyyXYYYxyyXyxyyXYxyyXYYxyyXYY
4 3/2 46 char3 [(0, 0, 1), (0, 1, 0), (1, 1, 1), (2, 0, 0), (2, 3, 1), (3, 2, 0), (3, 2, 1)] 2 0 XYYxyyXYYxyyyyXyxyyXYYYYxyyXYYYxyxYYXyyxyyXYYY
4 3/2 72 char3 [(0, 0, 1), (0, 1, 0), (1, 1, 1), (2, 0, 0), (2, 3, 1), (3, 2, 0), (3, 2, 1)] 2 0 YYYxyyXYYYxYXXyyxxYXXyyxxYXXyyxyxyyXYxYXXyxYYxyXyyyxyyXYxYXyyyxYYXYYYXYx
4 3/2 50 char3 [(0, 0, 1), (0, 1, 0), (1, 1, 1), (2, 0, 0), (2, 3, 1), (3, 2, 0), (3, 2, 1)] 2 0 YYXyyyyxYxyyyyXYxYYYXYYXyyxxYXXyyxyxyyXYXYYxyxYYXY
4 2 50 char3 [(0, 1, 0), (0, 1, 1), (1, 0, 1), (1, 2, 0), (2, 3, 0), (2, 3, 1), (3, 2, 1)] 0 1 YxYYxyyXXYxyyyyXyxxyXXyxYYXYxYYYYXyxxyyXyyXYxxYXXY
4 2 62 char3 [(0, 1, 0), (0, 1, 1), (1, 0, 1), (1, 2, 0), (2, 3, 0), (2, 3, 1), (3, 2, 1)] 0 1 yxxyyyyXXYYxYYXYxxYXXYxYYXyxxyXyyyyXyyxYYXYxxyXXYYxYYxYXXyxyyX
4 2 44 char3 [(0, 1, 0), (0, 1, 1), (1, 0, 1), (1, 2, 0), (2, 3, 0), (2, 3, 1), (3, 2, 1)] 0 1 yxyyXYxyyXYYYYxyyXyxxyyXXYxyyXyxxYYXXYYYxYYX
4 2 76 char3 [(0, 1, 0), (0, 1, 1), (1, 0, 1), (1, 2, 0), (2, 3, 0), (2, 3, 1), (3, 2, 1)] 0 1 xyyXYYYYYxyyXYxyyXyxYYxyyyyyXXyxxYYXyyXYxxYYXXyxxyyyXXyxxYYXXYxxYYYXXYxxyXXY
4 3/2 38 char5 [(0, 1, 0), (0, 1, 1), (1, 0, 1), (1, 2, 0), (2, 3, 0), (2, 3, 1), (3, 2, 1)] 0 1 YxxyyyyyyXYYXYYxxYYXXYxYYXyxxyyXXYxyyX
4 3/2 42 char5 [(0, 1, 0), (0, 1, 1), (1, 0, 1), (1, 2, 0), (2, 3, 0), (2, 3, 1), (3, 2, 1)] 0 1 yxxyyXYYXYYxxyyXXYYxxyyXYYXYYxxyyXyyxYYXXy
4 3/2 60 char5 [(0, 1, 0), (0, 1, 1), (1, 0, 1), (1, 2, 0), (2, 3, 0), (2, 3, 1), (3, 2, 1)] 0 1 yxyyXYYYYYxyyXYYYYxyyXYxyyXYxyyXYYxYYXyxxyXYYxYXXYxyyXyyxyyX
4 3/2 56 char5 [(0, 1, 0), (0, 1, 1), (1, 0, 1), (1, 2, 0), (2, 3, 0), (2, 3, 1), (3, 2, 1)] 0 1 xyyXYxyyyyXYYYYYYYxyyXYYxyyXyxxyyyyXXYYxxYYYYXYYXyyxyyXY
4 4/3 52 char7 [(0, 1, 0), (0, 1, 1), (1, 0, 1), (1, 2, 0), (2, 3, 0), (2, 3, 1), (3, 2, 1)] 3 2 yyyyXXYYxYYXYYxxyyyyXXYxxYYYXXyyxxyyyXXYxxYYXXYYxxyy
4 4/3 44 char7 [(0, 1, 0), (0, 1, 1), (1, 0, 1), (1, 2, 0), (2, 3, 0), (2, 3, 1), (3, 2, 1)] 2 1 xyyyyyyXXYYxYYXYYYYxxyXXyxYYxyyXyyyyXYxxYXYY
4 2 26 char7 [(0, 0, 1), (1, 0, 0), (1, 2, 1), (2, 3, 0), (2, 3, 1), (3, 1, 0), (3, 1, 1)] 0 1 yyXYxyyyXYYYYYYYYYxyyyXyxy
4 2 64 char7 [(0, 0, 1), (1, 0, 0), (1, 2, 1), (2, 3, 0), (2, 3, 1), (3, 1, 0), (3, 1, 1)] 0 1 yyXYxyyyyyyXYYYYYYYYYxYYYYXyyxYXYxYYYXyyyyxyXYYxyyyyXYYYxyyyXyxy
4 3/2 64 char5 [(0, 0, 1), (1, 0, 0), (1, 2, 1), (2, 3, 0), (2, 3, 1), (3, 1, 0), (3, 1, 1)] 3 1 YYYYYYYYxyyyXYYYYxyyyyyyyyyXyxyyyXYYxyxyyyXYxyyyXyxYYYXYXYYxYYYX
4 3/2 42 char7 [(0, 0, 1), (1, 0, 0), (1, 2, 1), (2, 3, 0), (2, 3, 1), (3, 1, 0), (3, 1, 1)] 0 3 XYxyyyXYYYYYYYYYxyyyXyxyyyXYxyyyXYYYYYxyyy
4 2 60 char3 [(0, 1, 0), (0, 1, 1), (1, 2, 0), (1, 3, 1), (2, 0, 1), (2, 3, 0), (3, 2, 1)] 2 1 YYXYxyXXYxyyyxxyxyyyxxyyyyyyyyXXYxYYYXXYxYYYXXYxyXXYxYYYYXyx
4 2 62 char3 [(0, 1, 0), (0, 1, 1), (1, 2, 0), (1, 3, 1), (2, 0, 1), (2, 3, 0), (3, 2, 1)] 2 0 YXXYxYYYXXYxYYxyyyxxyxyyyxxyxyyyxxyyyyXYYXyyXXYxYYxyXXYYXXYYYX
4 2 64 char3 [(0, 0, 1), (0, 1, 0), (1, 2, 1), (2, 3, 0), (2, 3, 1), (3, 0, 0), (3, 1, 1)] 0 1 YxyyxYXYYYYYYxyXyXyyyxyyxYXYYYxyXyXyXXyXYXyyyXyyyxxyxYxxYXYYYxYY
4 2 48 char7 [(0, 0, 1), (1, 0, 0), (1, 2, 1), (2, 1, 0), (2, 3, 1), (3, 1, 1), (3, 2, 0)] 1 2 YYYxyyyXYxyyyXYYYxyyyXyxyXyxyXYYxyyyXYxYXYxYYYYX
4 2 24 char7 [(0, 0, 1), (1, 0, 0), (1, 2, 1), (2, 1, 0), (2, 3, 1), (3, 1, 1), (3, 2, 0)] 1 2 YxyyyXYYYxyyyXYYxyyyXYYY
4 3/2 50 char7 [(0, 0, 1), (1, 0, 0), (1, 2, 1), (2, 1, 0), (2, 3, 1), (3, 1, 1), (3, 2, 0)] 1 2 YYYYxyyyXYYYYYYYYYxyyyXYYxyyyyyyXYxyyyXyyxyyyXYYYY
4 3/2 78 char3 [(0, 0, 1), (1, 0, 0), (1, 2, 1), (2, 1, 0), (2, 3, 1), (3, 1, 1), (3, 2, 0)] 3 1 YYYYYYYYYYYYxyyyXyxyyyXYxyyyXYYxyyyXYxyyyXyXYYxYXyyyxYYYXYxYXyxxyXyxyyyXYYYxyX
4 2 58 char3 [(0, 1, 0), (0, 1, 1), (1, 2, 1), (2, 0, 0), (2, 3, 1), (3, 0, 1), (3, 2, 0)] 0 3 YxxYYxxYYxxYYxxYYYXYxxYYYXyyXyXXyyXyyXyyyyxxYYYXyyXyXXyyyX
4 2 72 char3 [(0, 1, 0), (0, 1, 1), (1, 2, 1), (2, 0, 0), (2, 3, 1), (3, 0, 1), (3, 2, 0)] 0 1 YYxxYYYXyyXYYXYxxYYxxYYxxYYYXyXyyXyyyyyyyXyXXyyyXYxxYYYYXXyyyXyyyyxYYYxx
4 2 48 char3 [(0, 0, 1), (0, 1, 0), (1, 2, 0), (1, 2, 1), (2, 3, 1), (3, 0, 0), (3, 1, 1)] 0 2 yxyyxyXYYXyXYYXYxyyxYxyXYYXYxYxyyxyXYYXXYYXyxyyx
4 2 32 char3 [(0, 0, 1), (0, 1, 0), (1, 2, 0), (1, 2, 1), (2, 3, 1), (3, 0, 0), (3, 1, 1)] 0 1 yXYYXYxyyxYxYxyXYYXYxyXYYXyyxyyy
4 2 42 char3 [(0, 0, 1), (0, 1, 0), (1, 2, 0), (1, 2, 1), (2, 3, 1), (3, 0, 0), (3, 1, 1)] 2 1 yyxYYxYxyXyXXyyXYYXyXYYXYxyXyXYxYxYxYxxyyy
4 2 48 char3 [(0, 0, 1), (0, 1, 0), (1, 2, 0), (1, 2, 1), (2, 3, 1), (3, 0, 0), (3, 1, 1)] 0 1 YxyXyXXyyXYYXYxYxYxYxYxxyyyXyXyXXyyXYYXYxxyyxYYx
4 2 34 char3 [(0, 0, 1), (0, 1, 0), (1, 2, 0), (1, 2, 1), (2, 3, 1), (3, 0, 0), (3, 1, 1)] 0 1 yXyXYxyXYYXXyxyyyXYxYxYxYxYxYxyXyX
4 2 68 char3 [(0, 0, 1), (0, 1, 0), (1, 2, 0), (1, 2, 1), (2, 3, 1), (3, 0, 0), (3, 1, 1)] 1 0 yXYYXXyxyyyXYxYxyXyXYxYxYxYxyXyXyXYYXYxyyxxyyxYXYYYxyyxxYxYXYYXyyXyX
4 3/2 74 char3 [(0, 0, 1), (0, 1, 0), (1, 2, 0), (1, 2, 1), (2, 3, 1), (3, 0, 0), (3, 1, 1)] 1 0 yyxYxYxyyxyyxyyxYxyXYYXyXYYXYxyyxYxyXYYXXyyXYYXYxyXYYXXyyyxxyyxyxYYYXYXYYX
4 3/2 68 char5 [(0, 0, 1), (0, 1, 0), (1, 2, 0), (1, 2, 1), (2, 3, 1), (3, 0, 0), (3, 1, 1)] 0 1 yyxyyxYxyyxYxYxYxyXYYXXyyXYYXyXYYXYxyyxyXYYXyyxYxxyyxYYxyXYYXXyyXYYX
4 2 26 char3 [(0, 0, 1), (0, 1, 0), (1, 2, 1), (2, 0, 0), (2, 3, 1), (3, 1, 1), (3, 2, 0)] 0 1 YxyxyyXYXyxyxYXYXYXyxyxYXY
4 2 30 char3 [(0, 0, 1), (0, 1, 0), (1, 2, 1), (2, 0, 0), (2, 3, 1), (3, 1, 1), (3, 2, 0)] 2 0 YXYYxyxYXYXyyyyyXYXYYxyxYXyxyx
4 2 30 char3 [(0, 0, 1), (0, 1, 0), (1, 2, 1), (2, 0, 0), (2, 3, 1), (3, 1, 1), (3, 2, 0)] 0 1 yyyXyyyxYxYYYXyXyyyxYxYYYYYYXy
4 2 42 char3 [(0, 0, 1), (0, 1, 0), (1, 2, 1), (2, 0, 0), (2, 3, 1), (3, 1, 1), (3, 2, 0)] 0 3 xYYYXyXyyyyyyxYxYYYYYYXyyyyXyyyxYYYXYYYxyy
4 3/2 46 char5 [(0, 0, 1), (0, 1, 0), (1, 2, 1), (2, 0, 0), (2, 3, 1), (3, 1, 1), (3, 2, 0)] 0 1 yyxYYYYYYXyyyxYYYXyXyyyxYxYYYXyXyyyyyyxYxYYYXy
4 3/2 66 char5 [(0, 0, 1), (0, 1, 0), (1, 2, 1), (2, 0, 0), (2, 3, 1), (3, 1, 1), (3, 2, 0)] 0 1 YxYYYXyXyyyxYxYYYYYYXyyyyXyyyxYxYYYYYYXyXyyyxyyyXYYYxYYxyxyyyXyyXY
4 2 68 char3 [(0, 0, 1), (0, 1, 0), (1, 2, 0), (1, 3, 1), (2, 1, 1), (3, 0, 0), (3, 2, 1)] 2 0 yyxYXYYYxyxYYxyXyyyxYXYYYYXyyyxYYxyxYYxyXyXYXyxYXYXYXyyXYXyyyxyXYxyx
4 2 40 char3 [(0, 1, 0), (0, 1, 1), (1, 0, 1), (1, 2, 0), (2, 3, 1), (3, 0, 0), (3, 2, 1)] 0 1 YYYXyXYYxyxYxyyXXyyyXYxyxYXyXXYXyxYxyxYx
4 2 52 char3 [(0, 1, 0), (0, 1, 1), (1, 0, 1), (1, 2, 0), (2, 3, 1), (3, 0, 0), (3, 2, 1)] 0 1 yXyXYYxyxYYYxyxYYYXyyxyXyXyXyXyxYxxYxYXyXYYYxYxyyXyX
4 2 40 char7 [(0, 0, 0), (0, 1, 1), (1, 1, 0), (1, 2, 1), (2, 3, 0), (2, 3, 1), (3, 2, 0)] 2 1 xxyXYxxyxYxxyXXXXXXXYYXyyxYXXyXYYxyyxYxx
4 2 18 char3 [(0, 0, 0), (0, 1, 1), (1, 1, 0), (1, 2, 1), (2, 3, 0), (2, 3, 1), (3, 2, 0)] 2 3 XXYxxyxYxxxxyXXXXX
4 2 36 char3 [(0, 0, 0), (0, 1, 1), (1, 1, 0), (1, 2, 1), (2, 3, 0), (2, 3, 1), (3, 2, 0)] 1 2 yxxYYXyXYxxyXYXXXyxYxxyXyXXYXXyxxYxx
4 2 46 char3 [(0, 0, 0), (0, 1, 1), (1, 1, 0), (1, 2, 1), (2, 3, 0), (2, 3, 1), (3, 2, 0)] 0 1 XyXXYXyxYxxyXYXyyxxYxYxxyXyxYxxyXYYXyyxYXXyXYY
4 3/2 36 char3 [(0, 0, 0), (0, 1, 1), (1, 1, 0), (1, 2, 1), (2, 3, 0), (2, 3, 1), (3, 2, 0)] 1 2 yXYxxyXXXXXYxxxxyXXXYxxxxyxYxxyXXYXX
4 3/2 48 char3 [(0, 0, 0), (0, 1, 1), (1, 1, 0), (1, 2, 1), (2, 3, 0), (2, 3, 1), (3, 2, 0)] 2 3 xYxxxxyXYxxyXXXXXXXYxxyXXXYxxxYxxyXyXXYxYXXyXyxx
4 2 42 char3 [(0, 0, 0), (0, 1, 1), (1, 1, 0), (1, 2, 1), (2, 3, 0), (3, 2, 0), (3, 3, 1)] 0 1 XXyxYxxyXYXyxyxxYXXXYXyxYxxyxxYXXyXXYxxyXY
4 2 62 char3 [(0, 0, 0), (0, 1, 1), (1, 1, 0), (1, 2, 1), (2, 3, 0), (3, 2, 0), (3, 3, 1)] 0 1 XXyXXYXyxYxxyyxxYYxxyXYXyxyxYxxyXYXXYXXyXYxyxYxxyxxyxYXXyXYXYX
4 2 58 char3 [(0, 0, 0), (0, 1, 1), (1, 1, 0), (1, 2, 1), (2, 3, 0), (3, 2, 0), (3, 3, 1)] 0 1 XXXXXyXYxxxxyXYXyxYxxyyxYxxYXXyyxxYXXyxxYxxyXXYYxxyyXXXYXY
4 2 32 char3 [(0, 0, 0), (0, 1, 1), (1, 1, 0), (2, 0, 1), (2, 3, 0), (3, 2, 0), (3, 2, 1)] 2 3 XXyxxYXyxxxxYXyxyxxYXYXXyxyXXYXY
4 2 60 char5 [(0, 0, 0), (0, 1, 1), (1, 1, 0), (2, 0, 1), (2, 3, 0), (3, 2, 0), (3, 2, 1)] 2 0 xxYXXXXXyxxYXyxxYxyxyXXYXYXXXyyxYYxyxxYXyyXYYxxxyxyxxYXXXYXy
4 2 46 char3 [(0, 0, 0), (0, 1, 1), (1, 1, 0), (2, 0, 1), (2, 3, 0), (3, 2, 0), (3, 2, 1)] 0 1 XYXXYxxyxyxxYXXXyXYYxxxyyxYxyXXYXyXYxyxxYXYXyy
4 2 58 char3 [(0, 0, 0), (0, 1, 1), (1, 1, 0), (2, 0, 1), (2, 3, 0), (3, 2, 0), (3, 2, 1)] 2 0 XXyXYxyxxYXXXYxxyyXYYxxyyXYYxyxxYXyxyxxYXyxYxyXXYXYxyXXYXy
4 3/2 28 char3 [(0, 0, 0), (0, 1, 1), (1, 1, 0), (2, 0, 1), (2, 3, 0), (3, 2, 0), (3, 2, 1)] 3 2 XXyxxYXyxxxxYXXXyxxYXXyxxYXX
4 3/2 52 char7 [(0, 0, 0), (0, 1, 1), (1, 1, 0), (2, 0, 1), (2, 3, 0), (3, 2, 0), (3, 2, 1)] 2 0 YXXXXyxxxxxxYxyxxYXXXXXXyxxYxxyyXYYXyxxYxyyxYYXXXyXX
4 2 36 char3 [(0, 0, 0), (0, 1, 1), (1, 1, 0), (2, 0, 1), (2, 3, 0), (3, 2, 0), (3, 3, 1)] 2 3 XXXyxxYxyxxYXyxxYXXXXXyyxxYYxxyyXXYY
4 2 74 char3 [(0, 0, 0), (0, 1, 1), (1, 1, 0), (2, 0, 1), (2, 3, 0), (3, 2, 0), (3, 3, 1)] 3 2 XXXXyxxxxYxyxxYXXXyxxyXXYYXXyXXYxxyyxxYYxyxyxYXYxxyxxyXXYYXXyxyXYXXXyxxYYX
4 2 40 char3 [(0, 0, 0), (0, 1, 1), (1, 1, 0), (2, 0, 1), (2, 3, 0), (3, 2, 0), (3, 3, 1)] 2 0 XXXYxxxxyXyXXYxYXyyxxYYXyyxxYYxyyXXYYxyX
4 3/2 76 char3 [(0, 0, 0), (0, 1, 1), (1, 1, 0), (2, 0, 1), (2, 3, 0), (3, 2, 0), (3, 3, 1)] 3 0 YXyxxYXyxxYXyxxYXXXyxxYXXyxxYXXyXyxYxYxyxyxYXYXyXXyxxYxxYxyxyXYXYXyXyXYxyXXY
4 3/2 70 char3 [(0, 0, 0), (0, 1, 1), (1, 1, 0), (2, 0, 1), (2, 3, 0), (3, 2, 0), (3, 3, 1)] 0 3 xxxxYXXXXXXXyxxYXXyxxxxYXXyxxYXXyXXYxxyXyxYxYxyXXyXXYYXyXyXYxYxyyxxYxx
4 3/2 60 char5 [(0, 0, 0), (0, 1, 1), (1, 1, 0), (2, 0, 1), (2, 3, 0), (3, 2, 0), (3, 3, 1)] 2 0 XXyXXYxyxxYXXYxxxxxxyXyXXYXyxxYYxyxxYXyyXXYxxyxxYYxyXXYXyXXX
4 2 50 char3 [(0, 0, 0), (0, 1, 1), (1, 2, 0), (1, 3, 1), (2, 1, 0), (2, 2, 1), (3, 3, 0)] 1 0 xyXXXXyXYxxyxYYxxyXXyXYxxyxYYxyxxYXyyXYXXyxYYxyXXY
4 2 56 char3 [(0, 0, 0), (0, 1, 1), (1, 2, 0), (1, 3, 1), (2, 1, 0), (2, 2, 1), (3, 3, 0)] 2 1 XXyXYxxyxYXXYxxxxyXXyXYXXyxYYxyxYYXXXyxYxyXYXyyXYxxxxxyX
4 2 36 char3 [(0, 0, 0), (0, 1, 1), (1, 2, 0), (1, 3, 1), (2, 1, 0), (2, 2, 1), (3, 3, 0)] 2 1 XXYxyxxYXyyxxYXXXXyxxxxYYxxyyXXYYXXy
4 2 54 char3 [(0, 0, 0), (0, 1, 1), (1, 2, 0), (1, 3, 1), (2, 1, 0), (2, 2, 1), (3, 3, 0)] 2 1 XXyxxYXXYxyxxYXyyxxYXYXyxYYxyXXYXXXXyxxYXyyXYxyXYxxxxy
4 3/2 38 char3 [(0, 0, 0), (0, 1, 1), (1, 2, 0), (1, 3, 1), (2, 1, 0), (2, 2, 1), (3, 3, 0)] 2 1 XXYxxyXXXXYxxyXXyXYxxyxYXXyXYxxyxYYxxy
4 2 50 char3 [(0, 0, 0), (0, 1, 1), (1, 2, 0), (1, 2, 1), (2, 1, 0), (2, 3, 1), (3, 3, 0)] 0 1 yXXYxxyXYxxyXXYxxxyXYXyxYXXXyxYXXyXYxyXYxyxYxyXYxx
4 2 46 char3 [(0, 0, 0), (0, 1, 1), (1, 2, 0), (1, 2, 1), (2, 1, 0), (2, 3, 1), (3, 3, 0)] 0 1 xxyXYxxyXXYxxyXXyxYXXyXYXYXXyyxxYxYxxyXyXXYYxx
4 3/2 58 char3 [(0, 0, 0), (0, 1, 1), (1, 2, 0), (1, 2, 1), (2, 1, 0), (2, 3, 1), (3, 3, 0)] 0 1 xxyxYxxyXXXXXXYxxxxyXYxxyXXXyXYXyXyxxYxYxyXYYxyxxYXyXyXXYY
4 2 24 char3 [(0, 0, 0), (0, 1, 1), (1, 0, 1), (1, 2, 0), (2, 2, 1), (2, 3, 0), (3, 1, 0)] 0 1 yXXyxxxxxxYXXXyxxxYXYXXX
4 2 48 char3 [(0, 0, 0), (0, 1, 1), (1, 0, 1), (1, 2, 0), (2, 2, 1), (2, 3, 0), (3, 1, 0)] 0 1 yxyxxxxxxYXXXXYXXXyXXyxxxxxxYXYxYYXyxyXXXYXYxyyX
4 2 18 char3 [(0, 0, 0), (0, 1, 1), (1, 0, 1), (1, 2, 0), (2, 2, 1), (2, 3, 0), (3, 1, 0)] 1 0 xyyXYYYxyyXYYxyyXY
4 2 50 char3 [(0, 0, 0), (0, 1, 1), (1, 0, 1), (1, 2, 0), (2, 2, 1), (2, 3, 0), (3, 1, 0)] 0 1 YYYYYYxyyyyXyxyyyxxxxxxYXYxxxyxyXXXYXYXXXyxyXXXYXY
4 2 24 char3 [(0, 0, 0), (0, 1, 1), (1, 0, 1), (1, 2, 0), (2, 2, 1), (2, 3, 0), (3, 1, 0)] 1 2 xxxxxxYXXXXyXXXXXXYxyxxx
4 2 52 char3 [(0, 0, 0), (0, 1, 1), (1, 0, 1), (1, 2, 0), (2, 2, 1), (2, 3, 0), (3, 1, 0)] 0 1 XXXyXXXXXXYxyxxxxxxxxxYXyxyxxxyyXXXYYYxxYxxxyXXXYXXX
4 3/2 72 char5 [(0, 0, 0), (0, 1, 1), (1, 0, 1), (1, 2, 0), (2, 2, 1), (2, 3, 0), (3, 1, 0)] 1 0 xyxxxYXYXXXXXXyxyxxxxxxxxxYXXXyxxxYXXXXXXXYxyyyyXyyyXXXYXXXYYxYYYYxxyxxx
4 3/2 48 char3 [(0, 0, 0), (0, 1, 1), (1, 0, 1), (1, 2, 0), (2, 2, 1), (2, 3, 0), (3, 1, 0)] 2 1 yXYxyyXYxyyXYYYYYxyyyyXYYYYxxxyxyXXXYXYXXXyxyxxx
4 3/2 66 char3 [(0, 0, 0), (0, 1, 1), (1, 0, 1), (1, 2, 0), (2, 2, 1), (2, 3, 0), (3, 1, 0)] 0 1 YYYYYxyyXYxyyXyxyyXYxyyXYYxyyXYxyyXXXYYxxYxyxxxYxxYYXXyXXXYxxyyXXX
4 3/2 62 char3 [(0, 0, 0), (0, 1, 1), (1, 0, 1), (1, 2, 0), (2, 2, 1), (2, 3, 0), (3, 1, 0)] 0 1 xyxxxxxxxxxxxxYXyXXXYXXXyXXXXXXYXXyxxxxxxYXyxYYXYxyXXXYXyxyyXY
4 3/2 54 char5 [(0, 0, 0), (0, 1, 1), (1, 0, 1), (1, 2, 0), (2, 2, 1), (2, 3, 0), (3, 1, 0)] 1 2 xxxYXXXXyXXXYxyxxxYXyXXXYxyxxxxxxYXyXXXYXXXXXyxxxYxxxy
4 2 60 char5 [(0, 0, 0), (0, 1, 1), (1, 0, 1), (1, 2, 0), (2, 3, 0), (2, 3, 1), (3, 1, 0)] 0 1 yyXYxxxxxYXyXXyxyXXYxyxyXXYXYxxYXYXXXYYxyxyXyxyxxxYXYxYXYXyy
4 2 74 char5 [(0, 0, 0), (0, 1, 1), (1, 0, 1), (1, 2, 0), (2, 3, 0), (2, 3, 1), (3, 1, 0)] 0 1 XYxxxyxyyyyxyxyXyxyXXXYXYXYXYXYXYXYXYXYXYxxYXYxyxyXyxxxxyxyxyxyxyyXYXYXYYY
4 2 76 char7 [(0, 0, 0), (0, 1, 1), (1, 0, 1), (1, 2, 0), (2, 3, 0), (2, 3, 1), (3, 1, 0)] 0 1 XYXYXYXYXYXYxyxyXyxyxxyxyXyxyXXyyXYXYxYxxxyXXYXYXYxYxxxyXXYXYXYxYxxxyXyxyxyy
4 2 48 char3 [(0, 0, 0), (0, 1, 1), (1, 2, 0), (1, 2, 1), (2, 0, 1), (2, 3, 0), (3, 1, 0)] 1 0 XXXXXyXXXYXyxxxxxxxxxYxxxyyXYXyxxxYXXXyXXXYxyxYY
4 2 62 char3 [(0, 0, 0), (0, 1, 1), (1, 2, 0), (1, 2, 1), (2, 0, 1), (2, 3, 0), (3, 1, 0)] 0 1 YXXXyXXXYXyxxxxxxxxxYXXyyXXXYYXXXyyxxxYYxxyyXYYYxxxyyyxYYxyXXX
4 2 24 char3 [(0, 0, 0), (0, 1, 1), (1, 2, 0), (1, 2, 1), (2, 0, 1), (2, 3, 0), (3, 1, 0)] 1 2 xxxYYXXXyXXXYXXXyyxxxxxx
4 2 50 char5 [(0, 0, 0), (0, 1, 1), (1, 2, 0), (1, 2, 1), (2, 0, 1), (2, 3, 0), (3, 1, 0)] 0 1 XXXYXXXyyxxxYYXXXyyxxxxxxyyxxxYYYXXXyyyyXXXYYYxxxY
4 3/2 42 char5 [(0, 0, 0), (0, 1, 1), (1, 2, 0), (1, 2, 1), (2, 0, 1), (2, 3, 0), (3, 1, 0)] 2 1 xxxYxyXXXYXXXXyxxxxxxxxxYxyXXXYXXXXXXXyxxx
4 3/2 64 char5 [(0, 0, 0), (0, 1, 1), (1, 2, 0), (1, 2, 1), (2, 0, 1), (2, 3, 0), (3, 1, 0)] 0 1 XXXyxxxYYXXXyyxxxYYXXXyyxxxxxxYYXXXyXXXyxxxYYXXXyyXXXYYxxxyyxxxY
4 3/2 72 char3 [(0, 0, 0), (0, 1, 1), (1, 2, 0), (1, 2, 1), (2, 0, 1), (2, 3, 0), (3, 1, 0)] 0 1 YXXXyXXXyxxxYYXXXyyxxxxxxxxxYXXXYXXXyyxxxYYxxxyxYYxyyxxxYYXyyXYXXXyyXXXY
4 2 22 char7 [(0, 0, 0), (0, 1, 1), (1, 2, 0), (1, 2, 1), (2, 3, 0), (2, 3, 1), (3, 1, 0)] 0 1 yXXXXXXXYxxxxxxyXXYxxx
4 2 60 char7 [(0, 0, 0), (0, 1, 1), (1, 2, 0), (1, 2, 1), (2, 3, 0), (2, 3, 1), (3, 1, 0)] 0 1 yXXXXYxxxyXXXXXYxxxyXYxxyXYXyXYxxxyxYxyxYxyxYXXXyXYXXXyxYxxx
4 3/2 40 char7 [(0, 0, 0), (0, 1, 1), (1, 2, 0), (1, 2, 1), (2, 3, 0), (2, 3, 1), (3, 1, 0)] 2 0 xxxyXXXXXXXXXXXYxxxyXXXXYxxxyxYxxxyXYxxx
4 3/2 38 char7 [(0, 0, 0), (0, 1, 1), (1, 2, 0), (1, 2, 1), (2, 3, 0), (2, 3, 1), (3, 1, 0)] 0 1 yXYxxxyXXXYxxxxxxyXXXXXXXXYxxxyXXXYxxx
4 2 46 char3 [(0, 0, 0), (0, 1, 1), (1, 2, 0), (1, 3, 1), (2, 0, 1), (2, 3, 0), (3, 1, 0)] 1 2 xxYxyXXXYXXXXyxxxYXXXyxxxYxyxxxxyyxyXXYXXXXYxY
4 2 68 char3 [(0, 0, 0), (0, 1, 1), (1, 2, 0), (1, 3, 1), (2, 0, 1), (2, 3, 0), (3, 1, 0)] 0 1 XXXYXyxxxYXXXXXXyxxxxxxYxyyXXyxYxxxyXYxxYYXXXXyxxxYxyxxxYXyXXXYxyXXX
4 2 28 char3 [(0, 0, 0), (0, 1, 1), (1, 2, 0), (1, 3, 1), (2, 0, 1), (2, 3, 0), (3, 1, 0)] 0 1 YXYXYXyxyXyyxyxYXYXyxyxYxxYX
4 2 68 char3 [(0, 0, 0), (0, 1, 1), (1, 2, 0), (1, 3, 1), (2, 0, 1), (2, 3, 0), (3, 1, 0)] 1 0 YXYXyxyXXYXyxyxyxyxYXYXYXyxxxYxxxyxyXyXXXXYxxYYXyXXXYxyyXXyxxxxYxYXY
4 2 54 char3 [(0, 0, 0), (0, 1, 1), (1, 2, 0), (1, 3, 1), (2, 0, 1), (2, 3, 0), (3, 1, 0)] 0 1 XXXYXXXyyxyxyxxxxyxYXXXyXYxxYXYxxYYXYXYXyxyXyxyxxYXYxy
4 2 52 char3 [(0, 0, 0), (0, 1, 1), (1, 2, 0), (1, 3, 1), (2, 0, 1), (2, 3, 0), (3, 1, 0)] 0 1 XXXXYxxYYXXXyXYxxYYXXXyyxyxyxxxYYXXXyyXXyxYxxxyyxxxY
4 3/2 46 char3 [(0, 0, 0), (0, 1, 1), (1, 2, 0), (1, 3, 1), (2, 0, 1), (2, 3, 0), (3, 1, 0)] 0 1 YXXXXyxxxYXXXyxxxYxyXXXYXyxxxYXXXyxxxxxxYxyXXX
4 3/2 44 char3 [(0, 0, 0), (0, 1, 1), (1, 2, 0), (1, 3, 1), (2, 0, 1), (2, 3, 0), (3, 1, 0)] 0 1 YXYXyxyxYxxYXYxxYXYXYXYXyxyXXyxyXXYXyxyxyxyx
4 3/2 78 char5 [(0, 0, 0), (0, 1, 1), (1, 2, 0), (1, 3, 1), (2, 0, 1), (2, 3, 0), (3, 1, 0)] 0 1 yxyxyxyxYXyxyxYXYxxYXYXyxyXyyxyxYXYXYXYXYXYXYXXXyyXXyxYxxxyXYxxYxxYxxYXXXyXXyx
4 2 48 char5 [(0, 0, 0), (0, 1, 1), (1, 2, 0), (1, 3, 1), (2, 2, 1), (2, 3, 0), (3, 1, 0)] 3 2 XXXXXXYXYxxxyxyxYxxxyXYXYxxxyxyXYXXXyXXYXYxxxyxy
4 2 76 char5 [(0, 0, 0), (0, 1, 1), (1, 2, 0), (1, 3, 1), (2, 2, 1), (2, 3, 0), (3, 1, 0)] 3 2 XXXXXXXXXYXYxxxxxxyxyxYxxxyxxYXYxxxyxyXXXYXYXXXyxyxxyXyxxyXYXyXYxYXXYxYXYxyy
4 3/2 54 char5 [(0, 0, 0), (0, 1, 1), (1, 2, 0), (1, 3, 1), (2, 2, 1), (2, 3, 0), (3, 1, 0)] 1 3 XXXXXXYxxxyXYXYxxxyxyXXXYXYxxxyxyxYxxxyXYXYxxxyxyXXXXX
4 3/2 74 char5 [(0, 0, 0), (0, 1, 1), (1, 2, 0), (1, 3, 1), (2, 2, 1), (2, 3, 0), (3, 1, 0)] 0 1 xxxyXYXYxxxyxyxYxxxyXXXXYXYxxxyxyXXXYXYxxxyxyXXXXXXXXYxxxyXYxYXYXXXyxyXyxY
4 2 58 char3 [(0, 0, 0), (0, 1, 1), (1, 2, 0), (1, 3, 1), (2, 3, 0), (3, 0, 1), (3, 1, 0)] 0 1 YxyxxxYXyXXXYxyxxxYXXXXXXyxxxYXyXYYXXXXyxxxyyxxxxyyxYYYXXX
4 2 50 char3 [(0, 0, 0), (0, 1, 1), (1, 2, 0), (1, 3, 1), (2, 3, 0), (3, 0, 1), (3, 1, 0)] 0 1 YXXyxxxYXXXXyXXXYxyxxxxxxYXyXyXyyXXXYxxxYxYXXyxxxY
4 2 36 char3 [(0, 0, 0), (0, 1, 1), (1, 2, 0), (1, 3, 1), (2, 3, 0), (3, 0, 1), (3, 1, 0)] 0 1 YXXXXXXyXXXyxxxxxxxxxxxxYXXXyXXXYxxx
4 2 46 char3 [(0, 0, 0), (0, 1, 1), (1, 2, 0), (1, 3, 1), (2, 3, 0), (3, 0, 1), (3, 1, 0)] 1 3 xxxYYXXXyyxxxYYXXXyXXXYxyXXXYXyyxxxYYxyxxxYXyy
4 3/2 42 char5 [(0, 0, 0), (0, 1, 1), (1, 2, 0), (1, 3, 1), (2, 3, 0), (3, 0, 1), (3, 1, 0)] 0 1 XXXYxyxxxxxxYXyXXXYXXyxxxYXXXyxxxxxxYXXXXy
4 3/2 52 char5 [(0, 0, 0), (0, 1, 1), (1, 2, 0), (1, 3, 1), (2, 3, 0), (3, 0, 1), (3, 1, 0)] 0 1 XXXXXXYXXyxxxxxxYXXXyxxxYXXXyxxxxxxYXyXYYXYYYxyyxyyy
4 3/2 38 char5 [(0, 0, 0), (0, 1, 1), (1, 2, 0), (1, 3, 1), (2, 3, 0), (3, 0, 1), (3, 1, 0)] 0 1 YXXXyXXXYXXXXXXyyxxxxxxYXXXyxxxxxxxxxY
4 2 44 char3 [(0, 0, 0), (0, 1, 1), (1, 2, 0), (1, 2, 1), (2, 3, 0), (3, 0, 1), (3, 1, 0)] 0 1 YXXXyXXXYXXXXYxxxxxxxxxyxxyXyxyxxxYXYxYXyXXX
4 2 26 char3 [(0, 0, 0), (0, 1, 1), (1, 2, 0), (1, 2, 1), (2, 3, 0), (3, 0, 1), (3, 1, 0)] 3 0 XXXXYxxxxxxyxyXXXYXYxxxyXX
4 2 44 char3 [(0, 0, 0), (0, 1, 1), (1, 2, 0), (1, 2, 1), (2, 3, 0), (3, 0, 1), (3, 1, 0)] 0 1 yxxxxxxxxxYYXXXXXXyXXXXyXXYxxxyxxYxYXYXXXyxy
4 2 52 char3 [(0, 0, 0), (0, 1, 1), (1, 2, 0), (1, 2, 1), (2, 3, 0), (3, 0, 1), (3, 1, 0)] 3 0 xYxYXXXyyXyXYxyXyxxYxYxYxyXyXYxYxYXYxxxyxyXyXXYXXXyx
4 2 78 char3 [(0, 0, 0), (0, 1, 1), (1, 2, 0), (1, 2, 1), (2, 3, 0), (3, 0, 1), (3, 1, 0)] 0 1 YxYxYxYxyXyXyXyXYxYxYxyXyXXXYxxxyxyxYxYYxxxyXyXyyXyXYXXXyyXyXYXYXXXyxyxYxYYxYx
4 3/2 62 char3 [(0, 0, 0), (0, 1, 1), (1, 2, 0), (1, 2, 1), (2, 3, 0), (3, 0, 1), (3, 1, 0)] 0 1 YXXXXYxxxxxxyXXXYxxxxxxyxyXXXYXYxxxyxyXXXYXXXyyxxxYXXXyXXXYxxx
4 3/2 70 char5 [(0, 0, 0), (0, 1, 1), (1, 2, 0), (1, 2, 1), (2, 3, 0), (3, 0, 1), (3, 1, 0)] 0 1 yxxxxxxYYXXXyyxxxYYXXXyyxxxxxxYXXXXXXYXXXXYxxxxxxyxyXXXYXYXXXXXXyxyxxx
4 3/2 74 char5 [(0, 0, 0), (0, 1, 1), (1, 2, 0), (1, 2, 1), (2, 3, 0), (3, 0, 1), (3, 1, 0)] 0 1 yxxxxxxYXXXYXXXyyxxxxxxYYXXXyXXXyxxxYYXXXXYXXXyxxYxyXXXYYXYxxxyxyyxxxYXyXy
4 3/2 46 char3 [(0, 0, 0), (0, 1, 1), (1, 2, 0), (1, 2, 1), (2, 3, 0), (3, 0, 1), (3, 1, 0)] 2 0 XXyyXyXyXyXYxYxYXXyXyxxYxyXyXYxYxYxYxYxYxYxyXy
4 3/2 60 char3 [(0, 0, 0), (0, 1, 1), (1, 2, 0), (1, 2, 1), (2, 3, 0), (3, 0, 1), (3, 1, 0)] 0 1 yXyXyXyXyXyXYxYxYXXyXyXyXyxxYxYxYxYxYxYxYxxYxYYXXXyyXyXYxxxy
4 2 40 char3 [(0, 0, 0), (0, 1, 1), (1, 0, 1), (1, 2, 0), (2, 3, 0), (3, 1, 0), (3, 3, 1)] 0 1 xxyXXXXXXYxyxxxxxxyyXYYxYXyXXXYxyXyyxYYY
4 2 42 char3 [(0, 0, 0), (0, 1, 1), (1, 0, 1), (1, 2, 0), (2, 3, 0), (3, 1, 0), (3, 3, 1)] 0 1 xxyXXXYxyxxxxxxYXyXXXXXXYxxxyXXXYXXXyxxxYx
4 2 28 char3 [(0, 0, 0), (0, 1, 1), (1, 0, 1), (1, 2, 0), (2, 3, 0), (3, 1, 0), (3, 3, 1)] 0 1 YXyyxYXyyxYYXyyxYYxxxyyXXXYY
4 2 42 char3 [(0, 0, 0), (0, 1, 1), (1, 0, 1), (1, 2, 0), (2, 3, 0), (3, 1, 0), (3, 3, 1)] 0 1 yXyyxYYYXyyxYYXyyxYXYYxYYXyyxyXyyXXXYYxxxx
4 3/2 34 char5 [(0, 0, 0), (0, 1, 1), (1, 0, 1), (1, 2, 0), (2, 3, 0), (3, 1, 0), (3, 3, 1)] 0 1 yxxxxxxxxxYxxxxxyXXXXXXXXXXXXXXXYx
4 3/2 74 char5 [(0, 0, 0), (0, 1, 1), (1, 0, 1), (1, 2, 0), (2, 3, 0), (3, 1, 0), (3, 3, 1)] 0 1 xxyXXXYxyxxxYXyXXXXXXYxyxxxYxxyXXXYxyxxxYXyXXXYxyXyXXXYxYXyyxyXyxxxYxYXYYx
4 3/2 52 char3 [(0, 0, 0), (0, 1, 1), (1, 0, 1), (1, 2, 0), (2, 3, 0), (3, 1, 0), (3, 3, 1)] 0 1 XyyxYYYXyyxYYXyyxYYYXyyxYYXyyxYXyyyxxxYYYxyyXyXXXYxY
4 3/2 56 char3 [(0, 0, 0), (0, 1, 1), (1, 0, 1), (1, 2, 0), (2, 3, 0), (3, 1, 0), (3, 3, 1)] 0 1 YYYYYXyyxYXyyxyXyyxYYYXyyyyxYYXyyXXXYYxxxxyXYXXXyyxxxYxY
4 2 28 char3 [(0, 0, 0), (0, 1, 1), (1, 2, 0), (1, 2, 1), (2, 3, 0), (3, 1, 0), (3, 3, 1)] 1 3 XXXYxxxyXYYxxxyyXXXYYxxxyyXX
4 2 30 char3 [(0, 0, 0), (0, 1, 1), (1, 2, 0), (1, 2, 1), (2, 3, 0), (3, 1, 0), (3, 3, 1)] 1 3 XXXXYYxxxyyxYxxxyXXXXYYxxxyyXX
4 3/2 80 char3 [(0, 0, 0), (0, 1, 1), (1, 2, 0), (1, 2, 1), (2, 3, 0), (3, 1, 0), (3, 3, 1)] 3 2 XXXYYxxxyyXXXXXXXXXYYxxxyyxYxxxxxxyXXXXYYxxxyyxYxxxyXYYxyXXYYxyXYXXXyxYXyyxxYXyy
4 3/2 44 char5 [(0, 0, 0), (0, 1, 1), (1, 2, 0), (1, 2, 1), (2, 3, 0), (3, 1, 0), (3, 3, 1)] 1 3 XYYxxxyyXXXYYxxxyyXXYxxxxxxyXXXXYYxxxyyXXXXX
4 2 30 char3 [(0, 0, 0), (0, 1, 1), (1, 0, 1), (1, 2, 0), (2, 3, 0), (3, 1, 0), (3, 2, 1)] 0 1 xxyXXXXXXXyxxYXyXXXYxyxxxxYxYx
4 2 30 char5 [(0, 0, 0), (0, 1, 1), (1, 0, 1), (1, 2, 0), (2, 3, 0), (3, 1, 0), (3, 2, 1)] 0 1 XyXXXXXXYxyxYXXYxyxxxYxxyXyxxY
4 2 72 char5 [(0, 0, 0), (0, 1, 1), (1, 2, 0), (1, 3, 1), (2, 3, 0), (3, 1, 0), (3, 2, 1)] 0 1 XyXXXXYxxxyXXXXXYxxxyXYxxxyxxxYXyXYXyXXXYxyxYxyxYxyxYxyxYxyXXXYXyXYXyxxY
4 3/2 78 char5 [(0, 0, 0), (0, 1, 1), (1, 2, 0), (1, 3, 1), (2, 3, 0), (3, 1, 0), (3, 2, 1)] 1 2 XXXXXXYxxxyXXXXXXXYxxxxxxyXXYxxxyXYxxxyxYXXyyXYxyxxYYXyxxYXyXYXyxYYxxxyXXYxyyX
4 2 44 char3 [(0, 0, 0), (0, 1, 1), (1, 2, 0), (2, 0, 1), (2, 3, 0), (3, 1, 0), (3, 2, 1)] 0 1 YYxxxyyXXXYXXXYxxxyXXXYxxYXyXyxyXYxyxyyxYXYx
4 2 74 char3 [(0, 0, 0), (0, 1, 1), (1, 2, 0), (2, 0, 1), (2, 3, 0), (3, 1, 0), (3, 2, 1)] 3 2 xxxyyXXXYYxxxyXXXYxxxyXXXYXYXyXyxyyxyxYXYxYxyxyXYXYXYXYYXYXYXYXyxyxxyxyxyx
4 2 26 char3 [(0, 0, 0), (0, 1, 1), (1, 2, 0), (2, 0, 1), (2, 3, 0), (3, 1, 0), (3, 2, 1)] 0 1 YXXXXXXyXyxxxxxxYXXXyxxxYx
4 2 46 char3 [(0, 0, 0), (0, 1, 1), (1, 2, 0), (2, 0, 1), (2, 3, 0), (3, 1, 0), (3, 2, 1)] 0 1 YXXXyXyxxxYxYXXXyXyxxxxxxYXXYxyxyyXXXYYXYXyxxx
4 2 32 char3 [(0, 0, 0), (0, 1, 1), (1, 2, 0), (2, 0, 1), (2, 3, 0), (3, 1, 0), (3, 2, 1)] 0 1 YXYXYxyxyyxxxYXYXXyxyXXyxyXYXYxx
4 2 62 char3 [(0, 0, 0), (0, 1, 1), (1, 2, 0), (2, 0, 1), (2, 3, 0), (3, 1, 0), (3, 2, 1)] 2 0 xyxyyxxyxyXYXYXYXYxxYXYXXXXYXYxyxyyxyXyxxxYxYXXXyxxyXXXYXXYxxx
4 3/2 38 char5 [(0, 0, 0), (0, 1, 1), (1, 2, 0), (2, 0, 1), (2, 3, 0), (3, 1, 0), (3, 2, 1)] 2 0 XXXyXXXYYxxxxxxxxxyXXXyXXXYYxxxxxxyXXX
4 3/2 68 char5 [(0, 0, 0), (0, 1, 1), (1, 2, 0), (2, 0, 1), (2, 3, 0), (3, 1, 0), (3, 2, 1)] 0 1 YYxxxxxxyyXXXXXXYXXXYxxxyXXXYxxxyXXXYxxxyyXXXXXXYYxxxyyxxxYYXXXyyxxx
4 3/2 54 char5 [(0, 0, 0), (0, 1, 1), (1, 2, 0), (2, 0, 1), (2, 3, 0), (3, 1, 0), (3, 2, 1)] 2 3 xxxxxxxxYXXYXXXyXyxxxYxYXXXyXXXXyxxxYxYXXXyXXXXyxyxxxY
4 3/2 46 char5 [(0, 0, 0), (0, 1, 1), (1, 2, 0), (2, 0, 1), (2, 3, 0), (3, 1, 0), (3, 2, 1)] 0 3 XXXyxxxYxYXXXyXyxxxxxxYxYXXXXXXyXyxxxYXXXyxxxY
4 2 26 char3 [(0, 0, 0), (0, 1, 1), (1, 2, 0), (2, 0, 1), (2, 3, 0), (3, 1, 0), (3, 3, 1)] 3 2 xxxyXyXXXYxYxxxyXXXXXXYxxx
4 2 44 char7 [(0, 0, 0), (0, 1, 1), (1, 2, 0), (2, 0, 1), (2, 3, 0), (3, 1, 0), (3, 3, 1)] 0 1 XXXYxYxxxxxxyXXXYxxxyXXXXyxyxxYxYxYXYXXyXyXy
4 2 26 char3 [(0, 0, 0), (0, 1, 1), (1, 2, 0), (2, 0, 1), (2, 3, 0), (3, 1, 0), (3, 3, 1)] 0 1 YxyxxxxxxYXXXXXXyxxxYXyXXX
4 2 26 char3 [(0, 0, 0), (0, 1, 1), (1, 2, 0), (2, 0, 1), (2, 3, 0), (3, 1, 0), (3, 3, 1)] 3 1 xxxYXXXXXXyxxxYXyXXXYxyxxx
4 3/2 58 char5 [(0, 0, 0), (0, 1, 1), (1, 2, 0), (2, 0, 1), (2, 3, 0), (3, 1, 0), (3, 3, 1)] 2 0 XXYxxxxxxyXXXYxxxyXyXXXYxYxxxxxxyXyXXXYXXXXXyXXXYxxxyxxxYX
4 3/2 76 char3 [(0, 0, 0), (0, 1, 1), (1, 2, 0), (2, 0, 1), (2, 3, 0), (3, 1, 0), (3, 3, 1)] 3 2 xxxyXXXXXXXXXYxxxxxxxxxyXyXXXXXXYxxxyXYxYYxxxyXXXYXXXyyXyxYxyXXXYYxxxyyxxxYY
4 3/2 44 char5 [(0, 0, 0), (0, 1, 1), (1, 2, 0), (2, 0, 1), (2, 3, 0), (3, 1, 0), (3, 3, 1)] 2 0 XXyxxxYXXXXXXXyXXXYxyxxxYXyXXXYxyxxxxxxxxxYX
4 3/2 76 char5 [(0, 0, 0), (0, 1, 1), (1, 2, 0), (2, 0, 1), (2, 3, 0), (3, 1, 0), (3, 3, 1)] 0 1 XXXYxyxxxYXXXyxxxYXyXXXYxyxxxxxxYXXXyxxxYXXXyXyxYxyXyxYxYxYYxYXyXYxYXyXyXyXy
4 2 26 char3 [(0, 0, 0), (0, 1, 1), (1, 2, 0), (2, 2, 1), (2, 3, 0), (3, 0, 1), (3, 1, 0)] 3 0 XYxxxyxyXXXYXYxxxxxxyXXXXX
4 2 26 char3 [(0, 0, 0), (0, 1, 1), (1, 2, 0), (2, 2, 1), (2, 3, 0), (3, 0, 1), (3, 1, 0)] 0 1 XXXYXXXXYxxxxxxyXXXYxxxyxy
4 2 46 char7 [(0, 0, 0), (0, 1, 1), (1, 2, 0), (2, 2, 1), (2, 3, 0), (3, 0, 1), (3, 1, 0)] 2 0 XXXyxxxYXXXyxxxYxyXXXXyXyxyxyyxxxYxxYxYXYXYXYX
4 2 68 char3 [(0, 0, 0), (0, 1, 1), (1, 2, 0), (2, 2, 1), (2, 3, 0), (3, 0, 1), (3, 1, 0)] 0 1 YXXXyXXXYXyxxxYXXXyxxxxxxYxyXyXXyXXXYxxYxYXyxxxYYXXXyxyxYXYYxxxyyxyX
4 3/2 72 char3 [(0, 0, 0), (0, 1, 1), (1, 2, 0), (2, 2, 1), (2, 3, 0), (3, 0, 1), (3, 1, 0)] 0 1 YXXXXYxxxyxyXXXYXYxxxxxxyxyXXXYXXXXYxxxyXXXYxxxyxxYxxYXXXXYxyXyXXyxxxxyX
4 3/2 66 char5 [(0, 0, 0), (0, 1, 1), (1, 2, 0), (2, 2, 1), (2, 3, 0), (3, 0, 1), (3, 1, 0)] 2 0 XXXYxxxxxxxxxxxxyxyXXXYXYxxxyXXyXXXYXXYxYxYxYXYXXXyxyXyXyXyXXYxxxy
4 3/2 58 char5 [(0, 0, 0), (0, 1, 1), (1, 2, 0), (2, 2, 1), (2, 3, 0), (3, 0, 1), (3, 1, 0)] 3 0 XXXyXXXYXyxxxxxxxxxYxyXXXYXyxxxYXXXyxxxYXXyxyxyxxxYXYXYXXX
4 2 68 char7 [(0, 0, 0), (0, 1, 1), (1, 2, 0), (2, 2, 1), (2, 3, 0), (3, 1, 0), (3, 3, 1)] 0 1 xxyxYxxxyXXXYxxxyXXXXXXYxyXyxYXyXYxxxyXXYxxxyXYXXXyxYxyXYxYXXXXyxxYx
4 2 62 char3 [(0, 0, 0), (0, 1, 1), (1, 2, 0), (2, 2, 1), (2, 3, 0), (3, 1, 0), (3, 3, 1)] 0 1 XyXXXYxxxyxYxxxyXXXYxxxyXXXXYXXXyXYxYxxxyXyXYxyxYxxxyXYXyxxYXX
4 2 30 char3 [(0, 0, 0), (0, 1, 1), (1, 2, 0), (2, 3, 0), (2, 3, 1), (3, 0, 1), (3, 1, 0)] 0 3 XXYXyXyyXXyXyxYxYxYxYxxyXyxYxY
4 2 52 char3 [(0, 0, 0), (0, 1, 1), (1, 2, 0), (2, 3, 0), (2, 3, 1), (3, 0, 1), (3, 1, 0)] 0 1 XXXXXXYXyXyxYxYxYxYxYxxyXyxxyXyyXXyXyyxxxYxYXXYYxYxy
4 2 48 char3 [(0, 0, 0), (0, 1, 1), (1, 2, 0), (2, 3, 0), (2, 3, 1), (3, 0, 1), (3, 1, 0)] 3 0 XXXYxxxyXXXyXXXYYxxxxxxyXXXYxYxYxxxyXyXyxxxYXXXy
4 2 44 char3 [(0, 0, 0), (0, 1, 1), (1, 2, 0), (2, 3, 0), (2, 3, 1), (3, 0, 1), (3, 1, 0)] 3 0 YxxxxxxyXXXyXXXYYxxxyXXXyxyXyxYxxxyXYxYXYXXX
4 2 64 char3 [(0, 0, 0), (0, 1, 1), (1, 2, 0), (2, 3, 0), (2, 3, 1), (3, 0, 1), (3, 1, 0)] 0 1 XYxxxyxYXXXyXXXXYxxxyxYXXXyXYxxxyyXYxxxyyXYXXXyxYxYYxxxyxYYXXXyy
4 2 48 char3 [(0, 0, 0), (0, 1, 1), (1, 2, 0), (2, 3, 0), (2, 3, 1), (3, 0, 1), (3, 1, 0)] 3 2 xxxyXXXYxxxyxYXXXyXYxxxyxYXXYYXXXyxxxyXyXXXXYxxx
4 3/2 40 char5 [(0, 0, 0), (0, 1, 1), (1, 2, 0), (2, 3, 0), (2, 3, 1), (3, 0, 1), (3, 1, 0)] 3 0 XXXYxxxxxxxxxyyXXXYYxxxyyXXXYXXXXXXYxxxy
4 3/2 70 char5 [(0, 0, 0), (0, 1, 1), (1, 2, 0), (2, 3, 0), (2, 3, 1), (3, 0, 1), (3, 1, 0)] 3 0 XXXyXXXYYxxxyyXXXYYxxxyXXXYxxxyXXXYxxxxxxyXXXyXYXXXyxYxYYxxxyxYxxxyXyX
4 3/2 54 char5 [(0, 0, 0), (0, 1, 1), (1, 2, 0), (2, 3, 0), (2, 3, 1), (3, 0, 1), (3, 1, 0)] 0 3 xYXXXXXXyXYxxxxxxyXXXXXXYxxxyxYXXXyXYxxxyyXyXYxxxyxYxY
4 3/2 48 char5 [(0, 0, 0), (0, 1, 1), (1, 2, 0), (2, 3, 0), (2, 3, 1), (3, 0, 1), (3, 1, 0)] 0 1 XXXXYxxxyxYXXXyXYxxxxxxyxYXXXyXXXXYxxxxxxyxYXXXy
4 2 26 char7 [(0, 0, 0), (0, 1, 1), (1, 2, 0), (2, 3, 0), (2, 3, 1), (3, 1, 0), (3, 2, 1)] 1 2 XXXXYxxxyxYxxxyXXXXYxxxyXX
4 2 52 char5 [(0, 0, 0), (0, 1, 1), (1, 2, 0), (2, 3, 0), (2, 3, 1), (3, 1, 0), (3, 2, 1)] 3 1 XXXYxxxyxYxxxyXXXXYxxxyXyXYxxxyxxxYXXXyxYXXYxyXXXYXy
4 3/2 38 char7 [(0, 0, 0), (0, 1, 1), (1, 2, 0), (2, 3, 0), (2, 3, 1), (3, 1, 0), (3, 2, 1)] 0 1 xxyXXXXXXYxxxyXXXXYxxxyXXXYxxxxxxyXXYx
4 2 26 char7 [(0, 0, 0), (1, 0, 1), (1, 2, 0), (2, 1, 1), (2, 3, 0), (3, 1, 0), (3, 2, 1)] 3 1 XXXXXXyxxxYxyxxxYXXXXyxxxY
4 2 26 char7 [(0, 0, 0), (1, 0, 1), (1, 2, 0), (2, 1, 1), (2, 3, 0), (3, 1, 0), (3, 2, 1)] 1 2 XXXXyxxxYxyxxxYXXXXyxxxYXX
4 3/2 36 char7 [(0, 0, 0), (1, 0, 1), (1, 2, 0), (2, 1, 1), (2, 3, 0), (3, 1, 0), (3, 2, 1)] 0 1 YXXXXXXXXXXyxxxxxxYXXXyxxxYXXyxxxxxx
4 3/2 76 char5 [(0, 0, 0), (1, 0, 1), (1, 2, 0), (2, 1, 1), (2, 3, 0), (3, 1, 0), (3, 2, 1)] 1 2 XXXXXXXXXyxxxYXyxxxxxxxxxYXXXXXyxxxYXyXYxyyxYxYXXyXYYXyxYxxyyxxxYxxxyXXXYXXX
4 2 32 char7 [(0, 0, 0), (1, 0, 1), (1, 2, 0), (2, 1, 1), (2, 3, 0), (3, 1, 0), (3, 3, 1)] 1 2 XYXyxxYXXXyxxxYxyxxxYXXXXyxYxyXX
4 2 30 char7 [(0, 0, 0), (1, 0, 1), (1, 2, 0), (2, 1, 1), (2, 3, 0), (3, 1, 0), (3, 3, 1)] 1 2 XXXXyxxxYYXyxxxYxyxyxxxYXXXXXX
4 2 28 char3 [(0, 0, 0), (1, 0, 1), (1, 2, 0), (2, 2, 1), (2, 3, 0), (3, 1, 0), (3, 1, 1)] 1 3 XXXXyXyxxxxxxYxYxyxxxYXXXXXX
4 2 68 char5 [(0, 0, 0), (1, 0, 1), (1, 2, 0), (2, 2, 1), (2, 3, 0), (3, 1, 0), (3, 1, 1)] 1 3 XyXyxxxYxYXXXXXXXXXyXyxxxYxYxyxxxYXyXyxYYXYxyxYYxxxxxyXYxyXYXyxyXXXX
4 3/2 46 char5 [(0, 0, 0), (1, 0, 1), (1, 2, 0), (2, 2, 1), (2, 3, 0), (3, 1, 0), (3, 1, 1)] 1 0 xxxYxYXXyxxxYXXXXyXyxxxYxYXXXXXyxxxYXXXXyXyxxx
4 2 22 char7 [(0, 0, 0), (1, 0, 1), (1, 2, 0), (2, 2, 1), (2, 3, 0), (3, 1, 0), (3, 3, 1)] 1 3 XXyxxxxxxYXXXXyxxxYXXX
4 2 24 char7 [(0, 0, 0), (1, 0, 1), (1, 2, 0), (2, 2, 1), (2, 3, 0), (3, 1, 0), (3, 3, 1)] 1 3 XXyxxxYXXXyxxxYXyxxxYXXX
4 3/2 36 char7 [(0, 0, 0), (1, 0, 1), (1, 2, 0), (2, 2, 1), (2, 3, 0), (3, 1, 0), (3, 3, 1)] 2 0 xxxYXXXXyxxxYXXXXXXyxxxYXXXXXyxxxxxx
4 3/2 40 char7 [(0, 0, 0), (1, 0, 1), (1, 2, 0), (2, 2, 1), (2, 3, 0), (3, 1, 0), (3, 3, 1)] 0 3 YXXXyxxxYxyxxxYXXXXXXXXXyxxxxxxYXXXXyxxx
4 2 50 char3 [(0, 0, 0), (1, 0, 1), (1, 2, 0), (2, 3, 0), (2, 3, 1), (3, 1, 0), (3, 1, 1)] 1 3 XXyxxxYXXXyxxxYXXXXyxxxYXyxyxYXXXyXYXYxxyxYxxxyXYX
4 2 22 char7 [(0, 0, 0), (1, 0, 1), (1, 2, 0), (2, 3, 0), (2, 3, 1), (3, 1, 0), (3, 1, 1)] 1 3 XXyxxxxxxYXXXXyxxxYXXX
4 3/2 68 char7 [(0, 0, 0), (1, 0, 1), (1, 2, 0), (2, 3, 0), (2, 3, 1), (3, 1, 0), (3, 1, 1)] 1 3 XXXyxxxYXXXyxxxYxyxxxYXXXyxxxYXXXyxxxYXXXyxYXXyxYxyxYxxxyXYXyXYXyXYX
4 3/2 78 char7 [(0, 0, 0), (1, 0, 1), (1, 2, 0), (2, 3, 0), (2, 3, 1), (3, 1, 0), (3, 1, 1)] 1 3 XXyxxxxxxYXyxxxYXXXyxxxYXXXXXyxxxYXXXyXXXYXyxxxYxyxYXXXyXYXyXXXYxyxxxxYxxxyXYX
4 2 26 char7 [(0, 0, 0), (1, 0, 1), (1, 2, 0), (2, 3, 0), (2, 3, 1), (3, 1, 0), (3, 2, 1)] 1 2 XyxxxYxyxxxYXXXXXXXyxxxYXX
4 2 60 char7 [(0, 0, 0), (1, 0, 1), (1, 2, 0), (2, 3, 0), (2, 3, 1), (3, 1, 0), (3, 2, 1)] 3 1 XXXXXXXXXyxxxYxyxxxYXyxxxxYxyXXyXXXYxyXXXYxYXyXYxyxxxYXyxxxY
4 3/2 44 char7 [(0, 0, 0), (1, 0, 1), (1, 2, 0), (2, 3, 0), (2, 3, 1), (3, 1, 0), (3, 2, 1)] 1 2 XXXXyxxxYXXXXXXyxxxYxyxxxYXXXXyxxxYxyxxxYXXX
4 3/2 40 char5 [(0, 0, 0), (1, 0, 1), (1, 2, 0), (2, 3, 0), (2, 3, 1), (3, 1, 0), (3, 2, 1)] 2 0 xxxYXXXXXXyxxxYxyxxxYXXXXXXXXXyxxxYXyxxx
4 2 40 char3 [(0, 0, 1), (0, 1, 0), (1, 0, 0), (1, 2, 1), (2, 1, 1), (2, 3, 0), (3, 2, 0)] 0 1 XXyxxYXXyxxYxyxxxxYXyyyxxYYYxyXXYXXXyXXY
4 2 50 char3 [(0, 0, 1), (0, 1, 0), (1, 0, 0), (1, 2, 1), (2, 1, 1), (2, 3, 0), (3, 2, 0)] 0 2 xxYxyxxYXXXXXXXyxxYxxyxxYXXyXXYxyyXyyyxxYxYYXyXXYY
4 3/2 42 char5 [(0, 0, 1), (0, 1, 0), (1, 0, 0), (1, 2, 1), (2, 1, 1), (2, 3, 0), (3, 2, 0)] 2 0 xxYXXXXXXyxxYXyxxYXXyxxxxYXXXyyyXXYxxyxxYY
4 3/2 70 char5 [(0, 0, 1), (0, 1, 0), (1, 0, 0), (1, 2, 1), (2, 1, 1), (2, 3, 0), (3, 2, 0)] 0 1 XXXXyxxYXyxxYXyxxxxYxyxxYXXXXXXXyyxyxxyyXXYXYYxxxYYXyxxxxYXXyXXYxxyXXY
4 2 16 char3 [(0, 0, 1), (0, 1, 0), (1, 0, 0), (1, 2, 1), (2, 3, 0), (2, 3, 1), (3, 2, 0)] 0 1 XXyxxyxyxxYXYYXX
4 2 46 char3 [(0, 0, 1), (0, 1, 0), (1, 0, 0), (1, 2, 1), (2, 3, 0), (2, 3, 1), (3, 2, 0)] 0 1 XXXXyxxyxyxxYXYYxyyXyXYXYxxyxxxyxYxYYXyXXyXXYY
4 2 34 char3 [(0, 0, 1), (0, 1, 0), (1, 0, 0), (1, 2, 1), (2, 3, 0), (2, 3, 1), (3, 2, 0)] 0 2 YXXXXyxxyxyxYxxyXYXYYXXyyXXYxxyxxY
4 2 50 char3 [(0, 0, 1), (0, 1, 0), (1, 0, 0), (1, 2, 1), (2, 3, 0), (2, 3, 1), (3, 2, 0)] 0 1 XXyxxyxyxYxxyXYXYYXXXXyxxYXXyXXYxxyxxYXXyxxYxxyXXY
4 2 66 char3 [(0, 0, 1), (0, 1, 0), (1, 0, 0), (1, 2, 1), (2, 3, 0), (2, 3, 1), (3, 2, 0)] 0 1 XXyxxYXXXXyxxyxyxYxYxxyxyXXYXXyXYXYXXYxyyXyxxYXYYXyxxyxyxYxxyXYXYY
4 3/2 30 char5 [(0, 0, 1), (0, 1, 0), (1, 0, 0), (1, 2, 1), (2, 3, 0), (2, 3, 1), (3, 2, 0)] 0 1 yyxyxxYXYYXXyxxYXXyyxyxxYXYYXX
4 3/2 60 char5 [(0, 0, 1), (0, 1, 0), (1, 0, 0), (1, 2, 1), (2, 3, 0), (2, 3, 1), (3, 2, 0)] 0 1 XXyxxYXXyyxyxxYXYYXXyXXyxyxxYXYxxyxyxYxYXXyXyXXYxYxxyXyxYXYY
4 3/2 46 char5 [(0, 0, 1), (0, 1, 0), (1, 0, 0), (1, 2, 1), (2, 3, 0), (2, 3, 1), (3, 2, 0)] 0 1 yxxyxyxYxxyXYXYYXXXXyxxxxYXXyyxyxYxxyXYXYYXXXX
4 3/2 78 char5 [(0, 0, 1), (0, 1, 0), (1, 0, 0), (1, 2, 1), (2, 3, 0), (2, 3, 1), (3, 2, 0)] 0 2 xxxxYXXXXXXyyxyxYxxyXYXYYXXXXyyxyxYxxyXYXYxxyxyxYxxxYxxyXyXYxxyxYXYXXyXyXYXXXY
4 3/2 76 char5 [(0, 0, 1), (0, 1, 0), (1, 0, 0), (1, 2, 1), (2, 3, 0), (2, 3, 1), (3, 2, 0)] 0 3 xyxYxYxxyXyXYXYYXXyxxxxYXXyxxYXXXXyyxyxYxYxxyXyXYXYYXXyyxyxYxxyXYXXyXYXXyxYx
4 4/3 76 char5 [(0, 0, 1), (0, 1, 0), (1, 0, 0), (1, 2, 1), (2, 3, 0), (2, 3, 1), (3, 2, 0)] 0 1 XXyyxyxxYXYYXXyyxyxxYXYxxyxyxxYXYYXyyXyXYXYYXXyyxyxYxYxxYXyyxyxYxYXXyXyXYXYY
4 4/3 80 char5 [(0, 0, 1), (0, 1, 0), (1, 0, 0), (1, 2, 1), (2, 3, 0), (2, 3, 1), (3, 2, 0)] 0 1 XXyyxyxxYXYxxYXXyyxyxxYXYYXXyyxyxxYXYYXXyyxyxYxYYXyyxyxYxYxxyXyXYXYYxyXXyXyXYXYY
4 2 46 char3 [(0, 0, 1), (0, 1, 0), (1, 0, 0), (1, 2, 1), (2, 3, 0), (3, 1, 1), (3, 2, 0)] 0 1 XXXXYxYxxyXyXXYxxxxxYxYxYxYxxyXXXyXyXyxxYXXyXy
4 2 44 char3 [(0, 0, 1), (0, 1, 0), (1, 0, 0), (1, 2, 1), (2, 3, 0), (3, 1, 1), (3, 2, 0)] 0 3 xYxxyXyXXYxxyXXYxxyyxyxxYXYYXXyyxyXXYXYXXYxx
4 2 68 char3 [(0, 0, 1), (0, 1, 0), (1, 0, 0), (1, 2, 1), (2, 3, 0), (3, 1, 1), (3, 2, 0)] 0 1 yxyxxYXYYxxyXXYxxyXXXYXYXYxyXyXyxyXyXyxYXYXYYxYxYXyxyxyXyxyxyXYxYxYX
4 2 74 char3 [(0, 0, 1), (0, 1, 0), (1, 0, 0), (1, 2, 1), (2, 3, 0), (3, 1, 1), (3, 2, 0)] 0 1 YxxyyxyxxYXYYxxyXXXXXXyxyxxYXYxxYxYXXyXyXXyxyXXYXYYxYxxyXyyxxxyXXYXXyxxYXY
4 2 44 char7 [(0, 0, 1), (0, 1, 0), (1, 0, 0), (1, 2, 1), (2, 3, 0), (3, 1, 1), (3, 2, 0)] 0 1 YxYxYXYxxyXXyxyxyXXXXYXYxYYXXyyxyxyxYxxyyXXY
4 2 78 char7 [(0, 0, 1), (0, 1, 0), (1, 0, 0), (1, 2, 1), (2, 3, 0), (3, 1, 1), (3, 2, 0)] 0 1 yxyxyXYxxxYxYXXXXXYxYXXyXyyxyxyXyXXYxYXYXYYxYxxyXyyxxYXXYxxyXXYxxyxxYXXyxxYXXy
4 3/2 50 char3 [(0, 0, 1), (0, 1, 0), (1, 0, 0), (1, 2, 1), (2, 3, 0), (3, 1, 1), (3, 2, 0)] 0 1 YxxyXXYxYxxyXyXXXXYxxyXXYxxyXXyxyxyXYxYxxyXyxYXYXY
4 3/2 34 Qbar [(0, 0, 1), (0, 1, 0), (1, 0, 0), (1, 2, 1), (2, 3, 0), (3, 1, 1), (3, 2, 0)] 0 1 XXyxyxyXYxYxYXYxYxYXYxxyXXyxyxyXXX
4 4/3 48 Qbar [(0, 0, 1), (0, 1, 0), (1, 0, 0), (1, 2, 1), (2, 3, 0), (3, 1, 1), (3, 2, 0)] 0 1 XXyxyxyXXXXXXXYxYxYXYxxyyxyxyXYxYxYXYxYxYXyxyxyX
4 4/3 76 char5 [(0, 0, 1), (0, 1, 0), (1, 0, 0), (1, 2, 1), (2, 3, 0), (3, 1, 1), (3, 2, 0)] 0 1 XXYxYxYXYxYxYXXXYxYxYXyxyxyXyxyxyXXXyxyxyXXXyxyXXYXYxYXYXYYxxyyxyxyXyxyxxYXY
4 2 52 char3 [(0, 0, 1), (0, 1, 0), (1, 0, 0), (1, 2, 1), (2, 3, 0), (3, 2, 0), (3, 3, 1)] 0 1 yxxYXXyxyxxYXYXXyxyxYxxyXYXYxyXXYXyxyxYXXyXYXYxyxxYX
4 2 32 char3 [(0, 0, 1), (0, 1, 0), (1, 0, 0), (1, 2, 1), (2, 3, 0), (3, 2, 0), (3, 3, 1)] 0 2 xxYXXXXyxyxxYXYxyXyxYXXyXYxYXyxx
4 2 52 char3 [(0, 0, 1), (0, 1, 0), (1, 0, 0), (1, 2, 1), (2, 3, 0), (3, 2, 0), (3, 3, 1)] 0 1 yxxxyxYxxyXYXYXXXXyxxYXXyxyxYxxyXYXYxxyxyxYXXyXYXYXX
4 3/2 56 char5 [(0, 0, 1), (0, 1, 0), (1, 0, 0), (1, 2, 1), (2, 3, 0), (3, 2, 0), (3, 3, 1)] 0 1 XXyxyxxYXYXXyxyxxYxYXXyxxYxxyxyxYXXyXXXYXYXXyXyxYxxyxYXY
4 3/2 68 char5 [(0, 0, 1), (0, 1, 0), (1, 0, 0), (1, 2, 1), (2, 3, 0), (3, 2, 0), (3, 3, 1)] 0 1 XXXXXXyxyxxYxxyxxxYXXyXYXYxyxxYXyxxxyxYxYXyxyXXXXYXYxyXyXYXXyxxxxYXY
4 3/2 58 char5 [(0, 0, 1), (0, 1, 0), (1, 0, 0), (1, 2, 1), (2, 3, 0), (3, 2, 0), (3, 3, 1)] 0 1 XXyxxxyxYxxyXYxYXXyxyxYxxyXYXYXXXXXXyxxYXyXyXYXYxxyxyxYxYX
4 4/3 54 char5 [(0, 0, 1), (0, 1, 0), (1, 0, 0), (1, 2, 1), (2, 3, 0), (3, 2, 0), (3, 3, 1)] 3 2 xxxYxYXXXXXXyxyxxYXYXXyXyxYxYXyxyXYxYXyxxYxyXyxYXYxyXy
4 4/3 68 char7 [(0, 0, 1), (0, 1, 0), (1, 0, 0), (1, 2, 1), (2, 3, 0), (3, 2, 0), (3, 3, 1)] 0 1 yxyxxxxxxYxYXXXXXXXXyxyxYxYXyxyxYxYxxyXyXYXYXyxyXYXYXXyxyxYXXyXYXYxx
4 2 18 char7 [(0, 1, 0), (0, 1, 1), (1, 0, 0), (1, 2, 1), (2, 0, 1), (2, 3, 0), (3, 2, 0)] 0 1 XXXXyxxYXXYxxyyxxY
4 2 58 char7 [(0, 1, 0), (0, 1, 1), (1, 0, 0), (1, 2, 1), (2, 0, 1), (2, 3, 0), (3, 2, 0)] 0 1 YxxyyxxYXXyxxYXXXYXXYYXXYxxyxxyyyxYxxyxxxyxxYXYXXyXyXXYXXX
4 2 16 char3 [(0, 1, 0), (0, 1, 1), (1, 0, 0), (1, 2, 1), (2, 0, 1), (2, 3, 0), (3, 2, 0)] 0 1 XYxxxxyXYxxyXXXX
4 2 70 char3 [(0, 1, 0), (0, 1, 1), (1, 0, 0), (1, 2, 1), (2, 0, 1), (2, 3, 0), (3, 2, 0)] 0 1 XXXXXYxxyXYxxyxYxxyXYXXyyyyxYXXyXYxxyxYxxyXYYYxYxxxxyXYXXyxYXXXXyXYxxy
4 3/2 56 Qbar [(0, 1, 0), (0, 1, 1), (1, 0, 0), (1, 2, 1), (2, 0, 1), (2, 3, 0), (3, 2, 0)] 0 1 XXyxxYXXyxxYXXXXYxxyyxxYYxxyXXYYYxyxxYYxxyXyyyxyXXYYXXyX
4 3/2 54 char3 [(0, 1, 0), (0, 1, 1), (1, 0, 0), (1, 2, 1), (2, 0, 1), (2, 3, 0), (3, 2, 0)] 0 1 XXyxxxxYYxxyXXXXyxxYYxxyXXXXYxxyxyyyXYXXyxYYxxYYYXXyyX
4 3/2 52 char5 [(0, 1, 0), (0, 1, 1), (1, 0, 0), (1, 2, 1), (2, 0, 1), (2, 3, 0), (3, 2, 0)] 0 1 YxxyXXYxxyxYxxyXXYxxyXXXXYxxyXXXYXXyXXyxxYxxYxxyyXXY
4 3/2 58 char3 [(0, 1, 0), (0, 1, 1), (1, 0, 0), (1, 2, 1), (2, 0, 1), (2, 3, 0), (3, 2, 0)] 1 0 YxxyXXXXYxxyXYxxyXXXYxxyXYxxyXXYXXyyyxxYYxxxxxYXXyXXYxxyXX
4 2 38 char3 [(0, 1, 0), (0, 1, 1), (1, 0, 0), (1, 2, 1), (2, 3, 0), (2, 3, 1), (3, 2, 0)] 3 2 xYYXXXXyxxyxxxYYXyyxYYXyyXXYYxyyXYYxyy
4 2 58 char3 [(0, 1, 0), (0, 1, 1), (1, 0, 0), (1, 2, 1), (2, 3, 0), (2, 3, 1), (3, 2, 0)] 0 1 XXyyxxYxxYXXyXXYXXyxxyxYYxyxxYxyyXYXXyxxxYYXyXXYxyyXXXYxxY
4 2 38 char3 [(0, 1, 0), (0, 1, 1), (1, 0, 0), (1, 2, 1), (2, 3, 0), (2, 3, 1), (3, 2, 0)] 0 1 yxxyxYxxyXYYXXyxxYXXXXyxxYxxxxyXXYXXXX
4 2 56 char3 [(0, 1, 0), (0, 1, 1), (1, 0, 0), (1, 2, 1), (2, 3, 0), (2, 3, 1), (3, 2, 0)] 3 2 XYxxYXXyxxYXXyyxYXXyXYYXXyyxYxxYXXXyXXyxYxxyxYxxYxxxyyXX
4 3/2 64 char5 [(0, 1, 0), (0, 1, 1), (1, 0, 0), (1, 2, 1), (2, 3, 0), (2, 3, 1), (3, 2, 0)] 0 1 XXyyxxYxxYXXXXyyxxYXXyxYXXyXYYxxyyxYxxyXYYXXyyxYxxyXYxxyxYXXyXYY
4 3/2 46 char5 [(0, 1, 0), (0, 1, 1), (1, 0, 0), (1, 2, 1), (2, 3, 0), (2, 3, 1), (3, 2, 0)] 0 1 yyxxYYXXXXXXyxxyxxYxxyxYXXyxYYXXyyXYxxyXYXXYxx
4 3/2 48 char5 [(0, 1, 0), (0, 1, 1), (1, 0, 0), (1, 2, 1), (2, 3, 0), (2, 3, 1), (3, 2, 0)] 1 0 XXXyxxxxxxyxYxxyXYYXXXXXXyyxYxxyXYXXYXyyxYxxyXYY
4 3/2 58 char5 [(0, 1, 0), (0, 1, 1), (1, 0, 0), (1, 2, 1), (2, 3, 0), (2, 3, 1), (3, 2, 0)] 1 2 xxYXXXXXXyxxyxYxxyXYYXXXXyyxYxxyXYxxyxYYxyyxYYXXyyXYYxyyXY
4 4/3 48 char7 [(0, 1, 0), (0, 1, 1), (1, 0, 0), (1, 2, 1), (2, 3, 0), (2, 3, 1), (3, 2, 0)] 0 1 yyxxYYXXXXyxxyxxYYXXXXyyxxxYYXXXyyxxYYxyyXXXYYxx
4 4/3 60 char7 [(0, 1, 0), (0, 1, 1), (1, 0, 0), (1, 2, 1), (2, 3, 0), (2, 3, 1), (3, 2, 0)] 0 1 XXXXyyxxxxYYXXXXyyxxYxxyxYXXyXYXXyXXYxxxxxxyxYxxyXYXXXXyxxYY
4 2 38 char3 [(0, 1, 0), (0, 1, 1), (1, 0, 0), (1, 2, 1), (2, 3, 0), (3, 0, 1), (3, 2, 0)] 0 1 yxxYXXXXyxxYYxxyXXyXXYYXXyXXyxxYYxxyxx
4 2 42 char3 [(0, 1, 0), (0, 1, 1), (1, 0, 0), (1, 2, 1), (2, 3, 0), (3, 0, 1), (3, 2, 0)] 0 1 yxxYXXXXXXyxxYYxxxYXYXXyxyXXXyXXYxxyxxYxxy
4 3/2 38 char5 [(0, 1, 0), (0, 1, 1), (1, 0, 0), (1, 2, 1), (2, 3, 0), (3, 0, 1), (3, 2, 0)] 0 1 XXXXXXyxxYYxxyXXYxxyyxxxxYXXXyXyxxYxYX
4 3/2 62 char5 [(0, 1, 0), (0, 1, 1), (1, 0, 0), (1, 2, 1), (2, 3, 0), (3, 0, 1), (3, 2, 0)] 0 1 YxxyXXyxxYYxxyXXXXXXyxxYXXyxxYYxxyyxyXYxxyxYXYYXXXXyyxxYxYXXyX
4 2 16 char3 [(0, 0, 1), (0, 1, 0), (1, 0, 0), (2, 1, 1), (2, 3, 0), (3, 2, 0), (3, 2, 1)] 0 1 YxxYxYxxyXyyXXXX
4 2 56 char3 [(0, 0, 1), (0, 1, 0), (1, 0, 0), (2, 1, 1), (2, 3, 0), (3, 2, 0), (3, 2, 1)] 0 1 XXYxxyXXYYxYxxxyxxxyxxxxYXYXyXyxxYxYxyxyXXXXYXXXYXyXyXXy
4 2 48 char3 [(0, 0, 1), (0, 1, 0), (1, 0, 0), (2, 1, 1), (2, 3, 0), (3, 2, 0), (3, 2, 1)] 0 1 YxxxxyXXXXXXYYxYxyxxYXyXyxxyxYYXYXyXyXXYxYxyxyyX
4 2 24 char3 [(0, 0, 1), (0, 1, 0), (1, 0, 0), (2, 1, 1), (2, 3, 0), (3, 2, 0), (3, 2, 1)] 0 1 XXXXXXYxxxxYxYxyxxYXyXyy
4 2 28 char3 [(0, 0, 1), (0, 1, 0), (1, 0, 0), (2, 1, 1), (2, 3, 0), (3, 2, 0), (3, 2, 1)] 0 1 XXYxxxxYxYxyxyxxYXYXyXyyXXXX
4 3/2 30 char5 [(0, 0, 1), (0, 1, 0), (1, 0, 0), (2, 1, 1), (2, 3, 0), (3, 2, 0), (3, 2, 1)] 0 1 YYxYxxyXyyXXYYxYxxyXyyXXYxxyXX
4 3/2 28 char5 [(0, 0, 1), (0, 1, 0), (1, 0, 0), (2, 1, 1), (2, 3, 0), (3, 2, 0), (3, 2, 1)] 0 1 YYxYxxyXyyXXYYxYxxyXyxxyXXXX
4 3/2 44 char5 [(0, 0, 1), (0, 1, 0), (1, 0, 0), (2, 1, 1), (2, 3, 0), (3, 2, 0), (3, 2, 1)] 0 1 XXYxxYxYxyxxYXyXyxxYxYxyxxYXyXyyXXXXXXXXYxxy
4 3/2 60 char5 [(0, 0, 1), (0, 1, 0), (1, 0, 0), (2, 1, 1), (2, 3, 0), (3, 2, 0), (3, 2, 1)] 0 1 XXXXYYxYxyxxYXyXyxxyXXYxxYxYxyxxYXyXyyXXYxxxxYXXyyXXYYxxyXXy
4 3/2 40 char5 [(0, 0, 1), (0, 1, 0), (1, 0, 0), (2, 1, 1), (2, 3, 0), (3, 2, 0), (3, 2, 1)] 0 1 XXXXYxxyXXXXYxxyXXYYxYxyxyxxxxYXYXyXyxxy
4 4/3 50 char5 [(0, 0, 1), (0, 1, 0), (1, 0, 0), (2, 1, 1), (2, 3, 0), (3, 2, 0), (3, 2, 1)] 0 1 YYxYxxyXyyXXXXYxxYxYxxyXyyXXXXYYxYxxyXyxxyXXYXXyxx
4 4/3 66 char5 [(0, 0, 1), (0, 1, 0), (1, 0, 0), (2, 1, 1), (2, 3, 0), (3, 2, 0), (3, 2, 1)] 0 1 XXYYxYxxxxyXyyXXYYxYxxyXyxxyXXXXYYxYxyxyXXYXYXyxxYxyxyxxYXYXyXXXyy
4 2 26 char3 [(0, 0, 1), (0, 1, 0), (1, 2, 0), (1, 2, 1), (2, 1, 1), (2, 3, 0), (3, 0, 0)] 1 0 xyXyXXYxyyyXYYxyXYxxYxyXYY
4 2 60 char5 [(0, 0, 1), (0, 1, 0), (1, 2, 0), (1, 2, 1), (2, 1, 1), (2, 3, 0), (3, 0, 0)] 0 2 XXyxyXyXXYYYYxxYYYxyXYxxYxyyyXYYxYXyXXyyyxyyXYxxYXXXXyyxxxxY
4 2 42 char3 [(0, 0, 1), (0, 1, 0), (1, 2, 0), (1, 3, 1), (2, 1, 1), (2, 3, 0), (3, 0, 0)] 0 1 xxxYYxxyxyXyxyXyXYYxxyxyxyXYXYYXXyXYYXXyXY
4 2 30 char5 [(0, 0, 1), (0, 1, 0), (1, 2, 0), (2, 3, 0), (2, 3, 1), (3, 0, 0), (3, 2, 1)] 2 0 yXYYYYYxyyXYxyyXYYxyxxYXyyxyXX
4 2 40 char5 [(0, 0, 1), (0, 1, 0), (1, 2, 0), (2, 3, 0), (2, 3, 1), (3, 0, 0), (3, 2, 1)] 0 3 yyXYYYxyyXYYYxYYXYxyXXYXyxyyXYxyxxYXyxyy
4 3/2 28 char3 [(0, 0, 1), (0, 1, 0), (1, 2, 0), (2, 3, 0), (2, 3, 1), (3, 0, 0), (3, 2, 1)] 2 3 YYYxyyXYYYxyyyyyyXyxyyXYYYYY
4 3/2 38 char3 [(0, 0, 1), (0, 1, 0), (1, 2, 0), (2, 3, 0), (2, 3, 1), (3, 0, 0), (3, 2, 1)] 0 3 yyXYYYYYxyyXYYxyyyyXYYYxyyxxxxYYXXXXyy
4 2 66 char3 [(0, 0, 1), (0, 1, 0), (1, 2, 0), (2, 3, 0), (2, 3, 1), (3, 0, 0), (3, 1, 1)] 0 3 XyXyxYxYXXXYxxxyxyXyXyxYxYYXXyxYYXXXXXYXXYYXYxxYYxxxxyyXXyxyyxxyxy
4 2 38 char5 [(0, 1, 0), (0, 1, 1), (1, 2, 0), (2, 0, 1), (2, 3, 0), (3, 0, 0), (3, 2, 1)] 0 1 XyxxxxxxyXXyxxyXYYxxxxxyXXyXYXXYXXYYXX
4 2 74 char3 [(0, 1, 0), (0, 1, 1), (1, 2, 0), (2, 0, 1), (2, 3, 0), (3, 0, 0), (3, 2, 1)] 3 2 xyXXyxyyXyxyyXyxxyXYYXXYYXXYYxxxxxxxxxyXYYXXYXXyxYXyXXYxxYYXXYxxYxyXXXyyxx
4 2 54 char5 [(0, 0, 1), (0, 1, 0), (1, 2, 0), (1, 2, 1), (2, 3, 0), (3, 0, 0), (3, 1, 1)] 0 1 yxyxxyXXXXyxyxxxYxYxYXXXYXXYxxyXYxyXyxxxYxYXXYxxyXXXXX
4 2 50 char3 [(0, 0, 1), (0, 1, 0), (1, 2, 0), (1, 3, 1), (2, 3, 0), (3, 0, 0), (3, 2, 1)] 3 0 YXYXYxxYXXyxYXYxxxxyyxyXXXYXyxxxyXXXYXYXyxyXXyxxxx
4 2 52 char5 [(0, 0, 1), (0, 1, 0), (1, 2, 0), (1, 3, 1), (2, 3, 0), (3, 0, 0), (3, 2, 1)] 3 0 yxxxyXXyxxxxYXYXYXYXYxxYXXyxYXyxyXXyxyyxyXXXYXYXYxxx
4 2 46 char3 [(0, 1, 0), (0, 1, 1), (1, 2, 0), (1, 3, 1), (2, 3, 0), (3, 0, 0), (3, 2, 1)] 3 2 YYXyxxxyyxxxxxxxxxyxxyXXXYYXyXXXYYXyXXXYXXYXyx
