3 2 42 char3 [(0, 0, 0), (0, 1, 1), (1, 0, 1), (1, 2, 0), (2, 3, 1), (3, 4, 1), (4, 2, 1)] 0 1 YYYYxyyyyyyXYYYYxyyyyyyXYYYYYYYxyyyyyyXYYY
3 2 42 char3 [(0, 0, 0), (0, 1, 1), (1, 0, 1), (1, 2, 0), (2, 3, 1), (3, 4, 1), (4, 2, 1)] 0 1 xyyyyyyXYxyyyyyyXYYYYYYYYYYYYYxyyyyyyXYYYY
3 2 42 char3 [(0, 0, 0), (0, 1, 1), (1, 0, 1), (2, 1, 0), (2, 3, 1), (3, 4, 1), (4, 2, 1)] 0 1 YYXyyyyyyxYYYXyyyyyyxYYYYYYYYYYYYYXyyyyyyx
3 2 30 char5 [(0, 0, 0), (0, 1, 1), (1, 2, 1), (2, 3, 1), (3, 0, 1), (4, 2, 0), (4, 4, 1)] 0 2 XyyyyxYYXyyyyxYYYYYYXyyyyxYYYY
3 2 50 char5 [(0, 0, 0), (0, 1, 1), (1, 2, 1), (2, 3, 1), (3, 0, 1), (4, 2, 0), (4, 4, 1)] 2 0 XyyyyxyyXyyyyxYYYYXyyyyxYYYYYYYYXyyyyxYYYYXYYYYxyy
3 3/2 52 char5 [(0, 0, 0), (0, 1, 1), (1, 2, 1), (2, 3, 1), (3, 0, 1), (4, 2, 0), (4, 4, 1)] 0 2 XyyyyxYYYYYYYYYYYYXyyyyyyyyxYYXyyyyxYYYYYYYYXyyyyxyy
3 3/2 48 char5 [(0, 0, 0), (0, 1, 1), (1, 2, 1), (2, 3, 1), (3, 0, 1), (4, 2, 0), (4, 4, 1)] 2 0 YYYYYYYYXyyyyxYYXyyyyyyyyxYYYYXyyyyxYYYYYYXyyyyx
3 2 28 char5 [(0, 0, 0), (0, 1, 1), (1, 2, 1), (2, 3, 0), (2, 4, 1), (3, 3, 1), (4, 0, 1)] 2 0 YYxyyyyyyyyXYYYYYYYYYYxyyyyX
3 2 30 char5 [(0, 0, 0), (0, 1, 1), (1, 2, 1), (2, 3, 0), (2, 4, 1), (3, 3, 1), (4, 0, 1)] 0 2 YYYYxyyyyXYYxyyyyXYYxyyyyXYYYY
3 3/2 54 char5 [(0, 0, 0), (0, 1, 1), (1, 2, 1), (2, 3, 0), (2, 4, 1), (3, 3, 1), (4, 0, 1)] 0 2 YYxyyyyXyyxyyyyXYYYYYYYYYYYYxyyyyXYYxyyyyXYYxyyyyXYYYY
3 2 54 char5 [(0, 0, 1), (0, 1, 0), (1, 2, 0), (1, 3, 1), (2, 4, 1), (3, 2, 1), (4, 1, 1)] 2 1 YYYYXyyyyyyyyxYYYYYYXyyyyyyyyxYYXYYYYxyyXYYYYxYYXyyyyx
3 2 30 char5 [(0, 0, 1), (0, 1, 0), (1, 2, 0), (1, 3, 1), (2, 4, 1), (3, 2, 1), (4, 1, 1)] 2 1 YYYYXyyyyxYYYYYYXyyyyxYYXyyyyx
3 3/2 52 char5 [(0, 0, 1), (0, 1, 0), (1, 2, 0), (1, 3, 1), (2, 4, 1), (3, 2, 1), (4, 1, 1)] 1 0 yyyyxyyXyyyyxYYYYYYYYYYXyyyyxYYYYYYXyyyyxYYYYYYXyyyy
3 3/2 50 char5 [(0, 0, 1), (0, 1, 0), (1, 2, 0), (1, 3, 1), (2, 4, 1), (3, 2, 1), (4, 1, 1)] 1 2 YYXyyyyxYYXyyyyxYYXyyyyxYYYYYYYYXyyyyxYYXyyyyxYYYY
3 2 42 char3 [(0, 1, 0), (0, 1, 1), (1, 0, 1), (1, 2, 0), (2, 3, 1), (3, 4, 1), (4, 2, 1)] 0 1 YYYYYYxyyyyyyXYYYYYYYxyyyyyyXYYYYYxyyyyyyX
3 2 42 char3 [(0, 1, 0), (0, 1, 1), (1, 0, 1), (1, 2, 0), (2, 3, 1), (3, 4, 1), (4, 2, 1)] 0 1 YYYYYYYYYYxyyyyyyXYYxyyyyyyXYYYYYxyyyyyyXY
3 2 40 char3 [(0, 1, 0), (0, 1, 1), (1, 0, 1), (2, 0, 0), (2, 3, 1), (3, 4, 1), (4, 2, 1)] 0 1 YXyyyyyyyyyyyyxYYYYYYYYYXyyyyyyxYYYYYYYY
3 2 42 char3 [(0, 1, 0), (0, 1, 1), (1, 0, 1), (2, 0, 0), (2, 3, 1), (3, 4, 1), (4, 2, 1)] 1 0 XyyyyyyxYYYYYYXyyyyyyxYYYYYXyyyyyyxYYYYYYY
3 2 30 char5 [(0, 0, 1), (1, 0, 0), (1, 2, 1), (2, 3, 1), (3, 1, 0), (3, 4, 1), (4, 1, 1)] 3 1 YYYYYYYYxyyyyXYYxyyyyXYYxyyyyX
3 2 28 char5 [(0, 0, 1), (1, 0, 0), (1, 2, 1), (2, 3, 1), (3, 1, 0), (3, 4, 1), (4, 1, 1)] 1 0 yyyyXYYYYYYxyyyyXYYYYYYxyyyy
3 3/2 48 char5 [(0, 0, 1), (1, 0, 0), (1, 2, 1), (2, 3, 1), (3, 1, 0), (3, 4, 1), (4, 1, 1)] 1 3 YYYYxyyyyXYYxyyyyyyyyXYYxyyyyXYYxyyyyXYYYYYYYYYY
3 2 28 char5 [(0, 0, 1), (0, 1, 0), (1, 2, 1), (2, 3, 1), (3, 4, 1), (4, 1, 1), (4, 3, 0)] 1 3 YYYYXyyyyxYYXyyyyyyyyxYYYYYY
3 2 30 char5 [(0, 0, 1), (0, 1, 0), (1, 2, 1), (2, 3, 1), (3, 4, 1), (4, 1, 1), (4, 3, 0)] 0 1 yyyxYYXyyyyxYYYYYYYYXyyyyxYYXy
3 3/2 52 char5 [(0, 0, 1), (0, 1, 0), (1, 2, 1), (2, 3, 1), (3, 4, 1), (4, 1, 1), (4, 3, 0)] 1 3 YYYYYYXyyyyxYYXyyyyxYYYYYYYYYYXyyyyyyyyxyyXyyyyxYYYY
3 2 34 char5 [(0, 0, 1), (0, 1, 0), (1, 2, 1), (2, 3, 0), (2, 3, 1), (3, 4, 1), (4, 1, 1)] 0 1 yxYYYYYYYYYYXyyyyxYYYYXyyyyxyyXyyy
3 2 40 char5 [(0, 0, 1), (0, 1, 0), (1, 2, 1), (2, 3, 0), (2, 3, 1), (3, 4, 1), (4, 1, 1)] 3 1 YYYYXyyyyyyyyxYYXyyyyxYYXyyyyxYYYYXYYYYx
3 3/2 54 char5 [(0, 0, 1), (0, 1, 0), (1, 2, 1), (2, 3, 0), (2, 3, 1), (3, 4, 1), (4, 1, 1)] 3 1 YYYYXyyyyxyyXyyyyxYYYYYYYYYYXyyyyxYYXyyyyxYYYYYYXyyyyx
3 2 52 char5 [(0, 0, 1), (1, 0, 0), (1, 2, 1), (2, 3, 1), (3, 4, 0), (3, 4, 1), (4, 1, 1)] 1 3 YYYYYYYYYYYYYYxyyyyyyyyXyyxyyyyXYYxYYYYXyyyyxyyyyXYY
3 2 56 char5 [(0, 0, 1), (1, 0, 0), (1, 2, 1), (2, 3, 1), (3, 4, 0), (3, 4, 1), (4, 1, 1)] 3 1 YYYYxyyyyXYYYYxyyyyXYYxyyyyyyyyXYYxyyyyXyyxYYYYXYYxYYYYX
3 3/2 52 char5 [(0, 0, 1), (1, 0, 0), (1, 2, 1), (2, 3, 1), (3, 4, 0), (3, 4, 1), (4, 1, 1)] 4 0 yyyyXyyxyyyyXYYxyyyyXYYYYYYYYYYYYYYxyyyyXYYYYYYxyyyy
3 3/2 52 char5 [(0, 0, 1), (1, 0, 0), (1, 2, 1), (2, 3, 1), (3, 4, 0), (3, 4, 1), (4, 1, 1)] 1 3 YYxyyyyyyyyXyyxyyyyXYYYYYYYYYYYYxyyyyXYYYYYYxyyyyXYY
3 2 34 char5 [(0, 0, 1), (1, 0, 0), (1, 2, 1), (2, 3, 1), (3, 2, 0), (3, 4, 1), (4, 1, 1)] 0 1 yXYYYYYYxyyyyXYYYYYYYYxyyyyXyyxyyy
3 3/2 48 char5 [(0, 0, 1), (1, 0, 0), (1, 2, 1), (2, 3, 1), (3, 2, 0), (3, 4, 1), (4, 1, 1)] 0 1 yXYYxyyyyXYYYYYYYYxyyyyyyyyXYYxyyyyXYYYYYYYYxyyy
3 3/2 54 char5 [(0, 0, 1), (1, 0, 0), (1, 2, 1), (2, 3, 1), (3, 2, 0), (3, 4, 1), (4, 1, 1)] 3 1 YYYYYYxyyyyXYYYYYYxyyyyXYYYYYYYYxyyyyXyyxyyyyXYYxyyyyX
3 2 26 char3 [(0, 0, 0), (0, 1, 1), (1, 2, 1), (2, 3, 1), (3, 4, 0), (4, 3, 0), (4, 4, 1)] 0 4 xxyyyxYYYxxxxyyyXXXXXXXYYY
3 2 38 char3 [(0, 0, 0), (0, 1, 1), (1, 2, 1), (2, 3, 1), (3, 4, 0), (4, 3, 0), (4, 4, 1)] 4 3 YYYxxxxyyyXXXXXXXYYYxxxxyyyxxYYYXXyyyX
3 3/2 46 char3 [(0, 0, 0), (0, 1, 1), (1, 2, 1), (2, 3, 1), (3, 4, 0), (4, 3, 0), (4, 4, 1)] 4 3 YYYxxyyyXYYYxxyyyxYYYxxxxyyyXXXXXYYYxxyyyXXXXX
3 3/2 38 char3 [(0, 0, 0), (0, 1, 1), (1, 2, 1), (2, 3, 1), (3, 4, 0), (4, 3, 0), (4, 4, 1)] 3 4 XYYYxxyyyXXXXXYYYxxxxyyyXYYYxxxxyyyXXX
3 2 22 char3 [(0, 0, 0), (0, 1, 1), (1, 2, 1), (2, 3, 0), (2, 4, 1), (3, 2, 0), (4, 3, 1)] 0 2 xxyyxYYxxxxyyXXXXXXXYY
3 2 38 char3 [(0, 0, 0), (0, 1, 1), (1, 2, 1), (2, 3, 0), (2, 4, 1), (3, 2, 0), (4, 3, 1)] 3 2 XYYxxyyxYYxxyyXXYYxxyyXXYYXXyyXXYYxxyy
3 3/2 58 char3 [(0, 0, 0), (0, 1, 1), (1, 2, 1), (2, 3, 0), (2, 4, 1), (3, 2, 0), (4, 3, 1)] 0 2 xxyyXYYxxyyXXXXXXYYxxyyXXXYYxxyyxYYxxyyXXYYxxyyxxYYXXyyXYY
3 2 24 char3 [(0, 0, 0), (0, 1, 1), (1, 2, 1), (2, 3, 0), (3, 2, 0), (3, 4, 1), (4, 3, 1)] 2 3 XYYxxyyXYYxxyyXYYxxyyXXX
3 2 32 char3 [(0, 0, 0), (0, 1, 1), (1, 2, 1), (2, 3, 0), (3, 2, 0), (3, 4, 1), (4, 3, 1)] 2 3 XYYxxxxyyXYYxxyyXXYYxxyyXXYYXXyy
3 3/2 42 char5 [(0, 0, 0), (0, 1, 1), (1, 2, 1), (2, 3, 0), (3, 2, 0), (3, 4, 1), (4, 3, 1)] 2 3 XYYxxyyXXYYxxyyXXXYYxxyyxYYxxyyXYYxxyyXXXX
3 2 30 char3 [(0, 0, 0), (1, 0, 1), (2, 1, 1), (3, 2, 1), (3, 4, 0), (4, 3, 0), (4, 4, 1)] 4 3 yyyxxYYYXyyyxxYYYXXXyyyxxYYYXX
3 2 48 char3 [(0, 0, 0), (1, 0, 1), (2, 1, 1), (3, 2, 1), (3, 4, 0), (4, 3, 0), (4, 4, 1)] 4 0 xxYYYXXyyyxxYYYXXXXXyyyxxYYYXyyyXXXXYYYxxyyyxxxx
3 3/2 38 char3 [(0, 0, 0), (1, 0, 1), (2, 1, 1), (3, 2, 1), (3, 4, 0), (4, 3, 0), (4, 4, 1)] 3 4 XXXXyyyxxYYYXXXXyyyxxYYYXyyyxxxxxxYYYX
3 2 24 char3 [(0, 0, 0), (1, 0, 1), (2, 1, 1), (2, 3, 0), (3, 2, 0), (3, 4, 1), (4, 2, 1)] 3 2 yyxxYYXXXyyxxYYXyyxxYYXX
3 2 46 char3 [(0, 0, 0), (1, 0, 1), (2, 1, 1), (2, 3, 0), (3, 2, 0), (3, 4, 1), (4, 2, 1)] 2 3 XXXyyxxYYXXXyyxxYYxyyxxxxYYxxyyxxYYXXyyXXXXYYX
3 3/2 36 char3 [(0, 0, 0), (1, 0, 1), (2, 1, 1), (2, 3, 0), (3, 2, 0), (3, 4, 1), (4, 2, 1)] 0 2 YYXXXyyxxxxYYXXXXyyxxYYXyyxxYYXXyyxx
3 2 20 char3 [(0, 0, 0), (1, 0, 1), (2, 1, 1), (2, 3, 0), (3, 2, 0), (3, 4, 1), (4, 3, 1)] 2 3 XXyyxxYYXXXyyxxxxYYX
3 3/2 34 char5 [(0, 0, 0), (1, 0, 1), (2, 1, 1), (2, 3, 0), (3, 2, 0), (3, 4, 1), (4, 3, 1)] 2 3 XXyyxxYYxyyxxxxxxYYXyyxxYYXXXXXXXX
3 3/2 58 char5 [(0, 0, 0), (1, 0, 1), (2, 1, 1), (2, 3, 0), (3, 2, 0), (3, 4, 1), (4, 3, 1)] 2 3 XXXXyyxxYYXyyxxYYXyyxxYYxyyxxYYXXyyxxYYXXXyyXXYYxxyyxxYYXX
3 2 48 char3 [(0, 0, 0), (0, 1, 1), (1, 0, 1), (1, 2, 0), (2, 3, 0), (3, 4, 1), (4, 3, 1)] 0 1 YYYYxxyyXXYYxxyyXXyxxYYXXYxxyyXXyxxyyyyXXYxxYYXX
3 2 26 char3 [(0, 0, 0), (0, 1, 1), (1, 0, 1), (2, 1, 0), (3, 2, 0), (3, 4, 1), (4, 3, 1)] 0 1 yXXyyxxYYYXXyyxxYYYYXXyyxx
3 2 20 char3 [(0, 0, 0), (0, 1, 1), (1, 0, 1), (2, 1, 0), (3, 2, 0), (3, 4, 1), (4, 3, 1)] 0 1 YYXXyyyyxxYYYXXyyxxY
3 3/2 58 char5 [(0, 0, 0), (0, 1, 1), (1, 0, 1), (2, 1, 0), (3, 2, 0), (3, 4, 1), (4, 3, 1)] 0 1 YYYYYYXXyyxxYYXXyyxxYXXyyxxYXXyyxxyXXyyxxyyXXYYxxYYXXyyxxY
3 3/2 48 char5 [(0, 0, 0), (0, 1, 1), (1, 0, 1), (2, 1, 0), (3, 2, 0), (3, 4, 1), (4, 3, 1)] 0 1 YXXyyxxYXXyyyyxxYYYYYYXXyyxxYYYXXYYxxyyXXyyyyxxY
3 2 24 char3 [(0, 0, 1), (0, 1, 0), (1, 2, 1), (3, 0, 0), (3, 4, 1), (4, 2, 0), (4, 3, 1)] 3 4 YYxYXyyyyxyXYYYxYXyyxyXY
3 2 52 char3 [(0, 0, 1), (0, 1, 0), (1, 2, 1), (3, 0, 0), (3, 4, 1), (4, 2, 0), (4, 3, 1)] 0 1 XyyxyXYYYYxYXyyxyXyxYXyyxyXYYxYXyyxyXyyxYXYYxyXYYYxY
3 3/2 44 char3 [(0, 0, 1), (0, 1, 0), (1, 2, 1), (3, 0, 0), (3, 4, 1), (4, 2, 0), (4, 3, 1)] 3 4 YYxYXyyyyxyXYxYXyyxyXYYYxYXyyxyXYYYxYXyyxyXY
3 3/2 46 char3 [(0, 0, 1), (0, 1, 0), (1, 2, 1), (3, 0, 0), (3, 4, 1), (4, 2, 0), (4, 3, 1)] 3 4 YYYYxYXyyxyXYYxYXyyyyxyXyxYXyyxyXYYYYxYXyyxyXY
3 2 30 char3 [(0, 0, 1), (0, 1, 0), (1, 2, 1), (3, 0, 0), (3, 4, 1), (4, 1, 1), (4, 2, 0)] 0 4 xYYxYXyyXyxYYxYXyxYYxYXyyXyyXy
3 2 30 char3 [(0, 0, 1), (0, 1, 0), (1, 2, 1), (3, 0, 0), (3, 4, 1), (4, 1, 1), (4, 2, 0)] 0 1 XyxYYxYXyxYYxYXyyXyxYYxYXyyXyy
3 3/2 52 char3 [(0, 0, 1), (0, 1, 0), (1, 2, 1), (3, 0, 0), (3, 4, 1), (4, 1, 1), (4, 2, 0)] 0 4 xYYxYXyxYYxYYxYYxYXyyXyyXyxYYxYXyyXyyXyyXyxYYxYXyyXy
3 2 38 char3 [(0, 1, 0), (0, 1, 1), (1, 2, 1), (3, 0, 0), (3, 4, 1), (4, 0, 1), (4, 2, 0)] 4 0 xYYxYYxYYxYYxYXyyXyxYYxYXyyXyyyXyXyyXy
3 2 44 char3 [(0, 1, 0), (0, 1, 1), (1, 2, 1), (3, 0, 0), (3, 4, 1), (4, 0, 1), (4, 2, 0)] 0 1 XyyXyxYXyyXyyXyyXyxYYxYYxYYYxYYxYxYYxYXyyXyy
3 3/2 52 char3 [(0, 1, 0), (0, 1, 1), (1, 2, 1), (3, 0, 0), (3, 4, 1), (4, 0, 1), (4, 2, 0)] 0 4 xYYxYYxYXyyXyxYYxYXyyXyxYYxYYxYXyyXyyXyyXyxYYxYXyyXy
3 3/2 58 char3 [(0, 1, 0), (0, 1, 1), (1, 2, 1), (3, 0, 0), (3, 4, 1), (4, 0, 1), (4, 2, 0)] 0 1 YxYYxYYxYXyyXyxYYxYYxYXyyXyxYYxYYxYXyyXyyyXyXyyXyxYXyyXyxY
3 2 34 char3 [(0, 0, 1), (0, 1, 0), (1, 2, 1), (2, 3, 0), (2, 3, 1), (4, 0, 0), (4, 1, 1)] 0 1 YxyyXyXYXyyyXyXYYxYxYxYxyyXyXYYxYx
3 2 28 char3 [(0, 0, 1), (0, 1, 0), (1, 2, 1), (2, 3, 0), (2, 3, 1), (4, 0, 0), (4, 1, 1)] 0 2 yXyXYYxYxYxYxYxyyXyXYYxyyXyX
3 2 32 char3 [(0, 0, 1), (0, 1, 0), (2, 1, 1), (2, 3, 0), (3, 4, 0), (3, 4, 1), (4, 3, 1)] 3 4 YYYYXyXyyxYxyXyXyyxYxYYXyXyyxYxY
3 2 32 char3 [(0, 0, 1), (0, 1, 0), (2, 1, 1), (2, 3, 0), (3, 4, 0), (3, 4, 1), (4, 3, 1)] 3 4 YYXyXyyxYxyXyXyyxYxYYXyXyyxYxYYY
3 3/2 52 char5 [(0, 0, 1), (0, 1, 0), (2, 1, 1), (2, 3, 0), (3, 4, 0), (3, 4, 1), (4, 3, 1)] 3 4 YXyXyyxYxYYYXyXyyxYxyXyXyyxYxYYXyXyyxYxYYYXyXyyxYxYY
3 2 32 char3 [(0, 0, 1), (1, 0, 0), (1, 2, 1), (3, 2, 0), (3, 4, 1), (4, 3, 0), (4, 3, 1)] 0 3 yyXyXyxYxyyXyXYYYYxYxyyXyXYYYxYx
3 3/2 44 char5 [(0, 0, 1), (1, 0, 0), (1, 2, 1), (3, 2, 0), (3, 4, 1), (4, 3, 0), (4, 3, 1)] 4 3 xYxyyXyXYYxYxyyyyXyXYxYxyyXyXYYYYxYxyyXyXYYY
3 3/2 54 char5 [(0, 0, 1), (1, 0, 0), (1, 2, 1), (3, 2, 0), (3, 4, 1), (4, 3, 0), (4, 3, 1)] 3 4 YYYxYxyyXyXYxYxyyXyXyxYxyyXyXYYYYYxYxyyXyXyxYxyyXyXYYY
3 2 40 char3 [(0, 1, 0), (0, 1, 1), (1, 2, 0), (1, 3, 1), (3, 2, 1), (4, 0, 1), (4, 3, 0)] 0 1 yyXyyXyyXyyXYxYYxYYxYYxYYxYYxYYxyXyyXyXy
3 2 40 char3 [(0, 1, 0), (0, 1, 1), (1, 2, 0), (1, 3, 1), (3, 2, 1), (4, 0, 1), (4, 3, 0)] 0 1 YxYYxYYxyXyyXyXyyyXyyXyyXyyXYxYYxYYxYYxY
3 3/2 52 char3 [(0, 1, 0), (0, 1, 1), (1, 2, 0), (1, 3, 1), (3, 2, 1), (4, 0, 1), (4, 3, 0)] 1 0 YxYYxYYxYYxYYxyXyyXyyXyyXYxYYxYYxyXyyXYxyXyyXYxyXyyX
3 3/2 54 char3 [(0, 1, 0), (0, 1, 1), (1, 2, 0), (1, 3, 1), (3, 2, 1), (4, 0, 1), (4, 3, 0)] 3 1 yXyyXYxYYxYYxYYxYYxYYxYYxyXyyXyyXyyXYxYYxyXyyXYxyXyyXy
3 2 54 char3 [(0, 0, 1), (0, 1, 0), (2, 0, 0), (2, 3, 1), (3, 2, 1), (3, 4, 0), (4, 1, 1)] 0 1 YXYYYYYYxyXyyyyxYXyxyXyyyyxYXYxyXYYxYXyxyXYYxYXYxyXyyx
3 2 44 char3 [(0, 0, 1), (0, 1, 0), (2, 0, 0), (2, 3, 1), (3, 2, 1), (3, 4, 0), (4, 1, 1)] 2 3 YYYYYYxyXyyxYXyxyXYYxYXYxyXyyxYXyxyXyyyyxYXY
3 3/2 46 char3 [(0, 0, 1), (0, 1, 0), (2, 0, 0), (2, 3, 1), (3, 2, 1), (3, 4, 0), (4, 1, 1)] 0 1 XyyxYXYYYYxyXyyyyxYXyxyXyyxYXYYYYYYxyXyyxYXYxy
3 2 34 char3 [(0, 0, 1), (0, 1, 0), (2, 0, 0), (2, 1, 1), (3, 2, 1), (4, 3, 0), (4, 3, 1)] 0 2 xYxYxYxYYXyXyyyXYXyXyyxYxYxYYXyXyy
3 2 30 char3 [(0, 0, 1), (0, 1, 0), (2, 0, 0), (2, 1, 1), (3, 2, 1), (4, 3, 0), (4, 3, 1)] 0 1 YxYYXyXyyxYYXyXyyxYxYYXyXyyxYx
3 3/2 52 char5 [(0, 0, 1), (0, 1, 0), (2, 0, 0), (2, 1, 1), (3, 2, 1), (4, 3, 0), (4, 3, 1)] 0 1 YYXyXyyyXYXyXyyxYxYxYxYxYYXyXyXyXyyxYxYxYxYxYYXyXyyx
3 3/2 50 char5 [(0, 0, 1), (0, 1, 0), (2, 0, 0), (2, 1, 1), (3, 2, 1), (4, 3, 0), (4, 3, 1)] 0 1 XYXyXyXyXyyxYxYxYxYxYxYxYxYxYYXyXyXyXyyxYxYYXyXyyy
3 2 30 char3 [(0, 0, 1), (0, 1, 0), (2, 0, 0), (2, 3, 1), (3, 1, 1), (4, 2, 1), (4, 3, 0)] 0 2 xYXyyXyxYXyyXyxYYxYYxYYxYXyyXy
3 2 30 char3 [(0, 0, 1), (0, 1, 0), (2, 0, 0), (2, 3, 1), (3, 1, 1), (4, 2, 1), (4, 3, 0)] 0 2 xYXyyXyxYYxYYxYXyyXyxYYxYXyyXy
3 3/2 52 char3 [(0, 0, 1), (0, 1, 0), (2, 0, 0), (2, 3, 1), (3, 1, 1), (4, 2, 1), (4, 3, 0)] 0 1 YYxYYxYXyyXyyXyyXyxYXyyXyxYXyyXyxYYxYYxYXyyXyxYYxYYx
3 3/2 52 char3 [(0, 0, 1), (0, 1, 0), (2, 0, 0), (2, 3, 1), (3, 1, 1), (4, 2, 1), (4, 3, 0)] 0 3 XyyXyxYYxYYxYXyyXyxYYxYXyyXyxYYxYYxYXyyXyxYYxYXyyXyy
3 2 32 char3 [(0, 0, 1), (1, 0, 0), (2, 1, 1), (3, 2, 0), (3, 4, 1), (4, 3, 0), (4, 3, 1)] 0 3 XYXyxyxyyXYXYYYYYYxyxyyXYXYxyxyy
3 3/2 44 char5 [(0, 0, 1), (1, 0, 0), (2, 1, 1), (3, 2, 0), (3, 4, 1), (4, 3, 0), (4, 3, 1)] 4 3 xyxyyXYXYYYxyxyyXYXYxyxyyyyXYXYYYYYxyxyyXYXY
3 2 30 char3 [(0, 1, 0), (0, 2, 1), (1, 0, 1), (1, 3, 0), (2, 4, 0), (3, 4, 1), (4, 1, 1)] 0 1 xyyxyXYYXYYXYxyyxyXYxyyxyXYYXY
3 2 38 char3 [(0, 1, 0), (0, 2, 1), (1, 0, 1), (1, 3, 0), (2, 4, 0), (3, 4, 1), (4, 1, 1)] 1 4 XYYXYYXYYXYYXYxyyxyyyxyxyyxyXYYXYxyyxy
3 3/2 60 char3 [(0, 1, 0), (0, 2, 1), (1, 0, 1), (1, 3, 0), (2, 4, 0), (3, 4, 1), (4, 1, 1)] 0 1 xyyxyXYYXYYXYYXYxyyxyXYYXYYXYYXYYXYYXYxyyxyXYxyyxyyxyyxyyyxy
3 3/2 60 char3 [(0, 1, 0), (0, 2, 1), (1, 0, 1), (1, 3, 0), (2, 4, 0), (3, 4, 1), (4, 1, 1)] 0 1 YXYYXYYXYYXYxyyxyXYYXYYXYxyyxyyyxyxyyxyyxyyxyXYxyyxyXYYXYYXY
3 2 30 char3 [(0, 0, 1), (0, 1, 0), (1, 2, 1), (2, 3, 1), (3, 0, 0), (3, 4, 1), (4, 2, 0)] 0 1 XYYXyxyyxYXyxyyxYXYYXYYXyxyyxY
3 2 30 char3 [(0, 0, 1), (0, 1, 0), (1, 2, 1), (2, 3, 1), (3, 0, 0), (3, 4, 1), (4, 2, 0)] 0 1 XYYXyxyyxYXYYXyxyyxYXyxyyxYXYY
3 3/2 52 char3 [(0, 0, 1), (0, 1, 0), (1, 2, 1), (2, 3, 1), (3, 0, 0), (3, 4, 1), (4, 2, 0)] 0 1 XYYXyxyyxYXYYXyxyyxYXyxyyxyyxyyxYXYYXYYXyxyyxYXYYXYY
3 3/2 52 char3 [(0, 0, 1), (0, 1, 0), (1, 2, 1), (2, 3, 1), (3, 0, 0), (3, 4, 1), (4, 2, 0)] 3 0 yxyyxYXYYXYYXyxyyxYXYYXyxyyxYXYYXYYXYYXyxyyxYXyxyyxy
3 2 32 char3 [(0, 0, 1), (0, 1, 0), (1, 2, 1), (2, 1, 1), (3, 0, 0), (3, 4, 1), (4, 2, 0)] 2 1 YYXYxyyXyxyXYxyyXyxYYYYXYxyyXyxY
3 2 60 char3 [(0, 0, 1), (0, 1, 0), (1, 2, 1), (2, 1, 1), (3, 0, 0), (3, 4, 1), (4, 2, 0)] 0 1 XyxyXYxyyXyxYYYXYxyyXyxYYYXYxyyyyXyxYXYxYYXyxyXYxYYXyxYXYxyy
3 3/2 52 char3 [(0, 0, 1), (0, 1, 0), (1, 2, 1), (2, 1, 1), (3, 0, 0), (3, 4, 1), (4, 2, 0)] 2 1 YYXYxyyXyxyXYxyyXyxYXYxyyXyxYXYxyyXyxYYXYxyyXyxYYYYY
3 3/2 44 char3 [(0, 0, 1), (0, 1, 0), (1, 2, 1), (2, 1, 1), (3, 0, 0), (3, 4, 1), (4, 2, 0)] 2 1 YXYxyyyyXyxYYXYxyyXyxYXYxyyXyxYYYYXYxyyXyxYY
3 2 30 char3 [(0, 0, 1), (0, 1, 0), (1, 2, 1), (2, 0, 0), (2, 3, 1), (3, 4, 1), (4, 3, 0)] 0 2 yyxyxYYXYXYXYXyyxyxYYXyyxyxYYX
3 2 54 char3 [(0, 0, 1), (0, 1, 0), (1, 2, 1), (2, 0, 0), (2, 3, 1), (3, 4, 1), (4, 3, 0)] 2 0 yyxyxYYXyyxyxYYXYXYXYXYXYXYXyyxyxYxyyyxyxYYXyXYXYYxyxy
3 3/2 52 char5 [(0, 0, 1), (0, 1, 0), (1, 2, 1), (2, 0, 0), (2, 3, 1), (3, 4, 1), (4, 3, 0)] 0 2 yyxyxYYXYXYXYXYXyyxyxYxyyyxyxyxyxYYXyyxyxYYXYXYXYXYX
3 3/2 48 char5 [(0, 0, 1), (0, 1, 0), (1, 2, 1), (2, 0, 0), (2, 3, 1), (3, 4, 1), (4, 3, 0)] 0 1 XYXyyxyxyxyxYYXyyxyxYYXyyxyxYYXyyxyxYYXYXYXYXYXY
3 2 30 char3 [(0, 0, 1), (0, 1, 0), (1, 2, 1), (2, 3, 0), (2, 4, 1), (3, 1, 1), (4, 0, 0)] 1 0 XYYXYYXYxyyxyXYYXYxyyxyXYxyyxy
3 2 30 char3 [(0, 0, 1), (0, 1, 0), (1, 2, 1), (2, 3, 0), (2, 4, 1), (3, 1, 1), (4, 0, 0)] 0 1 XYxyyxyXYxyyxyXYYXYxyyxyXYYXYY
3 3/2 60 char3 [(0, 0, 1), (0, 1, 0), (1, 2, 1), (2, 3, 0), (2, 4, 1), (3, 1, 1), (4, 0, 0)] 0 1 yxyyxyXYYXYxyyxyXYYXYxyyxyXYYXYYXYYXYYXYYXYYXYxyyxyyxyyxyyyx
3 3/2 52 char3 [(0, 0, 1), (0, 1, 0), (1, 2, 1), (2, 3, 0), (2, 4, 1), (3, 1, 1), (4, 0, 0)] 0 1 XYYXYxyyxyyxyyxyXYYXYYXYYXYxyyxyXYxyyxyXYYXYxyyxyXYY
3 2 30 char3 [(0, 0, 1), (0, 1, 0), (1, 2, 1), (2, 1, 1), (3, 0, 0), (4, 2, 0), (4, 3, 1)] 0 1 yyXYxYYYXyxyyXYxYYXyxyyXYxYXyx
3 2 24 char3 [(0, 0, 1), (0, 1, 0), (1, 2, 1), (2, 1, 1), (3, 0, 0), (4, 2, 0), (4, 3, 1)] 0 1 yyXYxYXyxyyyyXYxYYYYYXyx
3 3/2 46 char3 [(0, 0, 1), (0, 1, 0), (1, 2, 1), (2, 1, 1), (3, 0, 0), (4, 2, 0), (4, 3, 1)] 0 1 yyXYxyXyxyyXYxYYYYXyxyyyyXYxYXyxyyXYxYYYYYYXyx
3 3/2 60 char3 [(0, 0, 1), (0, 1, 0), (1, 2, 1), (2, 1, 1), (3, 0, 0), (4, 2, 0), (4, 3, 1)] 2 1 YYXyxyyXYxyXyxyyyyyyXYxYYYYYYYXyxyyXYxYXyxyyXYxyyXyxYYXYxYYY
3 2 28 char3 [(0, 0, 1), (0, 1, 0), (1, 2, 1), (2, 0, 0), (3, 1, 1), (3, 4, 0), (4, 3, 1)] 1 0 XYXYXYYxyxyxyxyyXYXYXYYxyxyy
3 2 30 char3 [(0, 0, 1), (0, 1, 0), (1, 2, 1), (2, 0, 0), (3, 1, 1), (3, 4, 0), (4, 3, 1)] 0 1 XYXYYxyxyyXYYxyxyyXYYxyxyyXYXY
3 3/2 48 char5 [(0, 0, 1), (0, 1, 0), (1, 2, 1), (2, 0, 0), (3, 1, 1), (3, 4, 0), (4, 3, 1)] 0 1 XYXYYxyxyyXYXYYxyxyyXYXYXYYxyxyxyxyyXYYxyxyyXYXY
3 3/2 54 char5 [(0, 0, 1), (0, 1, 0), (1, 2, 1), (2, 0, 0), (3, 1, 1), (3, 4, 0), (4, 3, 1)] 0 1 XYXYYxyxyyXYYxyxyyyxYxyxyyXYXYXYXYYxyxyyXYYxyxyyXYXYXY
3 2 30 char3 [(0, 1, 0), (0, 2, 1), (1, 0, 1), (2, 3, 0), (2, 4, 1), (3, 1, 1), (4, 0, 0)] 0 1 YXyxyyxYXYYXYYXYYXyxyyxYXyxyyx
3 2 30 char3 [(0, 1, 0), (0, 2, 1), (1, 0, 1), (2, 3, 0), (2, 4, 1), (3, 1, 1), (4, 0, 0)] 2 0 yxyyxYXYYXYYXyxyyxYXYYXyxyyxYX
3 3/2 54 char3 [(0, 1, 0), (0, 2, 1), (1, 0, 1), (2, 3, 0), (2, 4, 1), (3, 1, 1), (4, 0, 0)] 1 0 YXYYXYYXYYXyxyyxyyxyyxYXYYXYYXyxyyxyyxyyxYXYYXYYXyxyyx
3 3/2 52 char3 [(0, 1, 0), (0, 2, 1), (1, 0, 1), (2, 3, 0), (2, 4, 1), (3, 1, 1), (4, 0, 0)] 0 2 yxyyxYXYYXyxyyxYXyxyyxYXYYXyxyyxYXYYXYYXYYXYYXyxyyxy
3 2 30 char3 [(0, 0, 1), (0, 1, 0), (1, 2, 1), (2, 3, 0), (3, 4, 0), (3, 4, 1), (4, 3, 1)] 0 3 yyxyxYXYXyyxyxYYYYXYXyyxyxYXYX
3 2 40 char3 [(0, 0, 1), (0, 1, 0), (1, 2, 1), (2, 3, 0), (3, 4, 0), (3, 4, 1), (4, 3, 1)] 3 0 yyxyxYYXYXyyxyxYXYXyyxyxYXYXYYxyxYYXYXyy
3 3/2 52 char5 [(0, 0, 1), (0, 1, 0), (1, 2, 1), (2, 3, 0), (3, 4, 0), (3, 4, 1), (4, 3, 1)] 0 3 yyxyxYXYXyyxyxYYYYXYXyyxyxYXYXyyxyxyXYXyyxyxYYYYYXYX
3 2 26 char3 [(0, 0, 0), (0, 1, 1), (1, 2, 0), (3, 0, 1), (3, 4, 0), (4, 2, 1), (4, 3, 0)] 3 0 xxyxYxyXYxxyxYXXXXXXXyXYxx
3 2 32 char3 [(0, 0, 0), (0, 1, 1), (1, 2, 0), (3, 0, 1), (3, 4, 0), (4, 2, 1), (4, 3, 0)] 0 1 xYxyXYxxyxYXyXYxxyxYXXXXXXyXYxxy
3 3/2 44 char3 [(0, 0, 0), (0, 1, 1), (1, 2, 0), (3, 0, 1), (3, 4, 0), (4, 2, 1), (4, 3, 0)] 3 4 XXyXYxxxxyxYXyXYxxyxYXXXyXYxxyxYXXXyXYxxyxYX
3 3/2 52 char3 [(0, 0, 0), (0, 1, 1), (1, 2, 0), (3, 0, 1), (3, 4, 0), (4, 2, 1), (4, 3, 0)] 0 1 YxxyxYXXXXyXYxxyxYXXyXYxxyxYxyXYxxyxYXXXXyXYxxyxYXyX
3 2 32 char3 [(0, 0, 0), (0, 1, 1), (2, 0, 1), (2, 3, 0), (3, 2, 0), (3, 4, 1), (4, 1, 0)] 0 1 YxxyXYxyxYxxyXYXXXyxYxxyXYXXXXyx
3 2 30 char3 [(0, 0, 0), (0, 1, 1), (2, 0, 1), (2, 3, 0), (3, 2, 0), (3, 4, 1), (4, 1, 0)] 0 1 XYXXyxYxxyXYXXXyxYxxyXYXyxYxxy
3 3/2 44 char3 [(0, 0, 0), (0, 1, 1), (2, 0, 1), (2, 3, 0), (3, 2, 0), (3, 4, 1), (4, 1, 0)] 0 1 YxxyXYXXXyxYxxyXYXXXXyxYxxyXYXyxYxxxxyXYXXyx
3 3/2 52 char3 [(0, 0, 0), (0, 1, 1), (2, 0, 1), (2, 3, 0), (3, 2, 0), (3, 4, 1), (4, 1, 0)] 3 2 XXXyxYxxyXYXXXXyxYxxyXYxyxYxxyXYXyxYxxyXYXyxYxxyXYXX
3 2 24 char3 [(0, 0, 0), (0, 1, 1), (2, 1, 0), (2, 3, 1), (3, 4, 0), (3, 4, 1), (4, 3, 0)] 0 3 xxyXyXYxYxxxxyXyXXXXXYxY
3 2 30 char3 [(0, 0, 0), (0, 1, 1), (2, 1, 0), (2, 3, 1), (3, 4, 0), (3, 4, 1), (4, 3, 0)] 3 4 XXYxYxxyXyXYxYxxyXyXXYxYxxyXyX
3 3/2 46 char5 [(0, 0, 0), (0, 1, 1), (2, 1, 0), (2, 3, 1), (3, 4, 0), (3, 4, 1), (4, 3, 0)] 0 3 yXyXXXXXYxYxxyXyXYxYxxyXyxYxYxxxxyXyXXXXXYxYxx
3 2 44 char3 [(0, 0, 0), (0, 1, 1), (1, 2, 0), (2, 3, 1), (3, 4, 0), (3, 4, 1), (4, 3, 0)] 0 3 yxyXYXYxxxxyxyXXXXXYXYxxyxyXXYXYXXyxyxxYXYxx
3 2 30 char3 [(0, 0, 0), (0, 1, 1), (1, 2, 0), (2, 1, 0), (3, 0, 1), (3, 4, 0), (4, 2, 1)] 2 1 XXYXyxxYxyXYXyxxYxyXXYXyxxYxyX
3 2 32 char3 [(0, 0, 0), (0, 1, 1), (1, 2, 0), (2, 1, 0), (3, 0, 1), (3, 4, 0), (4, 2, 1)] 2 1 XXXXXYXyxxYxyXYXyxxYxyxYXyxxYxyX
3 3/2 44 char3 [(0, 0, 0), (0, 1, 1), (1, 2, 0), (2, 1, 0), (3, 0, 1), (3, 4, 0), (4, 2, 1)] 0 1 xxYxyXXYXyxxYxyXYXyxxYxyXXXXXXYXyxxxxYxyXYXy
3 3/2 48 char3 [(0, 0, 0), (0, 1, 1), (1, 2, 0), (2, 1, 0), (3, 0, 1), (3, 4, 0), (4, 2, 1)] 0 1 YxyxYXyxxxxYxyXXXXXXXXXXXYXyxxYxyxYXyxxYxyXYXyxx
3 2 30 char3 [(0, 0, 0), (0, 1, 1), (1, 2, 0), (2, 1, 0), (3, 0, 1), (4, 2, 1), (4, 3, 0)] 2 1 XYxyxxYXyXYxyxxYXyXYxyxxYXyXXX
3 2 60 char3 [(0, 0, 0), (0, 1, 1), (1, 2, 0), (2, 1, 0), (3, 0, 1), (4, 2, 1), (4, 3, 0)] 0 1 YXyxYxyxxxxYXyXYxyxxYXyXXXYxyxxYXyXYxyXXYXyxYxyXXYXyXXXYxyxx
3 3/2 46 char3 [(0, 0, 0), (0, 1, 1), (1, 2, 0), (2, 1, 0), (3, 0, 1), (4, 2, 1), (4, 3, 0)] 2 1 XXXXXXYxyxxYXyxYxyxxxxYXyXYxyxxYXyXYxyxxYXyXXX
3 3/2 38 char3 [(0, 0, 0), (0, 1, 1), (1, 2, 0), (2, 1, 0), (3, 0, 1), (4, 2, 1), (4, 3, 0)] 0 1 YXyXXXXXYxyxxxxYXyXXYxyxxYXyXXXYxyxxxx
3 2 32 char3 [(0, 0, 0), (1, 0, 1), (1, 2, 0), (3, 2, 1), (3, 4, 0), (4, 3, 0), (4, 3, 1)] 0 3 xxYxYxyXyxxYxYXXXXXXyXyxxYxYXyXy
3 3/2 38 char5 [(0, 0, 0), (1, 0, 1), (1, 2, 0), (3, 2, 1), (3, 4, 0), (4, 3, 0), (4, 3, 1)] 0 3 xxYxYXyXyxxYxYXXXXyXyxxxxYxYXXXXXyXyxx
3 2 32 char3 [(0, 0, 0), (1, 0, 1), (2, 1, 0), (3, 2, 1), (3, 4, 0), (4, 3, 0), (4, 3, 1)] 0 3 xxYXYxyxyxxYXYXXXXyxyxxYXYXXXyxy
3 2 24 char3 [(0, 0, 0), (1, 0, 1), (2, 1, 0), (3, 2, 1), (3, 4, 0), (4, 3, 0), (4, 3, 1)] 3 4 XyxyxxxxYXYXyxyxxYXYXXXX
3 3/2 52 char5 [(0, 0, 0), (1, 0, 1), (2, 1, 0), (3, 2, 1), (3, 4, 0), (4, 3, 0), (4, 3, 1)] 0 3 YXYxyxyxxYXYXXXXXXyxyxxYXYXXyxyxxYXYXyxyxxYXYXXyxyxx
3 2 38 char3 [(0, 0, 0), (0, 1, 1), (1, 2, 0), (3, 0, 1), (3, 4, 0), (4, 1, 0), (4, 2, 1)] 0 1 YxxYxyXXyXYxxYxxYxxYxxYxyXXyXXXyXyXXyX
3 2 38 char3 [(0, 0, 0), (0, 1, 1), (1, 2, 0), (3, 0, 1), (3, 4, 0), (4, 1, 0), (4, 2, 1)] 0 1 YxxYxyXXyXYxxYxxYxxYxxYxyXXyXXXyXyXXyX
3 3/2 58 char3 [(0, 0, 0), (0, 1, 1), (1, 2, 0), (3, 0, 1), (3, 4, 0), (4, 1, 0), (4, 2, 1)] 0 1 YxxYxyXXyXYxyXXyXYxxYxxYxxYxxYxyXXyXYxxYxxYxyXXyXXXyXyXXyX
3 3/2 52 char3 [(0, 0, 0), (0, 1, 1), (1, 2, 0), (3, 0, 1), (3, 4, 0), (4, 1, 0), (4, 2, 1)] 0 1 YxxYxyXXyXYxyXXyXYxxYxxYxxYxyXXyXYxxYxxYxyXXyXXyXXyX
3 2 30 char3 [(0, 0, 0), (0, 1, 1), (2, 0, 1), (2, 3, 0), (3, 1, 0), (4, 2, 0), (4, 3, 1)] 0 1 YxxYXyXXyxYXyXXyxYxxYxxYXyXXyx
3 2 30 char3 [(0, 0, 0), (0, 1, 1), (2, 0, 1), (2, 3, 0), (3, 1, 0), (4, 2, 0), (4, 3, 1)] 0 1 YxxYxxYxxYXyXXyxYXyXXyxYXyXXyx
3 3/2 50 char3 [(0, 0, 0), (0, 1, 1), (2, 0, 1), (2, 3, 0), (3, 1, 0), (4, 2, 0), (4, 3, 1)] 3 0 xYxxYxxYXyXXyxYXyXXyxYXyXXyxYxxYxxYxxYXyXXyxYXyXXy
3 3/2 50 char3 [(0, 0, 0), (0, 1, 1), (2, 0, 1), (2, 3, 0), (3, 1, 0), (4, 2, 0), (4, 3, 1)] 0 1 YxxYxxYxxYXyXXyxYXyXXyxYXyXXyxYxxYXyXXyxYXyXXyxYxx
3 3/2 48 char5 [(0, 0, 0), (0, 1, 1), (1, 2, 0), (2, 3, 0), (2, 3, 1), (4, 0, 1), (4, 1, 0)] 0 1 YxxyXyXXYxxyXyXyXyXXYxYxYxYxYxYxYxxyXyXXYxxyXyXX
3 3/2 58 char5 [(0, 0, 0), (0, 1, 1), (1, 2, 0), (2, 3, 0), (2, 3, 1), (4, 0, 1), (4, 1, 0)] 0 1 YxxyXyXXXyxyXyXXYxYxYxYxYxxyXyXXXyxyXyXXYxYxYxYxxyXyXXYxYx
3 2 30 char3 [(0, 0, 0), (0, 1, 1), (2, 0, 1), (2, 1, 0), (3, 2, 0), (4, 3, 0), (4, 3, 1)] 0 2 XXyXyxxYxYXXyXyxxYxYxYXXyXyxxY
3 2 28 char3 [(0, 0, 0), (0, 1, 1), (2, 0, 1), (2, 1, 0), (3, 2, 0), (4, 3, 0), (4, 3, 1)] 0 1 YXXyXyxxYxYxYxYxYXXyXyXyXyxx
3 3/2 50 char5 [(0, 0, 0), (0, 1, 1), (2, 0, 1), (2, 1, 0), (3, 2, 0), (4, 3, 0), (4, 3, 1)] 2 0 xYxYxYxYXXyXyxyXXXyXyXyXyXyXyxxYxYxYxYxYxYxYXXyXyx
3 3/2 54 char5 [(0, 0, 0), (0, 1, 1), (2, 0, 1), (2, 1, 0), (3, 2, 0), (4, 3, 0), (4, 3, 1)] 0 1 YxYXXyXyxxYxYxYxYxYxYXXyXyxxYXXyXyxyXXXyXyxxYXXyXyxxYx
3 2 32 char3 [(0, 0, 0), (0, 1, 1), (1, 0, 1), (1, 2, 0), (2, 3, 0), (3, 4, 0), (4, 4, 1)] 0 1 YYxxxyyXXXyxxxyyXXXYYYYYxxxyyXXX
3 2 32 char3 [(0, 0, 0), (0, 1, 1), (1, 0, 1), (2, 1, 0), (3, 2, 0), (4, 3, 0), (4, 4, 1)] 0 1 YYXXXyyxxxyXXXyyxxxYXXXyyxxxYYYY
3 2 54 char3 [(0, 0, 0), (0, 1, 1), (1, 0, 1), (2, 1, 0), (3, 2, 0), (4, 3, 0), (4, 4, 1)] 0 1 XXXyyxxxYYXXXyyxxxYYYXXXyyxxxYYYYXXXyyxxxyyyyXXXYYxxxY
3 3/2 38 char3 [(0, 0, 0), (0, 1, 1), (1, 0, 1), (2, 1, 0), (3, 2, 0), (4, 3, 0), (4, 4, 1)] 0 1 YXXXyyxxxYYYYYXXXyyyyyyxxxYYYXXXyyxxxY
3 3/2 52 char3 [(0, 0, 0), (0, 1, 1), (1, 0, 1), (2, 1, 0), (3, 2, 0), (4, 3, 0), (4, 4, 1)] 0 1 yXXXyyxxxYYYYYXXXyyxxxYYXXXyyxxxYXXXyyxxxYYYXXXyyxxx
3 2 30 char3 [(0, 0, 0), (0, 1, 1), (1, 2, 0), (2, 0, 1), (2, 3, 0), (3, 4, 0), (4, 3, 1)] 0 2 xxyxyXXYXYxxyxyXXYxxyxyXXYXYXY
3 2 28 char3 [(0, 0, 0), (0, 1, 1), (1, 2, 0), (2, 0, 1), (2, 3, 0), (3, 4, 0), (4, 3, 1)] 0 3 xyxyXXYXYXYXYXYxxyxyXXYxxyxy
3 2 30 char3 [(0, 0, 0), (0, 1, 1), (1, 2, 0), (2, 0, 1), (3, 1, 0), (3, 4, 1), (4, 3, 0)] 0 1 XyxyxxYXXyxyxxYXYXYXXyxyxxYXYX
3 2 30 char3 [(0, 0, 0), (0, 1, 1), (1, 2, 0), (2, 0, 1), (3, 1, 0), (3, 4, 1), (4, 3, 0)] 1 0 YXXyxyxxYXYXYXYXXyxyxxYXXyxyxx
3 3/2 54 char5 [(0, 0, 0), (0, 1, 1), (1, 2, 0), (2, 0, 1), (3, 1, 0), (3, 4, 1), (4, 3, 0)] 0 1 YXYXXyxyxxYXXyxyxxYXYXYXXyxyxxYXXyxyxxxyXyxyxxYXYXYXYX
3 2 30 char3 [(0, 0, 0), (0, 1, 1), (1, 2, 0), (2, 3, 0), (3, 0, 1), (3, 4, 0), (4, 2, 1)] 2 0 XYxyxxyXYXXYxyxxyXYXXYXXYxyxxy
3 2 30 char3 [(0, 0, 0), (0, 1, 1), (1, 2, 0), (2, 3, 0), (3, 0, 1), (3, 4, 0), (4, 2, 1)] 2 0 XYxyxxyXYXXYXXYXXYxyxxyXYxyxxy
3 3/2 58 char3 [(0, 0, 0), (0, 1, 1), (1, 2, 0), (2, 3, 0), (3, 0, 1), (3, 4, 0), (4, 2, 1)] 2 0 XYXXYXXYXXYXXYxyxxyXYXXYxyxxyXYxyxxyXYxyxxyxyxxxyxxyXYXXYX
3 3/2 50 char3 [(0, 0, 0), (0, 1, 1), (1, 2, 0), (2, 3, 0), (3, 0, 1), (3, 4, 0), (4, 2, 1)] 0 1 YxyxxyXYXXYXXYXXYXXYxyxxyXYxyxxyXYxyxxyXYXXYxyxxyX
3 2 30 char3 [(0, 0, 0), (0, 1, 1), (1, 2, 0), (2, 3, 0), (2, 4, 1), (3, 0, 1), (4, 1, 0)] 1 0 YXXYXXYXyxxyxYXXYXyxxyxYXyxxyx
3 3/2 60 char3 [(0, 0, 0), (0, 1, 1), (1, 2, 0), (2, 3, 0), (2, 4, 1), (3, 0, 1), (4, 1, 0)] 0 1 xyxxyxYXyxxyxYXXYXyxxyxxxyxyxxyxYXXYXXYXXYXXYXXYXXYXXYXyxxyx
3 3/2 60 char3 [(0, 0, 0), (0, 1, 1), (1, 2, 0), (2, 3, 0), (2, 4, 1), (3, 0, 1), (4, 1, 0)] 0 1 xyxxyxxyxxyxYXyxxyxYXyxxyxYXXYXXYXXYXXYXXYXXYXXYXXYXyxxyxxxy
3 2 42 char3 [(0, 0, 1), (0, 1, 0), (1, 0, 0), (1, 2, 1), (2, 3, 1), (3, 4, 0), (4, 3, 0)] 0 1 yyxxYYXXyyxxYYxxyyxxYYxyyxxYYXXXXXyyXXYYXX
3 2 26 char3 [(0, 0, 1), (0, 1, 0), (1, 0, 0), (2, 1, 1), (3, 2, 1), (3, 4, 0), (4, 3, 0)] 0 1 YYxxyyXXXXXXYYxxyyxYYxxyyX
3 2 52 char3 [(0, 0, 1), (0, 1, 0), (1, 0, 0), (2, 1, 1), (3, 2, 1), (3, 4, 0), (4, 3, 0)] 0 1 xYYxxyyXYYxxyyXXYYxxyyXXXYYXXyyXYYXXyyxYYxxyyXYYxxyy
3 3/2 32 char5 [(0, 0, 1), (0, 1, 0), (1, 0, 0), (2, 1, 1), (3, 2, 1), (3, 4, 0), (4, 3, 0)] 0 1 XXXXYYxxyyXXXYYxxxxyyXXXYYxxxxyy
3 3/2 42 char5 [(0, 0, 1), (0, 1, 0), (1, 0, 0), (2, 1, 1), (3, 2, 1), (3, 4, 0), (4, 3, 0)] 0 1 xYYxxyyXXXYYxxyyXXYYxxyyXXXXXYYxxyyXYYxxyy
3 2 26 char3 [(0, 0, 1), (1, 0, 0), (2, 1, 0), (2, 3, 1), (3, 2, 1), (3, 4, 0), (4, 3, 0)] 3 2 xxyyXXYYYYYxxyyXXyxxyyXXYY
3 2 24 char3 [(0, 0, 1), (1, 0, 0), (2, 1, 0), (2, 3, 1), (3, 2, 1), (3, 4, 0), (4, 3, 0)] 0 3 yyXXYxxyyXXYYYYxxyyXXYxx
3 3/2 60 char5 [(0, 0, 1), (1, 0, 0), (2, 1, 0), (2, 3, 1), (3, 2, 1), (3, 4, 0), (4, 3, 0)] 3 2 xxyyXXYYxxyyXXYxxyyXXYYYYxxyyXXYxxyyXXYYYxxYYXXyyyyxxyyXXYYY
3 3/2 40 char5 [(0, 0, 1), (1, 0, 0), (2, 1, 0), (2, 3, 1), (3, 2, 1), (3, 4, 0), (4, 3, 0)] 2 3 YxxyyXXYxxyyXXYYYYxxyyXXYxxyyXXYYxxyyXXY
3 2 38 char3 [(0, 0, 1), (0, 1, 0), (1, 2, 0), (2, 3, 1), (3, 2, 1), (3, 4, 0), (4, 3, 0)] 3 2 XXyyxxYXXyyxxYYYXXyyxxYXXyyxxYYXXYYxxy
3 3/2 50 char5 [(0, 0, 1), (0, 1, 0), (1, 2, 0), (2, 3, 1), (3, 2, 1), (3, 4, 0), (4, 3, 0)] 0 2 yxxYYXXyyxxyXXyyxxYYYYYXXyyxxYXXyyyyxxYXXYYxxYYXXy
3 3/2 38 char5 [(0, 0, 1), (0, 1, 0), (1, 2, 0), (2, 3, 1), (3, 2, 1), (3, 4, 0), (4, 3, 0)] 0 2 yxxYYYYYYXXyyxxyXXyyyyxxYYYYXXyyxxYXXy
3 2 38 char3 [(0, 1, 0), (0, 1, 1), (1, 2, 0), (3, 0, 0), (3, 2, 1), (4, 0, 1), (4, 3, 0)] 0 1 YxxYxyXXyXXyXYxxYxyXXyXXyXXyXYxxYxxxYx
3 3/2 50 char3 [(0, 1, 0), (0, 1, 1), (1, 2, 0), (3, 0, 0), (3, 2, 1), (4, 0, 1), (4, 3, 0)] 0 1 YxxYxyXYxxYxyXYxxYxyXXyXXyXYxxYxyXXyXYxxYxyXXyXXyX
3 2 38 char3 [(0, 1, 0), (0, 1, 1), (1, 2, 0), (1, 3, 1), (2, 3, 0), (4, 0, 0), (4, 2, 1)] 0 1 xYxxYxyXXyXXXyXyXXyXYxxYxxYxyXXyXYxxYx
3 2 40 char3 [(0, 1, 0), (0, 1, 1), (1, 2, 0), (1, 3, 1), (2, 3, 0), (4, 0, 0), (4, 2, 1)] 0 1 xYxxYxxYxxYxxYxxYxyXXyXXyXXyXXXyXyXXyXYx
3 3/2 58 char3 [(0, 1, 0), (0, 1, 1), (1, 2, 0), (1, 3, 1), (2, 3, 0), (4, 0, 0), (4, 2, 1)] 1 2 YxxYxxYxyXXyXYxxYxxYxxYxxYxyXXyXYxxYxyXXyXXXyXyXXyXYxyXXyX
3 3/2 58 char3 [(0, 1, 0), (0, 1, 1), (1, 2, 0), (1, 3, 1), (2, 3, 0), (4, 0, 0), (4, 2, 1)] 0 1 xYxxYxyXXyXXXyXyXXyXYxyXXyXYxyXXyXYxyXXyXYxxYxxYxxYxxYxxYx
3 2 24 char3 [(0, 0, 1), (0, 1, 0), (1, 2, 0), (2, 3, 0), (2, 4, 1), (3, 4, 0), (4, 2, 1)] 2 4 YXXyyxxYXXyyxxYXXyyxxYYY
3 2 46 char3 [(0, 0, 1), (0, 1, 0), (1, 2, 0), (2, 3, 0), (2, 4, 1), (3, 4, 0), (4, 2, 1)] 2 4 yXXyyxxYYYYYYXXyyxxYXXyyxxYYYYXXyyxxyyXXYYxxyy
3 3/2 36 char3 [(0, 0, 1), (0, 1, 0), (1, 2, 0), (2, 3, 0), (2, 4, 1), (3, 4, 0), (4, 2, 1)] 2 4 YYYXXyyxxYYYXXyyxxYYXXyyxxYXXyyyyxxY
3 2 24 char3 [(0, 0, 1), (1, 0, 0), (2, 1, 0), (2, 3, 1), (3, 2, 1), (3, 4, 0), (4, 2, 0)] 3 2 xxyyXXYYYYxxyyXXYxxyyXXY
3 2 48 char3 [(0, 0, 1), (1, 0, 0), (2, 1, 0), (2, 3, 1), (3, 2, 1), (3, 4, 0), (4, 2, 0)] 0 2 XXYYYYYxxyyyyXXYxxYYXXyxxYYXXYxxyyXXyxxyyXXYxxyy
3 3/2 40 char3 [(0, 0, 1), (1, 0, 0), (2, 1, 0), (2, 3, 1), (3, 2, 1), (3, 4, 0), (4, 2, 0)] 2 3 YYxxyyXXYYYxxyyXXYxxyyXXYxxyyXXYYxxyyXXY
3 3/2 32 char3 [(0, 0, 1), (1, 0, 0), (2, 1, 0), (2, 3, 1), (3, 2, 1), (3, 4, 0), (4, 2, 0)] 3 2 xxyyyyXXYxxyyyyXXYxxyyXXYYYYYYYY
3 2 38 char3 [(0, 1, 0), (0, 2, 1), (1, 0, 1), (1, 3, 0), (2, 4, 0), (3, 4, 1), (4, 0, 0)] 4 0 YXXYXXYXXYXXYXyxxyxYXXYXyxxyxxxyxyxxyx
3 2 54 char3 [(0, 1, 0), (0, 2, 1), (1, 0, 1), (1, 3, 0), (2, 4, 0), (3, 4, 1), (4, 0, 0)] 1 0 yxxyxYXXYXXYXyxxyxYXXYXXYXyxxyxYXXYXXXYXXYxyxxyxyxxyxx
3 3/2 50 char3 [(0, 1, 0), (0, 2, 1), (1, 0, 1), (1, 3, 0), (2, 4, 0), (3, 4, 1), (4, 0, 0)] 0 1 XYXXYXyxxyxYXyxxyxYXXYXyxxyxYXyxxyxYXXYXXYXyxxyxYX
3 3/2 54 char3 [(0, 1, 0), (0, 2, 1), (1, 0, 1), (1, 3, 0), (2, 4, 0), (3, 4, 1), (4, 0, 0)] 0 1 XYXXYXyxxyxxyxxyxYXXYXXYXyxxyxxyxxyxYXXYXXYXXYXyxxyxYX
3 2 30 char3 [(0, 1, 0), (0, 2, 1), (1, 3, 0), (1, 4, 1), (2, 0, 0), (3, 0, 1), (4, 2, 0)] 2 0 XYXXYxyxxyXYxyxxyXYXXYXXYxyxxy
3 2 38 char3 [(0, 1, 0), (0, 2, 1), (1, 3, 0), (1, 4, 1), (2, 0, 0), (3, 0, 1), (4, 2, 0)] 0 1 XXYxyxxyxyxxxyxxyXYXXYXXYXXYxyxxyXYXXY
3 3/2 52 char3 [(0, 1, 0), (0, 2, 1), (1, 3, 0), (1, 4, 1), (2, 0, 0), (3, 0, 1), (4, 2, 0)] 0 2 XYXXYXXYxyxxyXYXXYXXYxyxxyXYxyxxyxxyxxyXYXXYXXYxyxxy
3 3/2 60 char3 [(0, 1, 0), (0, 2, 1), (1, 3, 0), (1, 4, 1), (2, 0, 0), (3, 0, 1), (4, 2, 0)] 0 1 XXYxyxxyXYXXYxyxxyxyxxxyxxyxxyxxyXYXXYXXYXXYXXYXXYxyxxyXYXXY
3 2 34 char5 [(0, 0, 0), (0, 1, 1), (1, 2, 0), (1, 3, 1), (2, 3, 0), (3, 4, 0), (4, 1, 0)] 3 1 XXXXXXXXYxxxxyxxYxxxxyXXXXXXYxxxxy
3 2 30 char5 [(0, 0, 0), (0, 1, 1), (1, 2, 0), (1, 3, 1), (2, 3, 0), (3, 4, 0), (4, 1, 0)] 1 3 XXYxxxxyXXXXXXYxxxxyXXYxxxxyXX
3 3/2 48 char5 [(0, 0, 0), (0, 1, 1), (1, 2, 0), (1, 3, 1), (2, 3, 0), (3, 4, 0), (4, 1, 0)] 3 1 XXXXXXXXYxxxxyXXXXXXYxxxxyXXXXYxxxxyXXYxxxxxxxxy
3 3/2 48 char5 [(0, 0, 0), (0, 1, 1), (1, 2, 0), (1, 3, 1), (2, 3, 0), (3, 4, 0), (4, 1, 0)] 1 3 XXXXYxxxxyXXXXXXXXYxxxxyXXYxxxxyXXXXYxxxxxxxxyXX
3 2 44 char5 [(0, 0, 0), (0, 1, 1), (1, 2, 0), (2, 3, 0), (3, 4, 0), (4, 1, 0), (4, 3, 1)] 1 3 XXXXXXYxxxxxxxxyxxYxxxxyXXXXYXXXXyXXXXYxxxxy
3 2 32 char5 [(0, 0, 0), (0, 1, 1), (1, 2, 0), (2, 3, 0), (3, 3, 1), (3, 4, 0), (4, 1, 0)] 3 0 xxxxyxxYxxxxyXXXXXXXXXXXXXXYxxxx
3 2 28 char5 [(0, 0, 0), (0, 1, 1), (1, 2, 0), (2, 3, 0), (3, 3, 1), (3, 4, 0), (4, 1, 0)] 1 3 XXYxxxxxxxxyXXYxxxxyXXXXXXXX
3 3/2 48 char5 [(0, 0, 0), (0, 1, 1), (1, 2, 0), (2, 3, 0), (3, 3, 1), (3, 4, 0), (4, 1, 0)] 0 1 xxyXXXXXXXXXXXXXXYxxxxyXXYxxxxyXXYxxxxxxxxyXXYxx
3 3/2 46 char5 [(0, 0, 0), (0, 1, 1), (1, 2, 0), (2, 3, 0), (3, 3, 1), (3, 4, 0), (4, 1, 0)] 1 3 XXYxxxxxxxxyXXXXXXXXXXYxxxxxxxxyXXXXXXYxxxxyXX
3 2 44 char5 [(0, 0, 0), (0, 1, 1), (1, 2, 0), (2, 3, 0), (2, 3, 1), (3, 4, 0), (4, 1, 0)] 2 0 xxxxyXXXXXXXXYxxxxyxxYxxxxyXXYXXXXyXXXXYxxxx
3 2 30 char5 [(0, 0, 0), (0, 1, 1), (1, 2, 0), (2, 3, 0), (2, 3, 1), (3, 4, 0), (4, 1, 0)] 1 3 XXYxxxxyXXXXYxxxxyXXYxxxxyXXXX
3 3/2 52 char5 [(0, 0, 0), (0, 1, 1), (1, 2, 0), (2, 3, 0), (2, 3, 1), (3, 4, 0), (4, 1, 0)] 3 1 XXXXXXYxxxxyXXXXXXXXXXYxxxxyxxYxxxxyXXXXXXYxxxxxxxxy
3 2 30 char5 [(0, 0, 0), (1, 0, 1), (1, 2, 0), (2, 3, 0), (3, 1, 1), (3, 4, 0), (4, 1, 0)] 1 3 XXyxxxxYXXyxxxxYXXyxxxxYXXXXXX
3 2 30 char5 [(0, 0, 0), (1, 0, 1), (1, 2, 0), (2, 3, 0), (3, 1, 1), (3, 4, 0), (4, 1, 0)] 1 3 XXXXXXyxxxxYXXyxxxxYXXyxxxxYXX
3 3/2 54 char5 [(0, 0, 0), (1, 0, 1), (1, 2, 0), (2, 3, 0), (3, 1, 1), (3, 4, 0), (4, 1, 0)] 3 1 XXXXXXXXXXXXyxxxxYxxyxxxxYXXXXyxxxxYXXyxxxxYXXXXyxxxxY
3 3/2 52 char5 [(0, 0, 0), (1, 0, 1), (1, 2, 0), (2, 3, 0), (3, 1, 1), (3, 4, 0), (4, 1, 0)] 1 3 XXyxxxxYXXXXyxxxxxxxxYxxyxxxxYXXXXXXXXyxxxxYXXXXXXXX
3 2 32 char5 [(0, 0, 0), (1, 0, 1), (1, 2, 0), (2, 3, 0), (3, 2, 1), (3, 4, 0), (4, 1, 0)] 2 0 xxxxYxxyxxxxYXXXXXXXXXXXXXXyxxxx
3 2 28 char5 [(0, 0, 0), (1, 0, 1), (1, 2, 0), (2, 3, 0), (3, 2, 1), (3, 4, 0), (4, 1, 0)] 1 3 XXyxxxxxxxxYXXXXXXyxxxxYXXXX
3 3/2 46 char5 [(0, 0, 0), (1, 0, 1), (1, 2, 0), (2, 3, 0), (3, 2, 1), (3, 4, 0), (4, 1, 0)] 1 3 XXXXXXXXXXyxxxxYXXyxxxxxxxxYXXyxxxxxxxxYXXXXXX
3 3/2 48 char5 [(0, 0, 0), (1, 0, 1), (1, 2, 0), (2, 3, 0), (3, 2, 1), (3, 4, 0), (4, 1, 0)] 0 1 xYXXyxxxxYXXXXXXXXyxxxxYXXXXyxxxxYXXXXXXyxxxxxxx
3 2 34 char5 [(0, 0, 0), (1, 0, 1), (1, 2, 0), (2, 3, 0), (3, 3, 1), (3, 4, 0), (4, 1, 0)] 0 1 xxYXXXXXXXXXXyxxxxYXXXXyxxxxYxxyxx
3 2 34 char5 [(0, 0, 0), (1, 0, 1), (1, 2, 0), (2, 3, 0), (3, 3, 1), (3, 4, 0), (4, 1, 0)] 1 3 XXyxxxxYxxyxxxxYXXXXXXXXXXyxxxxYXX
3 3/2 48 char5 [(0, 0, 0), (1, 0, 1), (1, 2, 0), (2, 3, 0), (3, 3, 1), (3, 4, 0), (4, 1, 0)] 0 3 YXXyxxxxYXXXXXXXXyxxxxxxxxYXXXXXXyxxxxYXXXXyxxxx
3 3/2 48 char5 [(0, 0, 0), (1, 0, 1), (1, 2, 0), (2, 3, 0), (3, 3, 1), (3, 4, 0), (4, 1, 0)] 3 1 XXyxxxxxxxxYXXyxxxxYXXXXyxxxxYXXXXXXXXXXXXyxxxxY
3 2 34 char5 [(0, 0, 0), (1, 0, 1), (1, 2, 0), (2, 3, 0), (3, 4, 0), (3, 4, 1), (4, 1, 0)] 1 3 XXyxxxxYXXXXyxxxxYxxyxxxxYXXXXXXXX
3 2 28 char5 [(0, 0, 0), (1, 0, 1), (1, 2, 0), (2, 3, 0), (3, 4, 0), (3, 4, 1), (4, 1, 0)] 0 1 xxxYXXXXXXyxxxxxxxxYXXXXXXyx
3 3/2 54 char5 [(0, 0, 0), (1, 0, 1), (1, 2, 0), (2, 3, 0), (3, 4, 0), (3, 4, 1), (4, 1, 0)] 0 4 YXXyxxxxYXXXXXXXXXXXXyxxxxYXXyxxxxYXXXXXXyxxxxYxxyxxxx
3 3/2 48 char5 [(0, 0, 0), (1, 0, 1), (1, 2, 0), (2, 3, 0), (3, 4, 0), (3, 4, 1), (4, 1, 0)] 3 1 XXyxxxxYXXXXXXyxxxxYXXXXXXyxxxxYXXyxxxxxxxxYXXXX
3 2 44 char3 [(0, 0, 1), (0, 1, 0), (1, 0, 0), (1, 2, 1), (2, 3, 0), (3, 4, 0), (4, 2, 0)] 0 1 yxxxxxxYXXXXXXXXXXXXXXyxxxxxxYxyxxxxxxYXXXXX
3 2 42 char3 [(0, 1, 0), (0, 1, 1), (1, 0, 0), (1, 2, 1), (2, 3, 0), (3, 4, 0), (4, 2, 0)] 0 1 XXXXyxxxxxxYXXXXXXXXyxxxxxxYXyxxxxxxYXXXXX
3 2 44 char3 [(0, 1, 0), (0, 1, 1), (1, 0, 0), (1, 2, 1), (2, 3, 0), (3, 4, 0), (4, 2, 0)] 0 1 XXXXXXXXyxxxxxxYxyxxxxxxYXXXXXyxxxxxxYXXXXXX
3 2 42 char3 [(0, 0, 1), (0, 1, 0), (1, 0, 0), (2, 1, 1), (2, 3, 0), (3, 4, 0), (4, 2, 0)] 0 1 XXYxxxxxxyXXXXXXXXXYxxxxxxyXXXXXYxxxxxxyXX
3 2 42 char3 [(0, 0, 1), (0, 1, 0), (1, 0, 0), (2, 1, 1), (2, 3, 0), (3, 4, 0), (4, 2, 0)] 0 1 XXXXXXYxxxxxxyXXXYxxxxxxyXXXXXXXYxxxxxxyXX
3 2 40 char3 [(0, 1, 0), (0, 1, 1), (1, 0, 0), (2, 0, 1), (2, 3, 0), (3, 4, 0), (4, 2, 0)] 0 2 xxxxxxyXXXYxxxxxxyXXXXXXXXXXXXXXXYxxxxxx
3 2 42 char3 [(0, 1, 0), (0, 1, 1), (1, 0, 0), (2, 0, 1), (2, 3, 0), (3, 4, 0), (4, 2, 0)] 0 1 XXXYxxxxxxyXXXXXXXYxxxxxxyXYxxxxxxyXXXXXXX
