0 determined {'H': True, 'P1': True, 'pc': 'in-R', 'helly-pc': True, 'tw': [-4, -3, -2, -1, 0, 1, 2, 3, 4], 'yc': [(0, 1), (1, 2), (2, 0)], 'm': {(0, 1): 0, (1, 2): 1, (2, 0): -1}, 'P3': True}
1 determined {'H': True, 'P1': True, 'pc': 'in-R', 'helly-pc': True, 'tw': [-4, -3, -2, -1, 0, 1, 2, 3, 4], 'yc': [(0, 1), (1, 2), (2, 0)], 'm': {(0, 1): 0, (1, 2): 1, (2, 0): -1}, 'P3': True}
2 determined {'H': True, 'P1': True, 'pc': 'in-R', 'helly-pc': True, 'tw': [-4, -3, -2, -1, 0, 1, 2, 3, 4], 'yc': [(0, 1), (1, 2), (2, 0)], 'm': {(0, 1): 0, (1, 2): 1, (2, 0): -1}, 'P3': True}
3 determined {'H': True, 'P1': True, 'pc': 'in-R', 'helly-pc': True, 'tw': [-4, -3, -2, -1, 0, 1, 2, 3, 4], 'yc': [(0, 1), (2, 0)], 'm': {(0, 1): 0, (1, 2): 0, (2, 0): -1}, 'P3': True}
4 determined {'H': True, 'P1': True, 'pc': 'in-R', 'helly-pc': True, 'tw': [-4, -3, -2, -1, 0, 1, 2, 3, 4], 'yc': [(0, 1), (2, 0)], 'm': {(0, 1): 0, (1, 2): 0, (2, 0): 1}, 'P3': True}
5 determined {'H': True, 'P1': True, 'pc': 'in-R', 'helly-pc': True, 'tw': [-4, -3, -2, -1, 0, 1, 2, 3, 4], 'yc': [(0, 1), (2, 0)], 'm': {(0, 1): 0, (1, 2): 0, (2, 0): -1}, 'P3': True}
6 determined {'H': True, 'P1': True, 'pc': 'in-R', 'helly-pc': True, 'tw': [-4, -3, -2, -1, 0, 1, 2, 3, 4], 'yc': [(0, 1), (2, 0)], 'm': {(0, 1): 0, (1, 2): 0, (2, 0): 1}, 'P3': True}
7 determined {'H': True, 'P1': True, 'pc': 'in-R', 'helly-pc': True, 'tw': [-4, -3, -2, -1, 0, 1, 2, 3, 4], 'yc': [(0, 1), (2, 0)], 'm': {(0, 1): 0, (1, 2): 0, (2, 0): -1}, 'P3': True}
8 determined {'H': True, 'P1': True, 'pc': 'in-R', 'helly-pc': True, 'tw': [-4, -3, -2, -1, 0, 1, 2, 3, 4], 'yc': [(0, 1), (2, 0)], 'm': {(0, 1): 0, (1, 2): 0, (2, 0): 1}, 'P3': True}
9 determined {'H': True, 'P1': True, 'pc': 'in-R', 'helly-pc': True, 'tw': [-4, -3, -2, -1, 0, 1, 2, 3, 4], 'yc': [(0, 1), (2, 0)], 'm': {(0, 1): 0, (1, 2): 0, (2, 0): -1}, 'P3': True}
10 determined {'H': True, 'P1': True, 'pc': 'in-R', 'helly-pc': True, 'tw': [-4, -3, -2, -1, 0, 1, 2, 3, 4], 'yc': [(0, 1), (2, 0)], 'm': {(0, 1): 0, (1, 2): 0, (2, 0): 1}, 'P3': True}
11 determined {'H': True, 'P1': True, 'pc': 'in-R', 'helly-pc': True, 'tw': [-4, -3, -2, -1, 0, 1, 2, 3, 4], 'yc': [(0, 1), (2, 0)], 'm': {(0, 1): 0, (1, 2): 0, (2, 0): -1}, 'P3': True}
12 determined {'H': True, 'P1': True, 'pc': 'in-R', 'helly-pc': True, 'tw': [-4, -3, -2, -1, 0, 1, 2, 3, 4], 'yc': [(0, 1), (2, 0)], 'm': {(0, 1): 0, (1, 2): 0, (2, 0): 1}, 'P3': True}
13 determined {'H': True, 'P1': True, 'pc': 'in-R', 'helly-pc': True, 'tw': [-4, -3, -2, -1, 0, 1, 2, 3, 4], 'yc': [(0, 1), (2, 0)], 'm': {(0, 1): 0, (1, 2): 0, (2, 0): -1}, 'P3': True}
14 determined {'H': True, 'P1': True, 'pc': 'in-R', 'helly-pc': True, 'tw': [-4, -3, -2, -1, 0, 1, 2, 3, 4], 'yc': [(0, 1), (2, 0)], 'm': {(0, 1): 0, (1, 2): 0, (2, 0): 1}, 'P3': True}
15 determined {'H': True, 'P1': True, 'pc': 'in-R', 'helly-pc': True, 'tw': [-4, -3, -2, -1, 0, 1, 2, 3, 4], 'yc': [(0, 1), (1, 2), (2, 0)], 'm': {(0, 1): 0, (1, 2): -1, (2, 0): 1}, 'P3': True}
16 determined {'H': True, 'P1': True, 'pc': 'in-R', 'helly-pc': True, 'tw': [-4, -3, -2, -1, 0, 1, 2, 3, 4], 'yc': [(0, 1), (1, 2), (2, 0)], 'm': {(0, 1): 0, (1, 2): -1, (2, 0): 1}, 'P3': True}
17 determined {'H': True, 'P1': True, 'pc': 'in-R', 'helly-pc': True, 'tw': [-4, -3, -2, -1, 0, 1, 2, 3, 4], 'yc': [(0, 1), (1, 2), (2, 0)], 'm': {(0, 1): 0, (1, 2): -1, (2, 0): 1}, 'P3': True}
18 determined {'H': True, 'P1': True, 'pc': 'in-R', 'helly-pc': True, 'tw': [-4, -3, -2, -1, 0, 1, 2, 3, 4], 'yc': [(0, 1), (2, 0)], 'm': {(0, 1): 0, (1, 2): 0, (2, 0): -1}, 'P3': True}
19 determined {'H': True, 'P1': True, 'pc': 'in-R', 'helly-pc': True, 'tw': [-4, -3, -2, -1, 0, 1, 2, 3, 4], 'yc': [(0, 1), (2, 0)], 'm': {(0, 1): 0, (1, 2): 0, (2, 0): 1}, 'P3': True}
20 determined {'H': True, 'P1': True, 'pc': 'in-R', 'helly-pc': True, 'tw': [-4, -3, -2, -1, 0, 1, 2, 3, 4], 'yc': [(0, 1), (2, 0)], 'm': {(0, 1): 0, (1, 2): 0, (2, 0): -1}, 'P3': True}
21 determined {'H': True, 'P1': True, 'pc': 'in-R', 'helly-pc': True, 'tw': [-4, -3, -2, -1, 0, 1, 2, 3, 4], 'yc': [(0, 1), (2, 0)], 'm': {(0, 1): 0, (1, 2): 0, (2, 0): 1}, 'P3': True}
22 determined {'H': True, 'P1': True, 'pc': 'in-R', 'helly-pc': True, 'tw': [-4, -3, -2, -1, 0, 1, 2, 3, 4], 'yc': [(0, 1), (2, 0)], 'm': {(0, 1): 0, (1, 2): 0, (2, 0): -1}, 'P3': True}
23 determined {'H': True, 'P1': True, 'pc': 'in-R', 'helly-pc': True, 'tw': [-4, -3, -2, -1, 0, 1, 2, 3, 4], 'yc': [(0, 1), (2, 0)], 'm': {(0, 1): 0, (1, 2): 0, (2, 0): 1}, 'P3': True}
24 determined {'H': True, 'P1': True, 'pc': 'in-R', 'helly-pc': True, 'tw': [-4, -3, -2, -1, 0, 1, 2, 3, 4], 'yc': [(0, 1), (2, 0)], 'm': {(0, 1): 0, (1, 2): 0, (2, 0): -1}, 'P3': True}
25 determined {'H': True, 'P1': True, 'pc': 'in-R', 'helly-pc': True, 'tw': [-4, -3, -2, -1, 0, 1, 2, 3, 4], 'yc': [(0, 1), (2, 0)], 'm': {(0, 1): 0, (1, 2): 0, (2, 0): 1}, 'P3': True}
26 determined {'H': True, 'P1': True, 'pc': 'in-R', 'helly-pc': True, 'tw': [-4, -3, -2, -1, 0, 1, 2, 3, 4], 'yc': [(0, 1), (2, 0)], 'm': {(0, 1): 0, (1, 2): 0, (2, 0): -1}, 'P3': True}
27 determined {'H': True, 'P1': True, 'pc': 'in-R', 'helly-pc': True, 'tw': [-4, -3, -2, -1, 0, 1, 2, 3, 4], 'yc': [(0, 1), (2, 0)], 'm': {(0, 1): 0, (1, 2): 0, (2, 0): 1}, 'P3': True}
28 determined {'H': True, 'P1': True, 'pc': 'in-R', 'helly-pc': True, 'tw': [-4, -3, -2, -1, 0, 1, 2, 3, 4], 'yc': [(0, 1), (2, 0)], 'm': {(0, 1): 0, (1, 2): 0, (2, 0): -1}, 'P3': True}
29 determined {'H': True, 'P1': True, 'pc': 'in-R', 'helly-pc': True, 'tw': [-4, -3, -2, -1, 0, 1, 2, 3, 4], 'yc': [(0, 1), (2, 0)], 'm': {(0, 1): 0, (1, 2): 0, (2, 0): 1}, 'P3': True}
30 determined {'H': True, 'P1': True, 'pc': 'in-R', 'helly-pc': True, 'tw': [-4, -3, -2, -1, 0, 1, 2, 3, 4], 'yc': [(0, 1), (1, 2), (2, 0)], 'm': {(0, 1): 0, (1, 2): 1, (2, 0): -1}, 'P3': True}
31 determined {'H': True, 'P1': True, 'pc': 'in-R', 'helly-pc': True, 'tw': [-4, -3, -2, -1, 0, 1, 2, 3, 4], 'yc': [(0, 1), (1, 2), (2, 0)], 'm': {(0, 1): 0, (1, 2): 1, (2, 0): -1}, 'P3': True}
32 determined {'H': True, 'P1': True, 'pc': 'in-R', 'helly-pc': True, 'tw': [-4, -3, -2, -1, 0, 1, 2, 3, 4], 'yc': [(0, 1), (1, 2), (2, 0)], 'm': {(0, 1): 0, (1, 2): 1, (2, 0): 0}, 'P3': True}
33 determined {'H': True, 'P1': True, 'pc': 'in-R', 'helly-pc': True, 'tw': [-4, -3, -2, -1, 0, 1, 2, 3, 4], 'yc': [(0, 1), (1, 2), (2, 0)], 'm': {(0, 1): 0, (1, 2): 1, (2, 0): 0}, 'P3': True}
34 determined {'H': True, 'P1': True, 'pc': 'in-R', 'helly-pc': True, 'tw': [-4, -3, -2, -1, 0, 1, 2, 3, 4], 'yc': [(0, 1), (1, 2), (2, 0)], 'm': {(0, 1): 0, (1, 2): 1, (2, 0): 0}, 'P3': True}
35 determined {'H': True, 'P1': True, 'pc': 'in-R', 'helly-pc': True, 'tw': [-4, -3, -2, -1, 0, 1, 2, 3, 4], 'yc': [(0, 1), (1, 2), (2, 0)], 'm': {(0, 1): 0, (1, 2): 1, (2, 0): 0}, 'P3': True}
36 determined {'H': True, 'P1': True, 'pc': 'in-R', 'helly-pc': True, 'tw': [-4, -3, -2, -1, 0, 1, 2, 3, 4], 'yc': [(0, 1), (1, 2), (2, 0)], 'm': {(0, 1): 0, (1, 2): 1, (2, 0): 0}, 'P3': True}
37 determined {'H': True, 'P1': True, 'pc': 'in-R', 'helly-pc': True, 'tw': [-4, -3, -2, -1, 0, 1, 2, 3, 4], 'yc': [(0, 1), (1, 2), (2, 0)], 'm': {(0, 1): 0, (1, 2): 1, (2, 0): 0}, 'P3': True}
38 determined {'H': True, 'P1': True, 'pc': 'in-R', 'helly-pc': True, 'tw': [-4, -3, -2, -1, 0, 1, 2, 3, 4], 'yc': [(0, 1), (1, 2), (2, 0)], 'm': {(0, 1): 0, (1, 2): 1, (2, 0): -1}, 'P3': True}
39 determined {'H': True, 'P1': True, 'pc': 'in-R', 'helly-pc': True, 'tw': [-4, -3, -2, -1, 0, 1, 2, 3, 4], 'yc': [(0, 1), (1, 2), (2, 0)], 'm': {(0, 1): 0, (1, 2): 0, (2, 0): -1}, 'P3': True}
40 determined {'H': True, 'P1': True, 'pc': 'in-R', 'helly-pc': True, 'tw': [-4, -3, -2, -1, 0, 1, 2, 3, 4], 'yc': [(0, 1), (1, 2), (2, 0)], 'm': {(0, 1): 0, (1, 2): 0, (2, 0): 0}, 'P3': True}
41 determined {'H': True, 'P1': True, 'pc': 'in-R', 'helly-pc': True, 'tw': [-4, -3, -2, -1, 0, 1, 2, 3, 4], 'yc': [(0, 1), (1, 2), (2, 0)], 'm': {(0, 1): 0, (1, 2): 0, (2, 0): 0}, 'P3': True}
42 determined {'H': True, 'P1': True, 'pc': 'in-R', 'helly-pc': True, 'tw': [-4, -3, -2, -1, 0, 1, 2, 3, 4], 'yc': [(0, 1), (1, 2), (2, 0)], 'm': {(0, 1): 0, (1, 2): 0, (2, 0): 0}, 'P3': True}
43 determined {'H': True, 'P1': True, 'pc': 'in-R', 'helly-pc': True, 'tw': [-4, -3, -2, -1, 0, 1, 2, 3, 4], 'yc': [(0, 1), (1, 2), (2, 0)], 'm': {(0, 1): 0, (1, 2): 0, (2, 0): 1}, 'P3': True}
44 determined {'H': True, 'P1': True, 'pc': 'in-R', 'helly-pc': True, 'tw': [-4, -3, -2, -1, 0, 1, 2, 3, 4], 'yc': [(0, 1), (1, 2), (2, 0)], 'm': {(0, 1): 0, (1, 2): 0, (2, 0): 0}, 'P3': True}
45 determined {'H': True, 'P1': True, 'pc': 'in-R', 'helly-pc': True, 'tw': [-4, -3, -2, -1, 0, 1, 2, 3, 4], 'yc': [(0, 1), (1, 2), (2, 0)], 'm': {(0, 1): 0, (1, 2): 0, (2, 0): 0}, 'P3': True}
46 determined {'H': True, 'P1': True, 'pc': 'in-R', 'helly-pc': True, 'tw': [-4, -3, -2, -1, 0, 1, 2, 3, 4], 'yc': [(0, 1), (1, 2), (2, 0)], 'm': {(0, 1): 0, (1, 2): 0, (2, 0): -1}, 'P3': True}
47 determined {'H': True, 'P1': True, 'pc': 'in-R', 'helly-pc': True, 'tw': [-4, -3, -2, -1, 0, 1, 2, 3, 4], 'yc': [(0, 1), (1, 2), (2, 0)], 'm': {(0, 1): 0, (1, 2): 0, (2, 0): 0}, 'P3': True}
48 determined {'H': True, 'P1': True, 'pc': 'in-R', 'helly-pc': True, 'tw': [-4, -3, -2, -1, 0, 1, 2, 3, 4], 'yc': [(0, 1), (1, 2), (2, 0)], 'm': {(0, 1): 0, (1, 2): 0, (2, 0): 0}, 'P3': True}
49 determined {'H': True, 'P1': True, 'pc': 'in-R', 'helly-pc': True, 'tw': [-4, -3, -2, -1, 0, 1, 2, 3, 4], 'yc': [(0, 1), (1, 2), (2, 0)], 'm': {(0, 1): 0, (1, 2): 0, (2, 0): 0}, 'P3': True}
50 determined {'H': True, 'P1': True, 'pc': 'in-R', 'helly-pc': True, 'tw': [-4, -3, -2, -1, 0, 1, 2, 3, 4], 'yc': [(0, 1), (1, 2), (2, 0)], 'm': {(0, 1): 0, (1, 2): 0, (2, 0): 1}, 'P3': True}
51 determined {'H': True, 'P1': True, 'pc': 'in-R', 'helly-pc': True, 'tw': [-4, -3, -2, -1, 0, 1, 2, 3, 4], 'yc': [(0, 1), (1, 2), (2, 0)], 'm': {(0, 1): 0, (1, 2): 0, (2, 0): 0}, 'P3': True}
52 determined {'H': True, 'P1': True, 'pc': 'in-R', 'helly-pc': True, 'tw': [-4, -3, -2, -1, 0, 1, 2, 3, 4], 'yc': [(0, 1), (1, 2), (2, 0)], 'm': {(0, 1): 0, (1, 2): 0, (2, 0): 0}, 'P3': True}
53 determined {'H': True, 'P1': True, 'pc': 'in-R', 'helly-pc': True, 'tw': [-4, -3, -2, -1, 0, 1, 2, 3, 4], 'yc': [(0, 1), (1, 2), (2, 0)], 'm': {(0, 1): 0, (1, 2): 0, (2, 0): -1}, 'P3': True}
54 determined {'H': True, 'P1': True, 'pc': 'in-R', 'helly-pc': True, 'tw': [-4, -3, -2, -1, 0, 1, 2, 3, 4], 'yc': [(0, 1), (1, 2), (2, 0)], 'm': {(0, 1): 0, (1, 2): 0, (2, 0): 0}, 'P3': True}
55 determined {'H': True, 'P1': True, 'pc': 'in-R', 'helly-pc': True, 'tw': [-4, -3, -2, -1, 0, 1, 2, 3, 4], 'yc': [(0, 1), (1, 2), (2, 0)], 'm': {(0, 1): 0, (1, 2): 0, (2, 0): 0}, 'P3': True}
56 determined {'H': True, 'P1': True, 'pc': 'in-R', 'helly-pc': True, 'tw': [-4, -3, -2, -1, 0, 1, 2, 3, 4], 'yc': [(0, 1), (1, 2), (2, 0)], 'm': {(0, 1): 0, (1, 2): 0, (2, 0): 0}, 'P3': True}
57 determined {'H': True, 'P1': True, 'pc': 'in-R', 'helly-pc': True, 'tw': [-4, -3, -2, -1, 0, 1, 2, 3, 4], 'yc': [(0, 1), (1, 2), (2, 0)], 'm': {(0, 1): 0, (1, 2): 0, (2, 0): 1}, 'P3': True}
58 determined {'H': True, 'P1': True, 'pc': 'in-R', 'helly-pc': True, 'tw': [-4, -3, -2, -1, 0, 1, 2, 3, 4], 'yc': [(0, 1), (1, 2), (2, 0)], 'm': {(0, 1): 0, (1, 2): 0, (2, 0): 0}, 'P3': True}
59 determined {'H': True, 'P1': True, 'pc': 'in-R', 'helly-pc': True, 'tw': [-4, -3, -2, -1, 0, 1, 2, 3, 4], 'yc': [(0, 1), (1, 2), (2, 0)], 'm': {(0, 1): 0, (1, 2): 0, (2, 0): 0}, 'P3': True}
60 determined {'H': True, 'P1': True, 'pc': 'in-R', 'helly-pc': True, 'tw': [-4, -3, -2, -1, 0, 1, 2, 3, 4], 'yc': [(0, 1), (1, 2), (2, 0)], 'm': {(0, 1): 0, (1, 2): -1, (2, 0): 1}, 'P3': True}
61 determined {'H': True, 'P1': True, 'pc': 'in-R', 'helly-pc': True, 'tw': [-4, -3, -2, -1, 0, 1, 2, 3, 4], 'yc': [(0, 1), (1, 2), (2, 0)], 'm': {(0, 1): 0, (1, 2): -1, (2, 0): 0}, 'P3': True}
62 determined {'H': True, 'P1': True, 'pc': 'in-R', 'helly-pc': True, 'tw': [-4, -3, -2, -1, 0, 1, 2, 3, 4], 'yc': [(0, 1), (1, 2), (2, 0)], 'm': {(0, 1): 0, (1, 2): -1, (2, 0): 0}, 'P3': True}
63 determined {'H': True, 'P1': True, 'pc': 'in-R', 'helly-pc': True, 'tw': [-4, -3, -2, -1, 0, 1, 2, 3, 4], 'yc': [(0, 1), (1, 2), (2, 0)], 'm': {(0, 1): 0, (1, 2): -1, (2, 0): 0}, 'P3': True}
64 determined {'H': True, 'P1': True, 'pc': 'in-R', 'helly-pc': True, 'tw': [-4, -3, -2, -1, 0, 1, 2, 3, 4], 'yc': [(0, 1), (1, 2), (2, 0)], 'm': {(0, 1): 0, (1, 2): -1, (2, 0): 1}, 'P3': True}
65 determined {'H': True, 'P1': True, 'pc': 'in-R', 'helly-pc': True, 'tw': [-4, -3, -2, -1, 0, 1, 2, 3, 4], 'yc': [(0, 1), (1, 2), (2, 0)], 'm': {(0, 1): 0, (1, 2): -1, (2, 0): 0}, 'P3': True}
66 determined {'H': True, 'P1': True, 'pc': 'in-R', 'helly-pc': True, 'tw': [-4, -3, -2, -1, 0, 1, 2, 3, 4], 'yc': [(0, 1), (1, 2), (2, 0)], 'm': {(0, 1): 0, (1, 2): -1, (2, 0): 0}, 'P3': True}
67 determined {'H': True, 'P1': True, 'pc': 'in-R', 'helly-pc': True, 'tw': [-4, -3, -2, -1, 0, 1, 2, 3, 4], 'yc': [(0, 1), (1, 2), (2, 0)], 'm': {(0, 1): 0, (1, 2): -1, (2, 0): 0}, 'P3': True}
68 determined {'H': True, 'P1': True, 'pc': 'in-R', 'helly-pc': True, 'tw': [-4, -3, -2, -1, 0, 1, 2, 3, 4], 'yc': [(0, 1), (1, 2), (2, 0)], 'm': {(0, 1): 0, (1, 2): -1, (2, 0): 1}, 'P3': True}
69 determined {'H': True, 'P1': True, 'pc': 'in-R', 'helly-pc': True, 'tw': [-4, -3, -2, -1, 0, 1, 2, 3, 4], 'yc': [(0, 1), (1, 2), (2, 0)], 'm': {(0, 1): 0, (1, 2): 0, (2, 0): -1}, 'P3': True}
70 determined {'H': True, 'P1': True, 'pc': 'in-R', 'helly-pc': True, 'tw': [-4, -3, -2, -1, 0, 1, 2, 3, 4], 'yc': [(0, 1), (1, 2), (2, 0)], 'm': {(0, 1): 0, (1, 2): 0, (2, 0): 0}, 'P3': True}
71 determined {'H': True, 'P1': True, 'pc': 'in-R', 'helly-pc': True, 'tw': [-4, -3, -2, -1, 0, 1, 2, 3, 4], 'yc': [(0, 1), (1, 2), (2, 0)], 'm': {(0, 1): 0, (1, 2): 0, (2, 0): 0}, 'P3': True}
72 determined {'H': True, 'P1': True, 'pc': 'in-R', 'helly-pc': True, 'tw': [-4, -3, -2, -1, 0, 1, 2, 3, 4], 'yc': [(0, 1), (1, 2), (2, 0)], 'm': {(0, 1): 0, (1, 2): 0, (2, 0): 1}, 'P3': True}
73 determined {'H': True, 'P1': True, 'pc': 'in-R', 'helly-pc': True, 'tw': [-4, -3, -2, -1, 0, 1, 2, 3, 4], 'yc': [(0, 1), (1, 2), (2, 0)], 'm': {(0, 1): 0, (1, 2): 0, (2, 0): 0}, 'P3': True}
74 determined {'H': True, 'P1': True, 'pc': 'in-R', 'helly-pc': True, 'tw': [-4, -3, -2, -1, 0, 1, 2, 3, 4], 'yc': [(0, 1), (1, 2), (2, 0)], 'm': {(0, 1): 0, (1, 2): 0, (2, 0): 0}, 'P3': True}
75 determined {'H': True, 'P1': True, 'pc': 'in-R', 'helly-pc': True, 'tw': [-4, -3, -2, -1, 0, 1, 2, 3, 4], 'yc': [(0, 1), (1, 2), (2, 0)], 'm': {(0, 1): 0, (1, 2): 0, (2, 0): 0}, 'P3': True}
76 determined {'H': True, 'P1': True, 'pc': 'in-R', 'helly-pc': True, 'tw': [-4, -3, -2, -1, 0, 1, 2, 3, 4], 'yc': [(0, 1), (1, 2), (2, 0)], 'm': {(0, 1): 0, (1, 2): 0, (2, 0): -1}, 'P3': True}
77 determined {'H': True, 'P1': True, 'pc': 'in-R', 'helly-pc': True, 'tw': [-4, -3, -2, -1, 0, 1, 2, 3, 4], 'yc': [(0, 1), (1, 2), (2, 0)], 'm': {(0, 1): 0, (1, 2): 0, (2, 0): 0}, 'P3': True}
78 determined {'H': True, 'P1': True, 'pc': 'in-R', 'helly-pc': True, 'tw': [-4, -3, -2, -1, 0, 1, 2, 3, 4], 'yc': [(0, 1), (1, 2), (2, 0)], 'm': {(0, 1): 0, (1, 2): 0, (2, 0): 0}, 'P3': True}
79 determined {'H': True, 'P1': True, 'pc': 'in-R', 'helly-pc': True, 'tw': [-4, -3, -2, -1, 0, 1, 2, 3, 4], 'yc': [(0, 1), (1, 2), (2, 0)], 'm': {(0, 1): 0, (1, 2): 0, (2, 0): 1}, 'P3': True}
80 determined {'H': True, 'P1': True, 'pc': 'in-R', 'helly-pc': True, 'tw': [-4, -3, -2, -1, 0, 1, 2, 3, 4], 'yc': [(0, 1), (1, 2), (2, 0)], 'm': {(0, 1): 0, (1, 2): 0, (2, 0): 0}, 'P3': True}
81 determined {'H': True, 'P1': True, 'pc': 'in-R', 'helly-pc': True, 'tw': [-4, -3, -2, -1, 0, 1, 2, 3, 4], 'yc': [(0, 1), (1, 2), (2, 0)], 'm': {(0, 1): 0, (1, 2): 0, (2, 0): 0}, 'P3': True}
82 determined {'H': True, 'P1': True, 'pc': 'in-R', 'helly-pc': True, 'tw': [-4, -3, -2, -1, 0, 1, 2, 3, 4], 'yc': [(0, 1), (1, 2), (2, 0)], 'm': {(0, 1): 0, (1, 2): 0, (2, 0): 0}, 'P3': True}
83 determined {'H': True, 'P1': True, 'pc': 'in-R', 'helly-pc': True, 'tw': [-4, -3, -2, -1, 0, 1, 2, 3, 4], 'yc': [(0, 1), (1, 2), (2, 0)], 'm': {(0, 1): 0, (1, 2): 0, (2, 0): -1}, 'P3': True}
84 determined {'H': True, 'P1': True, 'pc': 'in-R', 'helly-pc': True, 'tw': [-4, -3, -2, -1, 0, 1, 2, 3, 4], 'yc': [(0, 1), (1, 2), (2, 0)], 'm': {(0, 1): 0, (1, 2): 0, (2, 0): 0}, 'P3': True}
85 determined {'H': True, 'P1': True, 'pc': 'in-R', 'helly-pc': True, 'tw': [-4, -3, -2, -1, 0, 1, 2, 3, 4], 'yc': [(0, 1), (1, 2), (2, 0)], 'm': {(0, 1): 0, (1, 2): 0, (2, 0): 0}, 'P3': True}
86 determined {'H': True, 'P1': True, 'pc': 'in-R', 'helly-pc': True, 'tw': [-4, -3, -2, -1, 0, 1, 2, 3, 4], 'yc': [(0, 1), (1, 2), (2, 0)], 'm': {(0, 1): 0, (1, 2): 0, (2, 0): 1}, 'P3': True}
87 determined {'H': True, 'P1': True, 'pc': 'in-R', 'helly-pc': True, 'tw': [-4, -3, -2, -1, 0, 1, 2, 3, 4], 'yc': [(0, 1), (1, 2), (2, 0)], 'm': {(0, 1): 0, (1, 2): 0, (2, 0): 0}, 'P3': True}
88 determined {'H': True, 'P1': True, 'pc': 'in-R', 'helly-pc': True, 'tw': [-4, -3, -2, -1, 0, 1, 2, 3, 4], 'yc': [(0, 1), (1, 2), (2, 0)], 'm': {(0, 1): 0, (1, 2): 0, (2, 0): 0}, 'P3': True}
89 determined {'H': True, 'P1': True, 'pc': 'in-R', 'helly-pc': True, 'tw': [-4, -3, -2, -1, 0, 1, 2, 3, 4], 'yc': [(0, 1), (1, 2), (2, 0)], 'm': {(0, 1): 0, (1, 2): 0, (2, 0): 0}, 'P3': True}
90 determined {'H': True, 'P1': True, 'pc': 'in-R', 'helly-pc': True, 'tw': [-4, -3, -2, -1, 0, 1, 2, 3, 4], 'yc': [(0, 1), (1, 2), (2, 0)], 'm': {(0, 1): 0, (1, 2): 1, (2, 0): -1}, 'P3': True}
91 determined {'H': True, 'P1': True, 'pc': 'in-R', 'helly-pc': True, 'tw': [-4, -3, -2, -1, 0, 1, 2, 3, 4], 'yc': [(0, 1), (1, 2), (2, 0)], 'm': {(0, 1): 0, (1, 2): 1, (2, 0): -1}, 'P3': True}
92 determined {'H': True, 'P1': True, 'pc': 'in-R', 'helly-pc': True, 'tw': [-4, -3, -2, -1, 0, 1, 2, 3, 4], 'yc': [(0, 1), (1, 2), (2, 0)], 'm': {(0, 1): 0, (1, 2): 1, (2, 0): -1}, 'P3': True}
93 determined {'H': True, 'P1': True, 'pc': 'in-R', 'helly-pc': True, 'tw': [-4, -3, -2, -1, 0, 1, 2, 3, 4], 'yc': [(0, 1), (2, 0)], 'm': {(0, 1): 0, (1, 2): 0, (2, 0): -1}, 'P3': True}
94 determined {'H': True, 'P1': True, 'pc': 'in-R', 'helly-pc': True, 'tw': [-4, -3, -2, -1, 0, 1, 2, 3, 4], 'yc': [(0, 1), (2, 0)], 'm': {(0, 1): 0, (1, 2): 0, (2, 0): 1}, 'P3': True}
95 determined {'H': True, 'P1': True, 'pc': 'in-R', 'helly-pc': True, 'tw': [-4, -3, -2, -1, 0, 1, 2, 3, 4], 'yc': [(0, 1), (2, 0)], 'm': {(0, 1): 0, (1, 2): 0, (2, 0): -1}, 'P3': True}
96 determined {'H': True, 'P1': True, 'pc': 'in-R', 'helly-pc': True, 'tw': [-4, -3, -2, -1, 0, 1, 2, 3, 4], 'yc': [(0, 1), (2, 0)], 'm': {(0, 1): 0, (1, 2): 0, (2, 0): 1}, 'P3': True}
97 determined {'H': True, 'P1': True, 'pc': 'in-R', 'helly-pc': True, 'tw': [-4, -3, -2, -1, 0, 1, 2, 3, 4], 'yc': [(0, 1), (2, 0)], 'm': {(0, 1): 0, (1, 2): 0, (2, 0): -1}, 'P3': True}
98 determined {'H': True, 'P1': True, 'pc': 'in-R', 'helly-pc': True, 'tw': [-4, -3, -2, -1, 0, 1, 2, 3, 4], 'yc': [(0, 1), (2, 0)], 'm': {(0, 1): 0, (1, 2): 0, (2, 0): 1}, 'P3': True}
99 determined {'H': True, 'P1': True, 'pc': 'in-R', 'helly-pc': True, 'tw': [-4, -3, -2, -1, 0, 1, 2, 3, 4], 'yc': [(0, 1), (2, 0)], 'm': {(0, 1): 0, (1, 2): 0, (2, 0): -1}, 'P3': True}
100 determined {'H': True, 'P1': True, 'pc': 'in-R', 'helly-pc': True, 'tw': [-4, -3, -2, -1, 0, 1, 2, 3, 4], 'yc': [(0, 1), (2, 0)], 'm': {(0, 1): 0, (1, 2): 0, (2, 0): 1}, 'P3': True}
101 determined {'H': True, 'P1': True, 'pc': 'in-R', 'helly-pc': True, 'tw': [-4, -3, -2, -1, 0, 1, 2, 3, 4], 'yc': [(0, 1), (2, 0)], 'm': {(0, 1): 0, (1, 2): 0, (2, 0): -1}, 'P3': True}
102 determined {'H': True, 'P1': True, 'pc': 'in-R', 'helly-pc': True, 'tw': [-4, -3, -2, -1, 0, 1, 2, 3, 4], 'yc': [(0, 1), (2, 0)], 'm': {(0, 1): 0, (1, 2): 0, (2, 0): 1}, 'P3': True}
103 determined {'H': True, 'P1': True, 'pc': 'in-R', 'helly-pc': True, 'tw': [-4, -3, -2, -1, 0, 1, 2, 3, 4], 'yc': [(0, 1), (2, 0)], 'm': {(0, 1): 0, (1, 2): 0, (2, 0): -1}, 'P3': True}
104 determined {'H': True, 'P1': True, 'pc': 'in-R', 'helly-pc': True, 'tw': [-4, -3, -2, -1, 0, 1, 2, 3, 4], 'yc': [(0, 1), (2, 0)], 'm': {(0, 1): 0, (1, 2): 0, (2, 0): 1}, 'P3': True}
105 determined {'H': True, 'P1': True, 'pc': 'in-R', 'helly-pc': True, 'tw': [-4, -3, -2, -1, 0, 1, 2, 3, 4], 'yc': [(0, 1), (1, 2), (2, 0)], 'm': {(0, 1): 0, (1, 2): -1, (2, 0): 1}, 'P3': True}
106 determined {'H': True, 'P1': True, 'pc': 'in-R', 'helly-pc': True, 'tw': [-4, -3, -2, -1, 0, 1, 2, 3, 4], 'yc': [(0, 1), (1, 2), (2, 0)], 'm': {(0, 1): 0, (1, 2): -1, (2, 0): 1}, 'P3': True}
107 determined {'H': True, 'P1': True, 'pc': 'in-R', 'helly-pc': True, 'tw': [-4, -3, -2, -1, 0, 1, 2, 3, 4], 'yc': [(0, 1), (1, 2), (2, 0)], 'm': {(0, 1): 0, (1, 2): -1, (2, 0): 1}, 'P3': True}
108 determined {'H': True, 'P1': True, 'pc': 'in-R', 'helly-pc': True, 'tw': [-4, -3, -2, -1, 0, 1, 2, 3, 4], 'yc': [(0, 1), (2, 0)], 'm': {(0, 1): 0, (1, 2): 0, (2, 0): -1}, 'P3': True}
109 determined {'H': True, 'P1': True, 'pc': 'in-R', 'helly-pc': True, 'tw': [-4, -3, -2, -1, 0, 1, 2, 3, 4], 'yc': [(0, 1), (2, 0)], 'm': {(0, 1): 0, (1, 2): 0, (2, 0): 1}, 'P3': True}
110 determined {'H': True, 'P1': True, 'pc': 'in-R', 'helly-pc': True, 'tw': [-4, -3, -2, -1, 0, 1, 2, 3, 4], 'yc': [(0, 1), (2, 0)], 'm': {(0, 1): 0, (1, 2): 0, (2, 0): -1}, 'P3': True}
111 determined {'H': True, 'P1': True, 'pc': 'in-R', 'helly-pc': True, 'tw': [-4, -3, -2, -1, 0, 1, 2, 3, 4], 'yc': [(0, 1), (2, 0)], 'm': {(0, 1): 0, (1, 2): 0, (2, 0): 1}, 'P3': True}
112 determined {'H': True, 'P1': True, 'pc': 'in-R', 'helly-pc': True, 'tw': [-4, -3, -2, -1, 0, 1, 2, 3, 4], 'yc': [(0, 1), (2, 0)], 'm': {(0, 1): 0, (1, 2): 0, (2, 0): -1}, 'P3': True}
113 determined {'H': True, 'P1': True, 'pc': 'in-R', 'helly-pc': True, 'tw': [-4, -3, -2, -1, 0, 1, 2, 3, 4], 'yc': [(0, 1), (2, 0)], 'm': {(0, 1): 0, (1, 2): 0, (2, 0): 1}, 'P3': True}
114 determined {'H': True, 'P1': True, 'pc': 'in-R', 'helly-pc': True, 'tw': [-4, -3, -2, -1, 0, 1, 2, 3, 4], 'yc': [(0, 1), (2, 0)], 'm': {(0, 1): 0, (1, 2): 0, (2, 0): -1}, 'P3': True}
115 determined {'H': True, 'P1': True, 'pc': 'in-R', 'helly-pc': True, 'tw': [-4, -3, -2, -1, 0, 1, 2, 3, 4], 'yc': [(0, 1), (2, 0)], 'm': {(0, 1): 0, (1, 2): 0, (2, 0): 1}, 'P3': True}
116 determined {'H': True, 'P1': True, 'pc': 'in-R', 'helly-pc': True, 'tw': [-4, -3, -2, -1, 0, 1, 2, 3, 4], 'yc': [(0, 1), (2, 0)], 'm': {(0, 1): 0, (1, 2): 0, (2, 0): -1}, 'P3': True}
117 determined {'H': True, 'P1': True, 'pc': 'in-R', 'helly-pc': True, 'tw': [-4, -3, -2, -1, 0, 1, 2, 3, 4], 'yc': [(0, 1), (2, 0)], 'm': {(0, 1): 0, (1, 2): 0, (2, 0): 1}, 'P3': True}
118 determined {'H': True, 'P1': True, 'pc': 'in-R', 'helly-pc': True, 'tw': [-4, -3, -2, -1, 0, 1, 2, 3, 4], 'yc': [(0, 1), (2, 0)], 'm': {(0, 1): 0, (1, 2): 0, (2, 0): -1}, 'P3': True}
119 determined {'H': True, 'P1': True, 'pc': 'in-R', 'helly-pc': True, 'tw': [-4, -3, -2, -1, 0, 1, 2, 3, 4], 'yc': [(0, 1), (2, 0)], 'm': {(0, 1): 0, (1, 2): 0, (2, 0): 1}, 'P3': True}
120 determined {'H': True, 'P1': True, 'pc': 'in-R', 'helly-pc': True, 'tw': [-4, -3, -2, -1, 0, 1, 2, 3, 4], 'yc': [(0, 1), (1, 2), (2, 0)], 'm': {(0, 1): 0, (1, 2): 1, (2, 0): -1}, 'P3': True}
121 determined {'H': True, 'P1': True, 'pc': 'in-R', 'helly-pc': True, 'tw': [-4, -3, -2, -1, 0, 1, 2, 3, 4], 'yc': [(0, 1), (1, 2), (2, 0)], 'm': {(0, 1): 0, (1, 2): 1, (2, 0): -1}, 'P3': True}
122 determined {'H': True, 'P1': True, 'pc': 'in-R', 'helly-pc': True, 'tw': [-4, -3, -2, -1, 0, 1, 2, 3, 4], 'yc': [(0, 1), (1, 2), (2, 0)], 'm': {(0, 1): 0, (1, 2): 1, (2, 0): -1}, 'P3': True}
123 determined {'H': True, 'P1': True, 'pc': 'in-R', 'helly-pc': True, 'tw': [-4, -3, -2, -1, 0, 1, 2, 3, 4], 'yc': [(0, 1), (1, 2), (2, 0)], 'm': {(0, 1): 0, (1, 2): 1, (2, 0): 0}, 'P3': True}
124 determined {'H': True, 'P1': True, 'pc': 'in-R', 'helly-pc': True, 'tw': [-4, -3, -2, -1, 0, 1, 2, 3, 4], 'yc': [(0, 1), (1, 2), (2, 0)], 'm': {(0, 1): 0, (1, 2): 1, (2, 0): 0}, 'P3': True}
125 determined {'H': True, 'P1': True, 'pc': 'in-R', 'helly-pc': True, 'tw': [-4, -3, -2, -1, 0, 1, 2, 3, 4], 'yc': [(0, 1), (1, 2), (2, 0)], 'm': {(0, 1): 0, (1, 2): 1, (2, 0): 0}, 'P3': True}
126 determined {'H': True, 'P1': True, 'pc': 'in-R', 'helly-pc': True, 'tw': [-4, -3, -2, -1, 0, 1, 2, 3, 4], 'yc': [(0, 1), (1, 2), (2, 0)], 'm': {(0, 1): 0, (1, 2): 1, (2, 0): 0}, 'P3': True}
127 determined {'H': True, 'P1': True, 'pc': 'in-R', 'helly-pc': True, 'tw': [-4, -3, -2, -1, 0, 1, 2, 3, 4], 'yc': [(0, 1), (1, 2), (2, 0)], 'm': {(0, 1): 0, (1, 2): 1, (2, 0): 0}, 'P3': True}
128 determined {'H': True, 'P1': True, 'pc': 'in-R', 'helly-pc': True, 'tw': [-4, -3, -2, -1, 0, 1, 2, 3, 4], 'yc': [(0, 1), (1, 2), (2, 0)], 'm': {(0, 1): 0, (1, 2): 1, (2, 0): 0}, 'P3': True}
129 determined {'H': True, 'P1': True, 'pc': 'in-R', 'helly-pc': True, 'tw': [-4, -3, -2, -1, 0, 1, 2, 3, 4], 'yc': [(0, 1), (1, 2), (2, 0)], 'm': {(0, 1): 0, (1, 2): 0, (2, 0): -1}, 'P3': True}
130 determined {'H': True, 'P1': True, 'pc': 'in-R', 'helly-pc': True, 'tw': [-4, -3, -2, -1, 0, 1, 2, 3, 4], 'yc': [(0, 1), (1, 2), (2, 0)], 'm': {(0, 1): 0, (1, 2): 0, (2, 0): 0}, 'P3': True}
131 determined {'H': True, 'P1': True, 'pc': 'in-R', 'helly-pc': True, 'tw': [-4, -3, -2, -1, 0, 1, 2, 3, 4], 'yc': [(0, 1), (1, 2), (2, 0)], 'm': {(0, 1): 0, (1, 2): 0, (2, 0): 0}, 'P3': True}
132 determined {'H': True, 'P1': True, 'pc': 'in-R', 'helly-pc': True, 'tw': [-4, -3, -2, -1, 0, 1, 2, 3, 4], 'yc': [(0, 1), (1, 2), (2, 0)], 'm': {(0, 1): 0, (1, 2): 0, (2, 0): 0}, 'P3': True}
133 determined {'H': True, 'P1': True, 'pc': 'in-R', 'helly-pc': True, 'tw': [-4, -3, -2, -1, 0, 1, 2, 3, 4], 'yc': [(0, 1), (1, 2), (2, 0)], 'm': {(0, 1): 0, (1, 2): 0, (2, 0): 1}, 'P3': True}
134 determined {'H': True, 'P1': True, 'pc': 'in-R', 'helly-pc': True, 'tw': [-4, -3, -2, -1, 0, 1, 2, 3, 4], 'yc': [(0, 1), (1, 2), (2, 0)], 'm': {(0, 1): 0, (1, 2): 0, (2, 0): 0}, 'P3': True}
135 determined {'H': True, 'P1': True, 'pc': 'in-R', 'helly-pc': True, 'tw': [-4, -3, -2, -1, 0, 1, 2, 3, 4], 'yc': [(0, 1), (1, 2), (2, 0)], 'm': {(0, 1): 0, (1, 2): 0, (2, 0): 0}, 'P3': True}
136 determined {'H': True, 'P1': True, 'pc': 'in-R', 'helly-pc': True, 'tw': [-4, -3, -2, -1, 0, 1, 2, 3, 4], 'yc': [(0, 1), (1, 2), (2, 0)], 'm': {(0, 1): 0, (1, 2): 0, (2, 0): -1}, 'P3': True}
137 determined {'H': True, 'P1': True, 'pc': 'in-R', 'helly-pc': True, 'tw': [-4, -3, -2, -1, 0, 1, 2, 3, 4], 'yc': [(0, 1), (1, 2), (2, 0)], 'm': {(0, 1): 0, (1, 2): 0, (2, 0): 0}, 'P3': True}
138 determined {'H': True, 'P1': True, 'pc': 'in-R', 'helly-pc': True, 'tw': [-4, -3, -2, -1, 0, 1, 2, 3, 4], 'yc': [(0, 1), (1, 2), (2, 0)], 'm': {(0, 1): 0, (1, 2): 0, (2, 0): 0}, 'P3': True}
139 determined {'H': True, 'P1': True, 'pc': 'in-R', 'helly-pc': True, 'tw': [-4, -3, -2, -1, 0, 1, 2, 3, 4], 'yc': [(0, 1), (1, 2), (2, 0)], 'm': {(0, 1): 0, (1, 2): 0, (2, 0): 0}, 'P3': True}
140 determined {'H': True, 'P1': True, 'pc': 'in-R', 'helly-pc': True, 'tw': [-4, -3, -2, -1, 0, 1, 2, 3, 4], 'yc': [(0, 1), (1, 2), (2, 0)], 'm': {(0, 1): 0, (1, 2): 0, (2, 0): 1}, 'P3': True}
141 determined {'H': True, 'P1': True, 'pc': 'in-R', 'helly-pc': True, 'tw': [-4, -3, -2, -1, 0, 1, 2, 3, 4], 'yc': [(0, 1), (1, 2), (2, 0)], 'm': {(0, 1): 0, (1, 2): 0, (2, 0): 0}, 'P3': True}
142 determined {'H': True, 'P1': True, 'pc': 'in-R', 'helly-pc': True, 'tw': [-4, -3, -2, -1, 0, 1, 2, 3, 4], 'yc': [(0, 1), (1, 2), (2, 0)], 'm': {(0, 1): 0, (1, 2): 0, (2, 0): 0}, 'P3': True}
143 determined {'H': True, 'P1': True, 'pc': 'in-R', 'helly-pc': True, 'tw': [-4, -3, -2, -1, 0, 1, 2, 3, 4], 'yc': [(0, 1), (1, 2), (2, 0)], 'm': {(0, 1): 0, (1, 2): 0, (2, 0): -1}, 'P3': True}
144 determined {'H': True, 'P1': True, 'pc': 'in-R', 'helly-pc': True, 'tw': [-4, -3, -2, -1, 0, 1, 2, 3, 4], 'yc': [(0, 1), (1, 2), (2, 0)], 'm': {(0, 1): 0, (1, 2): 0, (2, 0): 0}, 'P3': True}
145 determined {'H': True, 'P1': True, 'pc': 'in-R', 'helly-pc': True, 'tw': [-4, -3, -2, -1, 0, 1, 2, 3, 4], 'yc': [(0, 1), (1, 2), (2, 0)], 'm': {(0, 1): 0, (1, 2): 0, (2, 0): 0}, 'P3': True}
146 determined {'H': True, 'P1': True, 'pc': 'in-R', 'helly-pc': True, 'tw': [-4, -3, -2, -1, 0, 1, 2, 3, 4], 'yc': [(0, 1), (1, 2), (2, 0)], 'm': {(0, 1): 0, (1, 2): 0, (2, 0): 0}, 'P3': True}
147 determined {'H': True, 'P1': True, 'pc': 'in-R', 'helly-pc': True, 'tw': [-4, -3, -2, -1, 0, 1, 2, 3, 4], 'yc': [(0, 1), (1, 2), (2, 0)], 'm': {(0, 1): 0, (1, 2): 0, (2, 0): 1}, 'P3': True}
148 determined {'H': True, 'P1': True, 'pc': 'in-R', 'helly-pc': True, 'tw': [-4, -3, -2, -1, 0, 1, 2, 3, 4], 'yc': [(0, 1), (1, 2), (2, 0)], 'm': {(0, 1): 0, (1, 2): 0, (2, 0): 0}, 'P3': True}
149 determined {'H': True, 'P1': True, 'pc': 'in-R', 'helly-pc': True, 'tw': [-4, -3, -2, -1, 0, 1, 2, 3, 4], 'yc': [(0, 1), (1, 2), (2, 0)], 'm': {(0, 1): 0, (1, 2): 0, (2, 0): 0}, 'P3': True}
150 determined {'H': True, 'P1': True, 'pc': 'in-R', 'helly-pc': True, 'tw': [-4, -3, -2, -1, 0, 1, 2, 3, 4], 'yc': [(0, 1), (1, 2), (2, 0)], 'm': {(0, 1): 0, (1, 2): -1, (2, 0): 1}, 'P3': True}
151 determined {'H': True, 'P1': True, 'pc': 'in-R', 'helly-pc': True, 'tw': [-4, -3, -2, -1, 0, 1, 2, 3, 4], 'yc': [(0, 1), (1, 2), (2, 0)], 'm': {(0, 1): 0, (1, 2): -1, (2, 0): 1}, 'P3': True}
152 determined {'H': True, 'P1': True, 'pc': 'in-R', 'helly-pc': True, 'tw': [-4, -3, -2, -1, 0, 1, 2, 3, 4], 'yc': [(0, 1), (1, 2), (2, 0)], 'm': {(0, 1): 0, (1, 2): -1, (2, 0): 0}, 'P3': True}
153 determined {'H': True, 'P1': True, 'pc': 'in-R', 'helly-pc': True, 'tw': [-4, -3, -2, -1, 0, 1, 2, 3, 4], 'yc': [(0, 1), (1, 2), (2, 0)], 'm': {(0, 1): 0, (1, 2): -1, (2, 0): 0}, 'P3': True}
154 determined {'H': True, 'P1': True, 'pc': 'in-R', 'helly-pc': True, 'tw': [-4, -3, -2, -1, 0, 1, 2, 3, 4], 'yc': [(0, 1), (1, 2), (2, 0)], 'm': {(0, 1): 0, (1, 2): -1, (2, 0): 0}, 'P3': True}
155 determined {'H': True, 'P1': True, 'pc': 'in-R', 'helly-pc': True, 'tw': [-4, -3, -2, -1, 0, 1, 2, 3, 4], 'yc': [(0, 1), (1, 2), (2, 0)], 'm': {(0, 1): 0, (1, 2): -1, (2, 0): 1}, 'P3': True}
156 determined {'H': True, 'P1': True, 'pc': 'in-R', 'helly-pc': True, 'tw': [-4, -3, -2, -1, 0, 1, 2, 3, 4], 'yc': [(0, 1), (1, 2), (2, 0)], 'm': {(0, 1): 0, (1, 2): -1, (2, 0): 0}, 'P3': True}
157 determined {'H': True, 'P1': True, 'pc': 'in-R', 'helly-pc': True, 'tw': [-4, -3, -2, -1, 0, 1, 2, 3, 4], 'yc': [(0, 1), (1, 2), (2, 0)], 'm': {(0, 1): 0, (1, 2): -1, (2, 0): 0}, 'P3': True}
158 determined {'H': True, 'P1': True, 'pc': 'in-R', 'helly-pc': True, 'tw': [-4, -3, -2, -1, 0, 1, 2, 3, 4], 'yc': [(0, 1), (1, 2), (2, 0)], 'm': {(0, 1): 0, (1, 2): -1, (2, 0): 0}, 'P3': True}
159 determined {'H': True, 'P1': True, 'pc': 'in-R', 'helly-pc': True, 'tw': [-4, -3, -2, -1, 0, 1, 2, 3, 4], 'yc': [(0, 1), (1, 2), (2, 0)], 'm': {(0, 1): 0, (1, 2): 0, (2, 0): -1}, 'P3': True}
160 determined {'H': True, 'P1': True, 'pc': 'in-R', 'helly-pc': True, 'tw': [-4, -3, -2, -1, 0, 1, 2, 3, 4], 'yc': [(0, 1), (1, 2), (2, 0)], 'm': {(0, 1): 0, (1, 2): 0, (2, 0): 0}, 'P3': True}
161 determined {'H': True, 'P1': True, 'pc': 'in-R', 'helly-pc': True, 'tw': [-4, -3, -2, -1, 0, 1, 2, 3, 4], 'yc': [(0, 1), (1, 2), (2, 0)], 'm': {(0, 1): 0, (1, 2): 0, (2, 0): 0}, 'P3': True}
162 determined {'H': True, 'P1': True, 'pc': 'in-R', 'helly-pc': True, 'tw': [-4, -3, -2, -1, 0, 1, 2, 3, 4], 'yc': [(0, 1), (1, 2), (2, 0)], 'm': {(0, 1): 0, (1, 2): 0, (2, 0): 1}, 'P3': True}
163 determined {'H': True, 'P1': True, 'pc': 'in-R', 'helly-pc': True, 'tw': [-4, -3, -2, -1, 0, 1, 2, 3, 4], 'yc': [(0, 1), (1, 2), (2, 0)], 'm': {(0, 1): 0, (1, 2): 0, (2, 0): 0}, 'P3': True}
164 determined {'H': True, 'P1': True, 'pc': 'in-R', 'helly-pc': True, 'tw': [-4, -3, -2, -1, 0, 1, 2, 3, 4], 'yc': [(0, 1), (1, 2), (2, 0)], 'm': {(0, 1): 0, (1, 2): 0, (2, 0): 0}, 'P3': True}
165 determined {'H': True, 'P1': True, 'pc': 'in-R', 'helly-pc': True, 'tw': [-4, -3, -2, -1, 0, 1, 2, 3, 4], 'yc': [(0, 1), (1, 2), (2, 0)], 'm': {(0, 1): 0, (1, 2): 0, (2, 0): 0}, 'P3': True}
166 determined {'H': True, 'P1': True, 'pc': 'in-R', 'helly-pc': True, 'tw': [-4, -3, -2, -1, 0, 1, 2, 3, 4], 'yc': [(0, 1), (1, 2), (2, 0)], 'm': {(0, 1): 0, (1, 2): 0, (2, 0): -1}, 'P3': True}
167 determined {'H': True, 'P1': True, 'pc': 'in-R', 'helly-pc': True, 'tw': [-4, -3, -2, -1, 0, 1, 2, 3, 4], 'yc': [(0, 1), (1, 2), (2, 0)], 'm': {(0, 1): 0, (1, 2): 0, (2, 0): 0}, 'P3': True}
168 determined {'H': True, 'P1': True, 'pc': 'in-R', 'helly-pc': True, 'tw': [-4, -3, -2, -1, 0, 1, 2, 3, 4], 'yc': [(0, 1), (1, 2), (2, 0)], 'm': {(0, 1): 0, (1, 2): 0, (2, 0): 0}, 'P3': True}
169 determined {'H': True, 'P1': True, 'pc': 'in-R', 'helly-pc': True, 'tw': [-4, -3, -2, -1, 0, 1, 2, 3, 4], 'yc': [(0, 1), (1, 2), (2, 0)], 'm': {(0, 1): 0, (1, 2): 0, (2, 0): 1}, 'P3': True}
170 determined {'H': True, 'P1': True, 'pc': 'in-R', 'helly-pc': True, 'tw': [-4, -3, -2, -1, 0, 1, 2, 3, 4], 'yc': [(0, 1), (1, 2), (2, 0)], 'm': {(0, 1): 0, (1, 2): 0, (2, 0): 0}, 'P3': True}
171 determined {'H': True, 'P1': True, 'pc': 'in-R', 'helly-pc': True, 'tw': [-4, -3, -2, -1, 0, 1, 2, 3, 4], 'yc': [(0, 1), (1, 2), (2, 0)], 'm': {(0, 1): 0, (1, 2): 0, (2, 0): 0}, 'P3': True}
172 determined {'H': True, 'P1': True, 'pc': 'in-R', 'helly-pc': True, 'tw': [-4, -3, -2, -1, 0, 1, 2, 3, 4], 'yc': [(0, 1), (1, 2), (2, 0)], 'm': {(0, 1): 0, (1, 2): 0, (2, 0): 0}, 'P3': True}
173 determined {'H': True, 'P1': True, 'pc': 'in-R', 'helly-pc': True, 'tw': [-4, -3, -2, -1, 0, 1, 2, 3, 4], 'yc': [(0, 1), (1, 2), (2, 0)], 'm': {(0, 1): 0, (1, 2): 0, (2, 0): -1}, 'P3': True}
174 determined {'H': True, 'P1': True, 'pc': 'in-R', 'helly-pc': True, 'tw': [-4, -3, -2, -1, 0, 1, 2, 3, 4], 'yc': [(0, 1), (1, 2), (2, 0)], 'm': {(0, 1): 0, (1, 2): 0, (2, 0): 0}, 'P3': True}
175 determined {'H': True, 'P1': True, 'pc': 'in-R', 'helly-pc': True, 'tw': [-4, -3, -2, -1, 0, 1, 2, 3, 4], 'yc': [(0, 1), (1, 2), (2, 0)], 'm': {(0, 1): 0, (1, 2): 0, (2, 0): 0}, 'P3': True}
176 determined {'H': True, 'P1': True, 'pc': 'in-R', 'helly-pc': True, 'tw': [-4, -3, -2, -1, 0, 1, 2, 3, 4], 'yc': [(0, 1), (1, 2), (2, 0)], 'm': {(0, 1): 0, (1, 2): 0, (2, 0): 1}, 'P3': True}
177 determined {'H': True, 'P1': True, 'pc': 'in-R', 'helly-pc': True, 'tw': [-4, -3, -2, -1, 0, 1, 2, 3, 4], 'yc': [(0, 1), (1, 2), (2, 0)], 'm': {(0, 1): 0, (1, 2): 0, (2, 0): 0}, 'P3': True}
178 determined {'H': True, 'P1': True, 'pc': 'in-R', 'helly-pc': True, 'tw': [-4, -3, -2, -1, 0, 1, 2, 3, 4], 'yc': [(0, 1), (1, 2), (2, 0)], 'm': {(0, 1): 0, (1, 2): 0, (2, 0): 0}, 'P3': True}
179 determined {'H': True, 'P1': True, 'pc': 'in-R', 'helly-pc': True, 'tw': [-4, -3, -2, -1, 0, 1, 2, 3, 4], 'yc': [(0, 1), (1, 2), (2, 0)], 'm': {(0, 1): 0, (1, 2): 0, (2, 0): 0}, 'P3': True}
