chunk 0..30000 exit 0 time 832s
RANK 3 CAP 24 TCAP 0 loaded 280213 states; processing 0..30000
DONE states 0..30000 moves 82993008 inside 2915441 closure-violations 0 tunnels 80077567 back<=CAP 2058166 NEW 12351 PRIM 0 thick-tested(|m|<=TCAP) 0 planar 0 THICK 0 undecided 0 maxsteps 12
HIST |m|: 13:159 14:1113 15:3108 16:4683 17:11707 18:15045 19:39281 20:46546 21:183822 22:257711 23:775484 24:719507 25:2721448 26:2983936 27:5302303 28:5124585 29:7769075 30:5175086 31:7125444 32:1506103 33:3094963 34:1311441 35:2621222 36:1665401 37:3834084 38:2344819 39:5423957 40:2587040 41:6681439 42:2589366 43:5742921 44:111984 45:2302784
chunk 30000..60000 exit 0 time 499s
RANK 3 CAP 24 TCAP 0 loaded 280213 states; processing 30000..60000
DONE states 30000..60000 moves 81321296 inside 2008352 closure-violations 0 tunnels 79312944 back<=CAP 1381743 NEW 4497 PRIM 0 thick-tested(|m|<=TCAP) 0 planar 0 THICK 0 undecided 0 maxsteps 11
HIST |m|: 13:40 14:415 15:1508 16:1180 17:4810 18:4286 19:15900 20:21270 21:84920 22:176462 23:315919 24:755033 25:2380467 26:1708344 27:5622657 28:2537101 29:11081719 30:2041850 31:11653604 32:525443 33:1852587 34:582148 35:1732500 36:744037 37:2647425 38:1213064 39:4208961 40:1506037 41:6241738 42:1731946 43:8902341 44:242432 45:8774800
chunk 60000..90000 exit 0 time 730s
RANK 3 CAP 24 TCAP 0 loaded 280213 states; processing 60000..90000
DONE states 60000..90000 moves 85759632 inside 2838007 closure-violations 0 tunnels 82921625 back<=CAP 1522564 NEW 5083 PRIM 0 thick-tested(|m|<=TCAP) 0 planar 0 THICK 0 undecided 0 maxsteps 12
HIST |m|: 13:94 14:1002 15:3406 16:2973 17:10246 18:9367 19:34780 20:31124 21:159104 22:142778 23:751783 24:375907 25:2674884 26:2339859 27:5549343 28:4551571 29:8650931 30:5546750 31:8067704 32:1996501 33:3499636 34:1482152 35:2840813 36:1848002 37:4089071 38:2841762 39:5588138 40:3121980 41:7070833 42:3163063 43:5382272 44:25076 45:1068720
chunk 90000..120000 exit 0 time 691s
RANK 3 CAP 24 TCAP 0 loaded 280213 states; processing 90000..120000
DONE states 90000..120000 moves 84744800 inside 1940477 closure-violations 0 tunnels 82804323 back<=CAP 1278755 NEW 1038 PRIM 0 thick-tested(|m|<=TCAP) 0 planar 0 THICK 0 undecided 0 maxsteps 13
HIST |m|: 13:54 14:285 15:1154 16:968 17:6140 18:4564 19:18982 20:17466 21:93980 22:121452 23:402519 24:611191 25:2455412 26:1454158 27:5416381 28:2513749 29:11067257 30:2663827 31:12202125 32:1099625 33:2716030 34:1075260 35:2045566 36:1413314 37:2828539 38:2276433 39:4048949 40:2938737 41:5627519 42:3287775 43:7617616 44:159736 45:6617560
chunk 120000..150000 exit 0 time 675s
RANK 3 CAP 24 TCAP 0 loaded 280213 states; processing 120000..150000
DONE states 120000..150000 moves 89140800 inside 2380688 closure-violations 0 tunnels 86760112 back<=CAP 1384415 NEW 2340 PRIM 0 thick-tested(|m|<=TCAP) 0 planar 0 THICK 0 undecided 0 maxsteps 14
HIST |m|: 13:77 14:855 15:3160 16:2872 17:11457 18:8253 19:37464 20:25114 21:162113 22:103616 23:696201 24:333233 25:2832546 26:1482477 27:5998141 28:2879343 29:10457957 30:3838081 31:10877321 32:2143062 33:4660743 34:1845284 35:3011933 36:2421259 37:3926987 38:3728629 39:4713534 40:4480246 41:5689472 42:4618711 43:4573963 44:24376 45:1171632
chunk 150000..180000 exit 0 time 826s
RANK 3 CAP 24 TCAP 0 loaded 280213 states; processing 150000..180000
DONE states 150000..180000 moves 88933964 inside 1890201 closure-violations 0 tunnels 87043763 back<=CAP 1263624 NEW 1914 PRIM 0 thick-tested(|m|<=TCAP) 0 planar 0 THICK 0 undecided 0 maxsteps 13
HIST |m|: 13:222 14:459 15:1765 16:1916 17:7318 18:6409 19:28262 20:19409 21:119443 22:100519 23:500619 24:477283 25:2722866 26:1129405 27:5734025 28:1919080 29:11373360 30:2560593 31:13079087 32:1813625 33:4523140 34:1580976 35:2746853 36:1993212 37:3447621 38:3056532 39:4397292 40:3924588 41:5458147 42:4045901 43:6054408 44:94956 45:4124472
chunk 180000..210000 exit 0 time 611s
RANK 3 CAP 24 TCAP 0 loaded 280213 states; processing 180000..210000
DONE states 180000..210000 moves 93458456 inside 2124340 closure-violations 0 tunnels 91334116 back<=CAP 1265142 NEW 1603 PRIM 0 thick-tested(|m|<=TCAP) 0 planar 0 THICK 0 undecided 0 maxsteps 14
HIST |m|: 13:386 14:451 15:2377 16:2517 17:10325 18:8738 19:34381 20:22042 21:131871 22:104641 23:589157 24:358256 25:2586701 26:1330330 27:5588238 28:2474603 29:10194586 30:3849730 31:11896843 32:3208877 33:6838145 34:2295738 35:4222529 36:2486749 37:4810624 38:3670139 39:5680973 40:4472886 41:6086271 42:4000742 43:3992918 44:19056 45:362296
chunk 210000..240000 exit 0 time 1109s
RANK 3 CAP 24 TCAP 0 loaded 280213 states; processing 210000..240000
DONE states 210000..240000 moves 93318344 inside 1763325 closure-violations 0 tunnels 91555019 back<=CAP 1033788 NEW 3983 PRIM 0 thick-tested(|m|<=TCAP) 0 planar 0 THICK 0 undecided 0 maxsteps 15
HIST |m|: 13:96 14:62 15:1597 16:1104 17:7056 18:5382 19:24133 20:16959 21:96247 22:87675 23:422481 24:370996 25:2327929 26:1239085 27:4967338 28:2343947 29:9775763 30:3843274 31:12523304 32:3295144 33:7341830 34:1978832 35:4064969 36:2087704 37:4715033 38:2933476 39:5991356 40:3556464 41:6868612 42:2828421 43:5669326 44:108500 45:2060924
chunk 240000..270000 exit 124 time 1200s
RANK 3 CAP 24 TCAP 0 loaded 280213 states; processing 240000..270000
chunk 270000..300000 exit 0 time 539s
RANK 3 CAP 24 TCAP 0 loaded 280213 states; processing 270000..280213
DONE states 270000..280213 moves 30620156 inside 580960 closure-violations 0 tunnels 30039196 back<=CAP 229828 NEW 767 PRIM 0 thick-tested(|m|<=TCAP) 0 planar 0 THICK 0 undecided 0 maxsteps 7
HIST |m|: 17:318 18:141 19:2587 20:2881 21:18789 22:15665 23:110204 24:79243 25:809622 26:360600 27:1724211 28:730277 29:3631171 30:1191011 31:4215626 32:845143 33:1926640 34:664906 35:1072318 36:865124 37:1212371 38:1319589 39:1521689 40:1681321 41:1799980 42:1609069 43:1643364 44:67484 45:917852
SWEEPDONE
chunk 240000..255000 exit 0 time 796s
RANK 3 CAP 24 TCAP 0 loaded 280213 states; processing 240000..255000
DONE states 240000..255000 moves 47273772 inside 888585 closure-violations 0 tunnels 46385187 back<=CAP 465807 NEW 2225 PRIM 0 thick-tested(|m|<=TCAP) 0 planar 0 THICK 0 undecided 0 maxsteps 15
HIST |m|: 13:54 14:45 15:380 16:351 17:2479 18:1760 19:11740 20:5972 21:49401 22:34207 23:220745 24:138673 25:1207527 26:533594 27:2681599 28:998264 29:5138277 30:1779921 31:6350881 32:1730871 33:3778925 34:1152916 35:2243936 36:1322190 37:2478773 38:1871152 39:2943104 40:2193342 41:3142966 42:1938589 43:2074193 44:61008 45:297352
chunk 255000..270000 exit 0 time 1013s
RANK 3 CAP 24 TCAP 0 loaded 280213 states; processing 255000..270000
DONE states 255000..270000 moves 48191388 inside 828908 closure-violations 0 tunnels 47362480 back<=CAP 437438 NEW 1958 PRIM 0 thick-tested(|m|<=TCAP) 0 planar 0 THICK 0 undecided 0 maxsteps 12
HIST |m|: 14:17 15:34 16:177 17:1845 18:1354 19:10281 20:4957 21:47697 22:31067 23:209974 24:130035 25:1106227 26:508113 27:2520799 28:956743 29:4898254 30:1879389 31:6416001 32:2064569 33:4362571 34:1293640 35:2487925 36:1489097 37:2617053 38:1896374 39:2973362 40:2368682 41:3173900 42:1867262 43:1963009 44:29528 45:52544
RESWEEPDONE
