== p=5 relator [[a,b],a]
  class (2, 1): support [(2, 5), (6, 5)] shifts [(0, 1), (1, 1)]
  class (2, 2): support [(6, 6)] shifts [(1, 1)]
  class (2, 3): support [(6, 7)] shifts [(1, 1)]
  class (3, 1): support [(3, 5), (7, 5)] shifts [(0, 1), (1, 1)]
  class (3, 2): support [(7, 6)] shifts [(1, 1)]
  class (4, 1): support [(4, 5), (8, 5)] shifts [(0, 1), (1, 1)]
  single-letter shifts occurring: [(0, 1)]
  classes with diagonal (p-1,p-1) component: [(2, 1), (2, 2), (2, 3), (3, 1), (3, 2), (4, 1)]
  D(1,1) nonzero PBW coords: 13
== p=5 relator [[a,b],b]
  class (1, 2): support [(5, 2), (5, 6)] shifts [(1, 0), (1, 1)]
  class (1, 3): support [(5, 3), (5, 7)] shifts [(1, 0), (1, 1)]
  class (1, 4): support [(5, 4), (5, 8)] shifts [(1, 0), (1, 1)]
  class (2, 2): support [(6, 6)] shifts [(1, 1)]
  class (2, 3): support [(6, 7)] shifts [(1, 1)]
  class (3, 2): support [(7, 6)] shifts [(1, 1)]
  single-letter shifts occurring: [(1, 0)]
  classes with diagonal (p-1,p-1) component: [(1, 2), (1, 3), (1, 4), (2, 2), (2, 3), (3, 2)]
  D(1,1) nonzero PBW coords: 13
ALL SHIFTS IN {0,p-1}^2: True
