== p=11 relator [[a,b],a]
  class (2, 1): support [(2, 11), (12, 11)] shifts [(0, 1), (1, 1)]
  class (2, 2): support [(12, 12)] shifts [(1, 1)]
  class (2, 3): support [(12, 13)] shifts [(1, 1)]
  class (2, 4): support [(12, 14)] shifts [(1, 1)]
  class (2, 5): support [(12, 15)] shifts [(1, 1)]
  class (2, 6): support [(12, 16)] shifts [(1, 1)]
  class (2, 7): support [(12, 17)] shifts [(1, 1)]
  class (2, 8): support [(12, 18)] shifts [(1, 1)]
  class (2, 9): support [(12, 19)] shifts [(1, 1)]
  class (3, 1): support [(3, 11), (13, 11)] shifts [(0, 1), (1, 1)]
  class (3, 2): support [(13, 12)] shifts [(1, 1)]
  class (3, 3): support [(13, 13)] shifts [(1, 1)]
  class (3, 4): support [(13, 14)] shifts [(1, 1)]
  class (3, 5): support [(13, 15)] shifts [(1, 1)]
  class (3, 6): support [(13, 16)] shifts [(1, 1)]
  class (3, 7): support [(13, 17)] shifts [(1, 1)]
  class (3, 8): support [(13, 18)] shifts [(1, 1)]
  class (4, 1): support [(4, 11), (14, 11)] shifts [(0, 1), (1, 1)]
  class (4, 2): support [(14, 12)] shifts [(1, 1)]
  class (4, 3): support [(14, 13)] shifts [(1, 1)]
  class (4, 4): support [(14, 14)] shifts [(1, 1)]
  class (4, 5): support [(14, 15)] shifts [(1, 1)]
  class (4, 6): support [(14, 16)] shifts [(1, 1)]
  class (4, 7): support [(14, 17)] shifts [(1, 1)]
  class (5, 1): support [(5, 11), (15, 11)] shifts [(0, 1), (1, 1)]
  class (5, 2): support [(15, 12)] shifts [(1, 1)]
  class (5, 3): support [(15, 13)] shifts [(1, 1)]
  class (5, 4): support [(15, 14)] shifts [(1, 1)]
  class (5, 5): support [(15, 15)] shifts [(1, 1)]
  class (5, 6): support [(15, 16)] shifts [(1, 1)]
  class (6, 1): support [(6, 11), (16, 11)] shifts [(0, 1), (1, 1)]
  class (6, 2): support [(16, 12)] shifts [(1, 1)]
  class (6, 3): support [(16, 13)] shifts [(1, 1)]
  class (6, 4): support [(16, 14)] shifts [(1, 1)]
  class (6, 5): support [(16, 15)] shifts [(1, 1)]
  class (7, 1): support [(7, 11), (17, 11)] shifts [(0, 1), (1, 1)]
  class (7, 2): support [(17, 12)] shifts [(1, 1)]
  class (7, 3): support [(17, 13)] shifts [(1, 1)]
  class (7, 4): support [(17, 14)] shifts [(1, 1)]
  class (8, 1): support [(8, 11), (18, 11)] shifts [(0, 1), (1, 1)]
  class (8, 2): support [(18, 12)] shifts [(1, 1)]
  class (8, 3): support [(18, 13)] shifts [(1, 1)]
  class (9, 1): support [(9, 11), (19, 11)] shifts [(0, 1), (1, 1)]
  class (9, 2): support [(19, 12)] shifts [(1, 1)]
  class (10, 1): support [(10, 11), (20, 11)] shifts [(0, 1), (1, 1)]
  single-letter shifts occurring: [(0, 1)]
  classes with diagonal (p-1,p-1) component: [(2, 1), (2, 2), (2, 3), (2, 4), (2, 5), (2, 6), (2, 7), (2, 8), (2, 9), (3, 1), (3, 2), (3, 3), (3, 4), (3, 5), (3, 6), (3, 7), (3, 8), (4, 1), (4, 2), (4, 3), (4, 4), (4, 5), (4, 6), (4, 7), (5, 1), (5, 2), (5, 3), (5, 4), (5, 5), (5, 6), (6, 1), (6, 2), (6, 3), (6, 4), (6, 5), (7, 1), (7, 2), (7, 3), (7, 4), (8, 1), (8, 2), (8, 3), (9, 1), (9, 2), (10, 1)]
  D(1,1) nonzero PBW coords: 174
== p=11 relator [[a,b],b]
  class (1, 2): support [(11, 2), (11, 12)] shifts [(1, 0), (1, 1)]
  class (1, 3): support [(11, 3), (11, 13)] shifts [(1, 0), (1, 1)]
  class (1, 4): support [(11, 4), (11, 14)] shifts [(1, 0), (1, 1)]
  class (1, 5): support [(11, 5), (11, 15)] shifts [(1, 0), (1, 1)]
  class (1, 6): support [(11, 6), (11, 16)] shifts [(1, 0), (1, 1)]
  class (1, 7): support [(11, 7), (11, 17)] shifts [(1, 0), (1, 1)]
  class (1, 8): support [(11, 8), (11, 18)] shifts [(1, 0), (1, 1)]
  class (1, 9): support [(11, 9), (11, 19)] shifts [(1, 0), (1, 1)]
  class (1, 10): support [(11, 10), (11, 20)] shifts [(1, 0), (1, 1)]
  class (2, 2): support [(12, 12)] shifts [(1, 1)]
  class (2, 3): support [(12, 13)] shifts [(1, 1)]
  class (2, 4): support [(12, 14)] shifts [(1, 1)]
  class (2, 5): support [(12, 15)] shifts [(1, 1)]
  class (2, 6): support [(12, 16)] shifts [(1, 1)]
  class (2, 7): support [(12, 17)] shifts [(1, 1)]
  class (2, 8): support [(12, 18)] shifts [(1, 1)]
  class (2, 9): support [(12, 19)] shifts [(1, 1)]
  class (3, 2): support [(13, 12)] shifts [(1, 1)]
  class (3, 3): support [(13, 13)] shifts [(1, 1)]
  class (3, 4): support [(13, 14)] shifts [(1, 1)]
  class (3, 5): support [(13, 15)] shifts [(1, 1)]
  class (3, 6): support [(13, 16)] shifts [(1, 1)]
  class (3, 7): support [(13, 17)] shifts [(1, 1)]
  class (3, 8): support [(13, 18)] shifts [(1, 1)]
  class (4, 2): support [(14, 12)] shifts [(1, 1)]
  class (4, 3): support [(14, 13)] shifts [(1, 1)]
  class (4, 4): support [(14, 14)] shifts [(1, 1)]
  class (4, 5): support [(14, 15)] shifts [(1, 1)]
  class (4, 6): support [(14, 16)] shifts [(1, 1)]
  class (4, 7): support [(14, 17)] shifts [(1, 1)]
  class (5, 2): support [(15, 12)] shifts [(1, 1)]
  class (5, 3): support [(15, 13)] shifts [(1, 1)]
  class (5, 4): support [(15, 14)] shifts [(1, 1)]
  class (5, 5): support [(15, 15)] shifts [(1, 1)]
  class (5, 6): support [(15, 16)] shifts [(1, 1)]
  class (6, 2): support [(16, 12)] shifts [(1, 1)]
  class (6, 3): support [(16, 13)] shifts [(1, 1)]
  class (6, 4): support [(16, 14)] shifts [(1, 1)]
  class (6, 5): support [(16, 15)] shifts [(1, 1)]
  class (7, 2): support [(17, 12)] shifts [(1, 1)]
  class (7, 3): support [(17, 13)] shifts [(1, 1)]
  class (7, 4): support [(17, 14)] shifts [(1, 1)]
  class (8, 2): support [(18, 12)] shifts [(1, 1)]
  class (8, 3): support [(18, 13)] shifts [(1, 1)]
  class (9, 2): support [(19, 12)] shifts [(1, 1)]
  single-letter shifts occurring: [(1, 0)]
  classes with diagonal (p-1,p-1) component: [(1, 2), (1, 3), (1, 4), (1, 5), (1, 6), (1, 7), (1, 8), (1, 9), (1, 10), (2, 2), (2, 3), (2, 4), (2, 5), (2, 6), (2, 7), (2, 8), (2, 9), (3, 2), (3, 3), (3, 4), (3, 5), (3, 6), (3, 7), (3, 8), (4, 2), (4, 3), (4, 4), (4, 5), (4, 6), (4, 7), (5, 2), (5, 3), (5, 4), (5, 5), (5, 6), (6, 2), (6, 3), (6, 4), (6, 5), (7, 2), (7, 3), (7, 4), (8, 2), (8, 3), (9, 2)]
  D(1,1) nonzero PBW coords: 174
ALL SHIFTS IN {0,p-1}^2: True
