== p=7 relator [[a,b],a]
  class (2, 1): support [(2, 7), (8, 7)] shifts [(0, 1), (1, 1)]
  class (2, 2): support [(8, 8)] shifts [(1, 1)]
  class (2, 3): support [(8, 9)] shifts [(1, 1)]
  class (2, 4): support [(8, 10)] shifts [(1, 1)]
  class (2, 5): support [(8, 11)] shifts [(1, 1)]
  class (3, 1): support [(3, 7), (9, 7)] shifts [(0, 1), (1, 1)]
  class (3, 2): support [(9, 8)] shifts [(1, 1)]
  class (3, 3): support [(9, 9)] shifts [(1, 1)]
  class (3, 4): support [(9, 10)] shifts [(1, 1)]
  class (5, 1): support [(5, 7), (11, 7)] shifts [(0, 1), (1, 1)]
  class (5, 2): support [(11, 8)] shifts [(1, 1)]
  class (6, 1): support [(6, 7), (12, 7)] shifts [(0, 1), (1, 1)]
  single-letter shifts occurring: [(0, 1)]
  classes with diagonal (p-1,p-1) component: [(2, 1), (2, 2), (2, 3), (2, 4), (2, 5), (3, 1), (3, 2), (3, 3), (3, 4), (5, 1), (5, 2), (6, 1)]
  D(1,1) nonzero PBW coords: 33
== p=7 relator [[a,b],b]
  class (1, 2): support [(7, 2), (7, 8)] shifts [(1, 0), (1, 1)]
  class (1, 3): support [(7, 3), (7, 9)] shifts [(1, 0), (1, 1)]
  class (1, 5): support [(7, 5), (7, 11)] shifts [(1, 0), (1, 1)]
  class (1, 6): support [(7, 6), (7, 12)] shifts [(1, 0), (1, 1)]
  class (2, 2): support [(8, 8)] shifts [(1, 1)]
  class (2, 3): support [(8, 9)] shifts [(1, 1)]
  class (2, 4): support [(8, 10)] shifts [(1, 1)]
  class (2, 5): support [(8, 11)] shifts [(1, 1)]
  class (3, 2): support [(9, 8)] shifts [(1, 1)]
  class (3, 3): support [(9, 9)] shifts [(1, 1)]
  class (3, 4): support [(9, 10)] shifts [(1, 1)]
  class (4, 2): support [(10, 8)] shifts [(1, 1)]
  class (4, 3): support [(10, 9)] shifts [(1, 1)]
  class (5, 2): support [(11, 8)] shifts [(1, 1)]
  single-letter shifts occurring: [(1, 0)]
  classes with diagonal (p-1,p-1) component: [(1, 2), (1, 3), (1, 5), (1, 6), (2, 2), (2, 3), (2, 4), (2, 5), (3, 2), (3, 3), (3, 4), (4, 2), (4, 3), (5, 2)]
  D(1,1) nonzero PBW coords: 36
ALL SHIFTS IN {0,p-1}^2: True
