# mu_(1/3)(X) by exact MILP (sl2_milp.py SET 1 3 LIMIT). status 0 = optimal with dual bound = primal; status 1 = time limit.
{"name": "point", "t": "1/3", "npts": 1, "cells": 6, "status": 0, "eps": 0.0196078431372549, "frac": "1/51", "dual_bound": 0.0196078431372549, "kahler": 0.058823529411764705, "kahler_frac": "1/17", "secs": 1.2}
{"name": "P1_3", "t": "1/3", "npts": 4, "cells": 24, "status": 0, "eps": 0.019607843137254718, "frac": "1/51", "dual_bound": 0.019607843137254718, "kahler": 0.058823529411764684, "kahler_frac": "1/17", "secs": 5.7}
{"name": "PV_3", "t": "1/3", "npts": 4, "cells": 24, "status": 0, "eps": 0.019607843137254718, "frac": "1/51", "dual_bound": 0.019607843137254718, "kahler": 0.058823529411764684, "kahler_frac": "1/17", "secs": 5.6}
{"name": "P1_5", "t": "1/3", "npts": 6, "cells": 36, "status": 0, "eps": 0.019607843137074487, "frac": "1/51", "dual_bound": 0.019607843137074487, "kahler": 0.058823529411764705, "kahler_frac": "1/17", "secs": 22.0}
{"name": "P1_7", "t": "1/3", "npts": 8, "cells": 48, "status": 0, "eps": 0.019607843137003516, "frac": "1/51", "dual_bound": 0.019607843137003516, "kahler": 0.05882352941176474, "kahler_frac": "1/17", "secs": 38.6}
{"name": "V_3", "t": "1/3", "npts": 8, "cells": 48, "status": 0, "eps": 0.019607843137242842, "frac": "1/51", "dual_bound": 0.019607843137242842, "kahler": 0.058823529411764705, "kahler_frac": "1/17", "secs": 34.0}
{"name": "P1_9", "t": "1/3", "npts": 12, "cells": 72, "status": 0, "eps": 0.019607843137248324, "frac": "1/51", "dual_bound": 0.019607843137248324, "kahler": 0.058823529411764705, "kahler_frac": "1/17", "secs": 503.8}
{"name": "PV_5", "t": "1/3", "npts": 12, "cells": 72, "status": 0, "eps": 0.019607843137235254, "frac": "1/51", "dual_bound": 0.019607843137235254, "kahler": 0.058823529411764705, "kahler_frac": "1/17", "secs": 363.0}
{"name": "P1_11", "t": "1/3", "npts": 12, "cells": 72, "status": 1, "eps": 0.019607843137244004, "frac": "1/51", "dual_bound": 0.0, "kahler": 0.058823529411764705, "kahler_frac": "1/17", "secs": 1200.3}
{"name": "V_5", "t": "1/3", "npts": 24, "cells": 144, "status": 1, "eps": 0.04761904761904761, "frac": "1/21", "dual_bound": 0.0, "kahler": 0.0588235294117647, "kahler_frac": "1/17", "secs": 1200.4}
# P1_13 (14 points) was run before the set-name parsing fix, under the label P1_3; its line, relabelled:
{"name": "P1_13", "t": "1/3", "npts": 14, "cells": 84, "status": 0, "eps": 0.019607843137040965, "frac": "1/51", "dual_bound": 0.019607843137040965, "kahler": 0.058823529411764705, "kahler_frac": "1/17", "secs": 78.1}
# minimum l1 norm of an integral 2-cycle c with kappa(c) = 1 mod 3 (cycles.py SET 150).
# columns: set npts status norm kappa(c) dual_bound secs   -> single-cycle bound (1/3)/norm
point 1 0 17 1 17.0 0.1
P1_3 4 0 17 1 17.0 0.2
PV_3 4 0 17 1 17.0 0.3
P1_5 6 0 18 1 18.0 0.6
V_3 8 0 18 1 18.0 1.4
P1_7 8 0 20 1 20.0 2.3
P1_9 12 0 18 1 18.0 1.8
P1_11 12 0 18 1 18.0 2.3
P1_13 14 0 22 1 22.0 10.5
P1_15 24 0 29 1 29.0 15.1
P1_17 18 0 22 1 22.0 7.1
P1_19 20 0 18 1 18.0 5.8
V_5 24 0 21 1 21.0 11.7
SL_3 24 0 22 1 22.0 16.9
PV_7 24 0 35 -2 35.0 11.1
P1_25 30 0 35 1 35.0 97.0
# feasibility below the Kahler value (feas.py SET 0.0195 LIMIT). status 2 = infeasible, i.e. mu > 0.0195; status 1 = time limit, no verdict.
{"name": "P1_7", "npts": 8, "cap": 0.0195, "status": 2, "msg": "Infeasible", "eps": null, "secs": 38.0}
{"name": "P1_11", "npts": 12, "cap": 0.0195, "status": 2, "msg": "The problem is infeasible. (HiGHS Status 8: model_status is Infeasible; primal_status is None)", "eps": null, "secs": 715.5}
{"name": "SL_3", "npts": 24, "cap": 0.0195, "status": 1, "msg": "Time limit reached. (HiGHS Status 13: model_status is Time limit reached; primal_status is None)", "eps": null, "secs": 3200.2}
# added after assembly: minimal detecting cycle on PV_5 (cycles.py PV_5 200; dual bound 17.5 so 18 is optimal)
PV_5 12 0 18 1 17.5 3.0
