purged 0 stale artifact sets (source-newer=0, import-newer=0) of 2078 oleans
[job] acn46 cores=slurm threads=8 base=2567bc71045b59fff5fed0e846867b1724b4dd8f mods: GroupApproximation.CharClass.ChernSplittingOfPowers
ℹ [2320/2321] Replayed GroupApproximation.CharClass.LIXStepDGenRealEven
info: GroupApproximation/CharClass/LIXStepDGenRealEven.lean:96:14: 'GroupApproximation.CharClass.Gen.evenPart' depends on axioms: [propext, Classical.choice, Quot.sound]
info: GroupApproximation/CharClass/LIXStepDGenRealEven.lean:97:14: 'GroupApproximation.CharClass.Gen.mem_evenPart' depends on axioms: [propext, Classical.choice, Quot.sound]
info: GroupApproximation/CharClass/LIXStepDGenRealEven.lean:98:14: 'GroupApproximation.CharClass.Gen.instCommRingEvenPart' depends on axioms: [propext, Classical.choice, Quot.sound]
info: GroupApproximation/CharClass/LIXStepDGenRealEven.lean:99:14: 'GroupApproximation.CharClass.Gen.evenMap' depends on axioms: [propext, Classical.choice, Quot.sound]
info: GroupApproximation/CharClass/LIXStepDGenRealEven.lean:100:14: 'GroupApproximation.CharClass.Gen.evenRestrictAdd' depends on axioms: [propext, Classical.choice, Quot.sound]
✖ [2321/2321] Building GroupApproximation.CharClass.ChernSplittingOfPowers (84s)
trace: .> LEAN_PATH=/projects/standard/hsiehph/sauer354/cc_clones/cs-endpoint/.lake/packages/Cli/.lake/build/lib/lean:/projects/standard/hsiehph/sauer354/cc_clones/cs-endpoint/.lake/packages/batteries/.lake/build/lib/lean:/projects/standard/hsiehph/sauer354/cc_clones/cs-endpoint/.lake/packages/Qq/.lake/build/lib/lean:/projects/standard/hsiehph/sauer354/cc_clones/cs-endpoint/.lake/packages/aesop/.lake/build/lib/lean:/projects/standard/hsiehph/sauer354/cc_clones/cs-endpoint/.lake/packages/proofwidgets/.lake/build/lib/lean:/projects/standard/hsiehph/sauer354/cc_clones/cs-endpoint/.lake/packages/importGraph/.lake/build/lib/lean:/projects/standard/hsiehph/sauer354/cc_clones/cs-endpoint/.lake/packages/LeanSearchClient/.lake/build/lib/lean:/projects/standard/hsiehph/sauer354/cc_clones/cs-endpoint/.lake/packages/plausible/.lake/build/lib/lean:/projects/standard/hsiehph/sauer354/cc_clones/cs-endpoint/.lake/packages/mathlib/.lake/build/lib/lean:/projects/standard/hsiehph/sauer354/cc_clones/lix-c/.lake/build/lib/lean /projects/standard/hsiehph/sauer354/.elan/toolchains/leanprover--lean4---v4.32.0/bin/lean -DwarningAsError=true /projects/standard/hsiehph/sauer354/cc_clones/lix-c/GroupApproximation/CharClass/ChernSplittingOfPowers.lean -o /projects/standard/hsiehph/sauer354/cc_clones/lix-c/.lake/build/lib/lean/GroupApproximation/CharClass/ChernSplittingOfPowers.olean -i /projects/standard/hsiehph/sauer354/cc_clones/lix-c/.lake/build/lib/lean/GroupApproximation/CharClass/ChernSplittingOfPowers.ilean -c /projects/standard/hsiehph/sauer354/cc_clones/lix-c/.lake/build/ir/GroupApproximation/CharClass/ChernSplittingOfPowers.c --setup /projects/standard/hsiehph/sauer354/cc_clones/lix-c/.lake/build/ir/GroupApproximation/CharClass/ChernSplittingOfPowers.setup.json --json
error: GroupApproximation/CharClass/ChernSplittingOfPowers.lean:107:4: Type mismatch
  Eq.symm (map_mul (evenCoe K F) ?m.167 ?m.168)
has type
  @HMul.hMul (TotalHOf K F) (TotalHOf K F) (TotalHOf K F) instHMul ((evenCoe K F) ?m.167) ((evenCoe K F) ?m.168) =
    (evenCoe K F) (?m.167 * ?m.168)
but is expected to have type
  @HMul.hMul (TotalHOf K F) (TotalHOf K F) (TotalHOf K F) instHMul ((PF j) ↑u) ((PF (n - j)) ↑v) =
    (evenCoe K F) ((Gen.evenRestrictAdd (PF j) ⋯) u * (Gen.evenRestrictAdd (PF (n - j)) ⋯) v)
error: Lean exited with code 1
Some required targets logged failures:
- GroupApproximation.CharClass.ChernSplittingOfPowers
error: build failed
EXIT=1
