purged 6 stale artifact sets (source-newer=2, import-newer=4) of 3121 oleans
[job] acn112 cores=64-71 threads=8 base=18e92aca579a1e794312ceb1f9050445c857f8fe mods: GroupApproximation.GGT.VanKampen.Estimating.OsinLemma94PolygonSides
ℹ [3306/3462] Replayed GroupApproximation.Sofic.KazhdanCornerCompression
info: GroupApproximation/Sofic/KazhdanCornerCompression.lean:342:4: Try this:
  [apply] abel_nf
ℹ [5037/5045] Replayed GroupApproximation.GGT.VanKampen.Estimating.OsinLemma94PolygonLists
info: GroupApproximation/GGT/VanKampen/Estimating/OsinLemma94PolygonLists.lean:336:14: 'GroupApproximation.GGT.VanKampen.PolygonList.isChain_chunks' depends on axioms: [propext, Classical.choice, Quot.sound]
info: GroupApproximation/GGT/VanKampen/Estimating/OsinLemma94PolygonLists.lean:337:14: 'GroupApproximation.GGT.VanKampen.PolygonList.getLast?_flatten_of_mem_getLast?' depends on axioms: [propext]
info: GroupApproximation/GGT/VanKampen/Estimating/OsinLemma94PolygonLists.lean:338:14: 'GroupApproximation.GGT.VanKampen.PolygonList.range_flatMap_getD' depends on axioms: [propext,
 Classical.choice,
 Quot.sound]
info: GroupApproximation/GGT/VanKampen/Estimating/OsinLemma94PolygonLists.lean:339:14: 'GroupApproximation.GGT.VanKampen.PolygonList.head?_flatten_ne_of_lt' depends on axioms: [propext, Quot.sound]
info: GroupApproximation/GGT/VanKampen/Estimating/OsinLemma94PolygonLists.lean:340:14: 'GroupApproximation.GGT.VanKampen.PolygonList.exists_cyclicArc_of_isChain' depends on axioms: [propext,
 Classical.choice,
 Quot.sound]
info: GroupApproximation/GGT/VanKampen/Estimating/OsinLemma94PolygonLists.lean:341:14: 'GroupApproximation.GGT.VanKampen.PolygonList.idxOf_eq_succ_or_zero' depends on axioms: [propext,
 Classical.choice,
 Quot.sound]
info: GroupApproximation/GGT/VanKampen/Estimating/OsinLemma94PolygonLists.lean:342:14: 'GroupApproximation.GGT.VanKampen.PolygonList.exists_cyclicArc_of_isChain_idxOf' depends on axioms: [propext,
 Classical.choice,
 Quot.sound]
info: GroupApproximation/GGT/VanKampen/Estimating/OsinLemma94PolygonLists.lean:343:14: 'GroupApproximation.GGT.VanKampen.PolygonList.lt_cutAt_sectionIndex_succ' depends on axioms: [propext,
 Classical.choice,
 Quot.sound]
ℹ [5044/5045] Built GroupApproximation.GGT.VanKampen.Estimating.OsinLemma94PolygonKinds (10s)
info: GroupApproximation/GGT/VanKampen/Estimating/OsinLemma94PolygonKinds.lean:269:14: 'GroupApproximation.GGT.VanKampen.GloballyDistinguishedSectionFamily.unselected_of_dartKind_cutting' depends on axioms: [propext,
 Classical.choice,
 Quot.sound]
info: GroupApproximation/GGT/VanKampen/Estimating/OsinLemma94PolygonKinds.lean:270:14: 'GroupApproximation.GGT.VanKampen.GloballyDistinguishedSectionFamily.regionOf_eq_some' depends on axioms: [propext,
 Classical.choice,
 Quot.sound]
info: GroupApproximation/GGT/VanKampen/Estimating/OsinLemma94PolygonKinds.lean:271:14: 'GroupApproximation.GGT.VanKampen.GloballyDistinguishedSectionFamily.outerDarts_closes' depends on axioms: [propext,
 Classical.choice,
 Quot.sound]
info: GroupApproximation/GGT/VanKampen/Estimating/OsinLemma94PolygonKinds.lean:272:14: 'GroupApproximation.GGT.VanKampen.GloballyDistinguishedSectionFamily.length_outerDarts' depends on axioms: [propext,
 Classical.choice,
 Quot.sound]
info: GroupApproximation/GGT/VanKampen/Estimating/OsinLemma94PolygonKinds.lean:273:14: 'GroupApproximation.GGT.VanKampen.GloballyDistinguishedSectionFamily.runsBackAcross_of_isChain' depends on axioms: [propext,
 Classical.choice,
 Quot.sound]
✖ [5045/5045] Building GroupApproximation.GGT.VanKampen.Estimating.OsinLemma94PolygonSides (10s)
trace: .> LEAN_PATH=/projects/standard/hsiehph/sauer354/cc_clones/cs-endpoint/.lake/packages/Cli/.lake/build/lib/lean:/projects/standard/hsiehph/sauer354/cc_clones/cs-endpoint/.lake/packages/batteries/.lake/build/lib/lean:/projects/standard/hsiehph/sauer354/cc_clones/cs-endpoint/.lake/packages/Qq/.lake/build/lib/lean:/projects/standard/hsiehph/sauer354/cc_clones/cs-endpoint/.lake/packages/aesop/.lake/build/lib/lean:/projects/standard/hsiehph/sauer354/cc_clones/cs-endpoint/.lake/packages/proofwidgets/.lake/build/lib/lean:/projects/standard/hsiehph/sauer354/cc_clones/cs-endpoint/.lake/packages/importGraph/.lake/build/lib/lean:/projects/standard/hsiehph/sauer354/cc_clones/cs-endpoint/.lake/packages/LeanSearchClient/.lake/build/lib/lean:/projects/standard/hsiehph/sauer354/cc_clones/cs-endpoint/.lake/packages/plausible/.lake/build/lib/lean:/projects/standard/hsiehph/sauer354/cc_clones/cs-endpoint/.lake/packages/mathlib/.lake/build/lib/lean:/projects/standard/hsiehph/sauer354/cc_clones/lix-c/.lake/build/lib/lean /projects/standard/hsiehph/sauer354/.elan/toolchains/leanprover--lean4---v4.32.0/bin/lean -DwarningAsError=true /projects/standard/hsiehph/sauer354/cc_clones/lix-c/GroupApproximation/GGT/VanKampen/Estimating/OsinLemma94PolygonSides.lean -o /projects/standard/hsiehph/sauer354/cc_clones/lix-c/.lake/build/lib/lean/GroupApproximation/GGT/VanKampen/Estimating/OsinLemma94PolygonSides.olean -i /projects/standard/hsiehph/sauer354/cc_clones/lix-c/.lake/build/lib/lean/GroupApproximation/GGT/VanKampen/Estimating/OsinLemma94PolygonSides.ilean -c /projects/standard/hsiehph/sauer354/cc_clones/lix-c/.lake/build/ir/GroupApproximation/GGT/VanKampen/Estimating/OsinLemma94PolygonSides.c --setup /projects/standard/hsiehph/sauer354/cc_clones/lix-c/.lake/build/ir/GroupApproximation/GGT/VanKampen/Estimating/OsinLemma94PolygonSides.setup.json --json
error: GroupApproximation/GGT/VanKampen/Estimating/OsinLemma94PolygonSides.lean:106:67: failed to synthesize instance of type class
  Decidable (S.SameSide x✝³ x✝²)

Hint: Type class instance resolution failures can be inspected with the `set_option trace.Meta.synthInstance true` command.
error: GroupApproximation/GGT/VanKampen/Estimating/OsinLemma94PolygonSides.lean:196:30: Tactic `rewrite` failed: Did not find an occurrence of the pattern
  arc.darts
in the target expression
  m = List.map (⇑S.diagram.toCombMap.alpha) arc.darts.reverse

G : Type u
inst✝ : Group G
Lambda : Type w
W : Set (List (RelLetter G Lambda))
D : RelGenSet G Lambda
lambda c : ℝ
eps : ℕ
Delta : DiscDiagram W
cuts : SectionCuts D lambda c Delta.boundaryWord
S : GloballyDistinguishedSectionFamily D lambda c eps Delta cuts
m : List S.diagram.toCombMap.Dart
hm : List.IsChain S.SameSide m
hnodup : m.Nodup
j : Fin S.diagram.rCellCount
hkind : S.sideKind m = OsinLemma94SideClass.cell j
hinv : ∀ (x : S.diagram.toCombMap.Dart), S.diagram.toCombMap.alpha (S.diagram.toCombMap.alpha x) = x
hk : ∀ d ∈ m, S.dartKind d = OsinLemma94SideClass.cell j
hback :
  List.IsChain (fun x y => S.diagram.toCombMap.facePerm (S.diagram.toCombMap.alpha y) = S.diagram.toCombMap.alpha x) m
arc : CyclicArc (S.diagram.faceBoundary (cell S.diagram j).face).darts
harc : arc.darts = (List.map (⇑S.diagram.toCombMap.alpha) m).reverse
⊢ m = List.map (⇑S.diagram.toCombMap.alpha) arc.darts.reverse

Note: The target expression is not type-correct under the `instances` transparency level, which may have triggered the failure. This is usually caused by unfolding of semireducible definitions in prior tactic steps. Use `set_option linter.tacticCheckInstances true` to investigate the source of the issue.
Full error:
  Application type mismatch: The argument
    arc
  has type
    @CyclicArc S.diagram.toCombMap.Dart (S.diagram.faceBoundary (cell S.diagram j).face).darts
  but is expected to have type
    @CyclicArc S.diagram.toCombMap.Dart (cellDarts S.diagram j)
  in the application
    arc.darts
info: GroupApproximation/GGT/VanKampen/Estimating/OsinLemma94PolygonSides.lean:299:14: 'GroupApproximation.GGT.VanKampen.GloballyDistinguishedSectionFamily.listVal_sidesOf' depends on axioms: [propext,
 Classical.choice,
 Quot.sound]
error: GroupApproximation/GGT/VanKampen/Estimating/OsinLemma94PolygonSides.lean:300:14: 'GroupApproximation.GGT.VanKampen.GloballyDistinguishedSectionFamily.side_facts' depends on axioms outside the classical allowlist: [sorryAx]
  full closure: [propext, sorryAx, Classical.choice, Quot.sound]
  permitted: [propext, Classical.choice, Quot.sound]
error: GroupApproximation/GGT/VanKampen/Estimating/OsinLemma94PolygonSides.lean:301:14: 'GroupApproximation.GGT.VanKampen.GloballyDistinguishedSectionFamily.cell_arc_of_side' depends on axioms outside the classical allowlist: [sorryAx]
  full closure: [propext, sorryAx, Classical.choice, Quot.sound]
  permitted: [propext, Classical.choice, Quot.sound]
info: GroupApproximation/GGT/VanKampen/Estimating/OsinLemma94PolygonSides.lean:302:14: 'GroupApproximation.GGT.VanKampen.GloballyDistinguishedSectionFamily.boundary_arc_of_side' depends on axioms: [propext,
 Classical.choice,
 Quot.sound]
info: GroupApproximation/GGT/VanKampen/Estimating/OsinLemma94PolygonSides.lean:303:14: 'GroupApproximation.GGT.VanKampen.GloballyDistinguishedSectionFamily.short_region_of_side' depends on axioms: [propext,
 Classical.choice,
 Quot.sound]
error: GroupApproximation/GGT/VanKampen/Estimating/OsinLemma94PolygonSides.lean:304:14: 'GroupApproximation.GGT.VanKampen.GloballyDistinguishedSectionFamily.quasiGeodesic_of_side' depends on axioms outside the classical allowlist: [sorryAx]
  full closure: [propext, sorryAx, Classical.choice, Quot.sound]
  permitted: [propext, Classical.choice, Quot.sound]
error: Lean exited with code 1
Some required targets logged failures:
- GroupApproximation.GGT.VanKampen.Estimating.OsinLemma94PolygonSides
error: build failed
EXIT=1
