purged 0 stale artifact sets (source-newer=0, import-newer=0) of 2352 oleans
[job] acn112 cores=64-71 threads=8 base=1660e31c9a7d57f0090def1340c8c7b73708693b mods: GroupApproximation.Kazhdan.GHWTheoremFour
ℹ [2825/2946] Replayed GroupApproximation.Sofic.KazhdanCornerCompression
info: GroupApproximation/Sofic/KazhdanCornerCompression.lean:342:4: Try this:
  [apply] abel_nf
✖ [3256/3257] Building GroupApproximation.Kazhdan.GHWFiniteReduction (11s)
trace: .> LEAN_PATH=/projects/standard/hsiehph/sauer354/cc_clones/cs-endpoint/.lake/packages/Cli/.lake/build/lib/lean:/projects/standard/hsiehph/sauer354/cc_clones/cs-endpoint/.lake/packages/batteries/.lake/build/lib/lean:/projects/standard/hsiehph/sauer354/cc_clones/cs-endpoint/.lake/packages/Qq/.lake/build/lib/lean:/projects/standard/hsiehph/sauer354/cc_clones/cs-endpoint/.lake/packages/aesop/.lake/build/lib/lean:/projects/standard/hsiehph/sauer354/cc_clones/cs-endpoint/.lake/packages/proofwidgets/.lake/build/lib/lean:/projects/standard/hsiehph/sauer354/cc_clones/cs-endpoint/.lake/packages/importGraph/.lake/build/lib/lean:/projects/standard/hsiehph/sauer354/cc_clones/cs-endpoint/.lake/packages/LeanSearchClient/.lake/build/lib/lean:/projects/standard/hsiehph/sauer354/cc_clones/cs-endpoint/.lake/packages/plausible/.lake/build/lib/lean:/projects/standard/hsiehph/sauer354/cc_clones/cs-endpoint/.lake/packages/mathlib/.lake/build/lib/lean:/projects/standard/hsiehph/sauer354/cc_clones/lix-c/.lake/build/lib/lean /projects/standard/hsiehph/sauer354/.elan/toolchains/leanprover--lean4---v4.32.0/bin/lean -DwarningAsError=true /projects/standard/hsiehph/sauer354/cc_clones/lix-c/GroupApproximation/Kazhdan/GHWFiniteReduction.lean -o /projects/standard/hsiehph/sauer354/cc_clones/lix-c/.lake/build/lib/lean/GroupApproximation/Kazhdan/GHWFiniteReduction.olean -i /projects/standard/hsiehph/sauer354/cc_clones/lix-c/.lake/build/lib/lean/GroupApproximation/Kazhdan/GHWFiniteReduction.ilean -c /projects/standard/hsiehph/sauer354/cc_clones/lix-c/.lake/build/ir/GroupApproximation/Kazhdan/GHWFiniteReduction.c --setup /projects/standard/hsiehph/sauer354/cc_clones/lix-c/.lake/build/ir/GroupApproximation/Kazhdan/GHWFiniteReduction.setup.json --json
error: GroupApproximation/Kazhdan/GHWFiniteReduction.lean:32:10: Unknown constant `Subgroup.map_closure`
error: GroupApproximation/Kazhdan/GHWFiniteReduction.lean:39:29: Application type mismatch: The argument
  hxy
has type
  ((Γ.subtype.comp (Subgroup.closure ↑s).subtype).codRestrict (Subgroup.closure (⇑Γ.subtype '' ↑s)) hmem) x =
    ((Γ.subtype.comp (Subgroup.closure ↑s).subtype).codRestrict (Subgroup.closure (⇑Γ.subtype '' ↑s)) hmem) y
but is expected to have type
  ↑x = ↑y
in the application
  congrArg Subtype.val hxy
error: GroupApproximation/Kazhdan/GHWFiniteReduction.lean:44:14: 'GroupApproximation.GHW.hasHaagerupProperty_of_closure_finite' depends on axioms outside the classical allowlist: [sorryAx]
  full closure: [propext, sorryAx, Classical.choice, Quot.sound]
  permitted: [propext, Classical.choice, Quot.sound]
error: Lean exited with code 1
Some required targets logged failures:
- GroupApproximation.Kazhdan.GHWFiniteReduction
error: build failed
EXIT=1
