purged 0 stale artifact sets (source-newer=0, import-newer=0) of 2331 oleans
[job] acn67 cores=slurm threads=8 base=f29a035ec71937ff756e1e0a9f11fd4615f81bfe mods: GroupApproximation.CharClass.CohomologyKunnethTorusN GroupApproximation.CharClass.CohomologyKunnethLixN
ℹ [8750/8888] Replayed GroupApproximation.AlgTop.ComplexProjectiveBasic
info: GroupApproximation/AlgTop/ComplexProjectiveBasic.lean:197:14: 'GroupApproximation.AlgTop.CPn.basePoint_entry_zero_zero' depends on axioms: [propext, Classical.choice, Quot.sound]
ℹ [8751/8888] Replayed GroupApproximation.AlgTop.CPTautologicalSection
info: GroupApproximation/AlgTop/CPTautologicalSection.lean:397:14: 'GroupApproximation.AlgTop.CPn.dualTautSection_eq_zero_iff' depends on axioms: [propext, Classical.choice, Quot.sound]
info: GroupApproximation/AlgTop/CPTautologicalSection.lean:398:14: 'GroupApproximation.AlgTop.CPn.sectionChart_apply' depends on axioms: [propext, Classical.choice, Quot.sound]
info: GroupApproximation/AlgTop/CPTautologicalSection.lean:399:14: 'GroupApproximation.AlgTop.CPn.tautChartHomotopy_eq_zero_iff' depends on axioms: [propext, Classical.choice, Quot.sound]
info: GroupApproximation/AlgTop/CPTautologicalSection.lean:400:14: 'GroupApproximation.AlgTop.CPn.continuous_tautColSection' depends on axioms: [propext, Classical.choice, Quot.sound]
ℹ [8773/8921] Replayed GroupApproximation.CharClass.ThomPuncturedRecursion
info: GroupApproximation/CharClass/ThomPuncturedRecursion.lean:288:14: 'GroupApproximation.CharClass.PuncturedAcyclicOf.prod' depends on axioms: [propext, Classical.choice, Quot.sound]
ℹ [8786/8942] Replayed GroupApproximation.AlgTop.PuncturedNormedSphere
info: GroupApproximation/AlgTop/PuncturedNormedSphere.lean:95:14: 'GroupApproximation.AlgTop.complexToEuclidean_eq_zero_iff' depends on axioms: [propext, Classical.choice, Quot.sound]
ℹ [8833/9023] Replayed GroupApproximation.CharClass.GysinFromLerayHirsch
info: GroupApproximation/CharClass/GysinFromLerayHirsch.lean:168:14: 'GroupApproximation.CharClass.GysinData.bijective_cupRight' depends on axioms: [propext, Classical.choice, Quot.sound]
ℹ [8928/9207] Replayed GroupApproximation.ThirdParty.HamSandwich.SphereOddDegree.SphereModTwoHomologyVanishing
info: GroupApproximation/ThirdParty/HamSandwich/SphereOddDegree/SphereModTwoHomologyVanishing.lean:318:21: 'GroupApproximation.ThirdParty.HamSandwich.SphereOddDegree.sphereModTwo_intermediate_vanishing_closed' depends on axioms: [propext,
 Classical.choice,
 Quot.sound]
ℹ [8929/9207] Replayed GroupApproximation.ThirdParty.HamSandwich.SphereOddDegree.SphereModTwoHomologyAboveDimension
info: GroupApproximation/ThirdParty/HamSandwich/SphereOddDegree/SphereModTwoHomologyAboveDimension.lean:87:21: 'GroupApproximation.ThirdParty.HamSandwich.SphereOddDegree.sphereModTwo_above_dimension_vanishing_closed' depends on axioms: [propext,
 Classical.choice,
 Quot.sound]
ℹ [9206/9207] Built GroupApproximation.CharClass.CohomologyKunnethTorusN (264s)
info: GroupApproximation/CharClass/CohomologyKunnethTorusN.lean:210:14: 'GroupApproximation.CharClass.KnTwo.tx_inj_degreeN' depends on axioms: [propext, Classical.choice, Quot.sound]
info: GroupApproximation/CharClass/CohomologyKunnethTorusN.lean:211:14: 'GroupApproximation.CharClass.KnTwo.tx_injN' depends on axioms: [propext, Classical.choice, Quot.sound]
info: GroupApproximation/CharClass/CohomologyKunnethTorusN.lean:212:14: 'GroupApproximation.CharClass.KnTwo.decomp_evenN' depends on axioms: [propext, Classical.choice, Quot.sound]
info: GroupApproximation/CharClass/CohomologyKunnethTorusN.lean:213:14: 'GroupApproximation.CharClass.KnTwo.decomp_even_lowN' depends on axioms: [propext, Classical.choice, Quot.sound]
info: GroupApproximation/CharClass/CohomologyKunnethTorusN.lean:214:14: 'GroupApproximation.CharClass.KnTwo.totalSplitN' depends on axioms: [propext, Classical.choice, Quot.sound]
ℹ [9207/9207] Built GroupApproximation.CharClass.CohomologyKunnethLixN (33s)
info: GroupApproximation/CharClass/CohomologyKunnethLixN.lean:190:14: 'GroupApproximation.CharClass.KnLix.tx_inj' depends on axioms: [propext, Classical.choice, Quot.sound]
info: GroupApproximation/CharClass/CohomologyKunnethLixN.lean:191:14: 'GroupApproximation.CharClass.KnLix.chern_split' depends on axioms: [propext, Classical.choice, Quot.sound]
info: GroupApproximation/CharClass/CohomologyKunnethLixN.lean:192:14: 'GroupApproximation.CharClass.KnLix.gamma_split_of_graded' depends on axioms: [propext, Classical.choice, Quot.sound]
info: GroupApproximation/CharClass/CohomologyKunnethLixN.lean:193:14: 'GroupApproximation.CharClass.KnLix.gamma_split_mappingTorus' depends on axioms: [propext, Classical.choice, Quot.sound]
Build completed successfully (9207 jobs).
EXIT=0
