purged 0 stale artifact sets (source-newer=0, import-newer=0) of 3455 oleans
[job] acn112 cores=80-87 threads=8 base=966ce8f517c9ef34b043e3338ccc85aa3302c2f0 mods: GroupApproximation.GGT.VanKampen.SurgeryCellEdgeSideThickening
ℹ [3309/3469] Replayed GroupApproximation.Sofic.KazhdanCornerCompression
info: GroupApproximation/Sofic/KazhdanCornerCompression.lean:342:4: Try this:
  [apply] abel_nf
ℹ [5295/5337] Replayed GroupApproximation.GGT.VanKampen.SurgeryCellEdgeThickening
info: GroupApproximation/GGT/VanKampen/SurgeryCellEdgeThickening.lean:387:21: 'GroupApproximation.GGT.VanKampen.CellEdgeThickening.cellEdgeThickening' depends on axioms: [propext,
 Classical.choice,
 Quot.sound]
info: GroupApproximation/GGT/VanKampen/SurgeryCellEdgeThickening.lean:388:14: 'GroupApproximation.GGT.VanKampen.CellEdgeThickening.cell_self_of_noCellEdgeDart' depends on axioms: [propext,
 Classical.choice,
 Quot.sound]
info: GroupApproximation/GGT/VanKampen/SurgeryCellEdgeThickening.lean:389:14: 'GroupApproximation.GGT.VanKampen.CellEdgeThickening.cell_cell_of_noCellEdgeDart' depends on axioms: [propext,
 Classical.choice,
 Quot.sound]
info: GroupApproximation/GGT/VanKampen/SurgeryCellEdgeThickening.lean:390:14: 'GroupApproximation.GGT.VanKampen.CellEdgeThickening.faceOf_embed_eq_faceImage' depends on axioms: [propext,
 Classical.choice,
 Quot.sound]
info: GroupApproximation/GGT/VanKampen/SurgeryCellEdgeThickening.lean:391:14: 'GroupApproximation.GGT.VanKampen.CellEdgeThickening.boundary_faceImage_length' depends on axioms: [propext,
 Classical.choice,
 Quot.sound]
info: GroupApproximation/GGT/VanKampen/SurgeryCellEdgeThickening.lean:392:14: 'GroupApproximation.GGT.VanKampen.CellEdgeThickening.exists_of_isCellEdgeDart' depends on axioms: [propext,
 Classical.choice,
 Quot.sound]
info: GroupApproximation/GGT/VanKampen/SurgeryCellEdgeThickening.lean:393:14: 'GroupApproximation.GGT.VanKampen.CellEdgeThickening.cellEdgeCount_lt' depends on axioms: [propext,
 Classical.choice,
 Quot.sound]
info: GroupApproximation/GGT/VanKampen/SurgeryCellEdgeThickening.lean:394:14: 'GroupApproximation.GGT.VanKampen.CellEdgeThickening.relatorValue_ne_one' depends on axioms: [propext,
 Classical.choice,
 Quot.sound]
info: GroupApproximation/GGT/VanKampen/SurgeryCellEdgeThickening.lean:395:14: 'GroupApproximation.GGT.VanKampen.CellEdgeThickening.cell_avoid' depends on axioms: [propext,
 Classical.choice,
 Quot.sound]
info: GroupApproximation/GGT/VanKampen/SurgeryCellEdgeThickening.lean:396:14: 'GroupApproximation.GGT.VanKampen.CellEdgeThickening.regionFamilyEquiv' depends on axioms: [propext,
 Classical.choice,
 Quot.sound]
info: GroupApproximation/GGT/VanKampen/SurgeryCellEdgeThickening.lean:397:14: 'GroupApproximation.GGT.VanKampen.CellEdgeThickening.sectionFamily' depends on axioms: [propext,
 Classical.choice,
 Quot.sound]
info: GroupApproximation/GGT/VanKampen/SurgeryCellEdgeThickening.lean:398:14: 'GroupApproximation.GGT.VanKampen.CellEdgeThickening.exists_cellEdgeFree' depends on axioms: [propext,
 Classical.choice,
 Quot.sound]
ℹ [10142/10145] Replayed GroupApproximation.GGT.VanKampen.Estimating.OsinPocketCellWalkChain
info: GroupApproximation/GGT/VanKampen/Estimating/OsinPocketCellWalkChain.lean:268:14: 'GroupApproximation.GGT.VanKampen.closedWalk_isChain_closes_of_interleave' depends on axioms: [propext,
 Classical.choice,
 Quot.sound]
info: GroupApproximation/GGT/VanKampen/Estimating/OsinPocketCellWalkChain.lean:269:14: 'GroupApproximation.GGT.VanKampen.CellPocketWalk.walk_ne_nil' depends on axioms: [propext, Classical.choice, Quot.sound]
info: GroupApproximation/GGT/VanKampen/Estimating/OsinPocketCellWalkChain.lean:270:14: 'GroupApproximation.GGT.VanKampen.CellPocketWalk.walk_isChain_closes' depends on axioms: [propext,
 Classical.choice,
 Quot.sound]
info: GroupApproximation/GGT/VanKampen/Estimating/OsinPocketCellWalkChain.lean:271:14: 'GroupApproximation.GGT.VanKampen.CellPocketWalk.exists_of_joinsCells_closedWalk' depends on axioms: [propext,
 Classical.choice,
 Quot.sound]
ℹ [10144/10145] Replayed GroupApproximation.GGT.VanKampen.Estimating.OsinPocketCellCopyWalk
info: GroupApproximation/GGT/VanKampen/Estimating/OsinPocketCellCopyWalk.lean:342:14: 'GroupApproximation.GGT.VanKampen.Embedded.RegionCandidate.mem_sideFrom_boundary' depends on axioms: [propext,
 Classical.choice,
 Quot.sound]
info: GroupApproximation/GGT/VanKampen/Estimating/OsinPocketCellCopyWalk.lean:343:14: 'GroupApproximation.GGT.VanKampen.Embedded.RegionCandidate.sideFrom_nodup' depends on axioms: [propext,
 Classical.choice,
 Quot.sound]
info: GroupApproximation/GGT/VanKampen/Estimating/OsinPocketCellCopyWalk.lean:344:14: 'GroupApproximation.GGT.VanKampen.CellPocketWalk.faceOf_alpha_of_mem_invDarts_arc' depends on axioms: [propext,
 Classical.choice,
 Quot.sound]
info: GroupApproximation/GGT/VanKampen/Estimating/OsinPocketCellCopyWalk.lean:345:14: 'GroupApproximation.GGT.VanKampen.CellPocketWalk.mem_walk_cases' depends on axioms: [propext,
 Classical.choice,
 Quot.sound]
info: GroupApproximation/GGT/VanKampen/Estimating/OsinPocketCellCopyWalk.lean:346:14: 'GroupApproximation.GGT.VanKampen.CellPocketWalk.walk_nodup_of_copyClean' depends on axioms: [propext,
 Classical.choice,
 Quot.sound]
info: GroupApproximation/GGT/VanKampen/Estimating/OsinPocketCellCopyWalk.lean:347:14: 'GroupApproximation.GGT.VanKampen.CellPocketWalk.alpha_not_mem_walk_of_copyClean' depends on axioms: [propext,
 Classical.choice,
 Quot.sound]
info: GroupApproximation/GGT/VanKampen/Estimating/OsinPocketCellCopyWalk.lean:348:14: 'GroupApproximation.GGT.VanKampen.CellPocketWalk.walk_nodup_and_alpha_not_mem' depends on axioms: [propext,
 Classical.choice,
 Quot.sound]
info: GroupApproximation/GGT/VanKampen/Estimating/OsinPocketCellCopyWalk.lean:349:14: 'GroupApproximation.GGT.VanKampen.CellPocketCopyCleanStatement' depends on axioms: [propext,
 Classical.choice,
 Quot.sound]
info: GroupApproximation/GGT/VanKampen/Estimating/OsinPocketCellCopyWalk.lean:350:14: 'GroupApproximation.GGT.VanKampen.CellPocketWalk.exists_of_joinsCells_clean' depends on axioms: [propext,
 Classical.choice,
 Quot.sound]
info: GroupApproximation/GGT/VanKampen/Estimating/OsinPocketCellCopyWalk.lean:351:14: 'GroupApproximation.GGT.VanKampen.CellPocketWalk.exists_clean_of_copy' depends on axioms: [propext,
 Classical.choice,
 Quot.sound]
ℹ [10145/10145] Built GroupApproximation.GGT.VanKampen.SurgeryCellEdgeSideThickening (49s)
info: GroupApproximation/GGT/VanKampen/SurgeryCellEdgeSideThickening.lean:214:21: 'GroupApproximation.GGT.VanKampen.CellEdgeSideThickening.cellEdgeSideThickening' depends on axioms: [propext,
 Classical.choice,
 Quot.sound]
info: GroupApproximation/GGT/VanKampen/SurgeryCellEdgeSideThickening.lean:215:14: 'GroupApproximation.GGT.VanKampen.CellEdgeSideThickening.one_lt_length_of_mem_of_ne' depends on axioms: [propext,
 Quot.sound]
info: GroupApproximation/GGT/VanKampen/SurgeryCellEdgeSideThickening.lean:216:14: 'GroupApproximation.GGT.VanKampen.CellEdgeSideThickening.one_lt_cellDarts_length' depends on axioms: [propext,
 Classical.choice,
 Quot.sound]
info: GroupApproximation/GGT/VanKampen/SurgeryCellEdgeSideThickening.lean:217:14: 'GroupApproximation.GGT.VanKampen.CellEdgeSideThickening.mem_sides_of_mem_sideFrom' depends on axioms: [propext,
 Classical.choice,
 Quot.sound]
info: GroupApproximation/GGT/VanKampen/SurgeryCellEdgeSideThickening.lean:218:14: 'GroupApproximation.GGT.VanKampen.CellEdgeSideThickening.side_of_noCellSideDart' depends on axioms: [propext,
 Classical.choice,
 Quot.sound]
info: GroupApproximation/GGT/VanKampen/SurgeryCellEdgeSideThickening.lean:219:14: 'GroupApproximation.GGT.VanKampen.CellEdgeSideThickening.copyClean_of_noDarts' depends on axioms: [propext,
 Classical.choice,
 Quot.sound]
info: GroupApproximation/GGT/VanKampen/SurgeryCellEdgeSideThickening.lean:220:14: 'GroupApproximation.GGT.VanKampen.CellEdgeSideThickening.exists_cellEdgeSideFree' depends on axioms: [propext,
 Classical.choice,
 Quot.sound]
Build completed successfully (10145 jobs).
EXIT=0
