purged 0 stale artifact sets (source-newer=0, import-newer=0) of 2693 oleans
[job] acn112 cores=64-71 threads=8 base=c57399ded005c3acbc778c85b67e0301ab9a64f8 mods: GroupApproximation.GGT.VanKampen.Estimating.OsinLemma94PolygonKinds
ℹ [3295/3424] Replayed GroupApproximation.Sofic.KazhdanCornerCompression
info: GroupApproximation/Sofic/KazhdanCornerCompression.lean:342:4: Try this:
  [apply] abel_nf
ℹ [4853/5044] Replayed GroupApproximation.GGT.VanKampen.Estimating.OsinLemma94PolygonLists
info: GroupApproximation/GGT/VanKampen/Estimating/OsinLemma94PolygonLists.lean:336:14: 'GroupApproximation.GGT.VanKampen.PolygonList.isChain_chunks' depends on axioms: [propext, Classical.choice, Quot.sound]
info: GroupApproximation/GGT/VanKampen/Estimating/OsinLemma94PolygonLists.lean:337:14: 'GroupApproximation.GGT.VanKampen.PolygonList.getLast?_flatten_of_mem_getLast?' depends on axioms: [propext]
info: GroupApproximation/GGT/VanKampen/Estimating/OsinLemma94PolygonLists.lean:338:14: 'GroupApproximation.GGT.VanKampen.PolygonList.range_flatMap_getD' depends on axioms: [propext,
 Classical.choice,
 Quot.sound]
info: GroupApproximation/GGT/VanKampen/Estimating/OsinLemma94PolygonLists.lean:339:14: 'GroupApproximation.GGT.VanKampen.PolygonList.head?_flatten_ne_of_lt' depends on axioms: [propext, Quot.sound]
info: GroupApproximation/GGT/VanKampen/Estimating/OsinLemma94PolygonLists.lean:340:14: 'GroupApproximation.GGT.VanKampen.PolygonList.exists_cyclicArc_of_isChain' depends on axioms: [propext,
 Classical.choice,
 Quot.sound]
info: GroupApproximation/GGT/VanKampen/Estimating/OsinLemma94PolygonLists.lean:341:14: 'GroupApproximation.GGT.VanKampen.PolygonList.idxOf_eq_succ_or_zero' depends on axioms: [propext,
 Classical.choice,
 Quot.sound]
info: GroupApproximation/GGT/VanKampen/Estimating/OsinLemma94PolygonLists.lean:342:14: 'GroupApproximation.GGT.VanKampen.PolygonList.exists_cyclicArc_of_isChain_idxOf' depends on axioms: [propext,
 Classical.choice,
 Quot.sound]
info: GroupApproximation/GGT/VanKampen/Estimating/OsinLemma94PolygonLists.lean:343:14: 'GroupApproximation.GGT.VanKampen.PolygonList.lt_cutAt_sectionIndex_succ' depends on axioms: [propext,
 Classical.choice,
 Quot.sound]
ℹ [5044/5044] Built GroupApproximation.GGT.VanKampen.Estimating.OsinLemma94PolygonKinds (17s)
info: GroupApproximation/GGT/VanKampen/Estimating/OsinLemma94PolygonKinds.lean:269:14: 'GroupApproximation.GGT.VanKampen.GloballyDistinguishedSectionFamily.unselected_of_dartKind_cutting' depends on axioms: [propext,
 Classical.choice,
 Quot.sound]
info: GroupApproximation/GGT/VanKampen/Estimating/OsinLemma94PolygonKinds.lean:270:14: 'GroupApproximation.GGT.VanKampen.GloballyDistinguishedSectionFamily.regionOf_eq_some' depends on axioms: [propext,
 Classical.choice,
 Quot.sound]
info: GroupApproximation/GGT/VanKampen/Estimating/OsinLemma94PolygonKinds.lean:271:14: 'GroupApproximation.GGT.VanKampen.GloballyDistinguishedSectionFamily.outerDarts_closes' depends on axioms: [propext,
 Classical.choice,
 Quot.sound]
info: GroupApproximation/GGT/VanKampen/Estimating/OsinLemma94PolygonKinds.lean:272:14: 'GroupApproximation.GGT.VanKampen.GloballyDistinguishedSectionFamily.length_outerDarts' depends on axioms: [propext,
 Classical.choice,
 Quot.sound]
info: GroupApproximation/GGT/VanKampen/Estimating/OsinLemma94PolygonKinds.lean:273:14: 'GroupApproximation.GGT.VanKampen.GloballyDistinguishedSectionFamily.runsBackAcross_of_isChain' depends on axioms: [propext,
 Classical.choice,
 Quot.sound]
Build completed successfully (5044 jobs).
EXIT=0
