t-cfp-order3 r_m=1 r_s=1 |S|=7 |M|=15 gens=14 rels=76 -> separated
t-cfp-order3 r_m=1 r_s=2 |S|=33 |M|=15 gens=32 rels=312 -> separated
t-cfp-order3 r_m=2 r_s=1 |S|=7 |M|=60 gens=59 rels=327 -> separated
t-cfp-order3 r_m=2 r_s=2 |S|=33 |M|=60 gens=59 rels=1345 -> survives
t-cfp-half-turn r_m=1 r_s=1 |S|=6 |M|=10 gens=9 rels=28 -> separated
t-cfp-half-turn r_m=1 r_s=2 |S|=26 |M|=10 gens=25 rels=108 -> survives
t-cfp-half-turn r_m=2 r_s=1 |S|=6 |M|=42 gens=41 rels=132 -> survives
t-cfp-half-turn r_m=2 r_s=2 |S|=26 |M|=42 gens=41 rels=551 -> survives
f-plus-p0 r_m=1 r_s=1 |S|=6 |M|=10 gens=9 rels=28 -> separated
f-plus-p0 r_m=1 r_s=2 |S|=26 |M|=10 gens=25 rels=100 -> separated
f-plus-p0 r_m=2 r_s=1 |S|=6 |M|=42 gens=41 rels=124 -> separated
f-plus-p0 r_m=2 r_s=2 |S|=26 |M|=42 gens=41 rels=468 -> separated
v-cfp-order2 r_m=1 r_s=1 |S|=8 |M|=14 gens=13 rels=50 -> separated
v-cfp-order2 r_m=1 r_s=2 |S|=44 |M|=14 gens=43 rels=264 -> separated
v-cfp-order2 r_m=2 r_s=1 |S|=8 |M|=74 gens=73 rels=300 -> separated
v-cfp-order2 r_m=2 r_s=2 |S|=44 |M|=74 gens=73 rels=1639 -> separated
v-cfp-order3 r_m=1 r_s=1 |S|=8 |M|=18 gens=17 rels=94 -> survives
v-cfp-order3 r_m=1 r_s=2 |S|=44 |M|=18 gens=43 rels=439 -> survives
v-cfp-order3 r_m=2 r_s=1 |S|=8 |M|=87 gens=86 rels=481 -> survives
v-cfp-order3 r_m=2 r_s=2 |S|=44 |M|=87 gens=86 rels=2289 -> survives
v-cfp-p1 r_m=1 r_s=1 |S|=9 |M|=16 gens=15 rels=54 -> separated
v-cfp-p1 r_m=1 r_s=2 |S|=59 |M|=16 gens=58 rels=360 -> separated
v-cfp-p1 r_m=2 r_s=1 |S|=9 |M|=100 gens=99 rels=400 -> separated
v-cfp-p1 r_m=2 r_s=2 |S|=59 |M|=100 gens=99 rels=2758 -> survives
v-torsion-2-3 r_m=1 r_s=1 |S|=4 |M|=6 gens=5 rels=24 -> separated
v-torsion-2-3 r_m=1 r_s=2 |S|=6 |M|=6 gens=5 rels=36 -> separated
v-torsion-2-3 r_m=2 r_s=1 |S|=4 |M|=6 gens=5 rels=24 -> separated
v-torsion-2-3 r_m=2 r_s=2 |S|=6 |M|=6 gens=5 rels=36 -> separated
v-torsion-2-3-order3 r_m=1 r_s=1 |S|=4 |M|=6 gens=5 rels=30 -> survives
v-torsion-2-3-order3 r_m=1 r_s=2 |S|=6 |M|=6 gens=5 rels=42 -> survives
v-torsion-2-3-order3 r_m=2 r_s=1 |S|=4 |M|=6 gens=5 rels=30 -> survives
v-torsion-2-3-order3 r_m=2 r_s=2 |S|=6 |M|=6 gens=5 rels=42 -> survives
sym4-leaves-f r_m=1 r_s=1 |S|=8 |M|=14 gens=13 rels=45 -> separated
sym4-leaves-f r_m=1 r_s=2 |S|=47 |M|=14 gens=46 rels=239 -> separated
sym4-leaves-f r_m=2 r_s=1 |S|=8 |M|=80 gens=79 rels=287 -> separated
sym4-leaves-f r_m=2 r_s=2 |S|=47 |M|=80 gens=79 rels=1639 -> survives
alt5-leaves-f-order3 r_m=1 r_s=1 |S|=9 |M|=21 gens=20 rels=105 -> separated
alt5-leaves-f-order3 r_m=1 r_s=2 |S|=59 |M|=21 gens=58 rels=497 -> survives
alt5-leaves-f-order3 r_m=2 r_s=1 |S|=9 |M|=135 gens=134 rels=701 -> survives
alt5-leaves-f-order3 r_m=2 r_s=2 |S|=59 |M|=135 gens=134 rels=3425 -> survives
alt5-leaves-f-order2 r_m=1 r_s=1 |S|=9 |M|=18 gens=17 rels=44 -> survives
alt5-leaves-f-order2 r_m=1 r_s=2 |S|=59 |M|=18 gens=67 rels=257 -> survives
alt5-leaves-f-order2 r_m=2 r_s=1 |S|=9 |M|=116 gens=115 rels=337 -> survives
alt5-leaves-f-order2 r_m=2 r_s=2 |S|=59 |M|=116 gens=115 rels=2036 -> survives
gl32-leaves-f-order2 r_m=1 r_s=1 |S|=11 |M|=20 gens=19 rels=74 -> survives
gl32-leaves-f-order2 r_m=1 r_s=2 |S|=95 |M|=20 gens=94 rels=631 -> survives
gl32-leaves-f-order2 r_m=2 r_s=1 |S|=11 |M|=164 gens=163 rels=679 -> survives
gl32-leaves-f-order2 r_m=2 r_s=2 |S|=95 |M|=164 gens=163 rels=5923 -> survives
gl32-leaves-f-order3 r_m=1 r_s=1 |S|=11 |M|=33 gens=32 rels=128 -> separated
gl32-leaves-f-order3 r_m=1 r_s=2 |S|=95 |M|=33 gens=116 rels=860 -> survives
gl32-leaves-f-order3 r_m=2 r_s=1 |S|=11 |M|=285 gens=284 rels=1364 -> survives
gl32-leaves-f-order3 r_m=2 r_s=2 |S|=95 |M|=285 gens=284 rels=9281 -> survives
gl32-leaves-v-order2 r_m=1 r_s=1 |S|=10 |M|=18 gens=17 rels=79 -> survives
gl32-leaves-v-order2 r_m=1 r_s=2 |S|=65 |M|=18 gens=64 rels=587 -> survives
gl32-leaves-v-order2 r_m=2 r_s=1 |S|=10 |M|=106 gens=105 rels=565 -> survives
gl32-leaves-v-order2 r_m=2 r_s=2 |S|=65 |M|=106 gens=105 rels=4131 -> survives
SCREEN_DONE windows=56 survivors=32
