B 2 antiflags 1065 graph robertson
root orbits 57
root ((0, 0, 1), (-2, -2, 1), 1) cumulative nodes 99238 solutions 0 7.3s
root ((0, 0, 1), (-2, -1, 1), 1) cumulative nodes 157358 solutions 0 11.9s
root ((0, 0, 1), (-2, -1, 2), 2) cumulative nodes 251552 solutions 0 20.0s
root ((0, 0, 1), (-2, 0, 1), 1) cumulative nodes 427244 solutions 0 34.5s
root ((0, 0, 1), (-1, -1, 1), 1) cumulative nodes 623072 solutions 0 52.0s
root ((0, 0, 1), (-1, -1, 2), 2) cumulative nodes 665781 solutions 0 55.5s
root ((0, 0, 1), (-1, 0, 1), 1) cumulative nodes 938973 solutions 0 80.0s
root ((0, 0, 1), (-1, 0, 2), 2) cumulative nodes 1034212 solutions 0 88.1s
root ((0, 0, 1), (0, 0, 1), 1) cumulative nodes 1404851 solutions 0 120.5s
root ((0, 1, -2), (-2, -1, -1), 1) cumulative nodes 1407765 solutions 0 120.8s
root ((0, 1, -2), (-2, 0, -1), 2) cumulative nodes 1429214 solutions 0 122.7s
root ((0, 1, -2), (-2, 1, 0), 1) cumulative nodes 1435250 solutions 0 123.2s
root ((0, 1, -2), (-1, -2, -2), 2) cumulative nodes 1449638 solutions 0 124.5s
root ((0, 1, -2), (-1, -1, -1), 1) cumulative nodes 1489885 solutions 0 128.1s
root ((0, 1, -2), (-1, 0, -1), 2) cumulative nodes 1541744 solutions 0 132.8s
root ((0, 1, -2), (-1, 1, 0), 1) cumulative nodes 1613902 solutions 0 138.7s
root ((0, 1, -2), (-1, 2, 0), 2) cumulative nodes 1630596 solutions 0 140.1s
root ((0, 1, -2), (0, -1, -1), 1) cumulative nodes 1711469 solutions 0 146.7s
root ((0, 1, -2), (0, 0, -1), 2) cumulative nodes 1797211 solutions 0 154.3s
root ((0, 1, -2), (0, 1, 0), 1) cumulative nodes 1900862 solutions 0 164.1s
root ((0, 1, -1), (-2, -1, -2), 1) cumulative nodes 1948702 solutions 0 168.3s
root ((0, 1, -1), (-2, 0, -1), 1) cumulative nodes 2025707 solutions 0 174.3s
root ((0, 1, -1), (-2, 1, -1), 2) cumulative nodes 2045623 solutions 0 175.7s
root ((0, 1, -1), (-1, -1, -2), 1) cumulative nodes 2078293 solutions 0 178.1s
root ((0, 1, -1), (-1, 0, -2), 2) cumulative nodes 2131417 solutions 0 182.4s
root ((0, 1, -1), (-1, 0, -1), 1) cumulative nodes 2248789 solutions 0 191.9s
root ((0, 1, -1), (-1, 1, -1), 2) cumulative nodes 2278396 solutions 0 194.1s
root ((0, 1, -1), (0, -1, -2), 1) cumulative nodes 2365301 solutions 0 202.2s
root ((0, 1, -1), (0, 0, -1), 1) cumulative nodes 2572345 solutions 0 223.0s
root ((0, 1, -1), (0, 1, -1), 2) cumulative nodes 2627068 solutions 0 228.3s
root ((1, -2, -2), (-2, -1, -1), 2) cumulative nodes 2637276 solutions 0 229.4s
root ((1, -2, -2), (-1, -2, 1), 1) cumulative nodes 2638407 solutions 0 229.6s
root ((1, -2, -2), (-1, -1, 0), 1) cumulative nodes 2699293 solutions 0 234.9s
root ((1, -2, -2), (0, -2, 1), 2) cumulative nodes 2716903 solutions 0 236.6s
root ((1, -2, -2), (0, -1, 0), 2) cumulative nodes 2837991 solutions 0 247.2s
root ((1, -2, -2), (1, -2, 2), 1) cumulative nodes 2838193 solutions 0 247.2s
root ((1, -2, -2), (1, -1, 1), 1) cumulative nodes 2849983 solutions 0 248.1s
root ((1, -2, -2), (1, 0, 0), 1) cumulative nodes 2950332 solutions 0 256.6s
root ((1, -2, -2), (2, -1, 1), 2) cumulative nodes 2952753 solutions 0 256.8s
root ((1, -2, -1), (-2, -2, 1), 1) cumulative nodes 2956772 solutions 0 257.2s
root ((1, -2, -1), (-2, -1, -2), 2) cumulative nodes 2965543 solutions 0 258.0s
root ((1, -2, -1), (-2, -1, -1), 1) cumulative nodes 2967869 solutions 0 258.3s
root ((1, -2, -1), (-1, -2, 1), 2) cumulative nodes 2970728 solutions 0 258.6s
root ((1, -2, -1), (-1, -1, -1), 2) cumulative nodes 2994048 solutions 0 260.9s
root ((1, -2, -1), (-1, -1, 0), 1) cumulative nodes 3071085 solutions 0 268.1s
root ((1, -2, -1), (-1, 0, -2), 1) cumulative nodes 3072693 solutions 0 268.2s
root ((1, -2, -1), (0, -1, 0), 2) cumulative nodes 3160397 solutions 0 276.0s
root ((1, -2, -1), (0, 0, -1), 1) cumulative nodes 3239253 solutions 0 283.5s
root ((1, -2, -1), (1, 0, -1), 2) cumulative nodes 3276833 solutions 0 287.3s
root ((1, -2, -1), (1, 1, -2), 1) cumulative nodes 3277365 solutions 0 287.3s
root ((1, -2, -1), (2, 1, -2), 2) cumulative nodes 3284343 solutions 0 288.2s
root ((1, -1, -1), (-2, -2, -1), 1) cumulative nodes 3313733 solutions 0 291.4s
root ((1, -1, -1), (-1, -2, -1), 2) cumulative nodes 3323774 solutions 0 292.3s
root ((1, -1, -1), (-1, -2, 0), 1) cumulative nodes 3360107 solutions 0 296.1s
root ((1, -1, -1), (-1, -1, -1), 1) cumulative nodes 3414129 solutions 0 301.8s
root ((1, -1, -1), (0, -1, -1), 2) cumulative nodes 3441864 solutions 0 304.9s
root ((1, -1, -1), (0, -1, 0), 1) cumulative nodes 3603369 solutions 0 322.3s
nodes 3603369 solutions 0 max depth reached 8 depth profile [0, 57, 1238, 15410, 117477, 423490, 2961935, 82909, 853, 0, 0, 0, 0, 0, 0, 0, 0, 0, 0, 0] time 322.3s
