a      beta=e1-e2 m=1: g = x12(3*t^1+...) degree 4  [g,x]=1 and xg=x^s: True
a      beta=e1-e2 m=2: g = x12(3*t^2+...) degree 7  [g,x]=1 and xg=x^s: True
a      beta=e1-e2 m=3: g = x12(3*t^3+...) degree 10  [g,x]=1 and xg=x^s: True
a      beta=e1-e2 m=4: g = x12(3*t^4+...) degree 13  [g,x]=1 and xg=x^s: True
a      beta=e1-e2 m=5: g = x12(3*t^5+...) degree 16  [g,x]=1 and xg=x^s: True
a      beta=e1-e2 m=6: g = x12(3*t^6+...) degree 19  [g,x]=1 and xg=x^s: True
b      beta=e2-e3 m=1: g = x23(3*t^1+...) degree 4  [g,x]=1 and xg=x^s: True
b      beta=e2-e3 m=2: g = x23(3*t^2+...) degree 7  [g,x]=1 and xg=x^s: True
b      beta=e2-e3 m=3: g = x23(3*t^3+...) degree 10  [g,x]=1 and xg=x^s: True
b      beta=e2-e3 m=4: g = x23(3*t^4+...) degree 13  [g,x]=1 and xg=x^s: True
b      beta=e2-e3 m=5: g = x23(3*t^5+...) degree 16  [g,x]=1 and xg=x^s: True
b      beta=e2-e3 m=6: g = x23(3*t^6+...) degree 19  [g,x]=1 and xg=x^s: True
c      beta=e3-e1 m=1: g = x31(3*t^2+...) degree 4  [g,x]=1 and xg=x^s: True
c      beta=e3-e1 m=2: g = x31(3*t^3+...) degree 7  [g,x]=1 and xg=x^s: True
c      beta=e3-e1 m=3: g = x31(3*t^4+...) degree 10  [g,x]=1 and xg=x^s: True
c      beta=e3-e1 m=4: g = x31(3*t^5+...) degree 13  [g,x]=1 and xg=x^s: True
c      beta=e3-e1 m=5: g = x31(3*t^6+...) degree 16  [g,x]=1 and xg=x^s: True
c      beta=e3-e1 m=6: g = x31(3*t^7+...) degree 19  [g,x]=1 and xg=x^s: True
[a,b]  beta=e1-e3 m=1: g = x13(3*t^1+...) degree 5  [g,x]=1 and xg=x^s: True
[a,b]  beta=e1-e3 m=2: g = x13(3*t^2+...) degree 8  [g,x]=1 and xg=x^s: True
[a,b]  beta=e1-e3 m=3: g = x13(3*t^3+...) degree 11  [g,x]=1 and xg=x^s: True
[a,b]  beta=e1-e3 m=4: g = x13(3*t^4+...) degree 14  [g,x]=1 and xg=x^s: True
[a,b]  beta=e1-e3 m=5: g = x13(3*t^5+...) degree 17  [g,x]=1 and xg=x^s: True
[a,b]  beta=e1-e3 m=6: g = x13(3*t^6+...) degree 20  [g,x]=1 and xg=x^s: True
[b,c]  beta=e2-e1 m=1: g = x21(3*t^2+...) degree 5  [g,x]=1 and xg=x^s: True
[b,c]  beta=e2-e1 m=2: g = x21(3*t^3+...) degree 8  [g,x]=1 and xg=x^s: True
[b,c]  beta=e2-e1 m=3: g = x21(3*t^4+...) degree 11  [g,x]=1 and xg=x^s: True
[b,c]  beta=e2-e1 m=4: g = x21(3*t^5+...) degree 14  [g,x]=1 and xg=x^s: True
[b,c]  beta=e2-e1 m=5: g = x21(3*t^6+...) degree 17  [g,x]=1 and xg=x^s: True
[b,c]  beta=e2-e1 m=6: g = x21(3*t^7+...) degree 20  [g,x]=1 and xg=x^s: True
[c,a]  beta=e3-e2 m=1: g = x32(3*t^2+...) degree 5  [g,x]=1 and xg=x^s: True
[c,a]  beta=e3-e2 m=2: g = x32(3*t^3+...) degree 8  [g,x]=1 and xg=x^s: True
[c,a]  beta=e3-e2 m=3: g = x32(3*t^4+...) degree 11  [g,x]=1 and xg=x^s: True
[c,a]  beta=e3-e2 m=4: g = x32(3*t^5+...) degree 14  [g,x]=1 and xg=x^s: True
[c,a]  beta=e3-e2 m=5: g = x32(3*t^6+...) degree 17  [g,x]=1 and xg=x^s: True
[c,a]  beta=e3-e2 m=6: g = x32(3*t^7+...) degree 20  [g,x]=1 and xg=x^s: True
p=5 N=24 degrees<=20: ALL OK
