vertex ('x^3', 'y*x*y*x^-1*y^-1*x^-1', 'y^3') | |B| = 24 (label 16)
   module: {'module': 'refl(k=1/3, x=s^1, y=t^1)', 'n': 2, 'fx': 1, 'fy': 1, 'meet': 0, 'split': True, 'mults': {'x': (1, 0), 'y': (1, 0)}}
   linear characters (i,j) with lambda(x)=w^i, lambda(y)=w^j: [(0, 0), (1, 1), (2, 2)]
   G_0^{16,16,48} ('a', 'b') W_v = M + conj(M) | dim [x,W_v] = dim [y,W_v] = 2
   G_0^{16,16,48} ('b', 'c') W_v = M + conj(M) | dim [x,W_v] = dim [y,W_v] = 2
vertex ('(y*x)^2*(y^-1*x^-1)^2', 'x^3', 'y^3') | |B| = 72 (label 48)
   module: {'module': 'refl(k=2/3, x=s^1, y=t^1)', 'n': 2, 'fx': 1, 'fy': 1, 'meet': 0, 'split': True, 'mults': {'x': (1, 0), 'y': (1, 0)}}
   linear characters (i,j) with lambda(x)=w^i, lambda(y)=w^j: [(0, 0), (0, 1), (0, 2), (1, 0), (1, 1), (1, 2), (2, 0), (2, 1), (2, 2)]
   G_0^{16,16,48} ('c', 'a') W_v = M + conj(M) | dim [x,W_v] = dim [y,W_v] = 2
GROUP G_0^{16,16,48} | vertex d_v = [2, 2, 2] | common edge module (w + w^2)^1 | dim V = 6 | S1-S3 CERTIFIED
   G_0^{16,16,54} ('a', 'b') W_v = M + conj(M) | dim [x,W_v] = dim [y,W_v] = 2
   G_0^{16,16,54} ('b', 'c') W_v = M + conj(M) | dim [x,W_v] = dim [y,W_v] = 2
vertex ('(y*x*y^-1*x)^3', 'x^3', 'y*x*y^-1*x^-1*y^-1*x*y*x^-1', 'y^3') | |B| = 81 (label 54)
   module: {'module': 'C3wrC3-monomial(x=P, y=D)', 'n': 3, 'fx': 1, 'fy': 2, 'meet': 0, 'split': True, 'mults': {'x': (1, 1), 'y': (1, 0)}}
   linear characters (i,j) with lambda(x)=w^i, lambda(y)=w^j: [(0, 0), (0, 1), (0, 2), (1, 0), (1, 1), (1, 2), (2, 0), (2, 1), (2, 2)]
   G_0^{16,16,54} ('c', 'a') W_v = M + conj(M) + (lambda + conj lambda)^1, lambda = (0, 1) | dim [x,W_v] = dim [y,W_v] = 4
GROUP G_0^{16,16,54} | vertex d_v = [2, 2, 4] | common edge module (w + w^2)^2 | dim V = 12 | S1-S3 CERTIFIED
   G_0^{16,16,40} ('a', 'b') W_v = M + conj(M) | dim [x,W_v] = dim [y,W_v] = 2
   G_0^{16,16,40} ('b', 'c') W_v = M + conj(M) | dim [x,W_v] = dim [y,W_v] = 2
vertex ('(y*x^-1*y*x)^2', '(y^-1*x^-1*y*x^-1)^2', 'x^3', 'y^3') | |B| = 60 (label 40)
   module: {'module': 'A5-augmentation(x=(0, 1, 3, 4, 2), y=(1, 2, 0, 3, 4))', 'n': 4, 'fx': 2, 'fy': 2, 'meet': 0, 'split': True, 'mults': {'x': (1, 1), 'y': (1, 1)}}
   linear characters (i,j) with lambda(x)=w^i, lambda(y)=w^j: [(0, 0)]
   G_0^{16,16,40} ('c', 'a') W_v = M + conj(M) | dim [x,W_v] = dim [y,W_v] = 4
GROUP G_0^{16,16,40} | vertex d_v = [2, 2, 4] | common edge module (w + w^2)^2 | dim V = 12 | S1-S3 CERTIFIED
   G_1^{16,16,48} ('a', 'b') W_v = M + conj(M) | dim [x,W_v] = dim [y,W_v] = 2
   G_1^{16,16,48} ('b', 'c') W_v = M + conj(M) | dim [x,W_v] = dim [y,W_v] = 2
vertex ('(y*x^-1)^2*(y^-1*x)^2', 'x^3', 'y^3') | |B| = 72 (label 48)
   module: {'module': 'refl(k=2/3, x=s^1, y=t^-1)', 'n': 2, 'fx': 1, 'fy': 1, 'meet': 0, 'split': True, 'mults': {'x': (1, 0), 'y': (0, 1)}}
   linear characters (i,j) with lambda(x)=w^i, lambda(y)=w^j: [(0, 0), (0, 1), (0, 2), (1, 0), (1, 1), (1, 2), (2, 0), (2, 1), (2, 2)]
   G_1^{16,16,48} ('c', 'a') W_v = M + conj(M) | dim [x,W_v] = dim [y,W_v] = 2
GROUP G_1^{16,16,48} | vertex d_v = [2, 2, 2] | common edge module (w + w^2)^1 | dim V = 6 | S1-S3 CERTIFIED
   G_0^{16,40,48} ('a', 'b') W_v = M + conj(M) | dim [x,W_v] = dim [y,W_v] = 2
   G_0^{16,40,48} ('b', 'c') W_v = M + conj(M) | dim [x,W_v] = dim [y,W_v] = 4
   G_0^{16,40,48} ('c', 'a') W_v = M + conj(M) | dim [x,W_v] = dim [y,W_v] = 2
GROUP G_0^{16,40,48} | vertex d_v = [2, 4, 2] | common edge module (w + w^2)^2 | dim V = 12 | S1-S3 CERTIFIED
   G_0^{48,48,48} ('a', 'b') W_v = M + conj(M) | dim [x,W_v] = dim [y,W_v] = 2
   G_0^{48,48,48} ('b', 'c') W_v = M + conj(M) | dim [x,W_v] = dim [y,W_v] = 2
   G_0^{48,48,48} ('c', 'a') W_v = M + conj(M) | dim [x,W_v] = dim [y,W_v] = 2
GROUP G_0^{48,48,48} | vertex d_v = [2, 2, 2] | common edge module (w + w^2)^1 | dim V = 6 | S1-S3 CERTIFIED
   G_0^{48,54,54} ('a', 'b') W_v = M + conj(M) | dim [x,W_v] = dim [y,W_v] = 2
   G_0^{48,54,54} ('b', 'c') W_v = M + conj(M) + (lambda + conj lambda)^1, lambda = (0, 1) | dim [x,W_v] = dim [y,W_v] = 4
   G_0^{48,54,54} ('c', 'a') W_v = M + conj(M) + (lambda + conj lambda)^1, lambda = (0, 1) | dim [x,W_v] = dim [y,W_v] = 4
GROUP G_0^{48,54,54} | vertex d_v = [2, 4, 4] | common edge module (w + w^2)^2 | dim V = 12 | S1-S3 CERTIFIED
   G_8^{48,54,54} ('a', 'b') W_v = M + conj(M) | dim [x,W_v] = dim [y,W_v] = 2
vertex ('(x*y*x^-1*y)^3', 'x*y*x^-1*y^-1*x^-1*y*x*y^-1', 'x^3', 'y^3') | |B| = 81 (label 54)
   module: {'module': 'C3wrC3-monomial(x=D, y=P)', 'n': 3, 'fx': 2, 'fy': 1, 'meet': 0, 'split': True, 'mults': {'x': (1, 0), 'y': (1, 1)}}
   linear characters (i,j) with lambda(x)=w^i, lambda(y)=w^j: [(0, 0), (0, 1), (0, 2), (1, 0), (1, 1), (1, 2), (2, 0), (2, 1), (2, 2)]
   G_8^{48,54,54} ('b', 'c') W_v = M + conj(M) + (lambda + conj lambda)^1, lambda = (1, 0) | dim [x,W_v] = dim [y,W_v] = 4
   G_8^{48,54,54} ('c', 'a') W_v = M + conj(M) + (lambda + conj lambda)^1, lambda = (0, 1) | dim [x,W_v] = dim [y,W_v] = 4
GROUP G_8^{48,54,54} | vertex d_v = [2, 4, 4] | common edge module (w + w^2)^2 | dim V = 12 | S1-S3 CERTIFIED
   G_0^{54,54,54} ('a', 'b') W_v = M + conj(M) + (lambda + conj lambda)^1, lambda = (0, 1) | dim [x,W_v] = dim [y,W_v] = 4
   G_0^{54,54,54} ('b', 'c') W_v = M + conj(M) + (lambda + conj lambda)^1, lambda = (0, 1) | dim [x,W_v] = dim [y,W_v] = 4
   G_0^{54,54,54} ('c', 'a') W_v = M + conj(M) + (lambda + conj lambda)^1, lambda = (0, 1) | dim [x,W_v] = dim [y,W_v] = 4
GROUP G_0^{54,54,54} | vertex d_v = [4, 4, 4] | common edge module (w + w^2)^2 | dim V = 12 | S1-S3 CERTIFIED
   G_2^{54,54,54} ('a', 'b') W_v = M + conj(M) + (lambda + conj lambda)^1, lambda = (0, 1) | dim [x,W_v] = dim [y,W_v] = 4
   G_2^{54,54,54} ('b', 'c') W_v = M + conj(M) + (lambda + conj lambda)^1, lambda = (0, 1) | dim [x,W_v] = dim [y,W_v] = 4
   G_2^{54,54,54} ('c', 'a') W_v = M + conj(M) + (lambda + conj lambda)^1, lambda = (1, 0) | dim [x,W_v] = dim [y,W_v] = 4
GROUP G_2^{54,54,54} | vertex d_v = [4, 4, 4] | common edge module (w + w^2)^2 | dim V = 12 | S1-S3 CERTIFIED
ALL CERTIFIED
