18a83240ff82d0bcdcdcd33c15780d72  zds22s.c
7adeb48a3dd33ee18402454154b4bdbb  surv22.g
7d2c74e8d732308d3a7dbeb46ab71ad9  surv22rels.g
c8f13a18d325850bdae6bee6c5a81495  g22surv.g6
f7cbdd30c528d5a3f175ba583fb5ff2c  /var/spool/slurmd/job706163/slurm_script
31:#define MAXC (1 << 22)
== r0-repro: zdsbig -c 1000 -cl 64000 -pw 4 8 rc=0 seconds=5 graphs=2 surv=6
GRAPH 1 U?????????[?e?`_IGA@_L??KG?T??Co?@g?GS?? nodes 39654 surv 2 root 0 probe 0 -1
GRAPH 2 U????A?O@?A?B?o?sO@__Ac?EC?@W?J??X??OQ?? nodes 255949 surv 4 root 0 probe 0 -1
TOTAL items 2 nodes 295603 surv 6 prunes coinc 185922 ab 0 finite 9321 power 0 (relators 0) bs 0 fails 0 budget 0 climit 1000 leaf 64000 pw 4 8 depth 0 bs -1 40 root 0 probe 0 greedy
== r1-bs: zdsbig -c 1000 -cl 64000 -pw 4 8 -bs 16 -bsd 0 rc=0 seconds=5 graphs=2 surv=6
GRAPH 1 U?????????[?e?`_IGA@_L??KG?T??Co?@g?GS?? nodes 39654 surv 2 root 0 probe 0 -1
GRAPH 2 U????A?O@?A?B?o?sO@__Ac?EC?@W?J??X??OQ?? nodes 255949 surv 4 root 0 probe 0 -1
TOTAL items 2 nodes 295603 surv 6 prunes coinc 185922 ab 0 finite 9321 power 0 (relators 0) bs 0 fails 0 budget 0 climit 1000 leaf 64000 pw 4 8 depth 0 bs 16 0 root 0 probe 0 greedy
== r2-big: zdsbig -c 1000 -cl 1000000 -pw 6 12 -bs 16 -bsd 0 rc=0 seconds=6 graphs=2 surv=0
GRAPH 1 U?????????[?e?`_IGA@_L??KG?T??Co?@g?GS?? nodes 39654 surv 0 root 0 probe 0 -1
GRAPH 2 U????A?O@?A?B?o?sO@__Ac?EC?@W?J??X??OQ?? nodes 255949 surv 0 root 0 probe 0 -1
TOTAL items 2 nodes 295603 surv 0 prunes coinc 185922 ab 0 finite 9321 power 6 (relators 312) bs 0 fails 0 budget 0 climit 1000 leaf 1000000 pw 6 12 depth 0 bs 16 0 root 0 probe 0 greedy
== r3-bigger: zdsbig -c 1000 -cl 4000000 -pw 8 16 -bs 32 -bsd 0 rc=0 seconds=10 graphs=2 surv=0
GRAPH 1 U?????????[?e?`_IGA@_L??KG?T??Co?@g?GS?? nodes 39654 surv 0 root 0 probe 0 -1
GRAPH 2 U????A?O@?A?B?o?sO@__Ac?EC?@W?J??X??OQ?? nodes 255949 surv 0 root 0 probe 0 -1
TOTAL items 2 nodes 295603 surv 0 prunes coinc 185922 ab 0 finite 9321 power 6 (relators 312) bs 0 fails 0 budget 0 climit 1000 leaf 4000000 pw 8 16 depth 0 bs 32 0 root 0 probe 0 greedy
== GAP rc=0 seconds=46
survivors: 6
Syntax warning: Unbound global variable in surv22.g:34
  Print("  index <= 6: ", List(L, H -> [ Index(G, H), AbelianInvariants(H) ]),\
 "\n");
                                               ^
== 1 abelian invariants [ 3, 11 ]
  enumeration over the trivial subgroup exceeds 4000000 cosets
  simplified: 2 generators, relator lengths [ 8, 9, 9 ]
  index <= 6: [ [ 1, [ 3, 11 ] ], [ 3, [ 11 ] ] ]
== 2 abelian invariants [ 3, 11 ]
  enumeration over the trivial subgroup exceeds 4000000 cosets
  simplified: 2 generators, relator lengths [ 8, 11 ]
  index <= 6: [ [ 1, [ 3, 11 ] ], [ 3, [ 11 ] ] ]
== 3 abelian invariants [ 11 ]
  enumeration over the trivial subgroup exceeds 4000000 cosets
  simplified: 2 generators, relator lengths [ 7, 10 ]
  index <= 6: [ [ 1, [ 11 ] ] ]
== 4 abelian invariants [ 11 ]
  enumeration over the trivial subgroup exceeds 4000000 cosets
  simplified: 2 generators, relator lengths [ 7, 10 ]
  index <= 6: [ [ 1, [ 11 ] ] ]
== 5 abelian invariants [ 11 ]
  enumeration over the trivial subgroup exceeds 4000000 cosets
  simplified: 2 generators, relator lengths [ 7, 10 ]
  index <= 6: [ [ 1, [ 11 ] ] ]
== 6 abelian invariants [ 11 ]
  enumeration over the trivial subgroup exceeds 4000000 cosets
  simplified: 2 generators, relator lengths [ 7, 10 ]
  index <= 6: [ [ 1, [ 11 ] ] ]
GAPDONE
ALLDONE
