GRAPH 1 M???FB_eAgBOH_B_? nodes 637 surv 0
GRAPH 2 M???FBOw@oAoB_B_? nodes 201 surv 0
GRAPH 3 M???FBOw@WBOD_B_? nodes 201 surv 0
GRAPH 4 M???FBOq@KF?D_B_? nodes 201 surv 0
GRAPH 5 M???FBOq@KCoF?E_? nodes 201 surv 0
GRAPH 6 M???FBOiAgDOD_B_? nodes 2213 surv 0
GRAPH 7 M???FBObB_DOD_B_? nodes 72769 surv 0
GRAPH 8 M???FBObBCF?B_D_? nodes 95149 surv 0
GRAPH 9 M???FBObBCD_E_D_? nodes 95161 surv 0
GRAPH 10 M???FBObBCDOD_F?? nodes 97192 surv 0
GRAPH 11 M???FBObASF?H_D_? nodes 96849 surv 0
GRAPH 12 M???FBObASD_D_K_? nodes 96947 surv 0
GRAPH 13 M???FAW`agD_K_Q_? nodes 855949 surv 0
GRAPH 14 M??CEB_[@oB_B_@o? nodes 5701 surv 0
GRAPH 15 M??CE@oY@EQ_F?B_? nodes 41053 surv 0
GRAPH 16 M??CE@oQdGDOF?DO? nodes 44341 surv 0
GRAPH 17 M??CBBOw@oAoB_BO? nodes 11257 surv 0
GRAPH 18 M??CBBOw@SAoF?BO? nodes 9339 surv 0
GRAPH 19 M??CBBOkBOB_B_@o? nodes 325053 surv 0
GRAPH 20 M??CBBOi?qE_P_B_? nodes 159881 surv 0
GRAPH 21 M??CBBOQd_CoF?BO? nodes 11479 surv 0
GRAPH 22 M??CBBOQcWDOL?DO? nodes 32773 surv 0
GRAPH 23 M??CBBOQcWAgM?H_? nodes 46241 surv 0
GRAPH 24 M??CB@ow?sAoBOb?? nodes 173845 surv 0
GRAPH 25 M??CB@ow?qAoB_b?? nodes 130885 surv 0
GRAPH 26 M??CB@ow?e@oF?b?? nodes 177477 surv 0
GRAPH 27 M??CB@ow?UAoF?b?? nodes 168713 surv 0
GRAPH 28 M??CB@ow?U@oF?d?? nodes 612317 surv 0
GRAPH 29 M??CB@os@cP_BOB_? nodes 47103 surv 0
GRAPH 30 M??CB@o[CoP_B_@o? nodes 13289 surv 0
GRAPH 31 M??CB@o[CaP_B_B_? nodes 52789 surv 0
GRAPH 32 M??CB@oYCaP_B_D_? nodes 42319 surv 0
GRAPH 33 M??CB@oYCIR?D_B_? nodes 4261 surv 0
GRAPH 34 M??CB@oYCIQ_E_B_? nodes 4333 surv 0
GRAPH 35 M??CBAWwAgEOBOB_? nodes 19267 surv 0
GRAPH 36 M??CBAWsB_D_@oB_? nodes 10770 surv 0
GRAPH 37 M??CBAWsB_CoBOB_? nodes 15187 surv 0
GRAPH 38 M??CBAWs?YHOH_L?? nodes 9457 surv 0
GRAPH 39 M??CBAWp?qI_H_I_? nodes 162443 surv 0
GRAPH 40 M??CBAWp?iM?I_B_? nodes 16907 surv 0
GRAPH 41 M??CBAWp?iJ?I_H_? nodes 162457 surv 0
GRAPH 42 M??CBAWp?iIOI_J?? nodes 14315 surv 0
GRAPH 43 M??CBAWdAcKOJ?BO? nodes 7489 surv 0
GRAPH 44 M??CB@WsDOE_B_@o? nodes 612309 surv 0
GRAPH 45 M??CB@W[CaCoB_b?? nodes 129965 surv 0
GRAPH 46 M??CB@WpD_@WJ?D_? nodes 201693 surv 0
GRAPH 47 M??CB@WpCoF?@oH_? nodes 23149 surv 0
GRAPH 48 M??CB@WTCoT?H_@o? nodes 33817 surv 0
GRAPH 49 M??CBAPwB_@oB_F?? nodes 165941 surv 0
GRAPH 50 M??CBAPwAoB_B_H_? nodes 130989 surv 0
GRAPH 51 M??CBAPsBOAoB_J?? nodes 4511 surv 0
GRAPH 52 M??CBAPsAo@oJ?H_? nodes 35825 surv 0
GRAPH 53 M??CBAPsAWBOH_J?? nodes 4279 surv 0
GRAPH 54 M??CBAPsAcD_J?B_? nodes 4629 surv 0
GRAPH 55 M??CBAPsASCoF?J?? nodes 21365 surv 0
GRAPH 56 M??CBAPqB_B_H_B_? nodes 173261 surv 0
GRAPH 57 M??CBAPqBOB_H_D_? nodes 61021 surv 0
GRAPH 58 M??CBAPqBGDOD_F?? nodes 44425 surv 0
GRAPH 59 M??CBAPqAgF?H_B_? nodes 173261 surv 0
GRAPH 60 M??CBAPqAgE_B_I_? nodes 128709 surv 0
GRAPH 61 M??CBAPqAgB_H_I_? nodes 168129 surv 0
GRAPH 62 M??CBAPqAgEOJ?B_? nodes 44536 surv 0
GRAPH 63 M??CBAPqAgBOJ?H_? nodes 44268 surv 0
GRAPH 64 M??CBAPqAgAoJ?I_? nodes 46821 surv 0
GRAPH 65 M??CBAPqAcE_J?B_? nodes 31640 surv 0
GRAPH 66 M??CBAPqAcB_H_J?? nodes 33123 surv 0
GRAPH 67 M??CBAPeB_K_B_B_? nodes 21421 surv 0
GRAPH 68 M??CBAPeAoGoJ?H_? nodes 95867 surv 0
GRAPH 69 M??CBAPeAgL?H_B_? nodes 27938 surv 0
GRAPH 70 M??CBAPeAgH_H_I_? nodes 27401 surv 0
GRAPH 71 M??CBAPeAWL?H_D_? nodes 6405 surv 0
GRAPH 72 M??CBAPe?wH_H_W_? nodes 73353 surv 0
GRAPH 73 M??CBAPUAc@oJ?h?? nodes 44532 surv 0
GRAPH 74 M??CBAPbAoHOL?H_? nodes 174457 surv 0
GRAPH 75 M??CB?XsAcS_B_J?? nodes 13873 surv 0
GRAPH 76 M??CB?X[E_P_H_B_? nodes 130821 surv 0
GRAPH 77 M??ED?WHd_BGR?PG? nodes 5399 surv 0
GRAPH 78 M?AA@B_HagR?EOAo? nodes 13367 surv 0
GRAPH 79 M?AA@B_HaIR?E_EO? nodes 38833 surv 0
GRAPH 80 M?AA@BOw@oAoBOAo? nodes 11509 surv 0
GRAPH 81 M?AA@BOw@oBGB_@o? nodes 246197 surv 0
GRAPH 82 M?AA@BOw@gBOAoBO? nodes 9203 surv 0
GRAPH 83 M?AA@BOw@WAoEOAo? nodes 9139 surv 0
GRAPH 84 M?AA@BOw@KB_EOAo? nodes 9040 surv 0
GRAPH 85 M?AA@BOw?iBGI_B_? nodes 10925 surv 0
GRAPH 86 M?AA@BOk@cH_BOAo? nodes 12944 surv 0
GRAPH 87 M?AA@BOk@KBOQOBO? nodes 33989 surv 0
GRAPH 88 M?AA@BOq@oBGH_@o? nodes 246197 surv 0
GRAPH 89 M?AA@BOi@KHGE_DO? nodes 63687 surv 0
GRAPH 90 M?AA@BOi@KGgE_EO? nodes 61553 surv 0
GRAPH 91 M?AA@BOXDOB_CoAo? nodes 12537 surv 0
GRAPH 92 M?AA@BOXDOAoEOAo? nodes 12973 surv 0
GRAPH 93 M?AA@BORD_D_CoAo? nodes 11163 surv 0
GRAPH 94 M?AA@BORD_CoEOAo? nodes 11310 surv 0
GRAPH 95 M?AA@BORDOCoCoEO? nodes 44295 surv 0
GRAPH 96 M?AA@AWwAgDOCoBO? nodes 12842 surv 0
GRAPH 97 M?AA@AWwAgAgAoI_? nodes 4741 surv 0
GRAPH 98 M?AA@AWw@cI_BOAo? nodes 12842 surv 0
GRAPH 99 M?AA@AWw@cIGB_BO? nodes 21441 surv 0
GRAPH 100 M?AA@AWsB_D_Ao@o? nodes 15139 surv 0
GRAPH 101 M?AA@AWsBOBG@oH_? nodes 73411 surv 0
GRAPH 102 M?AA@AWsBGAgI_Ao? nodes 4309 surv 0
GRAPH 103 M?AA@AWeB_DOPO@o? nodes 8709 surv 0
GRAPH 104 M?AAD?oqAa@cI_D_? nodes 172997 surv 0
GRAPH 105 M?AAD?WwAaF?B_@g? nodes 33117 surv 0
GRAPH 106 M?AAD?WsAQEOB_HG? nodes 61139 surv 0
GRAPH 107 M?AA@_gwCQ@oT?Cg? nodes 44382 surv 0
GRAPH 108 M?AA@_gkEAASR?B_? nodes 128129 surv 0
GRAPH 109 M?AA@_gkE@AoR?Ao? nodes 46955 surv 0
GRAPH 110 M?AA@_gaQWCoSGc_? nodes 44382 surv 0
TOTAL items 110 nodes 8428940 surv 0 prunes coinc 5117706 ab 0 finite 157135 power 16 (relators 320) fails 0 budget 0 climit 4000 leaf 64000 pw 4 8 depth 0
