k=4: E=524288 orbits=23 sizes=[32, 480, 3360, 1120, 13440, 13440, 3360, 10080, 3360, 480, 26880, 53760, 26880, 80640, 26880, 3840, 13440, 13440, 8960, 5376, 53760, 80640, 80640] patterns=14
U round 0: K*z = 8.000000, added 14 [19s]
U round 1: K*z = 8.000000, added 14 [20s]
U round 2: K*z = 4.000000, added 14 [22s]
U round 3: K*z = 4.000000, added 14 [25s]
U round 4: K*z = 4.000000, added 14 [27s]
U round 5: K*z = 4.000000, added 14 [29s]
U round 6: K*z = 3.200000, added 14 [31s]
U round 7: K*z = 2.666667, added 14 [34s]
U round 8: K*z = 2.666667, added 14 [36s]
U round 9: K*z = 2.666667, added 14 [38s]
U round 10: K*z = 2.666667, added 14 [41s]
U round 11: K*z = 2.666667, added 14 [43s]
U round 12: K*z = 2.400000, added 14 [45s]
U round 13: K*z = 2.133333, added 14 [47s]
U round 14: K*z = 2.000000, added 14 [51s]
U round 15: K*z = 2.000000, added 14 [53s]
U round 16: K*z = 2.000000, added 14 [55s]
U round 17: K*z = 2.000000, added 14 [59s]
U round 18: K*z = 2.000000, added 14 [61s]
U round 19: K*z = 2.000000, added 14 [63s]
U round 20: K*z = 2.000000, added 14 [68s]
U round 21: K*z = 2.000000, added 14 [71s]
U round 22: K*z = 2.000000, added 14 [74s]
U round 23: K*z = 2.000000, added 14 [77s]
U round 24: K*z = 2.000000, added 14 [82s]
U round 25: K*z = 1.996582, added 13 [84s]
U round 26: K*z = 1.969903, added 14 [90s]
U round 27: K*z = 1.932735, added 14 [94s]
U round 28: K*z = 1.892017, added 14 [102s]
U round 29: K*z = 1.892017, added 14 [112s]
U round 30: K*z = 1.859919, added 14 [125s]
U round 31: K*z = 1.822157, added 14 [128s]
U round 32: K*z = 1.770523, added 14 [144s]
U round 33: K*z = 1.770372, added 14 [164s]
U round 34: K*z = 1.738428, added 14 [178s]
U round 35: K*z = 1.738428, added 14 [197s]
U round 36: K*z = 1.717579, added 14 [218s]
U round 37: K*z = 1.702937, added 14 [256s]
U round 38: K*z = 1.702937, added 14 [298s]
U round 39: K*z = 1.682323, added 14 [325s]
U round 40: K*z = 1.681409, added 14 [349s]
U round 41: K*z = 1.671613, added 14 [385s]
U round 42: K*z = 1.664441, added 14 [450s]
U round 43: K*z = 1.622756, added 14 [466s]
U round 44: K*z = 1.615253, added 14 [495s]
U round 45: K*z = 1.602350, added 14 [519s]
U round 46: K*z = 1.602350, added 14 [543s]
U round 47: K*z = 1.594039, added 14 [570s]
U round 48: K*z = 1.594039, added 14 [601s]
U round 49: K*z = 1.559564, added 14 [617s]
U round 50: K*z = 1.559564, added 14 [636s]
U round 51: K*z = 1.556769, added 14 [670s]
U round 52: K*z = 1.556769, added 14 [707s]
U round 53: K*z = 1.552250, added 14 [747s]
U round 54: K*z = 1.520826, added 14 [771s]
U round 55: K*z = 1.518860, added 14 [809s]
U round 56: K*z = 1.517443, added 14 [839s]
U round 57: K*z = 1.517443, added 14 [871s]
U round 58: K*z = 1.517106, added 13 [906s]
U round 59: K*z = 1.510406, added 14 [940s]
U round 60: K*z = 1.509822, added 14 [979s]
U round 61: K*z = 1.509784, added 14 [1021s]
U round 62: K*z = 1.505360, added 14 [1048s]
U round 63: K*z = 1.502516, added 14 [1080s]
U round 64: K*z = 1.501141, added 14 [1120s]
U round 65: K*z = 1.499062, added 14 [1162s]
U round 66: K*z = 1.497957, added 14 [1200s]
U round 67: K*z = 1.492479, added 13 [1234s]
U round 68: K*z = 1.485794, added 13 [1260s]
U round 69: K*z = 1.484654, added 12 [1290s]
U round 70: K*z = 1.484209, added 11 [1322s]
U round 71: K*z = 1.480589, added 12 [1358s]
U round 72: K*z = 1.477459, added 12 [1390s]
U round 73: K*z = 1.475687, added 12 [1443s]
U round 74: K*z = 1.475005, added 11 [1490s]
U round 75: K*z = 1.473910, added 10 [1545s]
U round 76: K*z = 1.472135, added 11 [1573s]
U round 77: K*z = 1.470000, added 13 [1603s]
U round 78: K*z = 1.468337, added 11 [1645s]
U round 79: K*z = 1.467592, added 9 [1680s]
U round 80: K*z = 1.466746, added 10 [1716s]
U round 81: K*z = 1.465437, added 12 [1745s]
U round 82: K*z = 1.465409, added 10 [1779s]
U round 83: K*z = 1.465196, added 9 [1807s]
U round 84: K*z = 1.464483, added 10 [1838s]
U round 85: K*z = 1.463909, added 9 [1878s]
U round 86: K*z = 1.462894, added 7 [1906s]
U round 87: K*z = 1.462248, added 8 [1928s]
U round 88: K*z = 1.461722, added 8 [1954s]
U round 89: K*z = 1.461293, added 7 [1983s]
U round 90: K*z = 1.460836, added 8 [2007s]
U round 91: K*z = 1.459581, added 6 [2032s]
U round 92: K*z = 1.459208, added 7 [2050s]
U round 93: K*z = 1.459064, added 6 [2069s]
U round 94: K*z = 1.458749, added 5 [2087s]
U round 95: K*z = 1.458471, added 7 [2107s]
U round 96: K*z = 1.458362, added 6 [2127s]
U round 97: K*z = 1.457959, added 4 [2148s]
U round 98: K*z = 1.457887, added 4 [2165s]
U round 99: K*z = 1.457794, added 5 [2191s]
U round 100: K*z = 1.457690, added 4 [2214s]
U round 101: K*z = 1.457619, added 6 [2237s]
U round 102: K*z = 1.457532, added 6 [2255s]
U round 103: K*z = 1.457468, added 5 [2279s]
U round 104: K*z = 1.457379, added 2 [2300s]
U round 105: K*z = 1.457304, added 2 [2321s]
U round 106: K*z = 1.457261, added 3 [2348s]
U round 107: K*z = 1.457171, added 3 [2383s]
U round 108: K*z = 1.457137, added 3 [2413s]
U round 109: K*z = 1.457087, added 2 [2437s]
U round 110: K*z = 1.457041, added 3 [2456s]
U round 111: K*z = 1.456984, added 2 [2471s]
U round 112: K*z = 1.456964, added 3 [2483s]
U round 113: K*z = 1.456934, added 2 [2494s]
U round 114: K*z = 1.456912, added 2 [2505s]
U round 115: K*z = 1.456904, added 2 [2522s]
U round 116: K*z = 1.456900, added 2 [2536s]
U round 117: K*z = 1.456884, added 2 [2552s]
U round 118: K*z = 1.456870, added 2 [2566s]
U round 119: K*z = 1.456867, added 3 [2579s]
U round 120: K*z = 1.456859, added 2 [2593s]
U round 121: K*z = 1.456857, added 2 [2604s]
U round 122: K*z = 1.456856, added 2 [2615s]
U round 123: K*z = 1.456855, added 1 [2626s]
U round 124: K*z = 1.456854, added 1 [2637s]
U round 125: K*z = 1.456854, added 0 [2652s]
unfolded relaxation K*z_U = 1.456854
certified LB (exact, dual gadget integer weights) R*(4) >= 905957293/621871104 = 1.456825
gadget orbit weights (per edge, scaled): [1000000, 66667, 12440, 23245, 2389, 2389, 23245, 12440, 66667, 1000000, 454, 454, 2389, 2389, 12440, 66667, 12440, 23245, 0, 0, 454, 454, 2389]
