F-ball 187 N-ball 23437 (max NF length 13) 1 s
hashes ready 124 s
sorted 4344656 nontrivial commutators 131 s
HBALL a=p1' p0 | b=p1' p2 | |U_a|=9 |U_b|=3 common=1 | u=x0 x1 | v=x0 x1 x0'
HBALL a=p1' p0 | b=p1' p2' | |U_a|=9 |U_b|=3 common=1 | u=x0 x1 | v=x0 x1 x0'
HBALL a=p1' p0 | b=p1' p2 p2 | |U_a|=9 |U_b|=3 common=1 | u=x0 x1 | v=x0 x1 x0'
HBALL a=p1' p0 | b=p1' p2' p2' | |U_a|=9 |U_b|=3 common=1 | u=x0 x1 | v=x0 x1 x0'
HBALL a=p1' p0' | b=p1' p2 | |U_a|=9 |U_b|=3 common=1 | u=x0 x1 | v=x0 x1 x0'
HBALL a=p1' p0' | b=p1' p2' | |U_a|=9 |U_b|=3 common=1 | u=x0 x1 | v=x0 x1 x0'
HBALL a=p1' p0' | b=p1' p2 p2 | |U_a|=9 |U_b|=3 common=1 | u=x0 x1 | v=x0 x1 x0'
HBALL a=p1' p0' | b=p1' p2' p2' | |U_a|=9 |U_b|=3 common=1 | u=x0 x1 | v=x0 x1 x0'
HBALL a=p1' p2 | b=p1' p0 p0 | |U_a|=3 |U_b|=9 common=1 | u=x0 x1 x0' | v=x0 x1
HBALL a=p1' p2 | b=p1' p0' p0' | |U_a|=3 |U_b|=9 common=1 | u=x0 x1 x0' | v=x0 x1
HBALL a=p1' p2' | b=p1' p0 p0 | |U_a|=3 |U_b|=9 common=1 | u=x0 x1 x0' | v=x0 x1
HBALL a=p1' p2' | b=p1' p0' p0' | |U_a|=3 |U_b|=9 common=1 | u=x0 x1 x0' | v=x0 x1
HBALL a=p1' p0 p0 | b=p1' p2 p2 | |U_a|=9 |U_b|=3 common=1 | u=x0 x1 | v=x0 x1 x0'
HBALL a=p1' p0 p0 | b=p1' p2' p2' | |U_a|=9 |U_b|=3 common=1 | u=x0 x1 | v=x0 x1 x0'
HBALL a=p1' p0' p0' | b=p1' p2 p2 | |U_a|=9 |U_b|=3 common=1 | u=x0 x1 | v=x0 x1 x0'
HBALL a=p1' p0' p0' | b=p1' p2' p2' | |U_a|=9 |U_b|=3 common=1 | u=x0 x1 | v=x0 x1 x0'
HBALL a=p1 p1 p0 | b=p1 p1 p2 | |U_a|=9 |U_b|=7 common=1 | u=x0 x1' | v=x0 x1' x0'
HBALL a=p1 p1 p0 | b=p1 p1 p2' | |U_a|=9 |U_b|=7 common=1 | u=x0 x1' | v=x0 x1' x0'
HBALL a=p1 p1 p0' | b=p1 p1 p2 | |U_a|=9 |U_b|=7 common=1 | u=x0 x1' | v=x0 x1' x0'
HBALL a=p1 p1 p0' | b=p1 p1 p2' | |U_a|=9 |U_b|=7 common=1 | u=x0 x1' | v=x0 x1' x0'
HBALL a=p1 p0 | b=p1 p2 | |U_a|=9 |U_b|=7 common=1 | u=x0 x1' | v=x0 x1' x0'
HBALL a=p1 p0 | b=p1 p2' | |U_a|=9 |U_b|=7 common=1 | u=x0 x1' | v=x0 x1' x0'
HBALL a=p1 p0 | b=p1 p2 p2 | |U_a|=9 |U_b|=7 common=1 | u=x0 x1' | v=x0 x1' x0'
HBALL a=p1 p0 | b=p1 p2' p2' | |U_a|=9 |U_b|=7 common=1 | u=x0 x1' | v=x0 x1' x0'
HBALL a=p1 p0' | b=p1 p2 | |U_a|=9 |U_b|=7 common=1 | u=x0 x1' | v=x0 x1' x0'
HBALL a=p1 p0' | b=p1 p2' | |U_a|=9 |U_b|=7 common=1 | u=x0 x1' | v=x0 x1' x0'
HBALL a=p1 p0' | b=p1 p2 p2 | |U_a|=9 |U_b|=7 common=1 | u=x0 x1' | v=x0 x1' x0'
HBALL a=p1 p0' | b=p1 p2' p2' | |U_a|=9 |U_b|=7 common=1 | u=x0 x1' | v=x0 x1' x0'
HBALL a=p1 p2 | b=p1 p0 p0 | |U_a|=7 |U_b|=9 common=1 | u=x0 x1' x0' | v=x0 x1'
HBALL a=p1 p2 | b=p1 p0' p0' | |U_a|=7 |U_b|=9 common=1 | u=x0 x1' x0' | v=x0 x1'
HBALL a=p1 p2' | b=p1 p0 p0 | |U_a|=7 |U_b|=9 common=1 | u=x0 x1' x0' | v=x0 x1'
HBALL a=p1 p2' | b=p1 p0' p0' | |U_a|=7 |U_b|=9 common=1 | u=x0 x1' x0' | v=x0 x1'
HBALL a=p1 p0 p0 | b=p1 p2 p2 | |U_a|=9 |U_b|=7 common=1 | u=x0 x1' | v=x0 x1' x0'
HBALL a=p1 p0 p0 | b=p1 p2' p2' | |U_a|=9 |U_b|=7 common=1 | u=x0 x1' | v=x0 x1' x0'
HBALL a=p1 p0' p0' | b=p1 p2 p2 | |U_a|=9 |U_b|=7 common=1 | u=x0 x1' | v=x0 x1' x0'
HBALL a=p1 p0' p0' | b=p1 p2' p2' | |U_a|=9 |U_b|=7 common=1 | u=x0 x1' | v=x0 x1' x0'
HBALL a=p0' p1 | b=p0' p2 | |U_a|=3 |U_b|=3 common=1 | u=x0 x1 x2 x2 x1' | v=x0 x1 x2 x2 x0'
HBALL a=p0' p1 | b=p0' p2' | |U_a|=3 |U_b|=3 common=1 | u=x0 x1 x2 x2 x1' | v=x0 x1 x2 x2 x0'
HBALL a=p0' p1 | b=p0' p2 p2 | |U_a|=3 |U_b|=3 common=1 | u=x0 x1 x2 x2 x1' | v=x0 x1 x2 x2 x0'
HBALL a=p0' p1 | b=p0' p2' p2' | |U_a|=3 |U_b|=3 common=1 | u=x0 x1 x2 x2 x1' | v=x0 x1 x2 x2 x0'
HBALL a=p0' p1' | b=p0' p2 | |U_a|=3 |U_b|=3 common=1 | u=x0 x1 x2 x2 x1' | v=x0 x1 x2 x2 x0'
HBALL a=p0' p1' | b=p0' p2' | |U_a|=3 |U_b|=3 common=1 | u=x0 x1 x2 x2 x1' | v=x0 x1 x2 x2 x0'
HBALL a=p0' p1' | b=p0' p2 p2 | |U_a|=3 |U_b|=3 common=1 | u=x0 x1 x2 x2 x1' | v=x0 x1 x2 x2 x0'
HBALL a=p0' p1' | b=p0' p2' p2' | |U_a|=3 |U_b|=3 common=1 | u=x0 x1 x2 x2 x1' | v=x0 x1 x2 x2 x0'
HBALL a=p0' p2 | b=p0' p1 p1 | |U_a|=3 |U_b|=3 common=1 | u=x0 x1 x2 x2 x0' | v=x0 x1 x2 x2 x1'
HBALL a=p0' p2 | b=p0' p1' p1' | |U_a|=3 |U_b|=3 common=1 | u=x0 x1 x2 x2 x0' | v=x0 x1 x2 x2 x1'
HBALL a=p0' p2' | b=p0' p1 p1 | |U_a|=3 |U_b|=3 common=1 | u=x0 x1 x2 x2 x0' | v=x0 x1 x2 x2 x1'
HBALL a=p0' p2' | b=p0' p1' p1' | |U_a|=3 |U_b|=3 common=1 | u=x0 x1 x2 x2 x0' | v=x0 x1 x2 x2 x1'
HBALL a=p0' p1 p1 | b=p0' p2 p2 | |U_a|=3 |U_b|=3 common=1 | u=x0 x1 x2 x2 x1' | v=x0 x1 x2 x2 x0'
HBALL a=p0' p1 p1 | b=p0' p2' p2' | |U_a|=3 |U_b|=3 common=1 | u=x0 x1 x2 x2 x1' | v=x0 x1 x2 x2 x0'
HCAND a=p0 p2' | b=p1 p2' | |U_a|=1 |U_b|=1 common=0 | u=x0 x1 x2 x0' x2' x0' | v=x0 x1 x2 x0' x1' x0'
HCAND a=p0 p2' | b=p1' p2' | |U_a|=1 |U_b|=1 common=0 | u=x0 x1 x2 x0' x2' x0' | v=x0 x1 x2 x0' x1' x0'
HCAND a=p0 p2' | b=p1 p1 p2' | |U_a|=1 |U_b|=1 common=0 | u=x0 x1 x2 x0' x2' x0' | v=x0 x1 x2 x0' x1' x0'
HCAND a=p0 p2' | b=p1' p1' p2' | |U_a|=1 |U_b|=1 common=0 | u=x0 x1 x2 x0' x2' x0' | v=x0 x1 x2 x0' x1' x0'
HCAND a=p0' p2' | b=p1 p2' | |U_a|=1 |U_b|=1 common=0 | u=x0 x1 x2 x0' x2' x0' | v=x0 x1 x2 x0' x1' x0'
HCAND a=p0' p2' | b=p1' p2' | |U_a|=1 |U_b|=1 common=0 | u=x0 x1 x2 x0' x2' x0' | v=x0 x1 x2 x0' x1' x0'
HCAND a=p0' p2' | b=p1 p1 p2' | |U_a|=1 |U_b|=1 common=0 | u=x0 x1 x2 x0' x2' x0' | v=x0 x1 x2 x0' x1' x0'
HCAND a=p0' p2' | b=p1' p1' p2' | |U_a|=1 |U_b|=1 common=0 | u=x0 x1 x2 x0' x2' x0' | v=x0 x1 x2 x0' x1' x0'
HCAND a=p1 p2' | b=p0 p0 p2' | |U_a|=1 |U_b|=1 common=0 | u=x0 x1 x2 x0' x1' x0' | v=x0 x1 x2 x0' x2' x0'
HCAND a=p1 p2' | b=p0' p0' p2' | |U_a|=1 |U_b|=1 common=0 | u=x0 x1 x2 x0' x1' x0' | v=x0 x1 x2 x0' x2' x0'
HCAND a=p1' p2' | b=p0 p0 p2' | |U_a|=1 |U_b|=1 common=0 | u=x0 x1 x2 x0' x1' x0' | v=x0 x1 x2 x0' x2' x0'
HCAND a=p1' p2' | b=p0' p0' p2' | |U_a|=1 |U_b|=1 common=0 | u=x0 x1 x2 x0' x1' x0' | v=x0 x1 x2 x0' x2' x0'
HCAND a=p0 p0 p2' | b=p1 p1 p2' | |U_a|=1 |U_b|=1 common=0 | u=x0 x1 x2 x0' x2' x0' | v=x0 x1 x2 x0' x1' x0'
HCAND a=p0 p0 p2' | b=p1' p1' p2' | |U_a|=1 |U_b|=1 common=0 | u=x0 x1 x2 x0' x2' x0' | v=x0 x1 x2 x0' x1' x0'
HCAND a=p0' p0' p2' | b=p1 p1 p2' | |U_a|=1 |U_b|=1 common=0 | u=x0 x1 x2 x0' x2' x0' | v=x0 x1 x2 x0' x1' x0'
HCAND a=p0' p0' p2' | b=p1' p1' p2' | |U_a|=1 |U_b|=1 common=0 | u=x0 x1 x2 x0' x2' x0' | v=x0 x1 x2 x0' x1' x0'
HCAND a=p0' p0' p1 | b=p0' p0' p2 | |U_a|=1 |U_b|=1 common=0 | u=x0 x1 x2 x2 x2 x1' | v=x0 x1 x2 x2 x2 x0'
HCAND a=p0' p0' p1 | b=p0' p0' p2' | |U_a|=1 |U_b|=1 common=0 | u=x0 x1 x2 x2 x2 x1' | v=x0 x1 x2 x2 x2 x0'
HCAND a=p0' p0' p1' | b=p0' p0' p2 | |U_a|=1 |U_b|=1 common=0 | u=x0 x1 x2 x2 x2 x1' | v=x0 x1 x2 x2 x2 x0'
HCAND a=p0' p0' p1' | b=p0' p0' p2' | |U_a|=1 |U_b|=1 common=0 | u=x0 x1 x2 x2 x2 x1' | v=x0 x1 x2 x2 x2 x0'
HCAND a=p0 p1 | b=p0 p2 | |U_a|=1 |U_b|=1 common=0 | u=x0 x1 x2 x2 x2 x1' | v=x0 x1 x2 x2 x2 x0'
HCAND a=p0 p1 | b=p0 p2' | |U_a|=1 |U_b|=1 common=0 | u=x0 x1 x2 x2 x2 x1' | v=x0 x1 x2 x2 x2 x0'
HCAND a=p0 p1 | b=p0 p2 p2 | |U_a|=1 |U_b|=1 common=0 | u=x0 x1 x2 x2 x2 x1' | v=x0 x1 x2 x2 x2 x0'
HCAND a=p0 p1 | b=p0 p2' p2' | |U_a|=1 |U_b|=1 common=0 | u=x0 x1 x2 x2 x2 x1' | v=x0 x1 x2 x2 x2 x0'
HCAND a=p0 p1' | b=p0 p2 | |U_a|=1 |U_b|=1 common=0 | u=x0 x1 x2 x2 x2 x1' | v=x0 x1 x2 x2 x2 x0'
HCAND a=p0 p1' | b=p0 p2' | |U_a|=1 |U_b|=1 common=0 | u=x0 x1 x2 x2 x2 x1' | v=x0 x1 x2 x2 x2 x0'
HCAND a=p0 p1' | b=p0 p2 p2 | |U_a|=1 |U_b|=1 common=0 | u=x0 x1 x2 x2 x2 x1' | v=x0 x1 x2 x2 x2 x0'
HCAND a=p0 p1' | b=p0 p2' p2' | |U_a|=1 |U_b|=1 common=0 | u=x0 x1 x2 x2 x2 x1' | v=x0 x1 x2 x2 x2 x0'
HCAND a=p0 p2 | b=p0 p1 p1 | |U_a|=1 |U_b|=1 common=0 | u=x0 x1 x2 x2 x2 x0' | v=x0 x1 x2 x2 x2 x1'
HCAND a=p0 p2 | b=p0 p1' p1' | |U_a|=1 |U_b|=1 common=0 | u=x0 x1 x2 x2 x2 x0' | v=x0 x1 x2 x2 x2 x1'
HCAND a=p0 p2' | b=p0 p1 p1 | |U_a|=1 |U_b|=1 common=0 | u=x0 x1 x2 x2 x2 x0' | v=x0 x1 x2 x2 x2 x1'
HCAND a=p0 p2' | b=p0 p1' p1' | |U_a|=1 |U_b|=1 common=0 | u=x0 x1 x2 x2 x2 x0' | v=x0 x1 x2 x2 x2 x1'
HCAND a=p0 p1 p1 | b=p0 p2 p2 | |U_a|=1 |U_b|=1 common=0 | u=x0 x1 x2 x2 x2 x1' | v=x0 x1 x2 x2 x2 x0'
HCAND a=p0 p1 p1 | b=p0 p2' p2' | |U_a|=1 |U_b|=1 common=0 | u=x0 x1 x2 x2 x2 x1' | v=x0 x1 x2 x2 x2 x0'
HCAND a=p0 p1' p1' | b=p0 p2 p2 | |U_a|=1 |U_b|=1 common=0 | u=x0 x1 x2 x2 x2 x1' | v=x0 x1 x2 x2 x2 x0'
HCAND a=p0 p1' p1' | b=p0 p2' p2' | |U_a|=1 |U_b|=1 common=0 | u=x0 x1 x2 x2 x2 x1' | v=x0 x1 x2 x2 x2 x0'
HCAND a=p1' p0 p1' | b=p1' p1' p2 | |U_a|=1 |U_b|=1 common=0 | u=x0 x1 x2 x1 x2' x1' | v=x0 x1 x2 x0'
HCAND a=p1' p0 p1' | b=p1' p1' p2' | |U_a|=1 |U_b|=1 common=0 | u=x0 x1 x2 x1 x2' x1' | v=x0 x1 x2 x0'
HCAND a=p1' p0' p1' | b=p1' p1' p2 | |U_a|=1 |U_b|=1 common=0 | u=x0 x1 x2 x1 x2' x1' | v=x0 x1 x2 x0'
HCAND a=p1' p0' p1' | b=p1' p1' p2' | |U_a|=1 |U_b|=1 common=0 | u=x0 x1 x2 x1 x2' x1' | v=x0 x1 x2 x0'
HCAND a=p0 p1' | b=p1' p2 | |U_a|=1 |U_b|=1 common=0 | u=x0 x1 x2 x1 x2' x1' | v=x0 x1 x2 x0'
HCAND a=p0 p1' | b=p1' p2' | |U_a|=1 |U_b|=1 common=0 | u=x0 x1 x2 x1 x2' x1' | v=x0 x1 x2 x0'
HCAND a=p0 p1' | b=p1' p2 p2 | |U_a|=1 |U_b|=1 common=0 | u=x0 x1 x2 x1 x2' x1' | v=x0 x1 x2 x0'
HCAND a=p0 p1' | b=p1' p2' p2' | |U_a|=1 |U_b|=1 common=0 | u=x0 x1 x2 x1 x2' x1' | v=x0 x1 x2 x0'
HCAND a=p0' p1' | b=p1' p2 | |U_a|=1 |U_b|=1 common=0 | u=x0 x1 x2 x1 x2' x1' | v=x0 x1 x2 x0'
HCAND a=p0' p1' | b=p1' p2' | |U_a|=1 |U_b|=1 common=0 | u=x0 x1 x2 x1 x2' x1' | v=x0 x1 x2 x0'
HCAND a=p0' p1' | b=p1' p2 p2 | |U_a|=1 |U_b|=1 common=0 | u=x0 x1 x2 x1 x2' x1' | v=x0 x1 x2 x0'
HCAND a=p0' p1' | b=p1' p2' p2' | |U_a|=1 |U_b|=1 common=0 | u=x0 x1 x2 x1 x2' x1' | v=x0 x1 x2 x0'
HCAND a=p1' p2 | b=p0 p0 p1' | |U_a|=1 |U_b|=1 common=0 | u=x0 x1 x2 x0' | v=x0 x1 x2 x1 x2' x1'
HCAND a=p1' p2 | b=p0' p0' p1' | |U_a|=1 |U_b|=1 common=0 | u=x0 x1 x2 x0' | v=x0 x1 x2 x1 x2' x1'
HCAND a=p1' p2' | b=p0 p0 p1' | |U_a|=1 |U_b|=1 common=0 | u=x0 x1 x2 x0' | v=x0 x1 x2 x1 x2' x1'
HCAND a=p1' p2' | b=p0' p0' p1' | |U_a|=1 |U_b|=1 common=0 | u=x0 x1 x2 x0' | v=x0 x1 x2 x1 x2' x1'
HCAND a=p0 p0 p1' | b=p1' p2 p2 | |U_a|=1 |U_b|=1 common=0 | u=x0 x1 x2 x1 x2' x1' | v=x0 x1 x2 x0'
HCAND a=p0 p0 p1' | b=p1' p2' p2' | |U_a|=1 |U_b|=1 common=0 | u=x0 x1 x2 x1 x2' x1' | v=x0 x1 x2 x0'
HCAND a=p0' p0' p1' | b=p1' p2 p2 | |U_a|=1 |U_b|=1 common=0 | u=x0 x1 x2 x1 x2' x1' | v=x0 x1 x2 x0'
HCAND a=p0' p0' p1' | b=p1' p2' p2' | |U_a|=1 |U_b|=1 common=0 | u=x0 x1 x2 x1 x2' x1' | v=x0 x1 x2 x0'
HCAND a=p0' p1 | b=p0' p2 | |U_a|=1 |U_b|=1 common=0 | u=x0 x1 x2 x2 x2 x1' | v=x0 x1 x2 x2 x2 x0'
HCAND a=p0' p1 | b=p0' p2' | |U_a|=1 |U_b|=1 common=0 | u=x0 x1 x2 x2 x2 x1' | v=x0 x1 x2 x2 x2 x0'
HCAND a=p0' p1 | b=p0' p2 p2 | |U_a|=1 |U_b|=1 common=0 | u=x0 x1 x2 x2 x2 x1' | v=x0 x1 x2 x2 x2 x0'
HCAND a=p0' p1 | b=p0' p2' p2' | |U_a|=1 |U_b|=1 common=0 | u=x0 x1 x2 x2 x2 x1' | v=x0 x1 x2 x2 x2 x0'
HCAND a=p0' p1' | b=p0' p2 | |U_a|=1 |U_b|=1 common=0 | u=x0 x1 x2 x2 x2 x1' | v=x0 x1 x2 x2 x2 x0'
HCAND a=p0' p1' | b=p0' p2' | |U_a|=1 |U_b|=1 common=0 | u=x0 x1 x2 x2 x2 x1' | v=x0 x1 x2 x2 x2 x0'
HCAND a=p0' p1' | b=p0' p2 p2 | |U_a|=1 |U_b|=1 common=0 | u=x0 x1 x2 x2 x2 x1' | v=x0 x1 x2 x2 x2 x0'
HCAND a=p0' p1' | b=p0' p2' p2' | |U_a|=1 |U_b|=1 common=0 | u=x0 x1 x2 x2 x2 x1' | v=x0 x1 x2 x2 x2 x0'
HCAND a=p0' p2 | b=p0' p1 p1 | |U_a|=1 |U_b|=1 common=0 | u=x0 x1 x2 x2 x2 x0' | v=x0 x1 x2 x2 x2 x1'
HCAND a=p0' p2 | b=p0' p1' p1' | |U_a|=1 |U_b|=1 common=0 | u=x0 x1 x2 x2 x2 x0' | v=x0 x1 x2 x2 x2 x1'
HCAND a=p0' p2' | b=p0' p1 p1 | |U_a|=1 |U_b|=1 common=0 | u=x0 x1 x2 x2 x2 x0' | v=x0 x1 x2 x2 x2 x1'
HCAND a=p0' p2' | b=p0' p1' p1' | |U_a|=1 |U_b|=1 common=0 | u=x0 x1 x2 x2 x2 x0' | v=x0 x1 x2 x2 x2 x1'
HCAND a=p0' p1 p1 | b=p0' p2 p2 | |U_a|=1 |U_b|=1 common=0 | u=x0 x1 x2 x2 x2 x1' | v=x0 x1 x2 x2 x2 x0'
HCAND a=p0' p1 p1 | b=p0' p2' p2' | |U_a|=1 |U_b|=1 common=0 | u=x0 x1 x2 x2 x2 x1' | v=x0 x1 x2 x2 x2 x0'
HCAND a=p0' p1' p1' | b=p0' p2 p2 | |U_a|=1 |U_b|=1 common=0 | u=x0 x1 x2 x2 x2 x1' | v=x0 x1 x2 x2 x2 x0'
HCAND a=p0' p1' p1' | b=p0' p2' p2' | |U_a|=1 |U_b|=1 common=0 | u=x0 x1 x2 x2 x2 x1' | v=x0 x1 x2 x2 x2 x0'
HCAND a=p0' p0' p1 | b=p0' p0' p2 | |U_a|=1 |U_b|=1 common=0 | u=x0 x1 x2' x2' x2' x1' | v=x0 x1 x2' x2' x2' x0'
HCAND a=p0' p0' p1 | b=p0' p0' p2' | |U_a|=1 |U_b|=1 common=0 | u=x0 x1 x2' x2' x2' x1' | v=x0 x1 x2' x2' x2' x0'
HCAND a=p0' p0' p1' | b=p0' p0' p2 | |U_a|=1 |U_b|=1 common=0 | u=x0 x1 x2' x2' x2' x1' | v=x0 x1 x2' x2' x2' x0'
HCAND a=p0' p0' p1' | b=p0' p0' p2' | |U_a|=1 |U_b|=1 common=0 | u=x0 x1 x2' x2' x2' x1' | v=x0 x1 x2' x2' x2' x0'
HCAND a=p2' p0 p2' | b=p2' p1 p2' | |U_a|=1 |U_b|=1 common=0 | u=x0 x1 x2 x0' x2' x0' | v=x0 x1 x2 x0' x1' x0'
HCAND a=p2' p0 p2' | b=p2' p1' p2' | |U_a|=1 |U_b|=1 common=0 | u=x0 x1 x2 x0' x2' x0' | v=x0 x1 x2 x0' x1' x0'
HCAND a=p2' p0' p2' | b=p2' p1 p2' | |U_a|=1 |U_b|=1 common=0 | u=x0 x1 x2 x0' x2' x0' | v=x0 x1 x2 x0' x1' x0'
HCAND a=p2' p0' p2' | b=p2' p1' p2' | |U_a|=1 |U_b|=1 common=0 | u=x0 x1 x2 x0' x2' x0' | v=x0 x1 x2 x0' x1' x0'
HCAND a=p0 p1 | b=p0 p2 | |U_a|=1 |U_b|=1 common=0 | u=x0 x1 x2' x2' x2' x1' | v=x0 x1 x2' x2' x2' x0'
HCAND a=p0 p1 | b=p0 p2' | |U_a|=1 |U_b|=1 common=0 | u=x0 x1 x2' x2' x2' x1' | v=x0 x1 x2' x2' x2' x0'
HCAND a=p0 p1 | b=p0 p2 p2 | |U_a|=1 |U_b|=1 common=0 | u=x0 x1 x2' x2' x2' x1' | v=x0 x1 x2' x2' x2' x0'
HCAND a=p0 p1 | b=p0 p2' p2' | |U_a|=1 |U_b|=1 common=0 | u=x0 x1 x2' x2' x2' x1' | v=x0 x1 x2' x2' x2' x0'
HCAND a=p0 p1' | b=p0 p2 | |U_a|=1 |U_b|=1 common=0 | u=x0 x1 x2' x2' x2' x1' | v=x0 x1 x2' x2' x2' x0'
HCAND a=p0 p1' | b=p0 p2' | |U_a|=1 |U_b|=1 common=0 | u=x0 x1 x2' x2' x2' x1' | v=x0 x1 x2' x2' x2' x0'
HCAND a=p0 p1' | b=p0 p2 p2 | |U_a|=1 |U_b|=1 common=0 | u=x0 x1 x2' x2' x2' x1' | v=x0 x1 x2' x2' x2' x0'
HCAND a=p0 p1' | b=p0 p2' p2' | |U_a|=1 |U_b|=1 common=0 | u=x0 x1 x2' x2' x2' x1' | v=x0 x1 x2' x2' x2' x0'
HCAND a=p0 p2 | b=p0 p1 p1 | |U_a|=1 |U_b|=1 common=0 | u=x0 x1 x2' x2' x2' x0' | v=x0 x1 x2' x2' x2' x1'
HCAND a=p0 p2 | b=p0 p1' p1' | |U_a|=1 |U_b|=1 common=0 | u=x0 x1 x2' x2' x2' x0' | v=x0 x1 x2' x2' x2' x1'
HCAND a=p0 p2' | b=p0 p1 p1 | |U_a|=1 |U_b|=1 common=0 | u=x0 x1 x2' x2' x2' x0' | v=x0 x1 x2' x2' x2' x1'
HCAND a=p0 p2' | b=p0 p1' p1' | |U_a|=1 |U_b|=1 common=0 | u=x0 x1 x2' x2' x2' x0' | v=x0 x1 x2' x2' x2' x1'
HCAND a=p0 p1 p1 | b=p0 p2 p2 | |U_a|=1 |U_b|=1 common=0 | u=x0 x1 x2' x2' x2' x1' | v=x0 x1 x2' x2' x2' x0'
HCAND a=p0 p1 p1 | b=p0 p2' p2' | |U_a|=1 |U_b|=1 common=0 | u=x0 x1 x2' x2' x2' x1' | v=x0 x1 x2' x2' x2' x0'
HCAND a=p0 p1' p1' | b=p0 p2 p2 | |U_a|=1 |U_b|=1 common=0 | u=x0 x1 x2' x2' x2' x1' | v=x0 x1 x2' x2' x2' x0'
HCAND a=p0 p1' p1' | b=p0 p2' p2' | |U_a|=1 |U_b|=1 common=0 | u=x0 x1 x2' x2' x2' x1' | v=x0 x1 x2' x2' x2' x0'
HCAND a=p0' p1 | b=p0' p2 | |U_a|=1 |U_b|=1 common=0 | u=x0 x1 x2' x2' x2' x1' | v=x0 x1 x2' x2' x2' x0'
HCAND a=p0' p1 | b=p0' p2' | |U_a|=1 |U_b|=1 common=0 | u=x0 x1 x2' x2' x2' x1' | v=x0 x1 x2' x2' x2' x0'
HCAND a=p0' p1 | b=p0' p2 p2 | |U_a|=1 |U_b|=1 common=0 | u=x0 x1 x2' x2' x2' x1' | v=x0 x1 x2' x2' x2' x0'
HCAND a=p0' p1 | b=p0' p2' p2' | |U_a|=1 |U_b|=1 common=0 | u=x0 x1 x2' x2' x2' x1' | v=x0 x1 x2' x2' x2' x0'
HCAND a=p0' p1' | b=p0' p2 | |U_a|=1 |U_b|=1 common=0 | u=x0 x1 x2' x2' x2' x1' | v=x0 x1 x2' x2' x2' x0'
HCAND a=p0' p1' | b=p0' p2' | |U_a|=1 |U_b|=1 common=0 | u=x0 x1 x2' x2' x2' x1' | v=x0 x1 x2' x2' x2' x0'
HCAND a=p0' p1' | b=p0' p2 p2 | |U_a|=1 |U_b|=1 common=0 | u=x0 x1 x2' x2' x2' x1' | v=x0 x1 x2' x2' x2' x0'
HCAND a=p0' p1' | b=p0' p2' p2' | |U_a|=1 |U_b|=1 common=0 | u=x0 x1 x2' x2' x2' x1' | v=x0 x1 x2' x2' x2' x0'
HCAND a=p0' p2 | b=p0' p1 p1 | |U_a|=1 |U_b|=1 common=0 | u=x0 x1 x2' x2' x2' x0' | v=x0 x1 x2' x2' x2' x1'
HCAND a=p0' p2 | b=p0' p1' p1' | |U_a|=1 |U_b|=1 common=0 | u=x0 x1 x2' x2' x2' x0' | v=x0 x1 x2' x2' x2' x1'
HCAND a=p0' p2' | b=p0' p1 p1 | |U_a|=1 |U_b|=1 common=0 | u=x0 x1 x2' x2' x2' x0' | v=x0 x1 x2' x2' x2' x1'
HCAND a=p0' p2' | b=p0' p1' p1' | |U_a|=1 |U_b|=1 common=0 | u=x0 x1 x2' x2' x2' x0' | v=x0 x1 x2' x2' x2' x1'
HCAND a=p0' p1 p1 | b=p0' p2 p2 | |U_a|=1 |U_b|=1 common=0 | u=x0 x1 x2' x2' x2' x1' | v=x0 x1 x2' x2' x2' x0'
HCAND a=p0' p1 p1 | b=p0' p2' p2' | |U_a|=1 |U_b|=1 common=0 | u=x0 x1 x2' x2' x2' x1' | v=x0 x1 x2' x2' x2' x0'
HCAND a=p0' p1' p1' | b=p0' p2 p2 | |U_a|=1 |U_b|=1 common=0 | u=x0 x1 x2' x2' x2' x1' | v=x0 x1 x2' x2' x2' x0'
HCAND a=p0' p1' p1' | b=p0' p2' p2' | |U_a|=1 |U_b|=1 common=0 | u=x0 x1 x2' x2' x2' x1' | v=x0 x1 x2' x2' x2' x0'
HCAND a=p0 p0 p1 | b=p0 p0 p2 | |U_a|=1 |U_b|=1 common=0 | u=x0 x1 x2 x2 x2 x1' | v=x0 x1 x2 x2 x2 x0'
HCAND a=p0 p0 p1 | b=p0 p0 p2' | |U_a|=1 |U_b|=1 common=0 | u=x0 x1 x2 x2 x2 x1' | v=x0 x1 x2 x2 x2 x0'
HCAND a=p0 p0 p1' | b=p0 p0 p2 | |U_a|=1 |U_b|=1 common=0 | u=x0 x1 x2 x2 x2 x1' | v=x0 x1 x2 x2 x2 x0'
HCAND a=p0 p0 p1' | b=p0 p0 p2' | |U_a|=1 |U_b|=1 common=0 | u=x0 x1 x2 x2 x2 x1' | v=x0 x1 x2 x2 x2 x0'
HCAND a=p0 p2' | b=p1 p2' | |U_a|=1 |U_b|=1 common=0 | u=x0 x1 x2 x0 x2' x0' | v=x0 x1 x2 x0 x1' x0'
HCAND a=p0 p2' | b=p1' p2' | |U_a|=1 |U_b|=1 common=0 | u=x0 x1 x2 x0 x2' x0' | v=x0 x1 x2 x0 x1' x0'
HCAND a=p0 p2' | b=p1 p1 p2' | |U_a|=1 |U_b|=1 common=0 | u=x0 x1 x2 x0 x2' x0' | v=x0 x1 x2 x0 x1' x0'
HCAND a=p0 p2' | b=p1' p1' p2' | |U_a|=1 |U_b|=1 common=0 | u=x0 x1 x2 x0 x2' x0' | v=x0 x1 x2 x0 x1' x0'
HCAND a=p0' p2' | b=p1 p2' | |U_a|=1 |U_b|=1 common=0 | u=x0 x1 x2 x0 x2' x0' | v=x0 x1 x2 x0 x1' x0'
HCAND a=p0' p2' | b=p1' p2' | |U_a|=1 |U_b|=1 common=0 | u=x0 x1 x2 x0 x2' x0' | v=x0 x1 x2 x0 x1' x0'
HCAND a=p0' p2' | b=p1 p1 p2' | |U_a|=1 |U_b|=1 common=0 | u=x0 x1 x2 x0 x2' x0' | v=x0 x1 x2 x0 x1' x0'
HCAND a=p0' p2' | b=p1' p1' p2' | |U_a|=1 |U_b|=1 common=0 | u=x0 x1 x2 x0 x2' x0' | v=x0 x1 x2 x0 x1' x0'
HCAND a=p1 p2' | b=p0 p0 p2' | |U_a|=1 |U_b|=1 common=0 | u=x0 x1 x2 x0 x1' x0' | v=x0 x1 x2 x0 x2' x0'
HCAND a=p1 p2' | b=p0' p0' p2' | |U_a|=1 |U_b|=1 common=0 | u=x0 x1 x2 x0 x1' x0' | v=x0 x1 x2 x0 x2' x0'
HCAND a=p1' p2' | b=p0 p0 p2' | |U_a|=1 |U_b|=1 common=0 | u=x0 x1 x2 x0 x1' x0' | v=x0 x1 x2 x0 x2' x0'
HCAND a=p1' p2' | b=p0' p0' p2' | |U_a|=1 |U_b|=1 common=0 | u=x0 x1 x2 x0 x1' x0' | v=x0 x1 x2 x0 x2' x0'
HCAND a=p0 p0 p2' | b=p1 p1 p2' | |U_a|=1 |U_b|=1 common=0 | u=x0 x1 x2 x0 x2' x0' | v=x0 x1 x2 x0 x1' x0'
HCAND a=p0 p0 p2' | b=p1' p1' p2' | |U_a|=1 |U_b|=1 common=0 | u=x0 x1 x2 x0 x2' x0' | v=x0 x1 x2 x0 x1' x0'
HCAND a=p0' p0' p2' | b=p1 p1 p2' | |U_a|=1 |U_b|=1 common=0 | u=x0 x1 x2 x0 x2' x0' | v=x0 x1 x2 x0 x1' x0'
HCAND a=p0' p0' p2' | b=p1' p1' p2' | |U_a|=1 |U_b|=1 common=0 | u=x0 x1 x2 x0 x2' x0' | v=x0 x1 x2 x0 x1' x0'
HCAND a=p1' p0 p1' | b=p1' p1' p2 | |U_a|=1 |U_b|=1 common=0 | u=x0 x1 x2 x1' x2' x1' | v=x0 x1 x2 x1' x1' x0'
HCAND a=p1' p0 p1' | b=p1' p1' p2' | |U_a|=1 |U_b|=1 common=0 | u=x0 x1 x2 x1' x2' x1' | v=x0 x1 x2 x1' x1' x0'
HCAND a=p1' p0' p1' | b=p1' p1' p2 | |U_a|=1 |U_b|=1 common=0 | u=x0 x1 x2 x1' x2' x1' | v=x0 x1 x2 x1' x1' x0'
HCAND a=p1' p0' p1' | b=p1' p1' p2' | |U_a|=1 |U_b|=1 common=0 | u=x0 x1 x2 x1' x2' x1' | v=x0 x1 x2 x1' x1' x0'
HCAND a=p0 p0 p1 | b=p0 p0 p2 | |U_a|=1 |U_b|=1 common=0 | u=x0 x1 x2' x2' x2' x1' | v=x0 x1 x2' x2' x2' x0'
HCAND a=p0 p0 p1 | b=p0 p0 p2' | |U_a|=1 |U_b|=1 common=0 | u=x0 x1 x2' x2' x2' x1' | v=x0 x1 x2' x2' x2' x0'
HCAND a=p0 p0 p1' | b=p0 p0 p2 | |U_a|=1 |U_b|=1 common=0 | u=x0 x1 x2' x2' x2' x1' | v=x0 x1 x2' x2' x2' x0'
HCAND a=p0 p0 p1' | b=p0 p0 p2' | |U_a|=1 |U_b|=1 common=0 | u=x0 x1 x2' x2' x2' x1' | v=x0 x1 x2' x2' x2' x0'
HCAND a=p0 p1' | b=p1' p2 | |U_a|=1 |U_b|=1 common=0 | u=x0 x1 x2 x1' x2' x1' | v=x0 x1 x2 x1' x1' x0'
HCAND a=p0 p1' | b=p1' p2' | |U_a|=1 |U_b|=1 common=0 | u=x0 x1 x2 x1' x2' x1' | v=x0 x1 x2 x1' x1' x0'
HCAND a=p0 p1' | b=p1' p2 p2 | |U_a|=1 |U_b|=1 common=0 | u=x0 x1 x2 x1' x2' x1' | v=x0 x1 x2 x1' x1' x0'
HCAND a=p0 p1' | b=p1' p2' p2' | |U_a|=1 |U_b|=1 common=0 | u=x0 x1 x2 x1' x2' x1' | v=x0 x1 x2 x1' x1' x0'
HCAND a=p0' p1' | b=p1' p2 | |U_a|=1 |U_b|=1 common=0 | u=x0 x1 x2 x1' x2' x1' | v=x0 x1 x2 x1' x1' x0'
HCAND a=p0' p1' | b=p1' p2' | |U_a|=1 |U_b|=1 common=0 | u=x0 x1 x2 x1' x2' x1' | v=x0 x1 x2 x1' x1' x0'
HCAND a=p0' p1' | b=p1' p2 p2 | |U_a|=1 |U_b|=1 common=0 | u=x0 x1 x2 x1' x2' x1' | v=x0 x1 x2 x1' x1' x0'
HCAND a=p0' p1' | b=p1' p2' p2' | |U_a|=1 |U_b|=1 common=0 | u=x0 x1 x2 x1' x2' x1' | v=x0 x1 x2 x1' x1' x0'
HCAND a=p1' p2 | b=p0 p0 p1' | |U_a|=1 |U_b|=1 common=0 | u=x0 x1 x2 x1' x1' x0' | v=x0 x1 x2 x1' x2' x1'
HCAND a=p1' p2 | b=p0' p0' p1' | |U_a|=1 |U_b|=1 common=0 | u=x0 x1 x2 x1' x1' x0' | v=x0 x1 x2 x1' x2' x1'
HCAND a=p1' p2' | b=p0 p0 p1' | |U_a|=1 |U_b|=1 common=0 | u=x0 x1 x2 x1' x1' x0' | v=x0 x1 x2 x1' x2' x1'
HCAND a=p1' p2' | b=p0' p0' p1' | |U_a|=1 |U_b|=1 common=0 | u=x0 x1 x2 x1' x1' x0' | v=x0 x1 x2 x1' x2' x1'
HCAND a=p0 p0 p1' | b=p1' p2 p2 | |U_a|=1 |U_b|=1 common=0 | u=x0 x1 x2 x1' x2' x1' | v=x0 x1 x2 x1' x1' x0'
HCAND a=p0 p0 p1' | b=p1' p2' p2' | |U_a|=1 |U_b|=1 common=0 | u=x0 x1 x2 x1' x2' x1' | v=x0 x1 x2 x1' x1' x0'
HCAND a=p0' p0' p1' | b=p1' p2 p2 | |U_a|=1 |U_b|=1 common=0 | u=x0 x1 x2 x1' x2' x1' | v=x0 x1 x2 x1' x1' x0'
HCAND a=p0' p0' p1' | b=p1' p2' p2' | |U_a|=1 |U_b|=1 common=0 | u=x0 x1 x2 x1' x2' x1' | v=x0 x1 x2 x1' x1' x0'
HCAND a=p2' p0 p2' | b=p2' p1 p2' | |U_a|=1 |U_b|=1 common=0 | u=x0 x1 x2 x0 x2' x0' | v=x0 x1 x2 x0 x1' x0'
HCAND a=p2' p0 p2' | b=p2' p1' p2' | |U_a|=1 |U_b|=1 common=0 | u=x0 x1 x2 x0 x2' x0' | v=x0 x1 x2 x0 x1' x0'
HCAND a=p2' p0' p2' | b=p2' p1 p2' | |U_a|=1 |U_b|=1 common=0 | u=x0 x1 x2 x0 x2' x0' | v=x0 x1 x2 x0 x1' x0'
HCAND a=p2' p0' p2' | b=p2' p1' p2' | |U_a|=1 |U_b|=1 common=0 | u=x0 x1 x2 x0 x2' x0' | v=x0 x1 x2 x0 x1' x0'
RESULT LA=3 LB=6 |FB|=187 |NB|=23437 unordered_pairs=17205 shared_classes=37488 tuples(unordered)=1300624 VCFAIL=18720 HBALL=18560 HCAND=160 hash_collisions=0  137 s

real	2m17.296s
user	0m19.856s
sys	0m0.157s
