candidates 182
CERT AAAtAAATAtaTaaataaT 19 levels [-1, 0] seq [(0, -3), (1, -3), (0, -1), (1, 1), (0, 3), (1, 2)] R1(g=1)[PEEL]
CERT AAAtAAATAtaaTaaataT 19 levels [-1, 0] seq [(0, -3), (1, -3), (0, -1), (1, 2), (0, 3), (1, 1)] R1(g=1)[PEEL]
CERT AAAtAAATatATaataaaT 19 levels [0, -1] seq [(0, -3), (1, -3), (0, 1), (1, -1), (0, 2), (1, 3)] R1(g=1)[PEEL]
CERT AAAtAAATataTataaT 17 levels [-1, 0] seq [(0, -3), (1, -3), (0, 1), (1, 1), (0, 1), (1, 2)] R1(g=1)[PEEL]
CERT AAAtAAATataTaataT 17 levels [0, -1] seq [(0, -3), (1, -3), (0, 1), (1, 1), (0, 2), (1, 1)] R1(g=1)[PEEL]
CERT AAAtAAATataTaataaaT 19 levels [0, 1] seq [(0, -3), (1, -3), (0, 1), (1, 1), (0, 2), (1, 3)] R1(g=1)[PEEL]
CERT AAAtAAATataTaaataaT 19 levels [1, 0] seq [(0, -3), (1, -3), (0, 1), (1, 1), (0, 3), (1, 2)] R1(g=1)[PEEL]
CERT AAAtAAATataaTaataaT 19 levels [0, 1] seq [(0, -3), (1, -3), (0, 1), (1, 2), (0, 2), (1, 2)] R1(g=1)[PEEL]
CERT AAAtAAATataaTaaataT 19 levels [1, 0] seq [(0, -3), (1, -3), (0, 1), (1, 2), (0, 3), (1, 1)] R1(g=1)[PEEL]
CERT AAAtAAATaatATataaaT 19 levels [0, -1] seq [(0, -3), (1, -3), (0, 2), (1, -1), (0, 1), (1, 3)] R1(g=1)[PEEL]
CERT AAAtAAATaataTataaaT 19 levels [0, 1] seq [(0, -3), (1, -3), (0, 2), (1, 1), (0, 1), (1, 3)] R1(g=1)[PEEL]
CERT AAAtAAATaataTaataaT 19 levels [1, 0] seq [(0, -3), (1, -3), (0, 2), (1, 1), (0, 2), (1, 2)] R1(g=1)[PEEL]
CERT AAAtAATAtaTaaataT 17 levels [-1, 0] seq [(0, -3), (1, -2), (0, -1), (1, 1), (0, 3), (1, 1)] R1(g=1)[PEEL]
CERT AAAtAATatAATaataaaT 19 levels [0, -1] seq [(0, -3), (1, -2), (0, 1), (1, -2), (0, 2), (1, 3)] R1(g=1)[PEEL]
CERT AAAtAATatATataTataT 19 levels [0, -1] seq [(0, -3), (1, -2), (0, 1), (1, -1), (0, 1), (1, 1), (0, 1), (1, 1)] R1(g=1)[PEEL]
CERT AAAtAATatATataaaT 17 levels [-1, 0] seq [(0, -3), (1, -2), (0, 1), (1, -1), (0, 1), (1, 3)] R1(g=1)[PEEL]
CERT AAAtAATatATaataaT 17 levels [0, -1] seq [(0, -3), (1, -2), (0, 1), (1, -1), (0, 2), (1, 2)] R1(g=1)[PEEL]
CERT AAAtAATataTatATataT 19 levels [0, -1] seq [(0, -3), (1, -2), (0, 1), (1, 1), (0, 1), (1, -1), (0, 1), (1, 1)] R1(g=1)[PEEL]
CERT AAAtAATataTataT 15 levels [-1, 0] seq [(0, -3), (1, -2), (0, 1), (1, 1), (0, 1), (1, 1)] R1(g=1)[PEEL]
CERT AAAtAATataTataTatAT 19 levels [0, -1] seq [(0, -3), (1, -2), (0, 1), (1, 1), (0, 1), (1, 1), (0, 1), (1, -1)] R1(g=1)[PEEL]
CERT AAAtAATataTataTataT 19 levels [0, 1] seq [(0, -3), (1, -2), (0, 1), (1, 1), (0, 1), (1, 1), (0, 1), (1, 1)] R1(g=1)[PEEL]
CERT AAAtAATataTaataaT 17 levels [0, 1] seq [(0, -3), (1, -2), (0, 1), (1, 1), (0, 2), (1, 2)] R1(g=1)[PEEL]
CERT AAAtAATataTaaataT 17 levels [1, 0] seq [(0, -3), (1, -2), (0, 1), (1, 1), (0, 3), (1, 1)] R1(g=1)[PEEL]
CERT AAAtAATataaTaatAT 17 levels [0, -1] seq [(0, -3), (1, -2), (0, 1), (1, 2), (0, 2), (1, -1)] R1(g=1)[PEEL]
CERT AAAtAATataaTaataT 17 levels [0, 1] seq [(0, -3), (1, -2), (0, 1), (1, 2), (0, 2), (1, 1)] R1(g=1)[PEEL]
CERT AAAtAATataaaTatAT 17 levels [-1, 0] seq [(0, -3), (1, -2), (0, 1), (1, 3), (0, 1), (1, -1)] R1(g=1)[PEEL]
CERT AAAtAATataaaTaatAAT 19 levels [0, -1] seq [(0, -3), (1, -2), (0, 1), (1, 3), (0, 2), (1, -2)] R1(g=1)[PEEL]
CERT AAAtAATaatAATataaaT 19 levels [0, -1] seq [(0, -3), (1, -2), (0, 2), (1, -2), (0, 1), (1, 3)] R1(g=1)[PEEL]
CERT AAAtAATaatATataaT 17 levels [0, -1] seq [(0, -3), (1, -2), (0, 2), (1, -1), (0, 1), (1, 2)] R1(g=1)[PEEL]
CERT AAAtAATaataTataaT 17 levels [0, 1] seq [(0, -3), (1, -2), (0, 2), (1, 1), (0, 1), (1, 2)] R1(g=1)[PEEL]
CERT AAAtAATaataTaataT 17 levels [1, 0] seq [(0, -3), (1, -2), (0, 2), (1, 1), (0, 2), (1, 1)] R1(g=1)[PEEL]
CERT AAAtAATaataaTatAT 17 levels [0, -1] seq [(0, -3), (1, -2), (0, 2), (1, 2), (0, 1), (1, -1)] R1(g=1)[PEEL]
CERT AAAtAATaataaTataT 17 levels [0, 1] seq [(0, -3), (1, -2), (0, 2), (1, 2), (0, 1), (1, 1)] R1(g=1)[PEEL]
CERT AAAtAATaaatATAtaaaT 19 levels [-1, 0] seq [(0, -3), (1, -2), (0, 3), (1, -1), (0, -1), (1, 3)] R1(g=1)[PEEL]
CERT AAAtAATaaatATataaaT 19 levels [1, 0] seq [(0, -3), (1, -2), (0, 3), (1, -1), (0, 1), (1, 3)] R1(g=1)[PEEL]
CERT AAAtAATaaataTAtaT 17 levels [-1, 0] seq [(0, -3), (1, -2), (0, 3), (1, 1), (0, -1), (1, 1)] R1(g=1)[PEEL]
CERT AAAtAATaaataTataT 17 levels [1, 0] seq [(0, -3), (1, -2), (0, 3), (1, 1), (0, 1), (1, 1)] R1(g=1)[PEEL]
CERT AAAtATAtATataTaataT 19 levels [-1, 0] seq [(0, -3), (1, -1), (0, -1), (1, -1), (0, 1), (1, 1), (0, 2), (1, 1)] R1(g=1)[PEEL]
CERT AAAtATAtATaataTataT 19 levels [-1, 0] seq [(0, -3), (1, -1), (0, -1), (1, -1), (0, 2), (1, 1), (0, 1), (1, 1)] R1(g=1)[PEEL]
CERT AAAtATAtaTatATaataT 19 levels [-1, 0] seq [(0, -3), (1, -1), (0, -1), (1, 1), (0, 1), (1, -1), (0, 2), (1, 1)] R1(g=1)[R1(g=1)[PEEL]]
CERT AAAtATAtaTataTaatAT 19 levels [-1, 0] seq [(0, -3), (1, -1), (0, -1), (1, 1), (0, 1), (1, 1), (0, 2), (1, -1)] R1(g=1)[PEEL]
CERT AAAtATAtaTaatATataT 19 levels [-1, 0] seq [(0, -3), (1, -1), (0, -1), (1, 1), (0, 2), (1, -1), (0, 1), (1, 1)] R1(g=1)[PEEL]
CERT AAAtATAtaTaataTatAT 19 levels [-1, 0] seq [(0, -3), (1, -1), (0, -1), (1, 1), (0, 2), (1, 1), (0, 1), (1, -1)] R1(g=1)[PEEL]
CERT AAAtATatAATataTataT 19 levels [0, -1] seq [(0, -3), (1, -1), (0, 1), (1, -2), (0, 1), (1, 1), (0, 1), (1, 1)] R1(g=1)[PEEL]
CERT AAAtATatAATataaaT 17 levels [-1, 0] seq [(0, -3), (1, -1), (0, 1), (1, -2), (0, 1), (1, 3)] R1(g=1)[PEEL]
CERT AAAtATatAATaataaT 17 levels [0, -1] seq [(0, -3), (1, -1), (0, 1), (1, -2), (0, 2), (1, 2)] R1(g=1)[PEEL]
CERT AAAtATatATAtaTaataT 19 levels [-1, 0] seq [(0, -3), (1, -1), (0, 1), (1, -1), (0, -1), (1, 1), (0, 2), (1, 1)] R1(g=1)[PEEL]
CERT AAAtATatATatATataaT 19 levels [0, -1] seq [(0, -3), (1, -1), (0, 1), (1, -1), (0, 1), (1, -1), (0, 1), (1, 2)] R1(g=1)[PEEL]
CERT AAAtATatATataTataaT 19 levels [0, 1] seq [(0, -3), (1, -1), (0, 1), (1, -1), (0, 1), (1, 1), (0, 1), (1, 2)] R1(g=1)[PEEL]
CERT AAAtATatATataTaataT 19 levels [1, 0] seq [(0, -3), (1, -1), (0, 1), (1, -1), (0, 1), (1, 1), (0, 2), (1, 1)] R1(g=1)[PEEL]
CERT AAAtATatATataaT 15 levels [-1, 0] seq [(0, -3), (1, -1), (0, 1), (1, -1), (0, 1), (1, 2)] R1(g=1)[PEEL]
CERT AAAtATatATataaTatAT 19 levels [0, -1] seq [(0, -3), (1, -1), (0, 1), (1, -1), (0, 1), (1, 2), (0, 1), (1, -1)] R1(g=1)[PEEL]
CERT AAAtATatATataaTataT 19 levels [0, 1] seq [(0, -3), (1, -1), (0, 1), (1, -1), (0, 1), (1, 2), (0, 1), (1, 1)] R1(g=1)[PEEL]
CERT AAAtATatATaataT 15 levels [0, -1] seq [(0, -3), (1, -1), (0, 1), (1, -1), (0, 2), (1, 1)] R1(g=1)[PEEL]
CERT AAAtATatATaataTAtaT 19 levels [-1, 0] seq [(0, -3), (1, -1), (0, 1), (1, -1), (0, 2), (1, 1), (0, -1), (1, 1)] R1(g=1)[PEEL]
CERT AAAtATatATaataTataT 19 levels [1, 0] seq [(0, -3), (1, -1), (0, 1), (1, -1), (0, 2), (1, 1), (0, 1), (1, 1)] R1(g=1)[PEEL]
CERT AAAtATataTAtATaataT 19 levels [-1, 0] seq [(0, -3), (1, -1), (0, 1), (1, 1), (0, -1), (1, -1), (0, 2), (1, 1)] R1(g=1)[R1(g=1)[PP]]
CERT AAAtATataTAtaTaatAT 19 levels [-1, 0] seq [(0, -3), (1, -1), (0, 1), (1, 1), (0, -1), (1, 1), (0, 2), (1, -1)] R1(g=1)[PEEL]
CERT AAAtATataTatAATataT 19 levels [0, -1] seq [(0, -3), (1, -1), (0, 1), (1, 1), (0, 1), (1, -2), (0, 1), (1, 1)] R1(g=1)[PEEL]
CERT AAAtATataTatATataaT 19 levels [0, 1] seq [(0, -3), (1, -1), (0, 1), (1, 1), (0, 1), (1, -1), (0, 1), (1, 2)] R1(g=1)[PEEL]
CERT AAAtATataTatATaataT 19 levels [1, 0] seq [(0, -3), (1, -1), (0, 1), (1, 1), (0, 1), (1, -1), (0, 2), (1, 1)] R1(g=1)[R1(g=1)[PP]]
CERT AAAtATataTataTaatAT 19 levels [1, 0] seq [(0, -3), (1, -1), (0, 1), (1, 1), (0, 1), (1, 1), (0, 2), (1, -1)] R1(g=1)[PEEL]
CERT AAAtATataTataaTatAT 19 levels [0, 1] seq [(0, -3), (1, -1), (0, 1), (1, 1), (0, 1), (1, 2), (0, 1), (1, -1)] R1(g=1)[PEEL]
CERT AAAtATataTaatAT 15 levels [0, -1] seq [(0, -3), (1, -1), (0, 1), (1, 1), (0, 2), (1, -1)] R1(g=1)[PP]
CERT AAAtATataTaatATAtaT 19 levels [-1, 0] seq [(0, -3), (1, -1), (0, 1), (1, 1), (0, 2), (1, -1), (0, -1), (1, 1)] R1(g=1)[PEEL]
CERT AAAtATataTaatATataT 19 levels [1, 0] seq [(0, -3), (1, -1), (0, 1), (1, 1), (0, 2), (1, -1), (0, 1), (1, 1)] R1(g=1)[PEEL]
CERT AAAtATataTaataT 15 levels [0, 1] seq [(0, -3), (1, -1), (0, 1), (1, 1), (0, 2), (1, 1)] R1(g=1)[PEEL]
CERT AAAtATataTaataTatAT 19 levels [1, 0] seq [(0, -3), (1, -1), (0, 1), (1, 1), (0, 2), (1, 1), (0, 1), (1, -1)] R1(g=1)[PP]
CERT AAAtATataaTatAT 15 levels [-1, 0] seq [(0, -3), (1, -1), (0, 1), (1, 2), (0, 1), (1, -1)] R1(g=1)[PEEL]
CERT AAAtATataaTatATataT 19 levels [0, 1] seq [(0, -3), (1, -1), (0, 1), (1, 2), (0, 1), (1, -1), (0, 1), (1, 1)] R1(g=1)[PEEL]
CERT AAAtATaatAAATataaaT 19 levels [0, -1] seq [(0, -3), (1, -1), (0, 2), (1, -3), (0, 1), (1, 3)] R1(g=1)[PEEL]
CERT AAAtATaatAATataaT 17 levels [0, -1] seq [(0, -3), (1, -1), (0, 2), (1, -2), (0, 1), (1, 2)] R1(g=1)[PEEL]
CERT AAAtATaatATAtaTataT 19 levels [-1, 0] seq [(0, -3), (1, -1), (0, 2), (1, -1), (0, -1), (1, 1), (0, 1), (1, 1)] R1(g=1)[PEEL]
CERT AAAtATaatATataT 15 levels [0, -1] seq [(0, -3), (1, -1), (0, 2), (1, -1), (0, 1), (1, 1)] R1(g=1)[PEEL]
CERT AAAtATaatATataTAtaT 19 levels [-1, 0] seq [(0, -3), (1, -1), (0, 2), (1, -1), (0, 1), (1, 1), (0, -1), (1, 1)] R1(g=1)[PEEL]
CERT AAAtATaatATataTataT 19 levels [1, 0] seq [(0, -3), (1, -1), (0, 2), (1, -1), (0, 1), (1, 1), (0, 1), (1, 1)] R1(g=1)[PEEL]
CERT AAAtATaatATaataaT 17 levels [1, 0] seq [(0, -3), (1, -1), (0, 2), (1, -1), (0, 2), (1, 2)] R1(g=1)[PEEL]
CERT AAAtATaataTAtATataT 19 levels [-1, 0] seq [(0, -3), (1, -1), (0, 2), (1, 1), (0, -1), (1, -1), (0, 1), (1, 1)] R1(g=1)[R1(g=1)[PP]]
CERT AAAtATaataTatATAtaT 19 levels [-1, 0] seq [(0, -3), (1, -1), (0, 2), (1, 1), (0, 1), (1, -1), (0, -1), (1, 1)] R1(g=1)[R1(g=1)[PEEL]]
CERT AAAtATaataTatATataT 19 levels [1, 0] seq [(0, -3), (1, -1), (0, 2), (1, 1), (0, 1), (1, -1), (0, 1), (1, 1)] R1(g=1)[R1(g=1)[PP]]
CERT AAAtATaataTataT 15 levels [0, 1] seq [(0, -3), (1, -1), (0, 2), (1, 1), (0, 1), (1, 1)] R1(g=1)[PEEL]
CERT AAAtATaataaTaatAT 17 levels [1, 0] seq [(0, -3), (1, -1), (0, 2), (1, 2), (0, 2), (1, -1)] R1(g=1)[PEEL]
CERT AAAtATaaatAATAtaaaT 19 levels [-1, 0] seq [(0, -3), (1, -1), (0, 3), (1, -2), (0, -1), (1, 3)] R1(g=1)[PEEL]
CERT AAAtATaaatATAtaaT 17 levels [-1, 0] seq [(0, -3), (1, -1), (0, 3), (1, -1), (0, -1), (1, 2)] R1(g=1)[PEEL]
CERT AAAtATaaatATataaT 17 levels [1, 0] seq [(0, -3), (1, -1), (0, 3), (1, -1), (0, 1), (1, 2)] R1(g=1)[PEEL]
CERT AAAtaTAtATatATaataT 19 levels [-1, 0] seq [(0, -3), (1, 1), (0, -1), (1, -1), (0, 1), (1, -1), (0, 2), (1, 1)] R1(g=1)[PEEL]
CERT AAAtaTAtATaatATataT 19 levels [-1, 0] seq [(0, -3), (1, 1), (0, -1), (1, -1), (0, 2), (1, -1), (0, 1), (1, 1)] R1(g=1)[PEEL]
CERT AAAtaTatAAATataaT 17 levels [-1, 0] seq [(0, -3), (1, 1), (0, 1), (1, -3), (0, 1), (1, 2)] R1(g=1)[PEEL]
CERT AAAtaTatAATatATataT 19 levels [0, -1] seq [(0, -3), (1, 1), (0, 1), (1, -2), (0, 1), (1, -1), (0, 1), (1, 1)] R1(g=1)[PEEL]
CERT AAAtaTatAATataT 15 levels [-1, 0] seq [(0, -3), (1, 1), (0, 1), (1, -2), (0, 1), (1, 1)] R1(g=1)[PEEL]
CERT AAAtaTatAATataTataT 19 levels [0, 1] seq [(0, -3), (1, 1), (0, 1), (1, -2), (0, 1), (1, 1), (0, 1), (1, 1)] R1(g=1)[PEEL]
CERT AAAtaTatAATaataaT 17 levels [0, 1] seq [(0, -3), (1, 1), (0, 1), (1, -2), (0, 2), (1, 2)] R1(g=1)[PEEL]
CERT AAAtaTatATAtATaataT 19 levels [-1, 0] seq [(0, -3), (1, 1), (0, 1), (1, -1), (0, -1), (1, -1), (0, 2), (1, 1)] R1(g=1)[PEEL]
CERT AAAtaTatATatATataaT 19 levels [0, 1] seq [(0, -3), (1, 1), (0, 1), (1, -1), (0, 1), (1, -1), (0, 1), (1, 2)] R1(g=1)[PEEL]
CERT AAAtaTatATatATaataT 19 levels [1, 0] seq [(0, -3), (1, 1), (0, 1), (1, -1), (0, 1), (1, -1), (0, 2), (1, 1)] R1(g=1)[PEEL]
CERT AAAtaTatATaatATataT 19 levels [1, 0] seq [(0, -3), (1, 1), (0, 1), (1, -1), (0, 2), (1, -1), (0, 1), (1, 1)] R1(g=1)[PP]
CERT AAAtaTatATaataT 15 levels [0, 1] seq [(0, -3), (1, 1), (0, 1), (1, -1), (0, 2), (1, 1)] R1(g=1)[PP]
CERT AAAtaTaatAAATaataaT 19 levels [1, 0] seq [(0, -3), (1, 1), (0, 2), (1, -3), (0, 2), (1, 2)] R1(g=1)[PEEL]
CERT AAAtaTaatAATataaT 17 levels [0, 1] seq [(0, -3), (1, 1), (0, 2), (1, -2), (0, 1), (1, 2)] R1(g=1)[PEEL]
CERT AAAtaTaatAATaataT 17 levels [1, 0] seq [(0, -3), (1, 1), (0, 2), (1, -2), (0, 2), (1, 1)] R1(g=1)[PEEL]
CERT AAtAATAtATataTataaT 19 levels [-1, 0] seq [(0, -2), (1, -2), (0, -1), (1, -1), (0, 1), (1, 1), (0, 1), (1, 2)] R1(g=1)[PEEL]
CERT AAtAATAtATataTaataT 19 levels [0, -1] seq [(0, -2), (1, -2), (0, -1), (1, -1), (0, 1), (1, 1), (0, 2), (1, 1)] R1(g=1)[PEEL]
CERT AAtAATAtATataaTataT 19 levels [-1, 0] seq [(0, -2), (1, -2), (0, -1), (1, -1), (0, 1), (1, 2), (0, 1), (1, 1)] R1(g=1)[PEEL]
CERT AAtAATAtATaataTataT 19 levels [0, -1] seq [(0, -2), (1, -2), (0, -1), (1, -1), (0, 2), (1, 1), (0, 1), (1, 1)] R1(g=1)[PEEL]
CERT AAtAATAtaTatATataaT 19 levels [-1, 0] seq [(0, -2), (1, -2), (0, -1), (1, 1), (0, 1), (1, -1), (0, 1), (1, 2)] R1(g=1)[PEEL]
CERT AAtAATAtaTatATaataT 19 levels [0, -1] seq [(0, -2), (1, -2), (0, -1), (1, 1), (0, 1), (1, -1), (0, 2), (1, 1)] R1(g=1)[PEEL]
CERT AAtAATAtaTataTaatAT 19 levels [0, -1] seq [(0, -2), (1, -2), (0, -1), (1, 1), (0, 1), (1, 1), (0, 2), (1, -1)] R1(g=1)[PEEL]
CERT AAtAATAtaTataTaataT 19 levels [0, 1] seq [(0, -2), (1, -2), (0, -1), (1, 1), (0, 1), (1, 1), (0, 2), (1, 1)] R1(g=1)[PEEL]
CERT AAtAATAtaTataaTatAT 19 levels [-1, 0] seq [(0, -2), (1, -2), (0, -1), (1, 1), (0, 1), (1, 2), (0, 1), (1, -1)] R1(g=1)[PEEL]
CERT AAtAATAtaTaatATataT 19 levels [0, -1] seq [(0, -2), (1, -2), (0, -1), (1, 1), (0, 2), (1, -1), (0, 1), (1, 1)] R1(g=1)[PEEL]
CERT AAtAATAtaTaataT 15 levels [-1, 0] seq [(0, -2), (1, -2), (0, -1), (1, 1), (0, 2), (1, 1)] R1(g=1)[PEEL]
CERT AAtAATAtaTaataTataT 19 levels [0, 1] seq [(0, -2), (1, -2), (0, -1), (1, 1), (0, 2), (1, 1), (0, 1), (1, 1)] R1(g=1)[PEEL]
CERT AAtAATAtaaTatATataT 19 levels [-1, 0] seq [(0, -2), (1, -2), (0, -1), (1, 2), (0, 1), (1, -1), (0, 1), (1, 1)] R1(g=1)[PEEL]
CERT AAtAATatATAtaTataaT 19 levels [-1, 0] seq [(0, -2), (1, -2), (0, 1), (1, -1), (0, -1), (1, 1), (0, 1), (1, 2)] R1(g=1)[PEEL]
CERT AAtAATatATAtaTaataT 19 levels [0, -1] seq [(0, -2), (1, -2), (0, 1), (1, -1), (0, -1), (1, 1), (0, 2), (1, 1)] R1(g=1)[PEEL]
CERT AAtAATatATAtaaTataT 19 levels [-1, 0] seq [(0, -2), (1, -2), (0, 1), (1, -1), (0, -1), (1, 2), (0, 1), (1, 1)] R1(g=1)[PEEL]
CERT AAtAATatATataTAtaaT 19 levels [-1, 0] seq [(0, -2), (1, -2), (0, 1), (1, -1), (0, 1), (1, 1), (0, -1), (1, 2)] R1(g=1)[PEEL]
CERT AAtAATatATataTataaT 19 levels [1, 0] seq [(0, -2), (1, -2), (0, 1), (1, -1), (0, 1), (1, 1), (0, 1), (1, 2)] R1(g=1)[PEEL]
CERT AAtAATatATataaT 15 levels [0, -1] seq [(0, -2), (1, -2), (0, 1), (1, -1), (0, 1), (1, 2)] R1(g=1)[PEEL]
CERT AAtAATatATataaTAtaT 19 levels [-1, 0] seq [(0, -2), (1, -2), (0, 1), (1, -1), (0, 1), (1, 2), (0, -1), (1, 1)] R1(g=1)[PEEL]
CERT AAtAATatATataaTataT 19 levels [1, 0] seq [(0, -2), (1, -2), (0, 1), (1, -1), (0, 1), (1, 2), (0, 1), (1, 1)] R1(g=1)[PEEL]
CERT AAtAATataTAtATataaT 19 levels [-1, 0] seq [(0, -2), (1, -2), (0, 1), (1, 1), (0, -1), (1, -1), (0, 1), (1, 2)] R1(g=1)[PEEL]
CERT AAtAATataTAtATaataT 19 levels [0, -1] seq [(0, -2), (1, -2), (0, 1), (1, 1), (0, -1), (1, -1), (0, 2), (1, 1)] R1(g=1)[PEEL]
CERT AAtAATataTAtaTaataT 19 levels [0, 1] seq [(0, -2), (1, -2), (0, 1), (1, 1), (0, -1), (1, 1), (0, 2), (1, 1)] R1(g=1)[PEEL]
CERT AAtAATataTatATAtaaT 19 levels [-1, 0] seq [(0, -2), (1, -2), (0, 1), (1, 1), (0, 1), (1, -1), (0, -1), (1, 2)] R1(g=1)[PEEL]
CERT AAtAATataTatATataaT 19 levels [1, 0] seq [(0, -2), (1, -2), (0, 1), (1, 1), (0, 1), (1, -1), (0, 1), (1, 2)] R1(g=1)[PEEL]
CERT AAtAATataTataaT 15 levels [0, 1] seq [(0, -2), (1, -2), (0, 1), (1, 1), (0, 1), (1, 2)] R1(g=1)[PEEL]
CERT AAtAATataTaataT 15 levels [1, 0] seq [(0, -2), (1, -2), (0, 1), (1, 1), (0, 2), (1, 1)] R1(g=1)[PEEL]
CERT AAtATAAtATataTaataT 19 levels [-1, 0] seq [(0, -2), (1, -1), (0, -2), (1, -1), (0, 1), (1, 1), (0, 2), (1, 1)] R1(g=1)[PEEL]
CERT AAtATAAtATaataTataT 19 levels [-1, 0] seq [(0, -2), (1, -1), (0, -2), (1, -1), (0, 2), (1, 1), (0, 1), (1, 1)] R1(g=1)[PEEL]
CERT AAtATAAtaTatATaataT 19 levels [-1, 0] seq [(0, -2), (1, -1), (0, -2), (1, 1), (0, 1), (1, -1), (0, 2), (1, 1)] R1(g=1)[PEEL]
CERT AAtATAtAATataTataaT 19 levels [-1, 0] seq [(0, -2), (1, -1), (0, -1), (1, -2), (0, 1), (1, 1), (0, 1), (1, 2)] R1(g=1)[PEEL]
CERT AAtATAtAATataTaataT 19 levels [0, -1] seq [(0, -2), (1, -1), (0, -1), (1, -2), (0, 1), (1, 1), (0, 2), (1, 1)] R1(g=1)[PEEL]
CERT AAtATAtATataTataT 17 levels [-1, 0] seq [(0, -2), (1, -1), (0, -1), (1, -1), (0, 1), (1, 1), (0, 1), (1, 1)] R1(g=1)[PEEL]
CERT AAtATAtATaatATataaT 19 levels [0, -1] seq [(0, -2), (1, -1), (0, -1), (1, -1), (0, 2), (1, -1), (0, 1), (1, 2)] R1(g=1)[PEEL]
CERT AAtATAtaTatAATataaT 19 levels [-1, 0] seq [(0, -2), (1, -1), (0, -1), (1, 1), (0, 1), (1, -2), (0, 1), (1, 2)] R1(g=1)[PEEL]
CERT AAtATAtaTatAATaataT 19 levels [0, -1] seq [(0, -2), (1, -1), (0, -1), (1, 1), (0, 1), (1, -2), (0, 2), (1, 1)] R1(g=1)[PEEL]
CERT AAtATAtaTatATataT 17 levels [-1, 0] seq [(0, -2), (1, -1), (0, -1), (1, 1), (0, 1), (1, -1), (0, 1), (1, 1)] R1(g=1)[PEEL]
CERT AAtATAtaTataTatAT 17 levels [-1, 0] seq [(0, -2), (1, -1), (0, -1), (1, 1), (0, 1), (1, 1), (0, 1), (1, -1)] R1(g=1)[PEEL]
CERT AAtATAtaTaatAATataT 19 levels [0, -1] seq [(0, -2), (1, -1), (0, -1), (1, 1), (0, 2), (1, -2), (0, 1), (1, 1)] R1(g=1)[PEEL]
CERT AAtATAtaTaatATataaT 19 levels [0, 1] seq [(0, -2), (1, -1), (0, -1), (1, 1), (0, 2), (1, -1), (0, 1), (1, 2)] R1(g=1)[PEEL]
CERT AAtATAtaTaatATaataT 19 levels [1, 0] seq [(0, -2), (1, -1), (0, -1), (1, 1), (0, 2), (1, -1), (0, 2), (1, 1)] R1(g=1)[PEEL]
CERT AAtATAtaaTatAATataT 19 levels [-1, 0] seq [(0, -2), (1, -1), (0, -1), (1, 2), (0, 1), (1, -2), (0, 1), (1, 1)] R1(g=1)[PEEL]
CERT AAtATAtaaTatATaatAT 19 levels [0, -1] seq [(0, -2), (1, -1), (0, -1), (1, 2), (0, 1), (1, -1), (0, 2), (1, -1)] R1(g=1)[PEEL]
CERT AAtATAtaaTatATaataT 19 levels [0, 1] seq [(0, -2), (1, -1), (0, -1), (1, 2), (0, 1), (1, -1), (0, 2), (1, 1)] R1(g=1)[PEEL]
CERT AAtATatAATAtaTaataT 19 levels [0, -1] seq [(0, -2), (1, -1), (0, 1), (1, -2), (0, -1), (1, 1), (0, 2), (1, 1)] R1(g=1)[PEEL]
CERT AAtATatAATataTAtaaT 19 levels [-1, 0] seq [(0, -2), (1, -1), (0, 1), (1, -2), (0, 1), (1, 1), (0, -1), (1, 2)] R1(g=1)[PEEL]
CERT AAtATatAATataaT 15 levels [0, -1] seq [(0, -2), (1, -1), (0, 1), (1, -2), (0, 1), (1, 2)] R1(g=1)[PEEL]
CERT AAtATatAATataaTAtaT 19 levels [-1, 0] seq [(0, -2), (1, -1), (0, 1), (1, -2), (0, 1), (1, 2), (0, -1), (1, 1)] R1(g=1)[PEEL]
CERT AAtATatAATaataTAtaT 19 levels [0, -1] seq [(0, -2), (1, -1), (0, 1), (1, -2), (0, 2), (1, 1), (0, -1), (1, 1)] R1(g=1)[PEEL]
CERT AAtATatATAAtaTaataT 19 levels [-1, 0] seq [(0, -2), (1, -1), (0, 1), (1, -1), (0, -2), (1, 1), (0, 2), (1, 1)] R1(g=1)[PEEL]
CERT AAtATatATAtaTataT 17 levels [-1, 0] seq [(0, -2), (1, -1), (0, 1), (1, -1), (0, -1), (1, 1), (0, 1), (1, 1)] R1(g=1)[PEEL]
CERT AAtATatATataT 13 levels [0, -1] seq [(0, -2), (1, -1), (0, 1), (1, -1), (0, 1), (1, 1)] R1(g=1)[PEEL]
CERT AAtATatATataTAtaT 17 levels [-1, 0] seq [(0, -2), (1, -1), (0, 1), (1, -1), (0, 1), (1, 1), (0, -1), (1, 1)] R1(g=1)[PEEL]
CERT AAtATatATataTataT 17 levels [1, 0] seq [(0, -2), (1, -1), (0, 1), (1, -1), (0, 1), (1, 1), (0, 1), (1, 1)] R1(g=1)[PEEL]
CERT AAtATatATaatATAtaaT 19 levels [0, -1] seq [(0, -2), (1, -1), (0, 1), (1, -1), (0, 2), (1, -1), (0, -1), (1, 2)] R1(g=1)[PEEL]
CERT AAtATatATaataTAAtaT 19 levels [-1, 0] seq [(0, -2), (1, -1), (0, 1), (1, -1), (0, 2), (1, 1), (0, -2), (1, 1)] R1(g=1)[PEEL]
CERT AAtATataTAAtATaataT 19 levels [-1, 0] seq [(0, -2), (1, -1), (0, 1), (1, 1), (0, -2), (1, -1), (0, 2), (1, 1)] R1(g=1)[PEEL]
CERT AAtATataTAAtaTaatAT 19 levels [-1, 0] seq [(0, -2), (1, -1), (0, 1), (1, 1), (0, -2), (1, 1), (0, 2), (1, -1)] R1(g=1)[PEEL]
CERT AAtATataTAtAATataaT 19 levels [-1, 0] seq [(0, -2), (1, -1), (0, 1), (1, 1), (0, -1), (1, -2), (0, 1), (1, 2)] R1(g=1)[PEEL]
CERT AAtATataTAtATataT 17 levels [-1, 0] seq [(0, -2), (1, -1), (0, 1), (1, 1), (0, -1), (1, -1), (0, 1), (1, 1)] R1(g=1)[PEEL]
CERT AAtATataTAtaTatAT 17 levels [-1, 0] seq [(0, -2), (1, -1), (0, 1), (1, 1), (0, -1), (1, 1), (0, 1), (1, -1)] R1(g=1)[PEEL]
CERT AAtATataTatAATAtaaT 19 levels [-1, 0] seq [(0, -2), (1, -1), (0, 1), (1, 1), (0, 1), (1, -2), (0, -1), (1, 2)] R1(g=1)[PEEL]
CERT AAtATataTatAATataaT 19 levels [1, 0] seq [(0, -2), (1, -1), (0, 1), (1, 1), (0, 1), (1, -2), (0, 1), (1, 2)] R1(g=1)[PEEL]
CERT AAtATataTatAT 13 levels [0, -1] seq [(0, -2), (1, -1), (0, 1), (1, 1), (0, 1), (1, -1)] R1(g=1)[PP]
CERT AAtATataTatATAtaT 17 levels [-1, 0] seq [(0, -2), (1, -1), (0, 1), (1, 1), (0, 1), (1, -1), (0, -1), (1, 1)] R1(g=1)[PEEL]
CERT AAtATataTatATataT 17 levels [1, 0] seq [(0, -2), (1, -1), (0, 1), (1, 1), (0, 1), (1, -1), (0, 1), (1, 1)] R1(g=1)[PEEL]
CERT AAtATataTataT 13 levels [0, 1] seq [(0, -2), (1, -1), (0, 1), (1, 1), (0, 1), (1, 1)] R1(g=1)[PEEL]
CERT AAtATataTataTatAT 17 levels [1, 0] seq [(0, -2), (1, -1), (0, 1), (1, 1), (0, 1), (1, 1), (0, 1), (1, -1)] R1(g=1)[PP]
CERT AAtATataaTAtAATataT 19 levels [-1, 0] seq [(0, -2), (1, -1), (0, 1), (1, 2), (0, -1), (1, -2), (0, 1), (1, 1)] R1(g=1)[PEEL]
CERT AAtATataaTAtATaatAT 19 levels [0, -1] seq [(0, -2), (1, -1), (0, 1), (1, 2), (0, -1), (1, -1), (0, 2), (1, -1)] R1(g=1)[PEEL]
CERT AAtATaatAATataTAtaT 19 levels [0, -1] seq [(0, -2), (1, -1), (0, 2), (1, -2), (0, 1), (1, 1), (0, -1), (1, 1)] R1(g=1)[PEEL]
CERT AAtATaatATAAtaTataT 19 levels [-1, 0] seq [(0, -2), (1, -1), (0, 2), (1, -1), (0, -2), (1, 1), (0, 1), (1, 1)] R1(g=1)[PEEL]
CERT AAtATaatATAtaaT 15 levels [-1, 0] seq [(0, -2), (1, -1), (0, 2), (1, -1), (0, -1), (1, 2)] R1(g=1)[PEEL]
CERT AAtATaatATatATAtaaT 19 levels [0, -1] seq [(0, -2), (1, -1), (0, 2), (1, -1), (0, 1), (1, -1), (0, -1), (1, 2)] R1(g=1)[PEEL]
CERT AAtATaatATataTAAtaT 19 levels [-1, 0] seq [(0, -2), (1, -1), (0, 2), (1, -1), (0, 1), (1, 1), (0, -2), (1, 1)] R1(g=1)[PEEL]
CERT AAtATaatATataTAtaaT 19 levels [0, 1] seq [(0, -2), (1, -1), (0, 2), (1, -1), (0, 1), (1, 1), (0, -1), (1, 2)] R1(g=1)[PEEL]
CERT AAtaTAtATatATataT 17 levels [-1, 0] seq [(0, -2), (1, 1), (0, -1), (1, -1), (0, 1), (1, -1), (0, 1), (1, 1)] R1(g=1)[PEEL]
CERT AAtaTAtATaatAATataT 19 levels [0, -1] seq [(0, -2), (1, 1), (0, -1), (1, -1), (0, 2), (1, -2), (0, 1), (1, 1)] R1(g=1)[PEEL]
CERT AAtaTatATAtATataT 17 levels [-1, 0] seq [(0, -2), (1, 1), (0, 1), (1, -1), (0, -1), (1, -1), (0, 1), (1, 1)] R1(g=1)[PEEL]
CERT AAtaTatATatATataT 17 levels [1, 0] seq [(0, -2), (1, 1), (0, 1), (1, -1), (0, 1), (1, -1), (0, 1), (1, 1)] R1(g=1)[PP]
CERT AAtaTatATataT 13 levels [0, 1] seq [(0, -2), (1, 1), (0, 1), (1, -1), (0, 1), (1, 1)] R1(g=1)[PP]
