5 control block123 (D=1) 0 [[0, 1, 8], [0, 1, 8]] d = 2 M_d level 0 0.0s
5 control rows-zero L_[5] (D=2) 0 [[0, 0, 2], [0, 0, 2]] d = 1 M_d level 1 0.0s
6 control blocks123,456 (D=2) 0 [[0, 0, 1, 11], [0, 0, 1, 11]] d = 3 M_d level 0 0.3s
5 generic 0 [[0, 0, 0], [0, 0, 0]] d = 0 M_d level 2 0.3s
5 generic 1 [[0, 0, 0], [0, 0, 0]] d = 0 M_d level 2 0.3s
5 generic 2 [[0, 0, 0], [0, 0, 0]] d = 0 M_d level 2 0.4s
5 c12=0 0 [[0, 0, 0], [0, 0, 0]] d = 1 M_d level 1 0.4s
5 c12=0 1 [[0, 0, 0], [0, 0, 0]] d = 1 M_d level 1 0.4s
5 c12=0 2 [[0, 0, 0], [0, 0, 0]] d = 1 M_d level 1 0.4s
5 c123=0 0 [[0, 0, 0], [0, 0, 0]] d = 1 M_d level 1 0.5s
5 c123=0 1 [[0, 0, 0], [0, 0, 0]] d = 1 M_d level 1 0.5s
5 c123=0 2 [[0, 0, 0], [0, 0, 0]] d = 1 M_d level 1 0.5s
5 c1234=0 0 [[0, 0, 0], [0, 0, 0]] d = 1 M_d level 1 0.5s
5 c1234=0 1 [[0, 0, 0], [0, 0, 0]] d = 1 M_d level 1 0.6s
5 c1234=0 2 [[0, 0, 0], [0, 0, 0]] d = 1 M_d level 1 0.6s
5 c12=c34=0 0 [[0, 0, 0], [0, 0, 0]] d = 2 M_d level 0 0.6s
5 c12=c34=0 1 [[0, 0, 0], [0, 0, 0]] d = 2 M_d level 0 0.6s
5 c12=c34=0 2 [[0, 0, 0], [0, 0, 0]] d = 2 M_d level 0 0.7s
5 c12=c123=0 0 [[0, 0, 0], [0, 0, 0]] d = 2 M_d level 0 0.7s
5 c12=c123=0 1 [[0, 0, 0], [0, 0, 0]] d = 2 M_d level 0 0.7s
5 c12=c123=0 2 [[0, 0, 0], [0, 0, 0]] d = 2 M_d level 0 0.7s
5 c12=c345=0 0 [[0, 0, 0], [0, 0, 0]] d = 2 M_d level 0 0.8s
5 c12=c345=0 1 [[0, 0, 0], [0, 0, 0]] d = 2 M_d level 0 0.8s
5 c12=c345=0 2 [[0, 0, 0], [0, 0, 0]] d = 2 M_d level 0 0.8s
5 c123=c345=0 0 [[0, 0, 0], [0, 0, 0]] d = 1 M_d level 1 0.8s
5 c123=c345=0 1 [[0, 0, 0], [0, 0, 0]] d = 1 M_d level 1 0.9s
5 c123=c345=0 2 [[0, 0, 0], [0, 0, 0]] d = 1 M_d level 1 0.9s
6 generic 0 [[0, 0, 0, 0], [0, 0, 0, 0]] d = 0 M_d level 3 1.7s
6 generic 1 [[0, 0, 0, 0], [0, 0, 0, 0]] d = 0 M_d level 3 2.5s
6 generic 2 [[0, 0, 0, 0], [0, 0, 0, 0]] d = 0 M_d level 3 3.3s
6 c12=0 0 [[0, 0, 0, 0], [0, 0, 0, 0]] d = 1 M_d level 2 4.1s
6 c12=0 1 [[0, 0, 0, 0], [0, 0, 0, 0]] d = 1 M_d level 2 4.9s
6 c12=0 2 [[0, 0, 0, 0], [0, 0, 0, 0]] d = 1 M_d level 2 5.8s
6 c123=0 0 [[0, 0, 0, 0], [0, 0, 0, 0]] d = 1 M_d level 2 6.6s
6 c123=0 1 [[0, 0, 0, 0], [0, 0, 0, 0]] d = 1 M_d level 2 7.4s
6 c123=0 2 [[0, 0, 0, 0], [0, 0, 0, 0]] d = 1 M_d level 2 8.3s
6 c1234=0 0 [[0, 0, 0, 0], [0, 0, 0, 0]] d = 1 M_d level 2 9.0s
6 c1234=0 1 [[0, 0, 0, 0], [0, 0, 0, 0]] d = 1 M_d level 2 9.8s
6 c1234=0 2 [[0, 0, 0, 0], [0, 0, 0, 0]] d = 1 M_d level 2 10.6s
6 c12=c34=0 0 [[0, 0, 0, 0], [0, 0, 0, 0]] d = 2 M_d level 1 11.4s
6 c12=c34=0 1 [[0, 0, 0, 0], [0, 0, 0, 0]] d = 2 M_d level 1 12.2s
6 c12=c34=0 2 [[0, 0, 0, 0], [0, 0, 0, 0]] d = 2 M_d level 1 12.9s
6 c12=c123=0 0 [[0, 0, 0, 0], [0, 0, 0, 0]] d = 2 M_d level 1 13.7s
6 c12=c123=0 1 [[0, 0, 0, 0], [0, 0, 0, 0]] d = 2 M_d level 1 14.5s
6 c12=c123=0 2 [[0, 0, 0, 0], [0, 0, 0, 0]] d = 2 M_d level 1 15.3s
6 c123=c456=0 0 [[0, 0, 0, 0], [0, 0, 0, 0]] d = 2 M_d level 1 16.0s
6 c123=c456=0 1 [[0, 0, 0, 0], [0, 0, 0, 0]] d = 2 M_d level 1 16.7s
6 c123=c456=0 2 [[0, 0, 0, 0], [0, 0, 0, 0]] d = 2 M_d level 1 17.3s
6 c12=c34=c56=0 0 [[0, 0, 0, 0], [0, 0, 0, 0]] d = 3 M_d level 0 17.9s
6 c12=c34=c56=0 1 [[0, 0, 0, 0], [0, 0, 0, 0]] d = 3 M_d level 0 18.5s
6 c12=c34=c56=0 2 [[0, 0, 0, 0], [0, 0, 0, 0]] d = 3 M_d level 0 19.1s
7 c12=0 0 [[0, 0, 0, 0, 0], [0, 0, 0, 0, 0]] d = 1 M_d level 3 216.1s
exit 0
