purged 0 stale artifact sets (source-newer=0, import-newer=0) of 3700 oleans
[job] acn112 cores=64-71 threads=8 base=fc8b0d080cbd9f7af4fe855eab6b794bacccf4fe mods: GroupApproximation.GGT.VanKampen.Estimating.OsinPocketPinchPosModelsDiagram GroupApproximation.GGT.VanKampen.Estimating.OsinPocketMultipleEdgeCopyOrderSection
ℹ [3302/3431] Replayed GroupApproximation.Sofic.KazhdanCornerCompression
info: GroupApproximation/Sofic/KazhdanCornerCompression.lean:342:4: Try this:
  [apply] abel_nf
ℹ [4799/4883] Replayed GroupApproximation.GGT.VanKampen.Estimating.OsinPocketPinchPosModelsAlgebra
info: GroupApproximation/GGT/VanKampen/Estimating/OsinPocketPinchPosModelsAlgebra.lean:254:14: 'GroupApproximation.GGT.VanKampen.OsinPocketPinchPosModels.D' depends on axioms: [propext, Classical.choice, Quot.sound]
info: GroupApproximation/GGT/VanKampen/Estimating/OsinPocketPinchPosModelsAlgebra.lean:255:14: 'GroupApproximation.GGT.VanKampen.OsinPocketPinchPosModels.killP_gc' depends on axioms: [propext,
 Classical.choice,
 Quot.sound]
info: GroupApproximation/GGT/VanKampen/Estimating/OsinPocketPinchPosModelsAlgebra.lean:256:14: 'GroupApproximation.GGT.VanKampen.OsinPocketPinchPosModels.expD_gQ' depends on axioms: [propext, Quot.sound]
info: GroupApproximation/GGT/VanKampen/Estimating/OsinPocketPinchPosModelsAlgebra.lean:257:14: 'GroupApproximation.GGT.VanKampen.OsinPocketPinchPosModels.killP_listVal_ab' depends on axioms: [propext,
 Classical.choice,
 Quot.sound]
info: GroupApproximation/GGT/VanKampen/Estimating/OsinPocketPinchPosModelsAlgebra.lean:258:14: 'GroupApproximation.GGT.VanKampen.OsinPocketPinchPosModels.letter_casesP' depends on axioms: [propext,
 Classical.choice,
 Quot.sound]
info: GroupApproximation/GGT/VanKampen/Estimating/OsinPocketPinchPosModelsAlgebra.lean:259:14: 'GroupApproximation.GGT.VanKampen.OsinPocketPinchPosModels.letter_casesQ' depends on axioms: [propext,
 Classical.choice,
 Quot.sound]
ℹ [10302/10325] Replayed GroupApproximation.GGT.VanKampen.Estimating.OsinPocketMultipleEdgeCopy
info: GroupApproximation/GGT/VanKampen/Estimating/OsinPocketMultipleEdgeCopy.lean:368:14: 'GroupApproximation.GGT.VanKampen.MultipleEdgePocketRegionCopyInput' depends on axioms: [propext,
 Classical.choice,
 Quot.sound]
info: GroupApproximation/GGT/VanKampen/Estimating/OsinPocketMultipleEdgeCopy.lean:369:14: 'GroupApproximation.GGT.VanKampen.MultipleEdgePocketRegionInput.copyInput' depends on axioms: [propext,
 Classical.choice,
 Quot.sound]
info: GroupApproximation/GGT/VanKampen/Estimating/OsinPocketMultipleEdgeCopy.lean:370:14: 'GroupApproximation.GGT.VanKampen.multipleEdgeCutInput_of_copyPieces' depends on axioms: [propext,
 Classical.choice,
 Quot.sound]
info: GroupApproximation/GGT/VanKampen/Estimating/OsinPocketMultipleEdgeCopy.lean:371:14: 'GroupApproximation.GGT.VanKampen.CellPocketWalkOuterOffSideStatement' depends on axioms: [propext,
 Classical.choice,
 Quot.sound]
info: GroupApproximation/GGT/VanKampen/Estimating/OsinPocketMultipleEdgeCopy.lean:372:14: 'GroupApproximation.GGT.VanKampen.CellPocketWalkSideRelatorCellStatement' depends on axioms: [propext,
 Classical.choice,
 Quot.sound]
info: GroupApproximation/GGT/VanKampen/Estimating/OsinPocketMultipleEdgeCopy.lean:373:14: 'GroupApproximation.GGT.VanKampen.OuterOffSideForOrder' depends on axioms: [propext, Classical.choice, Quot.sound]
info: GroupApproximation/GGT/VanKampen/Estimating/OsinPocketMultipleEdgeCopy.lean:374:14: 'GroupApproximation.GGT.VanKampen.SideRelatorCellForOrder' depends on axioms: [propext, Classical.choice, Quot.sound]
info: GroupApproximation/GGT/VanKampen/Estimating/OsinPocketMultipleEdgeCopy.lean:375:14: 'GroupApproximation.GGT.VanKampen.CellPocketWalkOuterOffSideSomeOrderStatement' depends on axioms: [propext,
 Classical.choice,
 Quot.sound]
info: GroupApproximation/GGT/VanKampen/Estimating/OsinPocketMultipleEdgeCopy.lean:376:14: 'GroupApproximation.GGT.VanKampen.CellPocketCopyCleanBothOrdersStatement' depends on axioms: [propext,
 Classical.choice,
 Quot.sound]
info: GroupApproximation/GGT/VanKampen/Estimating/OsinPocketMultipleEdgeCopy.lean:377:14: 'GroupApproximation.GGT.VanKampen.multipleEdgePocketRegionCopyInput_of_pinch' depends on axioms: [propext,
 Classical.choice,
 Quot.sound]
info: GroupApproximation/GGT/VanKampen/Estimating/OsinPocketMultipleEdgeCopy.lean:378:14: 'GroupApproximation.GGT.VanKampen.OsinMultipleEdgePocketRegionCopySectionStatement' depends on axioms: [propext,
 Classical.choice,
 Quot.sound]
info: GroupApproximation/GGT/VanKampen/Estimating/OsinPocketMultipleEdgeCopy.lean:379:14: 'GroupApproximation.GGT.VanKampen.OsinMultipleEdgePocketRegionSectionStatement.copySection' depends on axioms: [propext,
 Classical.choice,
 Quot.sound]
info: GroupApproximation/GGT/VanKampen/Estimating/OsinPocketMultipleEdgeCopy.lean:380:14: 'GroupApproximation.GGT.VanKampen.osinMultipleEdgePocketRegionCopySection_of_pinch' depends on axioms: [propext,
 Classical.choice,
 Quot.sound]
info: GroupApproximation/GGT/VanKampen/Estimating/OsinPocketMultipleEdgeCopy.lean:381:14: 'GroupApproximation.GGT.VanKampen.osinMultipleEdgeCutSection_of_copyPieces' depends on axioms: [propext,
 Classical.choice,
 Quot.sound]
ℹ [10303/10325] Replayed GroupApproximation.GGT.VanKampen.Estimating.OsinGreendlingerResidualsV2Copy
info: GroupApproximation/GGT/VanKampen/Estimating/OsinGreendlingerResidualsV2Copy.lean:95:14: 'GroupApproximation.GGT.VanKampen.relativeGreendlingerQuasiGeodesicLeastArea_of_residualsV2CopySection' depends on axioms: [propext,
 Classical.choice,
 Quot.sound]
info: GroupApproximation/GGT/VanKampen/Estimating/OsinGreendlingerResidualsV2Copy.lean:96:14: 'GroupApproximation.GGT.VanKampen.relativeGreendlingerQuasiGeodesicLeastArea_of_residualsV2Copy' depends on axioms: [propext,
 Classical.choice,
 Quot.sound]
info: GroupApproximation/GGT/VanKampen/Estimating/OsinGreendlingerResidualsV2Copy.lean:97:14: 'GroupApproximation.GGT.VanKampen.relativeGreendlingerQuasiGeodesicLeastArea_of_residualsV2_of_copy' depends on axioms: [propext,
 Classical.choice,
 Quot.sound]
ℹ [10311/10325] Replayed GroupApproximation.GGT.VanKampen.Estimating.OsinPocketCellSideRelatorCell
info: GroupApproximation/GGT/VanKampen/Estimating/OsinPocketCellSideRelatorCell.lean:94:14: 'GroupApproximation.GGT.VanKampen.CellPocketWalkEitherFollowsStatement' depends on axioms: [propext,
 Classical.choice,
 Quot.sound]
info: GroupApproximation/GGT/VanKampen/Estimating/OsinPocketCellSideRelatorCell.lean:95:14: 'GroupApproximation.GGT.VanKampen.cellPocketWalkSideRelatorCell_of_eitherFollows' depends on axioms: [propext,
 Classical.choice,
 Quot.sound]
ℹ [10321/10325] Replayed GroupApproximation.GGT.VanKampen.Estimating.OsinPocketCellSideRelatorCellEuler
info: GroupApproximation/GGT/VanKampen/Estimating/OsinPocketCellSideRelatorCellEuler.lean:136:14: 'GroupApproximation.GGT.VanKampen.CellPocketEulerForOrder' depends on axioms: [propext, Classical.choice, Quot.sound]
info: GroupApproximation/GGT/VanKampen/Estimating/OsinPocketCellSideRelatorCellEuler.lean:137:14: 'GroupApproximation.GGT.VanKampen.sideRelatorCellForOrder_of_euler' depends on axioms: [propext,
 Classical.choice,
 Quot.sound]
info: GroupApproximation/GGT/VanKampen/Estimating/OsinPocketCellSideRelatorCellEuler.lean:138:14: 'GroupApproximation.GGT.VanKampen.CellPocketWalkEulerStatement' depends on axioms: [propext,
 Classical.choice,
 Quot.sound]
info: GroupApproximation/GGT/VanKampen/Estimating/OsinPocketCellSideRelatorCellEuler.lean:139:14: 'GroupApproximation.GGT.VanKampen.sideRelatorCellForOrder_of_eulerStatement' depends on axioms: [propext,
 Classical.choice,
 Quot.sound]
ℹ [10322/10325] Replayed GroupApproximation.GGT.VanKampen.Estimating.OsinPocketMultipleEdgeCopyOrderEuler
info: GroupApproximation/GGT/VanKampen/Estimating/OsinPocketMultipleEdgeCopyOrderEuler.lean:165:14: 'GroupApproximation.GGT.VanKampen.copyRegion_of_offSideWalkEuler' depends on axioms: [propext,
 Classical.choice,
 Quot.sound]
info: GroupApproximation/GGT/VanKampen/Estimating/OsinPocketMultipleEdgeCopyOrderEuler.lean:166:14: 'GroupApproximation.GGT.VanKampen.multipleEdgePocketRegionCopyInput_of_pinchOrderEuler' depends on axioms: [propext,
 Classical.choice,
 Quot.sound]
info: GroupApproximation/GGT/VanKampen/Estimating/OsinPocketMultipleEdgeCopyOrderEuler.lean:167:14: 'GroupApproximation.GGT.VanKampen.osinMultipleEdgePocketRegionCopySection_of_pinchOrderEuler' depends on axioms: [propext,
 Classical.choice,
 Quot.sound]
info: GroupApproximation/GGT/VanKampen/Estimating/OsinPocketMultipleEdgeCopyOrderEuler.lean:168:14: 'GroupApproximation.GGT.VanKampen.relativeGreendlingerQuasiGeodesicLeastArea_of_residualsV2CopyOrderEuler' depends on axioms: [propext,
 Classical.choice,
 Quot.sound]
ℹ [10324/10325] Built GroupApproximation.GGT.VanKampen.Estimating.OsinPocketMultipleEdgeCopyOrderSection (19s)
info: GroupApproximation/GGT/VanKampen/Estimating/OsinPocketMultipleEdgeCopyOrderSection.lean:209:14: 'GroupApproximation.GGT.VanKampen.CellPocketWalkProperArcsInput' depends on axioms: [propext,
 Classical.choice,
 Quot.sound]
info: GroupApproximation/GGT/VanKampen/Estimating/OsinPocketMultipleEdgeCopyOrderSection.lean:210:14: 'GroupApproximation.GGT.VanKampen.CellPocketWalkProperArcsSectionStatement' depends on axioms: [propext,
 Classical.choice,
 Quot.sound]
info: GroupApproximation/GGT/VanKampen/Estimating/OsinPocketMultipleEdgeCopyOrderSection.lean:211:14: 'GroupApproximation.GGT.VanKampen.copyRegion_of_offSideWalkSection' depends on axioms: [propext,
 Classical.choice,
 Quot.sound]
info: GroupApproximation/GGT/VanKampen/Estimating/OsinPocketMultipleEdgeCopyOrderSection.lean:212:14: 'GroupApproximation.GGT.VanKampen.multipleEdgePocketRegionCopyInput_of_pinchSectionOrderEuler' depends on axioms: [propext,
 Classical.choice,
 Quot.sound]
info: GroupApproximation/GGT/VanKampen/Estimating/OsinPocketMultipleEdgeCopyOrderSection.lean:213:14: 'GroupApproximation.GGT.VanKampen.osinMultipleEdgePocketRegionCopySection_of_pinchSectionOrderEuler' depends on axioms: [propext,
 Classical.choice,
 Quot.sound]
✖ [10325/10325] Building GroupApproximation.GGT.VanKampen.Estimating.OsinPocketPinchPosModelsDiagram (23s)
trace: .> LEAN_PATH=/projects/standard/hsiehph/sauer354/cc_clones/cs-endpoint/.lake/packages/Cli/.lake/build/lib/lean:/projects/standard/hsiehph/sauer354/cc_clones/cs-endpoint/.lake/packages/batteries/.lake/build/lib/lean:/projects/standard/hsiehph/sauer354/cc_clones/cs-endpoint/.lake/packages/Qq/.lake/build/lib/lean:/projects/standard/hsiehph/sauer354/cc_clones/cs-endpoint/.lake/packages/aesop/.lake/build/lib/lean:/projects/standard/hsiehph/sauer354/cc_clones/cs-endpoint/.lake/packages/proofwidgets/.lake/build/lib/lean:/projects/standard/hsiehph/sauer354/cc_clones/cs-endpoint/.lake/packages/importGraph/.lake/build/lib/lean:/projects/standard/hsiehph/sauer354/cc_clones/cs-endpoint/.lake/packages/LeanSearchClient/.lake/build/lib/lean:/projects/standard/hsiehph/sauer354/cc_clones/cs-endpoint/.lake/packages/plausible/.lake/build/lib/lean:/projects/standard/hsiehph/sauer354/cc_clones/cs-endpoint/.lake/packages/mathlib/.lake/build/lib/lean:/projects/standard/hsiehph/sauer354/cc_clones/lix-h/.lake/build/lib/lean /projects/standard/hsiehph/sauer354/.elan/toolchains/leanprover--lean4---v4.32.0/bin/lean -DwarningAsError=true /projects/standard/hsiehph/sauer354/cc_clones/lix-h/GroupApproximation/GGT/VanKampen/Estimating/OsinPocketPinchPosModelsDiagram.lean -o /projects/standard/hsiehph/sauer354/cc_clones/lix-h/.lake/build/lib/lean/GroupApproximation/GGT/VanKampen/Estimating/OsinPocketPinchPosModelsDiagram.olean -i /projects/standard/hsiehph/sauer354/cc_clones/lix-h/.lake/build/lib/lean/GroupApproximation/GGT/VanKampen/Estimating/OsinPocketPinchPosModelsDiagram.ilean -c /projects/standard/hsiehph/sauer354/cc_clones/lix-h/.lake/build/ir/GroupApproximation/GGT/VanKampen/Estimating/OsinPocketPinchPosModelsDiagram.c --setup /projects/standard/hsiehph/sauer354/cc_clones/lix-h/.lake/build/ir/GroupApproximation/GGT/VanKampen/Estimating/OsinPocketPinchPosModelsDiagram.setup.json --json
info: GroupApproximation/GGT/VanKampen/Estimating/OsinPocketPinchPosModelsDiagram.lean:397:14: 'GroupApproximation.GGT.VanKampen.OsinPocketPinchPosModels.pinchDiagram' depends on axioms: [propext,
 Classical.choice,
 Quot.sound]
info: GroupApproximation/GGT/VanKampen/Estimating/OsinPocketPinchPosModelsDiagram.lean:398:14: 'GroupApproximation.GGT.VanKampen.OsinPocketPinchPosModels.pinchK' depends on axioms: [propext,
 Classical.choice,
 Quot.sound]
error: GroupApproximation/GGT/VanKampen/Estimating/OsinPocketPinchPosModelsDiagram.lean:399:21: advertised closed endpoint 'GroupApproximation.GGT.VanKampen.OsinPocketPinchPosModels.pinchDiagram_letters' has a leading input; state and prove a closed proposition instead of accepting construction data
info: GroupApproximation/GGT/VanKampen/Estimating/OsinPocketPinchPosModelsDiagram.lean:400:21: 'GroupApproximation.GGT.VanKampen.OsinPocketPinchPosModels.pinchK_closedWalk' depends on axioms: [propext,
 Classical.choice,
 Quot.sound]
info: GroupApproximation/GGT/VanKampen/Estimating/OsinPocketPinchPosModelsDiagram.lean:401:21: 'GroupApproximation.GGT.VanKampen.OsinPocketPinchPosModels.pinchDiagram_boundaryWord' depends on axioms: [propext,
 Classical.choice,
 Quot.sound]
error: Lean exited with code 1
Some required targets logged failures:
- GroupApproximation.GGT.VanKampen.Estimating.OsinPocketPinchPosModelsDiagram
error: build failed
EXIT=1
