purged 0 stale artifact sets (source-newer=0, import-newer=0) of 3120 oleans
[job] acn112 cores=64-71 threads=8 base=854abfaa8132fb429cabf88ebb353bf068508c04 mods: GroupApproximation.GGT.VanKampen.SurgeryOuterSpurThickening
ℹ [3302/3431] Replayed GroupApproximation.Sofic.KazhdanCornerCompression
info: GroupApproximation/Sofic/KazhdanCornerCompression.lean:342:4: Try this:
  [apply] abel_nf
ℹ [4997/4997] Built GroupApproximation.GGT.VanKampen.SurgeryOuterSpurThickening (17s)
info: GroupApproximation/GGT/VanKampen/SurgeryOuterSpurThickening.lean:687:21: 'GroupApproximation.GGT.VanKampen.OuterSpurThickening.outerSpurThickening' depends on axioms: [propext,
 Classical.choice,
 Quot.sound]
info: GroupApproximation/GGT/VanKampen/SurgeryOuterSpurThickening.lean:688:14: 'GroupApproximation.GGT.VanKampen.OuterSpurThickening.diagram' depends on axioms: [propext,
 Classical.choice,
 Quot.sound]
info: GroupApproximation/GGT/VanKampen/SurgeryOuterSpurThickening.lean:689:14: 'GroupApproximation.GGT.VanKampen.OuterSpurThickening.oEquivalent' depends on axioms: [propext,
 Classical.choice,
 Quot.sound]
info: GroupApproximation/GGT/VanKampen/SurgeryOuterSpurThickening.lean:690:14: 'GroupApproximation.GGT.VanKampen.OuterSpurThickening.embedding' depends on axioms: [propext,
 Classical.choice,
 Quot.sound]
info: GroupApproximation/GGT/VanKampen/SurgeryOuterSpurThickening.lean:691:14: 'GroupApproximation.GGT.VanKampen.OuterSpurThickening.outerDarts_eq' depends on axioms: [propext,
 Classical.choice,
 Quot.sound]
info: GroupApproximation/GGT/VanKampen/SurgeryOuterSpurThickening.lean:692:14: 'GroupApproximation.GGT.VanKampen.OuterSpurThickening.contiguityGeometry' depends on axioms: [propext,
 Classical.choice,
 Quot.sound]
info: GroupApproximation/GGT/VanKampen/SurgeryOuterSpurThickening.lean:693:14: 'GroupApproximation.GGT.VanKampen.OuterSpurThickening.regionFamily_weight' depends on axioms: [propext,
 Classical.choice,
 Quot.sound]
info: GroupApproximation/GGT/VanKampen/SurgeryOuterSpurThickening.lean:694:14: 'GroupApproximation.GGT.VanKampen.OuterSpurThickening.regionFamilyEquiv' depends on axioms: [propext,
 Classical.choice,
 Quot.sound]
info: GroupApproximation/GGT/VanKampen/SurgeryOuterSpurThickening.lean:695:14: 'GroupApproximation.GGT.VanKampen.OuterSpurThickening.outerSpurCount_lt' depends on axioms: [propext,
 Classical.choice,
 Quot.sound]
info: GroupApproximation/GGT/VanKampen/SurgeryOuterSpurThickening.lean:696:14: 'GroupApproximation.GGT.VanKampen.OuterSpurThickening.sectionFamily' depends on axioms: [propext,
 Classical.choice,
 Quot.sound]
info: GroupApproximation/GGT/VanKampen/SurgeryOuterSpurThickening.lean:697:14: 'GroupApproximation.GGT.VanKampen.OuterSpurThickening.exists_spurFree' depends on axioms: [propext,
 Classical.choice,
 Quot.sound]
Build completed successfully (4997 jobs).
EXIT=0
