954e630e7b9a530253ecebfd170f6afb  rc_orbit.py
88ce6d6c5600bd7df101de9b9966ea6a  census15.txt
=== census15 (expect MATCH)
block 1 1 reps 1 orbit_sum 8 ordered_pairs 8 OK
block 1 2 reps 1 orbit_sum 64 ordered_pairs 64 OK
block 1 3 reps 1 orbit_sum 96 ordered_pairs 96 OK
block 2 2 reps 0 orbit_sum 0 ordered_pairs 0 OK
block 1 4 reps 1 orbit_sum 128 ordered_pairs 128 OK
block 2 3 reps 1 orbit_sum 192 ordered_pairs 192 OK
block 1 5 reps 3 orbit_sum 480 ordered_pairs 480 OK
block 2 4 reps 0 orbit_sum 0 ordered_pairs 0 OK
block 3 3 reps 0 orbit_sum 0 ordered_pairs 0 OK
block 1 6 reps 6 orbit_sum 1728 ordered_pairs 1728 OK
block 2 5 reps 4 orbit_sum 1600 ordered_pairs 1600 OK
block 3 4 reps 1 orbit_sum 384 ordered_pairs 384 OK
block 1 7 reps 14 orbit_sum 4704 ordered_pairs 4704 OK
block 2 6 reps 0 orbit_sum 0 ordered_pairs 0 OK
block 3 5 reps 3 orbit_sum 1920 ordered_pairs 1920 OK
block 4 4 reps 0 orbit_sum 0 ordered_pairs 0 OK
block 1 8 reps 28 orbit_sum 12544 ordered_pairs 12544 OK
block 2 7 reps 18 orbit_sum 12992 ordered_pairs 12992 OK
block 3 6 reps 5 orbit_sum 4608 ordered_pairs 4608 OK
block 4 5 reps 3 orbit_sum 2560 ordered_pairs 2560 OK
block 1 9 reps 74 orbit_sum 36576 ordered_pairs 36576 OK
block 2 8 reps 0 orbit_sum 0 ordered_pairs 0 OK
block 3 7 reps 12 orbit_sum 12096 ordered_pairs 12096 OK
block 4 6 reps 0 orbit_sum 0 ordered_pairs 0 OK
block 5 5 reps 5 orbit_sum 5600 ordered_pairs 5600 OK
block 1 10 reps 179 orbit_sum 107840 ordered_pairs 107840 OK
block 2 9 reps 103 orbit_sum 106560 ordered_pairs 106560 OK
block 3 8 reps 26 orbit_sum 34560 ordered_pairs 34560 OK
block 4 7 reps 18 orbit_sum 25088 ordered_pairs 25088 OK
block 5 6 reps 23 orbit_sum 38400 ordered_pairs 38400 OK
block 1 11 reps 469 orbit_sum 310112 ordered_pairs 310112 OK
block 2 10 reps 0 orbit_sum 0 ordered_pairs 0 OK
block 3 9 reps 65 orbit_sum 103680 ordered_pairs 103680 OK
block 4 8 reps 0 orbit_sum 0 ordered_pairs 0 OK
block 5 7 reps 57 orbit_sum 109760 ordered_pairs 109760 OK
block 6 6 reps 0 orbit_sum 0 ordered_pairs 0 OK
block 1 12 reps 1189 orbit_sum 891264 ordered_pairs 891264 OK
block 2 11 reps 655 orbit_sum 884928 ordered_pairs 884928 OK
block 3 10 reps 166 orbit_sum 299520 ordered_pairs 299520 OK
block 4 9 reps 92 orbit_sum 191232 ordered_pairs 191232 OK
block 5 8 reps 124 orbit_sum 290560 ordered_pairs 290560 OK
block 6 7 reps 133 orbit_sum 330624 ordered_pairs 330624 OK
block 1 13 reps 3193 orbit_sum 2590432 ordered_pairs 2590432 OK
block 2 12 reps 0 orbit_sum 0 ordered_pairs 0 OK
block 3 11 reps 418 orbit_sum 842688 ordered_pairs 842688 OK
block 4 10 reps 0 orbit_sum 0 ordered_pairs 0 OK
block 5 9 reps 307 orbit_sum 838080 ordered_pairs 838080 OK
block 6 8 reps 0 orbit_sum 0 ordered_pairs 0 OK
block 7 7 reps 152 orbit_sum 442176 ordered_pairs 442176 OK
block 1 14 reps 8508 orbit_sum 7551936 ordered_pairs 7551936 OK
block 2 13 reps 4542 orbit_sum 7425600 ordered_pairs 7425600 OK
block 3 12 reps 1086 orbit_sum 2446848 ordered_pairs 2446848 OK
block 4 11 reps 596 orbit_sum 1613568 ordered_pairs 1613568 OK
block 5 10 reps 792 orbit_sum 2451200 ordered_pairs 2451200 OK
block 6 9 reps 790 orbit_sum 2640384 ordered_pairs 2640384 OK
block 7 8 reps 707 orbit_sum 2446080 ordered_pairs 2446080 OK
reps per L: [(2, 1), (3, 1), (4, 1), (5, 2), (6, 3), (7, 11), (8, 17), (9, 54), (10, 91), (11, 349), (12, 591), (13, 2359), (14, 4070), (15, 17021)] total 24571
bad representatives: 0 []
MATCH
=== control: last line dropped (expect MISMATCH, block 3 12 or similar BAD)
24570 15 XYXyxy XXyxyXXyy
block 6 9 reps 789 orbit_sum 2638656 ordered_pairs 2640384 BAD
bad representatives: 0 []
MISMATCH
=== control: last line repeated (expect MISMATCH, repeat)
bad representatives: 1 [('24570', 'repeat')]
MISMATCH
=== control: second relator of the last line rotated by one (expect MISMATCH, not-orbit-minimum)
24570 15 XYXyxy XyxyXXyyX
block 6 9 reps 789 orbit_sum 2638656 ordered_pairs 2640384 BAD
bad representatives: 1 [('24570', 'not-orbit-minimum')]
MISMATCH
DONE
