pi_s=a pi_t=a e s|0=A s t|0=A t E s|3=t | FINITE |H| = 605 (presentation of H_2: 3 relators, max length 55, all trivial in G)
pi_s=a pi_t=e e s|0=A s t|0=E t E s|3=t | FINITE |H| = 605 (presentation of H_2: 3 relators, max length 55, all trivial in G)
pi_s=a pi_t=e s|0=A s t|0=E t s|3=t | FINITE |H| = 605 (presentation of H_2: 3 relators, max length 55, all trivial in G)
pi_s=a pi_t=e s|0=s A t|0=t E s|3=t | FINITE |H| = 605 (presentation of H_2: 3 relators, max length 55, all trivial in G)
pi_s=a pi_t=a E s|0=A s t|0=A t e s|3=t | FINITE |H| = 2420 (presentation of H_2: 3 relators, max length 220, all trivial in G)
pi_s=a pi_t=a e s|0=E s t|0=A t E s|3=t | FINITE |H| = 3221020 (presentation of H_2: 5 relators, max length 222, all trivial in G)
pi_s=a pi_t=e s|0=E s t|0=E t s|3=t | FINITE |H| = 3221020 (presentation of H_2: 6 relators, max length 250, all trivial in G)
pi_s=a pi_t=e s|0=s E t|0=t E s|3=t | FINITE |H| = 3221020 (presentation of H_2: 7 relators, max length 222, all trivial in G)
pi_s=a pi_t=a E s|0=E s t|0=A t e s|3=t | FINITE |H| = 12884080 (presentation of H_2: 7 relators, max length 936, all trivial in G)
pi_s=a pi_t=a E s|0=E s t|0=E t a s|3=t | FINITE |H| = 206145280 (presentation of H_2: 16 relators, max length 924, all trivial in G)
pi_s=a pi_t=a E s|0=E s t|0=A t a s|3=t | FINITE |H| = 824581120 (presentation of H_2: 23 relators, max length 450, all trivial in G)
pi_s=a pi_t=a E s|0=E s t|0=E t e s|3=t | FINITE |H| = 824581120 (presentation of H_2: 20 relators, max length 642, all trivial in G)
pi_s=a pi_t=a E s|0=s E t|0=t s|3=t | FINITE |H| = 824581120 (presentation of H_2: 22 relators, max length 704, all trivial in G)
pi_s=a pi_t=e e s|0=E s t|0=E t E s|3=t | FINITE |H| = 3221020 (presentation of H_2: 6 relators, max length 250, all trivial in G)
pi_s=e pi_t=a e s|0=A s t|0=A t E s|3=t | FINITE |H| = 3221020 (presentation of H_2: 7 relators, max length 222, all trivial in G)
pi_s=e pi_t=a e s|0=E s t|0=A t E s|3=t | FINITE |H| = 605 (presentation of H_2: 3 relators, max length 55, all trivial in G)
pi_s=e pi_t=a E s|0=s A t|0=t s|3=t | FINITE |H| = 824581120 (presentation of H_2: 20 relators, max length 440, all trivial in G)
pi_s=e pi_t=a E s|0=A s t|0=A t a s|3=t | FINITE |H| = 824581120 (presentation of H_2: 17 relators, max length 574, all trivial in G)
pi_s=e pi_t=a E s|0=A s t|0=A t e s|3=t | FINITE |H| = 12884080 (presentation of H_2: 6 relators, max length 882, all trivial in G)
pi_s=e pi_t=a E s|0=A s t|0=E t a s|3=t | FINITE |H| = 206145280 (presentation of H_2: 17 relators, max length 896, all trivial in G)
pi_s=e pi_t=a E s|0=A s t|0=E t e s|3=t | FINITE |H| = 824581120 (presentation of H_2: 22 relators, max length 658, all trivial in G)
pi_s=e pi_t=a E s|0=E s t|0=A t e s|3=t | FINITE |H| = 2420 (presentation of H_2: 3 relators, max length 220, all trivial in G)
pi_s=e e pi_t=a a s|0=E s A t|0=A t E s|3=t | no certificate at levels (2,)
pi_s=e e pi_t=a a s|0=A s E t|0=E t A s|3=t | no certificate at levels (2,)
pi_s=e e pi_t=e a s|0=E s E t|0=E t E s|3=t | no certificate at levels (2,)
pi_s=e e pi_t=e a s|0=E s E t|0=A t A s|3=t | no certificate at levels (2,)
pi_s=e e pi_t=e a s|0=E s A t|0=E t E s|3=t | no certificate at levels (2,)
pi_s=a e pi_t=e s|0=A s A t|0=E t s|3=t | no certificate at levels (2,)
pi_s=a e pi_t=e s|0=E s A t|0=E t s|3=t | no certificate at levels (2,)
pi_s=a e pi_t=a E s|0=A s A t|0=A t e s|3=t | no certificate at levels (2,)
pi_s=a e pi_t=a E s|0=E s E t|0=A t a s|3=t | FINITE |H| = 824581120 (presentation of H_2: 23 relators, max length 450, all trivial in G)
pi_s=a e pi_t=a E s|0=E s E t|0=E t a s|3=t | FINITE |H| = 206145280 (presentation of H_2: 16 relators, max length 924, all trivial in G)
pi_s=a e pi_t=e e s|0=A s A t|0=E t E s|3=t | no certificate at levels (2,)
pi_s=a e pi_t=e e s|0=E s A t|0=E t E s|3=t | no certificate at levels (2,)
pi_s=a E pi_t=e s|0=s t|0=t E s|3=t | FINITE |H| = 3221020 (presentation of H_2: 7 relators, max length 222, all trivial in G)
pi_s=a E pi_t=e s|0=A s e t|0=E t s|3=t | FINITE |H| = 605 (presentation of H_2: 3 relators, max length 55, all trivial in G)
pi_s=a E pi_t=e s|0=E s e t|0=E t s|3=t | FINITE |H| = 3221020 (presentation of H_2: 6 relators, max length 250, all trivial in G)
pi_s=a e pi_t=e s|0=A s E t|0=E t s|3=t | FINITE |H| = 605 (presentation of H_2: 3 relators, max length 55, all trivial in G)
pi_s=a e pi_t=e s|0=E s E t|0=E t s|3=t | FINITE |H| = 3221020 (presentation of H_2: 6 relators, max length 250, all trivial in G)
pi_s=a e pi_t=a E s|0=A s E t|0=A t e s|3=t | FINITE |H| = 2420 (presentation of H_2: 3 relators, max length 220, all trivial in G)
pi_s=a e pi_t=a E s|0=E s E t|0=A t e s|3=t | FINITE |H| = 12884080 (presentation of H_2: 7 relators, max length 936, all trivial in G)
pi_s=a e pi_t=a E s|0=E s E t|0=E t e s|3=t | FINITE |H| = 824581120 (presentation of H_2: 20 relators, max length 642, all trivial in G)
pi_s=a e pi_t=e e s|0=A s E t|0=E t E s|3=t | FINITE |H| = 605 (presentation of H_2: 3 relators, max length 55, all trivial in G)
pi_s=a e pi_t=e e s|0=E s E t|0=E t E s|3=t | FINITE |H| = 3221020 (presentation of H_2: 6 relators, max length 250, all trivial in G)
pi_s=a E pi_t=e s|0=A s a t|0=E t s|3=t | FINITE |H| = 3221020 (presentation of H_2: 6 relators, max length 250, all trivial in G)
pi_s=a E pi_t=e s|0=E s a t|0=E t s|3=t | FINITE |H| = 13310 (presentation of H_2: 4 relators, max length 110, all trivial in G)
pi_s=a E pi_t=a e s|0=A s a t|0=A t E s|3=t | FINITE |H| = 3221020 (presentation of H_2: 5 relators, max length 222, all trivial in G)
pi_s=a E pi_t=a e s|0=E s e t|0=A t E s|3=t | FINITE |H| = 3221020 (presentation of H_2: 5 relators, max length 222, all trivial in G)
pi_s=a E pi_t=e e s|0=E s a t|0=E t E s|3=t | FINITE |H| = 13310 (presentation of H_2: 4 relators, max length 110, all trivial in G)
pi_s=e a pi_t=e s|0=E s A t|0=E t s|3=t | FINITE |H| = 605 (presentation of H_2: 3 relators, max length 55, all trivial in G)
pi_s=e a pi_t=a e s|0=A s E t|0=A t E s|3=t | no certificate at levels (2,)
pi_s=e a pi_t=a E s|0=A s A t|0=A t a s|3=t | FINITE |H| = 824581120 (presentation of H_2: 17 relators, max length 574, all trivial in G)
pi_s=e a pi_t=a E s|0=A s A t|0=E t e s|3=t | FINITE |H| = 824581120 (presentation of H_2: 22 relators, max length 658, all trivial in G)
pi_s=e a pi_t=a E s|0=E s E t|0=A t e s|3=t | no certificate at levels (2,)
pi_s=e a pi_t=e e s|0=E s E t|0=E t E s|3=t | no certificate at levels (2,)
pi_s=a a pi_t=e s|0=E s A t|0=E t s|3=t | FINITE |H| = 3221020 (presentation of H_2: 6 relators, max length 250, all trivial in G)
pi_s=a a pi_t=a e s|0=A s E t|0=A t E s|3=t | no certificate at levels (2,)
pi_s=a a pi_t=a E s|0=A s A t|0=A t e s|3=t | FINITE |H| = 2420 (presentation of H_2: 3 relators, max length 220, all trivial in G)
pi_s=a a pi_t=a E s|0=E s A t|0=A t e s|3=t | FINITE |H| = 12884080 (presentation of H_2: 7 relators, max length 936, all trivial in G)
pi_s=a a pi_t=a E s|0=E s E t|0=A t e s|3=t | no certificate at levels (2,)
pi_s=a a pi_t=e e s|0=E s A t|0=E t E s|3=t | FINITE |H| = 3221020 (presentation of H_2: 6 relators, max length 250, all trivial in G)
pi_s=e e pi_t=a e s|0=A s E t|0=A t E s|3=t | FINITE |H| = 3221020 (presentation of H_2: 7 relators, max length 222, all trivial in G)
pi_s=e e pi_t=a E s|0=A s A t|0=A t e s|3=t | FINITE |H| = 9680 (presentation of H_2: 3 relators, max length 880, all trivial in G)
pi_s=e e pi_t=a E s|0=A s E t|0=E t a s|3=t | FINITE |H| = 206145280 (presentation of H_2: 17 relators, max length 896, all trivial in G)
pi_s=e e pi_t=a E s|0=E s E t|0=A t e s|3=t | FINITE |H| = 2420 (presentation of H_2: 3 relators, max length 220, all trivial in G)
pi_s=a E pi_t=a e s|0=A s e t|0=A t E s|3=t | FINITE |H| = 605 (presentation of H_2: 3 relators, max length 55, all trivial in G)
pi_s=a E pi_t=e e s|0=A s a t|0=E t E s|3=t | FINITE |H| = 3221020 (presentation of H_2: 6 relators, max length 250, all trivial in G)
pi_s=a E pi_t=e e s|0=E s e t|0=E t E s|3=t | FINITE |H| = 3221020 (presentation of H_2: 6 relators, max length 250, all trivial in G)
pi_s=e a pi_t=e s|0=E s E t|0=E t s|3=t | no certificate at levels (2,)
pi_s=e a pi_t=a e s|0=E s A t|0=A t E s|3=t | FINITE |H| = 605 (presentation of H_2: 3 relators, max length 55, all trivial in G)
pi_s=e a pi_t=a E s|0=A s A t|0=A t e s|3=t | FINITE |H| = 12884080 (presentation of H_2: 6 relators, max length 882, all trivial in G)
pi_s=e a pi_t=a E s|0=A s E t|0=A t e s|3=t | no certificate at levels (2,)
pi_s=e a pi_t=e e s|0=A s A t|0=E t E s|3=t | FINITE |H| = 3221020 (presentation of H_2: 5 relators, max length 250, all trivial in G)
pi_s=a a pi_t=e s|0=A s A t|0=E t s|3=t | FINITE |H| = 605 (presentation of H_2: 3 relators, max length 55, all trivial in G)
pi_s=a a pi_t=e s|0=E s E t|0=E t s|3=t | FINITE |H| = 2420 (presentation of H_2: 3 relators, max length 220, all trivial in G)
pi_s=a a pi_t=a e s|0=E s A t|0=A t E s|3=t | FINITE |H| = 3221020 (presentation of H_2: 5 relators, max length 222, all trivial in G)
pi_s=a a pi_t=a E s|0=A s E t|0=A t e s|3=t | no certificate at levels (2,)
pi_s=a a pi_t=a E s|0=E s A t|0=E t a s|3=t | FINITE |H| = 206145280 (presentation of H_2: 16 relators, max length 924, all trivial in G)
pi_s=a a pi_t=e e s|0=A s A t|0=E t E s|3=t | FINITE |H| = 605 (presentation of H_2: 3 relators, max length 55, all trivial in G)
pi_s=a a pi_t=e e s|0=E s E t|0=E t E s|3=t | FINITE |H| = 2420 (presentation of H_2: 3 relators, max length 220, all trivial in G)
pi_s=e e pi_t=a e s|0=E s A t|0=A t E s|3=t | no certificate at levels (2,)
pi_s=e e pi_t=a E s|0=A s E t|0=A t a s|3=t | FINITE |H| = 824581120 (presentation of H_2: 17 relators, max length 574, all trivial in G)
pi_s=e e pi_t=a E s|0=A s E t|0=E t e s|3=t | FINITE |H| = 824581120 (presentation of H_2: 22 relators, max length 658, all trivial in G)
pi_s=a E pi_t=a e s|0=E s a t|0=A t E s|3=t | FINITE |H| = 13310 (presentation of H_2: 4 relators, max length 110, all trivial in G)
pi_s=a E pi_t=e e s|0=A s e t|0=E t E s|3=t | FINITE |H| = 605 (presentation of H_2: 3 relators, max length 55, all trivial in G)
pi_s=e a pi_t=e s|0=A s A t|0=E t s|3=t | FINITE |H| = 3221020 (presentation of H_2: 5 relators, max length 250, all trivial in G)
pi_s=e a pi_t=a e s|0=A s A t|0=A t E s|3=t | FINITE |H| = 3221020 (presentation of H_2: 7 relators, max length 222, all trivial in G)
pi_s=e a pi_t=a e s|0=E s E t|0=A t E s|3=t | no certificate at levels (2,)
pi_s=e a pi_t=a E s|0=A s A t|0=E t a s|3=t | FINITE |H| = 206145280 (presentation of H_2: 17 relators, max length 896, all trivial in G)
pi_s=e a pi_t=a E s|0=E s A t|0=A t e s|3=t | FINITE |H| = 2420 (presentation of H_2: 3 relators, max length 220, all trivial in G)
pi_s=e a pi_t=e e s|0=E s A t|0=E t E s|3=t | FINITE |H| = 605 (presentation of H_2: 3 relators, max length 55, all trivial in G)
pi_s=a a pi_t=e s|0=A s E t|0=E t s|3=t | no certificate at levels (2,)
pi_s=a a pi_t=a e s|0=A s A t|0=A t E s|3=t | FINITE |H| = 605 (presentation of H_2: 3 relators, max length 55, all trivial in G)
pi_s=a a pi_t=a e s|0=E s E t|0=A t E s|3=t | no certificate at levels (2,)
pi_s=a a pi_t=a E s|0=E s A t|0=A t a s|3=t | FINITE |H| = 824581120 (presentation of H_2: 23 relators, max length 450, all trivial in G)
pi_s=a a pi_t=a E s|0=E s A t|0=E t e s|3=t | FINITE |H| = 824581120 (presentation of H_2: 20 relators, max length 642, all trivial in G)
pi_s=a a pi_t=e e s|0=A s E t|0=E t E s|3=t | no certificate at levels (2,)
pi_s=e e pi_t=a e s|0=A s A t|0=A t E s|3=t | FINITE |H| = 2420 (presentation of H_2: 3 relators, max length 220, all trivial in G)
pi_s=e e pi_t=a e s|0=E s E t|0=A t E s|3=t | FINITE |H| = 605 (presentation of H_2: 3 relators, max length 55, all trivial in G)
pi_s=e e pi_t=a E s|0=A s E t|0=A t e s|3=t | FINITE |H| = 12884080 (presentation of H_2: 6 relators, max length 882, all trivial in G)
pi_s=e e pi_t=a E s|0=E s A t|0=A t e s|3=t | no certificate at levels (2,)
pi_s=a pi_t=a E s|0=A s t|0=E t a s|3=t | FINITE |H| = 212960 (presentation of H_3: 5 relators, max length 236, all trivial in G)
pi_s=e pi_t=a E s|0=E s t|0=E t a s|3=t | FINITE |H| = 212960 (presentation of H_3: 5 relators, max length 236, all trivial in G)
pi_s=a pi_t=a E s|0=s A t|0=t s|3=t | FINITE |H| = 824581120 (presentation of H_3: 8 relators, max length 220, all trivial in G)
pi_s=e pi_t=a E s|0=s E t|0=t s|3=t | FINITE |H| = 824581120 (presentation of H_3: 8 relators, max length 220, all trivial in G)
pi_s=a pi_t=e s|0=s A t|0=t A s|3=t | FINITE |H| = 103072640000 (presentation of H_3: 21 relators, max length 1108, all trivial in G)
pi_s=a pi_t=e s|0=E s t|0=A t s|3=t | FINITE |H| = 103072640000 (presentation of H_3: 23 relators, max length 1764, all trivial in G)
pi_s=a pi_t=e e s|0=A s t|0=A t A s|3=t | FINITE |H| = 103072640000 (presentation of H_3: 20 relators, max length 876, all trivial in G)
pi_s=e pi_t=a e s|0=A s t|0=E t E s|3=t | FINITE |H| = 103072640000 (presentation of H_3: 19 relators, max length 3756, all trivial in G)
pi_s=a pi_t=e e s|0=A s t|0=E t A s|3=t | no certificate at levels (3,)
pi_s=a e pi_t=e s|0=A s E t|0=A t s|3=t | FINITE |H| = 103072640000 (presentation of H_3: 14 relators, max length 682, all trivial in G)
pi_s=a e pi_t=a E s|0=A s E t|0=E t a s|3=t | FINITE |H| = 212960 (presentation of H_3: 5 relators, max length 236, all trivial in G)
pi_s=a e pi_t=e e s|0=A s E t|0=A t A s|3=t | FINITE |H| = 103072640000 (presentation of H_3: 20 relators, max length 876, all trivial in G)
pi_s=a e pi_t=e e s|0=E s E t|0=A t E s|3=t | FINITE |H| = 103072640000 (presentation of H_3: 23 relators, max length 1764, all trivial in G)
pi_s=a E pi_t=e s|0=A s e t|0=A t s|3=t | FINITE |H| = 103072640000 (presentation of H_3: 14 relators, max length 682, all trivial in G)
pi_s=a E pi_t=a e s|0=A s a t|0=E t E s|3=t | FINITE |H| = 103072640000 (presentation of H_3: 24 relators, max length 7434, all trivial in G)
pi_s=a pi_t=a E s|0=A s t|0=A t a s|3=t | FINITE |H| = 824581120 (presentation of H_3: 8 relators, max length 372, all trivial in G)
pi_s=e pi_t=a E s|0=E s t|0=A t a s|3=t | FINITE |H| = 824581120 (presentation of H_3: 8 relators, max length 264, all trivial in G)
pi_s=a pi_t=e s|0=s E t|0=t A s|3=t | FINITE |H| = 103072640000 (presentation of H_3: 21 relators, max length 1616, all trivial in G)
pi_s=a pi_t=a e s|0=A s t|0=E t E s|3=t | no certificate at levels (3,)
pi_s=a pi_t=e e s|0=A s t|0=A t E s|3=t | FINITE |H| = 103072640000 (presentation of H_3: 14 relators, max length 682, all trivial in G)
pi_s=e pi_t=a e s|0=E s t|0=E t E s|3=t | FINITE |H| = 103072640000 (presentation of H_3: 16 relators, max length 1034, all trivial in G)
pi_s=e pi_t=a e s|0=E s t|0=A t A s|3=t | no certificate at levels (3,)
pi_s=a e pi_t=e s|0=E s E t|0=A t s|3=t | FINITE |H| = 103072640000 (presentation of H_3: 23 relators, max length 1764, all trivial in G)
pi_s=a e pi_t=a E s|0=A s E t|0=E t e s|3=t | FINITE |H| = 824581120 (presentation of H_3: 8 relators, max length 372, all trivial in G)
pi_s=a e pi_t=e e s|0=A s E t|0=A t E s|3=t | FINITE |H| = 103072640000 (presentation of H_3: 14 relators, max length 682, all trivial in G)
pi_s=a E pi_t=e s|0=s t|0=t A s|3=t | FINITE |H| = 103072640000 (presentation of H_3: 21 relators, max length 1616, all trivial in G)
pi_s=a E pi_t=e s|0=E s a t|0=A t s|3=t | FINITE |H| = 103072640000 (presentation of H_3: 20 relators, max length 1324, all trivial in G)
pi_s=a E pi_t=a e s|0=A s e t|0=A t A s|3=t | no certificate at levels (3,)
pi_s=a pi_t=a E s|0=A s t|0=E t e s|3=t | FINITE |H| = 824581120 (presentation of H_3: 8 relators, max length 372, all trivial in G)
pi_s=e pi_t=a E s|0=E s t|0=E t e s|3=t | FINITE |H| = 824581120 (presentation of H_3: 8 relators, max length 264, all trivial in G)
pi_s=a pi_t=e s|0=A s t|0=A t s|3=t | FINITE |H| = 103072640000 (presentation of H_3: 14 relators, max length 682, all trivial in G)
pi_s=a pi_t=a e s|0=E s t|0=E t E s|3=t | no certificate at levels (3,)
pi_s=a pi_t=e e s|0=E s t|0=A t E s|3=t | FINITE |H| = 103072640000 (presentation of H_3: 23 relators, max length 1764, all trivial in G)
pi_s=a pi_t=a e s|0=A s t|0=A t A s|3=t | no certificate at levels (3,)
pi_s=e pi_t=a e s|0=E s t|0=E t A s|3=t | no certificate at levels (3,)
pi_s=a e pi_t=a E s|0=A s E t|0=A t a s|3=t | FINITE |H| = 824581120 (presentation of H_3: 8 relators, max length 372, all trivial in G)
pi_s=a e pi_t=e e s|0=A s A t|0=E t A s|3=t | no certificate at levels (3,)
pi_s=a e pi_t=e e s|0=A s E t|0=E t A s|3=t | no certificate at levels (3,)
pi_s=a E pi_t=e s|0=A s a t|0=A t s|3=t | FINITE |H| = 103072640000 (presentation of H_3: 20 relators, max length 2602, all trivial in G)
pi_s=a E pi_t=e s|0=E s e t|0=A t s|3=t | FINITE |H| = 103072640000 (presentation of H_3: 23 relators, max length 1764, all trivial in G)
pi_s=a e pi_t=e s|0=A s A t|0=E t s|3=t | no certificate at levels (3,)
pi_s=a e pi_t=e s|0=E s A t|0=E t s|3=t | no certificate at levels (3,)
pi_s=a e pi_t=a E s|0=A s A t|0=A t e s|3=t | no certificate at levels (3,)
pi_s=a e pi_t=e e s|0=A s A t|0=E t E s|3=t | no certificate at levels (3,)
pi_s=a e pi_t=e e s|0=E s A t|0=E t E s|3=t | no certificate at levels (3,)
pi_s=e a pi_t=a e s|0=A s E t|0=A t E s|3=t | no certificate at levels (3,)
pi_s=e a pi_t=a E s|0=E s E t|0=A t e s|3=t | no certificate at levels (3,)
pi_s=e a pi_t=e e s|0=E s E t|0=E t E s|3=t | no certificate at levels (3,)
pi_s=a a pi_t=a e s|0=A s E t|0=A t E s|3=t | no certificate at levels (3,)
