R=0.253195 classes=[(0, 0), (1, 49), (50, 50)] omegas=[0.2532 0.611  0.1358]  BB=3.493610 best=3.494202
00[0]2020 1.920e-05
00[0]2021 4.632e-05
00[0]2022 1.030e-05
00[2]0200 1.920e-05
00[2]0201 4.632e-05
00[2]0202 1.030e-05
00[2]0210 4.632e-05
00[2]0211 1.118e-04
00[2]0212 2.485e-05
00[2]0220 1.030e-05
00[2]0221 2.485e-05
00[2]0222 5.524e-06
01[0]2020 4.632e-05
01[0]2021 1.118e-04
01[0]2022 2.485e-05
02[0]2000 1.920e-05
02[0]2001 4.632e-05
02[0]2002 1.030e-05
02[0]2010 4.632e-05
02[0]2011 1.118e-04
02[0]2012 2.485e-05
02[0]2020 1.030e-05
02[0]2021 2.485e-05
02[0]2022 5.524e-06
02[0]2100 4.632e-05
02[0]2101 1.118e-04
02[0]2102 2.485e-05
02[0]2110 1.118e-04
02[0]2111 2.697e-04
02[0]2112 5.996e-05
02[0]2120 2.485e-05
02[0]2121 5.996e-05
02[0]2122 1.333e-05
02[0]2200 1.030e-05
02[0]2201 2.485e-05
02[0]2202 5.524e-06
02[0]2210 2.485e-05
02[0]2211 5.996e-05
02[0]2212 1.333e-05
02[0]2220 5.524e-06
02[0]2221 1.333e-05
02[0]2222 2.963e-06
10[0]2020 4.632e-05
10[0]2021 1.118e-04
10[0]2022 2.485e-05
10[2]0200 4.632e-05
10[2]0201 1.118e-04
10[2]0202 2.485e-05
10[2]0210 1.118e-04
10[2]0211 2.697e-04
10[2]0212 5.996e-05
10[2]0220 2.485e-05
10[2]0221 5.996e-05
10[2]0222 1.333e-05
11[0]2020 1.118e-04
11[0]2021 2.697e-04
11[0]2022 5.996e-05
12[0]2020 2.485e-05
12[0]2021 5.996e-05
12[0]2022 1.333e-05
20[0]2020 1.030e-05
20[0]2021 2.485e-05
20[0]2022 5.524e-06
20[2]0200 1.030e-05
20[2]0201 2.485e-05
20[2]0202 5.524e-06
20[2]0210 2.485e-05
20[2]0211 5.996e-05
20[2]0212 1.333e-05
20[2]0220 5.524e-06
20[2]0221 1.333e-05
20[2]0222 2.963e-06
21[0]2020 2.485e-05
21[0]2021 5.996e-05
21[0]2022 1.333e-05
22[0]2020 5.524e-06
22[0]2021 1.333e-05
22[0]2022 2.963e-06
removed windows 78, removed mass 0.003507
