# nice -n 19 timeout 1200 python3 classify.py chain; ... fan; ... cycle scycle   (three runs, concatenated)
== family chain survivors 792 (p, dim Lam) tally {(1, 3): 637, (1, 2): 155}

real	4m26.523s
user	0m38.559s
sys	0m0.066s
== family fan survivors 358 (p, dim Lam) tally {(1, 2): 337, (1, 1): 21}
   dim<2 ('a', 'a E', 'a', '', '', '', 1, [[1, 0, 1]])
   dim<2 ('a', 'a E', 'e', '', '', '', 1, [[1, 0, 1]])
   dim<2 ('e', 'a E', 'a', '', '', '', 1, [[1, 0, 1]])
   dim<2 ('e', 'a E', 'e', '', '', '', 1, [[1, 0, 1]])
   dim<2 ('a e', 'a E', 'a e', '', '', '', 1, [[1, 0, 1]])
   dim<2 ('a e', 'a E', 'e a', '', '', '', 1, [[1, 0, 1]])
   dim<2 ('a e', 'a E', 'a a', '', '', '', 1, [[1, 0, 1]])
   dim<2 ('a e', 'a E', 'e e', '', '', '', 1, [[1, 0, 1]])
   dim<2 ('a E', 'a E', 'a E', 'a', '', 'a', 1, [[1, 0, 1]])
   dim<2 ('e a', 'a E', 'a e', '', '', '', 1, [[1, 0, 1]])
   dim<2 ('e a', 'a E', 'e a', '', '', '', 1, [[1, 0, 1]])
   dim<2 ('e a', 'a E', 'a a', '', '', '', 1, [[1, 0, 1]])
   dim<2 ('e a', 'a E', 'e e', '', '', '', 1, [[1, 0, 1]])
   dim<2 ('a a', 'a E', 'a e', '', '', '', 1, [[1, 0, 1]])
   dim<2 ('a a', 'a E', 'e a', '', '', '', 1, [[1, 0, 1]])
   dim<2 ('a a', 'a E', 'a a', '', '', '', 1, [[1, 0, 1]])
   dim<2 ('a a', 'a E', 'e e', '', '', '', 1, [[1, 0, 1]])
   dim<2 ('e e', 'a E', 'a e', '', '', '', 1, [[1, 0, 1]])
   dim<2 ('e e', 'a E', 'e a', '', '', '', 1, [[1, 0, 1]])
   dim<2 ('e e', 'a E', 'a a', '', '', '', 1, [[1, 0, 1]])
   dim<2 ('e e', 'a E', 'e e', '', '', '', 1, [[1, 0, 1]])

real	3m20.539s
user	0m19.984s
sys	0m0.059s
== family cycle survivors 202 (p, dim Lam) tally {(2, 2): 181, (2, 1): 21}
   dim<2 ('a', 'a', 'a E', '', '', '', 1, [[1, 1, 0]])
   dim<2 ('a', 'e', 'a E', '', '', '', 1, [[1, 1, 0]])
   dim<2 ('e', 'a', 'a E', '', '', '', 1, [[1, 1, 0]])
   dim<2 ('e', 'e', 'a E', '', '', '', 1, [[1, 1, 0]])
   dim<2 ('a e', 'a e', 'a E', '', '', '', 1, [[1, 1, 0]])
   dim<2 ('a e', 'e a', 'a E', '', '', '', 1, [[1, 1, 0]])
   dim<2 ('a e', 'a a', 'a E', '', '', '', 1, [[1, 1, 0]])
   dim<2 ('a e', 'e e', 'a E', '', '', '', 1, [[1, 1, 0]])
   dim<2 ('a E', 'a E', 'a E', 'a', 'a', '', 1, [[1, 1, 0]])
   dim<2 ('e a', 'a e', 'a E', '', '', '', 1, [[1, 1, 0]])
   dim<2 ('e a', 'e a', 'a E', '', '', '', 1, [[1, 1, 0]])
   dim<2 ('e a', 'a a', 'a E', '', '', '', 1, [[1, 1, 0]])
   dim<2 ('e a', 'e e', 'a E', '', '', '', 1, [[1, 1, 0]])
   dim<2 ('a a', 'a e', 'a E', '', '', '', 1, [[1, 1, 0]])
   dim<2 ('a a', 'e a', 'a E', '', '', '', 1, [[1, 1, 0]])
   dim<2 ('a a', 'a a', 'a E', '', '', '', 1, [[1, 1, 0]])
   dim<2 ('a a', 'e e', 'a E', '', '', '', 1, [[1, 1, 0]])
   dim<2 ('e e', 'a e', 'a E', '', '', '', 1, [[1, 1, 0]])
   dim<2 ('e e', 'e a', 'a E', '', '', '', 1, [[1, 1, 0]])
   dim<2 ('e e', 'a a', 'a E', '', '', '', 1, [[1, 1, 0]])
   dim<2 ('e e', 'e e', 'a E', '', '', '', 1, [[1, 1, 0]])
== family scycle survivors 21 (p, dim Lam) tally {(4, 1): 21}
   dim<2 ('a', 'a E', 'a', '', 'a', '', 1, [[0, 0, 1]])
   dim<2 ('a', 'a E', 'e', '', 'a', '', 1, [[0, 0, 1]])
   dim<2 ('a', 'a E', 'a e', '', 'a', '', 1, [[0, 0, 1]])
   dim<2 ('a', 'a E', 'a E', '', 'a', 'a', 1, [[0, 0, 1]])
   dim<2 ('a', 'a E', 'e a', '', 'a', '', 1, [[0, 0, 1]])
   dim<2 ('a', 'a E', 'a a', '', 'a', '', 1, [[0, 0, 1]])
   dim<2 ('a', 'a E', 'e e', '', 'a', '', 1, [[0, 0, 1]])
   dim<2 ('e', 'a E', 'a', '', 'a', '', 1, [[0, 0, 1]])
   dim<2 ('e', 'a E', 'e', '', 'a', '', 1, [[0, 0, 1]])
   dim<2 ('e', 'a E', 'a e', '', 'a', '', 1, [[0, 0, 1]])
   dim<2 ('e', 'a E', 'a E', '', 'a', 'a', 1, [[0, 0, 1]])
   dim<2 ('e', 'a E', 'e a', '', 'a', '', 1, [[0, 0, 1]])
   dim<2 ('e', 'a E', 'a a', '', 'a', '', 1, [[0, 0, 1]])
   dim<2 ('e', 'a E', 'e e', '', 'a', '', 1, [[0, 0, 1]])
   dim<2 ('a E', 'a E', 'a', '', '', '', 1, [[0, 0, 1]])
   dim<2 ('a E', 'a E', 'e', '', '', '', 1, [[0, 0, 1]])
   dim<2 ('a E', 'a E', 'a e', '', '', '', 1, [[0, 0, 1]])
   dim<2 ('a E', 'a E', 'a E', '', '', 'a', 1, [[0, 0, 1]])
   dim<2 ('a E', 'a E', 'e a', '', '', '', 1, [[0, 0, 1]])
   dim<2 ('a E', 'a E', 'a a', '', '', '', 1, [[0, 0, 1]])
   dim<2 ('a E', 'a E', 'e e', '', '', '', 1, [[0, 0, 1]])

real	3m35.524s
user	0m21.896s
sys	0m0.051s
