changed modules: 27
STWProblems.lean
AlgTop/BundleCalculusProjection.lean
AlgTop/BundleCalculusUnitSection.lean
Algebra/CountableMatrixUnits.lean
Algebra/PurelyInfiniteBridge.lean
Algebra/PurelyInfiniteSimpleMatrix.lean
Analysis/SequentialGroupColimitDirectLimit.lean
GGT/DGOLemma421FourGon.lean
GGT/HullSCLemma44FamilyAssembly.lean
GGT/HullSCLemma44JointRelabel.lean
GGT/HullSCLemma44QuasiGeodesicBridge.lean
GGT/HullSCLemma44RespellingWitness.lean
GGT/HullSCRelativeGreendlingerQuasiGeodesicSpelling.lean
GGT/KazhdanHypGirthEightGeodesicWord.lean
GGT/VanKampen/Estimating/SelectionDichotomy.lean
GGT/VanKampen/Estimating/UnboundComponentSplit.lean
KOne/AlgebraicKOne.lean
KOne/AlgebraicKOneFunctor.lean
KTheory/Spaces.lean
Manuscript/MFRecognition/SeedFromTheoremC.lean
== lake build GroupApproximation.AlgTop.BundleCalculusInvariant GroupApproximation.AlgTop.BundleCalculusModelBridge GroupApproximation.AlgTop.BundleCalculusProjection GroupApproximation.AlgTop.BundleCalculusPullback GroupApproximation.AlgTop.BundleCalculusTransport GroupApproximation.AlgTop.BundleCalculusUnitSection  [acn112 13:39:03]
✖ [2970/2975] Building GroupApproximation.AlgTop.BundleCalculusUnitSection (8.4s)
error: GroupApproximation/AlgTop/BundleCalculusUnitSection.lean:68:75: unexpected token 'omit'; expected 'lemma'
error: GroupApproximation/AlgTop/BundleCalculusUnitSection.lean:83:0: automatically included section variable(s) unused in theorem `GroupApproximation.BundleCalculus.isSelfAdjoint_rankOneProj`:
  [Fintype ι]
  [DecidableEq ι]
consider restructuring your `variable` declarations so that the variables are not in scope or explicitly omit them:
  omit [Fintype ι] [DecidableEq ι] in theorem ...

Note: This linter can be disabled with `set_option linter.unusedSectionVars false`
error: GroupApproximation/AlgTop/BundleCalculusUnitSection.lean:99:0: automatically included section variable(s) unused in theorem `GroupApproximation.BundleCalculus.isIdempotentElem_rankOneProj`:
  [DecidableEq ι]
consider restructuring your `variable` declarations so that the variables are not in scope or explicitly omit them:
  omit [DecidableEq ι] in theorem ...

Note: This linter can be disabled with `set_option linter.unusedSectionVars false`
error: GroupApproximation/AlgTop/BundleCalculusUnitSection.lean:112:64: unexpected token 'omit'; expected 'lemma'
error: GroupApproximation/AlgTop/BundleCalculusUnitSection.lean:139:7: unexpected token 'omit'; expected 'lemma'
error: GroupApproximation/AlgTop/BundleCalculusUnitSection.lean:144:69: unexpected token 'omit'; expected 'lemma'
error: GroupApproximation/AlgTop/BundleCalculusUnitSection.lean:200:42: This simp argument is unused:
  Matrix.single_apply

Hint: Omit it from the simp argument list.
  simp [hu, Matrix.vecMulVec_apply,̵ ̵M̵a̵t̵r̵i̵x̵.̵s̵i̵n̵g̵l̵e̵_̵a̵p̵p̵l̵y̵]

Note: This linter can be disabled with `set_option linter.unusedSimpArgs false`
error: GroupApproximation/AlgTop/BundleCalculusUnitSection.lean:201:42: This simp argument is unused:
  Matrix.single_apply

Hint: Omit it from the simp argument list.
  simp [hu, Matrix.vecMulVec_apply, M̵a̵t̵r̵i̵x̵.̵s̵i̵n̵g̵l̵e̵_̵a̵p̵p̵l̵y̵,̵ ̵hj, Ne.symm hj]

Note: This linter can be disabled with `set_option linter.unusedSimpArgs false`
error: GroupApproximation/AlgTop/BundleCalculusUnitSection.lean:202:40: This simp argument is unused:
  Matrix.single_apply

Hint: Omit it from the simp argument list.
  simp [hu, Matrix.vecMulVec_apply, M̵a̵t̵r̵i̵x̵.̵s̵i̵n̵g̵l̵e̵_̵a̵p̵p̵l̵y̵,̵ ̵hi, Ne.symm hi]

Note: This linter can be disabled with `set_option linter.unusedSimpArgs false`
error: Lean exited with code 1
✖ [2972/2975] Building GroupApproximation.AlgTop.BundleCalculusTransport (29s)
error: GroupApproximation/AlgTop/BundleCalculusTransport.lean:112:0: failed to compile definition, consider marking it as 'noncomputable' because it depends on 'ContinuousMap.instCStarAlgebra', which is 'noncomputable'
error: GroupApproximation/AlgTop/BundleCalculusTransport.lean:114:0: failed to compile definition, consider marking it as 'noncomputable' because it depends on 'CommCStarAlgebra.toNonUnitalCommCStarAlgebra', which is 'noncomputable'
error: GroupApproximation/AlgTop/BundleCalculusTransport.lean:118:0: (deterministic) timeout at `whnf`, maximum number of heartbeats (200000) has been reached

Note: Use `set_option maxHeartbeats <num>` to set the limit.

Hint: Additional diagnostic information may be available using the `set_option diagnostics true` command.
error: GroupApproximation/AlgTop/BundleCalculusTransport.lean:131:2: Type mismatch
  murrayVonNeumannEquiv_of_path ?m.23 ?m.25
has type
  MurrayVonNeumannEquiv (?m.22 0) (?m.22 1)
but is expected to have type
  MurrayVonNeumannEquiv (P 0) (P 1)
error: GroupApproximation/AlgTop/BundleCalculusTransport.lean:133:0: (deterministic) timeout at `whnf`, maximum number of heartbeats (200000) has been reached

Note: Use `set_option maxHeartbeats <num>` to set the limit.

Hint: Additional diagnostic information may be available using the `set_option diagnostics true` command.
error: Lean exited with code 1
Some required targets logged failures:
- GroupApproximation.AlgTop.BundleCalculusUnitSection
- GroupApproximation.AlgTop.BundleCalculusTransport
error: build failed
LAKE_EXIT=1
?? AXIOM CHECK VACUOUS: 0 'depends on axioms' lines in the log -- no #print axioms/#audit_axioms reached, so 'sorryAx: none' would prove NOTHING
axiom lines seen: 0
-- axioms declared in GroupApproximation/AlgTop/BundleCalculusInvariant.lean:
-- axioms declared in GroupApproximation/AlgTop/BundleCalculusModelBridge.lean:
-- axioms declared in GroupApproximation/AlgTop/BundleCalculusProjection.lean:
-- axioms declared in GroupApproximation/AlgTop/BundleCalculusPullback.lean:
-- axioms declared in GroupApproximation/AlgTop/BundleCalculusTransport.lean:
-- axioms declared in GroupApproximation/AlgTop/BundleCalculusUnitSection.lean:
-- per-target axiom section joins Lean MULTI-LINE axiom lists in full; the RAW remote log is still the authority
sorryAx: none
PROBE FAILED
jobs line: 
SENTINEL=0
