purged 0 stale artifact sets (source-newer=0, import-newer=0) of 3350 oleans
[job] acn112 cores=72-79 threads=8 base=98a2ffa57ce3a17d59f2f9aaeeafc655343f55d5 mods: GroupApproximation.GGT.VanKampen.Estimating.OsinPocketArcTrim
ℹ [3295/3434] Replayed GroupApproximation.Sofic.KazhdanCornerCompression
info: GroupApproximation/Sofic/KazhdanCornerCompression.lean:342:4: Try this:
  [apply] abel_nf
ℹ [10088/10088] Built GroupApproximation.GGT.VanKampen.Estimating.OsinPocketArcTrim (21s)
info: GroupApproximation/GGT/VanKampen/Estimating/OsinPocketArcTrim.lean:230:14: 'GroupApproximation.GGT.VanKampen.Embedded.CyclicArc.dropLastArc_darts' depends on axioms: [propext, Quot.sound]
info: GroupApproximation/GGT/VanKampen/Estimating/OsinPocketArcTrim.lean:231:14: 'GroupApproximation.GGT.VanKampen.Embedded.CyclicArc.tailArc_darts' depends on axioms: [propext, Quot.sound]
info: GroupApproximation/GGT/VanKampen/Estimating/OsinPocketArcTrim.lean:232:14: 'GroupApproximation.GGT.VanKampen.PocketFaceSet.trimSourceLast' depends on axioms: [propext,
 Classical.choice,
 Quot.sound]
info: GroupApproximation/GGT/VanKampen/Estimating/OsinPocketArcTrim.lean:233:14: 'GroupApproximation.GGT.VanKampen.PocketFaceSet.trimTargetHead' depends on axioms: [propext,
 Classical.choice,
 Quot.sound]
info: GroupApproximation/GGT/VanKampen/Estimating/OsinPocketArcTrim.lean:234:14: 'GroupApproximation.GGT.VanKampen.PocketFaceSet.simple_trimSourceLast_iff' depends on axioms: [propext,
 Classical.choice,
 Quot.sound]
info: GroupApproximation/GGT/VanKampen/Estimating/OsinPocketArcTrim.lean:235:14: 'GroupApproximation.GGT.VanKampen.PocketFaceSet.trimSourceLast_sourceArc_lt' depends on axioms: [propext,
 Classical.choice,
 Quot.sound]
info: GroupApproximation/GGT/VanKampen/Estimating/OsinPocketArcTrim.lean:236:14: 'GroupApproximation.GGT.VanKampen.PocketFaceSet.trimTargetHead_targetArc_lt' depends on axioms: [propext,
 Classical.choice,
 Quot.sound]
Build completed successfully (10088 jobs).
EXIT=0
