purged 0 stale artifact sets (source-newer=0, import-newer=0) of 3235 oleans
[job] acn112 cores=64-71 threads=8 base=c67493c50fe55f933c153a43833c8b2af4a80709 mods: GroupApproximation.Manuscript.OneSidedMFRadical.MFRadicalTransport
ℹ [3632/3724] Replayed GroupApproximation.Sofic.KazhdanCornerCompression
info: GroupApproximation/Sofic/KazhdanCornerCompression.lean:342:4: Try this:
  [apply] abel_nf
ℹ [4284/4284] Built GroupApproximation.Manuscript.OneSidedMFRadical.MFRadicalTransport (15s)
info: GroupApproximation/Manuscript/OneSidedMFRadical/MFRadicalTransport.lean:221:14: 'GroupApproximation.MFRadicalTransport.map_mfHomKernel_le' depends on axioms: [propext, Classical.choice, Quot.sound]
info: GroupApproximation/Manuscript/OneSidedMFRadical/MFRadicalTransport.lean:222:14: 'GroupApproximation.MFRadicalTransport.mem_mfHomKernel_of_conj_mem' depends on axioms: [propext,
 Classical.choice,
 Quot.sound]
info: GroupApproximation/Manuscript/OneSidedMFRadical/MFRadicalTransport.lean:223:14: 'GroupApproximation.MFRadicalTransport.le_mfHomKernel_of_conj_mem_map' depends on axioms: [propext,
 Classical.choice,
 Quot.sound]
info: GroupApproximation/Manuscript/OneSidedMFRadical/MFRadicalTransport.lean:224:14: 'GroupApproximation.MFRadicalTransport.mfHomKernel_le_ker' depends on axioms: [propext, Classical.choice, Quot.sound]
info: GroupApproximation/Manuscript/OneSidedMFRadical/MFRadicalTransport.lean:225:14: 'GroupApproximation.MFRadicalTransport.mfHomKernel_eq_bot_of_isOperatorMF' depends on axioms: [propext,
 Classical.choice,
 Quot.sound]
info: GroupApproximation/Manuscript/OneSidedMFRadical/MFRadicalTransport.lean:226:14: 'GroupApproximation.MFRadicalTransport.mfHomKernel_eq_ker_of_le' depends on axioms: [propext,
 Classical.choice,
 Quot.sound]
info: GroupApproximation/Manuscript/OneSidedMFRadical/MFRadicalTransport.lean:227:14: 'GroupApproximation.MFRadicalTransport.mfHomKernel_eq_ker_of_conj_into_embedded' depends on axioms: [propext,
 Classical.choice,
 Quot.sound]
info: GroupApproximation/Manuscript/OneSidedMFRadical/MFRadicalTransport.lean:228:14: 'GroupApproximation.MFRadicalTransport.quotientMFRadicalEquivRange' depends on axioms: [propext,
 Classical.choice,
 Quot.sound]
info: GroupApproximation/Manuscript/OneSidedMFRadical/MFRadicalTransport.lean:229:14: 'GroupApproximation.MFRadicalTransport.isLEF_range' depends on axioms: [propext, Classical.choice, Quot.sound]
info: GroupApproximation/Manuscript/OneSidedMFRadical/MFRadicalTransport.lean:230:14: 'GroupApproximation.MFRadicalTransport.isOperatorMF_range_of_isLEF' depends on axioms: [propext,
 Classical.choice,
 Quot.sound]
info: GroupApproximation/Manuscript/OneSidedMFRadical/MFRadicalTransport.lean:231:14: 'GroupApproximation.MFRadicalTransport.not_isOperatorMF_of_injective_of_mem' depends on axioms: [propext,
 Classical.choice,
 Quot.sound]
info: GroupApproximation/Manuscript/OneSidedMFRadical/MFRadicalTransport.lean:232:14: 'GroupApproximation.MFRadicalTransport.isOperatorMF_iff_isLEF_and_isLEF_iff_of_pieces' depends on axioms: [propext,
 Classical.choice,
 Quot.sound]
info: GroupApproximation/Manuscript/OneSidedMFRadical/MFRadicalTransport.lean:233:14: 'GroupApproximation.MFRadicalTransport.isDedekindFiniteMonoid_of_injective_nonUnitalRingHom' depends on axioms: [propext]
info: GroupApproximation/Manuscript/OneSidedMFRadical/MFRadicalTransport.lean:234:14: 'GroupApproximation.MFRadicalTransport.isDedekindFiniteMonoid_of_injective_nonUnitalRingHom_matrix' depends on axioms: [propext,
 Classical.choice,
 Quot.sound]
info: GroupApproximation/Manuscript/OneSidedMFRadical/MFRadicalTransport.lean:235:14: 'GroupApproximation.MFRadicalTransport.not_isDedekindFiniteMonoid_of_tower_corner' depends on axioms: [propext,
 Classical.choice,
 Quot.sound]
Build completed successfully (4284 jobs).
EXIT=0
