purged 1 stale artifact sets (source-newer=1, import-newer=0) of 3615 oleans
[job] acn65 cores=slurm threads=8 base=76331da9ef509024be8fe580fe1845ad25ff47d0 mods: GroupApproximation.GGT.VanKampen.Estimating.OsinPocketPinchFirstTurnSection
ℹ [3322/3389] Replayed GroupApproximation.Sofic.KazhdanCornerCompression
info: GroupApproximation/Sofic/KazhdanCornerCompression.lean:342:4: Try this:
  [apply] abel_nf
ℹ [10170/10258] Replayed GroupApproximation.GGT.VanKampen.Estimating.OsinPocketPinchPositive
info: GroupApproximation/GGT/VanKampen/Estimating/OsinPocketPinchPositive.lean:142:14: 'GroupApproximation.GGT.VanKampen.PocketPinchLabelledPosStatement' depends on axioms: [propext,
 Classical.choice,
 Quot.sound]
info: GroupApproximation/GGT/VanKampen/Estimating/OsinPocketPinchPositive.lean:143:14: 'GroupApproximation.GGT.VanKampen.PocketPinchStepPosStatement' depends on axioms: [propext,
 Classical.choice,
 Quot.sound]
info: GroupApproximation/GGT/VanKampen/Estimating/OsinPocketPinchPositive.lean:144:14: 'GroupApproximation.GGT.VanKampen.pocketPinchLabelledPosStatement_of_labelled' depends on axioms: [propext,
 Classical.choice,
 Quot.sound]
info: GroupApproximation/GGT/VanKampen/Estimating/OsinPocketPinchPositive.lean:145:14: 'GroupApproximation.GGT.VanKampen.pocketPinchStepPosStatement_of_step' depends on axioms: [propext,
 Classical.choice,
 Quot.sound]
info: GroupApproximation/GGT/VanKampen/Estimating/OsinPocketPinchPositive.lean:146:14: 'GroupApproximation.GGT.VanKampen.pocketPinchLabelledPosStatement_of_stepPos' depends on axioms: [propext,
 Classical.choice,
 Quot.sound]
info: GroupApproximation/GGT/VanKampen/Estimating/OsinPocketPinchPositive.lean:147:14: 'GroupApproximation.GGT.VanKampen.sectionPocketCutInput_of_residualsPos' depends on axioms: [propext,
 Classical.choice,
 Quot.sound]
info: GroupApproximation/GGT/VanKampen/Estimating/OsinPocketPinchPositive.lean:148:14: 'GroupApproximation.GGT.VanKampen.osinSectionPocketCutSection_of_residualsPos' depends on axioms: [propext,
 Classical.choice,
 Quot.sound]
ℹ [10190/10258] Replayed GroupApproximation.GGT.VanKampen.Estimating.OsinDescentResidualsPos
info: GroupApproximation/GGT/VanKampen/Estimating/OsinDescentResidualsPos.lean:61:14: 'GroupApproximation.GGT.VanKampen.osinDescentSection_of_residualsPos' depends on axioms: [propext,
 Classical.choice,
 Quot.sound]
info: GroupApproximation/GGT/VanKampen/Estimating/OsinDescentResidualsPos.lean:62:14: 'GroupApproximation.GGT.VanKampen.relativeGreendlingerQuasiGeodesicLeastArea_of_residualsPos' depends on axioms: [propext,
 Classical.choice,
 Quot.sound]
ℹ [10282/10285] Replayed GroupApproximation.GGT.VanKampen.Estimating.OsinPocketPinchSection
info: GroupApproximation/GGT/VanKampen/Estimating/OsinPocketPinchSection.lean:199:14: 'GroupApproximation.GGT.VanKampen.SectionPocketFaceSetProperInput' depends on axioms: [propext,
 Classical.choice,
 Quot.sound]
info: GroupApproximation/GGT/VanKampen/Estimating/OsinPocketPinchSection.lean:200:14: 'GroupApproximation.GGT.VanKampen.SectionPocketFaceSetProperInput.toInput' depends on axioms: [propext,
 Classical.choice,
 Quot.sound]
info: GroupApproximation/GGT/VanKampen/Estimating/OsinPocketPinchSection.lean:201:14: 'GroupApproximation.GGT.VanKampen.OsinSectionPocketFaceSetProperSectionStatement' depends on axioms: [propext,
 Classical.choice,
 Quot.sound]
info: GroupApproximation/GGT/VanKampen/Estimating/OsinPocketPinchSection.lean:202:14: 'GroupApproximation.GGT.VanKampen.PocketPinchLabelledSectionStatement' depends on axioms: [propext,
 Classical.choice,
 Quot.sound]
info: GroupApproximation/GGT/VanKampen/Estimating/OsinPocketPinchSection.lean:203:14: 'GroupApproximation.GGT.VanKampen.pocketPinchLabelledSectionStatement_of_pos' depends on axioms: [propext,
 Classical.choice,
 Quot.sound]
info: GroupApproximation/GGT/VanKampen/Estimating/OsinPocketPinchSection.lean:204:14: 'GroupApproximation.GGT.VanKampen.sectionPocketCutInput_of_residualsSection' depends on axioms: [propext,
 Classical.choice,
 Quot.sound]
info: GroupApproximation/GGT/VanKampen/Estimating/OsinPocketPinchSection.lean:205:14: 'GroupApproximation.GGT.VanKampen.osinSectionPocketCutSection_of_residualsSection' depends on axioms: [propext,
 Classical.choice,
 Quot.sound]
info: GroupApproximation/GGT/VanKampen/Estimating/OsinPocketPinchSection.lean:206:14: 'GroupApproximation.GGT.VanKampen.relativeGreendlingerQuasiGeodesicLeastArea_of_residualsV2CopyProper' depends on axioms: [propext,
 Classical.choice,
 Quot.sound]
ℹ [10285/10285] Built GroupApproximation.GGT.VanKampen.Estimating.OsinPocketPinchFirstTurnSection (258s)
info: GroupApproximation/GGT/VanKampen/Estimating/OsinPocketPinchFirstTurnSection.lean:206:14: 'GroupApproximation.GGT.VanKampen.PocketFaceSet.exists_firstTurnStepSection_of_turn' depends on axioms: [propext,
 Classical.choice,
 Quot.sound]
info: GroupApproximation/GGT/VanKampen/Estimating/OsinPocketPinchFirstTurnSection.lean:207:14: 'GroupApproximation.GGT.VanKampen.PocketFaceSet.exists_firstTurnStepSection_of_goodCorners' depends on axioms: [propext,
 Classical.choice,
 Quot.sound]
info: GroupApproximation/GGT/VanKampen/Estimating/OsinPocketPinchFirstTurnSection.lean:208:14: 'GroupApproximation.GGT.VanKampen.PocketPinchGoodCornerStepSectionStatement' depends on axioms: [propext,
 Classical.choice,
 Quot.sound]
info: GroupApproximation/GGT/VanKampen/Estimating/OsinPocketPinchFirstTurnSection.lean:209:21: 'GroupApproximation.GGT.VanKampen.pocketPinchGoodCornerStepSection' depends on axioms: [propext,
 Classical.choice,
 Quot.sound]
info: GroupApproximation/GGT/VanKampen/Estimating/OsinPocketPinchFirstTurnSection.lean:210:14: 'GroupApproximation.GGT.VanKampen.PocketPinchLabelledFirstTurnSectionStatement' depends on axioms: [propext,
 Classical.choice,
 Quot.sound]
info: GroupApproximation/GGT/VanKampen/Estimating/OsinPocketPinchFirstTurnSection.lean:211:14: 'GroupApproximation.GGT.VanKampen.pocketPinchLabelledFirstTurnSectionStatement_of_section' depends on axioms: [propext,
 Classical.choice,
 Quot.sound]
info: GroupApproximation/GGT/VanKampen/Estimating/OsinPocketPinchFirstTurnSection.lean:212:14: 'GroupApproximation.GGT.VanKampen.PocketPinchStepFirstTurnSectionStatement' depends on axioms: [propext,
 Classical.choice,
 Quot.sound]
info: GroupApproximation/GGT/VanKampen/Estimating/OsinPocketPinchFirstTurnSection.lean:213:14: 'GroupApproximation.GGT.VanKampen.pocketPinchLabelledFirstTurnSectionStatement_of_step' depends on axioms: [propext,
 Classical.choice,
 Quot.sound]
Build completed successfully (10285 jobs).
EXIT=0
