purged 0 stale artifact sets (source-newer=0, import-newer=0) of 3349 oleans
[job] acn112 cores=72-79 threads=8 base=25481281178254da610f99ceb58d785662e172b0 mods: GroupApproximation.GGT.VanKampen.Estimating.OsinPocketFullArc GroupApproximation.GGT.VanKampen.Estimating.OsinPocketArcTrim
ℹ [3295/3413] Replayed GroupApproximation.Sofic.KazhdanCornerCompression
info: GroupApproximation/Sofic/KazhdanCornerCompression.lean:342:4: Try this:
  [apply] abel_nf
ℹ [10026/10092] Replayed GroupApproximation.GGT.VanKampen.Estimating.OsinPocketPinchedTwoGonModel
info: GroupApproximation/GGT/VanKampen/Estimating/OsinPocketPinchedTwoGonModel.lean:303:21: 'GroupApproximation.GGT.VanKampen.OsinPocketPinchedTwoGonModel.no_faceSetBoundary' depends on axioms: [propext,
 Classical.choice,
 Quot.sound]
info: GroupApproximation/GGT/VanKampen/Estimating/OsinPocketPinchedTwoGonModel.lean:304:14: 'GroupApproximation.GGT.VanKampen.OsinPocketPinchedTwoGonModel.no_contiguity' depends on axioms: [propext,
 Classical.choice,
 Quot.sound]
ℹ [10088/10092] Replayed GroupApproximation.GGT.VanKampen.Estimating.OsinPocketWrapMonogon
info: GroupApproximation/GGT/VanKampen/Estimating/OsinPocketWrapMonogon.lean:249:14: 'GroupApproximation.GGT.VanKampen.PocketWrap.eq_or_mem_of_cycle_eq_singleton' depends on axioms: [propext,
 Classical.choice,
 Quot.sound]
info: GroupApproximation/GGT/VanKampen/Estimating/OsinPocketWrapMonogon.lean:250:14: 'GroupApproximation.GGT.VanKampen.PocketWrap.not_simple_of_monogons' depends on axioms: [propext,
 Classical.choice,
 Quot.sound]
info: GroupApproximation/GGT/VanKampen/Estimating/OsinPocketWrapMonogon.lean:251:14: 'GroupApproximation.GGT.VanKampen.PocketWrap.no_simple_of_oEquivalent_monogons' depends on axioms: [propext,
 Classical.choice,
 Quot.sound]
info: GroupApproximation/GGT/VanKampen/Estimating/OsinPocketWrapMonogon.lean:252:14: 'GroupApproximation.GGT.VanKampen.PocketWrap.not_pocketPinchStatement_of_monogons' depends on axioms: [propext,
 Classical.choice,
 Quot.sound]
info: GroupApproximation/GGT/VanKampen/Estimating/OsinPocketWrapMonogon.lean:253:14: 'GroupApproximation.GGT.VanKampen.PocketWrap.not_pocketPinchPinchedStatement_of_monogons' depends on axioms: [propext,
 Classical.choice,
 Quot.sound]
info: GroupApproximation/GGT/VanKampen/Estimating/OsinPocketWrapMonogon.lean:254:14: 'GroupApproximation.GGT.VanKampen.PocketWrap.not_pocketPinchLabelledStatement_of_monogons' depends on axioms: [propext,
 Classical.choice,
 Quot.sound]
info: GroupApproximation/GGT/VanKampen/Estimating/OsinPocketWrapMonogon.lean:255:14: 'GroupApproximation.GGT.VanKampen.PocketWrap.not_pocketPinchStepStatement_of_monogons' depends on axioms: [propext,
 Classical.choice,
 Quot.sound]
ℹ [10089/10092] Replayed GroupApproximation.GGT.VanKampen.Estimating.OsinPocketWrapRose
info: GroupApproximation/GGT/VanKampen/Estimating/OsinPocketWrapRose.lean:433:14: 'GroupApproximation.GGT.VanKampen.OsinPocketWrapRose.wrapDiagram' depends on axioms: [propext,
 Classical.choice,
 Quot.sound]
info: GroupApproximation/GGT/VanKampen/Estimating/OsinPocketWrapRose.lean:434:14: 'GroupApproximation.GGT.VanKampen.OsinPocketWrapRose.wrapK' depends on axioms: [propext, Classical.choice, Quot.sound]
info: GroupApproximation/GGT/VanKampen/Estimating/OsinPocketWrapRose.lean:435:21: 'GroupApproximation.GGT.VanKampen.OsinPocketWrapRose.wrapK_closedWalk' depends on axioms: [propext,
 Classical.choice,
 Quot.sound]
info: GroupApproximation/GGT/VanKampen/Estimating/OsinPocketWrapRose.lean:436:14: 'GroupApproximation.GGT.VanKampen.OsinPocketWrapRose.wrapK_followsBoundary' depends on axioms: [propext,
 Classical.choice,
 Quot.sound]
info: GroupApproximation/GGT/VanKampen/Estimating/OsinPocketWrapRose.lean:437:14: 'GroupApproximation.GGT.VanKampen.OsinPocketWrapRose.wrapK_not_unpinched' depends on axioms: [propext,
 Classical.choice,
 Quot.sound]
info: GroupApproximation/GGT/VanKampen/Estimating/OsinPocketWrapRose.lean:438:21: 'GroupApproximation.GGT.VanKampen.OsinPocketWrapRose.pocketPinchWrapModel' depends on axioms: [propext,
 Classical.choice,
 Quot.sound]
info: GroupApproximation/GGT/VanKampen/Estimating/OsinPocketWrapRose.lean:439:21: 'GroupApproximation.GGT.VanKampen.OsinPocketWrapRose.pocketPinchWrapRefutation' depends on axioms: [propext,
 Classical.choice,
 Quot.sound]
✖ [10091/10092] Building GroupApproximation.GGT.VanKampen.Estimating.OsinPocketArcTrim (27s)
trace: .> LEAN_PATH=/projects/standard/hsiehph/sauer354/cc_clones/cs-endpoint/.lake/packages/Cli/.lake/build/lib/lean:/projects/standard/hsiehph/sauer354/cc_clones/cs-endpoint/.lake/packages/batteries/.lake/build/lib/lean:/projects/standard/hsiehph/sauer354/cc_clones/cs-endpoint/.lake/packages/Qq/.lake/build/lib/lean:/projects/standard/hsiehph/sauer354/cc_clones/cs-endpoint/.lake/packages/aesop/.lake/build/lib/lean:/projects/standard/hsiehph/sauer354/cc_clones/cs-endpoint/.lake/packages/proofwidgets/.lake/build/lib/lean:/projects/standard/hsiehph/sauer354/cc_clones/cs-endpoint/.lake/packages/importGraph/.lake/build/lib/lean:/projects/standard/hsiehph/sauer354/cc_clones/cs-endpoint/.lake/packages/LeanSearchClient/.lake/build/lib/lean:/projects/standard/hsiehph/sauer354/cc_clones/cs-endpoint/.lake/packages/plausible/.lake/build/lib/lean:/projects/standard/hsiehph/sauer354/cc_clones/cs-endpoint/.lake/packages/mathlib/.lake/build/lib/lean:/projects/standard/hsiehph/sauer354/cc_clones/lix-f/.lake/build/lib/lean /projects/standard/hsiehph/sauer354/.elan/toolchains/leanprover--lean4---v4.32.0/bin/lean -DwarningAsError=true /projects/standard/hsiehph/sauer354/cc_clones/lix-f/GroupApproximation/GGT/VanKampen/Estimating/OsinPocketArcTrim.lean -o /projects/standard/hsiehph/sauer354/cc_clones/lix-f/.lake/build/lib/lean/GroupApproximation/GGT/VanKampen/Estimating/OsinPocketArcTrim.olean -i /projects/standard/hsiehph/sauer354/cc_clones/lix-f/.lake/build/lib/lean/GroupApproximation/GGT/VanKampen/Estimating/OsinPocketArcTrim.ilean -c /projects/standard/hsiehph/sauer354/cc_clones/lix-f/.lake/build/ir/GroupApproximation/GGT/VanKampen/Estimating/OsinPocketArcTrim.c --setup /projects/standard/hsiehph/sauer354/cc_clones/lix-f/.lake/build/ir/GroupApproximation/GGT/VanKampen/Estimating/OsinPocketArcTrim.setup.json --json
error: GroupApproximation/GGT/VanKampen/Estimating/OsinPocketArcTrim.lean:117:19: unsolved goals
G : Type u
inst✝ : Group G
Lambda : Type w
W : Set (List (RelLetter G Lambda))
D : RelGenSet G Lambda
eps : ℕ
X : DiscDiagram W
lo hi : ℕ
K : PocketFaceSet D eps X lo hi
hlabel : ∀ (d : X.toCombMap.Dart), (symmetricLabelAlphabet D).IsLetter (X.label d)
hne : K.sourceArc.darts ≠ []
hroom : K.firstSide.length < eps
⊢ K.firstSide ++
      X.toCombMap.alpha (K.sourceArc.darts.getLast hne) ::
        (invDarts X K.sourceArc.darts.dropLast ++ (K.secondSide ++ K.targetArc.darts)) =
    K.firstSide ++
      X.toCombMap.alpha (K.sourceArc.darts.getLast hne) ::
        ([] ++ (invDarts X K.sourceArc.darts.dropLast ++ (K.secondSide ++ K.targetArc.darts)))
error: GroupApproximation/GGT/VanKampen/Estimating/OsinPocketArcTrim.lean:119:34: This simp argument is unused:
  List.singleton_append

Hint: Omit it from the simp argument list.
  simp only [List.append_assoc, List.s̵i̵n̵g̵l̵e̵t̵o̵n̵_̵a̵p̵p̵e̵n̵d̵,̵ ̵L̵i̵s̵t̵.̵cons_append]

Note: This linter can be disabled with `set_option linter.unusedSimpArgs false`
info: GroupApproximation/GGT/VanKampen/Estimating/OsinPocketArcTrim.lean:230:14: 'GroupApproximation.GGT.VanKampen.Embedded.CyclicArc.dropLastArc_darts' depends on axioms: [propext, Quot.sound]
info: GroupApproximation/GGT/VanKampen/Estimating/OsinPocketArcTrim.lean:231:14: 'GroupApproximation.GGT.VanKampen.Embedded.CyclicArc.tailArc_darts' depends on axioms: [propext, Quot.sound]
error: GroupApproximation/GGT/VanKampen/Estimating/OsinPocketArcTrim.lean:232:14: 'GroupApproximation.GGT.VanKampen.PocketFaceSet.trimSourceLast' depends on axioms outside the classical allowlist: [sorryAx]
  full closure: [propext, sorryAx, Classical.choice, Quot.sound]
  permitted: [propext, Classical.choice, Quot.sound]
info: GroupApproximation/GGT/VanKampen/Estimating/OsinPocketArcTrim.lean:233:14: 'GroupApproximation.GGT.VanKampen.PocketFaceSet.trimTargetHead' depends on axioms: [propext,
 Classical.choice,
 Quot.sound]
error: GroupApproximation/GGT/VanKampen/Estimating/OsinPocketArcTrim.lean:234:14: 'GroupApproximation.GGT.VanKampen.PocketFaceSet.simple_trimSourceLast_iff' depends on axioms outside the classical allowlist: [sorryAx]
  full closure: [propext, sorryAx, Classical.choice, Quot.sound]
  permitted: [propext, Classical.choice, Quot.sound]
error: GroupApproximation/GGT/VanKampen/Estimating/OsinPocketArcTrim.lean:235:14: 'GroupApproximation.GGT.VanKampen.PocketFaceSet.trimSourceLast_sourceArc_lt' depends on axioms outside the classical allowlist: [sorryAx]
  full closure: [propext, sorryAx, Classical.choice, Quot.sound]
  permitted: [propext, Classical.choice, Quot.sound]
info: GroupApproximation/GGT/VanKampen/Estimating/OsinPocketArcTrim.lean:236:14: 'GroupApproximation.GGT.VanKampen.PocketFaceSet.trimTargetHead_targetArc_lt' depends on axioms: [propext,
 Classical.choice,
 Quot.sound]
error: Lean exited with code 1
ℹ [10092/10092] Built GroupApproximation.GGT.VanKampen.Estimating.OsinPocketFullArc (28s)
info: GroupApproximation/GGT/VanKampen/Estimating/OsinPocketFullArc.lean:281:14: 'GroupApproximation.GGT.VanKampen.PocketFullArc.cyclicRel_rotate' depends on axioms: [propext,
 Classical.choice,
 Quot.sound]
info: GroupApproximation/GGT/VanKampen/Estimating/OsinPocketFullArc.lean:282:14: 'GroupApproximation.GGT.VanKampen.PocketFullArc.darts_eq_rotate_of_full' depends on axioms: [propext, Quot.sound]
info: GroupApproximation/GGT/VanKampen/Estimating/OsinPocketFullArc.lean:283:14: 'GroupApproximation.GGT.VanKampen.PocketFullArc.outerDarts_chain' depends on axioms: [propext,
 Classical.choice,
 Quot.sound]
info: GroupApproximation/GGT/VanKampen/Estimating/OsinPocketFullArc.lean:284:14: 'GroupApproximation.GGT.VanKampen.PocketFullArc.outerDarts_cyclic' depends on axioms: [propext,
 Classical.choice,
 Quot.sound]
info: GroupApproximation/GGT/VanKampen/Estimating/OsinPocketFullArc.lean:285:14: 'GroupApproximation.GGT.VanKampen.PocketFaceSet.not_simple_of_full_sourceArc' depends on axioms: [propext,
 Classical.choice,
 Quot.sound]
info: GroupApproximation/GGT/VanKampen/Estimating/OsinPocketFullArc.lean:286:14: 'GroupApproximation.GGT.VanKampen.PocketFaceSet.not_simple_of_full_targetArc' depends on axioms: [propext,
 Classical.choice,
 Quot.sound]
info: GroupApproximation/GGT/VanKampen/Estimating/OsinPocketFullArc.lean:287:21: 'GroupApproximation.GGT.VanKampen.PocketFullArc.wrapK_not_simple' depends on axioms: [propext,
 Classical.choice,
 Quot.sound]
Some required targets logged failures:
- GroupApproximation.GGT.VanKampen.Estimating.OsinPocketArcTrim
error: build failed
EXIT=1
