purged 0 stale artifact sets (source-newer=0, import-newer=0) of 3266 oleans
[job] acn112 cores=72-79 threads=8 base=47d83f1f8b4016fcb7081d0a6a35756380f3ab6d mods: GroupApproximation.Manuscript.NonMFSentences.DynamicRankBudget
ℹ [3632/3754] Replayed GroupApproximation.Sofic.KazhdanCornerCompression
info: GroupApproximation/Sofic/KazhdanCornerCompression.lean:342:4: Try this:
  [apply] abel_nf
ℹ [4291/4292] Replayed GroupApproximation.Manuscript.OneSidedMFRadical.MFRadicalTransport
info: GroupApproximation/Manuscript/OneSidedMFRadical/MFRadicalTransport.lean:221:14: 'GroupApproximation.MFRadicalTransport.map_mfHomKernel_le' depends on axioms: [propext, Classical.choice, Quot.sound]
info: GroupApproximation/Manuscript/OneSidedMFRadical/MFRadicalTransport.lean:222:14: 'GroupApproximation.MFRadicalTransport.mem_mfHomKernel_of_conj_mem' depends on axioms: [propext,
 Classical.choice,
 Quot.sound]
info: GroupApproximation/Manuscript/OneSidedMFRadical/MFRadicalTransport.lean:223:14: 'GroupApproximation.MFRadicalTransport.le_mfHomKernel_of_conj_mem_map' depends on axioms: [propext,
 Classical.choice,
 Quot.sound]
info: GroupApproximation/Manuscript/OneSidedMFRadical/MFRadicalTransport.lean:224:14: 'GroupApproximation.MFRadicalTransport.mfHomKernel_le_ker' depends on axioms: [propext, Classical.choice, Quot.sound]
info: GroupApproximation/Manuscript/OneSidedMFRadical/MFRadicalTransport.lean:225:14: 'GroupApproximation.MFRadicalTransport.mfHomKernel_eq_bot_of_isOperatorMF' depends on axioms: [propext,
 Classical.choice,
 Quot.sound]
info: GroupApproximation/Manuscript/OneSidedMFRadical/MFRadicalTransport.lean:226:14: 'GroupApproximation.MFRadicalTransport.mfHomKernel_eq_ker_of_le' depends on axioms: [propext,
 Classical.choice,
 Quot.sound]
info: GroupApproximation/Manuscript/OneSidedMFRadical/MFRadicalTransport.lean:227:14: 'GroupApproximation.MFRadicalTransport.mfHomKernel_eq_ker_of_conj_into_embedded' depends on axioms: [propext,
 Classical.choice,
 Quot.sound]
info: GroupApproximation/Manuscript/OneSidedMFRadical/MFRadicalTransport.lean:228:14: 'GroupApproximation.MFRadicalTransport.quotientMFRadicalEquivRange' depends on axioms: [propext,
 Classical.choice,
 Quot.sound]
info: GroupApproximation/Manuscript/OneSidedMFRadical/MFRadicalTransport.lean:229:14: 'GroupApproximation.MFRadicalTransport.isLEF_range' depends on axioms: [propext, Classical.choice, Quot.sound]
info: GroupApproximation/Manuscript/OneSidedMFRadical/MFRadicalTransport.lean:230:14: 'GroupApproximation.MFRadicalTransport.isOperatorMF_range_of_isLEF' depends on axioms: [propext,
 Classical.choice,
 Quot.sound]
info: GroupApproximation/Manuscript/OneSidedMFRadical/MFRadicalTransport.lean:231:14: 'GroupApproximation.MFRadicalTransport.not_isOperatorMF_of_injective_of_mem' depends on axioms: [propext,
 Classical.choice,
 Quot.sound]
info: GroupApproximation/Manuscript/OneSidedMFRadical/MFRadicalTransport.lean:232:14: 'GroupApproximation.MFRadicalTransport.isOperatorMF_iff_isLEF_and_isLEF_iff_of_pieces' depends on axioms: [propext,
 Classical.choice,
 Quot.sound]
info: GroupApproximation/Manuscript/OneSidedMFRadical/MFRadicalTransport.lean:233:14: 'GroupApproximation.MFRadicalTransport.isDedekindFiniteMonoid_of_injective_nonUnitalRingHom' depends on axioms: [propext]
info: GroupApproximation/Manuscript/OneSidedMFRadical/MFRadicalTransport.lean:234:14: 'GroupApproximation.MFRadicalTransport.isDedekindFiniteMonoid_of_injective_nonUnitalRingHom_matrix' depends on axioms: [propext,
 Classical.choice,
 Quot.sound]
info: GroupApproximation/Manuscript/OneSidedMFRadical/MFRadicalTransport.lean:235:14: 'GroupApproximation.MFRadicalTransport.not_isDedekindFiniteMonoid_of_tower_corner' depends on axioms: [propext,
 Classical.choice,
 Quot.sound]
ℹ [4292/4292] Built GroupApproximation.Manuscript.NonMFSentences.DynamicRankBudget (20s)
info: GroupApproximation/Manuscript/NonMFSentences/DynamicRankBudget.lean:429:14: 'GroupApproximation.ChainCore.DynamicRankBudget.image_core' depends on axioms: [propext, Classical.choice, Quot.sound]
info: GroupApproximation/Manuscript/NonMFSentences/DynamicRankBudget.lean:430:14: 'GroupApproximation.ChainCore.DynamicRankBudget.isLocallyFiniteGroup_elCoreKernel' depends on axioms: [propext,
 Classical.choice,
 Quot.sound]
info: GroupApproximation/Manuscript/NonMFSentences/DynamicRankBudget.lean:431:14: 'GroupApproximation.ChainCore.DynamicRankBudget.countable_units_matrix' depends on axioms: [propext,
 Classical.choice,
 Quot.sound]
info: GroupApproximation/Manuscript/NonMFSentences/DynamicRankBudget.lean:432:14: 'GroupApproximation.ChainCore.DynamicRankBudget.countable_units' depends on axioms: []
info: GroupApproximation/Manuscript/NonMFSentences/DynamicRankBudget.lean:433:14: 'GroupApproximation.ChainCore.DynamicRankBudget.exists_mem_ne_one_of_injective' depends on axioms: [propext,
 Classical.choice,
 Quot.sound]
info: GroupApproximation/Manuscript/NonMFSentences/DynamicRankBudget.lean:434:14: 'GroupApproximation.ChainCore.DynamicRankBudget.mfHomKernel_eq_ker_of_conj' depends on axioms: [propext,
 Classical.choice,
 Quot.sound]
info: GroupApproximation/Manuscript/NonMFSentences/DynamicRankBudget.lean:435:14: 'GroupApproximation.ChainCore.DynamicRankBudget.printedDynamicRankBudget_of_pieces' depends on axioms: [propext,
 Classical.choice,
 Quot.sound]
info: GroupApproximation/Manuscript/NonMFSentences/DynamicRankBudget.lean:436:14: 'GroupApproximation.ChainCore.DynamicRankBudget.printedIntroductionAperiodicSentence_of_budget' depends on axioms: [propext,
 Classical.choice,
 Quot.sound]
Build completed successfully (4292 jobs).
EXIT=0
