phi0 {'a': 'ab', 'b': 'bbac', 'c': 'abb'} m 2 r 2 windows alive 100 slots 121482 t 0
seed polygons (k<=3) from cache 605970
seed sample 80000
seed pruning: master obj 4.928518 kept 3348 of 80000 t 77
phase 1 it 1 obj 4.928518 cols 9348 pairs 10920 min rc -5.99 LB -51.76 best -51.76 {2: -4.0, 3: -4.0, 4: -5.9896} added 6000 t 10.9 tm 3.8 
phase 1 it 2 obj 4.181957 cols 15348 pairs 12972 min rc -7.002 LB -59.47 best -51.76 {2: -4.0, 3: -4.8639, 4: -7.0021} added 6000 t 22.1 tm 9.1 
phase 1 it 3 obj 3.842078 cols 21348 pairs 15819 min rc -6 LB -49.69 best -49.69 {2: -4.0, 3: -4.4244, 4: -6.0004} added 6000 t 38.6 tm 19.5 
phase 1 it 4 obj 3.558270 cols 27348 pairs 18443 min rc -5.69 LB -46.39 best -21.63 {2: -4.0, 3: -3.6852, 4: -5.69} added 6000 t 92.0 tm 33.2  dartLB -21.63
phase 1 it 5 obj 3.034397 cols 33348 pairs 20739 min rc -5.2 LB -41.25 best -21.63 {2: -4.0, 3: -4.0892, 4: -5.1995} added 6000 t 120.8 tm 55.1 
phase 1 it 6 obj 2.662369 cols 39348 pairs 23532 min rc -4.978 LB -38.81 best -21.63 {2: -4.0, 3: -3.9529, 4: -4.9784} added 6000 t 155.7 tm 84.1 
phase 1 it 7 obj 2.352820 cols 45348 pairs 25301 min rc -6.074 LB -47.31 best -21.63 {2: -4.0, 3: -3.3947, 4: -6.074} added 6000 t 205.0 tm 126.1 
phase 1 it 8 obj 2.113192 cols 51348 pairs 27220 min rc -5.33 LB -40.83 best -18.22 {2: -3.5624, 3: -3.7018, 4: -5.3299} added 6000 t 306.3 tm 178.7  dartLB -18.22
phase 1 it 9 obj 1.935241 cols 57348 pairs 28938 min rc -4.63 LB -34.95 best -18.22 {2: -3.5179, 3: -3.9181, 4: -4.6297} added 6000 t 370.4 tm 237.1 
phase 1 it 10 obj 1.751287 cols 63348 pairs 30726 min rc -4.665 LB -34.99 best -18.22 {2: -3.8736, 3: -3.9008, 4: -4.6647} added 6000 t 460.2 tm 321.4 
phase 1 it 11 obj 1.577013 cols 69348 pairs 32291 min rc -4.439 LB -32.99 best -18.22 {2: -3.9682, 3: -3.4491, 4: -4.4386} added 6000 t 548.6 tm 403.8 
phase 1 it 12 obj 1.383627 cols 75348 pairs 33807 min rc -4.279 LB -31.53 best -16.29 {2: -3.6163, 3: -3.3265, 4: -4.2795} added 6000 t 676.6 tm 497.3  dartLB -16.29
phase 1 it 13 obj 1.212975 cols 81348 pairs 35373 min rc -4.077 LB -29.8 best -16.29 {2: -3.3123, 3: -3.0539, 4: -4.0771} added 6000 t 786.0 tm 601.2 
phase 1 it 14 obj 1.065808 cols 87348 pairs 36768 min rc -4.496 LB -32.8 best -16.29 {2: -3.4054, 3: -3.4385, 4: -4.4957} added 6000 t 916.6 tm 727.9 
phase 1 it 15 obj 0.930353 cols 93348 pairs 38046 min rc -4.374 LB -31.73 best -16.29 {2: -3.4562, 3: -3.2071, 4: -4.3745} added 6000 t 1045.1 tm 851.9 
time limit
RESULT ('timeout', -16.286233184715933)
window flow {'aaa': 0.033021, 'aab': 0.018091, 'aac': 0.011679, 'aaB': 0.005319, 'aba': 0.013437, 'abb': 0.010188, 'abc': 0.019358, 'abA': 0.012553, 'abC': 0.005882, 'aca': 0.011615, 'acb': 0.013269, 'acB': 0.002342, 'aBa': 0.002641, 'aBc': 2.6e-05, 'aBA': 0.01443, 'aBB': 0.006806, 'aBC': 0.006958, 'baa': 0.012126, 'bab': 0.011698, 'bac': 0.003685, 'baB': 0.00816, 'bba': 0.013713, 'bbb': 0.015465, 'bbc': 0.004429, 'bbA': 0.013661, 'bbC': 0.00874, 'bca': 0.035284, 'bcb': 0.023815, 'bcB': 0.005236, 'bAb': 0.006717, 'bAA': 0.007036, 'bAB': 0.008363, 'bAC': 0.006136, 'bCb': 0.003333, 'bCA': 0.008689, 'bCB': 0.013325, 'caa': 0.007901, 'cab': 0.018961, 'cac': 0.010128, 'caB': 0.011452, 'cba': 0.005267, 'cbb': 0.008068, 'cbc': 0.024359, 'cbA': 0.001058, 'cbC': 0.007762, 'cBa': 0.000227, 'cBc': 0.000868, 'cBA': 0.00213, 'cBB': 0.002845, 'cBC': 0.001748, 'Aba': 0.001708, 'Abb': 0.012729, 'Abc': 0.013874, 'AbA': 0.000512, 'AbC': 0.002431, 'AAb': 0.012174, 'AAA': 0.02831, 'AAB': 0.024018, 'AAC': 0.004325, 'ABa': 0.014867, 'ABc': 0.002517, 'ABA': 0.013106, 'ABB': 0.022096, 'ABC': 0.009704, 'ACb': 0.004865, 'ACA': 0.007131, 'ACB': 0.013245, 'Baa': 0.015061, 'Bab': 0.012667, 'Bac': 0.001734, 'BaB': 0.00593, 'Bca': 0.001544, 'Bcb': 0.009429, 'BcB': 0.00024, 'BAb': 0.009819, 'BAA': 0.018457, 'BAB': 0.028566, 'BAC': 0.008267, 'BBa': 0.007377, 'BBc': 0.007765, 'BBA': 0.01481, 'BBB': 0.005659, 'BBC': 0.0101, 'BCb': 0.006543, 'BCA': 0.00733, 'BCB': 0.038314, 'Cba': 0.001545, 'Cbb': 0.010401, 'Cbc': 0.001795, 'CbA': 0.000469, 'CbC': 0.000531, 'CAb': 0.002544, 'CAA': 0.015024, 'CAB': 0.003689, 'CAC': 0.001893, 'CBa': 0.010279, 'CBc': 3.7e-05, 'CBA': 0.020634, 'CBB': 0.010256, 'CBC': 0.023677}
=== run 1
phi0 {'a': 'ab', 'b': 'bbac', 'c': 'abb'} m 2 r 2 windows alive 100 slots 121482 t 0
loaded 93348 columns, kept 13214
phase 1 it 1 obj 0.872475 cols 19214 pairs 15731 min rc -6.2 LB -45.23 best -45.23 {2: -3.4949, 3: -4.6361, 4: -6.1997} added 6000 t 23.3 tm 17.4 
phase 1 it 2 obj 0.853350 cols 25214 pairs 18408 min rc -4.537 LB -32.84 best -32.84 {2: -3.1356, 3: -3.697, 4: -4.5372} added 6000 t 53.5 tm 43.9 
phase 1 it 3 obj 0.826613 cols 31214 pairs 20824 min rc -4.514 LB -32.64 best -32.64 {2: -4.0, 3: -3.1999, 4: -4.5139} added 6000 t 95.2 tm 80.7 
phase 1 it 4 obj 0.797399 cols 37214 pairs 22962 min rc -4.053 LB -29.19 best -13.95 {2: -3.2534, 3: -3.3705, 4: -4.053} added 6000 t 172.1 tm 127.9  dartLB -13.95
phase 1 it 5 obj 0.760896 cols 43214 pairs 25366 min rc -3.558 LB -25.5 best -13.95 {2: -3.4663, 3: -2.9317, 4: -3.5582} added 6000 t 232.4 tm 183.0 
phase 1 it 6 obj 0.731785 cols 49214 pairs 27437 min rc -3.778 LB -27.1 best -13.95 {2: -3.3826, 3: -2.832, 4: -3.778} added 6000 t 313.8 tm 258.7 
phase 1 it 7 obj 0.695608 cols 55214 pairs 29404 min rc -3.927 LB -28.16 best -13.95 {2: -3.179, 3: -2.8229, 4: -3.927} added 6000 t 410.1 tm 349.4 
phase 1 it 8 obj 0.656744 cols 61214 pairs 31259 min rc -3.855 LB -27.6 best -12.36 {2: -3.0, 3: -3.0278, 4: -3.8551} added 6000 t 531.6 tm 441.5  dartLB -12.36
phase 1 it 9 obj 0.611088 cols 67214 pairs 32509 min rc -4.313 LB -30.9 best -12.36 {2: -3.354, 3: -3.409, 4: -4.3127} added 6000 t 651.2 tm 555.7 
phase 1 it 10 obj 0.577241 cols 73214 pairs 33948 min rc -3.338 LB -23.75 best -12.36 {2: -2.9791, 3: -2.6106, 4: -3.3377} added 6000 t 779.0 tm 679.6 
phase 1 it 11 obj 0.534854 cols 79214 pairs 35521 min rc -2.775 LB -19.64 best -12.36 {2: -2.7551, 3: -2.2778, 4: -2.7755} added 6000 t 881.3 tm 778.8 
phase 1 it 12 obj 0.491222 cols 85214 pairs 37038 min rc -3.283 LB -23.3 best -11.6 {2: -2.912, 3: -2.6087, 4: -3.2831} added 6000 t 1016.2 tm 887.4  dartLB -11.6
phase 1 it 13 obj 0.456940 cols 91214 pairs 38632 min rc -3.336 LB -23.66 best -11.6 {2: -2.6554, 3: -2.8122, 4: -3.3358} added 6000 t 1150.1 tm 1018.1 
time limit
RESULT ('timeout', -11.597759079102316)
window flow {'aaa': 0.04109, 'aab': 0.022865, 'aac': 0.009479, 'aaB': 0.006013, 'aba': 0.00503, 'abb': 0.020038, 'abc': 0.027599, 'abA': 0.004946, 'abC': 0.001408, 'aca': 0.009781, 'acb': 0.005924, 'acB': 0.002507, 'aBa': 0.001564, 'aBA': 0.01072, 'aBB': 0.002326, 'aBC': 0.00674, 'baa': 0.013588, 'bab': 0.00738, 'bac': 0.000804, 'baB': 0.006604, 'bba': 0.015717, 'bbb': 0.026222, 'bbc': 0.006744, 'bbA': 0.016324, 'bbC': 0.005442, 'bca': 0.035407, 'bcb': 0.038246, 'bcB': 0.002319, 'bAb': 0.006273, 'bAA': 0.002541, 'bAB': 0.002907, 'bAC': 0.012853, 'bCb': 0.001255, 'bCA': 0.003688, 'bCB': 0.012283, 'caa': 0.019943, 'cab': 0.015373, 'cac': 0.007263, 'caB': 0.004447, 'cba': 0.007221, 'cbb': 0.00938, 'cbc': 0.026627, 'cbA': 0.00179, 'cbC': 0.007688, 'cBa': 1.9e-05, 'cBA': 0.001325, 'cBB': 0.003402, 'cBC': 0.000894, 'Aba': 0.000154, 'Abb': 0.010319, 'Abc': 0.010792, 'AbA': 0.000428, 'AbC': 0.000772, 'AAb': 0.005405, 'AAA': 0.037152, 'AAB': 0.018041, 'AAC': 0.009594, 'ABa': 0.008943, 'ABc': 0.000628, 'ABA': 0.005517, 'ABB': 0.022002, 'ABC': 0.016646, 'ACb': 0.005492, 'ACA': 0.005347, 'ACB': 0.020797, 'Baa': 0.004826, 'Bab': 0.013402, 'Bac': 0.000207, 'BaB': 0.004285, 'Bca': 0.001838, 'Bcb': 0.008536, 'BcB': 0.000815, 'BAb': 0.010129, 'BAA': 0.018559, 'BAB': 0.027077, 'BAC': 0.008656, 'BBa': 0.007583, 'BBc': 0.009384, 'BBA': 0.023522, 'BBB': 0.010321, 'BBC': 0.010947, 'BCb': 0.006516, 'BCA': 0.009809, 'BCB': 0.040186, 'Cba': 0.000255, 'Cbb': 0.006671, 'Cbc': 0.00421, 'CbA': 0.001085, 'CbC': 0.001042, 'CAb': 0.000659, 'CAA': 0.011941, 'CAB': 0.005712, 'CAC': 0.000532, 'CBa': 0.004611, 'CBc': 0.00033, 'CBA': 0.023337, 'CBB': 0.023704, 'CBC': 0.021285}
=== run 1
phi0 {'a': 'ab', 'b': 'bbac', 'c': 'abb'} m 2 r 2 windows alive 100 slots 121482 t 0
loaded 93348 columns, kept 13214
phase 1 it 1 obj 0.872475 cols 19214 pairs 15731 min rc -6.2 LB -45.23 best -45.23 {2: -3.4949, 3: -4.6361, 4: -6.1997} added 6000 t 21.9 tm 16.4 
phase 1 it 2 obj 0.853350 cols 25214 pairs 18408 min rc -4.537 LB -32.84 best -32.84 {2: -3.1356, 3: -3.697, 4: -4.5372} added 6000 t 47.1 tm 38.8 
phase 1 it 3 obj 0.826613 cols 31214 pairs 20824 min rc -4.514 LB -32.64 best -32.64 {2: -4.0, 3: -3.1999, 4: -4.5139} added 6000 t 74.9 tm 63.1 
phase 1 it 4 obj 0.797399 cols 37214 pairs 22962 min rc -4.053 LB -29.19 best -13.95 {2: -3.2534, 3: -3.3705, 4: -4.053} added 6000 t 129.0 tm 90.6  dartLB -13.95
phase 1 it 5 obj 0.760896 cols 43214 pairs 25366 min rc -3.558 LB -25.5 best -13.95 {2: -3.4663, 3: -2.9317, 4: -3.5582} added 6000 t 170.6 tm 129.0 
phase 1 it 6 obj 0.731785 cols 49214 pairs 27437 min rc -3.778 LB -27.1 best -13.95 {2: -3.3826, 3: -2.832, 4: -3.778} added 6000 t 229.0 tm 183.9 
phase 1 it 7 obj 0.695608 cols 55214 pairs 29404 min rc -3.927 LB -28.16 best -13.95 {2: -3.179, 3: -2.8229, 4: -3.927} added 6000 t 293.6 tm 244.3 
phase 1 it 8 obj 0.656744 cols 61214 pairs 31259 min rc -3.855 LB -27.6 best -12.36 {2: -3.0, 3: -3.0278, 4: -3.8551} added 6000 t 388.3 tm 321.5  dartLB -12.36
phase 1 it 9 obj 0.611088 cols 67214 pairs 32509 min rc -4.313 LB -30.9 best -12.36 {2: -3.354, 3: -3.409, 4: -4.3127} added 6000 t 461.5 tm 392.7 
phase 1 it 10 obj 0.577241 cols 73214 pairs 33948 min rc -3.338 LB -23.75 best -12.36 {2: -2.9791, 3: -2.6106, 4: -3.3377} added 6000 t 559.0 tm 485.9 
phase 1 it 11 obj 0.534854 cols 79214 pairs 35521 min rc -2.775 LB -19.64 best -12.36 {2: -2.7551, 3: -2.2778, 4: -2.7755} added 6000 t 695.0 tm 617.5 
phase 1 it 12 obj 0.491222 cols 85214 pairs 37038 min rc -3.283 LB -23.3 best -11.6 {2: -2.912, 3: -2.6087, 4: -3.2831} added 6000 t 885.5 tm 772.0  dartLB -11.6
phase 1 it 13 obj 0.456940 cols 91214 pairs 38632 min rc -3.336 LB -23.66 best -11.6 {2: -2.6554, 3: -2.8122, 4: -3.3358} added 6000 t 1074.7 tm 954.8 
time limit
RESULT ('timeout', -11.597759079102316)
window flow {'aaa': 0.04109, 'aab': 0.022865, 'aac': 0.009479, 'aaB': 0.006013, 'aba': 0.00503, 'abb': 0.020038, 'abc': 0.027599, 'abA': 0.004946, 'abC': 0.001408, 'aca': 0.009781, 'acb': 0.005924, 'acB': 0.002507, 'aBa': 0.001564, 'aBA': 0.01072, 'aBB': 0.002326, 'aBC': 0.00674, 'baa': 0.013588, 'bab': 0.00738, 'bac': 0.000804, 'baB': 0.006604, 'bba': 0.015717, 'bbb': 0.026222, 'bbc': 0.006744, 'bbA': 0.016324, 'bbC': 0.005442, 'bca': 0.035407, 'bcb': 0.038246, 'bcB': 0.002319, 'bAb': 0.006273, 'bAA': 0.002541, 'bAB': 0.002907, 'bAC': 0.012853, 'bCb': 0.001255, 'bCA': 0.003688, 'bCB': 0.012283, 'caa': 0.019943, 'cab': 0.015373, 'cac': 0.007263, 'caB': 0.004447, 'cba': 0.007221, 'cbb': 0.00938, 'cbc': 0.026627, 'cbA': 0.00179, 'cbC': 0.007688, 'cBa': 1.9e-05, 'cBA': 0.001325, 'cBB': 0.003402, 'cBC': 0.000894, 'Aba': 0.000154, 'Abb': 0.010319, 'Abc': 0.010792, 'AbA': 0.000428, 'AbC': 0.000772, 'AAb': 0.005405, 'AAA': 0.037152, 'AAB': 0.018041, 'AAC': 0.009594, 'ABa': 0.008943, 'ABc': 0.000628, 'ABA': 0.005517, 'ABB': 0.022002, 'ABC': 0.016646, 'ACb': 0.005492, 'ACA': 0.005347, 'ACB': 0.020797, 'Baa': 0.004826, 'Bab': 0.013402, 'Bac': 0.000207, 'BaB': 0.004285, 'Bca': 0.001838, 'Bcb': 0.008536, 'BcB': 0.000815, 'BAb': 0.010129, 'BAA': 0.018559, 'BAB': 0.027077, 'BAC': 0.008656, 'BBa': 0.007583, 'BBc': 0.009384, 'BBA': 0.023522, 'BBB': 0.010321, 'BBC': 0.010947, 'BCb': 0.006516, 'BCA': 0.009809, 'BCB': 0.040186, 'Cba': 0.000255, 'Cbb': 0.006671, 'Cbc': 0.00421, 'CbA': 0.001085, 'CbC': 0.001042, 'CAb': 0.000659, 'CAA': 0.011941, 'CAB': 0.005712, 'CAC': 0.000532, 'CBa': 0.004611, 'CBc': 0.00033, 'CBA': 0.023337, 'CBB': 0.023704, 'CBC': 0.021285}
=== run 2
phi0 {'a': 'ab', 'b': 'bbac', 'c': 'abb'} m 2 r 2 windows alive 100 slots 121482 t 0
loaded 91214 columns, kept 14841
phase 1 it 1 obj 0.448324 cols 20841 pairs 17371 min rc -5.62 LB -40.15 best -40.15 {2: -3.5915, 3: -4.2481, 4: -5.62} added 6000 t 38.2 tm 31.1 
phase 1 it 2 obj 0.447259 cols 26841 pairs 19984 min rc -4.041 LB -28.74 best -28.74 {2: -3.0005, 3: -3.398, 4: -4.0407} added 6000 t 88.9 tm 76.7 
phase 1 it 3 obj 0.443084 cols 32841 pairs 22327 min rc -3.892 LB -27.67 best -27.67 {2: -3.038, 3: -3.5582, 4: -3.8923} added 6000 t 157.7 tm 137.4 
phase 1 it 4 obj 0.438971 cols 38841 pairs 24678 min rc -3.458 LB -24.53 best -12.23 {2: -2.8998, 3: -2.6453, 4: -3.4582} added 6000 t 275.3 tm 216.1  dartLB -12.23
phase 1 it 5 obj 0.433103 cols 44841 pairs 27102 min rc -3.144 LB -22.26 best -12.23 {2: -3.0136, 3: -2.8245, 4: -3.1443} added 6000 t 373.7 tm 305.0 
phase 1 it 6 obj 0.426121 cols 50841 pairs 29222 min rc -4.092 LB -29.09 best -12.23 {2: -2.9345, 3: -2.8921, 4: -4.0925} added 6000 t 519.2 tm 441.8 
phase 1 it 7 obj 0.418201 cols 56841 pairs 31207 min rc -3.113 LB -22.03 best -12.23 {2: -2.9649, 3: -2.2548, 4: -3.1133} added 6000 t 687.0 tm 598.2 
phase 1 it 8 obj 0.409762 cols 62841 pairs 32860 min rc -2.879 LB -20.33 best -10.71 {2: -2.5254, 3: -2.2904, 4: -2.8789} added 6000 t 942.5 tm 784.7  dartLB -10.71
time limit
RESULT ('timeout', -10.713869999507809)
window flow {'aaa': 0.044534, 'aab': 0.024034, 'aac': 0.009339, 'aaB': 0.00526, 'aba': 0.004312, 'abb': 0.018748, 'abc': 0.030385, 'abA': 0.005544, 'abC': 0.000706, 'aca': 0.009414, 'acb': 0.005381, 'acB': 0.002, 'aBa': 0.000732, 'aBc': 0.000173, 'aBA': 0.009671, 'aBB': 0.003389, 'aBC': 0.005756, 'baa': 0.013276, 'bab': 0.006898, 'bac': 0.000465, 'baB': 0.0068, 'bba': 0.015352, 'bbb': 0.030777, 'bbc': 0.006751, 'bbA': 0.017152, 'bbC': 0.004965, 'bca': 0.034986, 'bcb': 0.037825, 'bcB': 0.001772, 'bAb': 0.005069, 'bAA': 0.002951, 'bAB': 0.00313, 'bAC': 0.015896, 'bCb': 0.000373, 'bCA': 0.001742, 'bCB': 0.011596, 'caa': 0.022164, 'cab': 0.013512, 'cac': 0.006769, 'caB': 0.003837, 'cba': 0.007596, 'cbb': 0.011315, 'cbc': 0.02338, 'cbA': 0.003126, 'cbC': 0.006344, 'cBA': 0.000508, 'cBB': 0.003655, 'cBC': 0.000642, 'Aba': 0.000168, 'Abb': 0.010994, 'Abc': 0.009699, 'AbA': 2.6e-05, 'AbC': 0.000407, 'AAb': 0.005305, 'AAA': 0.039653, 'AAB': 0.017509, 'AAC': 0.010883, 'ABa': 0.008755, 'ABc': 0.000284, 'ABA': 0.004172, 'ABB': 0.021226, 'ABC': 0.015598, 'ACb': 0.005061, 'ACA': 0.004868, 'ACB': 0.024769, 'Baa': 0.003193, 'Bab': 0.01525, 'Bac': 0.000137, 'BaB': 0.003824, 'Bca': 0.001883, 'Bcb': 0.008555, 'BcB': 0.001033, 'BAb': 0.010425, 'BAA': 0.01949, 'BAB': 0.025027, 'BAC': 0.007322, 'BBa': 0.00778, 'BBc': 0.008452, 'BBA': 0.024778, 'BBB': 0.015134, 'BBC': 0.011051, 'BCb': 0.005668, 'BCA': 0.010107, 'BCB': 0.038666, 'Cba': 1e-05, 'Cbb': 0.004552, 'Cbc': 0.004369, 'CbA': 0.001199, 'CbC': 0.000971, 'CAb': 0.000494, 'CAA': 0.011255, 'CAB': 0.00437, 'CAC': 0.000597, 'CBa': 0.005137, 'CBc': 0.001574, 'CBA': 0.023136, 'CBB': 0.023791, 'CBC': 0.021393}
=== run 3
phi0 {'a': 'ab', 'b': 'bbac', 'c': 'abb'} m 2 r 2 windows alive 100 slots 121482 t 0
loaded 62841 columns, kept 14428
phase 1 it 1 obj 0.406748 cols 20428 pairs 16812 min rc -5.405 LB -38.53 best -38.53 {2: -3.0597, 3: -4.2452, 4: -5.4051} added 6000 t 65.1 tm 51.4 
phase 1 it 2 obj 0.406211 cols 26428 pairs 19438 min rc -4.223 LB -30.01 best -30.01 {2: -3.1286, 3: -3.6082, 4: -4.2233} added 6000 t 144.0 tm 119.9 
phase 1 it 3 obj 0.404567 cols 32428 pairs 22044 min rc -3.865 LB -27.44 best -27.44 {2: -2.9657, 3: -3.1674, 4: -3.8655} added 6000 t 232.9 tm 198.5 
phase 1 it 4 obj 0.402378 cols 38428 pairs 24536 min rc -3.321 LB -23.51 best -11.16 {2: -2.4358, 3: -2.3221, 4: -3.321} added 6000 t 410.6 tm 300.2  dartLB -11.16
phase 1 it 5 obj 0.399324 cols 44428 pairs 26577 min rc -3.388 LB -23.99 best -11.16 {2: -2.6723, 3: -2.5708, 4: -3.388} added 6000 t 539.6 tm 419.7 
phase 1 it 6 obj 0.395227 cols 50428 pairs 28562 min rc -3.183 LB -22.51 best -11.16 {2: -2.8034, 3: -2.6425, 4: -3.1826} added 6000 t 679.7 tm 550.5 
phase 1 it 7 obj 0.388954 cols 56428 pairs 30500 min rc -3.755 LB -26.62 best -11.16 {2: -2.5566, 3: -2.0292, 4: -3.7547} added 6000 t 842.2 tm 703.8 
phase 1 it 8 obj 0.381888 cols 62428 pairs 32133 min rc -3.022 LB -21.35 best -10.86 {2: -2.4777, 3: -2.3353, 4: -3.0219} added 6000 t 1074.8 tm 869.4  dartLB -10.86
time limit
RESULT ('timeout', -10.859799674184872)
window flow {'aaa': 0.044516, 'aab': 0.025666, 'aac': 0.008843, 'aaB': 0.00616, 'aba': 0.003763, 'abb': 0.018331, 'abc': 0.031667, 'abA': 0.006693, 'abC': 0.000787, 'aca': 0.008932, 'acb': 0.005315, 'acB': 0.000989, 'aBa': 0.000571, 'aBc': 0.000154, 'aBA': 0.009722, 'aBB': 0.002716, 'aBC': 0.005717, 'baa': 0.012313, 'bab': 0.007286, 'bac': 0.000685, 'baB': 0.006868, 'bba': 0.016627, 'bbb': 0.032272, 'bbc': 0.008002, 'bbA': 0.016702, 'bbC': 0.003835, 'bca': 0.034726, 'bcb': 0.035874, 'bcB': 0.002952, 'bAb': 0.003684, 'bAA': 0.003623, 'bAB': 0.003186, 'bAC': 0.015838, 'bCb': 0.000177, 'bCA': 0.000732, 'bCB': 0.011873, 'caa': 0.025414, 'cab': 0.013132, 'cac': 0.005598, 'caB': 0.003226, 'cba': 0.006719, 'cbb': 0.012557, 'cbc': 0.02237, 'cbA': 0.002063, 'cbC': 0.006344, 'cBc': 1e-05, 'cBA': 0.000161, 'cBB': 0.004235, 'cBC': 0.000374, 'Aba': 4.2e-05, 'Abb': 0.011566, 'Abc': 0.006965, 'AbA': 0.000404, 'AbC': 0.000551, 'AAb': 0.004752, 'AAA': 0.042025, 'AAB': 0.016691, 'AAC': 0.012676, 'ABa': 0.009012, 'ABc': 0.000463, 'ABA': 0.003289, 'ABB': 0.020866, 'ABC': 0.014417, 'ACb': 0.005169, 'ACA': 0.005493, 'ACB': 0.026162, 'Baa': 0.002942, 'Bab': 0.015157, 'Bac': 8.3e-05, 'BaB': 0.002625, 'Bca': 0.003713, 'Bcb': 0.008863, 'BcB': 0.000838, 'BAb': 0.010828, 'BAA': 0.02004, 'BAB': 0.024219, 'BAC': 0.006903, 'BBa': 0.006097, 'BBc': 0.008504, 'BBA': 0.025269, 'BBB': 0.01753, 'BBC': 0.011046, 'BCb': 0.004814, 'BCA': 0.009852, 'BCB': 0.037931, 'Cbb': 0.004426, 'Cbc': 0.004248, 'CbA': 0.000468, 'CbC': 0.001017, 'CAb': 0.000264, 'CAA': 0.010456, 'CAB': 0.003951, 'CAC': 0.001406, 'CBa': 0.005128, 'CBc': 0.002756, 'CBA': 0.023551, 'CBB': 0.023486, 'CBC': 0.021045}
=== run 4
phi0 {'a': 'ab', 'b': 'bbac', 'c': 'abb'} m 2 r 2 windows alive 100 slots 121482 t 0
loaded 62428 columns, kept 14221
phase 1 it 1 obj 0.378969 cols 20221 pairs 16666 min rc -5.685 LB -40.49 best -40.49 {2: -3.0701, 3: -5.0213, 4: -5.6849} added 6000 t 55.7 tm 42.6 
phase 1 it 2 obj 0.378536 cols 26221 pairs 18809 min rc -4.199 LB -29.81 best -29.81 {2: -3.0319, 3: -3.4308, 4: -4.1992} added 6000 t 127.7 tm 105.2 
phase 1 it 3 obj 0.378055 cols 32221 pairs 21612 min rc -3.621 LB -25.66 best -25.66 {2: -3.1084, 3: -3.1881, 4: -3.6214} added 6000 t 212.7 tm 180.1 
phase 1 it 4 obj 0.376610 cols 38221 pairs 23881 min rc -3.283 LB -23.23 best -11.52 {2: -3.0488, 3: -2.554, 4: -3.2834} added 6000 t 368.9 tm 272.0  dartLB -11.52
phase 1 it 5 obj 0.374218 cols 44221 pairs 26008 min rc -3.573 LB -25.31 best -11.52 {2: -2.6884, 3: -2.5107, 4: -3.5731} added 6000 t 469.3 tm 365.7 
phase 1 it 6 obj 0.371288 cols 50221 pairs 28053 min rc -2.869 LB -20.25 best -11.52 {2: -2.8694, 3: -2.8518, 4: -2.7625} added 6000 t 579.9 tm 468.5 
phase 1 it 7 obj 0.368253 cols 56221 pairs 30091 min rc -3.103 LB -21.92 best -11.52 {2: -2.5889, 3: -2.3558, 4: -3.1026} added 6000 t 715.8 tm 596.5 
phase 1 it 8 obj 0.363720 cols 62221 pairs 31867 min rc -2.786 LB -19.65 best -10.3 {2: -2.4222, 3: -2.5777, 4: -2.7863} added 6000 t 917.4 tm 743.5  dartLB -10.3
time limit
RESULT ('timeout', -10.295085648393824)
window flow {'aaa': 0.045976, 'aab': 0.027663, 'aac': 0.008366, 'aaB': 0.006542, 'aba': 0.003495, 'abb': 0.018372, 'abc': 0.033239, 'abA': 0.006231, 'abC': 0.00062, 'aca': 0.00795, 'acb': 0.005569, 'acB': 0.001008, 'aBa': 0.000156, 'aBc': 2e-05, 'aBA': 0.008714, 'aBB': 0.002811, 'aBC': 0.005156, 'baa': 0.012707, 'bab': 0.008046, 'bac': 0.000757, 'baB': 0.005492, 'bba': 0.017212, 'bbb': 0.033271, 'bbc': 0.009061, 'bbA': 0.016579, 'bbC': 0.004251, 'bca': 0.034621, 'bcb': 0.034708, 'bcB': 0.003586, 'bAb': 0.002842, 'bAA': 0.003826, 'bAB': 0.003094, 'bAC': 0.015708, 'bCb': 1e-05, 'bCA': 0.000553, 'bCB': 0.011207, 'caa': 0.026912, 'cab': 0.012287, 'cac': 0.005342, 'caB': 0.002067, 'cba': 0.00618, 'cbb': 0.013275, 'cbc': 0.021123, 'cbA': 0.002175, 'cbC': 0.005832, 'cBa': 6.2e-05, 'cBA': 0.000296, 'cBB': 0.004032, 'cBC': 0.000996, 'Aba': 0.000114, 'Abb': 0.01253, 'Abc': 0.005571, 'AbA': 0.000485, 'AbC': 0.000316, 'AAb': 0.004827, 'AAA': 0.043563, 'AAB': 0.015753, 'AAC': 0.013748, 'ABa': 0.009182, 'ABc': 0.000528, 'ABA': 0.002283, 'ABB': 0.021479, 'ABC': 0.013535, 'ACb': 0.005011, 'ACA': 0.005926, 'ACB': 0.027036, 'Baa': 0.002951, 'Bab': 0.013962, 'Bac': 6.1e-05, 'BaB': 0.002755, 'Bca': 0.004038, 'Bcb': 0.00831, 'BcB': 0.000792, 'BAb': 0.011225, 'BAA': 0.020589, 'BAB': 0.024278, 'BAC': 0.006388, 'BBa': 0.004371, 'BBc': 0.008389, 'BBA': 0.027774, 'BBB': 0.019831, 'BBC': 0.011003, 'BCb': 0.00398, 'BCA': 0.009546, 'BCB': 0.03729, 'Cbb': 0.004328, 'Cbc': 0.00392, 'CbC': 0.000753, 'CAb': 0.000122, 'CAA': 0.009914, 'CAB': 0.003882, 'CAC': 0.002129, 'CBa': 0.005958, 'CBc': 0.00261, 'CBA': 0.023413, 'CBB': 0.023428, 'CBC': 0.020125}
=== run 5
phi0 {'a': 'ab', 'b': 'bbac', 'c': 'abb'} m 2 r 2 windows alive 100 slots 121482 t 0
loaded 62221 columns, kept 14159
phase 1 it 1 obj 0.362237 cols 20159 pairs 16639 min rc -5.657 LB -40.26 best -40.26 {2: -3.2656, 3: -4.4203, 4: -5.6575} added 6000 t 58.3 tm 42.6 
phase 1 it 2 obj 0.362130 cols 26159 pairs 19494 min rc -4.204 LB -29.82 best -29.82 {2: -3.165, 3: -3.4584, 4: -4.2036} added 6000 t 128.1 tm 104.6 
phase 1 it 3 obj 0.361841 cols 32159 pairs 21759 min rc -3.727 LB -26.4 best -26.4 {2: -3.3108, 3: -2.7857, 4: -3.7275} added 6000 t 214.4 tm 180.9 
phase 1 it 4 obj 0.361224 cols 38159 pairs 24153 min rc -3.476 LB -24.6 best -11.51 {2: -2.9217, 3: -2.5785, 4: -3.4756} added 6000 t 373.5 tm 276.9  dartLB -11.51
phase 1 it 5 obj 0.360125 cols 44159 pairs 26457 min rc -2.831 LB -19.96 best -11.51 {2: -2.8306, 3: -2.6041, 4: -2.6982} added 6000 t 487.2 tm 382.5 
phase 1 it 6 obj 0.358495 cols 50159 pairs 28399 min rc -2.875 LB -20.28 best -11.51 {2: -2.6075, 3: -2.372, 4: -2.8752} added 6000 t 619.5 tm 506.7 
phase 1 it 7 obj 0.356725 cols 56159 pairs 30241 min rc -2.721 LB -19.18 best -11.51 {2: -2.4003, 3: -2.5903, 4: -2.7211} added 6000 t 765.5 tm 643.8 
phase 1 it 8 obj 0.354696 cols 62159 pairs 31830 min rc -3.437 LB -24.31 best -10.15 {2: -2.327, 3: -2.1958, 4: -3.437} added 6000 t 1005.9 tm 832.8  dartLB -10.15
time limit
RESULT ('timeout', -10.15485423843502)
window flow {'aaa': 0.046631, 'aab': 0.027408, 'aac': 0.008643, 'aaB': 0.006796, 'aba': 0.003027, 'abb': 0.018275, 'abc': 0.03317, 'abA': 0.006217, 'abC': 0.000576, 'aca': 0.008453, 'acb': 0.005717, 'acB': 0.000929, 'aBa': 0.000109, 'aBc': 1e-06, 'aBA': 0.008784, 'aBB': 0.002571, 'aBC': 0.005244, 'baa': 0.012416, 'bab': 0.007958, 'bac': 0.000496, 'baB': 0.005426, 'bba': 0.017523, 'bbb': 0.033736, 'bbc': 0.00923, 'bbA': 0.016068, 'bbC': 0.004372, 'bca': 0.034309, 'bcb': 0.034518, 'bcB': 0.004058, 'bAb': 0.002563, 'bAA': 0.003979, 'bAB': 0.002599, 'bAC': 0.015806, 'bCb': 6.4e-05, 'bCA': 0.000423, 'bCB': 0.011052, 'caa': 0.027394, 'cab': 0.011798, 'cac': 0.005368, 'caB': 0.001908, 'cba': 0.005668, 'cbb': 0.014149, 'cbc': 0.020673, 'cbA': 0.002314, 'cbC': 0.005682, 'cBa': 0.0001, 'cBA': 0.000264, 'cBB': 0.004317, 'cBC': 0.001215, 'Aba': 8e-05, 'Abb': 0.012586, 'Abc': 0.005549, 'AbA': 0.000348, 'AbC': 0.000331, 'AAb': 0.00431, 'AAA': 0.044184, 'AAB': 0.015997, 'AAC': 0.014398, 'ABa': 0.009179, 'ABc': 0.000641, 'ABA': 0.001923, 'ABB': 0.020948, 'ABC': 0.013055, 'ACb': 0.005121, 'ACA': 0.006446, 'ACB': 0.027457, 'Baa': 0.002972, 'Bab': 0.014101, 'Bac': 8e-06, 'BaB': 0.002579, 'Bca': 0.003706, 'Bcb': 0.008251, 'BcB': 0.00091, 'BAb': 0.011986, 'BAA': 0.021538, 'BAB': 0.023432, 'BAC': 0.006125, 'BBa': 0.004003, 'BBc': 0.007922, 'BBA': 0.027775, 'BBB': 0.020543, 'BBC': 0.010458, 'BCb': 0.003861, 'BCA': 0.008765, 'BCB': 0.037663, 'Cbb': 0.004237, 'Cbc': 0.004264, 'CbA': 0.0, 'CbC': 0.000544, 'CAb': 3.5e-05, 'CAA': 0.009188, 'CAB': 0.003717, 'CAC': 0.002694, 'CBa': 0.006075, 'CBc': 0.002418, 'CBA': 0.024336, 'CBB': 0.023027, 'CBC': 0.020316}
=== run 6
phi0 {'a': 'ab', 'b': 'bbac', 'c': 'abb'} m 2 r 2 windows alive 100 slots 121482 t 0
loaded 62159 columns, kept 14235
phase 1 it 1 obj 0.353709 cols 20235 pairs 16184 min rc -6.509 LB -46.36 best -46.36 {2: -3.4947, 3: -4.4929, 4: -6.5092} added 6000 t 49.4 tm 38.1 
phase 1 it 2 obj 0.353636 cols 26235 pairs 19021 min rc -4.544 LB -32.26 best -32.26 {2: -3.4988, 3: -3.3163, 4: -4.5442} added 6000 t 111.5 tm 93.7 
phase 1 it 3 obj 0.352930 cols 32235 pairs 21543 min rc -3.7 LB -26.2 best -26.2 {2: -2.6139, 3: -2.8666, 4: -3.6999} added 6000 t 191.4 tm 165.2 
phase 1 it 4 obj 0.352403 cols 38235 pairs 24449 min rc -3.81 LB -26.99 best -11.61 {2: -2.8638, 3: -2.5633, 4: -3.8102} added 6000 t 312.9 tm 241.1  dartLB -11.61
phase 1 it 5 obj 0.350931 cols 44235 pairs 26745 min rc -2.871 LB -20.25 best -11.61 {2: -2.8707, 3: -2.3153, 4: -2.8287} added 6000 t 407.2 tm 328.3 
phase 1 it 6 obj 0.348724 cols 50235 pairs 28630 min rc -3.667 LB -25.96 best -11.61 {2: -2.7713, 3: -2.2278, 4: -3.6674} added 6000 t 528.6 tm 443.0 
phase 1 it 7 obj 0.347144 cols 56235 pairs 30236 min rc -3.032 LB -21.4 best -11.61 {2: -2.5935, 3: -2.1831, 4: -3.032} added 6000 t 658.9 tm 565.3 
phase 1 it 8 obj 0.345422 cols 62235 pairs 32166 min rc -2.788 LB -19.65 best -9.839 {2: -2.7436, 3: -2.4051, 4: -2.7884} added 6000 t 864.5 tm 715.1  dartLB -9.839
phase 1 it 9 obj 0.342277 cols 68235 pairs 33781 min rc -2.391 LB -16.8 best -9.839 {2: -2.3307, 3: -1.9899, 4: -2.3906} added 6000 t 1079.1 tm 922.2 
time limit
RESULT ('timeout', -9.839240050351131)
window flow {'aaa': 0.047806, 'aab': 0.028523, 'aac': 0.008036, 'aaB': 0.006968, 'aba': 0.002177, 'abb': 0.019447, 'abc': 0.032748, 'abA': 0.006881, 'abC': 0.000505, 'aca': 0.007505, 'acb': 0.00598, 'acB': 0.000898, 'aBa': 0.000554, 'aBc': 1.6e-05, 'aBA': 0.008075, 'aBB': 0.002208, 'aBC': 0.004705, 'baa': 0.012716, 'bab': 0.008775, 'bac': 0.000534, 'baB': 0.00491, 'bba': 0.019399, 'bbb': 0.034434, 'bbc': 0.009597, 'bbA': 0.014612, 'bbC': 0.004379, 'bca': 0.033568, 'bcb': 0.034181, 'bcB': 0.004479, 'bAb': 0.001989, 'bAA': 0.004113, 'bAB': 0.002762, 'bAC': 0.01522, 'bCb': 1.2e-05, 'bCA': 0.000251, 'bCB': 0.010632, 'caa': 0.026974, 'cab': 0.011168, 'cac': 0.005232, 'caB': 0.001647, 'cba': 0.005251, 'cbb': 0.014938, 'cbc': 0.020947, 'cbA': 0.002508, 'cbC': 0.005035, 'cBA': 4.3e-05, 'cBB': 0.004921, 'cBC': 0.00174, 'Aba': 0.000108, 'Abb': 0.012462, 'Abc': 0.004783, 'AbA': 3e-06, 'AbC': 0.000405, 'AAb': 0.003723, 'AAA': 0.043959, 'AAB': 0.016976, 'AAC': 0.01543, 'ABa': 0.008392, 'ABc': 0.00089, 'ABA': 0.002306, 'ABB': 0.02025, 'ABC': 0.014144, 'ACb': 0.004794, 'ACA': 0.006253, 'ACB': 0.028153, 'Baa': 0.003838, 'Bab': 0.013291, 'BaB': 0.002033, 'Bca': 0.003823, 'Bcb': 0.008517, 'BcB': 0.001123, 'BAb': 0.012048, 'BAA': 0.022851, 'BAB': 0.022687, 'BAC': 0.005712, 'BBa': 0.003398, 'BBc': 0.008061, 'BBA': 0.027878, 'BBB': 0.021327, 'BBC': 0.009671, 'BCb': 0.003355, 'BCA': 0.009055, 'BCB': 0.037897, 'Cbb': 0.003356, 'Cbc': 0.004153, 'CbA': 8.2e-05, 'CbC': 0.000571, 'CAA': 0.009165, 'CAB': 0.003557, 'CAC': 0.002837, 'CBa': 0.006427, 'CBc': 0.002556, 'CBA': 0.024995, 'CBB': 0.022655, 'CBC': 0.020048}
=== run 7
phi0 {'a': 'ab', 'b': 'bbac', 'c': 'abb'} m 2 r 2 windows alive 100 slots 121482 t 0
loaded 68235 columns, kept 14637
phase 1 it 1 obj 0.341040 cols 20637 pairs 16977 min rc -6.178 LB -43.96 best -43.96 {2: -3.4687, 3: -4.2418, 4: -6.1779} added 6000 t 55.6 tm 41.6 
phase 1 it 2 obj 0.340957 cols 26637 pairs 19762 min rc -4.088 LB -28.97 best -28.97 {2: -3.1483, 3: -3.4143, 4: -4.0882} added 6000 t 124.3 tm 101.3 
phase 1 it 3 obj 0.340370 cols 32637 pairs 22473 min rc -3.962 LB -28.07 best -28.07 {2: -2.9164, 3: -3.349, 4: -3.9621} added 6000 t 213.2 tm 181.1 
phase 1 it 4 obj 0.339826 cols 38637 pairs 24828 min rc -3.362 LB -23.77 best -11.76 {2: -2.7482, 3: -2.9016, 4: -3.3625} added 6000 t 364.1 tm 278.1  dartLB -11.76
phase 1 it 5 obj 0.338998 cols 44637 pairs 26769 min rc -2.87 LB -20.24 best -11.76 {2: -2.7975, 3: -2.1932, 4: -2.8698} added 6000 t 477.3 tm 382.6 
phase 1 it 6 obj 0.337204 cols 50637 pairs 29008 min rc -3.341 LB -23.62 best -11.76 {2: -2.9191, 3: -2.1402, 4: -3.3414} added 6000 t 622.8 tm 520.5 
phase 1 it 7 obj 0.335719 cols 56637 pairs 30814 min rc -2.869 LB -20.23 best -11.76 {2: -2.4676, 3: -2.1372, 4: -2.8688} added 6000 t 792.7 tm 680.3 
phase 1 it 8 obj 0.333157 cols 62637 pairs 32589 min rc -2.695 LB -18.98 best -10.31 {2: -2.347, 3: -2.1514, 4: -2.6954} added 6000 t 1026.9 tm 858.9  dartLB -10.31
time limit
RESULT ('timeout', -10.308321636166939)
window flow {'aaa': 0.04938, 'aab': 0.028806, 'aac': 0.008103, 'aaB': 0.007242, 'aba': 0.001926, 'abb': 0.019796, 'abc': 0.032369, 'abA': 0.006671, 'abC': 0.00051, 'aca': 0.007105, 'acb': 0.005572, 'acB': 0.000768, 'aBa': 0.000482, 'aBc': 0.00019, 'aBA': 0.007603, 'aBB': 0.002464, 'aBC': 0.004626, 'baa': 0.012976, 'bab': 0.008697, 'bac': 0.000621, 'baB': 0.004803, 'bba': 0.019854, 'bbb': 0.035024, 'bbc': 0.010144, 'bbA': 0.013633, 'bbC': 0.004892, 'bca': 0.032868, 'bcb': 0.034156, 'bcB': 0.005199, 'bAb': 0.001903, 'bAA': 0.004375, 'bAB': 0.002637, 'bAC': 0.014171, 'bCb': 4.5e-05, 'bCA': 0.000263, 'bCB': 0.010358, 'caa': 0.027356, 'cab': 0.010927, 'cac': 0.00472, 'caB': 0.001568, 'cba': 0.005315, 'cbb': 0.015425, 'cbc': 0.020324, 'cbA': 0.002639, 'cbC': 0.004226, 'cBa': 5.1e-05, 'cBA': 4.3e-05, 'cBB': 0.004833, 'cBC': 0.002343, 'Aba': 2e-06, 'Abb': 0.012581, 'Abc': 0.004146, 'AbA': 0.000141, 'AbC': 0.00061, 'AAb': 0.003589, 'AAA': 0.044221, 'AAB': 0.016682, 'AAC': 0.016989, 'ABa': 0.00782, 'ABc': 0.000775, 'ABA': 0.002322, 'ABB': 0.020049, 'ABC': 0.014241, 'ACb': 0.005173, 'ACA': 0.005945, 'ACB': 0.028328, 'Baa': 0.003819, 'Bab': 0.012843, 'BaB': 0.001752, 'Bca': 0.004318, 'Bcb': 0.008201, 'BcB': 0.001041, 'BAb': 0.011962, 'BAA': 0.024606, 'BAB': 0.0226, 'BAC': 0.005371, 'BBa': 0.003204, 'BBc': 0.007663, 'BBA': 0.02894, 'BBB': 0.021987, 'BBC': 0.008651, 'BCb': 0.002874, 'BCA': 0.008301, 'BCB': 0.038484, 'Cbb': 0.003284, 'Cbc': 0.004379, 'CbC': 0.000428, 'CAb': 2.5e-05, 'CAA': 0.008278, 'CAB': 0.00329, 'CAC': 0.002916, 'CBa': 0.006856, 'CBc': 0.003118, 'CBA': 0.02563, 'CBB': 0.021767, 'CBC': 0.019798}
=== run 8
phi0 {'a': 'ab', 'b': 'bbac', 'c': 'abb'} m 2 r 2 windows alive 100 slots 121482 t 0
loaded 62637 columns, kept 14221
phase 1 it 1 obj 0.331905 cols 20221 pairs 16419 min rc -6.892 LB -49.05 best -49.05 {2: -3.7445, 3: -5.0433, 4: -6.8917} added 6000 t 48.8 tm 38.5 
phase 1 it 2 obj 0.331835 cols 26221 pairs 19259 min rc -5.445 LB -38.69 best -38.69 {2: -2.9919, 3: -3.6864, 4: -5.4454} added 6000 t 105.4 tm 88.8 
phase 1 it 3 obj 0.331424 cols 32221 pairs 21666 min rc -3.804 LB -26.93 best -26.93 {2: -3.0389, 3: -2.91, 4: -3.8037} added 6000 t 165.3 tm 142.4 
phase 1 it 4 obj 0.331116 cols 38221 pairs 24216 min rc -3.587 LB -25.37 best -11.81 {2: -2.993, 3: -2.6028, 4: -3.5871} added 6000 t 269.7 tm 206.3  dartLB -11.81
phase 1 it 5 obj 0.330499 cols 44221 pairs 26545 min rc -3.542 LB -25.05 best -11.81 {2: -2.5985, 3: -2.444, 4: -3.5415} added 6000 t 357.9 tm 289.0 
phase 1 it 6 obj 0.329329 cols 50221 pairs 28262 min rc -3.037 LB -21.43 best -11.81 {2: -2.5912, 3: -2.8976, 4: -3.0369} added 6000 t 466.7 tm 391.5 
phase 1 it 7 obj 0.327707 cols 56221 pairs 30170 min rc -3.074 LB -21.7 best -11.81 {2: -2.5672, 3: -2.8012, 4: -3.0743} added 6000 t 595.4 tm 514.5 
phase 1 it 8 obj 0.325457 cols 62221 pairs 32012 min rc -2.556 LB -17.98 best -9.707 {2: -2.2655, 3: -2.0858, 4: -2.5563} added 6000 t 762.3 tm 645.8  dartLB -9.707
phase 1 it 9 obj 0.322930 cols 68221 pairs 33480 min rc -2.756 LB -19.41 best -9.707 {2: -2.2726, 3: -1.8686, 4: -2.7561} added 6000 t 912.9 tm 791.7 
time limit
RESULT ('timeout', -9.70729419117449)
window flow {'aaa': 0.050383, 'aab': 0.028192, 'aac': 0.008454, 'aaB': 0.007286, 'aba': 0.001533, 'abb': 0.021737, 'abc': 0.030519, 'abA': 0.006937, 'abC': 0.000983, 'aca': 0.006985, 'acb': 0.005516, 'acB': 0.001114, 'aBa': 0.000223, 'aBc': 0.000439, 'aBA': 0.00709, 'aBB': 0.002465, 'aBC': 0.004078, 'baa': 0.013383, 'bab': 0.009373, 'bac': 0.0009, 'baB': 0.004423, 'bba': 0.021027, 'bbb': 0.03572, 'bbc': 0.010432, 'bbA': 0.01217, 'bbC': 0.004796, 'bca': 0.032044, 'bcb': 0.034292, 'bcB': 0.005477, 'bAb': 0.001487, 'bAA': 0.004761, 'bAB': 0.002995, 'bAC': 0.013151, 'bCA': 0.000244, 'bCB': 0.009943, 'caa': 0.026469, 'cab': 0.011266, 'cac': 0.004261, 'caB': 0.001378, 'cba': 0.005405, 'cbb': 0.016127, 'cbc': 0.020537, 'cbA': 0.002444, 'cbC': 0.003537, 'cBA': 0.000179, 'cBB': 0.005348, 'cBC': 0.002499, 'Aba': 0.000114, 'Abb': 0.011266, 'Abc': 0.003109, 'AbA': 0.000583, 'AbC': 0.000467, 'AAb': 0.003133, 'AAA': 0.04427, 'AAB': 0.016704, 'AAC': 0.018771, 'ABa': 0.007317, 'ABc': 0.000708, 'ABA': 0.002357, 'ABB': 0.019487, 'ABC': 0.015001, 'ACb': 0.00563, 'ACA': 0.006026, 'ACB': 0.028991, 'Baa': 0.004081, 'Bab': 0.012879, 'BaB': 0.001209, 'Bca': 0.004186, 'Bcb': 0.008242, 'BcB': 0.001435, 'BAb': 0.010919, 'BAA': 0.025976, 'BAB': 0.022586, 'BAC': 0.005655, 'BBa': 0.00367, 'BBc': 0.008274, 'BBA': 0.028941, 'BBB': 0.02246, 'BBC': 0.007488, 'BCb': 0.002611, 'BCA': 0.007258, 'BCB': 0.038746, 'Cbb': 0.003126, 'Cbc': 0.004451, 'CbA': 0.00026, 'CbC': 0.000405, 'CAA': 0.007872, 'CAB': 0.002586, 'CAC': 0.00307, 'CBa': 0.006957, 'CBc': 0.003035, 'CBA': 0.026568, 'CBB': 0.021571, 'CBC': 0.019549}
=== run 9
phi0 {'a': 'ab', 'b': 'bbac', 'c': 'abb'} m 2 r 2 windows alive 100 slots 121482 t 0
loaded 68221 columns, kept 14585
phase 1 it 1 obj 0.321166 cols 20585 pairs 17092 min rc -5.614 LB -39.88 best -39.88 {2: -3.5151, 3: -4.2343, 4: -5.6136} added 6000 t 39.8 tm 32.0 
phase 1 it 2 obj 0.321019 cols 26585 pairs 19776 min rc -4.241 LB -30.04 best -30.04 {2: -2.9853, 3: -3.4044, 4: -4.2407} added 6000 t 91.8 tm 79.1 
phase 1 it 3 obj 0.320843 cols 32585 pairs 22436 min rc -3.267 LB -23.08 best -23.08 {2: -2.6231, 3: -3.1001, 4: -3.2675} added 6000 t 151.5 tm 133.7 
phase 1 it 4 obj 0.320455 cols 38585 pairs 24849 min rc -2.848 LB -20.07 best -11.16 {2: -2.8382, 3: -2.499, 4: -2.8479} added 6000 t 261.1 tm 207.4  dartLB -11.16
phase 1 it 5 obj 0.319775 cols 44585 pairs 27070 min rc -3.454 LB -24.41 best -11.16 {2: -2.822, 3: -2.5451, 4: -3.4538} added 6000 t 348.2 tm 288.6 
phase 1 it 6 obj 0.318866 cols 50585 pairs 29162 min rc -2.938 LB -20.71 best -11.16 {2: -2.5988, 3: -2.3927, 4: -2.9376} added 6000 t 454.6 tm 389.3 
phase 1 it 7 obj 0.317172 cols 56585 pairs 30371 min rc -3.163 LB -22.32 best -11.16 {2: -2.4533, 3: -2.4983, 4: -3.1629} added 6000 t 570.5 tm 500.2 
phase 1 it 8 obj 0.315999 cols 62585 pairs 32167 min rc -2.663 LB -18.74 best -9.739 {2: -2.3879, 3: -2.3149, 4: -2.6629} added 6000 t 748.7 tm 641.9  dartLB -9.739
phase 1 it 9 obj 0.314169 cols 68585 pairs 33547 min rc -2.659 LB -18.72 best -9.739 {2: -2.6591, 3: -2.1451, 4: -2.5729} added 6000 t 924.4 tm 812.0 
time limit
RESULT ('timeout', -9.738875240566998)
window flow {'aaa': 0.050823, 'aab': 0.028427, 'aac': 0.008557, 'aaB': 0.00725, 'aba': 0.001737, 'abb': 0.022529, 'abc': 0.029625, 'abA': 0.007474, 'abC': 0.001035, 'aca': 0.007054, 'acb': 0.004798, 'acB': 0.001221, 'aBc': 0.000702, 'aBA': 0.006524, 'aBB': 0.002699, 'aBC': 0.003664, 'baa': 0.013735, 'bab': 0.009675, 'bac': 0.000804, 'baB': 0.00415, 'bba': 0.021317, 'bbb': 0.03638, 'bbc': 0.010985, 'bbA': 0.011724, 'bbC': 0.004638, 'bca': 0.030901, 'bcb': 0.034804, 'bcB': 0.005736, 'bAb': 0.001031, 'bAA': 0.005668, 'bAB': 0.002996, 'bAC': 0.012288, 'bCA': 2e-05, 'bCB': 0.009869, 'caa': 0.026767, 'cab': 0.010718, 'cac': 0.003711, 'caB': 0.001315, 'cba': 0.005282, 'cbb': 0.016261, 'cbc': 0.021005, 'cbA': 0.00216, 'cbC': 0.003415, 'cBa': 0.000443, 'cBA': 0.000252, 'cBB': 0.005352, 'cBC': 0.00248, 'Aba': 2.9e-05, 'Abb': 0.010749, 'Abc': 0.00247, 'AbA': 0.000378, 'AbC': 0.000459, 'AAb': 0.002773, 'AAA': 0.044132, 'AAB': 0.016857, 'AAC': 0.020295, 'ABa': 0.00712, 'ABc': 0.000938, 'ABA': 0.002252, 'ABB': 0.019258, 'ABC': 0.015293, 'ACb': 0.005628, 'ACA': 0.005997, 'ACB': 0.029491, 'Baa': 0.003733, 'Bab': 0.01358, 'BaB': 0.000872, 'Bca': 0.004435, 'Bcb': 0.008521, 'BcB': 0.001571, 'BAb': 0.01028, 'BAA': 0.026572, 'BAB': 0.022656, 'BAC': 0.005489, 'BBa': 0.003358, 'BBc': 0.008567, 'BBA': 0.028756, 'BBB': 0.022845, 'BBC': 0.007329, 'BCb': 0.002293, 'BCA': 0.007063, 'BCB': 0.0388, 'Cbb': 0.00321, 'Cbc': 0.004121, 'CbA': 0.000248, 'CbC': 0.000342, 'CAA': 0.007684, 'CAB': 0.002351, 'CAC': 0.003044, 'CBa': 0.007257, 'CBc': 0.003149, 'CBA': 0.027214, 'CBB': 0.021149, 'CBC': 0.01939}
