phi0 {'a': 'ab', 'b': 'bbca', 'c': 'aab'} m 2 r 1 windows 26 types 268 maxval 4
phase 1 it 1 obj 7.000000 cols 3000 pairs 587 min rc -4 LB -35 {2: -2.0, 3: -3.0, 4: -4.0} added 3000 t 0.2 tm 0.0
phase 1 it 2 obj 7.000000 cols 6000 pairs 1783 min rc -5.874 LB -54.68 {2: -4.0, 3: -5.0, 4: -5.8741} added 3000 t 0.5 tm 0.1
phase 1 it 3 obj 5.619048 cols 9000 pairs 3699 min rc -6.036 LB -53.59 {2: -3.7471, 3: -5.7471, 4: -6.0359} added 3000 t 1.2 tm 0.6
phase 1 it 4 obj 2.531098 cols 12000 pairs 4758 min rc -5.557 LB -43.4 {2: -3.572, 3: -3.4175, 4: -5.5567} added 3000 t 2.5 tm 1.7
phase 1 it 5 obj 1.424704 cols 15000 pairs 5279 min rc -5.644 LB -42.1 {2: -3.9259, 3: -4.0351, 4: -5.6438} added 3000 t 5.1 tm 4.1
phase 1 it 6 obj 0.838384 cols 18000 pairs 5707 min rc -5.023 LB -36.43 {2: -3.5188, 3: -3.4981, 4: -5.023} added 3000 t 8.6 tm 7.5
phase 1 it 7 obj 0.427750 cols 21000 pairs 6060 min rc -5.393 LB -38.48 {2: -2.4318, 3: -2.9965, 4: -5.3932} added 3000 t 13.7 tm 12.4
phase 1 it 8 obj 0.277370 cols 23593 pairs 6183 min rc -4.251 LB -30.07 {2: -1.357, 3: -2.7895, 4: -4.2511} added 2593 t 20.4 tm 18.9
phase 1 it 9 obj 0.210048 cols 25750 pairs 6267 min rc -3.872 LB -27.3 {2: -1.4443, 3: -3.2204, 4: -3.8717} added 2157 t 27.8 tm 26.2
phase 1 it 10 obj 0.194203 cols 27195 pairs 6399 min rc -4.197 LB -29.59 {2: -1.3934, 3: -2.8618, 4: -4.1965} added 1445 t 35.9 tm 34.2
phase 1 it 11 obj 0.154545 cols 28775 pairs 6448 min rc -3.52 LB -24.76 {2: -0.5714, 3: -2.2862, 4: -3.5198} added 1580 t 44.1 tm 42.3
phase 1 it 12 obj 0.000000 cols 29692 pairs 6474 min rc -3.54 LB -24.78 {2: -0.6912, 3: -2.3786, 4: -3.5403} added 917 t 51.0 tm 49.1
phase 1 it 13 obj 0.000000 cols 30415 pairs 6495 min rc -2.883 LB -20.18 {2: -0.1167, 3: -2.346, 4: -2.8828} added 723 t 58.8 tm 56.8
phase 1 it 14 obj 0.000000 cols 31028 pairs 6508 min rc -2.797 LB -19.58 {2: -0.7025, 3: -2.4348, 4: -2.7969} added 613 t 66.5 tm 64.4
phase 1 it 15 obj 0.000000 cols 31519 pairs 6516 min rc -2.623 LB -18.36 {2: -0.5335, 3: -2.3021, 4: -2.623} added 491 t 73.8 tm 71.7
phase 1 it 16 obj 0.000000 cols 31984 pairs 6523 min rc -2.505 LB -17.53 {2: 0.0, 3: -2.1928, 4: -2.5047} added 465 t 81.8 tm 79.6
phase 1 it 17 obj 0.000000 cols 32361 pairs 6530 min rc -1.348 LB -9.433 {2: -0.2038, 3: -1.0802, 4: -1.3476} added 377 t 89.7 tm 87.4
phase 1 it 18 obj 0.000000 cols 32501 pairs 6530 min rc -1.003 LB -7.024 {2: 0.0, 3: -0.1764, 4: -1.0034} added 140 t 97.9 tm 95.6
phase 1 it 19 obj 0.000000 cols 32565 pairs 6530 min rc -1.289 LB -9.02 {2: 0.0, 3: -0.1218, 4: -1.2886} added 64 t 107.0 tm 104.6
phase 1 it 20 obj 0.000000 cols 32600 pairs 6530 min rc -0.6599 LB -4.619 {2: -0.0122, 3: 0.0062, 4: -0.6599} added 35 t 115.8 tm 113.3
phase 1 it 21 obj 0.000000 cols 32609 pairs 6530 min rc -0.05297 LB -0.3708 {2: -0.0092, 3: 0.0007, 4: -0.053} added 9 t 124.7 tm 122.1
phase 1 it 22 obj 0.000000 cols 32621 pairs 6530 min rc -0.04199 LB -0.294 {2: -0.0, 3: 0.0102, 4: -0.042} added 12 t 134.3 tm 131.6
phase 1 it 23 obj 0.000000 cols 32622 pairs 6530 min rc -0.01978 LB -0.1385 {2: 0.0, 3: 0.004, 4: -0.0198} added 1 t 142.1 tm 139.4
phase 1 it 24 obj 0.000000 cols 32624 pairs 6530 min rc -0.01101 LB -0.07706 {2: -0.0, 3: 0.0007, 4: -0.011} added 2 t 149.8 tm 147.0
phase 1 it 25 obj 0.000000 cols 32626 pairs 6530 min rc -0.00819 LB -0.05733 {2: -0.0082, 3: 0.0105, 4: -0.0048} added 2 t 157.6 tm 154.7
phase 1 it 26 obj 0.000000 cols 32626 pairs 6530 min rc -5.551e-17 LB 4.308e-10 {2: -0.0, 3: 0.0098, 4: 0.0} added 0 t 164.7 tm 161.8
phase 2 it 1 obj -0.500000 cols 35118 pairs 6563 min rc -113.5 LB -794.9 {2: -85.2616, 3: -82.6231, 4: -113.4903} added 2492 t 166.3 tm 163.2
phase 2 it 2 obj -0.500000 cols 37232 pairs 6597 min rc -160.9 LB -1127 {2: -93.2594, 3: -106.7979, 4: -160.8754} added 2114 t 167.9 tm 164.7
phase 2 it 3 obj -0.500000 cols 38993 pairs 6620 min rc -375.3 LB -2627 {2: -305.8866, 3: -290.5987, 4: -375.2585} added 1761 t 169.6 tm 166.2
phase 2 it 4 obj -0.500000 cols 40735 pairs 6634 min rc -128.5 LB -899.8 {2: -55.4483, 3: -128.4774, 4: -123.4487} added 1742 t 171.2 tm 167.7
phase 2 it 5 obj -0.500000 cols 41972 pairs 6644 min rc -77.06 LB -539.9 {2: -21.1032, 3: -54.0232, 4: -77.0601} added 1237 t 172.8 tm 169.2
phase 2 it 6 obj -0.500000 cols 43290 pairs 6654 min rc -276.9 LB -1939 {2: -124.2456, 3: -262.7957, 4: -276.8643} added 1318 t 174.6 tm 170.9
phase 2 it 7 obj -0.500000 cols 44234 pairs 6660 min rc -63.93 LB -448 {2: -5.3206, 3: -45.435, 4: -63.932} added 944 t 176.4 tm 172.7
phase 2 it 8 obj -0.500000 cols 45111 pairs 6662 min rc -88.94 LB -623.1 {2: -18.5738, 3: -35.5822, 4: -88.9385} added 877 t 178.2 tm 174.3
phase 2 it 9 obj -0.500000 cols 45865 pairs 6664 min rc -55.49 LB -388.9 {2: -22.5304, 3: -54.1084, 4: -55.4875} added 754 t 180.2 tm 176.2
phase 2 it 10 obj -0.500000 cols 46464 pairs 6664 min rc -26.43 LB -185.5 {2: -9.2844, 3: -17.7408, 4: -26.4332} added 599 t 181.9 tm 177.9
phase 2 it 11 obj -0.500000 cols 47093 pairs 6667 min rc -32.76 LB -229.8 {2: -26.7668, 3: -23.4295, 4: -32.7611} added 629 t 183.8 tm 179.6
phase 2 it 12 obj -0.500000 cols 47719 pairs 6668 min rc -62.76 LB -439.8 {2: -0.0, 3: -33.729, 4: -62.7596} added 626 t 185.7 tm 181.4
phase 2 it 13 obj -0.500000 cols 48220 pairs 6669 min rc -35.26 LB -247.3 {2: -0.9846, 3: -8.8961, 4: -35.2607} added 501 t 187.5 tm 183.2
phase 2 it 14 obj -0.500000 cols 48524 pairs 6669 min rc -31.57 LB -221.5 {2: -0.0, 3: -25.3127, 4: -31.5697} added 304 t 189.4 tm 185.0
phase 2 it 15 obj -0.500000 cols 48639 pairs 6669 min rc -6.814 LB -48.2 {2: -0.0, 3: -0.0693, 4: -6.8144} added 115 t 191.1 tm 186.6
phase 2 it 16 obj -0.500000 cols 48688 pairs 6669 min rc -4.527 LB -32.19 {2: -0.0, 3: -0.0, 4: -4.5271} added 49 t 192.9 tm 188.4
phase 2 it 17 obj -0.500000 cols 49100 pairs 6670 min rc -40.32 LB -282.8 {2: -0.7512, 3: -21.1302, 4: -40.3239} added 412 t 194.7 tm 190.1
phase 2 it 18 obj -0.500000 cols 49313 pairs 6670 min rc -29.62 LB -207.8 {2: -0.0, 3: -12.6861, 4: -29.6173} added 213 t 196.6 tm 191.9
phase 2 it 19 obj -0.500000 cols 49387 pairs 6670 min rc -3.971 LB -28.3 {2: -0.0, 3: -0.0, 4: -3.9712} added 74 t 198.4 tm 193.7
phase 2 it 20 obj -0.500000 cols 49412 pairs 6670 min rc -3.276 LB -23.43 {2: -0.0, 3: -0.0, 4: -3.2762} added 25 t 200.2 tm 195.4
phase 2 it 21 obj -0.500000 cols 49422 pairs 6670 min rc -3.233 LB -23.13 {2: -0.0, 3: -0.0, 4: -3.2325} added 10 t 202.0 tm 197.1
phase 2 it 22 obj -0.500000 cols 49427 pairs 6670 min rc -2.643 LB -19 {2: -0.0, 3: -0.0, 4: -2.6427} added 5 t 203.8 tm 198.9
phase 2 it 23 obj -0.500000 cols 49431 pairs 6670 min rc -1.495 LB -10.96 {2: -0.0, 3: -0.0, 4: -1.4949} added 4 t 205.6 tm 200.6
phase 2 it 24 obj -0.500000 cols 49433 pairs 6670 min rc -0.3907 LB -3.235 {2: -0.0, 3: -0.0, 4: -0.3907} added 2 t 207.4 tm 202.3
phase 2 it 25 obj -0.500000 cols 49433 pairs 6670 min rc -8.384e-13 LB -0.5 {2: -0.0, 3: -0.0, 4: -0.0} added 0 t 209.3 tm 204.2
RESULT -0.5000000025227579
window flow {'aa': 0.12499999886547505, 'ab': 0.12499999966859118, 'ba': 0.12499999962308263, 'bb': 0.12499999990501061, 'AA': 0.12499999882764345, 'AB': 0.12499999962138117, 'BA': 0.12499999972364888, 'BB': 0.12499999989462174}
