phi0 {'a': 'b', 'b': 'c', 'c': 'ab'} m 4 phi {'a': 'bc', 'b': 'cab', 'c': 'abbc'} gates abcCBC maxval 4 words 324 (all legal primitive zero-homology cyclic words, len<=8, |w|+|f(w)|<=600)
done ABab uncovered-dart
done AbaB uncovered-dart
done BCbc uncovered-dart
done BcbC uncovered-dart
done AABaab uncovered-dart
done AAbaaB uncovered-dart
done ABBabb uncovered-dart
done ABCacb uncovered-dart
done ABacbC uncovered-dart
done ABcabC uncovered-dart
done ACBacb uncovered-dart
done ACBcab uncovered-dart
done ACaBcb uncovered-dart
done ACabcB uncovered-dart
done ACbacB uncovered-dart
done ACbcaB uncovered-dart
done AbCacB uncovered-dart
done AbacBC uncovered-dart
done AbbaBB uncovered-dart
done AbcaBC uncovered-dart
done AcBCab uncovered-dart
done AcBabC uncovered-dart
done AcaBCb uncovered-dart
done AcabCB uncovered-dart
done AcbCaB uncovered-dart
done AcbaBC uncovered-dart
done BBCbbc uncovered-dart
done BBcbbC uncovered-dart
done BCCbcc uncovered-dart
done BccbCC uncovered-dart
done AAABaaab uncovered-dart
done AAAbaaaB uncovered-dart
done AABBaabb uncovered-dart
done AABBabab uncovered-dart
done AABCaacb uncovered-dart
done AABCacab uncovered-dart
done AABaBabb uncovered-dart
done AABaacbC uncovered-dart
done AABabbaB uncovered-dart
done AABacabC uncovered-dart
done AABcaabC uncovered-dart
done AACBaacb uncovered-dart
done AACBacab uncovered-dart
done AACBcaab uncovered-dart
done AACaBacb uncovered-dart
done AACaBcab uncovered-dart
done AACaaBcb uncovered-dart
done AACaabcB uncovered-dart
done AACabacB uncovered-dart
done AACabcaB uncovered-dart
done AACacBab uncovered-dart
done AACacbaB uncovered-dart
done AACbaacB uncovered-dart
done AACbacaB uncovered-dart
done AACbcaaB uncovered-dart
done AAbCaacB uncovered-dart
done AAbCacaB uncovered-dart
done AAbaBBab uncovered-dart
done AAbaacBC uncovered-dart
done AAbabaBB uncovered-dart
done AAbacaBC uncovered-dart
done AAbbaBaB uncovered-dart
done AAbbaaBB uncovered-dart
done AAbcaaBC uncovered-dart
done AAcBCaab uncovered-dart
done AAcBaabC uncovered-dart
done AAcaBCab uncovered-dart
done AAcaBabC uncovered-dart
done AAcaaBCb uncovered-dart
done AAcaabCB uncovered-dart
done AAcabCaB uncovered-dart
done AAcabaBC uncovered-dart
done AAcbCaaB uncovered-dart
done AAcbaaBC uncovered-dart
done ABABaabb uncovered-dart
done ABABabab uncovered-dart
done ABACaacb uncovered-dart
done ABACacab uncovered-dart
done ABAbaBab uncovered-dart
done ABAbabaB uncovered-dart
done ABAbbaaB uncovered-dart
done ABAcaabC uncovered-dart
done ABBAbaab uncovered-dart
done ABBBabbb uncovered-dart
done ABBCabcb uncovered-dart
done ABBCacbb uncovered-dart
done ABBCbacb uncovered-dart
done ABBCbcab uncovered-dart
done ABBaabAb uncovered-dart
done ABBabcbC uncovered-dart
done ABBacbCb uncovered-dart
done ABBacbbC uncovered-dart
done ABBcabCb uncovered-dart
done ABBcabbC uncovered-dart
done ABBcbCab uncovered-dart
done ABBcbabC uncovered-dart
done ABCAcaab uncovered-dart
done ABCBabcb uncovered-dart
done ABCBacbb uncovered-dart
done ABCBcabb uncovered-dart
done ABCBcbab uncovered-dart
done ABCCaccb uncovered-dart
done ABCaBcbb uncovered-dart
done ABCabbcB uncovered-dart
done ABCaccbC uncovered-dart
done ABCbaBcb uncovered-dart
done ABCbabcB uncovered-dart
done ABCbbacB uncovered-dart
done ABCbbcaB uncovered-dart
done ABCbcBab uncovered-dart
done ABCbcbaB uncovered-dart
done ABaBAbab uncovered-dart
done ABaBCbcb uncovered-dart
done ABaBabAb uncovered-dart
done ABaBcbCb uncovered-dart
done ABaBcbbC uncovered-dart
done ABaaBAbb uncovered-dart
done ABaacbAC uncovered-dart
done ABabAbaB uncovered-dart
done ABabCBcb uncovered-dart
done ABabCbcB uncovered-dart
done ABabaBAb uncovered-dart
done ABabbcBC uncovered-dart
done ABabcBCb uncovered-dart
done ABabcbCB uncovered-dart
done ABacBCbb uncovered-dart
done ABacabAC uncovered-dart
done ABacbbCB uncovered-dart
done ABaccbCC uncovered-dart
done ABcBCabb uncovered-dart
done ABcBCbab uncovered-dart
done ABcBabCb uncovered-dart
done ABcBabbC uncovered-dart
done ABcaBCbb uncovered-dart
done ABcaabAC uncovered-dart
done ABcabbCB uncovered-dart
done ABcacbCC uncovered-dart
done ABcbCBab uncovered-dart
done ABcbCbaB uncovered-dart
done ABcbaBCb uncovered-dart
done ABcbabCB uncovered-dart
done ABcbbCaB uncovered-dart
done ABcbbaBC uncovered-dart
done ABccabCC uncovered-dart
done ACAbaacB uncovered-dart
done ACAbacaB uncovered-dart
done ACAbcaaB uncovered-dart
done ACAcBaab uncovered-dart
done ACAcaBab uncovered-dart
done ACAcabaB uncovered-dart
done ACAcbaaB uncovered-dart
done ACBAcaab uncovered-dart
done ACBBabcb uncovered-dart
done ACBBacbb uncovered-dart
done ACBBcabb uncovered-dart
done ACBBcbab uncovered-dart
done ACBCaccb uncovered-dart
done ACBaBcbb uncovered-dart
done ACBabbcB uncovered-dart
done ACBaccbC uncovered-dart
done ACBcBabb uncovered-dart
done ACBcacbC uncovered-dart
done ACBcbbaB uncovered-dart
done ACBccabC uncovered-dart
done ACCBaccb uncovered-dart
done ACCBcacb uncovered-dart
done ACCBccab uncovered-dart
done ACCaBccb uncovered-dart
done ACCabccB uncovered-dart
done ACCacBcb uncovered-dart
done ACCacbcB uncovered-dart
done ACCbaccB uncovered-dart
done ACCbcacB uncovered-dart
done ACCbccaB uncovered-dart
done ACaBAcab uncovered-dart
done ACaBBcbb uncovered-dart
done ACaBccbC uncovered-dart
done ACaaBAcb uncovered-dart
done ACaabAcB uncovered-dart
done ACaacBAb uncovered-dart
done ACabAcaB uncovered-dart
done ACabbcBB uncovered-dart
done ACabccBC uncovered-dart
done ACacBcbC uncovered-dart
done ACacaBAb uncovered-dart
done ACacbcBC uncovered-dart
done ACaccBCb uncovered-dart
done ACaccbCB uncovered-dart
done ACbAcaaB uncovered-dart
done ACbCaccB uncovered-dart
done ACbaBBcb uncovered-dart
done ACbabcBB uncovered-dart
done ACbaccBC uncovered-dart
done ACbbaBcB uncovered-dart
done ACbbacBB uncovered-dart
done ACbbcBaB uncovered-dart
done ACbbcaBB uncovered-dart
done ACbcBBab uncovered-dart
done ACbcacBC uncovered-dart
done ACbcbaBB uncovered-dart
done ACbccaBC uncovered-dart
done AbAbaBaB uncovered-dart
done AbAbaaBB uncovered-dart
done AbAcaaBC uncovered-dart
done AbCAcaaB uncovered-dart
done AbCBBacb uncovered-dart
done AbCBBcab uncovered-dart
done AbCBaBcb uncovered-dart
done AbCBabcB uncovered-dart
done AbCBcBab uncovered-dart
done AbCBcbaB uncovered-dart
done AbCCaccB uncovered-dart
done AbCaBBcb uncovered-dart
done AbCabcBB uncovered-dart
done AbCaccBC uncovered-dart
done AbCbaBcB uncovered-dart
done AbCbacBB uncovered-dart
done AbCbcBaB uncovered-dart
done AbCbcaBB uncovered-dart
done AbaBBcbC uncovered-dart
done AbaBCBcb uncovered-dart
done AbaBCbcB uncovered-dart
done AbaBcBCb uncovered-dart
done AbaBcbCB uncovered-dart
done AbabCBcB uncovered-dart
done AbabcBBC uncovered-dart
done AbabcBCB uncovered-dart
done AbacBBCb uncovered-dart
done AbacbCBB uncovered-dart
done AbaccBCC uncovered-dart
done AbbCBacB uncovered-dart
done AbbCBcaB uncovered-dart
done AbbCaBcB uncovered-dart
done AbbCacBB uncovered-dart
done AbbaBcBC uncovered-dart
done AbbacBBC uncovered-dart
done AbbacBCB uncovered-dart
done AbbbaBBB uncovered-dart
done AbbcBCaB uncovered-dart
done AbbcBaBC uncovered-dart
done AbbcaBBC uncovered-dart
done AbbcaBCB uncovered-dart
done AbcBBCab uncovered-dart
done AbcBBabC uncovered-dart
done AbcBCBab uncovered-dart
done AbcBCbaB uncovered-dart
done AbcBaBCb uncovered-dart
done AbcBabCB uncovered-dart
done AbcaBBCb uncovered-dart
done AbcabCBB uncovered-dart
done AbcacBCC uncovered-dart
done AbcbCBaB uncovered-dart
done AbcbCaBB uncovered-dart
done AbcbaBBC uncovered-dart
done AbcbaBCB uncovered-dart
done AbccaBCC uncovered-dart
done AcBBCabb uncovered-dart
done AcBBCbab uncovered-dart
done AcBBabCb uncovered-dart
done AcBBabbC uncovered-dart
done AcBCBabb uncovered-dart
done AcBCCacb uncovered-dart
done AcBCacbC uncovered-dart
done AcBCbbaB uncovered-dart
done AcBaBCbb uncovered-dart
done AcBabbCB uncovered-dart
done AcBacbCC uncovered-dart
done AcBcabCC uncovered-dart
done AcaBBCbb uncovered-dart
done AcaBcbCC uncovered-dart
done AcabbCBB uncovered-dart
done AcabcBCC uncovered-dart
done AcacBCCb uncovered-dart
done AcacBCbC uncovered-dart
done AcacbCBC uncovered-dart
done AcacbCCB uncovered-dart
done AcbCBBab uncovered-dart
done AcbCCacB uncovered-dart
done AcbCacBC uncovered-dart
done AcbCbaBB uncovered-dart
done AcbaBBCb uncovered-dart
done AcbabCBB uncovered-dart
done AcbacBCC uncovered-dart
done AcbbCBaB uncovered-dart
done AcbbCaBB uncovered-dart
done AcbbaBBC uncovered-dart
done AcbbaBCB uncovered-dart
done AcbcaBCC uncovered-dart
done AccBCCab uncovered-dart
done AccBCabC uncovered-dart
done AccBabCC uncovered-dart
done AccaBCCb uncovered-dart
done AccaBCbC uncovered-dart
done AccabCBC uncovered-dart
done AccabCCB uncovered-dart
done AccbCCaB uncovered-dart
done AccbCaBC uncovered-dart
done AccbaBCC uncovered-dart
done BBBCbbbc uncovered-dart
done BBBcbbbC uncovered-dart
done BBCCbbcc uncovered-dart
done BBCCbcbc uncovered-dart
done BBCbCbcc uncovered-dart
done BBCbccbC uncovered-dart
done BBcbCCbc uncovered-dart
done BBcbcbCC uncovered-dart
done BBccbCbC uncovered-dart
done BBccbbCC uncovered-dart
done BCBCbbcc uncovered-dart
done BCBCbcbc uncovered-dart
done BCBcbCbc uncovered-dart
done BCBcbcbC uncovered-dart
done BCBccbbC uncovered-dart
done BCCBcbbc uncovered-dart
done BCCCbccc uncovered-dart
done BCCbbcBc uncovered-dart
done BCbCBcbc uncovered-dart
done BCbCbcBc uncovered-dart
done BCbbCBcc uncovered-dart
done BCbcBcbC uncovered-dart
done BCbcbCBc uncovered-dart
done BcBcbCbC uncovered-dart
done BcBcbbCC uncovered-dart
done BcccbCCC uncovered-dart
stats {('uncovered-dart', True): 324} time 0.4
