# boundary lengths 2,3 (surface_batch.py): entries 2298, 2429
2298 {"a": "bac", "b": "acab", "c": "bbac"} m=2 no-certificate-with-length<=3
2429 {"a": "abb", "b": "bcaa", "c": "babb"} m=2 no-certificate-with-length<=3
# boundary lengths 2,3 (surface_batch.py): entries above 2429
3075 {"a": "bab", "b": "aaca", "c": "bbab"} m=2 SURFACE w=bc chi=-8 independent=True CERTIFICATE OK {"automorphism": "explicit inverse verified", "charpoly": [1, -1, -9, 1], "M^k>0 at k": 3, "darts": 60, "V": 22, "E": 30, "chi(X)": -8, "components": 1, "valences": [2, 2, 2, 2, 2, 2, 2, 2, 2, 2, 2, 2, 2, 2, 4, 4, 4, 4, 4, 4, 4, 4], "gates": "abaABA", "f-corners": 4, "genus of S*_f(X)": 5}
3684 {"a": "abb", "b": "cabc", "c": "cab"} m=2 no-certificate-with-length<=3
4010 {"a": "ab", "b": "babc", "c": "abb"} m=2 no-certificate-with-length<=3
4011 {"a": "ab", "b": "babc", "c": "bab"} m=2 SURFACE w=bb chi=-4 independent=True CERTIFICATE OK {"automorphism": "explicit inverse verified", "charpoly": [1, -3, -1, 1], "M^k>0 at k": 2, "darts": 56, "V": 24, "E": 28, "chi(X)": -4, "components": 1, "valences": [2, 2, 2, 2, 2, 2, 2, 2, 2, 2, 2, 2, 2, 2, 2, 2, 2, 2, 2, 2, 4, 4, 4, 4], "gates": "abbABA", "f-corners": 4, "genus of S*_f(X)": 3}
4012 {"a": "ab", "b": "bbac", "c": "abb"} m=2 no-certificate-with-length<=3
4017 {"a": "ab", "b": "bcba", "c": "bab"} m=2 SURFACE w=bb chi=-4 independent=True CERTIFICATE OK {"automorphism": "explicit inverse verified", "charpoly": [1, -3, -1, 1], "M^k>0 at k": 2, "darts": 56, "V": 24, "E": 28, "chi(X)": -4, "components": 1, "valences": [2, 2, 2, 2, 2, 2, 2, 2, 2, 2, 2, 2, 2, 2, 2, 2, 2, 2, 2, 2, 4, 4, 4, 4], "gates": "abbABA", "f-corners": 4, "genus of S*_f(X)": 3}
4052 {"a": "bc", "b": "bca", "c": "cbca"} m=2 SURFACE w=bb chi=-4 independent=True CERTIFICATE OK {"automorphism": "explicit inverse verified", "charpoly": [1, -3, -1, 1], "M^k>0 at k": 2, "darts": 40, "V": 16, "E": 20, "chi(X)": -4, "components": 1, "valences": [2, 2, 2, 2, 2, 2, 2, 2, 2, 2, 2, 2, 4, 4, 4, 4], "gates": "aacABB", "f-corners": 4, "genus of S*_f(X)": 3}
4485 {"a": "abb", "b": "bca", "c": "babb"} m=2 no-certificate-with-length<=3
4887 {"a": "ab", "b": "bbca", "c": "aab"} m=2 no-certificate-with-length<=3
# boundary length 4 (LENS=4 surface_batch_lengths.py)
464 {"a": "aab", "b": "bbc", "c": "bbca"} m=2 no-certificate-with-length-in-4
414 {"a": "abb", "b": "bcc", "c": "cabb"} m=2 no-certificate-with-length-in-4
228 {"a": "aab", "b": "aabc", "c": "ccca"} m=2 no-certificate-with-length-in-4
61 {"a": "bbc", "b": "ccba", "c": "bbcb"} m=2 no-certificate-with-length-in-4
108 {"a": "abb", "b": "bccc", "c": "cabb"} m=2 no-certificate-with-length-in-4
198 {"a": "bbc", "b": "aaab", "c": "bbca"} m=2 no-certificate-with-length-in-4
939 {"a": "ab", "b": "bca", "c": "caab"} m=2 no-certificate-with-length-in-4
2298 {"a": "bac", "b": "acab", "c": "bbac"} m=2 no-certificate-with-length-in-4
2429 {"a": "abb", "b": "bcaa", "c": "babb"} m=2 no-certificate-with-length-in-4
1744 {"a": "bcb", "b": "abbc", "c": "bcbb"} m=2 no-certificate-with-length-in-4
1635 {"a": "bcb", "b": "bbcb", "c": "ccac"} m=2 no-certificate-with-length-in-4
1632 {"a": "bbc", "b": "bbcb", "c": "cacc"} m=2 no-certificate-with-length-in-4
1633 {"a": "bbc", "b": "bbcb", "c": "ccac"} m=2 no-certificate-with-length-in-4
3684 {"a": "abb", "b": "cabc", "c": "cab"} m=2 SURFACE w=aabb chi=-4 independent=True CERTIFICATE OK {"automorphism": "explicit inverse verified", "charpoly": [1, -3, -1, -1], "M^k>0 at k": 2, "darts": 104, "V": 48, "E": 52, "chi(X)": -4, "components": 1, "valences": [2, 2, 2, 2, 2, 2, 2, 2, 2, 2, 2, 2, 2, 2, 2, 2, 2, 2, 2, 2, 2, 2, 2, 2, 2, 2, 2, 2, 2, 2, 2, 2, 2, 2, 2, 2, 2, 2, 2, 2, 2, 2, 2, 2, 4, 4, 4, 4], "gates": "abbABA", "f-corners": 8, "genus of S*_f(X)": 3}
4010 {"a": "ab", "b": "babc", "c": "abb"} m=2 no-certificate-with-length-in-4
4012 {"a": "ab", "b": "bbac", "c": "abb"} m=2 no-certificate-with-length-in-4
4485 {"a": "abb", "b": "bca", "c": "babb"} m=2 no-certificate-with-length-in-4
4887 {"a": "ab", "b": "bbca", "c": "aab"} m=2 no-certificate-with-length-in-4
