phi0 {'a': 'ab', 'b': 'bbca', 'c': 'aab'} m 2 rm 2 rp 1 windows 114 types 356 maxval 4
phase 1 it 1 obj 7.000000 cols 3000 pairs 394 min rc -4 LB -35 best -35 {2: -2.0, 3: -3.0, 4: -4.0} added 3000 t 1.8 tm 0.1 
phase 1 it 2 obj 7.000000 cols 6000 pairs 1437 min rc -6 LB -56 best -35 {2: -4.0, 3: -5.0, 4: -6.0} added 3000 t 3.8 tm 0.4 
phase 1 it 3 obj 7.000000 cols 9000 pairs 2014 min rc -7 LB -66.5 best -35 {2: -4.0, 3: -4.0996, 4: -7.0} added 3000 t 7.8 tm 3.0 
phase 1 it 4 obj 6.602128 cols 12000 pairs 2751 min rc -6 LB -55.2 best -25.94 {2: -4.0, 3: -4.9879, 4: -6.0} added 3000 t 16.5 tm 7.5  dartLB -25.94
phase 1 it 5 obj 5.945912 cols 15000 pairs 3623 min rc -6.079 LB -54.68 best -25.94 {2: -4.0, 3: -4.7883, 4: -6.079} added 3000 t 25.9 tm 15.6 
phase 1 it 6 obj 4.751752 cols 18000 pairs 4553 min rc -5.62 LB -47.94 best -25.94 {2: -3.0, 3: -4.4562, 4: -5.6199} added 3000 t 40.9 tm 28.8 
phase 1 it 7 obj 3.535148 cols 21000 pairs 5524 min rc -4.303 LB -34.2 best -25.94 {2: -4.0, 3: -3.0925, 4: -4.3035} added 3000 t 59.2 tm 45.8 
phase 1 it 8 obj 2.438635 cols 24000 pairs 6391 min rc -5.55 LB -43.18 best -18.8 {2: -4.0, 3: -3.7008, 4: -5.5502} added 3000 t 83.7 tm 67.7  dartLB -18.8
phase 1 it 9 obj 1.603377 cols 27000 pairs 7139 min rc -5.247 LB -39.33 best -18.8 {2: -3.6954, 3: -3.6669, 4: -5.2468} added 3000 t 101.5 tm 84.7 
phase 1 it 10 obj 1.109606 cols 30000 pairs 7806 min rc -4.339 LB -31.67 best -18.8 {2: -2.916, 3: -3.1087, 4: -4.3389} added 3000 t 121.5 tm 104.0 
phase 1 it 11 obj 0.694425 cols 33000 pairs 8352 min rc -3.814 LB -27.33 best -18.8 {2: -2.6252, 3: -3.2384, 4: -3.8142} added 3000 t 149.5 tm 131.2 
phase 1 it 12 obj 0.468653 cols 36000 pairs 8779 min rc -3.371 LB -23.92 best -11.62 {2: -3.07, 3: -3.3525, 4: -3.3711} added 3000 t 184.1 tm 163.4  dartLB -11.62
phase 1 it 13 obj 0.319835 cols 39000 pairs 9281 min rc -2.912 LB -20.53 best -11.62 {2: -2.7677, 3: -2.2439, 4: -2.9119} added 3000 t 220.0 tm 198.7 
phase 1 it 14 obj 0.231651 cols 42000 pairs 9689 min rc -2.583 LB -18.15 best -11.62 {2: -2.5828, 3: -2.017, 4: -2.4165} added 3000 t 262.1 tm 240.0 
phase 1 it 15 obj 0.170539 cols 45000 pairs 9933 min rc -2.423 LB -17 best -11.62 {2: -2.4109, 3: -2.1049, 4: -2.423} added 3000 t 307.5 tm 284.8 
phase 1 it 16 obj 0.129108 cols 46932 pairs 10029 min rc -2.408 LB -16.88 best -5.276 {2: -2.4077, 3: -0.8285, 4: -1.6177} added 1932 t 364.1 tm 339.4  dartLB -5.276
phase 1 it 17 obj 0.087431 cols 48241 pairs 10070 min rc -1.668 LB -11.66 best -5.276 {2: -1.6676, 3: -0.9486, 4: -1.6477} added 1309 t 412.7 tm 387.3 
phase 1 it 18 obj 0.070198 cols 49002 pairs 10083 min rc -1.039 LB -7.243 best -5.276 {2: -0.8764, 3: -1.0395, 4: -0.849} added 761 t 470.4 tm 444.6 
phase 1 it 19 obj 0.064112 cols 49586 pairs 10091 min rc -0.4686 LB -3.231 best -3.231 {2: -0.4686, 3: -0.4233, 4: -0.4509} added 584 t 531.0 tm 504.9 
phase 1 it 20 obj 0.051661 cols 50011 pairs 10102 min rc -0.791 LB -5.506 best -0.7286 {2: -0.791, 3: -0.1867, 4: -0.5024} added 425 t 587.5 tm 559.8  dartLB -0.7286
phase 1 it 21 obj 0.049046 cols 50340 pairs 10108 min rc -0.7656 LB -5.329 best -0.7286 {2: -0.4611, 3: -0.393, 4: -0.7656} added 329 t 640.6 tm 612.5 
phase 1 it 22 obj 0.045928 cols 50581 pairs 10122 min rc -0.5917 LB -4.11 best -0.7286 {2: -0.5534, 3: -0.3637, 4: -0.5917} added 241 t 700.8 tm 672.4 
phase 1 it 23 obj 0.000000 cols 50638 pairs 10136 min rc -0.7879 LB -5.515 best -0.7286 {2: -0.7879, 3: -0.1054, 4: -0.6585} added 57 t 753.3 tm 724.6 
phase 1 it 24 obj 0.000000 cols 50662 pairs 10136 min rc -0.3841 LB -2.689 best -0.2226 {2: -0.2461, 3: -0.3788, 4: -0.3841} added 24 t 800.5 tm 770.5  dartLB -0.2226
phase 2 it 1 obj -0.500000 cols 53662 pairs 10182 min rc -380.2 LB -2662 best -2662 {2: -362.2743, 3: -359.0757, 4: -380.1704} added 3000 t 809.1 tm 778.1 
phase 2 it 2 obj -0.500000 cols 56662 pairs 10214 min rc -231.3 LB -1619 best -1619 {2: -150.3008, 3: -171.5122, 4: -231.2656} added 3000 t 817.1 tm 785.4 
phase 2 it 3 obj -0.500000 cols 59662 pairs 10251 min rc -86.75 LB -607.7 best -607.7 {2: -51.0937, 3: -62.6855, 4: -86.7489} added 3000 t 826.5 tm 794.4 
phase 2 it 4 obj -0.500000 cols 62662 pairs 10264 min rc -248 LB -1736 best -607.7 {2: -247.9884, 3: -184.5047, 4: -232.176} added 3000 t 838.3 tm 804.1  dartLB -643
phase 2 it 5 obj -0.500000 cols 65662 pairs 10276 min rc -262.6 LB -1839 best -607.7 {2: -216.2138, 3: -262.6358, 4: -254.1655} added 3000 t 848.9 tm 814.2 
phase 2 it 6 obj -0.500000 cols 68662 pairs 10279 min rc -137.8 LB -964.9 best -607.7 {2: -93.2386, 3: -132.4597, 4: -137.7668} added 3000 t 859.5 tm 824.3 
phase 2 it 7 obj -0.500000 cols 71662 pairs 10291 min rc -83.74 LB -586.7 best -586.7 {2: -83.7392, 3: -64.5201, 4: -79.044} added 3000 t 871.0 tm 835.2 
phase 2 it 8 obj -0.500000 cols 74662 pairs 10298 min rc -521.5 LB -3651 best -586.7 {2: -346.8328, 3: -427.2294, 4: -521.5217} added 3000 t 883.5 tm 845.8  dartLB -1031
phase 2 it 9 obj -0.500000 cols 77662 pairs 10298 min rc -100.1 LB -701.3 best -586.7 {2: -66.9559, 3: -100.1172, 4: -99.9752} added 3000 t 895.4 tm 857.1 
phase 2 it 10 obj -0.500000 cols 80662 pairs 10299 min rc -121.6 LB -851.9 best -586.7 {2: -96.3001, 3: -121.6216, 4: -100.296} added 3000 t 908.1 tm 869.2 
phase 2 it 11 obj -0.500000 cols 83475 pairs 10299 min rc -94 LB -658.5 best -586.7 {2: -86.254, 3: -93.9997, 4: -91.8529} added 2813 t 920.3 tm 880.9 
phase 2 it 12 obj -0.500000 cols 86000 pairs 10300 min rc -37.02 LB -259.6 best -82.39 {2: -35.6437, 3: -37.0181, 4: -35.851} added 2525 t 934.0 tm 892.6  dartLB -82.39
phase 2 it 13 obj -0.500000 cols 87865 pairs 10300 min rc -48.87 LB -342.6 best -82.39 {2: -48.8707, 3: -34.0374, 4: -41.4839} added 1865 t 948.0 tm 906.2 
phase 2 it 14 obj -0.500000 cols 90023 pairs 10300 min rc -48.91 LB -342.9 best -82.39 {2: -48.9143, 3: -26.6523, 4: -38.7312} added 2158 t 960.2 tm 917.5 
phase 2 it 15 obj -0.500000 cols 91723 pairs 10300 min rc -68.13 LB -477.4 best -82.39 {2: -39.1269, 3: -68.1292, 4: -54.6644} added 1700 t 973.4 tm 930.1 
phase 2 it 16 obj -0.500000 cols 93498 pairs 10300 min rc -111.2 LB -778.6 best -82.39 {2: -73.3182, 3: -111.1505, 4: -90.0023} added 1775 t 988.2 tm 943.1  dartLB -157.1
phase 2 it 17 obj -0.500000 cols 94985 pairs 10300 min rc -86.73 LB -607.6 best -82.39 {2: -49.4583, 3: -86.7305, 4: -51.5899} added 1487 t 1002.5 tm 957.0 
phase 2 it 18 obj -0.500000 cols 96247 pairs 10300 min rc -42.16 LB -295.6 best -82.39 {2: -29.6701, 3: -35.4199, 4: -42.156} added 1262 t 1017.1 tm 971.1 
phase 2 it 19 obj -0.500000 cols 97470 pairs 10301 min rc -90.36 LB -633.1 best -82.39 {2: -90.3644, 3: -72.6074, 4: -54.1249} added 1223 t 1029.2 tm 982.8 
phase 2 it 20 obj -0.500000 cols 98519 pairs 10301 min rc -42.04 LB -294.8 best -68.71 {2: -25.5084, 3: -35.9964, 4: -42.0441} added 1049 t 1043.7 tm 995.6  dartLB -68.71
phase 2 it 21 obj -0.500000 cols 99624 pairs 10301 min rc -32.52 LB -228.1 best -68.71 {2: -16.2553, 3: -32.5207, 4: -31.9456} added 1105 t 1057.6 tm 1009.0 
phase 2 it 22 obj -0.500000 cols 100429 pairs 10301 min rc -36.38 LB -255.1 best -68.71 {2: -6.1553, 3: -36.3775, 4: -29.6609} added 805 t 1071.2 tm 1022.3 
phase 2 it 23 obj -0.500000 cols 100995 pairs 10301 min rc -22.9 LB -160.8 best -68.71 {2: -4.2573, 3: -13.4894, 4: -22.9039} added 566 t 1084.7 tm 1035.4 
time limit
RESULT ('timeout', -68.70701856947588)
best dart-shifted phase-1 value -0.22255169568997202
window flow {'aab': 0.125, 'abb': 0.125, 'aca': 0.0, 'baa': 0.125, 'bab': 0.0, 'bba': 0.125, 'bbb': 0.0, 'cac': 0.0, 'AAB': 0.125, 'ABB': 0.125, 'ACA': 0.0, 'BAA': 0.125, 'BAB': 0.0, 'BBA': 0.125, 'BBB': 0.0, 'CAC': 0.0}
