it 0 density 1.499192 c 10.494344 w [1.0, 1.0, 1.0, 1.0, 1.0, 1.0, 1.0]  diag|C|/(rho w) [0.934, 1.065, 1.009, 1.045, 1.184, 1.03, 0.734]
it 1 density 1.509732 c 9.678256 w [0.8856, 0.9456, 0.9197, 0.9362, 1.0, 0.9295, 0.7938]  diag|C|/(rho w) [0.953, 1.006, 1.038, 1.055, 1.122, 0.994, 0.79]
it 2 density 1.515516 c 9.155586 w [0.8148, 0.8938, 0.8831, 0.9066, 1.0, 0.8733, 0.6696]  diag|C|/(rho w) [0.963, 1.05, 1.031, 1.005, 1.086, 0.977, 0.831]
it 3 density 1.519063 c 8.797161 w [0.7668, 0.8782, 0.8596, 0.8714, 1.0, 0.8276, 0.5876]  diag|C|/(rho w) [0.97, 1.041, 1.026, 1.007, 1.064, 0.97, 0.862]
it 4 density 1.521289 c 8.538557 w [0.7321, 0.8688, 0.8439, 0.8475, 1.0, 0.79, 0.5303]  diag|C|/(rho w) [0.972, 0.996, 1.025, 1.045, 1.051, 0.97, 0.882]
it 5 density 1.522672 c 8.332994 w [0.7039, 0.8455, 0.8331, 0.8449, 1.0, 0.7588, 0.4865]  diag|C|/(rho w) [0.982, 1.003, 1.019, 1.036, 1.035, 0.965, 0.909]
it 6 density 1.523578 c 8.196373 w [0.6858, 0.8322, 0.8267, 0.8456, 1.0, 0.7328, 0.4566]  diag|C|/(rho w) [0.985, 1.036, 1.017, 0.998, 1.028, 0.967, 0.923]
it 7 density 1.524261 c 8.088685 w [0.6716, 0.8358, 0.8223, 0.8332, 1.0, 0.7108, 0.4329]  diag|C|/(rho w) [0.99, 0.999, 1.014, 1.031, 1.02, 0.967, 0.937]
it 8 density 1.524739 c 8.009936 w [0.6616, 0.827, 0.8197, 0.8378, 1.0, 0.6921, 0.4152]  diag|C|/(rho w) [0.992, 1.031, 1.012, 0.996, 1.017, 0.97, 0.944]
it 9 density 1.524984 c 7.944375 w [0.6535, 0.833, 0.8179, 0.8289, 1.0, 0.676, 0.4002]  diag|C|/(rho w) [0.996, 0.996, 1.031, 1.006, 1.012, 0.971, 0.958]
it 10 density 1.525296 c 7.898595 w [0.6482, 0.8263, 0.8258, 0.8265, 1.0, 0.6621, 0.3895]  diag|C|/(rho w) [0.998, 1.005, 1.026, 0.997, 1.01, 0.973, 0.965]
it 11 density 1.525449 c 7.861848 w [0.6445, 0.8245, 0.8327, 0.8214, 1.0, 0.65, 0.3808]  diag|C|/(rho w) [0.999, 1.026, 0.994, 1.006, 1.008, 0.975, 0.97]
it 12 density 1.525577 c 7.831591 w [0.6416, 0.8318, 0.8267, 0.8205, 1.0, 0.6393, 0.3736]  diag|C|/(rho w) [1.001, 1.0, 0.995, 1.026, 1.006, 0.977, 0.974]
it 13 density 1.525688 c 7.808047 w [0.6399, 0.8294, 0.8223, 0.8285, 1.0, 0.6299, 0.3677]  diag|C|/(rho w) [1.002, 1.0, 1.024, 0.994, 1.005, 0.979, 0.978]
it 14 density 1.525781 c 7.787935 w [0.6387, 0.8275, 0.83, 0.8238, 1.0, 0.6215, 0.3626]  diag|C|/(rho w) [1.003, 1.0, 0.994, 1.023, 1.004, 0.98, 0.981]
it 15 density 1.525850 c 7.772541 w [0.6383, 0.8258, 0.8257, 0.8316, 1.0, 0.6141, 0.3584]  diag|C|/(rho w) [1.003, 1.0, 1.022, 0.992, 1.004, 0.982, 0.984]
it 16 density 1.525885 c 7.758212 w [0.638, 0.8244, 0.833, 0.8269, 1.0, 0.6073, 0.3548]  diag|C|/(rho w) [1.003, 1.022, 0.991, 0.999, 1.003, 0.983, 0.986]
it 17 density 1.525944 c 7.745320 w [0.6378, 0.8319, 0.8279, 0.8252, 1.0, 0.6013, 0.3517]  diag|C|/(rho w) [1.004, 0.997, 0.993, 1.02, 1.003, 0.985, 0.988]
it 18 density 1.525951 c 7.734884 w [0.638, 0.8295, 0.8238, 0.8326, 1.0, 0.5959, 0.3492]  diag|C|/(rho w) [1.003, 0.998, 1.021, 0.99, 1.003, 0.986, 0.99]
it 19 density 1.526004 c 7.723977 w [0.638, 0.8274, 0.8312, 0.8272, 1.0, 0.5909, 0.347]  diag|C|/(rho w) [1.003, 1.019, 0.99, 0.998, 1.002, 0.987, 0.992]
it 20 density 1.526026 c 7.714454 w [0.6381, 0.8342, 0.8261, 0.8254, 1.0, 0.5865, 0.3451]  diag|C|/(rho w) [1.003, 0.995, 1.019, 0.992, 1.002, 0.989, 0.993]
it 21 density 1.525995 c 7.705677 w [0.6384, 0.8313, 0.8329, 0.8211, 1.0, 0.5824, 0.3434]  diag|C|/(rho w) [1.003, 0.996, 0.989, 1.021, 1.002, 0.989, 0.994]
it 22 density 1.526062 c 7.698056 w [0.6387, 0.8289, 0.8273, 0.8288, 1.0, 0.5788, 0.3419]  diag|C|/(rho w) [1.003, 0.996, 1.018, 0.991, 1.002, 0.99, 0.994]
it 23 density 1.526041 c 7.691802 w [0.6392, 0.8268, 0.8341, 0.8242, 1.0, 0.5754, 0.3406]  diag|C|/(rho w) [1.003, 0.997, 0.988, 1.019, 1.002, 0.991, 0.995]
it 24 density 1.526062 c 7.685990 w [0.6397, 0.8249, 0.8285, 0.8315, 1.0, 0.5723, 0.3395]  diag|C|/(rho w) [1.003, 1.018, 0.996, 0.989, 1.002, 0.992, 0.996]
best w [0.63868, 0.82888, 0.82733, 0.82881, 1.0, 0.57876, 0.34193] recheck c<= 7.698050 density 1.526061
