INPUT_READY {"equations": 26, "variables": 9, "elapsed_seconds": 0.30159778299275786}
GROEBNER_BEGIN
RESULT {"unit_ideal": true, "basis_length": 1, "elapsed_seconds": 0.32228881400078535, "conclusion": "No invertible solution in this Sym^4 conjugacy family for twist (1,0,0), over the algebraic closure of F19."}
CASE {"triple": [0, 0, 1], "unit_ideal": true, "certificate_verified": true, "multiplier_terms": 180, "seconds": 0.03681533702183515}
CASE {"triple": [0, 0, 2], "unit_ideal": true, "certificate_verified": true, "multiplier_terms": 179, "seconds": 0.03442764806095511}
CASE {"triple": [0, 0, 3], "unit_ideal": true, "certificate_verified": true, "multiplier_terms": 180, "seconds": 0.03489045810420066}
CASE {"triple": [0, 0, 4], "unit_ideal": true, "certificate_verified": true, "multiplier_terms": 178, "seconds": 0.033199209021404386}
CASE {"triple": [0, 1, 0], "unit_ideal": true, "certificate_verified": true, "multiplier_terms": 79, "seconds": 0.04444422107189894}
CASE {"triple": [0, 1, 1], "unit_ideal": true, "certificate_verified": true, "multiplier_terms": 140, "seconds": 0.03364619903732091}
CASE {"triple": [0, 1, 2], "unit_ideal": true, "certificate_verified": true, "multiplier_terms": 140, "seconds": 0.03344614303205162}
CASE {"triple": [0, 1, 3], "unit_ideal": true, "certificate_verified": true, "multiplier_terms": 140, "seconds": 0.0313630870077759}
CASE {"triple": [0, 1, 4], "unit_ideal": true, "certificate_verified": true, "multiplier_terms": 140, "seconds": 0.03356155089568347}
CASE {"triple": [0, 2, 0], "unit_ideal": true, "certificate_verified": true, "multiplier_terms": 180, "seconds": 0.05083014699630439}
CASE {"triple": [0, 2, 1], "unit_ideal": true, "certificate_verified": true, "multiplier_terms": 179, "seconds": 0.04273902403656393}
CASE {"triple": [0, 2, 2], "unit_ideal": true, "certificate_verified": true, "multiplier_terms": 180, "seconds": 0.031956161954440176}
CASE {"triple": [0, 2, 3], "unit_ideal": true, "certificate_verified": true, "multiplier_terms": 179, "seconds": 0.03695721400436014}
CASE {"triple": [0, 2, 4], "unit_ideal": true, "certificate_verified": true, "multiplier_terms": 179, "seconds": 0.03737439797259867}
CASE {"triple": [0, 3, 0], "unit_ideal": true, "certificate_verified": true, "multiplier_terms": 180, "seconds": 0.0341461889911443}
CASE {"triple": [0, 3, 1], "unit_ideal": true, "certificate_verified": true, "multiplier_terms": 120, "seconds": 0.03349756996612996}
CASE {"triple": [0, 3, 2], "unit_ideal": true, "certificate_verified": true, "multiplier_terms": 180, "seconds": 0.03543406096287072}
CASE {"triple": [0, 3, 3], "unit_ideal": true, "certificate_verified": true, "multiplier_terms": 180, "seconds": 0.037091377074830234}
CASE {"triple": [0, 3, 4], "unit_ideal": true, "certificate_verified": true, "multiplier_terms": 179, "seconds": 0.034158832975663245}
CASE {"triple": [0, 4, 0], "unit_ideal": true, "certificate_verified": true, "multiplier_terms": 179, "seconds": 0.037213686970062554}
CASE {"triple": [0, 4, 1], "unit_ideal": true, "certificate_verified": true, "multiplier_terms": 180, "seconds": 0.03716225002426654}
CASE {"triple": [0, 4, 2], "unit_ideal": true, "certificate_verified": true, "multiplier_terms": 180, "seconds": 0.03762724401894957}
CASE {"triple": [0, 4, 3], "unit_ideal": true, "certificate_verified": true, "multiplier_terms": 180, "seconds": 0.040988905006088316}
CASE {"triple": [0, 4, 4], "unit_ideal": true, "certificate_verified": true, "multiplier_terms": 179, "seconds": 0.04460760799702257}
CASE {"triple": [1, 0, 0], "unit_ideal": true, "certificate_verified": true, "multiplier_terms": 178, "seconds": 0.03663618094287813}
CASE {"triple": [1, 0, 1], "unit_ideal": true, "certificate_verified": true, "multiplier_terms": 178, "seconds": 0.037569966982118785}
CASE {"triple": [1, 0, 2], "unit_ideal": true, "certificate_verified": true, "multiplier_terms": 175, "seconds": 0.050547735998407006}
CASE {"triple": [1, 0, 3], "unit_ideal": true, "certificate_verified": true, "multiplier_terms": 178, "seconds": 0.04689516907092184}
CASE {"triple": [1, 0, 4], "unit_ideal": true, "certificate_verified": true, "multiplier_terms": 178, "seconds": 0.03732991497963667}
CASE {"triple": [1, 1, 0], "unit_ideal": true, "certificate_verified": true, "multiplier_terms": 180, "seconds": 0.04192544496618211}
CASE {"triple": [1, 1, 1], "unit_ideal": true, "certificate_verified": true, "multiplier_terms": 180, "seconds": 0.04391310305800289}
CASE {"triple": [1, 1, 2], "unit_ideal": true, "certificate_verified": true, "multiplier_terms": 180, "seconds": 0.041425395058467984}
CASE {"triple": [1, 1, 3], "unit_ideal": true, "certificate_verified": true, "multiplier_terms": 180, "seconds": 0.04236236703582108}
CASE {"triple": [1, 1, 4], "unit_ideal": true, "certificate_verified": true, "multiplier_terms": 179, "seconds": 0.04163706302642822}
CASE {"triple": [1, 2, 0], "unit_ideal": true, "certificate_verified": true, "multiplier_terms": 178, "seconds": 0.03995614196173847}
CASE {"triple": [1, 2, 1], "unit_ideal": true, "certificate_verified": true, "multiplier_terms": 180, "seconds": 0.04104254499543458}
CASE {"triple": [1, 2, 2], "unit_ideal": true, "certificate_verified": true, "multiplier_terms": 179, "seconds": 0.042581940069794655}
CASE {"triple": [1, 2, 3], "unit_ideal": true, "certificate_verified": true, "multiplier_terms": 180, "seconds": 0.08743041998241097}
CASE {"triple": [1, 2, 4], "unit_ideal": true, "certificate_verified": true, "multiplier_terms": 139, "seconds": 0.04253329790662974}
CASE {"triple": [1, 3, 0], "unit_ideal": true, "certificate_verified": true, "multiplier_terms": 179, "seconds": 0.04735635605175048}
CASE {"triple": [1, 3, 1], "unit_ideal": true, "certificate_verified": true, "multiplier_terms": 180, "seconds": 0.04553656396456063}
CASE {"triple": [1, 3, 2], "unit_ideal": true, "certificate_verified": true, "multiplier_terms": 120, "seconds": 0.048428793088532984}
CASE {"triple": [1, 3, 3], "unit_ideal": true, "certificate_verified": true, "multiplier_terms": 180, "seconds": 0.04679067200049758}
CASE {"triple": [1, 3, 4], "unit_ideal": true, "certificate_verified": true, "multiplier_terms": 179, "seconds": 0.0453604330541566}
CASE {"triple": [1, 4, 0], "unit_ideal": true, "certificate_verified": true, "multiplier_terms": 180, "seconds": 0.04454429994802922}
CASE {"triple": [1, 4, 1], "unit_ideal": true, "certificate_verified": true, "multiplier_terms": 139, "seconds": 0.04284737794660032}
CASE {"triple": [1, 4, 2], "unit_ideal": true, "certificate_verified": true, "multiplier_terms": 180, "seconds": 0.043195443926379085}
CASE {"triple": [1, 4, 3], "unit_ideal": true, "certificate_verified": true, "multiplier_terms": 179, "seconds": 0.04307430505286902}
CASE {"triple": [1, 4, 4], "unit_ideal": true, "certificate_verified": true, "multiplier_terms": 180, "seconds": 0.043199631036259234}
CASE {"triple": [2, 0, 0], "unit_ideal": true, "certificate_verified": true, "multiplier_terms": 180, "seconds": 0.046948279021307826}
CASE {"triple": [2, 0, 1], "unit_ideal": true, "certificate_verified": true, "multiplier_terms": 180, "seconds": 0.04508703900501132}
CASE {"triple": [2, 0, 2], "unit_ideal": true, "certificate_verified": true, "multiplier_terms": 180, "seconds": 0.04655611200723797}
CASE {"triple": [2, 0, 3], "unit_ideal": true, "certificate_verified": true, "multiplier_terms": 179, "seconds": 0.0461031700251624}
CASE {"triple": [2, 0, 4], "unit_ideal": true, "certificate_verified": true, "multiplier_terms": 180, "seconds": 0.045376644004136324}
CASE {"triple": [2, 1, 0], "unit_ideal": true, "certificate_verified": true, "multiplier_terms": 180, "seconds": 0.049987353035248816}
CASE {"triple": [2, 1, 1], "unit_ideal": true, "certificate_verified": true, "multiplier_terms": 180, "seconds": 0.043980378890410066}
CASE {"triple": [2, 1, 2], "unit_ideal": true, "certificate_verified": true, "multiplier_terms": 180, "seconds": 0.04354702401906252}
CASE {"triple": [2, 1, 3], "unit_ideal": true, "certificate_verified": true, "multiplier_terms": 179, "seconds": 0.04612509103026241}
CASE {"triple": [2, 1, 4], "unit_ideal": true, "certificate_verified": true, "multiplier_terms": 180, "seconds": 0.048118137987330556}
CASE {"triple": [2, 2, 0], "unit_ideal": true, "certificate_verified": true, "multiplier_terms": 179, "seconds": 0.05303579394239932}
CASE {"triple": [2, 2, 1], "unit_ideal": true, "certificate_verified": true, "multiplier_terms": 180, "seconds": 0.04853252798784524}
CASE {"triple": [2, 2, 2], "unit_ideal": true, "certificate_verified": true, "multiplier_terms": 179, "seconds": 0.047175806015729904}
CASE {"triple": [2, 2, 3], "unit_ideal": true, "certificate_verified": true, "multiplier_terms": 179, "seconds": 0.046792585984803736}
CASE {"triple": [2, 2, 4], "unit_ideal": true, "certificate_verified": true, "multiplier_terms": 180, "seconds": 0.04837172501720488}
CASE {"triple": [2, 3, 0], "unit_ideal": true, "certificate_verified": true, "multiplier_terms": 140, "seconds": 0.04393477295525372}
CASE {"triple": [2, 3, 1], "unit_ideal": true, "certificate_verified": true, "multiplier_terms": 140, "seconds": 0.04481097008101642}
CASE {"triple": [2, 3, 2], "unit_ideal": true, "certificate_verified": true, "multiplier_terms": 140, "seconds": 0.044573655002750456}
CASE {"triple": [2, 3, 3], "unit_ideal": true, "certificate_verified": true, "multiplier_terms": 119, "seconds": 0.04407089902088046}
CASE {"triple": [2, 3, 4], "unit_ideal": true, "certificate_verified": true, "multiplier_terms": 100, "seconds": 0.04226777900476009}
CASE {"triple": [2, 4, 0], "unit_ideal": true, "certificate_verified": true, "multiplier_terms": 139, "seconds": 0.043023489066399634}
CASE {"triple": [2, 4, 1], "unit_ideal": true, "certificate_verified": true, "multiplier_terms": 180, "seconds": 0.04612725495826453}
CASE {"triple": [2, 4, 2], "unit_ideal": true, "certificate_verified": true, "multiplier_terms": 180, "seconds": 0.044290060992352664}
CASE {"triple": [2, 4, 3], "unit_ideal": true, "certificate_verified": true, "multiplier_terms": 180, "seconds": 0.04756715300027281}
CASE {"triple": [2, 4, 4], "unit_ideal": true, "certificate_verified": true, "multiplier_terms": 180, "seconds": 0.047339443932287395}
CASE {"triple": [3, 0, 0], "unit_ideal": true, "certificate_verified": true, "multiplier_terms": 180, "seconds": 0.04739947698544711}
CASE {"triple": [3, 0, 1], "unit_ideal": true, "certificate_verified": true, "multiplier_terms": 180, "seconds": 0.044907852075994015}
CASE {"triple": [3, 0, 2], "unit_ideal": true, "certificate_verified": true, "multiplier_terms": 180, "seconds": 0.047434423002414405}
CASE {"triple": [3, 0, 3], "unit_ideal": true, "certificate_verified": true, "multiplier_terms": 179, "seconds": 0.04840271396096796}
CASE {"triple": [3, 0, 4], "unit_ideal": true, "certificate_verified": true, "multiplier_terms": 180, "seconds": 0.06125514698214829}
CASE {"triple": [3, 1, 0], "unit_ideal": true, "certificate_verified": true, "multiplier_terms": 179, "seconds": 0.04861253697890788}
CASE {"triple": [3, 1, 1], "unit_ideal": true, "certificate_verified": true, "multiplier_terms": 179, "seconds": 0.04885680694133043}
CASE {"triple": [3, 1, 2], "unit_ideal": true, "certificate_verified": true, "multiplier_terms": 180, "seconds": 0.08859994902741164}
CASE {"triple": [3, 1, 3], "unit_ideal": true, "certificate_verified": true, "multiplier_terms": 79, "seconds": 0.04312274605035782}
CASE {"triple": [3, 1, 4], "unit_ideal": true, "certificate_verified": true, "multiplier_terms": 119, "seconds": 0.04235746804624796}
CASE {"triple": [3, 2, 0], "unit_ideal": true, "certificate_verified": true, "multiplier_terms": 180, "seconds": 0.056823004968464375}
CASE {"triple": [3, 2, 1], "unit_ideal": true, "certificate_verified": true, "multiplier_terms": 180, "seconds": 0.05000153894070536}
CASE {"triple": [3, 2, 2], "unit_ideal": true, "certificate_verified": true, "multiplier_terms": 120, "seconds": 0.04855756391771138}
CASE {"triple": [3, 2, 3], "unit_ideal": true, "certificate_verified": true, "multiplier_terms": 180, "seconds": 0.04847281600814313}
CASE {"triple": [3, 2, 4], "unit_ideal": true, "certificate_verified": true, "multiplier_terms": 180, "seconds": 0.04915565892588347}
CASE {"triple": [3, 3, 0], "unit_ideal": true, "certificate_verified": true, "multiplier_terms": 178, "seconds": 0.0435606389073655}
CASE {"triple": [3, 3, 1], "unit_ideal": true, "certificate_verified": true, "multiplier_terms": 178, "seconds": 0.04387576295994222}
CASE {"triple": [3, 3, 2], "unit_ideal": true, "certificate_verified": true, "multiplier_terms": 178, "seconds": 0.0451467219972983}
CASE {"triple": [3, 3, 3], "unit_ideal": true, "certificate_verified": true, "multiplier_terms": 178, "seconds": 0.044168641907162964}
CASE {"triple": [3, 3, 4], "unit_ideal": true, "certificate_verified": true, "multiplier_terms": 178, "seconds": 0.044622456072829664}
CASE {"triple": [3, 4, 0], "unit_ideal": true, "certificate_verified": true, "multiplier_terms": 140, "seconds": 0.04256750305648893}
CASE {"triple": [3, 4, 1], "unit_ideal": true, "certificate_verified": true, "multiplier_terms": 140, "seconds": 0.04271563095971942}
CASE {"triple": [3, 4, 2], "unit_ideal": true, "certificate_verified": true, "multiplier_terms": 140, "seconds": 0.043423822964541614}
CASE {"triple": [3, 4, 3], "unit_ideal": true, "certificate_verified": true, "multiplier_terms": 140, "seconds": 0.04359573603142053}
CASE {"triple": [3, 4, 4], "unit_ideal": true, "certificate_verified": true, "multiplier_terms": 180, "seconds": 0.04534645797684789}
CASE {"triple": [4, 0, 0], "unit_ideal": true, "certificate_verified": true, "multiplier_terms": 180, "seconds": 0.04451904189772904}
CASE {"triple": [4, 0, 1], "unit_ideal": true, "certificate_verified": true, "multiplier_terms": 180, "seconds": 0.0527200399665162}
CASE {"triple": [4, 0, 2], "unit_ideal": true, "certificate_verified": true, "multiplier_terms": 180, "seconds": 0.04528017295524478}
CASE {"triple": [4, 0, 3], "unit_ideal": true, "certificate_verified": true, "multiplier_terms": 179, "seconds": 0.048016217071563005}
CASE {"triple": [4, 0, 4], "unit_ideal": true, "certificate_verified": true, "multiplier_terms": 180, "seconds": 0.04566572792828083}
CASE {"triple": [4, 1, 0], "unit_ideal": true, "certificate_verified": true, "multiplier_terms": 178, "seconds": 0.05761866003740579}
CASE {"triple": [4, 1, 1], "unit_ideal": true, "certificate_verified": true, "multiplier_terms": 178, "seconds": 0.051974117988720536}
CASE {"triple": [4, 1, 2], "unit_ideal": true, "certificate_verified": true, "multiplier_terms": 177, "seconds": 0.047958157025277615}
CASE {"triple": [4, 1, 3], "unit_ideal": true, "certificate_verified": true, "multiplier_terms": 177, "seconds": 0.04392826103139669}
CASE {"triple": [4, 1, 4], "unit_ideal": true, "certificate_verified": true, "multiplier_terms": 177, "seconds": 0.04551173700019717}
CASE {"triple": [4, 2, 0], "unit_ideal": true, "certificate_verified": true, "multiplier_terms": 180, "seconds": 0.052988465991802514}
CASE {"triple": [4, 2, 1], "unit_ideal": true, "certificate_verified": true, "multiplier_terms": 180, "seconds": 0.05167814192827791}
CASE {"triple": [4, 2, 2], "unit_ideal": true, "certificate_verified": true, "multiplier_terms": 180, "seconds": 0.05193348100874573}
CASE {"triple": [4, 2, 3], "unit_ideal": true, "certificate_verified": true, "multiplier_terms": 178, "seconds": 0.054137545987032354}
CASE {"triple": [4, 2, 4], "unit_ideal": true, "certificate_verified": true, "multiplier_terms": 180, "seconds": 0.04970708501059562}
CASE {"triple": [4, 3, 0], "unit_ideal": true, "certificate_verified": true, "multiplier_terms": 180, "seconds": 0.04633888299576938}
CASE {"triple": [4, 3, 1], "unit_ideal": true, "certificate_verified": true, "multiplier_terms": 180, "seconds": 0.047944042016752064}
CASE {"triple": [4, 3, 2], "unit_ideal": true, "certificate_verified": true, "multiplier_terms": 179, "seconds": 0.044143525999970734}
CASE {"triple": [4, 3, 3], "unit_ideal": true, "certificate_verified": true, "multiplier_terms": 180, "seconds": 0.044963396969251335}
CASE {"triple": [4, 3, 4], "unit_ideal": true, "certificate_verified": true, "multiplier_terms": 180, "seconds": 0.046869050012901425}
CASE {"triple": [4, 4, 0], "unit_ideal": true, "certificate_verified": true, "multiplier_terms": 140, "seconds": 0.050578464986756444}
CASE {"triple": [4, 4, 1], "unit_ideal": true, "certificate_verified": true, "multiplier_terms": 180, "seconds": 0.05362881894689053}
CASE {"triple": [4, 4, 2], "unit_ideal": true, "certificate_verified": true, "multiplier_terms": 180, "seconds": 0.05303151602856815}
CASE {"triple": [4, 4, 3], "unit_ideal": true, "certificate_verified": true, "multiplier_terms": 180, "seconds": 0.05258954595774412}
CASE {"triple": [4, 4, 4], "unit_ideal": true, "certificate_verified": true, "multiplier_terms": 180, "seconds": 0.05989765503909439}
COVERAGE {"completed": 124, "total": 124, "unit_ideals": 124, "elapsed_seconds": 11.60198932804633}
