  HIT quotient d=3 (-1, 0, (1, 1, 1)) * (-1, 1, (-1, 1, 1))^-1
  HIT quotient d=3 (-1, 0, (1, 1, 1)) * (0, 0, (-1, 1, -1))^-1
  HIT quotient d=3 (-1, 0, (1, 1, 1)) * (0, 1, (1, 1, -1))^-1
  HIT quotient d=3 (-1, 0, (1, 1, 1)) * (1, 0, (1, 1, 1))^-1
  HIT quotient d=3 (-1, 0, (1, 1, 1)) * (1, 1, (-1, 1, 1))^-1
  HIT quotient d=3 (-1, 0, (1, 1, 1)) * (2, 0, (-1, 1, -1))^-1
  HIT quotient d=3 (-1, 0, (1, 1, -1)) * (-1, 1, (-1, 1, -1))^-1
  HIT quotient d=3 (-1, 0, (1, 1, -1)) * (0, 0, (-1, 1, 1))^-1
  HIT quotient d=3 (-1, 0, (1, 1, -1)) * (0, 1, (1, 1, 1))^-1
  HIT quotient d=3 (-1, 0, (1, 1, -1)) * (1, 0, (1, 1, -1))^-1
  HIT quotient d=3 (-1, 0, (1, 1, -1)) * (1, 1, (-1, 1, -1))^-1
  HIT quotient d=3 (-1, 0, (1, 1, -1)) * (2, 0, (-1, 1, 1))^-1
  HIT quotient d=3 (-1, 0, (1, -1, 1)) * (-1, 1, (-1, -1, 1))^-1
  HIT quotient d=3 (-1, 0, (1, -1, 1)) * (0, 0, (-1, -1, -1))^-1
  HIT quotient d=3 (-1, 0, (1, -1, 1)) * (0, 1, (1, -1, -1))^-1
  HIT quotient d=3 (-1, 0, (1, -1, 1)) * (1, 0, (1, -1, 1))^-1
  HIT quotient d=3 (-1, 0, (1, -1, 1)) * (1, 1, (-1, -1, 1))^-1
  HIT quotient d=3 (-1, 0, (1, -1, 1)) * (2, 0, (-1, -1, -1))^-1
  HIT quotient d=3 (-1, 0, (1, -1, -1)) * (-1, 1, (-1, -1, -1))^-1
  HIT quotient d=3 (-1, 0, (1, -1, -1)) * (0, 0, (-1, -1, 1))^-1
  HIT quotient d=3 (-1, 0, (1, -1, -1)) * (0, 1, (1, -1, 1))^-1
  HIT quotient d=3 (-1, 0, (1, -1, -1)) * (1, 0, (1, -1, -1))^-1
  HIT quotient d=3 (-1, 0, (1, -1, -1)) * (1, 1, (-1, -1, -1))^-1
  HIT quotient d=3 (-1, 0, (1, -1, -1)) * (2, 0, (-1, -1, 1))^-1
  HIT quotient d=3 (-1, 0, (-1, 1, 1)) * (-1, 1, (1, 1, 1))^-1
  HIT quotient d=3 (-1, 0, (-1, 1, 1)) * (0, 0, (1, 1, -1))^-1
  HIT quotient d=3 (-1, 0, (-1, 1, 1)) * (0, 1, (-1, 1, -1))^-1
  HIT quotient d=3 (-1, 0, (-1, 1, 1)) * (1, 0, (-1, 1, 1))^-1
  HIT quotient d=3 (-1, 0, (-1, 1, 1)) * (1, 1, (1, 1, 1))^-1
  HIT quotient d=3 (-1, 0, (-1, 1, 1)) * (2, 0, (1, 1, -1))^-1
  HIT quotient d=3 (-1, 0, (-1, 1, -1)) * (-1, 1, (1, 1, -1))^-1
  HIT quotient d=3 (-1, 0, (-1, 1, -1)) * (0, 0, (1, 1, 1))^-1
  HIT quotient d=3 (-1, 0, (-1, 1, -1)) * (0, 1, (-1, 1, 1))^-1
  HIT quotient d=3 (-1, 0, (-1, 1, -1)) * (1, 0, (-1, 1, -1))^-1
  HIT quotient d=3 (-1, 0, (-1, 1, -1)) * (1, 1, (1, 1, -1))^-1
  HIT quotient d=3 (-1, 0, (-1, 1, -1)) * (2, 0, (1, 1, 1))^-1
  HIT quotient d=3 (-1, 0, (-1, -1, 1)) * (-1, 1, (1, -1, 1))^-1
  HIT quotient d=3 (-1, 0, (-1, -1, 1)) * (0, 0, (1, -1, -1))^-1
  HIT quotient d=3 (-1, 0, (-1, -1, 1)) * (0, 1, (-1, -1, -1))^-1
  HIT quotient d=3 (-1, 0, (-1, -1, 1)) * (1, 0, (-1, -1, 1))^-1
  HIT quotient d=3 (-1, 0, (-1, -1, 1)) * (1, 1, (1, -1, 1))^-1
  HIT quotient d=3 (-1, 0, (-1, -1, 1)) * (2, 0, (1, -1, -1))^-1
  HIT quotient d=3 (-1, 0, (-1, -1, -1)) * (-1, 1, (1, -1, -1))^-1
  HIT quotient d=3 (-1, 0, (-1, -1, -1)) * (0, 0, (1, -1, 1))^-1
  HIT quotient d=3 (-1, 0, (-1, -1, -1)) * (0, 1, (-1, -1, 1))^-1
  HIT quotient d=3 (-1, 0, (-1, -1, -1)) * (1, 0, (-1, -1, -1))^-1
  HIT quotient d=3 (-1, 0, (-1, -1, -1)) * (1, 1, (1, -1, -1))^-1
  HIT quotient d=3 (-1, 0, (-1, -1, -1)) * (2, 0, (1, -1, 1))^-1
  HIT quotient d=3 (-1, 1, (1, 1, 1)) * (-1, 0, (-1, 1, 1))^-1
  HIT quotient d=3 (-1, 1, (1, 1, 1)) * (0, 0, (1, 1, -1))^-1
  HIT quotient d=3 (-1, 1, (1, 1, 1)) * (0, 1, (-1, 1, -1))^-1
  HIT quotient d=3 (-1, 1, (1, 1, 1)) * (1, 0, (-1, 1, 1))^-1
  HIT quotient d=3 (-1, 1, (1, 1, 1)) * (1, 1, (1, 1, 1))^-1
  HIT quotient d=3 (-1, 1, (1, 1, 1)) * (2, 1, (-1, 1, -1))^-1
  HIT quotient d=3 (-1, 1, (1, 1, -1)) * (-1, 0, (-1, 1, -1))^-1
  HIT quotient d=3 (-1, 1, (1, 1, -1)) * (0, 0, (1, 1, 1))^-1
  HIT quotient d=3 (-1, 1, (1, 1, -1)) * (0, 1, (-1, 1, 1))^-1
  HIT quotient d=3 (-1, 1, (1, 1, -1)) * (1, 0, (-1, 1, -1))^-1
  HIT quotient d=3 (-1, 1, (1, 1, -1)) * (1, 1, (1, 1, -1))^-1
  HIT quotient d=3 (-1, 1, (1, 1, -1)) * (2, 1, (-1, 1, 1))^-1
  HIT quotient d=3 (-1, 1, (1, -1, 1)) * (-1, 0, (-1, -1, 1))^-1
  HIT quotient d=3 (-1, 1, (1, -1, 1)) * (0, 0, (1, -1, -1))^-1
  HIT quotient d=3 (-1, 1, (1, -1, 1)) * (0, 1, (-1, -1, -1))^-1
  HIT quotient d=3 (-1, 1, (1, -1, 1)) * (1, 0, (-1, -1, 1))^-1
  HIT quotient d=3 (-1, 1, (1, -1, 1)) * (1, 1, (1, -1, 1))^-1
  HIT quotient d=3 (-1, 1, (1, -1, 1)) * (2, 1, (-1, -1, -1))^-1
  HIT quotient d=3 (-1, 1, (1, -1, -1)) * (-1, 0, (-1, -1, -1))^-1
  HIT quotient d=3 (-1, 1, (1, -1, -1)) * (0, 0, (1, -1, 1))^-1
  HIT quotient d=3 (-1, 1, (1, -1, -1)) * (0, 1, (-1, -1, 1))^-1
  HIT quotient d=3 (-1, 1, (1, -1, -1)) * (1, 0, (-1, -1, -1))^-1
  HIT quotient d=3 (-1, 1, (1, -1, -1)) * (1, 1, (1, -1, -1))^-1
  HIT quotient d=3 (-1, 1, (1, -1, -1)) * (2, 1, (-1, -1, 1))^-1
  HIT quotient d=3 (-1, 1, (-1, 1, 1)) * (-1, 0, (1, 1, 1))^-1
  HIT quotient d=3 (-1, 1, (-1, 1, 1)) * (0, 0, (-1, 1, -1))^-1
  HIT quotient d=3 (-1, 1, (-1, 1, 1)) * (0, 1, (1, 1, -1))^-1
  HIT quotient d=3 (-1, 1, (-1, 1, 1)) * (1, 0, (1, 1, 1))^-1
  HIT quotient d=3 (-1, 1, (-1, 1, 1)) * (1, 1, (-1, 1, 1))^-1
  HIT quotient d=3 (-1, 1, (-1, 1, 1)) * (2, 1, (1, 1, -1))^-1
  HIT quotient d=3 (-1, 1, (-1, 1, -1)) * (-1, 0, (1, 1, -1))^-1
  HIT quotient d=3 (-1, 1, (-1, 1, -1)) * (0, 0, (-1, 1, 1))^-1
  HIT quotient d=3 (-1, 1, (-1, 1, -1)) * (0, 1, (1, 1, 1))^-1
  HIT quotient d=3 (-1, 1, (-1, 1, -1)) * (1, 0, (1, 1, -1))^-1
  HIT quotient d=3 (-1, 1, (-1, 1, -1)) * (1, 1, (-1, 1, -1))^-1
  HIT quotient d=3 (-1, 1, (-1, 1, -1)) * (2, 1, (1, 1, 1))^-1
  HIT quotient d=3 (-1, 1, (-1, -1, 1)) * (-1, 0, (1, -1, 1))^-1
  HIT quotient d=3 (-1, 1, (-1, -1, 1)) * (0, 0, (-1, -1, -1))^-1
  HIT quotient d=3 (-1, 1, (-1, -1, 1)) * (0, 1, (1, -1, -1))^-1
  HIT quotient d=3 (-1, 1, (-1, -1, 1)) * (1, 0, (1, -1, 1))^-1
  HIT quotient d=3 (-1, 1, (-1, -1, 1)) * (1, 1, (-1, -1, 1))^-1
  HIT quotient d=3 (-1, 1, (-1, -1, 1)) * (2, 1, (1, -1, -1))^-1
  HIT quotient d=3 (-1, 1, (-1, -1, -1)) * (-1, 0, (1, -1, -1))^-1
  HIT quotient d=3 (-1, 1, (-1, -1, -1)) * (0, 0, (-1, -1, 1))^-1
  HIT quotient d=3 (-1, 1, (-1, -1, -1)) * (0, 1, (1, -1, 1))^-1
  HIT quotient d=3 (-1, 1, (-1, -1, -1)) * (1, 0, (1, -1, -1))^-1
  HIT quotient d=3 (-1, 1, (-1, -1, -1)) * (1, 1, (-1, -1, -1))^-1
  HIT quotient d=3 (-1, 1, (-1, -1, -1)) * (2, 1, (1, -1, 1))^-1
  HIT quotient d=3 (0, 0, (1, 1, 1)) * (-1, 0, (-1, 1, -1))^-1
  HIT quotient d=3 (0, 0, (1, 1, 1)) * (-1, 1, (1, 1, -1))^-1
  HIT quotient d=3 (0, 0, (1, 1, 1)) * (0, 1, (-1, 1, 1))^-1
  HIT quotient d=3 (0, 0, (1, 1, 1)) * (1, 0, (-1, 1, -1))^-1
  HIT quotient d=3 (0, 0, (1, 1, 1)) * (2, 0, (1, 1, 1))^-1
  HIT quotient d=3 (0, 0, (1, 1, 1)) * (2, 1, (-1, 1, 1))^-1
  HIT quotient d=3 (0, 0, (1, 1, -1)) * (-1, 0, (-1, 1, 1))^-1
  HIT quotient d=3 (0, 0, (1, 1, -1)) * (-1, 1, (1, 1, 1))^-1
  HIT quotient d=3 (0, 0, (1, 1, -1)) * (0, 1, (-1, 1, -1))^-1
  HIT quotient d=3 (0, 0, (1, 1, -1)) * (1, 0, (-1, 1, 1))^-1
  HIT quotient d=3 (0, 0, (1, 1, -1)) * (2, 0, (1, 1, -1))^-1
  HIT quotient d=3 (0, 0, (1, 1, -1)) * (2, 1, (-1, 1, -1))^-1
  HIT quotient d=3 (0, 0, (1, -1, 1)) * (-1, 0, (-1, -1, -1))^-1
  HIT quotient d=3 (0, 0, (1, -1, 1)) * (-1, 1, (1, -1, -1))^-1
  HIT quotient d=3 (0, 0, (1, -1, 1)) * (0, 1, (-1, -1, 1))^-1
  HIT quotient d=3 (0, 0, (1, -1, 1)) * (1, 0, (-1, -1, -1))^-1
  HIT quotient d=3 (0, 0, (1, -1, 1)) * (2, 0, (1, -1, 1))^-1
  HIT quotient d=3 (0, 0, (1, -1, 1)) * (2, 1, (-1, -1, 1))^-1
  HIT quotient d=3 (0, 0, (1, -1, -1)) * (-1, 0, (-1, -1, 1))^-1
  HIT quotient d=3 (0, 0, (1, -1, -1)) * (-1, 1, (1, -1, 1))^-1
  HIT quotient d=3 (0, 0, (1, -1, -1)) * (0, 1, (-1, -1, -1))^-1
  HIT quotient d=3 (0, 0, (1, -1, -1)) * (1, 0, (-1, -1, 1))^-1
  HIT quotient d=3 (0, 0, (1, -1, -1)) * (2, 0, (1, -1, -1))^-1
  HIT quotient d=3 (0, 0, (1, -1, -1)) * (2, 1, (-1, -1, -1))^-1
  HIT quotient d=3 (0, 0, (-1, 1, 1)) * (-1, 0, (1, 1, -1))^-1
  HIT quotient d=3 (0, 0, (-1, 1, 1)) * (-1, 1, (-1, 1, -1))^-1
  HIT quotient d=3 (0, 0, (-1, 1, 1)) * (0, 1, (1, 1, 1))^-1
  HIT quotient d=3 (0, 0, (-1, 1, 1)) * (1, 0, (1, 1, -1))^-1
  HIT quotient d=3 (0, 0, (-1, 1, 1)) * (2, 0, (-1, 1, 1))^-1
  HIT quotient d=3 (0, 0, (-1, 1, 1)) * (2, 1, (1, 1, 1))^-1
  HIT quotient d=3 (0, 0, (-1, 1, -1)) * (-1, 0, (1, 1, 1))^-1
  HIT quotient d=3 (0, 0, (-1, 1, -1)) * (-1, 1, (-1, 1, 1))^-1
  HIT quotient d=3 (0, 0, (-1, 1, -1)) * (0, 1, (1, 1, -1))^-1
  HIT quotient d=3 (0, 0, (-1, 1, -1)) * (1, 0, (1, 1, 1))^-1
  HIT quotient d=3 (0, 0, (-1, 1, -1)) * (2, 0, (-1, 1, -1))^-1
  HIT quotient d=3 (0, 0, (-1, 1, -1)) * (2, 1, (1, 1, -1))^-1
  HIT quotient d=3 (0, 0, (-1, -1, 1)) * (-1, 0, (1, -1, -1))^-1
  HIT quotient d=3 (0, 0, (-1, -1, 1)) * (-1, 1, (-1, -1, -1))^-1
  HIT quotient d=3 (0, 0, (-1, -1, 1)) * (0, 1, (1, -1, 1))^-1
  HIT quotient d=3 (0, 0, (-1, -1, 1)) * (1, 0, (1, -1, -1))^-1
  HIT quotient d=3 (0, 0, (-1, -1, 1)) * (2, 0, (-1, -1, 1))^-1
  HIT quotient d=3 (0, 0, (-1, -1, 1)) * (2, 1, (1, -1, 1))^-1
  HIT quotient d=3 (0, 0, (-1, -1, -1)) * (-1, 0, (1, -1, 1))^-1
  HIT quotient d=3 (0, 0, (-1, -1, -1)) * (-1, 1, (-1, -1, 1))^-1
  HIT quotient d=3 (0, 0, (-1, -1, -1)) * (0, 1, (1, -1, -1))^-1
  HIT quotient d=3 (0, 0, (-1, -1, -1)) * (1, 0, (1, -1, 1))^-1
  HIT quotient d=3 (0, 0, (-1, -1, -1)) * (2, 0, (-1, -1, -1))^-1
  HIT quotient d=3 (0, 0, (-1, -1, -1)) * (2, 1, (1, -1, -1))^-1
  HIT quotient d=3 (0, 1, (1, 1, 1)) * (-1, 0, (1, 1, -1))^-1
  HIT quotient d=3 (0, 1, (1, 1, 1)) * (-1, 1, (-1, 1, -1))^-1
  HIT quotient d=3 (0, 1, (1, 1, 1)) * (0, 0, (-1, 1, 1))^-1
  HIT quotient d=3 (0, 1, (1, 1, 1)) * (1, 1, (-1, 1, -1))^-1
  HIT quotient d=3 (0, 1, (1, 1, 1)) * (2, 0, (-1, 1, 1))^-1
  HIT quotient d=3 (0, 1, (1, 1, 1)) * (2, 1, (1, 1, 1))^-1
  HIT quotient d=3 (0, 1, (1, 1, -1)) * (-1, 0, (1, 1, 1))^-1
  HIT quotient d=3 (0, 1, (1, 1, -1)) * (-1, 1, (-1, 1, 1))^-1
  HIT quotient d=3 (0, 1, (1, 1, -1)) * (0, 0, (-1, 1, -1))^-1
  HIT quotient d=3 (0, 1, (1, 1, -1)) * (1, 1, (-1, 1, 1))^-1
  HIT quotient d=3 (0, 1, (1, 1, -1)) * (2, 0, (-1, 1, -1))^-1
  HIT quotient d=3 (0, 1, (1, 1, -1)) * (2, 1, (1, 1, -1))^-1
  HIT quotient d=3 (0, 1, (1, -1, 1)) * (-1, 0, (1, -1, -1))^-1
  HIT quotient d=3 (0, 1, (1, -1, 1)) * (-1, 1, (-1, -1, -1))^-1
  HIT quotient d=3 (0, 1, (1, -1, 1)) * (0, 0, (-1, -1, 1))^-1
  HIT quotient d=3 (0, 1, (1, -1, 1)) * (1, 1, (-1, -1, -1))^-1
  HIT quotient d=3 (0, 1, (1, -1, 1)) * (2, 0, (-1, -1, 1))^-1
  HIT quotient d=3 (0, 1, (1, -1, 1)) * (2, 1, (1, -1, 1))^-1
  HIT quotient d=3 (0, 1, (1, -1, -1)) * (-1, 0, (1, -1, 1))^-1
  HIT quotient d=3 (0, 1, (1, -1, -1)) * (-1, 1, (-1, -1, 1))^-1
  HIT quotient d=3 (0, 1, (1, -1, -1)) * (0, 0, (-1, -1, -1))^-1
  HIT quotient d=3 (0, 1, (1, -1, -1)) * (1, 1, (-1, -1, 1))^-1
  HIT quotient d=3 (0, 1, (1, -1, -1)) * (2, 0, (-1, -1, -1))^-1
  HIT quotient d=3 (0, 1, (1, -1, -1)) * (2, 1, (1, -1, -1))^-1
  HIT quotient d=3 (0, 1, (-1, 1, 1)) * (-1, 0, (-1, 1, -1))^-1
  HIT quotient d=3 (0, 1, (-1, 1, 1)) * (-1, 1, (1, 1, -1))^-1
  HIT quotient d=3 (0, 1, (-1, 1, 1)) * (0, 0, (1, 1, 1))^-1
  HIT quotient d=3 (0, 1, (-1, 1, 1)) * (1, 1, (1, 1, -1))^-1
  HIT quotient d=3 (0, 1, (-1, 1, 1)) * (2, 0, (1, 1, 1))^-1
  HIT quotient d=3 (0, 1, (-1, 1, 1)) * (2, 1, (-1, 1, 1))^-1
  HIT quotient d=3 (0, 1, (-1, 1, -1)) * (-1, 0, (-1, 1, 1))^-1
  HIT quotient d=3 (0, 1, (-1, 1, -1)) * (-1, 1, (1, 1, 1))^-1
  HIT quotient d=3 (0, 1, (-1, 1, -1)) * (0, 0, (1, 1, -1))^-1
  HIT quotient d=3 (0, 1, (-1, 1, -1)) * (1, 1, (1, 1, 1))^-1
  HIT quotient d=3 (0, 1, (-1, 1, -1)) * (2, 0, (1, 1, -1))^-1
  HIT quotient d=3 (0, 1, (-1, 1, -1)) * (2, 1, (-1, 1, -1))^-1
  HIT quotient d=3 (0, 1, (-1, -1, 1)) * (-1, 0, (-1, -1, -1))^-1
  HIT quotient d=3 (0, 1, (-1, -1, 1)) * (-1, 1, (1, -1, -1))^-1
  HIT quotient d=3 (0, 1, (-1, -1, 1)) * (0, 0, (1, -1, 1))^-1
  HIT quotient d=3 (0, 1, (-1, -1, 1)) * (1, 1, (1, -1, -1))^-1
  HIT quotient d=3 (0, 1, (-1, -1, 1)) * (2, 0, (1, -1, 1))^-1
  HIT quotient d=3 (0, 1, (-1, -1, 1)) * (2, 1, (-1, -1, 1))^-1
  HIT quotient d=3 (0, 1, (-1, -1, -1)) * (-1, 0, (-1, -1, 1))^-1
  HIT quotient d=3 (0, 1, (-1, -1, -1)) * (-1, 1, (1, -1, 1))^-1
  HIT quotient d=3 (0, 1, (-1, -1, -1)) * (0, 0, (1, -1, -1))^-1
  HIT quotient d=3 (0, 1, (-1, -1, -1)) * (1, 1, (1, -1, 1))^-1
  HIT quotient d=3 (0, 1, (-1, -1, -1)) * (2, 0, (1, -1, -1))^-1
  HIT quotient d=3 (0, 1, (-1, -1, -1)) * (2, 1, (-1, -1, -1))^-1
  HIT quotient d=3 (1, 0, (1, 1, 1)) * (-1, 0, (1, 1, 1))^-1
  HIT quotient d=3 (1, 0, (1, 1, 1)) * (-1, 1, (-1, 1, 1))^-1
  HIT quotient d=3 (1, 0, (1, 1, 1)) * (0, 0, (-1, 1, -1))^-1
  HIT quotient d=3 (1, 0, (1, 1, 1)) * (1, 1, (-1, 1, 1))^-1
  HIT quotient d=3 (1, 0, (1, 1, 1)) * (2, 0, (-1, 1, -1))^-1
  HIT quotient d=3 (1, 0, (1, 1, 1)) * (2, 1, (1, 1, -1))^-1
  HIT quotient d=3 (1, 0, (1, 1, -1)) * (-1, 0, (1, 1, -1))^-1
  HIT quotient d=3 (1, 0, (1, 1, -1)) * (-1, 1, (-1, 1, -1))^-1
  HIT quotient d=3 (1, 0, (1, 1, -1)) * (0, 0, (-1, 1, 1))^-1
  HIT quotient d=3 (1, 0, (1, 1, -1)) * (1, 1, (-1, 1, -1))^-1
  HIT quotient d=3 (1, 0, (1, 1, -1)) * (2, 0, (-1, 1, 1))^-1
  HIT quotient d=3 (1, 0, (1, 1, -1)) * (2, 1, (1, 1, 1))^-1
  HIT quotient d=3 (1, 0, (1, -1, 1)) * (-1, 0, (1, -1, 1))^-1
  HIT quotient d=3 (1, 0, (1, -1, 1)) * (-1, 1, (-1, -1, 1))^-1
  HIT quotient d=3 (1, 0, (1, -1, 1)) * (0, 0, (-1, -1, -1))^-1
  HIT quotient d=3 (1, 0, (1, -1, 1)) * (1, 1, (-1, -1, 1))^-1
  HIT quotient d=3 (1, 0, (1, -1, 1)) * (2, 0, (-1, -1, -1))^-1
  HIT quotient d=3 (1, 0, (1, -1, 1)) * (2, 1, (1, -1, -1))^-1
  HIT quotient d=3 (1, 0, (1, -1, -1)) * (-1, 0, (1, -1, -1))^-1
  HIT quotient d=3 (1, 0, (1, -1, -1)) * (-1, 1, (-1, -1, -1))^-1
  HIT quotient d=3 (1, 0, (1, -1, -1)) * (0, 0, (-1, -1, 1))^-1
  HIT quotient d=3 (1, 0, (1, -1, -1)) * (1, 1, (-1, -1, -1))^-1
  HIT quotient d=3 (1, 0, (1, -1, -1)) * (2, 0, (-1, -1, 1))^-1
  HIT quotient d=3 (1, 0, (1, -1, -1)) * (2, 1, (1, -1, 1))^-1
  HIT quotient d=3 (1, 0, (-1, 1, 1)) * (-1, 0, (-1, 1, 1))^-1
  HIT quotient d=3 (1, 0, (-1, 1, 1)) * (-1, 1, (1, 1, 1))^-1
  HIT quotient d=3 (1, 0, (-1, 1, 1)) * (0, 0, (1, 1, -1))^-1
  HIT quotient d=3 (1, 0, (-1, 1, 1)) * (1, 1, (1, 1, 1))^-1
  HIT quotient d=3 (1, 0, (-1, 1, 1)) * (2, 0, (1, 1, -1))^-1
  HIT quotient d=3 (1, 0, (-1, 1, 1)) * (2, 1, (-1, 1, -1))^-1
  HIT quotient d=3 (1, 0, (-1, 1, -1)) * (-1, 0, (-1, 1, -1))^-1
  HIT quotient d=3 (1, 0, (-1, 1, -1)) * (-1, 1, (1, 1, -1))^-1
  HIT quotient d=3 (1, 0, (-1, 1, -1)) * (0, 0, (1, 1, 1))^-1
  HIT quotient d=3 (1, 0, (-1, 1, -1)) * (1, 1, (1, 1, -1))^-1
  HIT quotient d=3 (1, 0, (-1, 1, -1)) * (2, 0, (1, 1, 1))^-1
  HIT quotient d=3 (1, 0, (-1, 1, -1)) * (2, 1, (-1, 1, 1))^-1
  HIT quotient d=3 (1, 0, (-1, -1, 1)) * (-1, 0, (-1, -1, 1))^-1
  HIT quotient d=3 (1, 0, (-1, -1, 1)) * (-1, 1, (1, -1, 1))^-1
  HIT quotient d=3 (1, 0, (-1, -1, 1)) * (0, 0, (1, -1, -1))^-1
  HIT quotient d=3 (1, 0, (-1, -1, 1)) * (1, 1, (1, -1, 1))^-1
  HIT quotient d=3 (1, 0, (-1, -1, 1)) * (2, 0, (1, -1, -1))^-1
  HIT quotient d=3 (1, 0, (-1, -1, 1)) * (2, 1, (-1, -1, -1))^-1
  HIT quotient d=3 (1, 0, (-1, -1, -1)) * (-1, 0, (-1, -1, -1))^-1
  HIT quotient d=3 (1, 0, (-1, -1, -1)) * (-1, 1, (1, -1, -1))^-1
  HIT quotient d=3 (1, 0, (-1, -1, -1)) * (0, 0, (1, -1, 1))^-1
  HIT quotient d=3 (1, 0, (-1, -1, -1)) * (1, 1, (1, -1, -1))^-1
  HIT quotient d=3 (1, 0, (-1, -1, -1)) * (2, 0, (1, -1, 1))^-1
  HIT quotient d=3 (1, 0, (-1, -1, -1)) * (2, 1, (-1, -1, 1))^-1
  HIT quotient d=3 (1, 1, (1, 1, 1)) * (-1, 0, (-1, 1, 1))^-1
  HIT quotient d=3 (1, 1, (1, 1, 1)) * (-1, 1, (1, 1, 1))^-1
  HIT quotient d=3 (1, 1, (1, 1, 1)) * (0, 1, (-1, 1, -1))^-1
  HIT quotient d=3 (1, 1, (1, 1, 1)) * (1, 0, (-1, 1, 1))^-1
  HIT quotient d=3 (1, 1, (1, 1, 1)) * (2, 0, (1, 1, -1))^-1
  HIT quotient d=3 (1, 1, (1, 1, 1)) * (2, 1, (-1, 1, -1))^-1
  HIT quotient d=3 (1, 1, (1, 1, -1)) * (-1, 0, (-1, 1, -1))^-1
  HIT quotient d=3 (1, 1, (1, 1, -1)) * (-1, 1, (1, 1, -1))^-1
  HIT quotient d=3 (1, 1, (1, 1, -1)) * (0, 1, (-1, 1, 1))^-1
  HIT quotient d=3 (1, 1, (1, 1, -1)) * (1, 0, (-1, 1, -1))^-1
  HIT quotient d=3 (1, 1, (1, 1, -1)) * (2, 0, (1, 1, 1))^-1
  HIT quotient d=3 (1, 1, (1, 1, -1)) * (2, 1, (-1, 1, 1))^-1
  HIT quotient d=3 (1, 1, (1, -1, 1)) * (-1, 0, (-1, -1, 1))^-1
  HIT quotient d=3 (1, 1, (1, -1, 1)) * (-1, 1, (1, -1, 1))^-1
  HIT quotient d=3 (1, 1, (1, -1, 1)) * (0, 1, (-1, -1, -1))^-1
  HIT quotient d=3 (1, 1, (1, -1, 1)) * (1, 0, (-1, -1, 1))^-1
  HIT quotient d=3 (1, 1, (1, -1, 1)) * (2, 0, (1, -1, -1))^-1
  HIT quotient d=3 (1, 1, (1, -1, 1)) * (2, 1, (-1, -1, -1))^-1
  HIT quotient d=3 (1, 1, (1, -1, -1)) * (-1, 0, (-1, -1, -1))^-1
  HIT quotient d=3 (1, 1, (1, -1, -1)) * (-1, 1, (1, -1, -1))^-1
  HIT quotient d=3 (1, 1, (1, -1, -1)) * (0, 1, (-1, -1, 1))^-1
  HIT quotient d=3 (1, 1, (1, -1, -1)) * (1, 0, (-1, -1, -1))^-1
  HIT quotient d=3 (1, 1, (1, -1, -1)) * (2, 0, (1, -1, 1))^-1
  HIT quotient d=3 (1, 1, (1, -1, -1)) * (2, 1, (-1, -1, 1))^-1
  HIT quotient d=3 (1, 1, (-1, 1, 1)) * (-1, 0, (1, 1, 1))^-1
  HIT quotient d=3 (1, 1, (-1, 1, 1)) * (-1, 1, (-1, 1, 1))^-1
  HIT quotient d=3 (1, 1, (-1, 1, 1)) * (0, 1, (1, 1, -1))^-1
  HIT quotient d=3 (1, 1, (-1, 1, 1)) * (1, 0, (1, 1, 1))^-1
  HIT quotient d=3 (1, 1, (-1, 1, 1)) * (2, 0, (-1, 1, -1))^-1
  HIT quotient d=3 (1, 1, (-1, 1, 1)) * (2, 1, (1, 1, -1))^-1
  HIT quotient d=3 (1, 1, (-1, 1, -1)) * (-1, 0, (1, 1, -1))^-1
  HIT quotient d=3 (1, 1, (-1, 1, -1)) * (-1, 1, (-1, 1, -1))^-1
  HIT quotient d=3 (1, 1, (-1, 1, -1)) * (0, 1, (1, 1, 1))^-1
  HIT quotient d=3 (1, 1, (-1, 1, -1)) * (1, 0, (1, 1, -1))^-1
  HIT quotient d=3 (1, 1, (-1, 1, -1)) * (2, 0, (-1, 1, 1))^-1
  HIT quotient d=3 (1, 1, (-1, 1, -1)) * (2, 1, (1, 1, 1))^-1
  HIT quotient d=3 (1, 1, (-1, -1, 1)) * (-1, 0, (1, -1, 1))^-1
  HIT quotient d=3 (1, 1, (-1, -1, 1)) * (-1, 1, (-1, -1, 1))^-1
  HIT quotient d=3 (1, 1, (-1, -1, 1)) * (0, 1, (1, -1, -1))^-1
  HIT quotient d=3 (1, 1, (-1, -1, 1)) * (1, 0, (1, -1, 1))^-1
  HIT quotient d=3 (1, 1, (-1, -1, 1)) * (2, 0, (-1, -1, -1))^-1
  HIT quotient d=3 (1, 1, (-1, -1, 1)) * (2, 1, (1, -1, -1))^-1
  HIT quotient d=3 (1, 1, (-1, -1, -1)) * (-1, 0, (1, -1, -1))^-1
  HIT quotient d=3 (1, 1, (-1, -1, -1)) * (-1, 1, (-1, -1, -1))^-1
  HIT quotient d=3 (1, 1, (-1, -1, -1)) * (0, 1, (1, -1, 1))^-1
  HIT quotient d=3 (1, 1, (-1, -1, -1)) * (1, 0, (1, -1, -1))^-1
  HIT quotient d=3 (1, 1, (-1, -1, -1)) * (2, 0, (-1, -1, 1))^-1
  HIT quotient d=3 (1, 1, (-1, -1, -1)) * (2, 1, (1, -1, 1))^-1
  HIT quotient d=3 (2, 0, (1, 1, 1)) * (-1, 0, (-1, 1, -1))^-1
  HIT quotient d=3 (2, 0, (1, 1, 1)) * (0, 0, (1, 1, 1))^-1
  HIT quotient d=3 (2, 0, (1, 1, 1)) * (0, 1, (-1, 1, 1))^-1
  HIT quotient d=3 (2, 0, (1, 1, 1)) * (1, 0, (-1, 1, -1))^-1
  HIT quotient d=3 (2, 0, (1, 1, 1)) * (1, 1, (1, 1, -1))^-1
  HIT quotient d=3 (2, 0, (1, 1, 1)) * (2, 1, (-1, 1, 1))^-1
  HIT quotient d=3 (2, 0, (1, 1, -1)) * (-1, 0, (-1, 1, 1))^-1
  HIT quotient d=3 (2, 0, (1, 1, -1)) * (0, 0, (1, 1, -1))^-1
  HIT quotient d=3 (2, 0, (1, 1, -1)) * (0, 1, (-1, 1, -1))^-1
  HIT quotient d=3 (2, 0, (1, 1, -1)) * (1, 0, (-1, 1, 1))^-1
  HIT quotient d=3 (2, 0, (1, 1, -1)) * (1, 1, (1, 1, 1))^-1
  HIT quotient d=3 (2, 0, (1, 1, -1)) * (2, 1, (-1, 1, -1))^-1
  HIT quotient d=3 (2, 0, (1, -1, 1)) * (-1, 0, (-1, -1, -1))^-1
  HIT quotient d=3 (2, 0, (1, -1, 1)) * (0, 0, (1, -1, 1))^-1
  HIT quotient d=3 (2, 0, (1, -1, 1)) * (0, 1, (-1, -1, 1))^-1
  HIT quotient d=3 (2, 0, (1, -1, 1)) * (1, 0, (-1, -1, -1))^-1
  HIT quotient d=3 (2, 0, (1, -1, 1)) * (1, 1, (1, -1, -1))^-1
  HIT quotient d=3 (2, 0, (1, -1, 1)) * (2, 1, (-1, -1, 1))^-1
  HIT quotient d=3 (2, 0, (1, -1, -1)) * (-1, 0, (-1, -1, 1))^-1
  HIT quotient d=3 (2, 0, (1, -1, -1)) * (0, 0, (1, -1, -1))^-1
  HIT quotient d=3 (2, 0, (1, -1, -1)) * (0, 1, (-1, -1, -1))^-1
  HIT quotient d=3 (2, 0, (1, -1, -1)) * (1, 0, (-1, -1, 1))^-1
  HIT quotient d=3 (2, 0, (1, -1, -1)) * (1, 1, (1, -1, 1))^-1
  HIT quotient d=3 (2, 0, (1, -1, -1)) * (2, 1, (-1, -1, -1))^-1
  HIT quotient d=3 (2, 0, (-1, 1, 1)) * (-1, 0, (1, 1, -1))^-1
  HIT quotient d=3 (2, 0, (-1, 1, 1)) * (0, 0, (-1, 1, 1))^-1
  HIT quotient d=3 (2, 0, (-1, 1, 1)) * (0, 1, (1, 1, 1))^-1
  HIT quotient d=3 (2, 0, (-1, 1, 1)) * (1, 0, (1, 1, -1))^-1
  HIT quotient d=3 (2, 0, (-1, 1, 1)) * (1, 1, (-1, 1, -1))^-1
  HIT quotient d=3 (2, 0, (-1, 1, 1)) * (2, 1, (1, 1, 1))^-1
  HIT quotient d=3 (2, 0, (-1, 1, -1)) * (-1, 0, (1, 1, 1))^-1
  HIT quotient d=3 (2, 0, (-1, 1, -1)) * (0, 0, (-1, 1, -1))^-1
  HIT quotient d=3 (2, 0, (-1, 1, -1)) * (0, 1, (1, 1, -1))^-1
  HIT quotient d=3 (2, 0, (-1, 1, -1)) * (1, 0, (1, 1, 1))^-1
  HIT quotient d=3 (2, 0, (-1, 1, -1)) * (1, 1, (-1, 1, 1))^-1
  HIT quotient d=3 (2, 0, (-1, 1, -1)) * (2, 1, (1, 1, -1))^-1
  HIT quotient d=3 (2, 0, (-1, -1, 1)) * (-1, 0, (1, -1, -1))^-1
  HIT quotient d=3 (2, 0, (-1, -1, 1)) * (0, 0, (-1, -1, 1))^-1
  HIT quotient d=3 (2, 0, (-1, -1, 1)) * (0, 1, (1, -1, 1))^-1
  HIT quotient d=3 (2, 0, (-1, -1, 1)) * (1, 0, (1, -1, -1))^-1
  HIT quotient d=3 (2, 0, (-1, -1, 1)) * (1, 1, (-1, -1, -1))^-1
  HIT quotient d=3 (2, 0, (-1, -1, 1)) * (2, 1, (1, -1, 1))^-1
  HIT quotient d=3 (2, 0, (-1, -1, -1)) * (-1, 0, (1, -1, 1))^-1
  HIT quotient d=3 (2, 0, (-1, -1, -1)) * (0, 0, (-1, -1, -1))^-1
  HIT quotient d=3 (2, 0, (-1, -1, -1)) * (0, 1, (1, -1, -1))^-1
  HIT quotient d=3 (2, 0, (-1, -1, -1)) * (1, 0, (1, -1, 1))^-1
  HIT quotient d=3 (2, 0, (-1, -1, -1)) * (1, 1, (-1, -1, 1))^-1
  HIT quotient d=3 (2, 0, (-1, -1, -1)) * (2, 1, (1, -1, -1))^-1
  HIT quotient d=3 (2, 1, (1, 1, 1)) * (-1, 1, (-1, 1, -1))^-1
  HIT quotient d=3 (2, 1, (1, 1, 1)) * (0, 0, (-1, 1, 1))^-1
  HIT quotient d=3 (2, 1, (1, 1, 1)) * (0, 1, (1, 1, 1))^-1
  HIT quotient d=3 (2, 1, (1, 1, 1)) * (1, 0, (1, 1, -1))^-1
  HIT quotient d=3 (2, 1, (1, 1, 1)) * (1, 1, (-1, 1, -1))^-1
  HIT quotient d=3 (2, 1, (1, 1, 1)) * (2, 0, (-1, 1, 1))^-1
  HIT quotient d=3 (2, 1, (1, 1, -1)) * (-1, 1, (-1, 1, 1))^-1
  HIT quotient d=3 (2, 1, (1, 1, -1)) * (0, 0, (-1, 1, -1))^-1
  HIT quotient d=3 (2, 1, (1, 1, -1)) * (0, 1, (1, 1, -1))^-1
  HIT quotient d=3 (2, 1, (1, 1, -1)) * (1, 0, (1, 1, 1))^-1
  HIT quotient d=3 (2, 1, (1, 1, -1)) * (1, 1, (-1, 1, 1))^-1
  HIT quotient d=3 (2, 1, (1, 1, -1)) * (2, 0, (-1, 1, -1))^-1
  HIT quotient d=3 (2, 1, (1, -1, 1)) * (-1, 1, (-1, -1, -1))^-1
  HIT quotient d=3 (2, 1, (1, -1, 1)) * (0, 0, (-1, -1, 1))^-1
  HIT quotient d=3 (2, 1, (1, -1, 1)) * (0, 1, (1, -1, 1))^-1
  HIT quotient d=3 (2, 1, (1, -1, 1)) * (1, 0, (1, -1, -1))^-1
  HIT quotient d=3 (2, 1, (1, -1, 1)) * (1, 1, (-1, -1, -1))^-1
  HIT quotient d=3 (2, 1, (1, -1, 1)) * (2, 0, (-1, -1, 1))^-1
  HIT quotient d=3 (2, 1, (1, -1, -1)) * (-1, 1, (-1, -1, 1))^-1
  HIT quotient d=3 (2, 1, (1, -1, -1)) * (0, 0, (-1, -1, -1))^-1
  HIT quotient d=3 (2, 1, (1, -1, -1)) * (0, 1, (1, -1, -1))^-1
  HIT quotient d=3 (2, 1, (1, -1, -1)) * (1, 0, (1, -1, 1))^-1
  HIT quotient d=3 (2, 1, (1, -1, -1)) * (1, 1, (-1, -1, 1))^-1
  HIT quotient d=3 (2, 1, (1, -1, -1)) * (2, 0, (-1, -1, -1))^-1
  HIT quotient d=3 (2, 1, (-1, 1, 1)) * (-1, 1, (1, 1, -1))^-1
  HIT quotient d=3 (2, 1, (-1, 1, 1)) * (0, 0, (1, 1, 1))^-1
  HIT quotient d=3 (2, 1, (-1, 1, 1)) * (0, 1, (-1, 1, 1))^-1
  HIT quotient d=3 (2, 1, (-1, 1, 1)) * (1, 0, (-1, 1, -1))^-1
  HIT quotient d=3 (2, 1, (-1, 1, 1)) * (1, 1, (1, 1, -1))^-1
  HIT quotient d=3 (2, 1, (-1, 1, 1)) * (2, 0, (1, 1, 1))^-1
  HIT quotient d=3 (2, 1, (-1, 1, -1)) * (-1, 1, (1, 1, 1))^-1
  HIT quotient d=3 (2, 1, (-1, 1, -1)) * (0, 0, (1, 1, -1))^-1
  HIT quotient d=3 (2, 1, (-1, 1, -1)) * (0, 1, (-1, 1, -1))^-1
  HIT quotient d=3 (2, 1, (-1, 1, -1)) * (1, 0, (-1, 1, 1))^-1
  HIT quotient d=3 (2, 1, (-1, 1, -1)) * (1, 1, (1, 1, 1))^-1
  HIT quotient d=3 (2, 1, (-1, 1, -1)) * (2, 0, (1, 1, -1))^-1
  HIT quotient d=3 (2, 1, (-1, -1, 1)) * (-1, 1, (1, -1, -1))^-1
  HIT quotient d=3 (2, 1, (-1, -1, 1)) * (0, 0, (1, -1, 1))^-1
  HIT quotient d=3 (2, 1, (-1, -1, 1)) * (0, 1, (-1, -1, 1))^-1
  HIT quotient d=3 (2, 1, (-1, -1, 1)) * (1, 0, (-1, -1, -1))^-1
  HIT quotient d=3 (2, 1, (-1, -1, 1)) * (1, 1, (1, -1, -1))^-1
  HIT quotient d=3 (2, 1, (-1, -1, 1)) * (2, 0, (1, -1, 1))^-1
  HIT quotient d=3 (2, 1, (-1, -1, -1)) * (-1, 1, (1, -1, 1))^-1
  HIT quotient d=3 (2, 1, (-1, -1, -1)) * (0, 0, (1, -1, -1))^-1
  HIT quotient d=3 (2, 1, (-1, -1, -1)) * (0, 1, (-1, -1, -1))^-1
  HIT quotient d=3 (2, 1, (-1, -1, -1)) * (1, 0, (-1, -1, 1))^-1
  HIT quotient d=3 (2, 1, (-1, -1, -1)) * (1, 1, (1, -1, 1))^-1
  HIT quotient d=3 (2, 1, (-1, -1, -1)) * (2, 0, (1, -1, -1))^-1
  HIT commutator d=3 (t,w)=(-1, 0) g=z
  HIT commutator d=3 (t,w)=(-1, 1) g=z
  HIT commutator d=3 (t,w)=(0, 0) g=z
  HIT commutator d=3 (t,w)=(0, 1) g=z
  HIT commutator d=3 (t,w)=(1, 0) g=z
  HIT commutator d=3 (t,w)=(1, 1) g=z
  HIT commutator d=3 (t,w)=(2, 0) g=z
  HIT commutator d=3 (t,w)=(2, 1) g=z
d=3: 4032 ordered quotient pairs, 384 hits; 48 commutators, 8 hits
  HIT quotient d=5 (-1, 0, (1, 1, 1)) * (-1, 1, (-1, 1, 1))^-1
  HIT quotient d=5 (-1, 0, (1, 1, 1)) * (0, 0, (-1, 1, -1))^-1
  HIT quotient d=5 (-1, 0, (1, 1, 1)) * (0, 1, (1, 1, -1))^-1
  HIT quotient d=5 (-1, 0, (1, 1, 1)) * (1, 0, (1, 1, 1))^-1
  HIT quotient d=5 (-1, 0, (1, 1, 1)) * (1, 1, (-1, 1, 1))^-1
  HIT quotient d=5 (-1, 0, (1, 1, 1)) * (2, 0, (-1, 1, -1))^-1
  HIT quotient d=5 (-1, 0, (1, 1, -1)) * (-1, 1, (-1, 1, -1))^-1
  HIT quotient d=5 (-1, 0, (1, 1, -1)) * (0, 0, (-1, 1, 1))^-1
  HIT quotient d=5 (-1, 0, (1, 1, -1)) * (0, 1, (1, 1, 1))^-1
  HIT quotient d=5 (-1, 0, (1, 1, -1)) * (1, 0, (1, 1, -1))^-1
  HIT quotient d=5 (-1, 0, (1, 1, -1)) * (1, 1, (-1, 1, -1))^-1
  HIT quotient d=5 (-1, 0, (1, 1, -1)) * (2, 0, (-1, 1, 1))^-1
  HIT quotient d=5 (-1, 0, (1, -1, 1)) * (-1, 1, (-1, -1, 1))^-1
  HIT quotient d=5 (-1, 0, (1, -1, 1)) * (0, 0, (-1, -1, -1))^-1
  HIT quotient d=5 (-1, 0, (1, -1, 1)) * (0, 1, (1, -1, -1))^-1
  HIT quotient d=5 (-1, 0, (1, -1, 1)) * (1, 0, (1, -1, 1))^-1
  HIT quotient d=5 (-1, 0, (1, -1, 1)) * (1, 1, (-1, -1, 1))^-1
  HIT quotient d=5 (-1, 0, (1, -1, 1)) * (2, 0, (-1, -1, -1))^-1
  HIT quotient d=5 (-1, 0, (1, -1, -1)) * (-1, 1, (-1, -1, -1))^-1
  HIT quotient d=5 (-1, 0, (1, -1, -1)) * (0, 0, (-1, -1, 1))^-1
  HIT quotient d=5 (-1, 0, (1, -1, -1)) * (0, 1, (1, -1, 1))^-1
  HIT quotient d=5 (-1, 0, (1, -1, -1)) * (1, 0, (1, -1, -1))^-1
  HIT quotient d=5 (-1, 0, (1, -1, -1)) * (1, 1, (-1, -1, -1))^-1
  HIT quotient d=5 (-1, 0, (1, -1, -1)) * (2, 0, (-1, -1, 1))^-1
  HIT quotient d=5 (-1, 0, (-1, 1, 1)) * (-1, 1, (1, 1, 1))^-1
  HIT quotient d=5 (-1, 0, (-1, 1, 1)) * (0, 0, (1, 1, -1))^-1
  HIT quotient d=5 (-1, 0, (-1, 1, 1)) * (0, 1, (-1, 1, -1))^-1
  HIT quotient d=5 (-1, 0, (-1, 1, 1)) * (1, 0, (-1, 1, 1))^-1
  HIT quotient d=5 (-1, 0, (-1, 1, 1)) * (1, 1, (1, 1, 1))^-1
  HIT quotient d=5 (-1, 0, (-1, 1, 1)) * (2, 0, (1, 1, -1))^-1
  HIT quotient d=5 (-1, 0, (-1, 1, -1)) * (-1, 1, (1, 1, -1))^-1
  HIT quotient d=5 (-1, 0, (-1, 1, -1)) * (0, 0, (1, 1, 1))^-1
  HIT quotient d=5 (-1, 0, (-1, 1, -1)) * (0, 1, (-1, 1, 1))^-1
  HIT quotient d=5 (-1, 0, (-1, 1, -1)) * (1, 0, (-1, 1, -1))^-1
  HIT quotient d=5 (-1, 0, (-1, 1, -1)) * (1, 1, (1, 1, -1))^-1
  HIT quotient d=5 (-1, 0, (-1, 1, -1)) * (2, 0, (1, 1, 1))^-1
  HIT quotient d=5 (-1, 0, (-1, -1, 1)) * (-1, 1, (1, -1, 1))^-1
  HIT quotient d=5 (-1, 0, (-1, -1, 1)) * (0, 0, (1, -1, -1))^-1
  HIT quotient d=5 (-1, 0, (-1, -1, 1)) * (0, 1, (-1, -1, -1))^-1
  HIT quotient d=5 (-1, 0, (-1, -1, 1)) * (1, 0, (-1, -1, 1))^-1
  HIT quotient d=5 (-1, 0, (-1, -1, 1)) * (1, 1, (1, -1, 1))^-1
  HIT quotient d=5 (-1, 0, (-1, -1, 1)) * (2, 0, (1, -1, -1))^-1
  HIT quotient d=5 (-1, 0, (-1, -1, -1)) * (-1, 1, (1, -1, -1))^-1
  HIT quotient d=5 (-1, 0, (-1, -1, -1)) * (0, 0, (1, -1, 1))^-1
  HIT quotient d=5 (-1, 0, (-1, -1, -1)) * (0, 1, (-1, -1, 1))^-1
  HIT quotient d=5 (-1, 0, (-1, -1, -1)) * (1, 0, (-1, -1, -1))^-1
  HIT quotient d=5 (-1, 0, (-1, -1, -1)) * (1, 1, (1, -1, -1))^-1
  HIT quotient d=5 (-1, 0, (-1, -1, -1)) * (2, 0, (1, -1, 1))^-1
  HIT quotient d=5 (-1, 1, (1, 1, 1)) * (-1, 0, (-1, 1, 1))^-1
  HIT quotient d=5 (-1, 1, (1, 1, 1)) * (0, 0, (1, 1, -1))^-1
  HIT quotient d=5 (-1, 1, (1, 1, 1)) * (0, 1, (-1, 1, -1))^-1
  HIT quotient d=5 (-1, 1, (1, 1, 1)) * (1, 0, (-1, 1, 1))^-1
  HIT quotient d=5 (-1, 1, (1, 1, 1)) * (1, 1, (1, 1, 1))^-1
  HIT quotient d=5 (-1, 1, (1, 1, 1)) * (2, 1, (-1, 1, -1))^-1
  HIT quotient d=5 (-1, 1, (1, 1, -1)) * (-1, 0, (-1, 1, -1))^-1
  HIT quotient d=5 (-1, 1, (1, 1, -1)) * (0, 0, (1, 1, 1))^-1
  HIT quotient d=5 (-1, 1, (1, 1, -1)) * (0, 1, (-1, 1, 1))^-1
  HIT quotient d=5 (-1, 1, (1, 1, -1)) * (1, 0, (-1, 1, -1))^-1
  HIT quotient d=5 (-1, 1, (1, 1, -1)) * (1, 1, (1, 1, -1))^-1
  HIT quotient d=5 (-1, 1, (1, 1, -1)) * (2, 1, (-1, 1, 1))^-1
  HIT quotient d=5 (-1, 1, (1, -1, 1)) * (-1, 0, (-1, -1, 1))^-1
  HIT quotient d=5 (-1, 1, (1, -1, 1)) * (0, 0, (1, -1, -1))^-1
  HIT quotient d=5 (-1, 1, (1, -1, 1)) * (0, 1, (-1, -1, -1))^-1
  HIT quotient d=5 (-1, 1, (1, -1, 1)) * (1, 0, (-1, -1, 1))^-1
  HIT quotient d=5 (-1, 1, (1, -1, 1)) * (1, 1, (1, -1, 1))^-1
  HIT quotient d=5 (-1, 1, (1, -1, 1)) * (2, 1, (-1, -1, -1))^-1
  HIT quotient d=5 (-1, 1, (1, -1, -1)) * (-1, 0, (-1, -1, -1))^-1
  HIT quotient d=5 (-1, 1, (1, -1, -1)) * (0, 0, (1, -1, 1))^-1
  HIT quotient d=5 (-1, 1, (1, -1, -1)) * (0, 1, (-1, -1, 1))^-1
  HIT quotient d=5 (-1, 1, (1, -1, -1)) * (1, 0, (-1, -1, -1))^-1
  HIT quotient d=5 (-1, 1, (1, -1, -1)) * (1, 1, (1, -1, -1))^-1
  HIT quotient d=5 (-1, 1, (1, -1, -1)) * (2, 1, (-1, -1, 1))^-1
  HIT quotient d=5 (-1, 1, (-1, 1, 1)) * (-1, 0, (1, 1, 1))^-1
  HIT quotient d=5 (-1, 1, (-1, 1, 1)) * (0, 0, (-1, 1, -1))^-1
  HIT quotient d=5 (-1, 1, (-1, 1, 1)) * (0, 1, (1, 1, -1))^-1
  HIT quotient d=5 (-1, 1, (-1, 1, 1)) * (1, 0, (1, 1, 1))^-1
  HIT quotient d=5 (-1, 1, (-1, 1, 1)) * (1, 1, (-1, 1, 1))^-1
  HIT quotient d=5 (-1, 1, (-1, 1, 1)) * (2, 1, (1, 1, -1))^-1
  HIT quotient d=5 (-1, 1, (-1, 1, -1)) * (-1, 0, (1, 1, -1))^-1
  HIT quotient d=5 (-1, 1, (-1, 1, -1)) * (0, 0, (-1, 1, 1))^-1
  HIT quotient d=5 (-1, 1, (-1, 1, -1)) * (0, 1, (1, 1, 1))^-1
  HIT quotient d=5 (-1, 1, (-1, 1, -1)) * (1, 0, (1, 1, -1))^-1
  HIT quotient d=5 (-1, 1, (-1, 1, -1)) * (1, 1, (-1, 1, -1))^-1
  HIT quotient d=5 (-1, 1, (-1, 1, -1)) * (2, 1, (1, 1, 1))^-1
  HIT quotient d=5 (-1, 1, (-1, -1, 1)) * (-1, 0, (1, -1, 1))^-1
  HIT quotient d=5 (-1, 1, (-1, -1, 1)) * (0, 0, (-1, -1, -1))^-1
  HIT quotient d=5 (-1, 1, (-1, -1, 1)) * (0, 1, (1, -1, -1))^-1
  HIT quotient d=5 (-1, 1, (-1, -1, 1)) * (1, 0, (1, -1, 1))^-1
  HIT quotient d=5 (-1, 1, (-1, -1, 1)) * (1, 1, (-1, -1, 1))^-1
  HIT quotient d=5 (-1, 1, (-1, -1, 1)) * (2, 1, (1, -1, -1))^-1
  HIT quotient d=5 (-1, 1, (-1, -1, -1)) * (-1, 0, (1, -1, -1))^-1
  HIT quotient d=5 (-1, 1, (-1, -1, -1)) * (0, 0, (-1, -1, 1))^-1
  HIT quotient d=5 (-1, 1, (-1, -1, -1)) * (0, 1, (1, -1, 1))^-1
  HIT quotient d=5 (-1, 1, (-1, -1, -1)) * (1, 0, (1, -1, -1))^-1
  HIT quotient d=5 (-1, 1, (-1, -1, -1)) * (1, 1, (-1, -1, -1))^-1
  HIT quotient d=5 (-1, 1, (-1, -1, -1)) * (2, 1, (1, -1, 1))^-1
  HIT quotient d=5 (0, 0, (1, 1, 1)) * (-1, 0, (-1, 1, -1))^-1
  HIT quotient d=5 (0, 0, (1, 1, 1)) * (-1, 1, (1, 1, -1))^-1
  HIT quotient d=5 (0, 0, (1, 1, 1)) * (0, 1, (-1, 1, 1))^-1
  HIT quotient d=5 (0, 0, (1, 1, 1)) * (1, 0, (-1, 1, -1))^-1
  HIT quotient d=5 (0, 0, (1, 1, 1)) * (2, 0, (1, 1, 1))^-1
  HIT quotient d=5 (0, 0, (1, 1, 1)) * (2, 1, (-1, 1, 1))^-1
  HIT quotient d=5 (0, 0, (1, 1, -1)) * (-1, 0, (-1, 1, 1))^-1
  HIT quotient d=5 (0, 0, (1, 1, -1)) * (-1, 1, (1, 1, 1))^-1
  HIT quotient d=5 (0, 0, (1, 1, -1)) * (0, 1, (-1, 1, -1))^-1
  HIT quotient d=5 (0, 0, (1, 1, -1)) * (1, 0, (-1, 1, 1))^-1
  HIT quotient d=5 (0, 0, (1, 1, -1)) * (2, 0, (1, 1, -1))^-1
  HIT quotient d=5 (0, 0, (1, 1, -1)) * (2, 1, (-1, 1, -1))^-1
  HIT quotient d=5 (0, 0, (1, -1, 1)) * (-1, 0, (-1, -1, -1))^-1
  HIT quotient d=5 (0, 0, (1, -1, 1)) * (-1, 1, (1, -1, -1))^-1
  HIT quotient d=5 (0, 0, (1, -1, 1)) * (0, 1, (-1, -1, 1))^-1
  HIT quotient d=5 (0, 0, (1, -1, 1)) * (1, 0, (-1, -1, -1))^-1
  HIT quotient d=5 (0, 0, (1, -1, 1)) * (2, 0, (1, -1, 1))^-1
  HIT quotient d=5 (0, 0, (1, -1, 1)) * (2, 1, (-1, -1, 1))^-1
  HIT quotient d=5 (0, 0, (1, -1, -1)) * (-1, 0, (-1, -1, 1))^-1
  HIT quotient d=5 (0, 0, (1, -1, -1)) * (-1, 1, (1, -1, 1))^-1
  HIT quotient d=5 (0, 0, (1, -1, -1)) * (0, 1, (-1, -1, -1))^-1
  HIT quotient d=5 (0, 0, (1, -1, -1)) * (1, 0, (-1, -1, 1))^-1
  HIT quotient d=5 (0, 0, (1, -1, -1)) * (2, 0, (1, -1, -1))^-1
  HIT quotient d=5 (0, 0, (1, -1, -1)) * (2, 1, (-1, -1, -1))^-1
  HIT quotient d=5 (0, 0, (-1, 1, 1)) * (-1, 0, (1, 1, -1))^-1
  HIT quotient d=5 (0, 0, (-1, 1, 1)) * (-1, 1, (-1, 1, -1))^-1
  HIT quotient d=5 (0, 0, (-1, 1, 1)) * (0, 1, (1, 1, 1))^-1
  HIT quotient d=5 (0, 0, (-1, 1, 1)) * (1, 0, (1, 1, -1))^-1
  HIT quotient d=5 (0, 0, (-1, 1, 1)) * (2, 0, (-1, 1, 1))^-1
  HIT quotient d=5 (0, 0, (-1, 1, 1)) * (2, 1, (1, 1, 1))^-1
  HIT quotient d=5 (0, 0, (-1, 1, -1)) * (-1, 0, (1, 1, 1))^-1
  HIT quotient d=5 (0, 0, (-1, 1, -1)) * (-1, 1, (-1, 1, 1))^-1
  HIT quotient d=5 (0, 0, (-1, 1, -1)) * (0, 1, (1, 1, -1))^-1
  HIT quotient d=5 (0, 0, (-1, 1, -1)) * (1, 0, (1, 1, 1))^-1
  HIT quotient d=5 (0, 0, (-1, 1, -1)) * (2, 0, (-1, 1, -1))^-1
  HIT quotient d=5 (0, 0, (-1, 1, -1)) * (2, 1, (1, 1, -1))^-1
  HIT quotient d=5 (0, 0, (-1, -1, 1)) * (-1, 0, (1, -1, -1))^-1
  HIT quotient d=5 (0, 0, (-1, -1, 1)) * (-1, 1, (-1, -1, -1))^-1
  HIT quotient d=5 (0, 0, (-1, -1, 1)) * (0, 1, (1, -1, 1))^-1
  HIT quotient d=5 (0, 0, (-1, -1, 1)) * (1, 0, (1, -1, -1))^-1
  HIT quotient d=5 (0, 0, (-1, -1, 1)) * (2, 0, (-1, -1, 1))^-1
  HIT quotient d=5 (0, 0, (-1, -1, 1)) * (2, 1, (1, -1, 1))^-1
  HIT quotient d=5 (0, 0, (-1, -1, -1)) * (-1, 0, (1, -1, 1))^-1
  HIT quotient d=5 (0, 0, (-1, -1, -1)) * (-1, 1, (-1, -1, 1))^-1
  HIT quotient d=5 (0, 0, (-1, -1, -1)) * (0, 1, (1, -1, -1))^-1
  HIT quotient d=5 (0, 0, (-1, -1, -1)) * (1, 0, (1, -1, 1))^-1
  HIT quotient d=5 (0, 0, (-1, -1, -1)) * (2, 0, (-1, -1, -1))^-1
  HIT quotient d=5 (0, 0, (-1, -1, -1)) * (2, 1, (1, -1, -1))^-1
  HIT quotient d=5 (0, 1, (1, 1, 1)) * (-1, 0, (1, 1, -1))^-1
  HIT quotient d=5 (0, 1, (1, 1, 1)) * (-1, 1, (-1, 1, -1))^-1
  HIT quotient d=5 (0, 1, (1, 1, 1)) * (0, 0, (-1, 1, 1))^-1
  HIT quotient d=5 (0, 1, (1, 1, 1)) * (1, 1, (-1, 1, -1))^-1
  HIT quotient d=5 (0, 1, (1, 1, 1)) * (2, 0, (-1, 1, 1))^-1
  HIT quotient d=5 (0, 1, (1, 1, 1)) * (2, 1, (1, 1, 1))^-1
  HIT quotient d=5 (0, 1, (1, 1, -1)) * (-1, 0, (1, 1, 1))^-1
  HIT quotient d=5 (0, 1, (1, 1, -1)) * (-1, 1, (-1, 1, 1))^-1
  HIT quotient d=5 (0, 1, (1, 1, -1)) * (0, 0, (-1, 1, -1))^-1
  HIT quotient d=5 (0, 1, (1, 1, -1)) * (1, 1, (-1, 1, 1))^-1
  HIT quotient d=5 (0, 1, (1, 1, -1)) * (2, 0, (-1, 1, -1))^-1
  HIT quotient d=5 (0, 1, (1, 1, -1)) * (2, 1, (1, 1, -1))^-1
  HIT quotient d=5 (0, 1, (1, -1, 1)) * (-1, 0, (1, -1, -1))^-1
  HIT quotient d=5 (0, 1, (1, -1, 1)) * (-1, 1, (-1, -1, -1))^-1
  HIT quotient d=5 (0, 1, (1, -1, 1)) * (0, 0, (-1, -1, 1))^-1
  HIT quotient d=5 (0, 1, (1, -1, 1)) * (1, 1, (-1, -1, -1))^-1
  HIT quotient d=5 (0, 1, (1, -1, 1)) * (2, 0, (-1, -1, 1))^-1
  HIT quotient d=5 (0, 1, (1, -1, 1)) * (2, 1, (1, -1, 1))^-1
  HIT quotient d=5 (0, 1, (1, -1, -1)) * (-1, 0, (1, -1, 1))^-1
  HIT quotient d=5 (0, 1, (1, -1, -1)) * (-1, 1, (-1, -1, 1))^-1
  HIT quotient d=5 (0, 1, (1, -1, -1)) * (0, 0, (-1, -1, -1))^-1
  HIT quotient d=5 (0, 1, (1, -1, -1)) * (1, 1, (-1, -1, 1))^-1
  HIT quotient d=5 (0, 1, (1, -1, -1)) * (2, 0, (-1, -1, -1))^-1
  HIT quotient d=5 (0, 1, (1, -1, -1)) * (2, 1, (1, -1, -1))^-1
  HIT quotient d=5 (0, 1, (-1, 1, 1)) * (-1, 0, (-1, 1, -1))^-1
  HIT quotient d=5 (0, 1, (-1, 1, 1)) * (-1, 1, (1, 1, -1))^-1
  HIT quotient d=5 (0, 1, (-1, 1, 1)) * (0, 0, (1, 1, 1))^-1
  HIT quotient d=5 (0, 1, (-1, 1, 1)) * (1, 1, (1, 1, -1))^-1
  HIT quotient d=5 (0, 1, (-1, 1, 1)) * (2, 0, (1, 1, 1))^-1
  HIT quotient d=5 (0, 1, (-1, 1, 1)) * (2, 1, (-1, 1, 1))^-1
  HIT quotient d=5 (0, 1, (-1, 1, -1)) * (-1, 0, (-1, 1, 1))^-1
  HIT quotient d=5 (0, 1, (-1, 1, -1)) * (-1, 1, (1, 1, 1))^-1
  HIT quotient d=5 (0, 1, (-1, 1, -1)) * (0, 0, (1, 1, -1))^-1
  HIT quotient d=5 (0, 1, (-1, 1, -1)) * (1, 1, (1, 1, 1))^-1
  HIT quotient d=5 (0, 1, (-1, 1, -1)) * (2, 0, (1, 1, -1))^-1
  HIT quotient d=5 (0, 1, (-1, 1, -1)) * (2, 1, (-1, 1, -1))^-1
  HIT quotient d=5 (0, 1, (-1, -1, 1)) * (-1, 0, (-1, -1, -1))^-1
  HIT quotient d=5 (0, 1, (-1, -1, 1)) * (-1, 1, (1, -1, -1))^-1
  HIT quotient d=5 (0, 1, (-1, -1, 1)) * (0, 0, (1, -1, 1))^-1
  HIT quotient d=5 (0, 1, (-1, -1, 1)) * (1, 1, (1, -1, -1))^-1
  HIT quotient d=5 (0, 1, (-1, -1, 1)) * (2, 0, (1, -1, 1))^-1
  HIT quotient d=5 (0, 1, (-1, -1, 1)) * (2, 1, (-1, -1, 1))^-1
  HIT quotient d=5 (0, 1, (-1, -1, -1)) * (-1, 0, (-1, -1, 1))^-1
  HIT quotient d=5 (0, 1, (-1, -1, -1)) * (-1, 1, (1, -1, 1))^-1
  HIT quotient d=5 (0, 1, (-1, -1, -1)) * (0, 0, (1, -1, -1))^-1
  HIT quotient d=5 (0, 1, (-1, -1, -1)) * (1, 1, (1, -1, 1))^-1
  HIT quotient d=5 (0, 1, (-1, -1, -1)) * (2, 0, (1, -1, -1))^-1
  HIT quotient d=5 (0, 1, (-1, -1, -1)) * (2, 1, (-1, -1, -1))^-1
  HIT quotient d=5 (1, 0, (1, 1, 1)) * (-1, 0, (1, 1, 1))^-1
  HIT quotient d=5 (1, 0, (1, 1, 1)) * (-1, 1, (-1, 1, 1))^-1
  HIT quotient d=5 (1, 0, (1, 1, 1)) * (0, 0, (-1, 1, -1))^-1
  HIT quotient d=5 (1, 0, (1, 1, 1)) * (1, 1, (-1, 1, 1))^-1
  HIT quotient d=5 (1, 0, (1, 1, 1)) * (2, 0, (-1, 1, -1))^-1
  HIT quotient d=5 (1, 0, (1, 1, 1)) * (2, 1, (1, 1, -1))^-1
  HIT quotient d=5 (1, 0, (1, 1, -1)) * (-1, 0, (1, 1, -1))^-1
  HIT quotient d=5 (1, 0, (1, 1, -1)) * (-1, 1, (-1, 1, -1))^-1
  HIT quotient d=5 (1, 0, (1, 1, -1)) * (0, 0, (-1, 1, 1))^-1
  HIT quotient d=5 (1, 0, (1, 1, -1)) * (1, 1, (-1, 1, -1))^-1
  HIT quotient d=5 (1, 0, (1, 1, -1)) * (2, 0, (-1, 1, 1))^-1
  HIT quotient d=5 (1, 0, (1, 1, -1)) * (2, 1, (1, 1, 1))^-1
  HIT quotient d=5 (1, 0, (1, -1, 1)) * (-1, 0, (1, -1, 1))^-1
  HIT quotient d=5 (1, 0, (1, -1, 1)) * (-1, 1, (-1, -1, 1))^-1
  HIT quotient d=5 (1, 0, (1, -1, 1)) * (0, 0, (-1, -1, -1))^-1
  HIT quotient d=5 (1, 0, (1, -1, 1)) * (1, 1, (-1, -1, 1))^-1
  HIT quotient d=5 (1, 0, (1, -1, 1)) * (2, 0, (-1, -1, -1))^-1
  HIT quotient d=5 (1, 0, (1, -1, 1)) * (2, 1, (1, -1, -1))^-1
  HIT quotient d=5 (1, 0, (1, -1, -1)) * (-1, 0, (1, -1, -1))^-1
  HIT quotient d=5 (1, 0, (1, -1, -1)) * (-1, 1, (-1, -1, -1))^-1
  HIT quotient d=5 (1, 0, (1, -1, -1)) * (0, 0, (-1, -1, 1))^-1
  HIT quotient d=5 (1, 0, (1, -1, -1)) * (1, 1, (-1, -1, -1))^-1
  HIT quotient d=5 (1, 0, (1, -1, -1)) * (2, 0, (-1, -1, 1))^-1
  HIT quotient d=5 (1, 0, (1, -1, -1)) * (2, 1, (1, -1, 1))^-1
  HIT quotient d=5 (1, 0, (-1, 1, 1)) * (-1, 0, (-1, 1, 1))^-1
  HIT quotient d=5 (1, 0, (-1, 1, 1)) * (-1, 1, (1, 1, 1))^-1
  HIT quotient d=5 (1, 0, (-1, 1, 1)) * (0, 0, (1, 1, -1))^-1
  HIT quotient d=5 (1, 0, (-1, 1, 1)) * (1, 1, (1, 1, 1))^-1
  HIT quotient d=5 (1, 0, (-1, 1, 1)) * (2, 0, (1, 1, -1))^-1
  HIT quotient d=5 (1, 0, (-1, 1, 1)) * (2, 1, (-1, 1, -1))^-1
  HIT quotient d=5 (1, 0, (-1, 1, -1)) * (-1, 0, (-1, 1, -1))^-1
  HIT quotient d=5 (1, 0, (-1, 1, -1)) * (-1, 1, (1, 1, -1))^-1
  HIT quotient d=5 (1, 0, (-1, 1, -1)) * (0, 0, (1, 1, 1))^-1
  HIT quotient d=5 (1, 0, (-1, 1, -1)) * (1, 1, (1, 1, -1))^-1
  HIT quotient d=5 (1, 0, (-1, 1, -1)) * (2, 0, (1, 1, 1))^-1
  HIT quotient d=5 (1, 0, (-1, 1, -1)) * (2, 1, (-1, 1, 1))^-1
  HIT quotient d=5 (1, 0, (-1, -1, 1)) * (-1, 0, (-1, -1, 1))^-1
  HIT quotient d=5 (1, 0, (-1, -1, 1)) * (-1, 1, (1, -1, 1))^-1
  HIT quotient d=5 (1, 0, (-1, -1, 1)) * (0, 0, (1, -1, -1))^-1
  HIT quotient d=5 (1, 0, (-1, -1, 1)) * (1, 1, (1, -1, 1))^-1
  HIT quotient d=5 (1, 0, (-1, -1, 1)) * (2, 0, (1, -1, -1))^-1
  HIT quotient d=5 (1, 0, (-1, -1, 1)) * (2, 1, (-1, -1, -1))^-1
  HIT quotient d=5 (1, 0, (-1, -1, -1)) * (-1, 0, (-1, -1, -1))^-1
  HIT quotient d=5 (1, 0, (-1, -1, -1)) * (-1, 1, (1, -1, -1))^-1
  HIT quotient d=5 (1, 0, (-1, -1, -1)) * (0, 0, (1, -1, 1))^-1
  HIT quotient d=5 (1, 0, (-1, -1, -1)) * (1, 1, (1, -1, -1))^-1
  HIT quotient d=5 (1, 0, (-1, -1, -1)) * (2, 0, (1, -1, 1))^-1
  HIT quotient d=5 (1, 0, (-1, -1, -1)) * (2, 1, (-1, -1, 1))^-1
  HIT quotient d=5 (1, 1, (1, 1, 1)) * (-1, 0, (-1, 1, 1))^-1
  HIT quotient d=5 (1, 1, (1, 1, 1)) * (-1, 1, (1, 1, 1))^-1
  HIT quotient d=5 (1, 1, (1, 1, 1)) * (0, 1, (-1, 1, -1))^-1
  HIT quotient d=5 (1, 1, (1, 1, 1)) * (1, 0, (-1, 1, 1))^-1
  HIT quotient d=5 (1, 1, (1, 1, 1)) * (2, 0, (1, 1, -1))^-1
  HIT quotient d=5 (1, 1, (1, 1, 1)) * (2, 1, (-1, 1, -1))^-1
  HIT quotient d=5 (1, 1, (1, 1, -1)) * (-1, 0, (-1, 1, -1))^-1
  HIT quotient d=5 (1, 1, (1, 1, -1)) * (-1, 1, (1, 1, -1))^-1
  HIT quotient d=5 (1, 1, (1, 1, -1)) * (0, 1, (-1, 1, 1))^-1
  HIT quotient d=5 (1, 1, (1, 1, -1)) * (1, 0, (-1, 1, -1))^-1
  HIT quotient d=5 (1, 1, (1, 1, -1)) * (2, 0, (1, 1, 1))^-1
  HIT quotient d=5 (1, 1, (1, 1, -1)) * (2, 1, (-1, 1, 1))^-1
  HIT quotient d=5 (1, 1, (1, -1, 1)) * (-1, 0, (-1, -1, 1))^-1
  HIT quotient d=5 (1, 1, (1, -1, 1)) * (-1, 1, (1, -1, 1))^-1
  HIT quotient d=5 (1, 1, (1, -1, 1)) * (0, 1, (-1, -1, -1))^-1
  HIT quotient d=5 (1, 1, (1, -1, 1)) * (1, 0, (-1, -1, 1))^-1
  HIT quotient d=5 (1, 1, (1, -1, 1)) * (2, 0, (1, -1, -1))^-1
  HIT quotient d=5 (1, 1, (1, -1, 1)) * (2, 1, (-1, -1, -1))^-1
  HIT quotient d=5 (1, 1, (1, -1, -1)) * (-1, 0, (-1, -1, -1))^-1
  HIT quotient d=5 (1, 1, (1, -1, -1)) * (-1, 1, (1, -1, -1))^-1
  HIT quotient d=5 (1, 1, (1, -1, -1)) * (0, 1, (-1, -1, 1))^-1
  HIT quotient d=5 (1, 1, (1, -1, -1)) * (1, 0, (-1, -1, -1))^-1
  HIT quotient d=5 (1, 1, (1, -1, -1)) * (2, 0, (1, -1, 1))^-1
  HIT quotient d=5 (1, 1, (1, -1, -1)) * (2, 1, (-1, -1, 1))^-1
  HIT quotient d=5 (1, 1, (-1, 1, 1)) * (-1, 0, (1, 1, 1))^-1
  HIT quotient d=5 (1, 1, (-1, 1, 1)) * (-1, 1, (-1, 1, 1))^-1
  HIT quotient d=5 (1, 1, (-1, 1, 1)) * (0, 1, (1, 1, -1))^-1
  HIT quotient d=5 (1, 1, (-1, 1, 1)) * (1, 0, (1, 1, 1))^-1
  HIT quotient d=5 (1, 1, (-1, 1, 1)) * (2, 0, (-1, 1, -1))^-1
  HIT quotient d=5 (1, 1, (-1, 1, 1)) * (2, 1, (1, 1, -1))^-1
  HIT quotient d=5 (1, 1, (-1, 1, -1)) * (-1, 0, (1, 1, -1))^-1
  HIT quotient d=5 (1, 1, (-1, 1, -1)) * (-1, 1, (-1, 1, -1))^-1
  HIT quotient d=5 (1, 1, (-1, 1, -1)) * (0, 1, (1, 1, 1))^-1
  HIT quotient d=5 (1, 1, (-1, 1, -1)) * (1, 0, (1, 1, -1))^-1
  HIT quotient d=5 (1, 1, (-1, 1, -1)) * (2, 0, (-1, 1, 1))^-1
  HIT quotient d=5 (1, 1, (-1, 1, -1)) * (2, 1, (1, 1, 1))^-1
  HIT quotient d=5 (1, 1, (-1, -1, 1)) * (-1, 0, (1, -1, 1))^-1
  HIT quotient d=5 (1, 1, (-1, -1, 1)) * (-1, 1, (-1, -1, 1))^-1
  HIT quotient d=5 (1, 1, (-1, -1, 1)) * (0, 1, (1, -1, -1))^-1
  HIT quotient d=5 (1, 1, (-1, -1, 1)) * (1, 0, (1, -1, 1))^-1
  HIT quotient d=5 (1, 1, (-1, -1, 1)) * (2, 0, (-1, -1, -1))^-1
  HIT quotient d=5 (1, 1, (-1, -1, 1)) * (2, 1, (1, -1, -1))^-1
  HIT quotient d=5 (1, 1, (-1, -1, -1)) * (-1, 0, (1, -1, -1))^-1
  HIT quotient d=5 (1, 1, (-1, -1, -1)) * (-1, 1, (-1, -1, -1))^-1
  HIT quotient d=5 (1, 1, (-1, -1, -1)) * (0, 1, (1, -1, 1))^-1
  HIT quotient d=5 (1, 1, (-1, -1, -1)) * (1, 0, (1, -1, -1))^-1
  HIT quotient d=5 (1, 1, (-1, -1, -1)) * (2, 0, (-1, -1, 1))^-1
  HIT quotient d=5 (1, 1, (-1, -1, -1)) * (2, 1, (1, -1, 1))^-1
  HIT quotient d=5 (2, 0, (1, 1, 1)) * (-1, 0, (-1, 1, -1))^-1
  HIT quotient d=5 (2, 0, (1, 1, 1)) * (0, 0, (1, 1, 1))^-1
  HIT quotient d=5 (2, 0, (1, 1, 1)) * (0, 1, (-1, 1, 1))^-1
  HIT quotient d=5 (2, 0, (1, 1, 1)) * (1, 0, (-1, 1, -1))^-1
  HIT quotient d=5 (2, 0, (1, 1, 1)) * (1, 1, (1, 1, -1))^-1
  HIT quotient d=5 (2, 0, (1, 1, 1)) * (2, 1, (-1, 1, 1))^-1
  HIT quotient d=5 (2, 0, (1, 1, -1)) * (-1, 0, (-1, 1, 1))^-1
  HIT quotient d=5 (2, 0, (1, 1, -1)) * (0, 0, (1, 1, -1))^-1
  HIT quotient d=5 (2, 0, (1, 1, -1)) * (0, 1, (-1, 1, -1))^-1
  HIT quotient d=5 (2, 0, (1, 1, -1)) * (1, 0, (-1, 1, 1))^-1
  HIT quotient d=5 (2, 0, (1, 1, -1)) * (1, 1, (1, 1, 1))^-1
  HIT quotient d=5 (2, 0, (1, 1, -1)) * (2, 1, (-1, 1, -1))^-1
  HIT quotient d=5 (2, 0, (1, -1, 1)) * (-1, 0, (-1, -1, -1))^-1
  HIT quotient d=5 (2, 0, (1, -1, 1)) * (0, 0, (1, -1, 1))^-1
  HIT quotient d=5 (2, 0, (1, -1, 1)) * (0, 1, (-1, -1, 1))^-1
  HIT quotient d=5 (2, 0, (1, -1, 1)) * (1, 0, (-1, -1, -1))^-1
  HIT quotient d=5 (2, 0, (1, -1, 1)) * (1, 1, (1, -1, -1))^-1
  HIT quotient d=5 (2, 0, (1, -1, 1)) * (2, 1, (-1, -1, 1))^-1
  HIT quotient d=5 (2, 0, (1, -1, -1)) * (-1, 0, (-1, -1, 1))^-1
  HIT quotient d=5 (2, 0, (1, -1, -1)) * (0, 0, (1, -1, -1))^-1
  HIT quotient d=5 (2, 0, (1, -1, -1)) * (0, 1, (-1, -1, -1))^-1
  HIT quotient d=5 (2, 0, (1, -1, -1)) * (1, 0, (-1, -1, 1))^-1
  HIT quotient d=5 (2, 0, (1, -1, -1)) * (1, 1, (1, -1, 1))^-1
  HIT quotient d=5 (2, 0, (1, -1, -1)) * (2, 1, (-1, -1, -1))^-1
  HIT quotient d=5 (2, 0, (-1, 1, 1)) * (-1, 0, (1, 1, -1))^-1
  HIT quotient d=5 (2, 0, (-1, 1, 1)) * (0, 0, (-1, 1, 1))^-1
  HIT quotient d=5 (2, 0, (-1, 1, 1)) * (0, 1, (1, 1, 1))^-1
  HIT quotient d=5 (2, 0, (-1, 1, 1)) * (1, 0, (1, 1, -1))^-1
  HIT quotient d=5 (2, 0, (-1, 1, 1)) * (1, 1, (-1, 1, -1))^-1
  HIT quotient d=5 (2, 0, (-1, 1, 1)) * (2, 1, (1, 1, 1))^-1
  HIT quotient d=5 (2, 0, (-1, 1, -1)) * (-1, 0, (1, 1, 1))^-1
  HIT quotient d=5 (2, 0, (-1, 1, -1)) * (0, 0, (-1, 1, -1))^-1
  HIT quotient d=5 (2, 0, (-1, 1, -1)) * (0, 1, (1, 1, -1))^-1
  HIT quotient d=5 (2, 0, (-1, 1, -1)) * (1, 0, (1, 1, 1))^-1
  HIT quotient d=5 (2, 0, (-1, 1, -1)) * (1, 1, (-1, 1, 1))^-1
  HIT quotient d=5 (2, 0, (-1, 1, -1)) * (2, 1, (1, 1, -1))^-1
  HIT quotient d=5 (2, 0, (-1, -1, 1)) * (-1, 0, (1, -1, -1))^-1
  HIT quotient d=5 (2, 0, (-1, -1, 1)) * (0, 0, (-1, -1, 1))^-1
  HIT quotient d=5 (2, 0, (-1, -1, 1)) * (0, 1, (1, -1, 1))^-1
  HIT quotient d=5 (2, 0, (-1, -1, 1)) * (1, 0, (1, -1, -1))^-1
  HIT quotient d=5 (2, 0, (-1, -1, 1)) * (1, 1, (-1, -1, -1))^-1
  HIT quotient d=5 (2, 0, (-1, -1, 1)) * (2, 1, (1, -1, 1))^-1
  HIT quotient d=5 (2, 0, (-1, -1, -1)) * (-1, 0, (1, -1, 1))^-1
  HIT quotient d=5 (2, 0, (-1, -1, -1)) * (0, 0, (-1, -1, -1))^-1
  HIT quotient d=5 (2, 0, (-1, -1, -1)) * (0, 1, (1, -1, -1))^-1
  HIT quotient d=5 (2, 0, (-1, -1, -1)) * (1, 0, (1, -1, 1))^-1
  HIT quotient d=5 (2, 0, (-1, -1, -1)) * (1, 1, (-1, -1, 1))^-1
  HIT quotient d=5 (2, 0, (-1, -1, -1)) * (2, 1, (1, -1, -1))^-1
  HIT quotient d=5 (2, 1, (1, 1, 1)) * (-1, 1, (-1, 1, -1))^-1
  HIT quotient d=5 (2, 1, (1, 1, 1)) * (0, 0, (-1, 1, 1))^-1
  HIT quotient d=5 (2, 1, (1, 1, 1)) * (0, 1, (1, 1, 1))^-1
  HIT quotient d=5 (2, 1, (1, 1, 1)) * (1, 0, (1, 1, -1))^-1
  HIT quotient d=5 (2, 1, (1, 1, 1)) * (1, 1, (-1, 1, -1))^-1
  HIT quotient d=5 (2, 1, (1, 1, 1)) * (2, 0, (-1, 1, 1))^-1
  HIT quotient d=5 (2, 1, (1, 1, -1)) * (-1, 1, (-1, 1, 1))^-1
  HIT quotient d=5 (2, 1, (1, 1, -1)) * (0, 0, (-1, 1, -1))^-1
  HIT quotient d=5 (2, 1, (1, 1, -1)) * (0, 1, (1, 1, -1))^-1
  HIT quotient d=5 (2, 1, (1, 1, -1)) * (1, 0, (1, 1, 1))^-1
  HIT quotient d=5 (2, 1, (1, 1, -1)) * (1, 1, (-1, 1, 1))^-1
  HIT quotient d=5 (2, 1, (1, 1, -1)) * (2, 0, (-1, 1, -1))^-1
  HIT quotient d=5 (2, 1, (1, -1, 1)) * (-1, 1, (-1, -1, -1))^-1
  HIT quotient d=5 (2, 1, (1, -1, 1)) * (0, 0, (-1, -1, 1))^-1
  HIT quotient d=5 (2, 1, (1, -1, 1)) * (0, 1, (1, -1, 1))^-1
  HIT quotient d=5 (2, 1, (1, -1, 1)) * (1, 0, (1, -1, -1))^-1
  HIT quotient d=5 (2, 1, (1, -1, 1)) * (1, 1, (-1, -1, -1))^-1
  HIT quotient d=5 (2, 1, (1, -1, 1)) * (2, 0, (-1, -1, 1))^-1
  HIT quotient d=5 (2, 1, (1, -1, -1)) * (-1, 1, (-1, -1, 1))^-1
  HIT quotient d=5 (2, 1, (1, -1, -1)) * (0, 0, (-1, -1, -1))^-1
  HIT quotient d=5 (2, 1, (1, -1, -1)) * (0, 1, (1, -1, -1))^-1
  HIT quotient d=5 (2, 1, (1, -1, -1)) * (1, 0, (1, -1, 1))^-1
  HIT quotient d=5 (2, 1, (1, -1, -1)) * (1, 1, (-1, -1, 1))^-1
  HIT quotient d=5 (2, 1, (1, -1, -1)) * (2, 0, (-1, -1, -1))^-1
  HIT quotient d=5 (2, 1, (-1, 1, 1)) * (-1, 1, (1, 1, -1))^-1
  HIT quotient d=5 (2, 1, (-1, 1, 1)) * (0, 0, (1, 1, 1))^-1
  HIT quotient d=5 (2, 1, (-1, 1, 1)) * (0, 1, (-1, 1, 1))^-1
  HIT quotient d=5 (2, 1, (-1, 1, 1)) * (1, 0, (-1, 1, -1))^-1
  HIT quotient d=5 (2, 1, (-1, 1, 1)) * (1, 1, (1, 1, -1))^-1
  HIT quotient d=5 (2, 1, (-1, 1, 1)) * (2, 0, (1, 1, 1))^-1
  HIT quotient d=5 (2, 1, (-1, 1, -1)) * (-1, 1, (1, 1, 1))^-1
  HIT quotient d=5 (2, 1, (-1, 1, -1)) * (0, 0, (1, 1, -1))^-1
  HIT quotient d=5 (2, 1, (-1, 1, -1)) * (0, 1, (-1, 1, -1))^-1
  HIT quotient d=5 (2, 1, (-1, 1, -1)) * (1, 0, (-1, 1, 1))^-1
  HIT quotient d=5 (2, 1, (-1, 1, -1)) * (1, 1, (1, 1, 1))^-1
  HIT quotient d=5 (2, 1, (-1, 1, -1)) * (2, 0, (1, 1, -1))^-1
  HIT quotient d=5 (2, 1, (-1, -1, 1)) * (-1, 1, (1, -1, -1))^-1
  HIT quotient d=5 (2, 1, (-1, -1, 1)) * (0, 0, (1, -1, 1))^-1
  HIT quotient d=5 (2, 1, (-1, -1, 1)) * (0, 1, (-1, -1, 1))^-1
  HIT quotient d=5 (2, 1, (-1, -1, 1)) * (1, 0, (-1, -1, -1))^-1
  HIT quotient d=5 (2, 1, (-1, -1, 1)) * (1, 1, (1, -1, -1))^-1
  HIT quotient d=5 (2, 1, (-1, -1, 1)) * (2, 0, (1, -1, 1))^-1
  HIT quotient d=5 (2, 1, (-1, -1, -1)) * (-1, 1, (1, -1, 1))^-1
  HIT quotient d=5 (2, 1, (-1, -1, -1)) * (0, 0, (1, -1, -1))^-1
  HIT quotient d=5 (2, 1, (-1, -1, -1)) * (0, 1, (-1, -1, -1))^-1
  HIT quotient d=5 (2, 1, (-1, -1, -1)) * (1, 0, (-1, -1, 1))^-1
  HIT quotient d=5 (2, 1, (-1, -1, -1)) * (1, 1, (1, -1, 1))^-1
  HIT quotient d=5 (2, 1, (-1, -1, -1)) * (2, 0, (1, -1, -1))^-1
  HIT commutator d=5 (t,w)=(-1, 0) g=z
  HIT commutator d=5 (t,w)=(-1, 1) g=z
  HIT commutator d=5 (t,w)=(0, 0) g=z
  HIT commutator d=5 (t,w)=(0, 1) g=z
  HIT commutator d=5 (t,w)=(1, 0) g=z
  HIT commutator d=5 (t,w)=(1, 1) g=z
  HIT commutator d=5 (t,w)=(2, 0) g=z
  HIT commutator d=5 (t,w)=(2, 1) g=z
d=5: 4032 ordered quotient pairs, 384 hits; 48 commutators, 8 hits
  HIT quotient d=7 (-1, 0, (1, 1, 1)) * (-1, 1, (-1, 1, 1))^-1
  HIT quotient d=7 (-1, 0, (1, 1, 1)) * (0, 0, (-1, 1, -1))^-1
  HIT quotient d=7 (-1, 0, (1, 1, 1)) * (0, 1, (1, 1, -1))^-1
  HIT quotient d=7 (-1, 0, (1, 1, 1)) * (1, 0, (1, 1, 1))^-1
  HIT quotient d=7 (-1, 0, (1, 1, 1)) * (1, 1, (-1, 1, 1))^-1
  HIT quotient d=7 (-1, 0, (1, 1, 1)) * (2, 0, (-1, 1, -1))^-1
  HIT quotient d=7 (-1, 0, (1, 1, -1)) * (-1, 1, (-1, 1, -1))^-1
  HIT quotient d=7 (-1, 0, (1, 1, -1)) * (0, 0, (-1, 1, 1))^-1
  HIT quotient d=7 (-1, 0, (1, 1, -1)) * (0, 1, (1, 1, 1))^-1
  HIT quotient d=7 (-1, 0, (1, 1, -1)) * (1, 0, (1, 1, -1))^-1
  HIT quotient d=7 (-1, 0, (1, 1, -1)) * (1, 1, (-1, 1, -1))^-1
  HIT quotient d=7 (-1, 0, (1, 1, -1)) * (2, 0, (-1, 1, 1))^-1
  HIT quotient d=7 (-1, 0, (1, -1, 1)) * (-1, 1, (-1, -1, 1))^-1
  HIT quotient d=7 (-1, 0, (1, -1, 1)) * (0, 0, (-1, -1, -1))^-1
  HIT quotient d=7 (-1, 0, (1, -1, 1)) * (0, 1, (1, -1, -1))^-1
  HIT quotient d=7 (-1, 0, (1, -1, 1)) * (1, 0, (1, -1, 1))^-1
  HIT quotient d=7 (-1, 0, (1, -1, 1)) * (1, 1, (-1, -1, 1))^-1
  HIT quotient d=7 (-1, 0, (1, -1, 1)) * (2, 0, (-1, -1, -1))^-1
  HIT quotient d=7 (-1, 0, (1, -1, -1)) * (-1, 1, (-1, -1, -1))^-1
  HIT quotient d=7 (-1, 0, (1, -1, -1)) * (0, 0, (-1, -1, 1))^-1
  HIT quotient d=7 (-1, 0, (1, -1, -1)) * (0, 1, (1, -1, 1))^-1
  HIT quotient d=7 (-1, 0, (1, -1, -1)) * (1, 0, (1, -1, -1))^-1
  HIT quotient d=7 (-1, 0, (1, -1, -1)) * (1, 1, (-1, -1, -1))^-1
  HIT quotient d=7 (-1, 0, (1, -1, -1)) * (2, 0, (-1, -1, 1))^-1
  HIT quotient d=7 (-1, 0, (-1, 1, 1)) * (-1, 1, (1, 1, 1))^-1
  HIT quotient d=7 (-1, 0, (-1, 1, 1)) * (0, 0, (1, 1, -1))^-1
  HIT quotient d=7 (-1, 0, (-1, 1, 1)) * (0, 1, (-1, 1, -1))^-1
  HIT quotient d=7 (-1, 0, (-1, 1, 1)) * (1, 0, (-1, 1, 1))^-1
  HIT quotient d=7 (-1, 0, (-1, 1, 1)) * (1, 1, (1, 1, 1))^-1
  HIT quotient d=7 (-1, 0, (-1, 1, 1)) * (2, 0, (1, 1, -1))^-1
  HIT quotient d=7 (-1, 0, (-1, 1, -1)) * (-1, 1, (1, 1, -1))^-1
  HIT quotient d=7 (-1, 0, (-1, 1, -1)) * (0, 0, (1, 1, 1))^-1
  HIT quotient d=7 (-1, 0, (-1, 1, -1)) * (0, 1, (-1, 1, 1))^-1
  HIT quotient d=7 (-1, 0, (-1, 1, -1)) * (1, 0, (-1, 1, -1))^-1
  HIT quotient d=7 (-1, 0, (-1, 1, -1)) * (1, 1, (1, 1, -1))^-1
  HIT quotient d=7 (-1, 0, (-1, 1, -1)) * (2, 0, (1, 1, 1))^-1
  HIT quotient d=7 (-1, 0, (-1, -1, 1)) * (-1, 1, (1, -1, 1))^-1
  HIT quotient d=7 (-1, 0, (-1, -1, 1)) * (0, 0, (1, -1, -1))^-1
  HIT quotient d=7 (-1, 0, (-1, -1, 1)) * (0, 1, (-1, -1, -1))^-1
  HIT quotient d=7 (-1, 0, (-1, -1, 1)) * (1, 0, (-1, -1, 1))^-1
  HIT quotient d=7 (-1, 0, (-1, -1, 1)) * (1, 1, (1, -1, 1))^-1
  HIT quotient d=7 (-1, 0, (-1, -1, 1)) * (2, 0, (1, -1, -1))^-1
  HIT quotient d=7 (-1, 0, (-1, -1, -1)) * (-1, 1, (1, -1, -1))^-1
  HIT quotient d=7 (-1, 0, (-1, -1, -1)) * (0, 0, (1, -1, 1))^-1
  HIT quotient d=7 (-1, 0, (-1, -1, -1)) * (0, 1, (-1, -1, 1))^-1
  HIT quotient d=7 (-1, 0, (-1, -1, -1)) * (1, 0, (-1, -1, -1))^-1
  HIT quotient d=7 (-1, 0, (-1, -1, -1)) * (1, 1, (1, -1, -1))^-1
  HIT quotient d=7 (-1, 0, (-1, -1, -1)) * (2, 0, (1, -1, 1))^-1
  HIT quotient d=7 (-1, 1, (1, 1, 1)) * (-1, 0, (-1, 1, 1))^-1
  HIT quotient d=7 (-1, 1, (1, 1, 1)) * (0, 0, (1, 1, -1))^-1
  HIT quotient d=7 (-1, 1, (1, 1, 1)) * (0, 1, (-1, 1, -1))^-1
  HIT quotient d=7 (-1, 1, (1, 1, 1)) * (1, 0, (-1, 1, 1))^-1
  HIT quotient d=7 (-1, 1, (1, 1, 1)) * (1, 1, (1, 1, 1))^-1
  HIT quotient d=7 (-1, 1, (1, 1, 1)) * (2, 1, (-1, 1, -1))^-1
  HIT quotient d=7 (-1, 1, (1, 1, -1)) * (-1, 0, (-1, 1, -1))^-1
  HIT quotient d=7 (-1, 1, (1, 1, -1)) * (0, 0, (1, 1, 1))^-1
  HIT quotient d=7 (-1, 1, (1, 1, -1)) * (0, 1, (-1, 1, 1))^-1
  HIT quotient d=7 (-1, 1, (1, 1, -1)) * (1, 0, (-1, 1, -1))^-1
  HIT quotient d=7 (-1, 1, (1, 1, -1)) * (1, 1, (1, 1, -1))^-1
  HIT quotient d=7 (-1, 1, (1, 1, -1)) * (2, 1, (-1, 1, 1))^-1
  HIT quotient d=7 (-1, 1, (1, -1, 1)) * (-1, 0, (-1, -1, 1))^-1
  HIT quotient d=7 (-1, 1, (1, -1, 1)) * (0, 0, (1, -1, -1))^-1
  HIT quotient d=7 (-1, 1, (1, -1, 1)) * (0, 1, (-1, -1, -1))^-1
  HIT quotient d=7 (-1, 1, (1, -1, 1)) * (1, 0, (-1, -1, 1))^-1
  HIT quotient d=7 (-1, 1, (1, -1, 1)) * (1, 1, (1, -1, 1))^-1
  HIT quotient d=7 (-1, 1, (1, -1, 1)) * (2, 1, (-1, -1, -1))^-1
  HIT quotient d=7 (-1, 1, (1, -1, -1)) * (-1, 0, (-1, -1, -1))^-1
  HIT quotient d=7 (-1, 1, (1, -1, -1)) * (0, 0, (1, -1, 1))^-1
  HIT quotient d=7 (-1, 1, (1, -1, -1)) * (0, 1, (-1, -1, 1))^-1
  HIT quotient d=7 (-1, 1, (1, -1, -1)) * (1, 0, (-1, -1, -1))^-1
  HIT quotient d=7 (-1, 1, (1, -1, -1)) * (1, 1, (1, -1, -1))^-1
  HIT quotient d=7 (-1, 1, (1, -1, -1)) * (2, 1, (-1, -1, 1))^-1
  HIT quotient d=7 (-1, 1, (-1, 1, 1)) * (-1, 0, (1, 1, 1))^-1
  HIT quotient d=7 (-1, 1, (-1, 1, 1)) * (0, 0, (-1, 1, -1))^-1
  HIT quotient d=7 (-1, 1, (-1, 1, 1)) * (0, 1, (1, 1, -1))^-1
  HIT quotient d=7 (-1, 1, (-1, 1, 1)) * (1, 0, (1, 1, 1))^-1
  HIT quotient d=7 (-1, 1, (-1, 1, 1)) * (1, 1, (-1, 1, 1))^-1
  HIT quotient d=7 (-1, 1, (-1, 1, 1)) * (2, 1, (1, 1, -1))^-1
  HIT quotient d=7 (-1, 1, (-1, 1, -1)) * (-1, 0, (1, 1, -1))^-1
  HIT quotient d=7 (-1, 1, (-1, 1, -1)) * (0, 0, (-1, 1, 1))^-1
  HIT quotient d=7 (-1, 1, (-1, 1, -1)) * (0, 1, (1, 1, 1))^-1
  HIT quotient d=7 (-1, 1, (-1, 1, -1)) * (1, 0, (1, 1, -1))^-1
  HIT quotient d=7 (-1, 1, (-1, 1, -1)) * (1, 1, (-1, 1, -1))^-1
  HIT quotient d=7 (-1, 1, (-1, 1, -1)) * (2, 1, (1, 1, 1))^-1
  HIT quotient d=7 (-1, 1, (-1, -1, 1)) * (-1, 0, (1, -1, 1))^-1
  HIT quotient d=7 (-1, 1, (-1, -1, 1)) * (0, 0, (-1, -1, -1))^-1
  HIT quotient d=7 (-1, 1, (-1, -1, 1)) * (0, 1, (1, -1, -1))^-1
  HIT quotient d=7 (-1, 1, (-1, -1, 1)) * (1, 0, (1, -1, 1))^-1
  HIT quotient d=7 (-1, 1, (-1, -1, 1)) * (1, 1, (-1, -1, 1))^-1
  HIT quotient d=7 (-1, 1, (-1, -1, 1)) * (2, 1, (1, -1, -1))^-1
  HIT quotient d=7 (-1, 1, (-1, -1, -1)) * (-1, 0, (1, -1, -1))^-1
  HIT quotient d=7 (-1, 1, (-1, -1, -1)) * (0, 0, (-1, -1, 1))^-1
  HIT quotient d=7 (-1, 1, (-1, -1, -1)) * (0, 1, (1, -1, 1))^-1
  HIT quotient d=7 (-1, 1, (-1, -1, -1)) * (1, 0, (1, -1, -1))^-1
  HIT quotient d=7 (-1, 1, (-1, -1, -1)) * (1, 1, (-1, -1, -1))^-1
  HIT quotient d=7 (-1, 1, (-1, -1, -1)) * (2, 1, (1, -1, 1))^-1
  HIT quotient d=7 (0, 0, (1, 1, 1)) * (-1, 0, (-1, 1, -1))^-1
  HIT quotient d=7 (0, 0, (1, 1, 1)) * (-1, 1, (1, 1, -1))^-1
  HIT quotient d=7 (0, 0, (1, 1, 1)) * (0, 1, (-1, 1, 1))^-1
  HIT quotient d=7 (0, 0, (1, 1, 1)) * (1, 0, (-1, 1, -1))^-1
  HIT quotient d=7 (0, 0, (1, 1, 1)) * (2, 0, (1, 1, 1))^-1
  HIT quotient d=7 (0, 0, (1, 1, 1)) * (2, 1, (-1, 1, 1))^-1
  HIT quotient d=7 (0, 0, (1, 1, -1)) * (-1, 0, (-1, 1, 1))^-1
  HIT quotient d=7 (0, 0, (1, 1, -1)) * (-1, 1, (1, 1, 1))^-1
  HIT quotient d=7 (0, 0, (1, 1, -1)) * (0, 1, (-1, 1, -1))^-1
  HIT quotient d=7 (0, 0, (1, 1, -1)) * (1, 0, (-1, 1, 1))^-1
  HIT quotient d=7 (0, 0, (1, 1, -1)) * (2, 0, (1, 1, -1))^-1
  HIT quotient d=7 (0, 0, (1, 1, -1)) * (2, 1, (-1, 1, -1))^-1
  HIT quotient d=7 (0, 0, (1, -1, 1)) * (-1, 0, (-1, -1, -1))^-1
  HIT quotient d=7 (0, 0, (1, -1, 1)) * (-1, 1, (1, -1, -1))^-1
  HIT quotient d=7 (0, 0, (1, -1, 1)) * (0, 1, (-1, -1, 1))^-1
  HIT quotient d=7 (0, 0, (1, -1, 1)) * (1, 0, (-1, -1, -1))^-1
  HIT quotient d=7 (0, 0, (1, -1, 1)) * (2, 0, (1, -1, 1))^-1
  HIT quotient d=7 (0, 0, (1, -1, 1)) * (2, 1, (-1, -1, 1))^-1
  HIT quotient d=7 (0, 0, (1, -1, -1)) * (-1, 0, (-1, -1, 1))^-1
  HIT quotient d=7 (0, 0, (1, -1, -1)) * (-1, 1, (1, -1, 1))^-1
  HIT quotient d=7 (0, 0, (1, -1, -1)) * (0, 1, (-1, -1, -1))^-1
  HIT quotient d=7 (0, 0, (1, -1, -1)) * (1, 0, (-1, -1, 1))^-1
  HIT quotient d=7 (0, 0, (1, -1, -1)) * (2, 0, (1, -1, -1))^-1
  HIT quotient d=7 (0, 0, (1, -1, -1)) * (2, 1, (-1, -1, -1))^-1
  HIT quotient d=7 (0, 0, (-1, 1, 1)) * (-1, 0, (1, 1, -1))^-1
  HIT quotient d=7 (0, 0, (-1, 1, 1)) * (-1, 1, (-1, 1, -1))^-1
  HIT quotient d=7 (0, 0, (-1, 1, 1)) * (0, 1, (1, 1, 1))^-1
  HIT quotient d=7 (0, 0, (-1, 1, 1)) * (1, 0, (1, 1, -1))^-1
  HIT quotient d=7 (0, 0, (-1, 1, 1)) * (2, 0, (-1, 1, 1))^-1
  HIT quotient d=7 (0, 0, (-1, 1, 1)) * (2, 1, (1, 1, 1))^-1
  HIT quotient d=7 (0, 0, (-1, 1, -1)) * (-1, 0, (1, 1, 1))^-1
  HIT quotient d=7 (0, 0, (-1, 1, -1)) * (-1, 1, (-1, 1, 1))^-1
  HIT quotient d=7 (0, 0, (-1, 1, -1)) * (0, 1, (1, 1, -1))^-1
  HIT quotient d=7 (0, 0, (-1, 1, -1)) * (1, 0, (1, 1, 1))^-1
  HIT quotient d=7 (0, 0, (-1, 1, -1)) * (2, 0, (-1, 1, -1))^-1
  HIT quotient d=7 (0, 0, (-1, 1, -1)) * (2, 1, (1, 1, -1))^-1
  HIT quotient d=7 (0, 0, (-1, -1, 1)) * (-1, 0, (1, -1, -1))^-1
  HIT quotient d=7 (0, 0, (-1, -1, 1)) * (-1, 1, (-1, -1, -1))^-1
  HIT quotient d=7 (0, 0, (-1, -1, 1)) * (0, 1, (1, -1, 1))^-1
  HIT quotient d=7 (0, 0, (-1, -1, 1)) * (1, 0, (1, -1, -1))^-1
  HIT quotient d=7 (0, 0, (-1, -1, 1)) * (2, 0, (-1, -1, 1))^-1
  HIT quotient d=7 (0, 0, (-1, -1, 1)) * (2, 1, (1, -1, 1))^-1
  HIT quotient d=7 (0, 0, (-1, -1, -1)) * (-1, 0, (1, -1, 1))^-1
  HIT quotient d=7 (0, 0, (-1, -1, -1)) * (-1, 1, (-1, -1, 1))^-1
  HIT quotient d=7 (0, 0, (-1, -1, -1)) * (0, 1, (1, -1, -1))^-1
  HIT quotient d=7 (0, 0, (-1, -1, -1)) * (1, 0, (1, -1, 1))^-1
  HIT quotient d=7 (0, 0, (-1, -1, -1)) * (2, 0, (-1, -1, -1))^-1
  HIT quotient d=7 (0, 0, (-1, -1, -1)) * (2, 1, (1, -1, -1))^-1
  HIT quotient d=7 (0, 1, (1, 1, 1)) * (-1, 0, (1, 1, -1))^-1
  HIT quotient d=7 (0, 1, (1, 1, 1)) * (-1, 1, (-1, 1, -1))^-1
  HIT quotient d=7 (0, 1, (1, 1, 1)) * (0, 0, (-1, 1, 1))^-1
  HIT quotient d=7 (0, 1, (1, 1, 1)) * (1, 1, (-1, 1, -1))^-1
  HIT quotient d=7 (0, 1, (1, 1, 1)) * (2, 0, (-1, 1, 1))^-1
  HIT quotient d=7 (0, 1, (1, 1, 1)) * (2, 1, (1, 1, 1))^-1
  HIT quotient d=7 (0, 1, (1, 1, -1)) * (-1, 0, (1, 1, 1))^-1
  HIT quotient d=7 (0, 1, (1, 1, -1)) * (-1, 1, (-1, 1, 1))^-1
  HIT quotient d=7 (0, 1, (1, 1, -1)) * (0, 0, (-1, 1, -1))^-1
  HIT quotient d=7 (0, 1, (1, 1, -1)) * (1, 1, (-1, 1, 1))^-1
  HIT quotient d=7 (0, 1, (1, 1, -1)) * (2, 0, (-1, 1, -1))^-1
  HIT quotient d=7 (0, 1, (1, 1, -1)) * (2, 1, (1, 1, -1))^-1
  HIT quotient d=7 (0, 1, (1, -1, 1)) * (-1, 0, (1, -1, -1))^-1
  HIT quotient d=7 (0, 1, (1, -1, 1)) * (-1, 1, (-1, -1, -1))^-1
  HIT quotient d=7 (0, 1, (1, -1, 1)) * (0, 0, (-1, -1, 1))^-1
  HIT quotient d=7 (0, 1, (1, -1, 1)) * (1, 1, (-1, -1, -1))^-1
  HIT quotient d=7 (0, 1, (1, -1, 1)) * (2, 0, (-1, -1, 1))^-1
  HIT quotient d=7 (0, 1, (1, -1, 1)) * (2, 1, (1, -1, 1))^-1
  HIT quotient d=7 (0, 1, (1, -1, -1)) * (-1, 0, (1, -1, 1))^-1
  HIT quotient d=7 (0, 1, (1, -1, -1)) * (-1, 1, (-1, -1, 1))^-1
  HIT quotient d=7 (0, 1, (1, -1, -1)) * (0, 0, (-1, -1, -1))^-1
  HIT quotient d=7 (0, 1, (1, -1, -1)) * (1, 1, (-1, -1, 1))^-1
  HIT quotient d=7 (0, 1, (1, -1, -1)) * (2, 0, (-1, -1, -1))^-1
  HIT quotient d=7 (0, 1, (1, -1, -1)) * (2, 1, (1, -1, -1))^-1
  HIT quotient d=7 (0, 1, (-1, 1, 1)) * (-1, 0, (-1, 1, -1))^-1
  HIT quotient d=7 (0, 1, (-1, 1, 1)) * (-1, 1, (1, 1, -1))^-1
  HIT quotient d=7 (0, 1, (-1, 1, 1)) * (0, 0, (1, 1, 1))^-1
  HIT quotient d=7 (0, 1, (-1, 1, 1)) * (1, 1, (1, 1, -1))^-1
  HIT quotient d=7 (0, 1, (-1, 1, 1)) * (2, 0, (1, 1, 1))^-1
  HIT quotient d=7 (0, 1, (-1, 1, 1)) * (2, 1, (-1, 1, 1))^-1
  HIT quotient d=7 (0, 1, (-1, 1, -1)) * (-1, 0, (-1, 1, 1))^-1
  HIT quotient d=7 (0, 1, (-1, 1, -1)) * (-1, 1, (1, 1, 1))^-1
  HIT quotient d=7 (0, 1, (-1, 1, -1)) * (0, 0, (1, 1, -1))^-1
  HIT quotient d=7 (0, 1, (-1, 1, -1)) * (1, 1, (1, 1, 1))^-1
  HIT quotient d=7 (0, 1, (-1, 1, -1)) * (2, 0, (1, 1, -1))^-1
  HIT quotient d=7 (0, 1, (-1, 1, -1)) * (2, 1, (-1, 1, -1))^-1
  HIT quotient d=7 (0, 1, (-1, -1, 1)) * (-1, 0, (-1, -1, -1))^-1
  HIT quotient d=7 (0, 1, (-1, -1, 1)) * (-1, 1, (1, -1, -1))^-1
  HIT quotient d=7 (0, 1, (-1, -1, 1)) * (0, 0, (1, -1, 1))^-1
  HIT quotient d=7 (0, 1, (-1, -1, 1)) * (1, 1, (1, -1, -1))^-1
  HIT quotient d=7 (0, 1, (-1, -1, 1)) * (2, 0, (1, -1, 1))^-1
  HIT quotient d=7 (0, 1, (-1, -1, 1)) * (2, 1, (-1, -1, 1))^-1
  HIT quotient d=7 (0, 1, (-1, -1, -1)) * (-1, 0, (-1, -1, 1))^-1
  HIT quotient d=7 (0, 1, (-1, -1, -1)) * (-1, 1, (1, -1, 1))^-1
  HIT quotient d=7 (0, 1, (-1, -1, -1)) * (0, 0, (1, -1, -1))^-1
  HIT quotient d=7 (0, 1, (-1, -1, -1)) * (1, 1, (1, -1, 1))^-1
  HIT quotient d=7 (0, 1, (-1, -1, -1)) * (2, 0, (1, -1, -1))^-1
  HIT quotient d=7 (0, 1, (-1, -1, -1)) * (2, 1, (-1, -1, -1))^-1
  HIT quotient d=7 (1, 0, (1, 1, 1)) * (-1, 0, (1, 1, 1))^-1
  HIT quotient d=7 (1, 0, (1, 1, 1)) * (-1, 1, (-1, 1, 1))^-1
  HIT quotient d=7 (1, 0, (1, 1, 1)) * (0, 0, (-1, 1, -1))^-1
  HIT quotient d=7 (1, 0, (1, 1, 1)) * (1, 1, (-1, 1, 1))^-1
  HIT quotient d=7 (1, 0, (1, 1, 1)) * (2, 0, (-1, 1, -1))^-1
  HIT quotient d=7 (1, 0, (1, 1, 1)) * (2, 1, (1, 1, -1))^-1
  HIT quotient d=7 (1, 0, (1, 1, -1)) * (-1, 0, (1, 1, -1))^-1
  HIT quotient d=7 (1, 0, (1, 1, -1)) * (-1, 1, (-1, 1, -1))^-1
  HIT quotient d=7 (1, 0, (1, 1, -1)) * (0, 0, (-1, 1, 1))^-1
  HIT quotient d=7 (1, 0, (1, 1, -1)) * (1, 1, (-1, 1, -1))^-1
  HIT quotient d=7 (1, 0, (1, 1, -1)) * (2, 0, (-1, 1, 1))^-1
  HIT quotient d=7 (1, 0, (1, 1, -1)) * (2, 1, (1, 1, 1))^-1
  HIT quotient d=7 (1, 0, (1, -1, 1)) * (-1, 0, (1, -1, 1))^-1
  HIT quotient d=7 (1, 0, (1, -1, 1)) * (-1, 1, (-1, -1, 1))^-1
  HIT quotient d=7 (1, 0, (1, -1, 1)) * (0, 0, (-1, -1, -1))^-1
  HIT quotient d=7 (1, 0, (1, -1, 1)) * (1, 1, (-1, -1, 1))^-1
  HIT quotient d=7 (1, 0, (1, -1, 1)) * (2, 0, (-1, -1, -1))^-1
  HIT quotient d=7 (1, 0, (1, -1, 1)) * (2, 1, (1, -1, -1))^-1
  HIT quotient d=7 (1, 0, (1, -1, -1)) * (-1, 0, (1, -1, -1))^-1
  HIT quotient d=7 (1, 0, (1, -1, -1)) * (-1, 1, (-1, -1, -1))^-1
  HIT quotient d=7 (1, 0, (1, -1, -1)) * (0, 0, (-1, -1, 1))^-1
  HIT quotient d=7 (1, 0, (1, -1, -1)) * (1, 1, (-1, -1, -1))^-1
  HIT quotient d=7 (1, 0, (1, -1, -1)) * (2, 0, (-1, -1, 1))^-1
  HIT quotient d=7 (1, 0, (1, -1, -1)) * (2, 1, (1, -1, 1))^-1
  HIT quotient d=7 (1, 0, (-1, 1, 1)) * (-1, 0, (-1, 1, 1))^-1
  HIT quotient d=7 (1, 0, (-1, 1, 1)) * (-1, 1, (1, 1, 1))^-1
  HIT quotient d=7 (1, 0, (-1, 1, 1)) * (0, 0, (1, 1, -1))^-1
  HIT quotient d=7 (1, 0, (-1, 1, 1)) * (1, 1, (1, 1, 1))^-1
  HIT quotient d=7 (1, 0, (-1, 1, 1)) * (2, 0, (1, 1, -1))^-1
  HIT quotient d=7 (1, 0, (-1, 1, 1)) * (2, 1, (-1, 1, -1))^-1
  HIT quotient d=7 (1, 0, (-1, 1, -1)) * (-1, 0, (-1, 1, -1))^-1
  HIT quotient d=7 (1, 0, (-1, 1, -1)) * (-1, 1, (1, 1, -1))^-1
  HIT quotient d=7 (1, 0, (-1, 1, -1)) * (0, 0, (1, 1, 1))^-1
  HIT quotient d=7 (1, 0, (-1, 1, -1)) * (1, 1, (1, 1, -1))^-1
  HIT quotient d=7 (1, 0, (-1, 1, -1)) * (2, 0, (1, 1, 1))^-1
  HIT quotient d=7 (1, 0, (-1, 1, -1)) * (2, 1, (-1, 1, 1))^-1
  HIT quotient d=7 (1, 0, (-1, -1, 1)) * (-1, 0, (-1, -1, 1))^-1
  HIT quotient d=7 (1, 0, (-1, -1, 1)) * (-1, 1, (1, -1, 1))^-1
  HIT quotient d=7 (1, 0, (-1, -1, 1)) * (0, 0, (1, -1, -1))^-1
  HIT quotient d=7 (1, 0, (-1, -1, 1)) * (1, 1, (1, -1, 1))^-1
  HIT quotient d=7 (1, 0, (-1, -1, 1)) * (2, 0, (1, -1, -1))^-1
  HIT quotient d=7 (1, 0, (-1, -1, 1)) * (2, 1, (-1, -1, -1))^-1
  HIT quotient d=7 (1, 0, (-1, -1, -1)) * (-1, 0, (-1, -1, -1))^-1
  HIT quotient d=7 (1, 0, (-1, -1, -1)) * (-1, 1, (1, -1, -1))^-1
  HIT quotient d=7 (1, 0, (-1, -1, -1)) * (0, 0, (1, -1, 1))^-1
  HIT quotient d=7 (1, 0, (-1, -1, -1)) * (1, 1, (1, -1, -1))^-1
  HIT quotient d=7 (1, 0, (-1, -1, -1)) * (2, 0, (1, -1, 1))^-1
  HIT quotient d=7 (1, 0, (-1, -1, -1)) * (2, 1, (-1, -1, 1))^-1
  HIT quotient d=7 (1, 1, (1, 1, 1)) * (-1, 0, (-1, 1, 1))^-1
  HIT quotient d=7 (1, 1, (1, 1, 1)) * (-1, 1, (1, 1, 1))^-1
  HIT quotient d=7 (1, 1, (1, 1, 1)) * (0, 1, (-1, 1, -1))^-1
  HIT quotient d=7 (1, 1, (1, 1, 1)) * (1, 0, (-1, 1, 1))^-1
  HIT quotient d=7 (1, 1, (1, 1, 1)) * (2, 0, (1, 1, -1))^-1
  HIT quotient d=7 (1, 1, (1, 1, 1)) * (2, 1, (-1, 1, -1))^-1
  HIT quotient d=7 (1, 1, (1, 1, -1)) * (-1, 0, (-1, 1, -1))^-1
  HIT quotient d=7 (1, 1, (1, 1, -1)) * (-1, 1, (1, 1, -1))^-1
  HIT quotient d=7 (1, 1, (1, 1, -1)) * (0, 1, (-1, 1, 1))^-1
  HIT quotient d=7 (1, 1, (1, 1, -1)) * (1, 0, (-1, 1, -1))^-1
  HIT quotient d=7 (1, 1, (1, 1, -1)) * (2, 0, (1, 1, 1))^-1
  HIT quotient d=7 (1, 1, (1, 1, -1)) * (2, 1, (-1, 1, 1))^-1
  HIT quotient d=7 (1, 1, (1, -1, 1)) * (-1, 0, (-1, -1, 1))^-1
  HIT quotient d=7 (1, 1, (1, -1, 1)) * (-1, 1, (1, -1, 1))^-1
  HIT quotient d=7 (1, 1, (1, -1, 1)) * (0, 1, (-1, -1, -1))^-1
  HIT quotient d=7 (1, 1, (1, -1, 1)) * (1, 0, (-1, -1, 1))^-1
  HIT quotient d=7 (1, 1, (1, -1, 1)) * (2, 0, (1, -1, -1))^-1
  HIT quotient d=7 (1, 1, (1, -1, 1)) * (2, 1, (-1, -1, -1))^-1
  HIT quotient d=7 (1, 1, (1, -1, -1)) * (-1, 0, (-1, -1, -1))^-1
  HIT quotient d=7 (1, 1, (1, -1, -1)) * (-1, 1, (1, -1, -1))^-1
  HIT quotient d=7 (1, 1, (1, -1, -1)) * (0, 1, (-1, -1, 1))^-1
  HIT quotient d=7 (1, 1, (1, -1, -1)) * (1, 0, (-1, -1, -1))^-1
  HIT quotient d=7 (1, 1, (1, -1, -1)) * (2, 0, (1, -1, 1))^-1
  HIT quotient d=7 (1, 1, (1, -1, -1)) * (2, 1, (-1, -1, 1))^-1
  HIT quotient d=7 (1, 1, (-1, 1, 1)) * (-1, 0, (1, 1, 1))^-1
  HIT quotient d=7 (1, 1, (-1, 1, 1)) * (-1, 1, (-1, 1, 1))^-1
  HIT quotient d=7 (1, 1, (-1, 1, 1)) * (0, 1, (1, 1, -1))^-1
  HIT quotient d=7 (1, 1, (-1, 1, 1)) * (1, 0, (1, 1, 1))^-1
  HIT quotient d=7 (1, 1, (-1, 1, 1)) * (2, 0, (-1, 1, -1))^-1
  HIT quotient d=7 (1, 1, (-1, 1, 1)) * (2, 1, (1, 1, -1))^-1
  HIT quotient d=7 (1, 1, (-1, 1, -1)) * (-1, 0, (1, 1, -1))^-1
  HIT quotient d=7 (1, 1, (-1, 1, -1)) * (-1, 1, (-1, 1, -1))^-1
  HIT quotient d=7 (1, 1, (-1, 1, -1)) * (0, 1, (1, 1, 1))^-1
  HIT quotient d=7 (1, 1, (-1, 1, -1)) * (1, 0, (1, 1, -1))^-1
  HIT quotient d=7 (1, 1, (-1, 1, -1)) * (2, 0, (-1, 1, 1))^-1
  HIT quotient d=7 (1, 1, (-1, 1, -1)) * (2, 1, (1, 1, 1))^-1
  HIT quotient d=7 (1, 1, (-1, -1, 1)) * (-1, 0, (1, -1, 1))^-1
  HIT quotient d=7 (1, 1, (-1, -1, 1)) * (-1, 1, (-1, -1, 1))^-1
  HIT quotient d=7 (1, 1, (-1, -1, 1)) * (0, 1, (1, -1, -1))^-1
  HIT quotient d=7 (1, 1, (-1, -1, 1)) * (1, 0, (1, -1, 1))^-1
  HIT quotient d=7 (1, 1, (-1, -1, 1)) * (2, 0, (-1, -1, -1))^-1
  HIT quotient d=7 (1, 1, (-1, -1, 1)) * (2, 1, (1, -1, -1))^-1
  HIT quotient d=7 (1, 1, (-1, -1, -1)) * (-1, 0, (1, -1, -1))^-1
  HIT quotient d=7 (1, 1, (-1, -1, -1)) * (-1, 1, (-1, -1, -1))^-1
  HIT quotient d=7 (1, 1, (-1, -1, -1)) * (0, 1, (1, -1, 1))^-1
  HIT quotient d=7 (1, 1, (-1, -1, -1)) * (1, 0, (1, -1, -1))^-1
  HIT quotient d=7 (1, 1, (-1, -1, -1)) * (2, 0, (-1, -1, 1))^-1
  HIT quotient d=7 (1, 1, (-1, -1, -1)) * (2, 1, (1, -1, 1))^-1
  HIT quotient d=7 (2, 0, (1, 1, 1)) * (-1, 0, (-1, 1, -1))^-1
  HIT quotient d=7 (2, 0, (1, 1, 1)) * (0, 0, (1, 1, 1))^-1
  HIT quotient d=7 (2, 0, (1, 1, 1)) * (0, 1, (-1, 1, 1))^-1
  HIT quotient d=7 (2, 0, (1, 1, 1)) * (1, 0, (-1, 1, -1))^-1
  HIT quotient d=7 (2, 0, (1, 1, 1)) * (1, 1, (1, 1, -1))^-1
  HIT quotient d=7 (2, 0, (1, 1, 1)) * (2, 1, (-1, 1, 1))^-1
  HIT quotient d=7 (2, 0, (1, 1, -1)) * (-1, 0, (-1, 1, 1))^-1
  HIT quotient d=7 (2, 0, (1, 1, -1)) * (0, 0, (1, 1, -1))^-1
  HIT quotient d=7 (2, 0, (1, 1, -1)) * (0, 1, (-1, 1, -1))^-1
  HIT quotient d=7 (2, 0, (1, 1, -1)) * (1, 0, (-1, 1, 1))^-1
  HIT quotient d=7 (2, 0, (1, 1, -1)) * (1, 1, (1, 1, 1))^-1
  HIT quotient d=7 (2, 0, (1, 1, -1)) * (2, 1, (-1, 1, -1))^-1
  HIT quotient d=7 (2, 0, (1, -1, 1)) * (-1, 0, (-1, -1, -1))^-1
  HIT quotient d=7 (2, 0, (1, -1, 1)) * (0, 0, (1, -1, 1))^-1
  HIT quotient d=7 (2, 0, (1, -1, 1)) * (0, 1, (-1, -1, 1))^-1
  HIT quotient d=7 (2, 0, (1, -1, 1)) * (1, 0, (-1, -1, -1))^-1
  HIT quotient d=7 (2, 0, (1, -1, 1)) * (1, 1, (1, -1, -1))^-1
  HIT quotient d=7 (2, 0, (1, -1, 1)) * (2, 1, (-1, -1, 1))^-1
  HIT quotient d=7 (2, 0, (1, -1, -1)) * (-1, 0, (-1, -1, 1))^-1
  HIT quotient d=7 (2, 0, (1, -1, -1)) * (0, 0, (1, -1, -1))^-1
  HIT quotient d=7 (2, 0, (1, -1, -1)) * (0, 1, (-1, -1, -1))^-1
  HIT quotient d=7 (2, 0, (1, -1, -1)) * (1, 0, (-1, -1, 1))^-1
  HIT quotient d=7 (2, 0, (1, -1, -1)) * (1, 1, (1, -1, 1))^-1
  HIT quotient d=7 (2, 0, (1, -1, -1)) * (2, 1, (-1, -1, -1))^-1
  HIT quotient d=7 (2, 0, (-1, 1, 1)) * (-1, 0, (1, 1, -1))^-1
  HIT quotient d=7 (2, 0, (-1, 1, 1)) * (0, 0, (-1, 1, 1))^-1
  HIT quotient d=7 (2, 0, (-1, 1, 1)) * (0, 1, (1, 1, 1))^-1
  HIT quotient d=7 (2, 0, (-1, 1, 1)) * (1, 0, (1, 1, -1))^-1
  HIT quotient d=7 (2, 0, (-1, 1, 1)) * (1, 1, (-1, 1, -1))^-1
  HIT quotient d=7 (2, 0, (-1, 1, 1)) * (2, 1, (1, 1, 1))^-1
  HIT quotient d=7 (2, 0, (-1, 1, -1)) * (-1, 0, (1, 1, 1))^-1
  HIT quotient d=7 (2, 0, (-1, 1, -1)) * (0, 0, (-1, 1, -1))^-1
  HIT quotient d=7 (2, 0, (-1, 1, -1)) * (0, 1, (1, 1, -1))^-1
  HIT quotient d=7 (2, 0, (-1, 1, -1)) * (1, 0, (1, 1, 1))^-1
  HIT quotient d=7 (2, 0, (-1, 1, -1)) * (1, 1, (-1, 1, 1))^-1
  HIT quotient d=7 (2, 0, (-1, 1, -1)) * (2, 1, (1, 1, -1))^-1
  HIT quotient d=7 (2, 0, (-1, -1, 1)) * (-1, 0, (1, -1, -1))^-1
  HIT quotient d=7 (2, 0, (-1, -1, 1)) * (0, 0, (-1, -1, 1))^-1
  HIT quotient d=7 (2, 0, (-1, -1, 1)) * (0, 1, (1, -1, 1))^-1
  HIT quotient d=7 (2, 0, (-1, -1, 1)) * (1, 0, (1, -1, -1))^-1
  HIT quotient d=7 (2, 0, (-1, -1, 1)) * (1, 1, (-1, -1, -1))^-1
  HIT quotient d=7 (2, 0, (-1, -1, 1)) * (2, 1, (1, -1, 1))^-1
  HIT quotient d=7 (2, 0, (-1, -1, -1)) * (-1, 0, (1, -1, 1))^-1
  HIT quotient d=7 (2, 0, (-1, -1, -1)) * (0, 0, (-1, -1, -1))^-1
  HIT quotient d=7 (2, 0, (-1, -1, -1)) * (0, 1, (1, -1, -1))^-1
  HIT quotient d=7 (2, 0, (-1, -1, -1)) * (1, 0, (1, -1, 1))^-1
  HIT quotient d=7 (2, 0, (-1, -1, -1)) * (1, 1, (-1, -1, 1))^-1
  HIT quotient d=7 (2, 0, (-1, -1, -1)) * (2, 1, (1, -1, -1))^-1
  HIT quotient d=7 (2, 1, (1, 1, 1)) * (-1, 1, (-1, 1, -1))^-1
  HIT quotient d=7 (2, 1, (1, 1, 1)) * (0, 0, (-1, 1, 1))^-1
  HIT quotient d=7 (2, 1, (1, 1, 1)) * (0, 1, (1, 1, 1))^-1
  HIT quotient d=7 (2, 1, (1, 1, 1)) * (1, 0, (1, 1, -1))^-1
  HIT quotient d=7 (2, 1, (1, 1, 1)) * (1, 1, (-1, 1, -1))^-1
  HIT quotient d=7 (2, 1, (1, 1, 1)) * (2, 0, (-1, 1, 1))^-1
  HIT quotient d=7 (2, 1, (1, 1, -1)) * (-1, 1, (-1, 1, 1))^-1
  HIT quotient d=7 (2, 1, (1, 1, -1)) * (0, 0, (-1, 1, -1))^-1
  HIT quotient d=7 (2, 1, (1, 1, -1)) * (0, 1, (1, 1, -1))^-1
  HIT quotient d=7 (2, 1, (1, 1, -1)) * (1, 0, (1, 1, 1))^-1
  HIT quotient d=7 (2, 1, (1, 1, -1)) * (1, 1, (-1, 1, 1))^-1
  HIT quotient d=7 (2, 1, (1, 1, -1)) * (2, 0, (-1, 1, -1))^-1
  HIT quotient d=7 (2, 1, (1, -1, 1)) * (-1, 1, (-1, -1, -1))^-1
  HIT quotient d=7 (2, 1, (1, -1, 1)) * (0, 0, (-1, -1, 1))^-1
  HIT quotient d=7 (2, 1, (1, -1, 1)) * (0, 1, (1, -1, 1))^-1
  HIT quotient d=7 (2, 1, (1, -1, 1)) * (1, 0, (1, -1, -1))^-1
  HIT quotient d=7 (2, 1, (1, -1, 1)) * (1, 1, (-1, -1, -1))^-1
  HIT quotient d=7 (2, 1, (1, -1, 1)) * (2, 0, (-1, -1, 1))^-1
  HIT quotient d=7 (2, 1, (1, -1, -1)) * (-1, 1, (-1, -1, 1))^-1
  HIT quotient d=7 (2, 1, (1, -1, -1)) * (0, 0, (-1, -1, -1))^-1
  HIT quotient d=7 (2, 1, (1, -1, -1)) * (0, 1, (1, -1, -1))^-1
  HIT quotient d=7 (2, 1, (1, -1, -1)) * (1, 0, (1, -1, 1))^-1
  HIT quotient d=7 (2, 1, (1, -1, -1)) * (1, 1, (-1, -1, 1))^-1
  HIT quotient d=7 (2, 1, (1, -1, -1)) * (2, 0, (-1, -1, -1))^-1
  HIT quotient d=7 (2, 1, (-1, 1, 1)) * (-1, 1, (1, 1, -1))^-1
  HIT quotient d=7 (2, 1, (-1, 1, 1)) * (0, 0, (1, 1, 1))^-1
  HIT quotient d=7 (2, 1, (-1, 1, 1)) * (0, 1, (-1, 1, 1))^-1
  HIT quotient d=7 (2, 1, (-1, 1, 1)) * (1, 0, (-1, 1, -1))^-1
  HIT quotient d=7 (2, 1, (-1, 1, 1)) * (1, 1, (1, 1, -1))^-1
  HIT quotient d=7 (2, 1, (-1, 1, 1)) * (2, 0, (1, 1, 1))^-1
  HIT quotient d=7 (2, 1, (-1, 1, -1)) * (-1, 1, (1, 1, 1))^-1
  HIT quotient d=7 (2, 1, (-1, 1, -1)) * (0, 0, (1, 1, -1))^-1
  HIT quotient d=7 (2, 1, (-1, 1, -1)) * (0, 1, (-1, 1, -1))^-1
  HIT quotient d=7 (2, 1, (-1, 1, -1)) * (1, 0, (-1, 1, 1))^-1
  HIT quotient d=7 (2, 1, (-1, 1, -1)) * (1, 1, (1, 1, 1))^-1
  HIT quotient d=7 (2, 1, (-1, 1, -1)) * (2, 0, (1, 1, -1))^-1
  HIT quotient d=7 (2, 1, (-1, -1, 1)) * (-1, 1, (1, -1, -1))^-1
  HIT quotient d=7 (2, 1, (-1, -1, 1)) * (0, 0, (1, -1, 1))^-1
  HIT quotient d=7 (2, 1, (-1, -1, 1)) * (0, 1, (-1, -1, 1))^-1
  HIT quotient d=7 (2, 1, (-1, -1, 1)) * (1, 0, (-1, -1, -1))^-1
  HIT quotient d=7 (2, 1, (-1, -1, 1)) * (1, 1, (1, -1, -1))^-1
  HIT quotient d=7 (2, 1, (-1, -1, 1)) * (2, 0, (1, -1, 1))^-1
  HIT quotient d=7 (2, 1, (-1, -1, -1)) * (-1, 1, (1, -1, 1))^-1
  HIT quotient d=7 (2, 1, (-1, -1, -1)) * (0, 0, (1, -1, -1))^-1
  HIT quotient d=7 (2, 1, (-1, -1, -1)) * (0, 1, (-1, -1, -1))^-1
  HIT quotient d=7 (2, 1, (-1, -1, -1)) * (1, 0, (-1, -1, 1))^-1
  HIT quotient d=7 (2, 1, (-1, -1, -1)) * (1, 1, (1, -1, 1))^-1
  HIT quotient d=7 (2, 1, (-1, -1, -1)) * (2, 0, (1, -1, -1))^-1
  HIT commutator d=7 (t,w)=(-1, 0) g=z
  HIT commutator d=7 (t,w)=(-1, 1) g=z
  HIT commutator d=7 (t,w)=(0, 0) g=z
  HIT commutator d=7 (t,w)=(0, 1) g=z
  HIT commutator d=7 (t,w)=(1, 0) g=z
  HIT commutator d=7 (t,w)=(1, 1) g=z
  HIT commutator d=7 (t,w)=(2, 0) g=z
  HIT commutator d=7 (t,w)=(2, 1) g=z
d=7: 4032 ordered quotient pairs, 384 hits; 48 commutators, 8 hits
TOTAL HITS 1176
DONE
EXIT=0
