SUMMARY k=6 m=14 v=(0,0,1) words=9565936 collisions=0 minlen=1000 relation_pairs=0 minrel=1000
SUMMARY k=6 m=14 v=(0,1,-3) words=9565936 collisions=0 minlen=1000 relation_pairs=0 minrel=1000
SUMMARY k=6 m=14 v=(0,1,-2) words=9565936 collisions=0 minlen=1000 relation_pairs=0 minrel=1000
SUMMARY k=6 m=14 v=(0,1,-1) words=9565936 collisions=0 minlen=1000 relation_pairs=0 minrel=1000
SUMMARY k=6 m=14 v=(0,1,0) words=9565936 collisions=0 minlen=1000 relation_pairs=0 minrel=1000
SUMMARY k=6 m=14 v=(0,1,1) words=9565936 collisions=0 minlen=1000 relation_pairs=0 minrel=1000
SUMMARY k=6 m=14 v=(0,1,2) words=9565936 collisions=0 minlen=1000 relation_pairs=0 minrel=1000
SUMMARY k=6 m=14 v=(0,1,3) words=9565936 collisions=0 minlen=1000 relation_pairs=0 minrel=1000
SUMMARY k=6 m=14 v=(0,2,-3) words=9565936 collisions=0 minlen=1000 relation_pairs=0 minrel=1000
SUMMARY k=6 m=14 v=(0,2,-1) words=9565936 collisions=0 minlen=1000 relation_pairs=0 minrel=1000
SUMMARY k=6 m=14 v=(0,2,1) words=9565936 collisions=0 minlen=1000 relation_pairs=0 minrel=1000
SUMMARY k=6 m=14 v=(0,2,3) words=9565936 collisions=0 minlen=1000 relation_pairs=0 minrel=1000
SUMMARY k=6 m=14 v=(0,3,-2) words=9565936 collisions=0 minlen=1000 relation_pairs=0 minrel=1000
SUMMARY k=6 m=14 v=(0,3,-1) words=9565936 collisions=0 minlen=1000 relation_pairs=0 minrel=1000
SUMMARY k=6 m=14 v=(0,3,1) words=9565936 collisions=0 minlen=1000 relation_pairs=0 minrel=1000
SUMMARY k=6 m=14 v=(0,3,2) words=9565936 collisions=0 minlen=1000 relation_pairs=0 minrel=1000
SUMMARY k=6 m=14 v=(1,-3,-3) words=9565936 collisions=0 minlen=1000 relation_pairs=0 minrel=1000
SUMMARY k=6 m=14 v=(1,-3,-2) words=9565936 collisions=0 minlen=1000 relation_pairs=0 minrel=1000
SUMMARY k=6 m=14 v=(1,-3,-1) words=9565936 collisions=0 minlen=1000 relation_pairs=0 minrel=1000
SUMMARY k=6 m=14 v=(1,-3,0) words=9565936 collisions=0 minlen=1000 relation_pairs=0 minrel=1000
SUMMARY k=6 m=14 v=(1,-3,1) words=9565936 collisions=0 minlen=1000 relation_pairs=0 minrel=1000
SUMMARY k=6 m=14 v=(1,-3,2) words=9565936 collisions=0 minlen=1000 relation_pairs=0 minrel=1000
SUMMARY k=6 m=14 v=(1,-3,3) words=9565936 collisions=0 minlen=1000 relation_pairs=0 minrel=1000
SUMMARY k=6 m=14 v=(1,-2,-3) words=9565936 collisions=0 minlen=1000 relation_pairs=0 minrel=1000
SUMMARY k=6 m=14 v=(1,-2,-2) words=9565936 collisions=0 minlen=1000 relation_pairs=0 minrel=1000
SUMMARY k=6 m=14 v=(1,-2,-1) words=9565936 collisions=0 minlen=1000 relation_pairs=0 minrel=1000
SUMMARY k=6 m=14 v=(1,-2,0) words=9565936 collisions=0 minlen=1000 relation_pairs=0 minrel=1000
SUMMARY k=6 m=14 v=(1,-2,1) words=9565936 collisions=0 minlen=1000 relation_pairs=0 minrel=1000
SUMMARY k=6 m=14 v=(1,-2,2) words=9565936 collisions=0 minlen=1000 relation_pairs=0 minrel=1000
SUMMARY k=6 m=14 v=(1,-2,3) words=9565936 collisions=0 minlen=1000 relation_pairs=0 minrel=1000
SUMMARY k=6 m=14 v=(1,-1,-3) words=9565936 collisions=0 minlen=1000 relation_pairs=0 minrel=1000
SUMMARY k=6 m=14 v=(1,-1,-2) words=9565936 collisions=0 minlen=1000 relation_pairs=0 minrel=1000
SUMMARY k=6 m=14 v=(1,-1,-1) words=9565936 collisions=0 minlen=1000 relation_pairs=0 minrel=1000
SUMMARY k=6 m=14 v=(1,-1,0) words=9565936 collisions=0 minlen=1000 relation_pairs=0 minrel=1000
SUMMARY k=6 m=14 v=(1,-1,1) words=9565936 collisions=0 minlen=1000 relation_pairs=0 minrel=1000
SUMMARY k=6 m=14 v=(1,-1,2) words=9565936 collisions=0 minlen=1000 relation_pairs=0 minrel=1000
SUMMARY k=6 m=14 v=(1,-1,3) words=9565936 collisions=0 minlen=1000 relation_pairs=0 minrel=1000
SUMMARY k=6 m=14 v=(1,0,-3) words=9565936 collisions=0 minlen=1000 relation_pairs=0 minrel=1000
SUMMARY k=6 m=14 v=(1,0,-2) words=9565936 collisions=0 minlen=1000 relation_pairs=0 minrel=1000
SUMMARY k=6 m=14 v=(1,0,-1) words=9565936 collisions=0 minlen=1000 relation_pairs=0 minrel=1000
SUMMARY k=6 m=14 v=(1,0,0) words=9565936 collisions=0 minlen=1000 relation_pairs=0 minrel=1000
SUMMARY k=6 m=14 v=(1,0,1) words=9565936 collisions=0 minlen=1000 relation_pairs=0 minrel=1000
SUMMARY k=6 m=14 v=(1,0,2) words=9565936 collisions=0 minlen=1000 relation_pairs=0 minrel=1000
SUMMARY k=6 m=14 v=(1,0,3) words=9565936 collisions=0 minlen=1000 relation_pairs=0 minrel=1000
SUMMARY k=6 m=14 v=(1,1,-3) words=9565936 collisions=0 minlen=1000 relation_pairs=0 minrel=1000
SUMMARY k=6 m=14 v=(1,1,-2) words=9565936 collisions=0 minlen=1000 relation_pairs=0 minrel=1000
SUMMARY k=6 m=14 v=(1,1,-1) words=9565936 collisions=0 minlen=1000 relation_pairs=0 minrel=1000
SUMMARY k=6 m=14 v=(1,1,0) words=9565936 collisions=0 minlen=1000 relation_pairs=0 minrel=1000
SUMMARY k=6 m=14 v=(1,1,1) words=9565936 collisions=0 minlen=1000 relation_pairs=0 minrel=1000
SUMMARY k=6 m=14 v=(1,1,2) words=9565936 collisions=0 minlen=1000 relation_pairs=0 minrel=1000
SUMMARY k=6 m=14 v=(1,1,3) words=9565936 collisions=0 minlen=1000 relation_pairs=0 minrel=1000
SUMMARY k=6 m=14 v=(1,2,-3) words=9565936 collisions=0 minlen=1000 relation_pairs=0 minrel=1000
SUMMARY k=6 m=14 v=(1,2,-2) words=9565936 collisions=0 minlen=1000 relation_pairs=0 minrel=1000
SUMMARY k=6 m=14 v=(1,2,-1) words=9565936 collisions=0 minlen=1000 relation_pairs=0 minrel=1000
SUMMARY k=6 m=14 v=(1,2,0) words=9565936 collisions=0 minlen=1000 relation_pairs=0 minrel=1000
SUMMARY k=6 m=14 v=(1,2,1) words=9565936 collisions=0 minlen=1000 relation_pairs=0 minrel=1000
SUMMARY k=6 m=14 v=(1,2,2) words=9565936 collisions=0 minlen=1000 relation_pairs=0 minrel=1000
SUMMARY k=6 m=14 v=(1,2,3) words=9565936 collisions=0 minlen=1000 relation_pairs=0 minrel=1000
SUMMARY k=6 m=14 v=(1,3,-3) words=9565936 collisions=0 minlen=1000 relation_pairs=0 minrel=1000
SUMMARY k=6 m=14 v=(1,3,-2) words=9565936 collisions=0 minlen=1000 relation_pairs=0 minrel=1000
SUMMARY k=6 m=14 v=(1,3,-1) words=9565936 collisions=0 minlen=1000 relation_pairs=0 minrel=1000
SUMMARY k=6 m=14 v=(1,3,0) words=9565936 collisions=0 minlen=1000 relation_pairs=0 minrel=1000
SUMMARY k=6 m=14 v=(1,3,1) words=9565936 collisions=0 minlen=1000 relation_pairs=0 minrel=1000
SUMMARY k=6 m=14 v=(1,3,2) words=9565936 collisions=0 minlen=1000 relation_pairs=0 minrel=1000
SUMMARY k=6 m=14 v=(1,3,3) words=9565936 collisions=0 minlen=1000 relation_pairs=0 minrel=1000
SUMMARY k=6 m=14 v=(2,-3,-3) words=9565936 collisions=0 minlen=1000 relation_pairs=0 minrel=1000
SUMMARY k=6 m=14 v=(2,-3,-2) words=9565936 collisions=0 minlen=1000 relation_pairs=0 minrel=1000
SUMMARY k=6 m=14 v=(2,-3,-1) words=9565936 collisions=0 minlen=1000 relation_pairs=0 minrel=1000
SUMMARY k=6 m=14 v=(2,-3,0) words=9565936 collisions=0 minlen=1000 relation_pairs=0 minrel=1000
SUMMARY k=6 m=14 v=(2,-3,1) words=9565936 collisions=0 minlen=1000 relation_pairs=0 minrel=1000
SUMMARY k=6 m=14 v=(2,-3,2) words=9565936 collisions=0 minlen=1000 relation_pairs=0 minrel=1000
SUMMARY k=6 m=14 v=(2,-3,3) words=9565936 collisions=0 minlen=1000 relation_pairs=0 minrel=1000
SUMMARY k=6 m=14 v=(2,-2,-3) words=9565936 collisions=0 minlen=1000 relation_pairs=0 minrel=1000
SUMMARY k=6 m=14 v=(2,-2,-1) words=9565936 collisions=0 minlen=1000 relation_pairs=0 minrel=1000
SUMMARY k=6 m=14 v=(2,-2,1) words=9565936 collisions=0 minlen=1000 relation_pairs=0 minrel=1000
SUMMARY k=6 m=14 v=(2,-2,3) words=9565936 collisions=0 minlen=1000 relation_pairs=0 minrel=1000
SUMMARY k=6 m=14 v=(2,-1,-3) words=9565936 collisions=0 minlen=1000 relation_pairs=0 minrel=1000
SUMMARY k=6 m=14 v=(2,-1,-2) words=9565936 collisions=0 minlen=1000 relation_pairs=0 minrel=1000
SUMMARY k=6 m=14 v=(2,-1,-1) words=9565936 collisions=0 minlen=1000 relation_pairs=0 minrel=1000
SUMMARY k=6 m=14 v=(2,-1,0) words=9565936 collisions=0 minlen=1000 relation_pairs=0 minrel=1000
SUMMARY k=6 m=14 v=(2,-1,1) words=9565936 collisions=0 minlen=1000 relation_pairs=0 minrel=1000
SUMMARY k=6 m=14 v=(2,-1,2) words=9565936 collisions=0 minlen=1000 relation_pairs=0 minrel=1000
SUMMARY k=6 m=14 v=(2,-1,3) words=9565936 collisions=0 minlen=1000 relation_pairs=0 minrel=1000
SUMMARY k=6 m=14 v=(2,0,-3) words=9565936 collisions=0 minlen=1000 relation_pairs=0 minrel=1000
SUMMARY k=6 m=14 v=(2,0,-1) words=9565936 collisions=0 minlen=1000 relation_pairs=0 minrel=1000
SUMMARY k=6 m=14 v=(2,0,1) words=9565936 collisions=0 minlen=1000 relation_pairs=0 minrel=1000
SUMMARY k=6 m=14 v=(2,0,3) words=9565936 collisions=0 minlen=1000 relation_pairs=0 minrel=1000
SUMMARY k=6 m=14 v=(2,1,-3) words=9565936 collisions=0 minlen=1000 relation_pairs=0 minrel=1000
SUMMARY k=6 m=14 v=(2,1,-2) words=9565936 collisions=0 minlen=1000 relation_pairs=0 minrel=1000
SUMMARY k=6 m=14 v=(2,1,-1) words=9565936 collisions=0 minlen=1000 relation_pairs=0 minrel=1000
SUMMARY k=6 m=14 v=(2,1,0) words=9565936 collisions=0 minlen=1000 relation_pairs=0 minrel=1000
SUMMARY k=6 m=14 v=(2,1,1) words=9565936 collisions=0 minlen=1000 relation_pairs=0 minrel=1000
SUMMARY k=6 m=14 v=(2,1,2) words=9565936 collisions=0 minlen=1000 relation_pairs=0 minrel=1000
SUMMARY k=6 m=14 v=(2,1,3) words=9565936 collisions=0 minlen=1000 relation_pairs=0 minrel=1000
SUMMARY k=6 m=14 v=(2,2,-3) words=9565936 collisions=0 minlen=1000 relation_pairs=0 minrel=1000
SUMMARY k=6 m=14 v=(2,2,-1) words=9565936 collisions=0 minlen=1000 relation_pairs=0 minrel=1000
SUMMARY k=6 m=14 v=(2,2,1) words=9565936 collisions=0 minlen=1000 relation_pairs=0 minrel=1000
SUMMARY k=6 m=14 v=(2,2,3) words=9565936 collisions=0 minlen=1000 relation_pairs=0 minrel=1000
SUMMARY k=6 m=14 v=(2,3,-3) words=9565936 collisions=0 minlen=1000 relation_pairs=0 minrel=1000
SUMMARY k=6 m=14 v=(2,3,-2) words=9565936 collisions=0 minlen=1000 relation_pairs=0 minrel=1000
SUMMARY k=6 m=14 v=(2,3,-1) words=9565936 collisions=0 minlen=1000 relation_pairs=0 minrel=1000
SUMMARY k=6 m=14 v=(2,3,0) words=9565936 collisions=0 minlen=1000 relation_pairs=0 minrel=1000
SUMMARY k=6 m=14 v=(2,3,1) words=9565936 collisions=0 minlen=1000 relation_pairs=0 minrel=1000
SUMMARY k=6 m=14 v=(2,3,2) words=9565936 collisions=0 minlen=1000 relation_pairs=0 minrel=1000
SUMMARY k=6 m=14 v=(2,3,3) words=9565936 collisions=0 minlen=1000 relation_pairs=0 minrel=1000
SUMMARY k=6 m=14 v=(3,-3,-2) words=9565936 collisions=0 minlen=1000 relation_pairs=0 minrel=1000
SUMMARY k=6 m=14 v=(3,-3,-1) words=9565936 collisions=0 minlen=1000 relation_pairs=0 minrel=1000
SUMMARY k=6 m=14 v=(3,-3,1) words=9565936 collisions=0 minlen=1000 relation_pairs=0 minrel=1000
SUMMARY k=6 m=14 v=(3,-3,2) words=9565936 collisions=0 minlen=1000 relation_pairs=0 minrel=1000
SUMMARY k=6 m=14 v=(3,-2,-3) words=9565936 collisions=0 minlen=1000 relation_pairs=0 minrel=1000
SUMMARY k=6 m=14 v=(3,-2,-2) words=9565936 collisions=0 minlen=1000 relation_pairs=0 minrel=1000
SUMMARY k=6 m=14 v=(3,-2,-1) words=9565936 collisions=0 minlen=1000 relation_pairs=0 minrel=1000
SUMMARY k=6 m=14 v=(3,-2,0) words=9565936 collisions=0 minlen=1000 relation_pairs=0 minrel=1000
SUMMARY k=6 m=14 v=(3,-2,1) words=9565936 collisions=0 minlen=1000 relation_pairs=0 minrel=1000
SUMMARY k=6 m=14 v=(3,-2,2) words=9565936 collisions=0 minlen=1000 relation_pairs=0 minrel=1000
SUMMARY k=6 m=14 v=(3,-2,3) words=9565936 collisions=0 minlen=1000 relation_pairs=0 minrel=1000
SUMMARY k=6 m=14 v=(3,-1,-3) words=9565936 collisions=0 minlen=1000 relation_pairs=0 minrel=1000
SUMMARY k=6 m=14 v=(3,-1,-2) words=9565936 collisions=0 minlen=1000 relation_pairs=0 minrel=1000
SUMMARY k=6 m=14 v=(3,-1,-1) words=9565936 collisions=0 minlen=1000 relation_pairs=0 minrel=1000
SUMMARY k=6 m=14 v=(3,-1,0) words=9565936 collisions=0 minlen=1000 relation_pairs=0 minrel=1000
SUMMARY k=6 m=14 v=(3,-1,1) words=9565936 collisions=0 minlen=1000 relation_pairs=0 minrel=1000
SUMMARY k=6 m=14 v=(3,-1,2) words=9565936 collisions=0 minlen=1000 relation_pairs=0 minrel=1000
SUMMARY k=6 m=14 v=(3,-1,3) words=9565936 collisions=0 minlen=1000 relation_pairs=0 minrel=1000
SUMMARY k=6 m=14 v=(3,0,-2) words=9565936 collisions=0 minlen=1000 relation_pairs=0 minrel=1000
SUMMARY k=6 m=14 v=(3,0,-1) words=9565936 collisions=0 minlen=1000 relation_pairs=0 minrel=1000
SUMMARY k=6 m=14 v=(3,0,1) words=9565936 collisions=0 minlen=1000 relation_pairs=0 minrel=1000
SUMMARY k=6 m=14 v=(3,0,2) words=9565936 collisions=0 minlen=1000 relation_pairs=0 minrel=1000
SUMMARY k=6 m=14 v=(3,1,-3) words=9565936 collisions=0 minlen=1000 relation_pairs=0 minrel=1000
SUMMARY k=6 m=14 v=(3,1,-2) words=9565936 collisions=0 minlen=1000 relation_pairs=0 minrel=1000
SUMMARY k=6 m=14 v=(3,1,-1) words=9565936 collisions=0 minlen=1000 relation_pairs=0 minrel=1000
SUMMARY k=6 m=14 v=(3,1,0) words=9565936 collisions=0 minlen=1000 relation_pairs=0 minrel=1000
SUMMARY k=6 m=14 v=(3,1,1) words=9565936 collisions=0 minlen=1000 relation_pairs=0 minrel=1000
SUMMARY k=6 m=14 v=(3,1,2) words=9565936 collisions=0 minlen=1000 relation_pairs=0 minrel=1000
SUMMARY k=6 m=14 v=(3,1,3) words=9565936 collisions=0 minlen=1000 relation_pairs=0 minrel=1000
SUMMARY k=6 m=14 v=(3,2,-3) words=9565936 collisions=0 minlen=1000 relation_pairs=0 minrel=1000
SUMMARY k=6 m=14 v=(3,2,-2) words=9565936 collisions=0 minlen=1000 relation_pairs=0 minrel=1000
SUMMARY k=6 m=14 v=(3,2,-1) words=9565936 collisions=0 minlen=1000 relation_pairs=0 minrel=1000
SUMMARY k=6 m=14 v=(3,2,0) words=9565936 collisions=0 minlen=1000 relation_pairs=0 minrel=1000
SUMMARY k=6 m=14 v=(3,2,1) words=9565936 collisions=0 minlen=1000 relation_pairs=0 minrel=1000
SUMMARY k=6 m=14 v=(3,2,2) words=9565936 collisions=0 minlen=1000 relation_pairs=0 minrel=1000
SUMMARY k=6 m=14 v=(3,2,3) words=9565936 collisions=0 minlen=1000 relation_pairs=0 minrel=1000
SUMMARY k=6 m=14 v=(3,3,-2) words=9565936 collisions=0 minlen=1000 relation_pairs=0 minrel=1000
SUMMARY k=6 m=14 v=(3,3,-1) words=9565936 collisions=0 minlen=1000 relation_pairs=0 minrel=1000
SUMMARY k=6 m=14 v=(3,3,1) words=9565936 collisions=0 minlen=1000 relation_pairs=0 minrel=1000
SUMMARY k=6 m=14 v=(3,3,2) words=9565936 collisions=0 minlen=1000 relation_pairs=0 minrel=1000
TOTAL k=6 m=14 R=3 directions=145 directions_with_transvections=0
