twist x1 sg pieces 6 [('000', ('10', 0)), ('001', ('110', 0)), ('01', ('111', 0)), ('10', ('010', 0)), ('110', ('011', 0)), ('111', ('00', 1))]
len 1 total 6 0.0
len 2 total 24 0.0
len 3 total 90 0.0
FOUND CAL 4 StsW
len 4 total 330 0.0
len 5 total 1206 0.1
len 6 total 4398 0.2
len 7 total 16038 1.0
len 8 total 58470 3.6
len 9 total 213174 12.5
DONE x1 {'CAL': (4, 'StsW')}
pureV 3482 non-T3-automorphisms 3328
NONAUT 7 [('000', '00'), ('001', '011'), ('010', '111'), ('011', '010'), ('10', '100'), ('110', '101'), ('111', '110')] Swts
NONAUT 7 [('00', '000'), ('010', '011'), ('011', '001'), ('100', '10'), ('101', '110'), ('110', '111'), ('111', '010')] StWs
NONAUT 7 [('00', '100'), ('010', '101'), ('011', '110'), ('100', '00'), ('101', '011'), ('110', '111'), ('111', '010')] Swtst
NONAUT 7 [('000', '10'), ('001', '110'), ('010', '111'), ('011', '010'), ('10', '000'), ('110', '011'), ('111', '001')] StWst
NONAUT 7 [('000', '100'), ('0010', '101'), ('0011', '110'), ('010', '00'), ('011', '011'), ('10', '111'), ('11', '010')] SwtsW
NONAUT 7 [('0000', '10'), ('0001', '110'), ('0010', '111'), ('0011', '010'), ('01', '000'), ('10', '011'), ('11', '001')] StWsW
NONAUT 7 [('000', '111'), ('001', '010'), ('010', '100'), ('0110', '101'), ('0111', '110'), ('10', '00'), ('11', '011')] Swtsw
NONAUT 7 [('000', '011'), ('001', '001'), ('0100', '10'), ('0101', '110'), ('0110', '111'), ('0111', '010'), ('1', '000')] StWsw
calib is_aut [('tau', True), ('w', True), ('x0', True), ('x1', False), ('v10', True)]
