=== n=3 f=3 s_exp=-1 mmax=20 theta=/
N=8 poly=0b1011 f=3 s=-1 |L|=8 n1=63 n2=63
edges=504 maxentry=1 deg1 in [8,8] deg2 in [8,8] build 0.0s
components=1
girth=6
top singular values: 1.000000 0.353553 0.353553 0.353553 0.353553 0.353553 (0.0s)
walks to length 20 in 0.0s with 2 primes
2m=2  W=8  sigma2 <= 2.622022  cert(theta=None)=None
2m=4  W=120  sigma2 <= 0.958969  cert(theta=None)=None
2m=6  W=4600  sigma2 <= 0.687398  cert(theta=None)=None
2m=8  W=269816  sigma2 <= 0.582112  cert(theta=None)=None
2m=10  W=17071608  sigma2 <= 0.526859  cert(theta=None)=None
2m=12  W=1091010040  sigma2 <= 0.492971  cert(theta=None)=None
2m=20  W=18300342263315960  sigma2 <= 0.431593  cert(theta=None)=None
first certifying 2m: None
DONE
=== n=4 f=4 s_exp=-1 mmax=20 theta=/
N=16 poly=0b10011 f=4 s=-1 |L|=16 n1=255 n2=255
edges=4080 maxentry=1 deg1 in [16,16] deg2 in [16,16] build 0.0s
components=1
girth=6
top singular values: 1.000000 0.250000 0.250000 0.250000 0.250000 0.250000 (0.0s)
walks to length 20 in 0.0s with 2 primes
2m=2  W=16  sigma2 <= 3.864906  cert(theta=None)=None
2m=4  W=496  sigma2 <= 0.982003  cert(theta=None)=None
2m=6  W=69616  sigma2 <= 0.622354  cert(theta=None)=None
2m=8  W=16904176  sigma2 <= 0.495464  cert(theta=None)=None
2m=10  W=4312788976  sigma2 <= 0.432113  cert(theta=None)=None
2m=12  W=1103839096816  sigma2 <= 0.394446  cert(theta=None)=None
2m=20  W=4740885568142403694576  sigma2 <= 0.328677  cert(theta=None)=None
first certifying 2m: None
DONE
=== n=4 f=2 s_exp=1 mmax=60 theta=1/2
N=16 poly=0b10011 f=2 s=2 |L|=4 n1=1020 n2=1020
edges=4080 maxentry=1 deg1 in [4,4] deg2 in [4,4] build 0.0s
components=1
girth=10
top singular values: 1.000000 0.844249 0.844249 0.844249 0.842374 0.842374 (0.0s)
walks to length 60 in 0.0s with 3 primes
2m=2  W=4  sigma2 <= 15.937377  cert(theta=(1, 2))=False
2m=4  W=28  sigma2 <= 3.242664  cert(theta=(1, 2))=False
2m=6  W=232  sigma2 <= 1.960458  cert(theta=(1, 2))=False
2m=8  W=2092  sigma2 <= 1.539543  cert(theta=(1, 2))=False
2m=10  W=20044  sigma2 <= 1.338788  cert(theta=(1, 2))=False
2m=12  W=202192  sigma2 <= 1.223863  cert(theta=(1, 2))=False
2m=20  W=3289212556  sigma2 <= 1.036578  cert(theta=(1, 2))=False
2m=40  W=1252436479447315616092  sigma2 <= 0.930769  cert(theta=(1, 2))=False
2m=60  W=1305567993264443158119786775789984  sigma2 <= 0.900389  cert(theta=(1, 2))=False
first certifying 2m: None
DONE
=== n=6 f=3 s_exp=1 mmax=400 theta=3/4
N=64 poly=0b1000011 f=3 s=2 |L|=8 n1=32760 n2=32760
edges=262080 maxentry=1 deg1 in [8,8] deg2 in [8,8] build 0.1s
components=1
girth=10
top singular values: 1.000000 0.683135 0.683135 0.676646 0.676646 0.647421 (0.2s)
walks to length 400 in 4.1s with 22 primes
2m=2  W=8  sigma2 <= 63.984373  cert(theta=(3, 4))=False
2m=4  W=120  sigma2 <= 5.564525  cert(theta=(3, 4))=False
2m=6  W=2192  sigma2 <= 2.546885  cert(theta=(3, 4))=False
2m=8  W=44248  sigma2 <= 1.743543  cert(theta=(3, 4))=False
2m=10  W=964888  sigma2 <= 1.397627  cert(theta=(3, 4))=False
2m=12  W=22950208  sigma2 <= 1.210929  cert(theta=(3, 4))=False
2m=20  W=42633756976728  sigma2 <= 0.925248  cert(theta=(3, 4))=False
2m=40  W=40576725507603396762220371239320  sigma2 <= 0.780407  cert(theta=(3, 4))=False
2m=60  W=46779474102114246261570808340778841523631010378944  sigma2 <= 0.744218  cert(theta=(3, 4))=True
2m=80  W=53933060585913052559216218692844435784433372729584124867505522986328  sigma2 <= 0.727787  cert(theta=(3, 4))=True
2m=100  W=62180585358195812195851159728816120276913440074341601771186459210386882013798161138488  sigma2 <= 0.718316  cert(theta=(3, 4))=True
2m=120  W=71689334028505287932233311812232655889379279541013128990477238850632077506558170666443987113269350262464  sigma2 <= 0.712139  cert(theta=(3, 4))=True
2m=140  W=82652174852407150833628545599262563868714487898867919626701473422797392673717039077803954487251275835349755977418436120472  sigma2 <= 0.707791  cert(theta=(3, 4))=True
2m=160  W=95291469789865452728376028139479757112982658850636768995063001551192372670295720336937253520379639634012362588477079538657985886840423581528  sigma2 <= 0.704567  cert(theta=(3, 4))=True
2m=180  W=109863584726329581997815348197634876964016848627843135044848705013271620674997065849059058002740312807144002892990512326499955871413083481545401123542447093024  sigma2 <= 0.702084  cert(theta=(3, 4))=True
2m=200  W=126664089404181714240305490344676726030983911350872327487855253851066755273117729713132484469624134227403719038047913394596409962481565836306703523062266818979363839264148657240  sigma2 <= 0.700113  cert(theta=(3, 4))=True
2m=220  W=146033752535525365493952538388851920831268432819838399929400303096017697620770969646225644366589910683946891579843553980888090902824911006264266381982186242219224575348119150712111374649384286200  sigma2 <= 0.698513  cert(theta=(3, 4))=True
2m=240  W=168365453696641858935553364085192728807934774945161277625505824493778252103657313229657014891380401892895044896892892837817067065754474275290803698029934397174691787219277571060029698029690277746557639926844405952  sigma2 <= 0.697188  cert(theta=(3, 4))=True
2m=260  W=194112152199746758192009157043419122903915855518536737207840125866974087126406091349181970079916821105940338595165939943815326465062246397329596871928780959043539362404112172912917200122154739935470987283580435743633805368995337592  sigma2 <= 0.696074  cert(theta=(3, 4))=True
2m=280  W=223796074576605313441123586294894952796848756776107866925103577548565162568059679674474547779355147503287913374208508950841238404376043352601960028616624713851962937993461412698583153018002389405119069021833177558913792649471824193073314217889942680  sigma2 <= 0.695124  cert(theta=(3, 4))=True
2m=300  W=258019307025965932284415035368262078885883919920714224172810266285877846306714174649878475285545467582186050515150257223953447875235284867492856802841152882395639797351918165851414592404116348578357573431624991771993699350948723064325232335725553527493167518102416544  sigma2 <= 0.694304  cert(theta=(3, 4))=True
2m=320  W=297476007673992645920432917822807945997442822270910298627428433452151372264603803854295695509015765281917374517598515309473478065607032802464457779675736638455834353880966709903851201389560076759274833927490796668479381461320910476041454923653527518812378338027194172670324273069839192  sigma2 <= 0.693590  cert(theta=(3, 4))=True
2m=340  W=342966486351937558709040214970433595394150064663901589968974696638575670661400177677433304789595077137068574603178379999096455621170869922253982156929954020006401861111769131753826231278192244340513268378804483658179075490130208835924203364293101224796479292829688826645435052381715362158266158166839512  sigma2 <= 0.692962  cert(theta=(3, 4))=True
2m=360  W=395413437474599498612933522283599134651148522127750170172346591627970413913066114885234946776302558293458607809526541094989588721196406568675972627812248588873442686109274920324299363580130761718869185848610031440900046680959834805368534499741690742467908733319189013533053985116281192102000748887167427524541582391136640  sigma2 <= 0.692406  cert(theta=(3, 4))=True
2m=380  W=455880655274980664539695012907599531341931418718169301911297716918589060606259599357260503409380046712884167708370770271263965698777544691697852147545920637565706162589991756135241926646662168979660973423644479912426385175584529820545427429226417948146563987897888106864684597045587428967331194333057727305614523603153161123538534652566424  sigma2 <= 0.691909  cert(theta=(3, 4))=True
2m=400  W=525594611000786038402545106717113415249692452547273807134714188577328255743650912202055087562291838990635577456472576188132310964087740637368104421411275291772035839910279539852057125304559764806848638328985386010248330589360010787880215865246833481532919791512815031000358555125607693478230810611296032052513139355102266999547793816082477362012230627229528  sigma2 <= 0.691464  cert(theta=(3, 4))=True
first certifying 2m: 56
DONE
=== n=8 f=4 s_exp=1 mmax=60 theta=7/8
N=256 poly=0b100011101 f=4 s=2 |L|=16 n1=1048560 n2=1048560
edges=16776960 maxentry=1 deg1 in [16,16] deg2 in [16,16] build 3.4s
components=1
girth=10
top singular values: 1.000000 0.496284 0.496284 0.495010 0.495010 0.493952 (16.2s)
walks to length 60 in 32.6s with 5 primes
2m=2  W=16  sigma2 <= 255.996094  cert(theta=(7, 8))=False
2m=4  W=496  sigma2 <= 9.438111  cert(theta=(7, 8))=False
2m=6  W=18976  sigma2 <= 3.253009  cert(theta=(7, 8))=False
2m=8  W=807856  sigma2 <= 1.934617  cert(theta=(7, 8))=False
2m=10  W=37420336  sigma2 <= 1.425659  cert(theta=(7, 8))=False
2m=12  W=1994329216  sigma2 <= 1.167743  cert(theta=(7, 8))=False
2m=20  W=1164873468613485616  sigma2 <= 0.795701  cert(theta=(7, 8))=True
2m=40  W=1393817847045369315913857892464397405477936  sigma2 <= 0.612188  cert(theta=(7, 8))=True
2m=60  W=1685022378097950470947924593947618950488470651901442523418792598336  sigma2 <= 0.566032  cert(theta=(7, 8))=True
first certifying 2m: 18
DONE
ALLDONE
