KB AAtATatatAATTattaTT AUTOMATIC HYPERBOLIC (size := 1216 geowa)
KB AAtATatatATTattaaTT AUTOMATIC HYPERBOLIC (size := 1189 geowa)
KB AAtATatataTTattAATT AUTOMATIC HYPERBOLIC (size := 1181 geowa)
KB AAtATatataaTTattATT AUTOMATIC HYPERBOLIC (size := 1220 geowa)
KB AAtATattAATTatataTT AUTOMATIC HYPERBOLIC (size := 1179 geowa)
KB AAtATattATTatataaTT AUTOMATIC HYPERBOLIC (size := 1193 geowa)
KB AAtATattaTTatatAATT AUTOMATIC HYPERBOLIC (size := 1186 geowa)
KB AAtATattaaTTatatATT AUTOMATIC HYPERBOLIC (size := 1165 geowa)
KB AAtAtATatATTattaaTT AUTOMATIC HYPERBOLIC (size := 1159 geowa)
KB AAtAtaTTattaTatAATT AUTOMATIC HYPERBOLIC (size := 1192 geowa)
KB AAtAtaTatAATTattaTT AUTOMATIC HYPERBOLIC (size := 1204 geowa)
KB AAtAtaTataTTattAATT AUTOMATIC HYPERBOLIC (size := 1170 geowa)
KB AAtaTatAtATTattaaTT AUTOMATIC HYPERBOLIC (size := 1174 geowa)
KB AAtaTatAtaTTattAATT AUTOMATIC HYPERBOLIC (size := 1130 geowa)
KB AAtaTatAtaaTTattATT AUTOMATIC HYPERBOLIC (size := 1190 geowa)
KB AAtaTattAATTatAtaTT AUTOMATIC HYPERBOLIC (size := 1114 geowa)
KB AAtaTattATTatAtaaTT AUTOMATIC HYPERBOLIC (size := 1170 geowa)
KB AAtaTattaaTTatAtATT AUTOMATIC HYPERBOLIC (size := 1166 geowa)
KB AAtatATAtATTattaaTT AUTOMATIC HYPERBOLIC (size := 1184 geowa)
KB AAtataTAtaTTattAATT AUTGROUP-FAIL(rc=1)
KB AAttAATTatATatataTT AUTOMATIC HYPERBOLIC (size := 1138 geowa)
KB AAttAATTatAtaTataTT AUTGROUP-FAIL(rc=1)
KB AAttATATataTattaaTT AUTOMATIC HYPERBOLIC (size := 1128 geowa)
KB AAttATaTatATattaaTT AUTOMATIC HYPERBOLIC (size := 1117 geowa)
KB AAtATattAATTattaTaT AUTOMATIC HYPERBOLIC (size := 1114 geowa)
KB AAtATattATTattaaTaT AUTOMATIC HYPERBOLIC (size := 1168 geowa)
KB AAtATattaTTattAATaT AUTOMATIC HYPERBOLIC (size := 1190 geowa)
KB AAtATattaaTTattATaT AUTOMATIC HYPERBOLIC (size := 1136 geowa)
KB AAtAtAATTattaTTataT AUTOMATIC HYPERBOLIC (size := 1168 geowa)
KB AAtAtATTattaaTTataT AUTOMATIC HYPERBOLIC (size := 1140 geowa)
KB AAtAtaTTattAATTataT AUTOMATIC HYPERBOLIC (size := 1182 geowa)
KB AAtAtaaTTattATTataT AUTOMATIC HYPERBOLIC (size := 1198 geowa)
SENTINEL_DONE
