CENSUS_REST 211 = LANDED_PASS 70 + NONFREE 141
PRIMPASS TTTATAAATTatAATA vfib=k=2,S=3,fibre=F_4
PRIMPASS TTTATAAATATaattA vfib=k=2,S=4,fibre=F_5
PRIMPASS TTTATAAtaaatAATA vfib=k=3,S=6,fibre=F_8
PRIMPASS TTTATAAtaaattATA vfib=k=2,S=4,fibre=F_5
PRIMPASS TTTATAAtataTTAAA vfib=k=2,S=6,fibre=F_9
PRIMPASS TTTATAAtataaTAAA vfib=NONE_AT_SEARCHED_INDEX
PRIMPASS TTTATAAtataaatAA vfib=NONE_AT_SEARCHED_INDEX
PRIMPASS TTTATAttataaTAAA vfib=k=2,S=4,fibre=F_5
PRIMPASS TTATATTaaTATAtaa vfib=k=2,S=2,fibre=F_4
PRIMPASS TTATATTaaTAAtata vfib=k=2,S=3,fibre=F_5
PRIMPASS TTATATTaatAAtata vfib=k=2,S=3,fibre=F_5
PRIMPASS TTATATaaTATAttaa vfib=k=2,S=4,fibre=F_5
PRIMPASS TTATATaaTAAttata vfib=k=2,S=3,fibre=F_5
PRIMPASS TTATATaatATATTaa vfib=k=2,S=8,fibre=F_12
PRIMPASS TTATATatatAATTaa vfib=k=2,S=6,fibre=F_7
PRIMPASS TTATAAtaTTAAtata vfib=k=2,S=3,fibre=F_4
PRIMPASS TTATAAtaaTAAtata vfib=k=6,S=3,fibre=F_9
PRIMPASS TTATAtATATaTAAta vfib=k=2,S=4,fibre=F_5
PRIMPASS TTATAtATATaatAta vfib=k=2,S=6,fibre=F_7
PRIMPASS TTATAtATaTAAtata vfib=k=2,S=6,fibre=F_7
PRIMPASS TTATAtaaTATAttaa vfib=k=2,S=8,fibre=F_12
PRIMPASS TTATAtaaTAATTata vfib=k=2,S=3,fibre=F_5
PRIMPASS TTATAtaatAATTata vfib=k=2,S=3,fibre=F_5
PRIMPASS TTATAtatatAATTaa vfib=k=2,S=6,fibre=F_7
PRIMPASS TTATAtatatAAttaa vfib=k=2,S=6,fibre=F_7
PRIMPASS TTATAttaaTATATaa vfib=k=2,S=2,fibre=F_4
PRIMPASS TTATAttaaTATAtaa vfib=k=2,S=2,fibre=F_4
PRIMPASS TTATAttaaTAATata vfib=k=2,S=3,fibre=F_5
PRIMPASS TTAATTaatATATata vfib=k=2,S=6,fibre=F_7
PRIMPASS TTAATTaatATAtata vfib=k=2,S=6,fibre=F_7
PRIMPASS TTAATTataTAAtata vfib=k=2,S=8,fibre=F_12
PRIMPASS TTAATataTATAttaa vfib=k=2,S=6,fibre=F_7
PRIMPASS TTAATatatAATTata vfib=k=2,S=2,fibre=F_4
PRIMPASS TTAAtaTatatAtata vfib=k=2,S=3,fibre=F_4
PRIMOTHER TTAATaTAATTatAta FAIL(alternating_cycle) VERIFIED k=2 S=3 fibre=F_4
PRIMOTHER TTAATaTAATaTAtta PASS_HLOOP VERIFIED k=2 S=6 fibre=F_7
NONPRIM TTAATTaaTAATatta VERIFIED k=2 S=2 fibre=F_3
NONPRIM TTAATTaaTATAtata VERIFIED k=2 S=6 fibre=F_7
NONPRIM TTAATTaaTAtATata VERIFIED k=2 S=6 fibre=F_7
NONPRIM TTAATTaaTAtAtata VERIFIED k=2 S=6 fibre=F_7
NONPRIM TTAATTaaTAttATaa VERIFIED k=4 S=5 fibre=F_11
NONPRIM TTAATTaatAATatta VERIFIED k=2 S=2 fibre=F_3
NONPRIM TTAATTaatATTAtaa VERIFIED k=2 S=10 fibre=F_14
NONPRIM TTAATTaatAtATata VERIFIED k=2 S=6 fibre=F_7
NONPRIM TTAATTatATaaTAta VERIFIED k=2 S=8 fibre=F_12
NONPRIM TTAATTatATaatAta VERIFIED k=2 S=8 fibre=F_12
NONPRIM TTAATaTAttaaTAta VERIFIED k=2 S=6 fibre=F_6
NONPRIM TTAATaTaTATAttaa VERIFIED k=2 S=6 fibre=F_7
NONPRIM TTAATaTatAATTata VERIFIED k=2 S=2 fibre=F_4
NONPRIM TTAATaTatATAttaa VERIFIED k=2 S=6 fibre=F_7
NONPRIM TTAATaaTAATTatta VERIFIED k=2 S=2 fibre=F_3
NONPRIM TTAATaaTAtATTata VERIFIED k=2 S=3 fibre=F_5
NONPRIM TTAATaatAATTatta VERIFIED k=2 S=2 fibre=F_3
NONPRIM TTAATaatATTAttaa VERIFIED k=2 S=2 fibre=F_3
NONPRIM TTAATaatAtATTata VERIFIED k=2 S=3 fibre=F_5
NONPRIM TTAATatATTaaTAta VERIFIED k=2 S=6 fibre=F_6
NONPRIM TTAATatATTaatAta VERIFIED k=2 S=6 fibre=F_6
NONPRIM TTAAtaTAttATAtaa VERIFIED k=2 S=2 fibre=F_4
NONPRIM TTAAtaTaTATAttaa VERIFIED k=2 S=6 fibre=F_7
NONPRIM TTAAtaTatAATTata VERIFIED k=2 S=2 fibre=F_4
NONPRIM TTAAtaaTAtATTata VERIFIED k=2 S=3 fibre=F_5
NONPRIM TTAAtatATATAttaa VERIFIED k=2 S=6 fibre=F_7
NONPRIM TTAAtatATTAtAtaa VERIFIED k=2 S=2 fibre=F_4
NONPRIM TTATATTaTaTAAtaa VERIFIED k=2 S=3 fibre=F_5
NONPRIM TTATATTaTatAATaa VERIFIED k=2 S=3 fibre=F_5
NONPRIM TTATATTaTatAAtaa VERIFIED k=2 S=4 fibre=F_5
NONPRIM TTATATTaaTAtAtaa VERIFIED k=2 S=2 fibre=F_4
NONPRIM TTATATTaatAATata VERIFIED k=2 S=3 fibre=F_5
NONPRIM TTATATTaatATAtaa VERIFIED k=2 S=2 fibre=F_4
NONPRIM TTATATTaatAtAtaa VERIFIED k=2 S=2 fibre=F_4
NONPRIM TTATATaTaTAAttaa VERIFIED k=2 S=6 fibre=F_7
NONPRIM TTATATaTatAATTaa VERIFIED k=2 S=6 fibre=F_7
NONPRIM TTATATaTatAAttaa VERIFIED k=2 S=6 fibre=F_7
NONPRIM TTATATaaTAAttaTa VERIFIED k=2 S=4 fibre=F_5
NONPRIM TTATATaaTAtAttaa VERIFIED k=2 S=8 fibre=F_12
NONPRIM TTATATaatAATTata VERIFIED k=2 S=3 fibre=F_5
NONPRIM TTATATaatAAttaTa VERIFIED k=2 S=3 fibre=F_5
NONPRIM TTATATaatATAttaa VERIFIED k=2 S=8 fibre=F_12
NONPRIM TTATATaatAtATTaa VERIFIED k=2 S=8 fibre=F_12
NONPRIM TTATATataTAAttaa VERIFIED k=2 S=6 fibre=F_7
NONPRIM TTATAtaTaTAATTaa VERIFIED k=2 S=6 fibre=F_7
NONPRIM TTATAtaTaTAAttaa VERIFIED k=2 S=6 fibre=F_7
NONPRIM TTATAtaTatAATTaa VERIFIED k=2 S=6 fibre=F_7
NONPRIM TTATAtaaTAAttaTa VERIFIED k=2 S=3 fibre=F_5
NONPRIM TTATAtaaTAtATTaa VERIFIED k=2 S=8 fibre=F_12
NONPRIM TTATAtaatAAttata VERIFIED k=2 S=3 fibre=F_5
NONPRIM TTATAtaatATATTaa VERIFIED k=2 S=6 fibre=F_7
NONPRIM TTATAtaatAtATTaa VERIFIED k=2 S=8 fibre=F_12
NONPRIM TTATAtataTAATTaa VERIFIED k=2 S=6 fibre=F_7
NONPRIM TTATAttaTaTAATaa VERIFIED k=2 S=5 fibre=F_7
NONPRIM TTATAttaTaTAAtaa VERIFIED k=2 S=3 fibre=F_5
NONPRIM TTATAttaTatAATaa VERIFIED k=2 S=3 fibre=F_5
NONPRIM TTATAttaaTAtATaa VERIFIED k=2 S=2 fibre=F_4
NONPRIM TTATAttaatAAtata VERIFIED k=2 S=3 fibre=F_5
NONPRIM TTATAttaatATATaa VERIFIED k=2 S=2 fibre=F_4
NONPRIM TTATAttaatAtAtaa VERIFIED k=2 S=2 fibre=F_4
NONPRIM TTATTATTaaTAAtaa VERIFIED k=2 S=2 fibre=F_3
NONPRIM TTATTATTaatAAtaa VERIFIED k=2 S=2 fibre=F_3
NONPRIM TTATTATaaTAAttaa VERIFIED k=2 S=2 fibre=F_3
NONPRIM TTATTATaatAATTaa VERIFIED k=2 S=2 fibre=F_3
NONPRIM TTATTATaatAAttaa VERIFIED k=2 S=2 fibre=F_3
NONPRIM TTATTAtaaTAATTaa VERIFIED k=2 S=2 fibre=F_3
NONPRIM TTATTAtaaTAAttaa VERIFIED k=2 S=2 fibre=F_3
NONPRIM TTATTAtaatAATTaa VERIFIED k=2 S=5 fibre=F_7
NONPRIM TTATTAttaaTAATaa VERIFIED k=2 S=5 fibre=F_7
NONPRIM TTATTAttaaTAAtaa VERIFIED k=2 S=2 fibre=F_3
NONPRIM TTATTAttaatAATaa VERIFIED k=2 S=2 fibre=F_3
NONPRIM TTATaTAATTaTAtaa VERIFIED k=2 S=6 fibre=F_6
NONPRIM TTATaTAATTatATaa VERIFIED k=2 S=6 fibre=F_6
NONPRIM TTATaTAATTatAtaa VERIFIED k=2 S=6 fibre=F_6
NONPRIM TTATaTAATaTAttaa VERIFIED k=2 S=4 fibre=F_5
NONPRIM TTATaTAATatATTaa VERIFIED k=2 S=8 fibre=F_12
NONPRIM TTATaTAATatAttaa VERIFIED k=2 S=8 fibre=F_12
NONPRIM TTATaTAAtaTATTaa VERIFIED k=2 S=8 fibre=F_12
NONPRIM TTATaTAAtaTAttaa VERIFIED k=2 S=8 fibre=F_12
NONPRIM TTATaTAAtatATTaa VERIFIED k=2 S=8 fibre=F_12
NONPRIM TTATaTAAttaTATaa VERIFIED k=2 S=6 fibre=F_6
NONPRIM TTATaTAAttaTAtaa VERIFIED k=2 S=6 fibre=F_6
NONPRIM TTATaTAAttatATaa VERIFIED k=2 S=6 fibre=F_6
NONPRIM TTATaaTAATTaattA VERIFIED k=2 S=5 fibre=F_7
NONPRIM TTATaaTTAATTaatA VERIFIED k=6 S=5 fibre=F_17
NONPRIM TTATaaTTAAttaaTA VERIFIED k=2 S=4 fibre=F_5
NONPRIM TTATaaTTAAttaatA VERIFIED k=4 S=6 fibre=F_13
NONPRIM TTATaatAATTaattA VERIFIED k=2 S=2 fibre=F_3
NONPRIM TTATaatAAttaattA VERIFIED k=2 S=2 fibre=F_3
NONPRIM TTATaattAATTaatA VERIFIED k=5 S=4 fibre=F_10
NONPRIM TTATaattAAttaatA VERIFIED k=4 S=18 fibre=F_44
NONPRIM TTATatAATTaTAtaa VERIFIED k=2 S=6 fibre=F_6
NONPRIM TTATatAATTatATaa VERIFIED k=2 S=6 fibre=F_6
NONPRIM TTATatAATTatAtaa VERIFIED k=2 S=6 fibre=F_6
NONPRIM TTATatAATaTAttaa VERIFIED k=2 S=8 fibre=F_12
NONPRIM TTATatAATatATTaa VERIFIED k=2 S=8 fibre=F_12
NONPRIM TTATatAAtaTATTaa VERIFIED k=2 S=8 fibre=F_12
NONPRIM TTATatAAtatATTaa VERIFIED k=2 S=8 fibre=F_12
NONPRIM TTATatAAttaTATaa VERIFIED k=2 S=6 fibre=F_6
NONPRIM TTTAAtataaTATAtA VERIFIED k=2 S=4 fibre=F_5
NONPRIM TTTATAAtaTatAATA VERIFIED k=2 S=3 fibre=F_4
NONPRIM TTTATAAtaaTAtATA VERIFIED k=2 S=4 fibre=F_5
NONPRIM TTTATAAtataTatAA VERIFIED k=2 S=3 fibre=F_4
NONPRIM TTTATAAtataaTAtA VERIFIED k=2 S=4 fibre=F_5
NONPRIM TTTATAtATATaatAA VERIFIED k=2 S=6 fibre=F_7
LANDEDPASS TTTATATTaaTAAtaa vfib=k=5,S=5,fibre=F_12
LANDEDPASS TTTATATTaatAATaa vfib=k=6,S=4,fibre=F_11
LANDEDPASS TTTATATTaatAAtaa vfib=k=4,S=8,fibre=F_20
LANDEDPASS TTTATATaaTAAttaa vfib=NONE_AT_SEARCHED_INDEX
LANDEDPASS TTTATATaatAATTaa vfib=NONE_AT_SEARCHED_INDEX
LANDEDPASS TTTATATaatAAttaa vfib=NONE_AT_SEARCHED_INDEX
LANDEDPASS TTTATAAATTattATA vfib=k=6,S=12,fibre=F_31
LANDEDPASS TTTATAAATATTattA vfib=k=5,S=20,fibre=F_50
LANDEDPASS TTTATAAtaTTAtATA vfib=NONE_AT_SEARCHED_INDEX
LANDEDPASS TTTATAAtaTattATA vfib=k=3,S=6,fibre=F_9
LANDEDPASS TTTATAAtataTTAtA vfib=k=6,S=11,fibre=F_35
LANDEDPASS TTTATAAtataTattA vfib=NONE_AT_SEARCHED_INDEX
LANDEDPASS TTTATAtATATTatAA vfib=NONE_AT_SEARCHED_INDEX
LANDEDPASS TTTATAtATATaattA vfib=NONE_AT_SEARCHED_INDEX
LANDEDPASS TTTATAtATaattATA vfib=k=6,S=5,fibre=F_13
LANDEDPASS TTTATAtaaTAATTaa vfib=NONE_AT_SEARCHED_INDEX
LANDEDPASS TTTATAtaaTAAttaa vfib=k=2,S=4,fibre=F_5
LANDEDPASS TTTATAtaatAATTaa vfib=NONE_AT_SEARCHED_INDEX
LANDEDPASS TTTATAttaaTAATaa vfib=NONE_AT_SEARCHED_INDEX
LANDEDPASS TTTATAttaaTAAtaa vfib=k=6,S=29,fibre=F_79
LANDEDPASS TTTATAttaaattATA vfib=k=3,S=10,fibre=F_14
LANDEDPASS TTTATAttaatAATaa vfib=k=2,S=5,fibre=F_7
LANDEDPASS TTTATAttataTTAAA vfib=NONE_AT_SEARCHED_INDEX
LANDEDPASS TTTATAttataTatAA vfib=NONE_AT_SEARCHED_INDEX
LANDEDPASS TTTATAttataaTAtA vfib=NONE_AT_SEARCHED_INDEX
LANDEDPASS TTTAATTaTaTAAtaa vfib=k=6,S=8,fibre=F_22
LANDEDPASS TTTAATTaTatAATaa vfib=k=6,S=5,fibre=F_15
LANDEDPASS TTTAATTaTatAAtaa vfib=k=8,S=7,fibre=F_31
LANDEDPASS TTTAATTaaTATAtaa vfib=k=4,S=11,fibre=F_20
LANDEDPASS TTTAATTaaTAAtata vfib=NONE_AT_SEARCHED_INDEX
LANDEDPASS TTTAATTaaTAtAtaa vfib=k=6,S=5,fibre=F_15
LANDEDPASS TTTAATTaatATATaa vfib=NONE_AT_SEARCHED_INDEX
LANDEDPASS TTTAATTaatATAtaa vfib=NONE_AT_SEARCHED_INDEX
LANDEDPASS TTTAATTaatAATata vfib=NONE_AT_SEARCHED_INDEX
LANDEDPASS TTTAATTaatAAtata vfib=NONE_AT_SEARCHED_INDEX
LANDEDPASS TTTAATTaatAtATaa vfib=NONE_AT_SEARCHED_INDEX
LANDEDPASS TTTAATTaatAtAtaa vfib=NONE_AT_SEARCHED_INDEX
LANDEDPASS TTTAATTataTAAtaa vfib=k=4,S=8,fibre=F_17
LANDEDPASS TTTAATTatatAATaa vfib=k=6,S=4,fibre=F_15
LANDEDPASS TTTAATTatatAAtaa vfib=NONE_AT_SEARCHED_INDEX
LANDEDPASS TTTAATaTaTAAttaa vfib=NONE_AT_SEARCHED_INDEX
LANDEDPASS TTTAATaTatAAttaa vfib=k=2,S=5,fibre=F_7
LANDEDPASS TTTAATaaTATAttaa vfib=NONE_AT_SEARCHED_INDEX
LANDEDPASS TTTAATaaTAAttata vfib=NONE_AT_SEARCHED_INDEX
LANDEDPASS TTTAATaaTAtAttaa vfib=NONE_AT_SEARCHED_INDEX
LANDEDPASS TTTAATaatATAttaa vfib=k=2,S=10,fibre=F_14
LANDEDPASS TTTAATaatAATTata vfib=NONE_AT_SEARCHED_INDEX
LANDEDPASS TTTAATataTAAttaa vfib=NONE_AT_SEARCHED_INDEX
LANDEDPASS TTTAAtaTaTAAttaa vfib=k=2,S=8,fibre=F_10
LANDEDPASS TTTAAtaaTATAttaa vfib=NONE_AT_SEARCHED_INDEX
LANDEDPASS TTTAAtaaTAATTata vfib=NONE_AT_SEARCHED_INDEX
LANDEDPASS TTTAAtaatAATTata vfib=k=7,S=7,fibre=F_25
LANDEDPASS TTTAAtaatAAttata vfib=k=2,S=5,fibre=F_7
LANDEDPASS TTTAAtaatAtAttaa vfib=k=2,S=8,fibre=F_10
LANDEDPASS TTTAAtataTTATAtA vfib=k=4,S=8,fibre=F_17
LANDEDPASS TTTAAtataTatattA vfib=k=3,S=9,fibre=F_14
LANDEDPASS TTTAAtatatAAttaa vfib=k=5,S=10,fibre=F_24
LANDEDPASS TTTAAttaaTAATata vfib=NONE_AT_SEARCHED_INDEX
LANDEDPASS TTTAAttaatAAtata vfib=k=2,S=5,fibre=F_7
LANDEDPASS TTTAtATATaatattA vfib=k=6,S=6,fibre=F_19
LANDEDPASS TTATAAtaTTAttata vfib=NONE_AT_SEARCHED_INDEX
LANDEDPASS TTATAtATTatAtata vfib=NONE_AT_SEARCHED_INDEX
LANDEDPASS TTATAtATATTatAta vfib=k=3,S=8,fibre=F_13
LANDEDPASS TTATAtATATaTAtta vfib=k=8,S=3,fibre=F_11
LANDEDPASS TTATAtATaTAttata vfib=NONE_AT_SEARCHED_INDEX
LANDEDPASS TTATAttaTTAAtata vfib=NONE_AT_SEARCHED_INDEX
LANDEDPASS TTATAttaTatAtata vfib=NONE_AT_SEARCHED_INDEX
LANDEDPASS TTATAttaaTAttata vfib=NONE_AT_SEARCHED_INDEX
LANDEDPASS TTAtATTatatAtata vfib=k=5,S=5,fibre=F_11
LANDEDPASS TTAtATATaTATAtta vfib=NONE_AT_SEARCHED_INDEX
COUNTS open=107 open_verified=107 index=[('k=2', 102), ('k=4', 3), ('k=5', 1), ('k=6', 1)]
COUNTS primpass=34 primpass_verified=32 index=[('k=2', 30), ('k=3', 1), ('k=6', 1)]
COUNTS landedpass=70 landedpass_verified=33 index=[('k=2', 8), ('k=3', 4), ('k=4', 4), ('k=5', 4), ('k=6', 10), ('k=7', 1), ('k=8', 2)]
NO_VFIB_CERT 39 (all Linton-certified): TTATAAtaTTAttata TTATAtATTatAtata TTATAtATaTAttata TTATAttaTTAAtata TTATAttaTatAtata TTATAttaaTAttata TTAtATATaTATAtta TTTAATTaaTAAtata TTTAATTaatAATata TTTAATTaatAAtata TTTAATTaatATATaa TTTAATTaatATAtaa TTTAATTaatAtATaa TTTAATTaatAtAtaa TTTAATTatatAAtaa TTTAATaTaTAAttaa TTTAATaaTAAttata TTTAATaaTATAttaa TTTAATaaTAtAttaa TTTAATaatAATTata TTTAATataTAAttaa TTTAAtaaTAATTata TTTAAtaaTATAttaa TTTAAttaaTAATata TTTATAAtaTTAtATA TTTATAAtataTattA TTTATAAtataaTAAA TTTATAAtataaatAA TTTATATaaTAAttaa TTTATATaatAATTaa TTTATATaatAAttaa TTTATAtATATTatAA TTTATAtATATaattA TTTATAtaaTAATTaa TTTATAtaatAATTaa TTTATAttaaTAATaa TTTATAttataTTAAA TTTATAttataTatAA TTTATAttataaTAtA
RECHECKED 172 (same k, S, fibre rank as verify.py)
TOTAL virtually free-by-cyclic by verified certificate: 172 of 211
TOTAL Linton-certified (landed 70 + transported 34): 104 of 211
TOTAL covered by at least one certificate: 211 of 211
SENTINEL_DONE
