NOPP TTTATAAtaTatAATA EXHAUSTED nodes=344
NOPP TTTATAAtaaTAtATA EXHAUSTED nodes=344
NOPP TTTATAAtataTatAA EXHAUSTED nodes=344
NOPP TTTATAAtataaTAtA EXHAUSTED nodes=344
NOPP TTTATAtATATaatAA EXHAUSTED nodes=344
NOPP TTTAAtataaTATAtA EXHAUSTED nodes=344
NOPP TTATTATTaaTAAtaa EXHAUSTED nodes=260
NOPP TTATTATTaatAAtaa EXHAUSTED nodes=260
NOPP TTATTATaaTAAttaa EXHAUSTED nodes=260
NOPP TTATTATaatAATTaa EXHAUSTED nodes=260
NOPP TTATTATaatAAttaa EXHAUSTED nodes=260
NOPP TTATTAtaaTAATTaa EXHAUSTED nodes=284
NOPP TTATTAtaaTAAttaa EXHAUSTED nodes=320
NOPP TTATTAtaatAATTaa EXHAUSTED nodes=284
NOPP TTATTAttaaTAATaa EXHAUSTED nodes=284
NOPP TTATTAttaaTAAtaa EXHAUSTED nodes=320
NOPP TTATTAttaatAATaa EXHAUSTED nodes=284
NOPP TTATATTaTaTAAtaa EXHAUSTED nodes=284
NOPP TTATATTaTatAATaa EXHAUSTED nodes=304
NOPP TTATATTaTatAAtaa EXHAUSTED nodes=304
NOPP TTATATTaaTAtAtaa EXHAUSTED nodes=304
NOPP TTATATTaatATAtaa EXHAUSTED nodes=344
NOPP TTATATTaatAATata EXHAUSTED nodes=344
NOPP TTATATTaatAtAtaa EXHAUSTED nodes=284
NOPP TTATATaTaTAAttaa EXHAUSTED nodes=284
NOPP TTATATaTatAATTaa EXHAUSTED nodes=304
NOPP TTATATaTatAAttaa EXHAUSTED nodes=304
NOPP TTATATaaTAAttaTa EXHAUSTED nodes=304
NOPP TTATATaaTAtAttaa EXHAUSTED nodes=304
NOPP TTATATaatATAttaa EXHAUSTED nodes=344
NOPP TTATATaatAATTata EXHAUSTED nodes=344
NOPP TTATATaatAAttaTa EXHAUSTED nodes=304
NOPP TTATATaatAtATTaa EXHAUSTED nodes=304
NOPP TTATATataTAAttaa EXHAUSTED nodes=344
NOPP TTATAtaTaTAATTaa EXHAUSTED nodes=324
NOPP TTATAtaTaTAAttaa EXHAUSTED nodes=372
NOPP TTATAtaTatAATTaa EXHAUSTED nodes=384
NOPP TTATAtaaTAAttaTa EXHAUSTED nodes=372
NOPP TTATAtaaTAtATTaa EXHAUSTED nodes=384
NOPP TTATAtaatATATTaa EXHAUSTED nodes=344
NOPP TTATAtaatAAttata EXHAUSTED nodes=344
NOPP TTATAtaatAtATTaa EXHAUSTED nodes=324
NOPP TTATAtataTAATTaa EXHAUSTED nodes=344
NOPP TTATAttaTaTAATaa EXHAUSTED nodes=324
NOPP TTATAttaTaTAAtaa EXHAUSTED nodes=372
NOPP TTATAttaTatAATaa EXHAUSTED nodes=384
NOPP TTATAttaaTAtATaa EXHAUSTED nodes=384
NOPP TTATAttaatATATaa EXHAUSTED nodes=344
NOPP TTATAttaatAAtata EXHAUSTED nodes=344
NOPP TTATAttaatAtAtaa EXHAUSTED nodes=304
NOPP TTATaTAATTaTAtaa EXHAUSTED nodes=460
NOPP TTATaTAATTatATaa EXHAUSTED nodes=492
NOPP TTATaTAATTatAtaa EXHAUSTED nodes=460
NOPP TTATaTAATaTAttaa EXHAUSTED nodes=460
NOPP TTATaTAATatATTaa EXHAUSTED nodes=492
NOPP TTATaTAATatAttaa EXHAUSTED nodes=460
NOPP TTATaTAAtaTATTaa EXHAUSTED nodes=460
NOPP TTATaTAAtaTAttaa EXHAUSTED nodes=540
NOPP TTATaTAAtatATTaa EXHAUSTED nodes=460
NOPP TTATaTAAttaTATaa EXHAUSTED nodes=460
NOPP TTATaTAAttaTAtaa EXHAUSTED nodes=540
NOPP TTATaTAAttatATaa EXHAUSTED nodes=460
NOPP TTATaaTTAATTaatA EXHAUSTED nodes=284
NOPP TTATaaTTAAttaaTA EXHAUSTED nodes=260
NOPP TTATaaTTAAttaatA EXHAUSTED nodes=284
NOPP TTATaaTAATTaattA EXHAUSTED nodes=284
NOPP TTATaatAATTaattA EXHAUSTED nodes=320
NOPP TTATaatAAttaattA EXHAUSTED nodes=284
NOPP TTATaattAATTaatA EXHAUSTED nodes=320
NOPP TTATaattAAttaatA EXHAUSTED nodes=284
NOPP TTATatAATTaTAtaa EXHAUSTED nodes=540
NOPP TTATatAATTatATaa EXHAUSTED nodes=632
NOPP TTATatAATTatAtaa EXHAUSTED nodes=540
NOPP TTATatAATaTAttaa EXHAUSTED nodes=540
NOPP TTATatAATatATTaa EXHAUSTED nodes=632
NOPP TTATatAAtaTATTaa EXHAUSTED nodes=560
NOPP TTATatAAtatATTaa EXHAUSTED nodes=560
NOPP TTATatAAttaTATaa EXHAUSTED nodes=560
NOPP TTAATTaaTATAtata EXHAUSTED nodes=344
NOPP TTAATTaaTAATatta EXHAUSTED nodes=344
NOPP TTAATTaaTAtATata EXHAUSTED nodes=396
NOPP TTAATTaaTAtAtata EXHAUSTED nodes=324
NOPP TTAATTaaTAttATaa EXHAUSTED nodes=344
NOPP TTAATTaatATTAtaa EXHAUSTED nodes=372
NOPP TTAATTaatAATatta EXHAUSTED nodes=372
NOPP TTAATTaatAtATata EXHAUSTED nodes=384
NOPP TTAATTatATaaTAta EXHAUSTED nodes=724
NOPP TTAATTatATaatAta EXHAUSTED nodes=632
NOPP TTAATaTAATTatAta EXHAUSTED nodes=560
NOPP TTAATaTAATaTAtta EXHAUSTED nodes=560
NOPP TTAATaTAttaaTAta EXHAUSTED nodes=632
NOPP TTAATaTaTATAttaa EXHAUSTED nodes=304
NOPP TTAATaTatATAttaa EXHAUSTED nodes=384
NOPP TTAATaTatAATTata EXHAUSTED nodes=384
NOPP TTAATaaTAATTatta EXHAUSTED nodes=344
NOPP TTAATaaTAtATTata EXHAUSTED nodes=396
NOPP TTAATaatATTAttaa EXHAUSTED nodes=372
NOPP TTAATaatAATTatta EXHAUSTED nodes=372
NOPP TTAATaatAtATTata EXHAUSTED nodes=384
NOPP TTAATatATTaaTAta EXHAUSTED nodes=724
NOPP TTAATatATTaatAta EXHAUSTED nodes=632
NOPP TTAAtaTAttATAtaa EXHAUSTED nodes=632
NOPP TTAAtaTaTATAttaa EXHAUSTED nodes=372
NOPP TTAAtaTatAATTata EXHAUSTED nodes=540
NOPP TTAAtaaTAtATTata EXHAUSTED nodes=540
NOPP TTAAtatATTAtAtaa EXHAUSTED nodes=384
NOPP TTAAtatATATAttaa EXHAUSTED nodes=344
COUNTS [('NOPP_EXHAUSTED', 107)]
SENTINEL_DONE
