TTTATAAtaTatAATA RECHECKED k=2 S=3 chi(X[0,S])=-3
TTTATAAtaaTAtATA RECHECKED k=2 S=4 chi(X[0,S])=-4
TTTATAAtataTatAA RECHECKED k=2 S=3 chi(X[0,S])=-3
TTTATAAtataaTAtA RECHECKED k=2 S=4 chi(X[0,S])=-4
TTTATAtATATaatAA RECHECKED k=2 S=6 chi(X[0,S])=-6
TTTAAtataaTATAtA RECHECKED k=2 S=4 chi(X[0,S])=-4
TTATTATTaaTAAtaa RECHECKED k=2 S=2 chi(X[0,S])=-2
TTATTATTaatAAtaa RECHECKED k=2 S=2 chi(X[0,S])=-2
TTATTATaaTAAttaa RECHECKED k=2 S=2 chi(X[0,S])=-2
TTATTATaatAATTaa RECHECKED k=2 S=2 chi(X[0,S])=-2
TTATTATaatAAttaa RECHECKED k=2 S=2 chi(X[0,S])=-2
TTATTAtaaTAATTaa RECHECKED k=2 S=2 chi(X[0,S])=-2
TTATTAtaaTAAttaa RECHECKED k=2 S=2 chi(X[0,S])=-2
TTATTAtaatAATTaa RECHECKED k=2 S=5 chi(X[0,S])=-6
TTATTAttaaTAATaa RECHECKED k=2 S=5 chi(X[0,S])=-6
TTATTAttaaTAAtaa RECHECKED k=2 S=2 chi(X[0,S])=-2
TTATTAttaatAATaa RECHECKED k=2 S=2 chi(X[0,S])=-2
TTATATTaTaTAAtaa RECHECKED k=2 S=3 chi(X[0,S])=-4
TTATATTaTatAATaa RECHECKED k=2 S=3 chi(X[0,S])=-4
TTATATTaTatAAtaa RECHECKED k=2 S=4 chi(X[0,S])=-4
TTATATTaaTAtAtaa RECHECKED k=2 S=2 chi(X[0,S])=-3
TTATATTaatATAtaa RECHECKED k=2 S=2 chi(X[0,S])=-3
TTATATTaatAATata RECHECKED k=2 S=3 chi(X[0,S])=-4
TTATATTaatAtAtaa RECHECKED k=2 S=2 chi(X[0,S])=-3
TTATATaTaTAAttaa RECHECKED k=2 S=6 chi(X[0,S])=-6
TTATATaTatAATTaa RECHECKED k=2 S=6 chi(X[0,S])=-6
TTATATaTatAAttaa RECHECKED k=2 S=6 chi(X[0,S])=-6
TTATATaaTAAttaTa RECHECKED k=2 S=4 chi(X[0,S])=-4
TTATATaaTAtAttaa RECHECKED k=2 S=8 chi(X[0,S])=-11
TTATATaatATAttaa RECHECKED k=2 S=8 chi(X[0,S])=-11
TTATATaatAATTata RECHECKED k=2 S=3 chi(X[0,S])=-4
TTATATaatAAttaTa RECHECKED k=2 S=3 chi(X[0,S])=-4
TTATATaatAtATTaa RECHECKED k=2 S=8 chi(X[0,S])=-11
TTATATataTAAttaa RECHECKED k=2 S=6 chi(X[0,S])=-6
TTATAtaTaTAATTaa RECHECKED k=2 S=6 chi(X[0,S])=-6
TTATAtaTaTAAttaa RECHECKED k=2 S=6 chi(X[0,S])=-6
TTATAtaTatAATTaa RECHECKED k=2 S=6 chi(X[0,S])=-6
TTATAtaaTAAttaTa RECHECKED k=2 S=3 chi(X[0,S])=-4
TTATAtaaTAtATTaa RECHECKED k=2 S=8 chi(X[0,S])=-11
TTATAtaatATATTaa RECHECKED k=2 S=6 chi(X[0,S])=-6
TTATAtaatAAttata RECHECKED k=2 S=3 chi(X[0,S])=-4
TTATAtaatAtATTaa RECHECKED k=2 S=8 chi(X[0,S])=-11
TTATAtataTAATTaa RECHECKED k=2 S=6 chi(X[0,S])=-6
TTATAttaTaTAATaa RECHECKED k=2 S=5 chi(X[0,S])=-6
TTATAttaTaTAAtaa RECHECKED k=2 S=3 chi(X[0,S])=-4
TTATAttaTatAATaa RECHECKED k=2 S=3 chi(X[0,S])=-4
TTATAttaaTAtATaa RECHECKED k=2 S=2 chi(X[0,S])=-3
TTATAttaatATATaa RECHECKED k=2 S=2 chi(X[0,S])=-3
TTATAttaatAAtata RECHECKED k=2 S=3 chi(X[0,S])=-4
TTATAttaatAtAtaa RECHECKED k=2 S=2 chi(X[0,S])=-3
TTATaTAATTaTAtaa RECHECKED k=2 S=6 chi(X[0,S])=-5
TTATaTAATTatATaa RECHECKED k=2 S=6 chi(X[0,S])=-5
TTATaTAATTatAtaa RECHECKED k=2 S=6 chi(X[0,S])=-5
TTATaTAATaTAttaa RECHECKED k=2 S=4 chi(X[0,S])=-4
TTATaTAATatATTaa RECHECKED k=2 S=8 chi(X[0,S])=-11
TTATaTAATatAttaa RECHECKED k=2 S=8 chi(X[0,S])=-11
TTATaTAAtaTATTaa RECHECKED k=2 S=8 chi(X[0,S])=-11
TTATaTAAtaTAttaa RECHECKED k=2 S=8 chi(X[0,S])=-11
TTATaTAAtatATTaa RECHECKED k=2 S=8 chi(X[0,S])=-11
TTATaTAAttaTATaa RECHECKED k=2 S=6 chi(X[0,S])=-5
TTATaTAAttaTAtaa RECHECKED k=2 S=6 chi(X[0,S])=-5
TTATaTAAttatATaa RECHECKED k=2 S=6 chi(X[0,S])=-5
TTATaaTTAAttaaTA RECHECKED k=2 S=4 chi(X[0,S])=-4
TTATaaTTAAttaatA RECHECKED k=4 S=6 chi(X[0,S])=-12
TTATaaTAATTaattA RECHECKED k=2 S=5 chi(X[0,S])=-6
TTATaatAATTaattA RECHECKED k=2 S=2 chi(X[0,S])=-2
TTATaatAAttaattA RECHECKED k=2 S=2 chi(X[0,S])=-2
TTATaattAAttaatA RECHECKED k=4 S=18 chi(X[0,S])=-43
TTATatAATTaTAtaa RECHECKED k=2 S=6 chi(X[0,S])=-5
TTATatAATTatATaa RECHECKED k=2 S=6 chi(X[0,S])=-5
TTATatAATTatAtaa RECHECKED k=2 S=6 chi(X[0,S])=-5
TTATatAATaTAttaa RECHECKED k=2 S=8 chi(X[0,S])=-11
TTATatAATatATTaa RECHECKED k=2 S=8 chi(X[0,S])=-11
TTATatAAtaTATTaa RECHECKED k=2 S=8 chi(X[0,S])=-11
TTATatAAtatATTaa RECHECKED k=2 S=8 chi(X[0,S])=-11
TTATatAAttaTATaa RECHECKED k=2 S=6 chi(X[0,S])=-5
TTAATTaaTATAtata RECHECKED k=2 S=6 chi(X[0,S])=-6
TTAATTaaTAATatta RECHECKED k=2 S=2 chi(X[0,S])=-2
TTAATTaaTAtATata RECHECKED k=2 S=6 chi(X[0,S])=-6
TTAATTaaTAtAtata RECHECKED k=2 S=6 chi(X[0,S])=-6
TTAATTaaTAttATaa RECHECKED k=4 S=5 chi(X[0,S])=-10
TTAATTaatATTAtaa RECHECKED k=2 S=10 chi(X[0,S])=-13
TTAATTaatAATatta RECHECKED k=2 S=2 chi(X[0,S])=-2
TTAATTaatAtATata RECHECKED k=2 S=6 chi(X[0,S])=-6
TTAATTatATaaTAta RECHECKED k=2 S=8 chi(X[0,S])=-11
TTAATTatATaatAta RECHECKED k=2 S=8 chi(X[0,S])=-11
TTAATaTAATTatAta RECHECKED k=2 S=3 chi(X[0,S])=-3
TTAATaTAATaTAtta RECHECKED k=2 S=6 chi(X[0,S])=-6
TTAATaTAttaaTAta RECHECKED k=2 S=6 chi(X[0,S])=-5
TTAATaTaTATAttaa RECHECKED k=2 S=6 chi(X[0,S])=-6
TTAATaTatATAttaa RECHECKED k=2 S=6 chi(X[0,S])=-6
TTAATaTatAATTata RECHECKED k=2 S=2 chi(X[0,S])=-3
TTAATaaTAATTatta RECHECKED k=2 S=2 chi(X[0,S])=-2
TTAATaaTAtATTata RECHECKED k=2 S=3 chi(X[0,S])=-4
TTAATaatATTAttaa RECHECKED k=2 S=2 chi(X[0,S])=-2
TTAATaatAATTatta RECHECKED k=2 S=2 chi(X[0,S])=-2
TTAATaatAtATTata RECHECKED k=2 S=3 chi(X[0,S])=-4
TTAATatATTaaTAta RECHECKED k=2 S=6 chi(X[0,S])=-5
TTAATatATTaatAta RECHECKED k=2 S=6 chi(X[0,S])=-5
TTAAtaTAttATAtaa RECHECKED k=2 S=2 chi(X[0,S])=-3
TTAAtaTaTATAttaa RECHECKED k=2 S=6 chi(X[0,S])=-6
TTAAtaTatAATTata RECHECKED k=2 S=2 chi(X[0,S])=-3
TTAAtaaTAtATTata RECHECKED k=2 S=3 chi(X[0,S])=-4
TTAAtatATTAtAtaa RECHECKED k=2 S=2 chi(X[0,S])=-3
TTAAtatATATAttaa RECHECKED k=2 S=6 chi(X[0,S])=-6
TTATaaTTAATTaatA RECHECKED k=6 S=5 chi(X[0,S])=-16
TTATaattAATTaatA RECHECKED k=5 S=4 chi(X[0,S])=-9
TTTATAAATTatAATA RECHECKED k=2 S=3 chi(X[0,S])=-3
TTTATAAATATaattA RECHECKED k=2 S=4 chi(X[0,S])=-4
TTTATAAtaaatAATA RECHECKED k=3 S=6 chi(X[0,S])=-7
TTTATAAtaaattATA RECHECKED k=2 S=4 chi(X[0,S])=-4
TTTATAAtataTTAAA RECHECKED k=2 S=6 chi(X[0,S])=-8
TTTATAttataaTAAA RECHECKED k=2 S=4 chi(X[0,S])=-4
TTATATTaaTATAtaa RECHECKED k=2 S=2 chi(X[0,S])=-3
TTATATTaaTAAtata RECHECKED k=2 S=3 chi(X[0,S])=-4
TTATATTaatAAtata RECHECKED k=2 S=3 chi(X[0,S])=-4
TTATATaaTATAttaa RECHECKED k=2 S=4 chi(X[0,S])=-4
TTATATaaTAAttata RECHECKED k=2 S=3 chi(X[0,S])=-4
TTATATaatATATTaa RECHECKED k=2 S=8 chi(X[0,S])=-11
TTATATatatAATTaa RECHECKED k=2 S=6 chi(X[0,S])=-6
TTATAAtaTTAAtata RECHECKED k=2 S=3 chi(X[0,S])=-3
TTATAAtaaTAAtata RECHECKED k=6 S=3 chi(X[0,S])=-8
TTATAtATATaTAAta RECHECKED k=2 S=4 chi(X[0,S])=-4
TTATAtATATaatAta RECHECKED k=2 S=6 chi(X[0,S])=-6
TTATAtATaTAAtata RECHECKED k=2 S=6 chi(X[0,S])=-6
TTATAtaaTATAttaa RECHECKED k=2 S=8 chi(X[0,S])=-11
TTATAtaaTAATTata RECHECKED k=2 S=3 chi(X[0,S])=-4
TTATAtaatAATTata RECHECKED k=2 S=3 chi(X[0,S])=-4
TTATAtatatAATTaa RECHECKED k=2 S=6 chi(X[0,S])=-6
TTATAtatatAAttaa RECHECKED k=2 S=6 chi(X[0,S])=-6
TTATAttaaTATATaa RECHECKED k=2 S=2 chi(X[0,S])=-3
TTATAttaaTATAtaa RECHECKED k=2 S=2 chi(X[0,S])=-3
TTATAttaaTAATata RECHECKED k=2 S=3 chi(X[0,S])=-4
TTAATTaatATATata RECHECKED k=2 S=6 chi(X[0,S])=-6
TTAATTaatATAtata RECHECKED k=2 S=6 chi(X[0,S])=-6
TTAATTataTAAtata RECHECKED k=2 S=8 chi(X[0,S])=-11
TTAATataTATAttaa RECHECKED k=2 S=6 chi(X[0,S])=-6
TTAATatatAATTata RECHECKED k=2 S=2 chi(X[0,S])=-3
TTAAtaTatatAtata RECHECKED k=2 S=3 chi(X[0,S])=-3
TTTATATTaaTAAtaa RECHECKED k=5 S=5 chi(X[0,S])=-11
TTTATATTaatAATaa RECHECKED k=6 S=4 chi(X[0,S])=-10
TTTATATTaatAAtaa RECHECKED k=4 S=8 chi(X[0,S])=-19
TTTATAAATTattATA RECHECKED k=6 S=12 chi(X[0,S])=-30
TTTATAAATATTattA RECHECKED k=5 S=20 chi(X[0,S])=-49
TTTATAAtaTattATA RECHECKED k=3 S=6 chi(X[0,S])=-8
TTTATAAtataTTAtA RECHECKED k=6 S=11 chi(X[0,S])=-34
TTTATAtATaattATA RECHECKED k=6 S=5 chi(X[0,S])=-12
TTTATAtaaTAAttaa RECHECKED k=2 S=4 chi(X[0,S])=-4
TTTATAttaaTAAtaa RECHECKED k=6 S=29 chi(X[0,S])=-78
TTTATAttaaattATA RECHECKED k=3 S=10 chi(X[0,S])=-13
TTTATAttaatAATaa RECHECKED k=2 S=5 chi(X[0,S])=-6
TTTAATTaTaTAAtaa RECHECKED k=6 S=8 chi(X[0,S])=-21
TTTAATTaTatAATaa RECHECKED k=6 S=5 chi(X[0,S])=-14
TTTAATTaaTATAtaa RECHECKED k=4 S=11 chi(X[0,S])=-19
TTTAATTaaTAtAtaa RECHECKED k=6 S=5 chi(X[0,S])=-14
TTTAATTataTAAtaa RECHECKED k=4 S=8 chi(X[0,S])=-16
TTTAATTatatAATaa RECHECKED k=6 S=4 chi(X[0,S])=-14
TTTAATaTatAAttaa RECHECKED k=2 S=5 chi(X[0,S])=-6
TTTAATaatATAttaa RECHECKED k=2 S=10 chi(X[0,S])=-13
TTTAAtaTaTAAttaa RECHECKED k=2 S=8 chi(X[0,S])=-9
TTTAAtaatAAttata RECHECKED k=2 S=5 chi(X[0,S])=-6
TTTAAtaatAtAttaa RECHECKED k=2 S=8 chi(X[0,S])=-9
TTTAAtataTTATAtA RECHECKED k=4 S=8 chi(X[0,S])=-16
TTTAAtataTatattA RECHECKED k=3 S=9 chi(X[0,S])=-13
TTTAAtatatAAttaa RECHECKED k=5 S=10 chi(X[0,S])=-23
TTTAAttaatAAtata RECHECKED k=2 S=5 chi(X[0,S])=-6
TTTAtATATaatattA RECHECKED k=6 S=6 chi(X[0,S])=-18
TTATAtATATTatAta RECHECKED k=3 S=8 chi(X[0,S])=-12
TTAtATTatatAtata RECHECKED k=5 S=5 chi(X[0,S])=-10
TTTAAtaatAATTata RECHECKED k=7 S=7 chi(X[0,S])=-24
TTATAtATATaTAtta RECHECKED k=8 S=3 chi(X[0,S])=-10
TTTAATTaTatAAtaa RECHECKED k=8 S=7 chi(X[0,S])=-30
CHECKED 172
SENTINEL_DONE
