TTTATAAATTatAATA VERIFIED k=2 S=3 fibre=F_4
TTTATAAATATaattA VERIFIED k=2 S=4 fibre=F_5
TTTATAAtaaatAATA VERIFIED k=3 S=6 fibre=F_8
TTTATAAtaaattATA VERIFIED k=2 S=4 fibre=F_5
TTTATAAtataTTAAA VERIFIED k=2 S=6 fibre=F_9
TTTATAttataaTAAA VERIFIED k=2 S=4 fibre=F_5
TTATATTaaTATAtaa VERIFIED k=2 S=2 fibre=F_4
TTATATTaaTAAtata VERIFIED k=2 S=3 fibre=F_5
TTATATTaatAAtata VERIFIED k=2 S=3 fibre=F_5
TTATATaaTATAttaa VERIFIED k=2 S=4 fibre=F_5
TTATATaaTAAttata VERIFIED k=2 S=3 fibre=F_5
TTATATaatATATTaa VERIFIED k=2 S=8 fibre=F_12
TTATATatatAATTaa VERIFIED k=2 S=6 fibre=F_7
TTATAAtaTTAAtata VERIFIED k=2 S=3 fibre=F_4
TTATAAtaaTAAtata VERIFIED k=6 S=3 fibre=F_9
TTATAtATATaTAAta VERIFIED k=2 S=4 fibre=F_5
TTATAtATATaatAta VERIFIED k=2 S=6 fibre=F_7
TTATAtATaTAAtata VERIFIED k=2 S=6 fibre=F_7
TTATAtaaTATAttaa VERIFIED k=2 S=8 fibre=F_12
TTATAtaaTAATTata VERIFIED k=2 S=3 fibre=F_5
TTATAtaatAATTata VERIFIED k=2 S=3 fibre=F_5
TTATAtatatAATTaa VERIFIED k=2 S=6 fibre=F_7
TTATAtatatAAttaa VERIFIED k=2 S=6 fibre=F_7
TTATAttaaTATATaa VERIFIED k=2 S=2 fibre=F_4
TTATAttaaTATAtaa VERIFIED k=2 S=2 fibre=F_4
TTATAttaaTAATata VERIFIED k=2 S=3 fibre=F_5
TTAATTaatATATata VERIFIED k=2 S=6 fibre=F_7
TTAATTaatATAtata VERIFIED k=2 S=6 fibre=F_7
TTAATTataTAAtata VERIFIED k=2 S=8 fibre=F_12
TTAATataTATAttaa VERIFIED k=2 S=6 fibre=F_7
TTAATatatAATTata VERIFIED k=2 S=2 fibre=F_4
TTAAtaTatatAtata VERIFIED k=2 S=3 fibre=F_4
SENTINEL_DONE
