TTTATATTaaTAAtaa VERIFIED k=5 S=5 fibre=F_12
TTTATATTaatAATaa VERIFIED k=6 S=4 fibre=F_11
TTTATATTaatAAtaa VERIFIED k=4 S=8 fibre=F_20
TTTATAAATTattATA VERIFIED k=6 S=12 fibre=F_31
TTTATAAATATTattA VERIFIED k=5 S=20 fibre=F_50
TTTATAAtaTattATA VERIFIED k=3 S=6 fibre=F_9
TTTATAAtataTTAtA VERIFIED k=6 S=11 fibre=F_35
TTTATAtATaattATA VERIFIED k=6 S=5 fibre=F_13
TTTATAtaaTAAttaa VERIFIED k=2 S=4 fibre=F_5
TTTATAttaaTAAtaa VERIFIED k=6 S=29 fibre=F_79
TTTATAttaaattATA VERIFIED k=3 S=10 fibre=F_14
TTTATAttaatAATaa VERIFIED k=2 S=5 fibre=F_7
TTTAATTaTaTAAtaa VERIFIED k=6 S=8 fibre=F_22
TTTAATTaTatAATaa VERIFIED k=6 S=5 fibre=F_15
TTTAATTaaTATAtaa VERIFIED k=4 S=11 fibre=F_20
TTTAATTaaTAtAtaa VERIFIED k=6 S=5 fibre=F_15
TTTAATTataTAAtaa VERIFIED k=4 S=8 fibre=F_17
TTTAATTatatAATaa VERIFIED k=6 S=4 fibre=F_15
TTTAATaTatAAttaa VERIFIED k=2 S=5 fibre=F_7
TTTAATaatATAttaa VERIFIED k=2 S=10 fibre=F_14
TTTAAtaTaTAAttaa VERIFIED k=2 S=8 fibre=F_10
TTTAAtaatAAttata VERIFIED k=2 S=5 fibre=F_7
TTTAAtaatAtAttaa VERIFIED k=2 S=8 fibre=F_10
TTTAAtataTTATAtA VERIFIED k=4 S=8 fibre=F_17
TTTAAtataTatattA VERIFIED k=3 S=9 fibre=F_14
TTTAAtatatAAttaa VERIFIED k=5 S=10 fibre=F_24
TTTAAttaatAAtata VERIFIED k=2 S=5 fibre=F_7
TTTAtATATaatattA VERIFIED k=6 S=6 fibre=F_19
TTATAtATATTatAta VERIFIED k=3 S=8 fibre=F_13
TTAtATTatatAtata VERIFIED k=5 S=5 fibre=F_11
SENTINEL_DONE
