TTTATAAtaTatAATA VERIFIED k=2 S=3 fibre=F_4
TTTATAAtaaTAtATA VERIFIED k=2 S=4 fibre=F_5
TTTATAAtataTatAA VERIFIED k=2 S=3 fibre=F_4
TTTATAAtataaTAtA VERIFIED k=2 S=4 fibre=F_5
TTTATAtATATaatAA VERIFIED k=2 S=6 fibre=F_7
TTTAAtataaTATAtA VERIFIED k=2 S=4 fibre=F_5
TTATTATTaaTAAtaa VERIFIED k=2 S=2 fibre=F_3
TTATTATTaatAAtaa VERIFIED k=2 S=2 fibre=F_3
TTATTATaaTAAttaa VERIFIED k=2 S=2 fibre=F_3
TTATTATaatAATTaa VERIFIED k=2 S=2 fibre=F_3
TTATTATaatAAttaa VERIFIED k=2 S=2 fibre=F_3
TTATTAtaaTAATTaa VERIFIED k=2 S=2 fibre=F_3
TTATTAtaaTAAttaa VERIFIED k=2 S=2 fibre=F_3
TTATTAtaatAATTaa VERIFIED k=2 S=5 fibre=F_7
TTATTAttaaTAATaa VERIFIED k=2 S=5 fibre=F_7
TTATTAttaaTAAtaa VERIFIED k=2 S=2 fibre=F_3
TTATTAttaatAATaa VERIFIED k=2 S=2 fibre=F_3
TTATATTaTaTAAtaa VERIFIED k=2 S=3 fibre=F_5
TTATATTaTatAATaa VERIFIED k=2 S=3 fibre=F_5
TTATATTaTatAAtaa VERIFIED k=2 S=4 fibre=F_5
TTATATTaaTAtAtaa VERIFIED k=2 S=2 fibre=F_4
TTATATTaatATAtaa VERIFIED k=2 S=2 fibre=F_4
TTATATTaatAATata VERIFIED k=2 S=3 fibre=F_5
TTATATTaatAtAtaa VERIFIED k=2 S=2 fibre=F_4
TTATATaTaTAAttaa VERIFIED k=2 S=6 fibre=F_7
TTATATaTatAATTaa VERIFIED k=2 S=6 fibre=F_7
TTATATaTatAAttaa VERIFIED k=2 S=6 fibre=F_7
TTATATaaTAAttaTa VERIFIED k=2 S=4 fibre=F_5
TTATATaaTAtAttaa VERIFIED k=2 S=8 fibre=F_12
TTATATaatATAttaa VERIFIED k=2 S=8 fibre=F_12
TTATATaatAATTata VERIFIED k=2 S=3 fibre=F_5
TTATATaatAAttaTa VERIFIED k=2 S=3 fibre=F_5
TTATATaatAtATTaa VERIFIED k=2 S=8 fibre=F_12
TTATATataTAAttaa VERIFIED k=2 S=6 fibre=F_7
TTATAtaTaTAATTaa VERIFIED k=2 S=6 fibre=F_7
TTATAtaTaTAAttaa VERIFIED k=2 S=6 fibre=F_7
TTATAtaTatAATTaa VERIFIED k=2 S=6 fibre=F_7
TTATAtaaTAAttaTa VERIFIED k=2 S=3 fibre=F_5
TTATAtaaTAtATTaa VERIFIED k=2 S=8 fibre=F_12
TTATAtaatATATTaa VERIFIED k=2 S=6 fibre=F_7
TTATAtaatAAttata VERIFIED k=2 S=3 fibre=F_5
TTATAtaatAtATTaa VERIFIED k=2 S=8 fibre=F_12
TTATAtataTAATTaa VERIFIED k=2 S=6 fibre=F_7
TTATAttaTaTAATaa VERIFIED k=2 S=5 fibre=F_7
TTATAttaTaTAAtaa VERIFIED k=2 S=3 fibre=F_5
TTATAttaTatAATaa VERIFIED k=2 S=3 fibre=F_5
TTATAttaaTAtATaa VERIFIED k=2 S=2 fibre=F_4
TTATAttaatATATaa VERIFIED k=2 S=2 fibre=F_4
TTATAttaatAAtata VERIFIED k=2 S=3 fibre=F_5
TTATAttaatAtAtaa VERIFIED k=2 S=2 fibre=F_4
TTATaTAATTaTAtaa VERIFIED k=2 S=6 fibre=F_6
TTATaTAATTatATaa VERIFIED k=2 S=6 fibre=F_6
TTATaTAATTatAtaa VERIFIED k=2 S=6 fibre=F_6
TTATaTAATaTAttaa VERIFIED k=2 S=4 fibre=F_5
TTATaTAATatATTaa VERIFIED k=2 S=8 fibre=F_12
TTATaTAATatAttaa VERIFIED k=2 S=8 fibre=F_12
TTATaTAAtaTATTaa VERIFIED k=2 S=8 fibre=F_12
TTATaTAAtaTAttaa VERIFIED k=2 S=8 fibre=F_12
TTATaTAAtatATTaa VERIFIED k=2 S=8 fibre=F_12
TTATaTAAttaTATaa VERIFIED k=2 S=6 fibre=F_6
TTATaTAAttaTAtaa VERIFIED k=2 S=6 fibre=F_6
TTATaTAAttatATaa VERIFIED k=2 S=6 fibre=F_6
TTATaaTTAAttaaTA VERIFIED k=2 S=4 fibre=F_5
TTATaaTTAAttaatA VERIFIED k=4 S=6 fibre=F_13
TTATaaTAATTaattA VERIFIED k=2 S=5 fibre=F_7
TTATaatAATTaattA VERIFIED k=2 S=2 fibre=F_3
TTATaatAAttaattA VERIFIED k=2 S=2 fibre=F_3
TTATaattAAttaatA VERIFIED k=4 S=18 fibre=F_44
TTATatAATTaTAtaa VERIFIED k=2 S=6 fibre=F_6
TTATatAATTatATaa VERIFIED k=2 S=6 fibre=F_6
TTATatAATTatAtaa VERIFIED k=2 S=6 fibre=F_6
TTATatAATaTAttaa VERIFIED k=2 S=8 fibre=F_12
TTATatAATatATTaa VERIFIED k=2 S=8 fibre=F_12
TTATatAAtaTATTaa VERIFIED k=2 S=8 fibre=F_12
TTATatAAtatATTaa VERIFIED k=2 S=8 fibre=F_12
TTATatAAttaTATaa VERIFIED k=2 S=6 fibre=F_6
TTAATTaaTATAtata VERIFIED k=2 S=6 fibre=F_7
TTAATTaaTAATatta VERIFIED k=2 S=2 fibre=F_3
TTAATTaaTAtATata VERIFIED k=2 S=6 fibre=F_7
TTAATTaaTAtAtata VERIFIED k=2 S=6 fibre=F_7
TTAATTaaTAttATaa VERIFIED k=4 S=5 fibre=F_11
TTAATTaatATTAtaa VERIFIED k=2 S=10 fibre=F_14
TTAATTaatAATatta VERIFIED k=2 S=2 fibre=F_3
TTAATTaatAtATata VERIFIED k=2 S=6 fibre=F_7
TTAATTatATaaTAta VERIFIED k=2 S=8 fibre=F_12
TTAATTatATaatAta VERIFIED k=2 S=8 fibre=F_12
TTAATaTAATTatAta VERIFIED k=2 S=3 fibre=F_4
TTAATaTAATaTAtta VERIFIED k=2 S=6 fibre=F_7
TTAATaTAttaaTAta VERIFIED k=2 S=6 fibre=F_6
TTAATaTaTATAttaa VERIFIED k=2 S=6 fibre=F_7
TTAATaTatATAttaa VERIFIED k=2 S=6 fibre=F_7
TTAATaTatAATTata VERIFIED k=2 S=2 fibre=F_4
TTAATaaTAATTatta VERIFIED k=2 S=2 fibre=F_3
TTAATaaTAtATTata VERIFIED k=2 S=3 fibre=F_5
TTAATaatATTAttaa VERIFIED k=2 S=2 fibre=F_3
TTAATaatAATTatta VERIFIED k=2 S=2 fibre=F_3
TTAATaatAtATTata VERIFIED k=2 S=3 fibre=F_5
TTAATatATTaaTAta VERIFIED k=2 S=6 fibre=F_6
TTAATatATTaatAta VERIFIED k=2 S=6 fibre=F_6
TTAAtaTAttATAtaa VERIFIED k=2 S=2 fibre=F_4
TTAAtaTaTATAttaa VERIFIED k=2 S=6 fibre=F_7
TTAAtaTatAATTata VERIFIED k=2 S=2 fibre=F_4
TTAAtaaTAtATTata VERIFIED k=2 S=3 fibre=F_5
TTAAtatATTAtAtaa VERIFIED k=2 S=2 fibre=F_4
TTAAtatATATAttaa VERIFIED k=2 S=6 fibre=F_7
SENTINEL_DONE
