ORBIT AAtATattAATTatataTT states=188 -> none best=TTAAtATattAATTatata(4/19)
ORBIT AAtATattATTatataaTT states=188 -> none best=TTTaTTattAttAtAtAttaTTAta(5/25)
ORBIT AAtATattaTTatatAATT states=200 -> none best=TTAAtATattaTTatatAA(4/19)
ORBIT AAtATattaaTTatatATT states=200 -> none best=TTAAtATattaaTTatatA(4/19)
ORBIT AAtAtaTTattaTatAATT states=176 -> none best=TTAAtAtaTTattaTatAA(4/19)
ORBIT AAtaTatAtATTattaaTT states=5 -> C6 TTTAttaaTAATatattATA best=TTTAttaaTAATatattATA(3/20)
ORBIT AAtaTatAtaTTattAATT states=5 -> C6 TTTATAtaatAtaTattATA best=TTTATAtaatAtaTattATA(3/20)
ORBIT AAtaTattAATTatAtaTT states=240 -> none best=TTAAtaTattAATTatAta(4/19)
ORBIT AAtaTattATTatAtaaTT states=240 -> none best=TTAAtaTattATTatAtaa(4/19)
ORBIT AAtaTattaaTTatAtATT states=176 -> none best=TTAAtaTattaaTTatAtA(4/19)
ORBIT AAttATATataTattaaTT states=168 -> none best=TATAAtatATAATataTatataa(4/23)
ORBIT AAttATaTatATattaaTT states=228 -> none best=TAAtAtATaaTatATatAtaaTa(4/23)
ORBIT AAtATattAATTattaTaT states=192 -> none best=TTTAttataTTAtaatatAA(4/20)
ORBIT AAtATattATTattaaTaT states=192 -> none best=TTTAttaTTAtaatatAATA(4/20)
ORBIT AAtATattaTTattAATaT states=200 -> none best=TTTattAtATaTAtAttATata(4/22)
ORBIT AAtATattaaTTattATaT states=200 -> none best=TAtAAAtAAtATataTaaaTaaTaaTatAAtATaaa(7/36)
ORBIT AAtAtAATTattaTTataT states=176 -> none best=TTTAttataaatatATTAtA(4/20)
ORBIT AAtAtATTattaaTTataT states=176 -> none best=TTTAttaaatatATTAtATA(4/20)
ORBIT AAtAtaTTattAATTataT states=216 -> none best=TTTattAtATTaaTAtAttAta(4/22)
ORBIT AAtAtaaTTattATTataT states=216 -> none best=TTTattATTaaTAtAttAtaTa(4/22)
SENTINEL_DONE
