Syntax warning: Unbound global variable in refl.g:11
  Print("class<=",cl," p^",LogInt(Size(Q),p)," ", List(words, x->[x[1],Order(I\
mage(epi,x[2]))]),"\n");
                                                                              \
     ^^^
class<=4 p^13 [ [ "[r,s,r]", 1 ], [ "[r,s,s,r]", 1 ], [ "[r,s,s,s]", 1 ], 
  [ "[s,r,s]", 1 ], [ "[s,r,r,s]", 1 ], [ "[s,r,r,r]", 1 ], [ "w", 1 ], 
  [ "(rs)", 5 ] ]
class<=5 p^19 [ [ "[r,s,r]", 1 ], [ "[r,s,s,r]", 1 ], [ "[r,s,s,s]", 1 ], 
  [ "[s,r,s]", 1 ], [ "[s,r,r,s]", 1 ], [ "[s,r,r,r]", 1 ], [ "w", 1 ], 
  [ "(rs)", 5 ] ]
class<=6 p^26 [ [ "[r,s,r]", 1 ], [ "[r,s,s,r]", 1 ], [ "[r,s,s,s]", 1 ], 
  [ "[s,r,s]", 5 ], [ "[s,r,r,s]", 1 ], [ "[s,r,r,r]", 1 ], [ "w", 1 ], 
  [ "(rs)", 5 ] ]
class<=7 p^38 [ [ "[r,s,r]", 1 ], [ "[r,s,s,r]", 1 ], [ "[r,s,s,s]", 1 ], 
  [ "[s,r,s]", 5 ], [ "[s,r,r,s]", 1 ], [ "[s,r,r,r]", 1 ], [ "w", 1 ], 
  [ "(rs)", 5 ] ]
class<=8 p^55 [ [ "[r,s,r]", 1 ], [ "[r,s,s,r]", 1 ], [ "[r,s,s,s]", 1 ], 
  [ "[s,r,s]", 5 ], [ "[s,r,r,s]", 1 ], [ "[s,r,r,r]", 1 ], [ "w", 1 ], 
  [ "(rs)", 5 ] ]
class<=9 p^81 [ [ "[r,s,r]", 1 ], [ "[r,s,s,r]", 1 ], [ "[r,s,s,s]", 1 ], 
  [ "[s,r,s]", 5 ], [ "[s,r,r,s]", 1 ], [ "[s,r,r,r]", 1 ], [ "w", 1 ], 
  [ "(rs)", 5 ] ]
class<=10 p^122 [ [ "[r,s,r]", 1 ], [ "[r,s,s,r]", 1 ], [ "[r,s,s,s]", 1 ], 
  [ "[s,r,s]", 5 ], [ "[s,r,r,s]", 1 ], [ "[s,r,r,r]", 1 ], [ "w", 1 ], 
  [ "(rs)", 5 ] ]
exit 0
