I2(5) flat V0: 10 collision walls
   wall 0 (A_z): [(1, 2)]
   wall 1 (A_z): [(1, 3)]
   wall 2 (A_x-A_z): [(1, 4), (1, 5), (1, 6), (4, 5), (4, 6), (5, 6)]
   wall 3 (A_z): [(2, 3)]
   wall 4 (A_x-A_z): [(2, 4)]
   wall 5 (A_x-A_z): [(2, 5)]
   wall 6 (A_x-A_z): [(2, 6)]
   wall 7 (A_x-A_z): [(3, 4)]
   wall 8 (A_x-A_z): [(3, 5)]
   wall 9 (A_x-A_z): [(3, 6)]
   cluster (simultaneous collision on one wall): ['p1', 'p4', 'p5', 'p6']  rank of cluster normals: 2  wall of V through l_x equals the cluster wall: True
   kappa (cluster shape, p_j = p_c + kappa_j s): [0.0, 1.0, 0.618034, 1.618034]
   angles of the 5 normals in the plane of V^perp (deg mod 180): [18.0, 54.0, 90.0, 126.0, 162.0]
   real order at b: ['p6', 'p4', 'p5', 'p1', 'p2', 'p3'] < t (all < 0: True)
   rank of all 6 fibre normals: 4
I2(5) flat V1: 10 collision walls
   wall 0 (A_z): [(1, 2)]
   wall 1 (A_z): [(1, 3)]
   wall 2 (A_x-A_z): [(1, 4)]
   wall 3 (A_x-A_z): [(1, 5)]
   wall 4 (A_x-A_z): [(1, 6)]
   wall 5 (A_z): [(2, 3)]
   wall 6 (A_x-A_z): [(2, 4), (2, 5), (2, 6), (4, 5), (4, 6), (5, 6)]
   wall 7 (A_x-A_z): [(3, 4)]
   wall 8 (A_x-A_z): [(3, 5)]
   wall 9 (A_x-A_z): [(3, 6)]
   cluster (simultaneous collision on one wall): ['p2', 'p4', 'p5', 'p6']  rank of cluster normals: 2  wall of V through l_x equals the cluster wall: True
   kappa (cluster shape, p_j = p_c + kappa_j s): [0.0, 1.0, 0.618034, 1.618034]
   angles of the 5 normals in the plane of V^perp (deg mod 180): [18.0, 54.0, 90.0, 126.0, 162.0]
   real order at b: ['p6', 'p4', 'p5', 'p1', 'p2', 'p3'] < t (all < 0: True)
   rank of all 6 fibre normals: 4
I2(5) flat V2: 10 collision walls
   wall 0 (A_z): [(1, 2)]
   wall 1 (A_z): [(1, 3)]
   wall 2 (A_x-A_z): [(1, 4)]
   wall 3 (A_x-A_z): [(1, 5)]
   wall 4 (A_x-A_z): [(1, 6)]
   wall 5 (A_z): [(2, 3)]
   wall 6 (A_x-A_z): [(2, 4)]
   wall 7 (A_x-A_z): [(2, 5)]
   wall 8 (A_x-A_z): [(2, 6)]
   wall 9 (A_x-A_z): [(3, 4), (3, 5), (3, 6), (4, 5), (4, 6), (5, 6)]
   cluster (simultaneous collision on one wall): ['p3', 'p4', 'p5', 'p6']  rank of cluster normals: 2  wall of V through l_x equals the cluster wall: True
   kappa (cluster shape, p_j = p_c + kappa_j s): [0.0, 0.618034, 1.0, 1.618034]
   angles of the 5 normals in the plane of V^perp (deg mod 180): [18.0, 54.0, 90.0, 126.0, 162.0]
   real order at b: ['p6', 'p5', 'p4', 'p1', 'p2', 'p3'] < t (all < 0: True)
   rank of all 6 fibre normals: 4
