purged 0 stale artifact sets (source-newer=0, import-newer=0) of 3733 oleans
[job] acn112 cores=88-95 threads=8 base=b76adeaded703a33d83fed6eda73b262dc69f2e3 mods: GroupApproximation.GGT.VanKampen.Estimating.OsinLemma94SameCellCellLobeSides GroupApproximation.GGT.VanKampen.Estimating.OsinLemma94SameCellCellLobeValue
ℹ [3368/3416] Replayed GroupApproximation.Sofic.KazhdanCornerCompression
info: GroupApproximation/Sofic/KazhdanCornerCompression.lean:342:4: Try this:
  [apply] abel_nf
ℹ [9922/10082] Replayed GroupApproximation.GGT.VanKampen.ClosedWalkInnermostLobe
info: GroupApproximation/GGT/VanKampen/ClosedWalkInnermostLobe.lean:161:14: 'GroupApproximation.GGT.VanKampen.ClosedWalkInnermostLobe.exists_first_repeat' depends on axioms: [propext,
 Classical.choice,
 Quot.sound]
info: GroupApproximation/GGT/VanKampen/ClosedWalkInnermostLobe.lean:162:14: 'GroupApproximation.GGT.VanKampen.ClosedWalkInnermostLobe.isClosedDartWalk_window' depends on axioms: [propext,
 Classical.choice,
 Quot.sound]
info: GroupApproximation/GGT/VanKampen/ClosedWalkInnermostLobe.lean:163:14: 'GroupApproximation.GGT.VanKampen.ClosedWalkInnermostLobe.exists_innermost_lobe' depends on axioms: [propext,
 Classical.choice,
 Quot.sound]
info: GroupApproximation/GGT/VanKampen/ClosedWalkInnermostLobe.lean:164:14: 'GroupApproximation.GGT.VanKampen.ClosedWalkInnermostLobe.isSimpleClosedWalk_of_nodup' depends on axioms: [propext,
 Classical.choice,
 Quot.sound]
ℹ [10193/10210] Replayed GroupApproximation.GGT.VanKampen.Estimating.OsinLemma94SameCellCellPinchLobes
info: GroupApproximation/GGT/VanKampen/Estimating/OsinLemma94SameCellCellPinchLobes.lean:105:14: 'GroupApproximation.GGT.VanKampen.osinLemma94CaseOneCellPinch_of_lobes' depends on axioms: [propext,
 Classical.choice,
 Quot.sound]
ℹ [10209/10210] Built GroupApproximation.GGT.VanKampen.Estimating.OsinLemma94SameCellCellLobeSides (31s)
info: GroupApproximation/GGT/VanKampen/Estimating/OsinLemma94SameCellCellLobeSides.lean:246:14: 'GroupApproximation.GGT.VanKampen.SameCellCellLobe.eqvGen_faceClass_of_agree' depends on axioms: [propext, Quot.sound]
info: GroupApproximation/GGT/VanKampen/Estimating/OsinLemma94SameCellCellLobeSides.lean:247:14: 'GroupApproximation.GGT.VanKampen.SameCellCellLobe.sideFaces_subset_of_agree' depends on axioms: [propext,
 Classical.choice,
 Quot.sound]
info: GroupApproximation/GGT/VanKampen/Estimating/OsinLemma94SameCellCellLobeSides.lean:248:14: 'GroupApproximation.GGT.VanKampen.SameCellCellLobe.exists_arc_of_lobe' depends on axioms: [propext,
 Classical.choice,
 Quot.sound]
info: GroupApproximation/GGT/VanKampen/Estimating/OsinLemma94SameCellCellLobeSides.lean:249:14: 'GroupApproximation.GGT.VanKampen.SameCellCellLobe.isSimpleClosedWalk_lobe' depends on axioms: [propext,
 Classical.choice,
 Quot.sound]
info: GroupApproximation/GGT/VanKampen/Estimating/OsinLemma94SameCellCellLobeSides.lean:250:14: 'GroupApproximation.GGT.VanKampen.SameCellCellLobe.cell_not_mem_sideFaces_lobe' depends on axioms: [propext,
 Classical.choice,
 Quot.sound]
info: GroupApproximation/GGT/VanKampen/Estimating/OsinLemma94SameCellCellLobeSides.lean:251:14: 'GroupApproximation.GGT.VanKampen.SameCellCellLobe.outerFace_not_mem_sideFaces_lobe' depends on axioms: [propext,
 Classical.choice,
 Quot.sound]
ℹ [10210/10210] Built GroupApproximation.GGT.VanKampen.Estimating.OsinLemma94SameCellCellLobeValue (30s)
info: GroupApproximation/GGT/VanKampen/Estimating/OsinLemma94SameCellCellLobeValue.lean:100:14: 'GroupApproximation.GGT.VanKampen.SameCellCellLobe.false_of_cellLobe_value' depends on axioms: [propext,
 Classical.choice,
 Quot.sound]
info: GroupApproximation/GGT/VanKampen/Estimating/OsinLemma94SameCellCellLobeValue.lean:101:21: 'GroupApproximation.GGT.VanKampen.osinLemma94CaseOneCellLobeValue' depends on axioms: [propext,
 Classical.choice,
 Quot.sound]
Build completed successfully (10210 jobs).
EXIT=0
