purged 2 stale artifact sets (source-newer=2, import-newer=0) of 3786 oleans
[job] acn112 cores=64-71 threads=8 base=79f422ef29a4f402ef660b7b67b60390c1eb70dc mods: GroupApproximation.GGT.VanKampen.Estimating.OsinLemma94SameCellCellLobeWalk
ℹ [3359/3415] Replayed GroupApproximation.Sofic.KazhdanCornerCompression
info: GroupApproximation/Sofic/KazhdanCornerCompression.lean:342:4: Try this:
  [apply] abel_nf
ℹ [9921/10085] Replayed GroupApproximation.GGT.VanKampen.ClosedWalkInnermostLobe
info: GroupApproximation/GGT/VanKampen/ClosedWalkInnermostLobe.lean:161:14: 'GroupApproximation.GGT.VanKampen.ClosedWalkInnermostLobe.exists_first_repeat' depends on axioms: [propext,
 Classical.choice,
 Quot.sound]
info: GroupApproximation/GGT/VanKampen/ClosedWalkInnermostLobe.lean:162:14: 'GroupApproximation.GGT.VanKampen.ClosedWalkInnermostLobe.isClosedDartWalk_window' depends on axioms: [propext,
 Classical.choice,
 Quot.sound]
info: GroupApproximation/GGT/VanKampen/ClosedWalkInnermostLobe.lean:163:14: 'GroupApproximation.GGT.VanKampen.ClosedWalkInnermostLobe.exists_innermost_lobe' depends on axioms: [propext,
 Classical.choice,
 Quot.sound]
info: GroupApproximation/GGT/VanKampen/ClosedWalkInnermostLobe.lean:164:14: 'GroupApproximation.GGT.VanKampen.ClosedWalkInnermostLobe.isSimpleClosedWalk_of_nodup' depends on axioms: [propext,
 Classical.choice,
 Quot.sound]
ℹ [10204/10213] Replayed GroupApproximation.GGT.VanKampen.Estimating.OsinLemma94SameCellCellPinchLobes
info: GroupApproximation/GGT/VanKampen/Estimating/OsinLemma94SameCellCellPinchLobes.lean:105:14: 'GroupApproximation.GGT.VanKampen.osinLemma94CaseOneCellPinch_of_lobes' depends on axioms: [propext,
 Classical.choice,
 Quot.sound]
ℹ [10213/10213] Built GroupApproximation.GGT.VanKampen.Estimating.OsinLemma94SameCellCellLobeWalk (21s)
info: GroupApproximation/GGT/VanKampen/Estimating/OsinLemma94SameCellCellLobeWalk.lean:226:14: 'GroupApproximation.GGT.VanKampen.osinLemma94CaseOneWalkCellPinch_of_lobes' depends on axioms: [propext,
 Classical.choice,
 Quot.sound]
info: GroupApproximation/GGT/VanKampen/Estimating/OsinLemma94SameCellCellLobeWalk.lean:227:14: 'GroupApproximation.GGT.VanKampen.SameCellCellLobe.outerFace_not_mem_sideFaces_lobe_of_walk' depends on axioms: [propext,
 Classical.choice,
 Quot.sound]
info: GroupApproximation/GGT/VanKampen/Estimating/OsinLemma94SameCellCellLobeWalk.lean:228:14: 'GroupApproximation.GGT.VanKampen.SameCellCellLobe.false_of_walkCellLobe_value' depends on axioms: [propext,
 Classical.choice,
 Quot.sound]
info: GroupApproximation/GGT/VanKampen/Estimating/OsinLemma94SameCellCellLobeWalk.lean:229:21: 'GroupApproximation.GGT.VanKampen.osinLemma94CaseOneWalkCellLobeValue' depends on axioms: [propext,
 Classical.choice,
 Quot.sound]
Build completed successfully (10213 jobs).
EXIT=0
