m 1 types 2
m 2 types 2
m 3 types 3
m 4 types 5
t 2 S1 57.64180776013012 LP 0.9999148128457163 certified 0.9999148128453819
t 4 S1 45.3107682646249 LP 0.9995681238854967 certified 0.9995681238854791
t 6 S1 34.067761665781894 LP 0.9989919272567995 certified 0.9989919272567535
t 8 S1 24.43089886677361 LP 0.9980048820571938 certified 0.9980048820571681
t 10 S1 16.667870500905824 LP 0.9967904863020736 certified 0.9967904863020491
t 12 S1 10.793146332141015 LP 0.9938003728415332 certified 0.9938003728415329
t 14 S1 6.619000212229177 LP 0.9864378168569239 certified 0.986437816856924
t 16 S1 3.836236132287951 LP 0.9589338968266203 certified 0.9589338968263953
t 18 S1 2.0970085823246847 LP 0.8979409220027186 certified 0.8979409220027184
t 20 S1 1.0789241628339923 LP 0.7160240642600815 certified 0.7160240642600759
t 22 S1 0.5214017426367084 LP 0.4399991904457408 certified 0.43999919044574076
t 24 S1 0.23615771369856312 LP 0.2225317673521405 certified 0.2225317673521405
t 26 S1 0.10001851806899378 LP 0.0983048508137547 certified 0.0983048508137547
t 28 S1 0.03951220890029631 LP 0.039356473183523165 certified 0.039356473183523165
t 30 S1 0.014520472504529959 LP 0.014511306730879268 certified 0.014511306730879268
t 32 S1 0.004949169204023697 LP 0.0049489064415412995 certified 0.0049489064415412995
t 34 S1 0.0015593326184277292 LP 0.0015593326184277292 certified 0.0015593326184277292
t 36 S1 0.00045244720272292344 LP 0.00045244720272292344 certified 0.00045244720272292344
t 38 S1 0.0001203815780114817 LP 0.0001203815780114817 certified 0.0001203815780114817
t 40 S1 2.9226308482850627e-05 LP 2.9226308482850627e-05 certified 2.9226308482850627e-05
t 42 S1 6.43749110069286e-06 LP 6.43749110069286e-06 certified 6.43749110069286e-06
t 44 S1 1.2777588632231773e-06 LP 1.2777588632231773e-06 certified 1.2777588632231773e-06
t 46 S1 2.2670229633120487e-07 LP 2.2670229633120487e-07 certified 2.2670229633120487e-07
t 48 S1 3.5601102350846237e-08 LP 0.0 certified 0.0
t 50 S1 4.888410461145742e-09 LP 0.0 certified 0.0
t 52 S1 5.778572134684801e-10 LP 0.0 certified 0.0
t 54 S1 5.761802840398289e-11 LP 0.0 certified 0.0
t 56 S1 4.712348566915381e-12 LP 0.0 certified 0.0
t 58 S1 3.035419138264217e-13 LP 0.0 certified 0.0
t 60 S1 1.4439838214030942e-14 LP 0.0 certified 0.0
t 62 S1 4.510281037539698e-16 LP 0.0 certified 0.0
t 64 S1 6.938893903907228e-18 LP 0.0 certified 0.0
6 4 certified E max|W| >= 20.736458259523925 delta_k <= 0.3379964198474693 R*(k) <= 1.992864483301941
  exact delta_k bound: 472737284568223610798640159682756887005722078146590590906839679790205098840008202727007776537287232135303563408132842203897425510053098301684985900338044219906477051091278370161242848576600865660216326793798867606702277989897857705764389/1398645834123213494888449066826903816682745222655130003444818270332086986942646309697402885557290546637231492978704484861302965272876492748629699058823206368965099674507733111619474462976778840118112272120355728031237320387511597475561472
  exact R*(k) bound: 948872036610168630335133459028085845876443856071741230377416112243681519926866520921868333322747843756488752507266283858809073262521691577814245154405518728490340770072634323052978835972951109104680079004983796298187323228199678122976805/476134752041945019536493299345328958870721777925150639470576432453476421086858318194860556785460611621185189099133441654911647752468593276129259254067474508583863718981355952891735987396350243444463752211184928691485045238301820417212416
