purged 0 stale artifact sets (source-newer=0, import-newer=0) of 4791 oleans
[job] acn112 cores=72-79 threads=8 base=63eeb5e54fa6c0d5ca2ec8d4c4361e29eba20f1d mods: GroupApproximation.GGT.VanKampen.FaceSetBoundaryGlue GroupApproximation.GGT.VanKampen.Estimating.OsinAppendixCutMerge
ℹ [3295/3424] Replayed GroupApproximation.Sofic.KazhdanCornerCompression
info: GroupApproximation/Sofic/KazhdanCornerCompression.lean:342:4: Try this:
  [apply] abel_nf
ℹ [3757/3924] Replayed GroupApproximation.Sofic.HullSuitabilityGeometry
info: GroupApproximation/Sofic/HullSuitabilityGeometry.lean:2057:6: Try this:
  [apply] ring_nf
  
  The `ring` tactic failed to close the goal. Use `ring_nf` to obtain a normal form.
    
  Note that `ring` works primarily in *commutative* rings. If you have a noncommutative ring, abelian group or module, consider using `noncomm_ring`, `abel` or `module` instead.
ℹ [3818/3924] Replayed GroupApproximation.Analysis.MFAlgebra
info: GroupApproximation/Analysis/MFAlgebra.lean:267:14: 'GroupApproximation.isCDEOperatorMF_of_faithful_corona_map' depends on axioms: [propext, Classical.choice, Quot.sound]
ℹ [4528/4669] Replayed GroupApproximation.GGT.VanKampen.FiniteCycleSplit
info: GroupApproximation/GGT/VanKampen/FiniteCycleSplit.lean:118:14: 'GroupApproximation.GGT.VanKampen.FiniteCycleSplit.cut_eq' depends on axioms: [propext, Classical.choice, Quot.sound]
info: GroupApproximation/GGT/VanKampen/FiniteCycleSplit.lean:119:14: 'GroupApproximation.GGT.VanKampen.FiniteCycleSplit.orbit_card_cut' depends on axioms: [propext,
 Classical.choice,
 Quot.sound]
ℹ [4529/4669] Replayed GroupApproximation.GGT.VanKampen.PermOrbitInsert
info: GroupApproximation/GGT/VanKampen/PermOrbitInsert.lean:111:14: 'GroupApproximation.GGT.VanKampen.PermOrbitInsert.sameCycle_old_step' depends on axioms: [propext,
 Classical.choice,
 Quot.sound]
info: GroupApproximation/GGT/VanKampen/PermOrbitInsert.lean:112:14: 'GroupApproximation.GGT.VanKampen.PermOrbitInsert.sameCycle_some_iff' depends on axioms: [propext,
 Classical.choice,
 Quot.sound]
info: GroupApproximation/GGT/VanKampen/PermOrbitInsert.lean:113:14: 'GroupApproximation.GGT.VanKampen.PermOrbitInsert.orbitEquiv' depends on axioms: [propext, Classical.choice, Quot.sound]
ℹ [4530/4669] Replayed GroupApproximation.GGT.VanKampen.PermOrbitOption
info: GroupApproximation/GGT/VanKampen/PermOrbitOption.lean:49:14: 'GroupApproximation.GGT.VanKampen.PermOrbitOption.orbitEquiv' depends on axioms: [propext, Classical.choice, Quot.sound]
info: GroupApproximation/GGT/VanKampen/PermOrbitOption.lean:50:14: 'GroupApproximation.GGT.VanKampen.PermOrbitOption.orbit_card' depends on axioms: [propext, Classical.choice, Quot.sound]
ℹ [4531/4669] Replayed GroupApproximation.GGT.VanKampen.PermFirstReturnOrbits
info: GroupApproximation/GGT/VanKampen/PermFirstReturnOrbits.lean:121:14: 'GroupApproximation.GGT.VanKampen.PermFirstReturn.sameCycle_iff' depends on axioms: [propext,
 Classical.choice,
 Quot.sound]
info: GroupApproximation/GGT/VanKampen/PermFirstReturnOrbits.lean:122:14: 'GroupApproximation.GGT.VanKampen.PermFirstReturn.orbitEquiv' depends on axioms: [propext, Classical.choice, Quot.sound]
info: GroupApproximation/GGT/VanKampen/PermFirstReturnOrbits.lean:123:14: 'GroupApproximation.GGT.VanKampen.PermFirstReturn.exists_pow_of_skip_walk' depends on axioms: [propext,
 Classical.choice,
 Quot.sound]
ℹ [4533/4669] Replayed GroupApproximation.GGT.VanKampen.CombMapSimpleEuler
info: GroupApproximation/GGT/VanKampen/CombMapSimpleEuler.lean:178:14: 'GroupApproximation.GGT.VanKampen.CombMap.sigma_fixed_of_facePerm_twoCycle' depends on axioms: [propext,
 Classical.choice,
 Quot.sound]
info: GroupApproximation/GGT/VanKampen/CombMapSimpleEuler.lean:179:14: 'GroupApproximation.GGT.VanKampen.CombMap.vertexCount_pos_of_planar' depends on axioms: [propext,
 Classical.choice,
 Quot.sound]
info: GroupApproximation/GGT/VanKampen/CombMapSimpleEuler.lean:180:14: 'GroupApproximation.GGT.VanKampen.CombMap.dart_eq_or_alpha_of_fixed_endpoints' depends on axioms: [propext, Quot.sound]
info: GroupApproximation/GGT/VanKampen/CombMapSimpleEuler.lean:181:14: 'GroupApproximation.GGT.VanKampen.CombMap.faceDegree_ge_three_of_not_twoCycle' depends on axioms: [propext,
 Classical.choice,
 Quot.sound]
info: GroupApproximation/GGT/VanKampen/CombMapSimpleEuler.lean:182:14: 'GroupApproximation.GGT.VanKampen.CombMap.edgeCount_le_three_mul_vertex_sub_one_of_simple' depends on axioms: [propext,
 Classical.choice,
 Quot.sound]
ℹ [4534/4669] Replayed GroupApproximation.GGT.VanKampen.SurgeryReclosedFaces
info: GroupApproximation/GGT/VanKampen/SurgeryReclosedFaces.lean:156:14: 'GroupApproximation.GGT.VanKampen.Surgery.MapCollapse.reclosedFaceEquiv' depends on axioms: [propext,
 Classical.choice,
 Quot.sound]
info: GroupApproximation/GGT/VanKampen/SurgeryReclosedFaces.lean:157:14: 'GroupApproximation.GGT.VanKampen.Surgery.MapCollapse.reclosedMap_faceCount' depends on axioms: [propext,
 Classical.choice,
 Quot.sound]
ℹ [4535/4669] Replayed GroupApproximation.GGT.VanKampen.CombMapDual
info: GroupApproximation/GGT/VanKampen/CombMapDual.lean:65:14: 'GroupApproximation.GGT.VanKampen.CombMap.dual_facePerm' depends on axioms: [propext, Quot.sound]
info: GroupApproximation/GGT/VanKampen/CombMapDual.lean:66:14: 'GroupApproximation.GGT.VanKampen.CombMap.dual_connected' depends on axioms: [propext, Quot.sound]
info: GroupApproximation/GGT/VanKampen/CombMapDual.lean:67:14: 'GroupApproximation.GGT.VanKampen.CombMap.dual_planar' depends on axioms: [propext, Classical.choice, Quot.sound]
ℹ [4536/4669] Replayed GroupApproximation.GGT.VanKampen.SurgeryReclosedConnected
info: GroupApproximation/GGT/VanKampen/SurgeryReclosedConnected.lean:117:14: 'GroupApproximation.GGT.VanKampen.CombMap.eqvGen_of_sameCycle_facePerm' depends on axioms: [propext,
 Classical.choice,
 Quot.sound]
info: GroupApproximation/GGT/VanKampen/SurgeryReclosedConnected.lean:118:14: 'GroupApproximation.GGT.VanKampen.Surgery.MapCollapse.reclosedMap_connected' depends on axioms: [propext,
 Classical.choice,
 Quot.sound]
info: GroupApproximation/GGT/VanKampen/SurgeryReclosedConnected.lean:119:14: 'GroupApproximation.GGT.VanKampen.Surgery.MapCollapse.BoundaryCycle.toDiscRegion_of_euler' depends on axioms: [propext,
 Classical.choice,
 Quot.sound]
ℹ [4537/4669] Replayed GroupApproximation.GGT.VanKampen.CombMapEdgeInsertion
info: GroupApproximation/GGT/VanKampen/CombMapEdgeInsertion.lean:172:14: 'GroupApproximation.GGT.VanKampen.EdgeInsertion.vertexEquiv' depends on axioms: [propext, Classical.choice, Quot.sound]
info: GroupApproximation/GGT/VanKampen/CombMapEdgeInsertion.lean:173:14: 'GroupApproximation.GGT.VanKampen.EdgeInsertion.edgeEquiv' depends on axioms: [propext, Classical.choice, Quot.sound]
info: GroupApproximation/GGT/VanKampen/CombMapEdgeInsertion.lean:174:14: 'GroupApproximation.GGT.VanKampen.EdgeInsertion.vertexCount_eq' depends on axioms: [propext,
 Classical.choice,
 Quot.sound]
info: GroupApproximation/GGT/VanKampen/CombMapEdgeInsertion.lean:175:14: 'GroupApproximation.GGT.VanKampen.EdgeInsertion.edgeCount_eq' depends on axioms: [propext, Classical.choice, Quot.sound]
info: GroupApproximation/GGT/VanKampen/CombMapEdgeInsertion.lean:176:14: 'GroupApproximation.GGT.VanKampen.EdgeInsertion.connected' depends on axioms: [propext, Classical.choice, Quot.sound]
ℹ [4595/4807] Replayed GroupApproximation.GGT.VanKampen.CombMapUnderlyingGraph
info: GroupApproximation/GGT/VanKampen/CombMapUnderlyingGraph.lean:125:14: 'GroupApproximation.GGT.VanKampen.CombMap.underlyingGraph_edge_card_le' depends on axioms: [propext,
 Classical.choice,
 Quot.sound]
info: GroupApproximation/GGT/VanKampen/CombMapUnderlyingGraph.lean:126:14: 'GroupApproximation.GGT.VanKampen.CombMap.vertexCount_le_edgeCount_add_one' depends on axioms: [propext,
 Classical.choice,
 Quot.sound]
ℹ [4609/4807] Replayed GroupApproximation.GGT.VanKampen.CombMapEdgeFaces
info: GroupApproximation/GGT/VanKampen/CombMapEdgeFaces.lean:57:14: 'GroupApproximation.GGT.VanKampen.EdgeInsertion.facePerm_eq_of_ne' depends on axioms: [propext,
 Classical.choice,
 Quot.sound]
info: GroupApproximation/GGT/VanKampen/CombMapEdgeFaces.lean:58:14: 'GroupApproximation.GGT.VanKampen.EdgeInsertion.facePerm_eq_of_eq' depends on axioms: [propext,
 Classical.choice,
 Quot.sound]
ℹ [4659/4912] Replayed GroupApproximation.Manuscript.NonMF.FreeCommutatorWitness
info: GroupApproximation/Manuscript/NonMF/FreeCommutatorWitness.lean:90:21: 'GroupApproximation.Manuscript.NonMF.TheoremC.freeCommutatorWitness_package' depends on axioms: [propext,
 Classical.choice,
 Quot.sound]
ℹ [4753/4996] Replayed GroupApproximation.GGT.VanKampen.PermCycleCoordinates
info: GroupApproximation/GGT/VanKampen/PermCycleCoordinates.lean:91:14: 'GroupApproximation.GGT.VanKampen.PermCycleCoordinates.get_rotate' depends on axioms: [propext,
 Classical.choice,
 Quot.sound]
info: GroupApproximation/GGT/VanKampen/PermCycleCoordinates.lean:92:14: 'GroupApproximation.GGT.VanKampen.PermCycleCoordinates.perm_eq' depends on axioms: [propext,
 Classical.choice,
 Quot.sound]
info: GroupApproximation/GGT/VanKampen/PermCycleCoordinates.lean:93:14: 'GroupApproximation.GGT.VanKampen.PermCycleCoordinates.orbit_card' depends on axioms: [propext,
 Classical.choice,
 Quot.sound]
ℹ [4754/4996] Replayed GroupApproximation.GGT.VanKampen.PermOrbitSplit
info: GroupApproximation/GGT/VanKampen/PermOrbitSplit.lean:83:14: 'GroupApproximation.GGT.VanKampen.FiniteCycleSplit.orbit_card_swap_rotate' depends on axioms: [propext,
 Classical.choice,
 Quot.sound]
info: GroupApproximation/GGT/VanKampen/PermOrbitSplit.lean:84:14: 'GroupApproximation.GGT.VanKampen.PermCycleCoordinates.swap_perm_eq' depends on axioms: [propext,
 Classical.choice,
 Quot.sound]
info: GroupApproximation/GGT/VanKampen/PermOrbitSplit.lean:85:14: 'GroupApproximation.GGT.VanKampen.PermCycleCoordinates.orbit_card_swap_mul' depends on axioms: [propext,
 Classical.choice,
 Quot.sound]
ℹ [4755/4996] Replayed GroupApproximation.GGT.VanKampen.PermOrbitErasePoint
info: GroupApproximation/GGT/VanKampen/PermOrbitErasePoint.lean:146:14: 'GroupApproximation.GGT.VanKampen.PermOrbitErasePoint.firstReturn' depends on axioms: [propext,
 Classical.choice,
 Quot.sound]
info: GroupApproximation/GGT/VanKampen/PermOrbitErasePoint.lean:147:14: 'GroupApproximation.GGT.VanKampen.PermOrbitErasePoint.orbit_card_of_not_fixed' depends on axioms: [propext,
 Classical.choice,
 Quot.sound]
info: GroupApproximation/GGT/VanKampen/PermOrbitErasePoint.lean:148:14: 'GroupApproximation.GGT.VanKampen.PermOrbitErasePoint.orbit_card_of_fixed' depends on axioms: [propext,
 Classical.choice,
 Quot.sound]
info: GroupApproximation/GGT/VanKampen/PermOrbitErasePoint.lean:149:14: 'GroupApproximation.GGT.VanKampen.PermOrbitErasePoint.erase_mul_of_fixed' depends on axioms: [propext,
 Classical.choice,
 Quot.sound]
info: GroupApproximation/GGT/VanKampen/PermOrbitErasePoint.lean:150:14: 'GroupApproximation.GGT.VanKampen.PermOrbitErasePoint.orbit_card_balance' depends on axioms: [propext,
 Classical.choice,
 Quot.sound]
ℹ [4756/4996] Replayed GroupApproximation.GGT.VanKampen.PermFirstReturnComposition
info: GroupApproximation/GGT/VanKampen/PermFirstReturnComposition.lean:129:14: 'GroupApproximation.GGT.VanKampen.PermFirstReturn.unique' depends on axioms: [propext, Quot.sound]
info: GroupApproximation/GGT/VanKampen/PermFirstReturnComposition.lean:130:14: 'GroupApproximation.GGT.VanKampen.PermFirstReturn.trans' depends on axioms: [propext, Classical.choice, Quot.sound]
info: GroupApproximation/GGT/VanKampen/PermFirstReturnComposition.lean:131:14: 'GroupApproximation.GGT.VanKampen.PermFirstReturn.exists_firstReturn' depends on axioms: [propext,
 Classical.choice,
 Quot.sound]
info: GroupApproximation/GGT/VanKampen/PermFirstReturnComposition.lean:132:14: 'GroupApproximation.GGT.VanKampen.PermFirstReturn.of_trans' depends on axioms: [propext, Classical.choice, Quot.sound]
ℹ [4757/4996] Replayed GroupApproximation.GGT.VanKampen.PermOrbitJoin
info: GroupApproximation/GGT/VanKampen/PermOrbitJoin.lean:79:14: 'GroupApproximation.GGT.VanKampen.PermCycleCoordinates.sameCycle_swap_mul_of_not_sameCycle' depends on axioms: [propext,
 Classical.choice,
 Quot.sound]
info: GroupApproximation/GGT/VanKampen/PermOrbitJoin.lean:80:14: 'GroupApproximation.GGT.VanKampen.PermCycleCoordinates.orbit_card_swap_mul_of_not_sameCycle' depends on axioms: [propext,
 Classical.choice,
 Quot.sound]
ℹ [4758/4996] Replayed GroupApproximation.GGT.VanKampen.CombMapEdgeDeletion
info: GroupApproximation/GGT/VanKampen/CombMapEdgeDeletion.lean:162:14: 'GroupApproximation.GGT.VanKampen.EdgeDeletion.facePerm_eq' depends on axioms: [propext, Classical.choice, Quot.sound]
info: GroupApproximation/GGT/VanKampen/CombMapEdgeDeletion.lean:163:14: 'GroupApproximation.GGT.VanKampen.EdgeDeletion.vertexOf_eq_iff' depends on axioms: [propext,
 Classical.choice,
 Quot.sound]
info: GroupApproximation/GGT/VanKampen/CombMapEdgeDeletion.lean:164:14: 'GroupApproximation.GGT.VanKampen.EdgeDeletion.edgeCount_add_one' depends on axioms: [propext,
 Classical.choice,
 Quot.sound]
info: GroupApproximation/GGT/VanKampen/CombMapEdgeDeletion.lean:165:14: 'GroupApproximation.GGT.VanKampen.EdgeDeletion.vertex_face_balance' depends on axioms: [propext,
 Classical.choice,
 Quot.sound]
info: GroupApproximation/GGT/VanKampen/CombMapEdgeDeletion.lean:166:14: 'GroupApproximation.GGT.VanKampen.EdgeDeletion.faceCount_balance_of_sameFace' depends on axioms: [propext,
 Classical.choice,
 Quot.sound]
info: GroupApproximation/GGT/VanKampen/CombMapEdgeDeletion.lean:167:14: 'GroupApproximation.GGT.VanKampen.EdgeDeletion.faceCount_balance_of_neFace' depends on axioms: [propext,
 Classical.choice,
 Quot.sound]
ℹ [4759/4996] Replayed GroupApproximation.GGT.VanKampen.PermOrbitJoinReach
info: GroupApproximation/GGT/VanKampen/PermOrbitJoinReach.lean:50:14: 'GroupApproximation.GGT.VanKampen.PermCycleCoordinates.sameCycle_mul_swap_of_not_sameCycle' depends on axioms: [propext,
 Classical.choice,
 Quot.sound]
info: GroupApproximation/GGT/VanKampen/PermOrbitJoinReach.lean:51:14: 'GroupApproximation.GGT.VanKampen.PermCycleCoordinates.sameCycle_mul_swap_of_sameCycle' depends on axioms: [propext,
 Classical.choice,
 Quot.sound]
ℹ [4760/4996] Replayed GroupApproximation.GGT.VanKampen.CyclicFaceBoundary
info: GroupApproximation/GGT/VanKampen/CyclicFaceBoundary.lean:90:14: 'GroupApproximation.GGT.VanKampen.FaceBoundary.cyclic_get_rotate' depends on axioms: [propext,
 Classical.choice,
 Quot.sound]
info: GroupApproximation/GGT/VanKampen/CyclicFaceBoundary.lean:91:14: 'GroupApproximation.GGT.VanKampen.FaceBoundary.cyclic_mem_iff_sameCycle' depends on axioms: [propext,
 Classical.choice,
 Quot.sound]
info: GroupApproximation/GGT/VanKampen/CyclicFaceBoundary.lean:92:14: 'GroupApproximation.GGT.VanKampen.FaceBoundary.ofCyclicList' depends on axioms: [propext, Classical.choice, Quot.sound]
ℹ [4761/4996] Replayed GroupApproximation.GGT.VanKampen.SurgeryReclosedVertices
info: GroupApproximation/GGT/VanKampen/SurgeryReclosedVertices.lean:116:14: 'GroupApproximation.GGT.VanKampen.Surgery.MapCollapse.reclosed_sigma_firstReturn' depends on axioms: [propext,
 Classical.choice,
 Quot.sound]
info: GroupApproximation/GGT/VanKampen/SurgeryReclosedVertices.lean:117:14: 'GroupApproximation.GGT.VanKampen.Surgery.MapCollapse.reclosedVertexEquiv' depends on axioms: [propext,
 Classical.choice,
 Quot.sound]
info: GroupApproximation/GGT/VanKampen/SurgeryReclosedVertices.lean:118:14: 'GroupApproximation.GGT.VanKampen.Surgery.MapCollapse.reclosedMap_vertexCount' depends on axioms: [propext,
 Classical.choice,
 Quot.sound]
ℹ [4762/4996] Replayed GroupApproximation.GGT.VanKampen.FaceSetBoundaryReclosed
info: GroupApproximation/GGT/VanKampen/FaceSetBoundaryReclosed.lean:65:14: 'GroupApproximation.GGT.VanKampen.Embedded.FaceSetBoundary.mapBoundaryCycle_follows' depends on axioms: [propext,
 Classical.choice,
 Quot.sound]
info: GroupApproximation/GGT/VanKampen/FaceSetBoundaryReclosed.lean:66:14: 'GroupApproximation.GGT.VanKampen.Embedded.FaceSetBoundary.reclosedVertexEquiv' depends on axioms: [propext,
 Classical.choice,
 Quot.sound]
ℹ [4768/4996] Replayed GroupApproximation.GGT.VanKampen.Estimating.CyclicArcMap
info: GroupApproximation/GGT/VanKampen/Estimating/CyclicArcMap.lean:50:14: 'GroupApproximation.GGT.VanKampen.Embedded.CyclicArc.mapTo_rotated' depends on axioms: [propext]
info: GroupApproximation/GGT/VanKampen/Estimating/CyclicArcMap.lean:51:14: 'GroupApproximation.GGT.VanKampen.Embedded.CyclicArc.mapTo_darts' depends on axioms: [propext]
ℹ [4769/4996] Replayed GroupApproximation.GGT.VanKampen.Estimating.ContiguityFinite
info: GroupApproximation/GGT/VanKampen/Estimating/ContiguityFinite.lean:117:14: 'GroupApproximation.GGT.VanKampen.Embedded.Contiguity.finiteCode_injective' depends on axioms: [propext,
 Classical.choice,
 Quot.sound]
info: GroupApproximation/GGT/VanKampen/Estimating/ContiguityFinite.lean:118:14: 'GroupApproximation.GGT.VanKampen.Embedded.Contiguity.contiguityFintype' depends on axioms: [propext,
 Classical.choice,
 Quot.sound]
ℹ [4770/4996] Replayed GroupApproximation.GGT.VanKampen.Estimating.ContiguityGeometry
info: GroupApproximation/GGT/VanKampen/Estimating/ContiguityGeometry.lean:272:14: 'GroupApproximation.GGT.VanKampen.Embedded.ContiguityGeometry.finiteCode_injective' depends on axioms: [propext,
 Classical.choice,
 Quot.sound]
info: GroupApproximation/GGT/VanKampen/Estimating/ContiguityGeometry.lean:273:14: 'GroupApproximation.GGT.VanKampen.Embedded.ContiguityGeometry.contiguityFintype' depends on axioms: [propext,
 Classical.choice,
 Quot.sound]
info: GroupApproximation/GGT/VanKampen/Estimating/ContiguityGeometry.lean:274:14: 'GroupApproximation.GGT.VanKampen.Embedded.ContiguityGeometry.withO52_toGeometry' depends on axioms: [propext,
 Classical.choice,
 Quot.sound]
info: GroupApproximation/GGT/VanKampen/Estimating/ContiguityGeometry.lean:275:14: 'GroupApproximation.GGT.VanKampen.Embedded.Contiguity.toGeometry_withO52' depends on axioms: [propext,
 Classical.choice,
 Quot.sound]
info: GroupApproximation/GGT/VanKampen/Estimating/ContiguityGeometry.lean:276:14: 'GroupApproximation.GGT.VanKampen.Embedded.Contiguity.toGeometry_injective' depends on axioms: [propext,
 Classical.choice,
 Quot.sound]
info: GroupApproximation/GGT/VanKampen/Estimating/ContiguityGeometry.lean:277:14: 'GroupApproximation.GGT.VanKampen.Embedded.ContiguityGeometry.source_target_darts_disjoint' depends on axioms: [propext,
 Classical.choice,
 Quot.sound]
ℹ [4771/4996] Replayed GroupApproximation.GGT.VanKampen.Estimating.RegionCandidate
info: GroupApproximation/GGT/VanKampen/Estimating/RegionCandidate.lean:51:14: 'GroupApproximation.GGT.VanKampen.Embedded.RegionCandidate.candidateFintype' depends on axioms: [propext,
 Classical.choice,
 Quot.sound]
info: GroupApproximation/GGT/VanKampen/Estimating/RegionCandidate.lean:52:14: 'GroupApproximation.GGT.VanKampen.Embedded.RegionCandidate.weight_mk' depends on axioms: [propext,
 Classical.choice,
 Quot.sound]
info: GroupApproximation/GGT/VanKampen/Estimating/RegionCandidate.lean:53:14: 'GroupApproximation.GGT.VanKampen.Embedded.RegionCandidate.exists_distinguishedFamily' depends on axioms: [propext,
 Classical.choice,
 Quot.sound]
ℹ [4774/4996] Replayed GroupApproximation.GGT.VanKampen.Estimating.GeometricCandidate
info: GroupApproximation/GGT/VanKampen/Estimating/GeometricCandidate.lean:50:14: 'GroupApproximation.GGT.VanKampen.Embedded.GeometricCandidate.candidateFintype' depends on axioms: [propext,
 Classical.choice,
 Quot.sound]
info: GroupApproximation/GGT/VanKampen/Estimating/GeometricCandidate.lean:51:14: 'GroupApproximation.GGT.VanKampen.Embedded.GeometricCandidate.weight_mk' depends on axioms: [propext,
 Classical.choice,
 Quot.sound]
info: GroupApproximation/GGT/VanKampen/Estimating/GeometricCandidate.lean:52:14: 'GroupApproximation.GGT.VanKampen.Embedded.GeometricCandidate.exists_distinguishedFamily' depends on axioms: [propext,
 Classical.choice,
 Quot.sound]
ℹ [4775/4996] Replayed GroupApproximation.GGT.VanKampen.CombMapEdgePlanarity
info: GroupApproximation/GGT/VanKampen/CombMapEdgePlanarity.lean:53:14: 'GroupApproximation.GGT.VanKampen.EdgeInsertion.faceCount_eq' depends on axioms: [propext, Classical.choice, Quot.sound]
info: GroupApproximation/GGT/VanKampen/CombMapEdgePlanarity.lean:54:14: 'GroupApproximation.GGT.VanKampen.EdgeInsertion.eulerCharacteristic_eq' depends on axioms: [propext,
 Classical.choice,
 Quot.sound]
info: GroupApproximation/GGT/VanKampen/CombMapEdgePlanarity.lean:55:14: 'GroupApproximation.GGT.VanKampen.EdgeInsertion.planar' depends on axioms: [propext, Classical.choice, Quot.sound]
ℹ [4776/4996] Replayed GroupApproximation.GGT.VanKampen.CombMapEdgeSubdivision
info: GroupApproximation/GGT/VanKampen/CombMapEdgeSubdivision.lean:83:14: 'GroupApproximation.GGT.VanKampen.EdgeSubdivision.facePerm_eq' depends on axioms: [propext,
 Classical.choice,
 Quot.sound]
info: GroupApproximation/GGT/VanKampen/CombMapEdgeSubdivision.lean:84:14: 'GroupApproximation.GGT.VanKampen.EdgeSubdivision.vertexCount_eq' depends on axioms: [propext,
 Classical.choice,
 Quot.sound]
info: GroupApproximation/GGT/VanKampen/CombMapEdgeSubdivision.lean:85:14: 'GroupApproximation.GGT.VanKampen.EdgeSubdivision.edgeCount_eq' depends on axioms: [propext,
 Classical.choice,
 Quot.sound]
info: GroupApproximation/GGT/VanKampen/CombMapEdgeSubdivision.lean:86:14: 'GroupApproximation.GGT.VanKampen.EdgeSubdivision.faceCount_eq' depends on axioms: [propext,
 Classical.choice,
 Quot.sound]
info: GroupApproximation/GGT/VanKampen/CombMapEdgeSubdivision.lean:87:14: 'GroupApproximation.GGT.VanKampen.EdgeSubdivision.planar' depends on axioms: [propext, Classical.choice, Quot.sound]
info: GroupApproximation/GGT/VanKampen/CombMapEdgeSubdivision.lean:88:14: 'GroupApproximation.GGT.VanKampen.EdgeSubdivision.faceEquiv' depends on axioms: [propext, Classical.choice, Quot.sound]
info: GroupApproximation/GGT/VanKampen/CombMapEdgeSubdivision.lean:89:14: 'GroupApproximation.GGT.VanKampen.EdgeSubdivision.faceEquiv_positive' depends on axioms: [propext,
 Classical.choice,
 Quot.sound]
ℹ [4777/4996] Replayed GroupApproximation.GGT.VanKampen.CyclicListExpansion
info: GroupApproximation/GGT/VanKampen/CyclicListExpansion.lean:73:14: 'GroupApproximation.GGT.VanKampen.CyclicListExpansion.chain' depends on axioms: [propext, Classical.choice, Quot.sound]
info: GroupApproximation/GGT/VanKampen/CyclicListExpansion.lean:74:14: 'GroupApproximation.GGT.VanKampen.CyclicListExpansion.closes' depends on axioms: [propext, Classical.choice, Quot.sound]
ℹ [4818/4996] Replayed GroupApproximation.GGT.VanKampen.CombMapEdgeSteps
info: GroupApproximation/GGT/VanKampen/CombMapEdgeSteps.lean:56:14: 'GroupApproximation.GGT.VanKampen.EdgeInsertion.facePerm_embed_left' depends on axioms: [propext,
 Classical.choice,
 Quot.sound]
info: GroupApproximation/GGT/VanKampen/CombMapEdgeSteps.lean:57:14: 'GroupApproximation.GGT.VanKampen.EdgeInsertion.facePerm_embed_right' depends on axioms: [propext,
 Classical.choice,
 Quot.sound]
info: GroupApproximation/GGT/VanKampen/CombMapEdgeSteps.lean:58:14: 'GroupApproximation.GGT.VanKampen.EdgeInsertion.facePerm_embed_other' depends on axioms: [propext,
 Classical.choice,
 Quot.sound]
ℹ [4819/4996] Replayed GroupApproximation.GGT.VanKampen.CombMapEdgeKeptFaces
info: GroupApproximation/GGT/VanKampen/CombMapEdgeKeptFaces.lean:114:14: 'GroupApproximation.GGT.VanKampen.EdgeInsertion.oldFaceClass_invariant' depends on axioms: [propext,
 Classical.choice,
 Quot.sound]
info: GroupApproximation/GGT/VanKampen/CombMapEdgeKeptFaces.lean:115:14: 'GroupApproximation.GGT.VanKampen.EdgeInsertion.facePerm_embed_of_ne' depends on axioms: [propext,
 Classical.choice,
 Quot.sound]
info: GroupApproximation/GGT/VanKampen/CombMapEdgeKeptFaces.lean:116:14: 'GroupApproximation.GGT.VanKampen.EdgeInsertion.faceOf_embed_eq_iff' depends on axioms: [propext,
 Classical.choice,
 Quot.sound]
ℹ [4820/4996] Replayed GroupApproximation.GGT.VanKampen.CombMapEdgeKeptBoundary
info: GroupApproximation/GGT/VanKampen/CombMapEdgeKeptBoundary.lean:108:14: 'GroupApproximation.GGT.VanKampen.EdgeInsertion.faceOf_eq_keptFace_iff' depends on axioms: [propext,
 Classical.choice,
 Quot.sound]
info: GroupApproximation/GGT/VanKampen/CombMapEdgeKeptBoundary.lean:109:14: 'GroupApproximation.GGT.VanKampen.EdgeInsertion.keptFaceBoundary' depends on axioms: [propext,
 Classical.choice,
 Quot.sound]
info: GroupApproximation/GGT/VanKampen/CombMapEdgeKeptBoundary.lean:110:14: 'GroupApproximation.GGT.VanKampen.EdgeInsertion.keptFaceBoundary_word' depends on axioms: [propext,
 Classical.choice,
 Quot.sound]
ℹ [4821/4996] Replayed GroupApproximation.GGT.VanKampen.DiscEmbeddingAway
info: GroupApproximation/GGT/VanKampen/DiscEmbeddingAway.lean:182:14: 'GroupApproximation.GGT.VanKampen.DiscEmbeddingAway.boundary' depends on axioms: [propext, Classical.choice, Quot.sound]
info: GroupApproximation/GGT/VanKampen/DiscEmbeddingAway.lean:183:14: 'GroupApproximation.GGT.VanKampen.DiscEmbeddingAway.shelling' depends on axioms: [propext, Classical.choice, Quot.sound]
ℹ [4823/4996] Replayed GroupApproximation.GGT.VanKampen.CombMapEdgeDeletionEuler
info: GroupApproximation/GGT/VanKampen/CombMapEdgeDeletionEuler.lean:199:14: 'GroupApproximation.GGT.VanKampen.EdgeDeletion.vertexCount_loss_le_one' depends on axioms: [propext,
 Classical.choice,
 Quot.sound]
info: GroupApproximation/GGT/VanKampen/CombMapEdgeDeletionEuler.lean:200:14: 'GroupApproximation.GGT.VanKampen.EdgeDeletion.vertexCount_eq_of_sigma_ne' depends on axioms: [propext,
 Classical.choice,
 Quot.sound]
info: GroupApproximation/GGT/VanKampen/CombMapEdgeDeletionEuler.lean:201:14: 'GroupApproximation.GGT.VanKampen.EdgeDeletion.vertexCount_eq_of_neFace' depends on axioms: [propext,
 Classical.choice,
 Quot.sound]
info: GroupApproximation/GGT/VanKampen/CombMapEdgeDeletionEuler.lean:202:14: 'GroupApproximation.GGT.VanKampen.EdgeDeletion.euler_eq_of_neFace' depends on axioms: [propext,
 Classical.choice,
 Quot.sound]
info: GroupApproximation/GGT/VanKampen/CombMapEdgeDeletionEuler.lean:203:14: 'GroupApproximation.GGT.VanKampen.EdgeDeletion.eulerCharacteristic_le_deleted' depends on axioms: [propext,
 Classical.choice,
 Quot.sound]
ℹ [4824/4996] Replayed GroupApproximation.GGT.VanKampen.CombMapEdgeDeletionConnected
info: GroupApproximation/GGT/VanKampen/CombMapEdgeDeletionConnected.lean:162:14: 'GroupApproximation.GGT.VanKampen.EdgeDeletion.exists_retained_joined_face' depends on axioms: [propext,
 Classical.choice,
 Quot.sound]
info: GroupApproximation/GGT/VanKampen/CombMapEdgeDeletionConnected.lean:163:14: 'GroupApproximation.GGT.VanKampen.EdgeDeletion.connected_of_neFace' depends on axioms: [propext,
 Classical.choice,
 Quot.sound]
info: GroupApproximation/GGT/VanKampen/CombMapEdgeDeletionConnected.lean:164:14: 'GroupApproximation.GGT.VanKampen.EdgeDeletion.planar_of_neFace' depends on axioms: [propext,
 Classical.choice,
 Quot.sound]
ℹ [4825/4996] Replayed GroupApproximation.GGT.VanKampen.CombMapRestriction
info: GroupApproximation/GGT/VanKampen/CombMapRestriction.lean:125:14: 'GroupApproximation.GGT.VanKampen.CombMap.IsRestriction.of_trans' depends on axioms: [propext,
 Classical.choice,
 Quot.sound]
info: GroupApproximation/GGT/VanKampen/CombMapRestriction.lean:126:14: 'GroupApproximation.GGT.VanKampen.CombMap.PredicateRestriction.isRestriction' depends on axioms: [propext,
 Classical.choice,
 Quot.sound]
info: GroupApproximation/GGT/VanKampen/CombMapRestriction.lean:127:14: 'GroupApproximation.GGT.VanKampen.EdgeDeletion.isRestriction' depends on axioms: [propext, Classical.choice, Quot.sound]
info: GroupApproximation/GGT/VanKampen/CombMapRestriction.lean:128:14: 'GroupApproximation.GGT.VanKampen.Surgery.MapCollapse.reclosed_isRestriction' depends on axioms: [propext,
 Classical.choice,
 Quot.sound]
ℹ [4826/4996] Replayed GroupApproximation.GGT.VanKampen.CombMapRestrictionPaths
info: GroupApproximation/GGT/VanKampen/CombMapRestrictionPaths.lean:124:14: 'GroupApproximation.GGT.VanKampen.CombMap.IsRestriction.exists_sigma_frontier' depends on axioms: [propext,
 Classical.choice,
 Quot.sound]
info: GroupApproximation/GGT/VanKampen/CombMapRestrictionPaths.lean:125:14: 'GroupApproximation.GGT.VanKampen.CombMap.IsRestriction.euler_eq_of_surjective' depends on axioms: [propext,
 Classical.choice,
 Quot.sound]
ℹ [4827/4996] Replayed GroupApproximation.GGT.VanKampen.CombMapRestrictionGrowth
info: GroupApproximation/GGT/VanKampen/CombMapRestrictionGrowth.lean:137:14: 'GroupApproximation.GGT.VanKampen.CombMap.RestrictionGrowth.connected' depends on axioms: [propext,
 Classical.choice,
 Quot.sound]
info: GroupApproximation/GGT/VanKampen/CombMapRestrictionGrowth.lean:138:14: 'GroupApproximation.GGT.VanKampen.CombMap.RestrictionGrowth.deleted_isRestriction' depends on axioms: [propext,
 Classical.choice,
 Quot.sound]
info: GroupApproximation/GGT/VanKampen/CombMapRestrictionGrowth.lean:139:14: 'GroupApproximation.GGT.VanKampen.CombMap.RestrictionGrowth.dartCount_add_two' depends on axioms: [propext,
 Classical.choice,
 Quot.sound]
info: GroupApproximation/GGT/VanKampen/CombMapRestrictionGrowth.lean:140:14: 'GroupApproximation.GGT.VanKampen.CombMap.RestrictionGrowth.euler_le' depends on axioms: [propext,
 Classical.choice,
 Quot.sound]
ℹ [4828/4996] Replayed GroupApproximation.GGT.VanKampen.CombMapEulerUpperBound
info: GroupApproximation/GGT/VanKampen/CombMapEulerUpperBound.lean:89:14: 'GroupApproximation.GGT.VanKampen.CombMap.exists_edge_neFace' depends on axioms: [propext, Classical.choice, Quot.sound]
info: GroupApproximation/GGT/VanKampen/CombMapEulerUpperBound.lean:90:14: 'GroupApproximation.GGT.VanKampen.CombMap.eulerCharacteristic_le_two' depends on axioms: [propext,
 Classical.choice,
 Quot.sound]
info: GroupApproximation/GGT/VanKampen/CombMapEulerUpperBound.lean:91:14: 'GroupApproximation.GGT.VanKampen.EdgeDeletion.planar_of_connected' depends on axioms: [propext,
 Classical.choice,
 Quot.sound]
ℹ [4829/4996] Replayed GroupApproximation.GGT.VanKampen.CombMapRestrictionPlanarity
info: GroupApproximation/GGT/VanKampen/CombMapRestrictionPlanarity.lean:63:14: 'GroupApproximation.GGT.VanKampen.CombMap.IsRestriction.euler_le' depends on axioms: [propext,
 Classical.choice,
 Quot.sound]
info: GroupApproximation/GGT/VanKampen/CombMapRestrictionPlanarity.lean:64:14: 'GroupApproximation.GGT.VanKampen.CombMap.IsRestriction.planar' depends on axioms: [propext,
 Classical.choice,
 Quot.sound]
ℹ [4830/4996] Replayed GroupApproximation.GGT.VanKampen.SurgeryReclosedPlanarity
info: GroupApproximation/GGT/VanKampen/SurgeryReclosedPlanarity.lean:62:14: 'GroupApproximation.GGT.VanKampen.Surgery.MapCollapse.reclosedMap_planar' depends on axioms: [propext,
 Classical.choice,
 Quot.sound]
info: GroupApproximation/GGT/VanKampen/SurgeryReclosedPlanarity.lean:63:14: 'GroupApproximation.GGT.VanKampen.Surgery.MapCollapse.reclosedMap_euler_preserved' depends on axioms: [propext,
 Classical.choice,
 Quot.sound]
info: GroupApproximation/GGT/VanKampen/SurgeryReclosedPlanarity.lean:64:14: 'GroupApproximation.GGT.VanKampen.Surgery.MapCollapse.BoundaryCycle.toDiscRegion_of_followsBoundary' depends on axioms: [propext,
 Classical.choice,
 Quot.sound]
info: GroupApproximation/GGT/VanKampen/SurgeryReclosedPlanarity.lean:65:14: 'GroupApproximation.GGT.VanKampen.Embedded.FaceSetBoundary.toDiscRegion' depends on axioms: [propext,
 Classical.choice,
 Quot.sound]
ℹ [4840/4996] Replayed GroupApproximation.GGT.VanKampen.SurgeryOrderedCells
info: GroupApproximation/GGT/VanKampen/SurgeryOrderedCells.lean:110:14: 'GroupApproximation.GGT.VanKampen.Surgery.OrderedRCellTransport.cellWord_eq' depends on axioms: [propext,
 Classical.choice,
 Quot.sound]
info: GroupApproximation/GGT/VanKampen/SurgeryOrderedCells.lean:111:14: 'GroupApproximation.GGT.VanKampen.Surgery.OrderedRCellTransport.reduced' depends on axioms: [propext,
 Classical.choice,
 Quot.sound]
info: GroupApproximation/GGT/VanKampen/SurgeryOrderedCells.lean:112:14: 'GroupApproximation.GGT.VanKampen.Surgery.OrderedGRegionReplacement.oEquivalent' depends on axioms: [propext,
 Classical.choice,
 Quot.sound]
ℹ [4841/4996] Replayed GroupApproximation.GGT.VanKampen.SurgeryCellMap
info: GroupApproximation/GGT/VanKampen/SurgeryCellMap.lean:84:14: 'GroupApproximation.GGT.VanKampen.Surgery.OrderedRCellMap.trans' depends on axioms: [propext,
 Classical.choice,
 Quot.sound]
info: GroupApproximation/GGT/VanKampen/SurgeryCellMap.lean:85:14: 'GroupApproximation.GGT.VanKampen.Surgery.OrderedRCellMap.orderedTransport' depends on axioms: [propext,
 Classical.choice,
 Quot.sound]
info: GroupApproximation/GGT/VanKampen/SurgeryCellMap.lean:86:14: 'GroupApproximation.GGT.VanKampen.Surgery.OrderedRCellMap.indexed_cell' depends on axioms: [propext,
 Classical.choice,
 Quot.sound]
ℹ [4844/4996] Replayed GroupApproximation.GGT.VanKampen.Estimating.RegionPartition
info: GroupApproximation/GGT/VanKampen/Estimating/RegionPartition.lean:207:14: 'GroupApproximation.GGT.VanKampen.Embedded.RegionCandidate.card_cellArcDarts' depends on axioms: [propext,
 Classical.choice,
 Quot.sound]
info: GroupApproximation/GGT/VanKampen/Estimating/RegionPartition.lean:208:14: 'GroupApproximation.GGT.VanKampen.Embedded.RegionCandidate.perimeter_eq' depends on axioms: [propext,
 Classical.choice,
 Quot.sound]
info: GroupApproximation/GGT/VanKampen/Estimating/RegionPartition.lean:209:14: 'GroupApproximation.GGT.VanKampen.Embedded.RegionCandidate.sum_interior_card' depends on axioms: [propext,
 Classical.choice,
 Quot.sound]
ℹ [4845/4996] Replayed GroupApproximation.GGT.VanKampen.Estimating.RegionWeightBound
info: GroupApproximation/GGT/VanKampen/Estimating/RegionWeightBound.lean:141:14: 'GroupApproximation.GGT.VanKampen.Embedded.RegionCandidate.weight_eq_cell_and_outer' depends on axioms: [propext,
 Classical.choice,
 Quot.sound]
info: GroupApproximation/GGT/VanKampen/Estimating/RegionWeightBound.lean:142:14: 'GroupApproximation.GGT.VanKampen.Embedded.RegionCandidate.familyWeight_le' depends on axioms: [propext,
 Classical.choice,
 Quot.sound]
ℹ [4846/4996] Replayed GroupApproximation.GGT.VanKampen.Estimating.GeometricPartition
info: GroupApproximation/GGT/VanKampen/Estimating/GeometricPartition.lean:205:14: 'GroupApproximation.GGT.VanKampen.Embedded.GeometricCandidate.card_cellArcDarts' depends on axioms: [propext,
 Classical.choice,
 Quot.sound]
info: GroupApproximation/GGT/VanKampen/Estimating/GeometricPartition.lean:206:14: 'GroupApproximation.GGT.VanKampen.Embedded.GeometricCandidate.perimeter_eq' depends on axioms: [propext,
 Classical.choice,
 Quot.sound]
info: GroupApproximation/GGT/VanKampen/Estimating/GeometricPartition.lean:207:14: 'GroupApproximation.GGT.VanKampen.Embedded.GeometricCandidate.sum_interior_card' depends on axioms: [propext,
 Classical.choice,
 Quot.sound]
ℹ [4847/4996] Replayed GroupApproximation.GGT.VanKampen.Estimating.GeometricWeightBound
info: GroupApproximation/GGT/VanKampen/Estimating/GeometricWeightBound.lean:140:14: 'GroupApproximation.GGT.VanKampen.Embedded.GeometricCandidate.weight_eq_cell_and_outer' depends on axioms: [propext,
 Classical.choice,
 Quot.sound]
info: GroupApproximation/GGT/VanKampen/Estimating/GeometricWeightBound.lean:141:14: 'GroupApproximation.GGT.VanKampen.Embedded.GeometricCandidate.familyWeight_le' depends on axioms: [propext,
 Classical.choice,
 Quot.sound]
ℹ [4848/4996] Replayed GroupApproximation.GGT.VanKampen.Estimating.GeometricGlobalSelection
info: GroupApproximation/GGT/VanKampen/Estimating/GeometricGlobalSelection.lean:121:14: 'GroupApproximation.GGT.VanKampen.OEquivalentDiscDiagram.sum_perimeter_eq' depends on axioms: [propext,
 Classical.choice,
 Quot.sound]
info: GroupApproximation/GGT/VanKampen/Estimating/GeometricGlobalSelection.lean:122:14: 'GroupApproximation.GGT.VanKampen.RealizedGeometricFamily.weight_le' depends on axioms: [propext,
 Classical.choice,
 Quot.sound]
info: GroupApproximation/GGT/VanKampen/Estimating/GeometricGlobalSelection.lean:123:14: 'GroupApproximation.GGT.VanKampen.exists_globallyDistinguishedGeometricFamily' depends on axioms: [propext,
 Classical.choice,
 Quot.sound]
info: GroupApproximation/GGT/VanKampen/Estimating/GeometricGlobalSelection.lean:124:14: 'GroupApproximation.GGT.VanKampen.GloballyDistinguishedGeometricFamily.toDistinguishedFamily' depends on axioms: [propext,
 Classical.choice,
 Quot.sound]
ℹ [4849/4996] Replayed GroupApproximation.GGT.VanKampen.Estimating.RegionGlobalSelection
info: GroupApproximation/GGT/VanKampen/Estimating/RegionGlobalSelection.lean:112:14: 'GroupApproximation.GGT.VanKampen.RealizedRegionFamily.weight_le' depends on axioms: [propext,
 Classical.choice,
 Quot.sound]
info: GroupApproximation/GGT/VanKampen/Estimating/RegionGlobalSelection.lean:113:14: 'GroupApproximation.GGT.VanKampen.exists_globallyDistinguishedRegionFamily' depends on axioms: [propext,
 Classical.choice,
 Quot.sound]
info: GroupApproximation/GGT/VanKampen/Estimating/RegionGlobalSelection.lean:114:14: 'GroupApproximation.GGT.VanKampen.GloballyDistinguishedRegionFamily.toDistinguishedFamily' depends on axioms: [propext,
 Classical.choice,
 Quot.sound]
ℹ [4850/4996] Replayed GroupApproximation.GGT.VanKampen.CombMapSubdivisionWalks
info: GroupApproximation/GGT/VanKampen/CombMapSubdivisionWalks.lean:143:14: 'GroupApproximation.GGT.VanKampen.EdgeSubdivision.expand_chain' depends on axioms: [propext,
 Classical.choice,
 Quot.sound]
info: GroupApproximation/GGT/VanKampen/CombMapSubdivisionWalks.lean:144:14: 'GroupApproximation.GGT.VanKampen.EdgeSubdivision.expand_join' depends on axioms: [propext,
 Classical.choice,
 Quot.sound]
info: GroupApproximation/GGT/VanKampen/CombMapSubdivisionWalks.lean:145:14: 'GroupApproximation.GGT.VanKampen.EdgeSubdivision.expanded_nodup' depends on axioms: [propext,
 Classical.choice,
 Quot.sound]
ℹ [4851/4996] Replayed GroupApproximation.GGT.VanKampen.CombMapSubdivisionBoundary
info: GroupApproximation/GGT/VanKampen/CombMapSubdivisionBoundary.lean:78:14: 'GroupApproximation.GGT.VanKampen.EdgeSubdivision.boundary' depends on axioms: [propext, Classical.choice, Quot.sound]
info: GroupApproximation/GGT/VanKampen/CombMapSubdivisionBoundary.lean:79:14: 'GroupApproximation.GGT.VanKampen.EdgeSubdivision.allBoundary_darts' depends on axioms: [propext,
 Classical.choice,
 Quot.sound]
ℹ [4872/4996] Replayed GroupApproximation.GGT.VanKampen.DartExpansion
info: GroupApproximation/GGT/VanKampen/DartExpansion.lean:56:14: 'GroupApproximation.GGT.VanKampen.DartExpansion.trans' depends on axioms: [propext, Classical.choice, Quot.sound]
ℹ [4873/4996] Replayed GroupApproximation.GGT.VanKampen.CombMapSubdivisionExpansion
info: GroupApproximation/GGT/VanKampen/CombMapSubdivisionExpansion.lean:41:14: 'GroupApproximation.GGT.VanKampen.EdgeSubdivision.dartExpansion' depends on axioms: [propext,
 Classical.choice,
 Quot.sound]
ℹ [4874/4996] Replayed GroupApproximation.GGT.VanKampen.DiscExpansion
info: GroupApproximation/GGT/VanKampen/DiscExpansion.lean:98:14: 'GroupApproximation.GGT.VanKampen.DiscExpansion.trans' depends on axioms: [propext, Classical.choice, Quot.sound]
info: GroupApproximation/GGT/VanKampen/DiscExpansion.lean:99:14: 'GroupApproximation.GGT.VanKampen.DiscExpansion.faceOf_mem' depends on axioms: [propext, Classical.choice, Quot.sound]
info: GroupApproximation/GGT/VanKampen/DiscExpansion.lean:100:14: 'GroupApproximation.GGT.VanKampen.DiscExpansion.exists_old_dart' depends on axioms: [propext,
 Classical.choice,
 Quot.sound]
info: GroupApproximation/GGT/VanKampen/DiscExpansion.lean:101:14: 'GroupApproximation.GGT.VanKampen.DiscExpansion.word_alpha' depends on axioms: [propext, Classical.choice, Quot.sound]
ℹ [4875/4996] Replayed GroupApproximation.GGT.VanKampen.DartExpansionVertices
info: GroupApproximation/GGT/VanKampen/DartExpansionVertices.lean:94:14: 'GroupApproximation.GGT.VanKampen.DartExpansion.vertexMap' depends on axioms: [propext, Classical.choice, Quot.sound]
info: GroupApproximation/GGT/VanKampen/DartExpansionVertices.lean:95:14: 'GroupApproximation.GGT.VanKampen.DartExpansion.vertex_last' depends on axioms: [propext, Classical.choice, Quot.sound]
info: GroupApproximation/GGT/VanKampen/DartExpansionVertices.lean:96:14: 'GroupApproximation.GGT.VanKampen.DartExpansion.vertexMap_injective' depends on axioms: [propext,
 Classical.choice,
 Quot.sound]
info: GroupApproximation/GGT/VanKampen/DartExpansionVertices.lean:97:14: 'GroupApproximation.GGT.VanKampen.DartExpansion.path_chain' depends on axioms: [propext, Classical.choice, Quot.sound]
ℹ [4895/4996] Replayed GroupApproximation.GGT.VanKampen.CombMapEdgeSplitBoundary
info: GroupApproximation/GGT/VanKampen/CombMapEdgeSplitBoundary.lean:177:14: 'GroupApproximation.GGT.VanKampen.EdgeInsertion.prefixDarts_chain' depends on axioms: [propext,
 Classical.choice,
 Quot.sound]
info: GroupApproximation/GGT/VanKampen/CombMapEdgeSplitBoundary.lean:178:14: 'GroupApproximation.GGT.VanKampen.EdgeInsertion.suffixDarts_chain' depends on axioms: [propext,
 Classical.choice,
 Quot.sound]
info: GroupApproximation/GGT/VanKampen/CombMapEdgeSplitBoundary.lean:179:14: 'GroupApproximation.GGT.VanKampen.EdgeInsertion.prefixBoundary' depends on axioms: [propext,
 Classical.choice,
 Quot.sound]
info: GroupApproximation/GGT/VanKampen/CombMapEdgeSplitBoundary.lean:180:14: 'GroupApproximation.GGT.VanKampen.EdgeInsertion.suffixBoundary' depends on axioms: [propext,
 Classical.choice,
 Quot.sound]
ℹ [4896/4996] Replayed GroupApproximation.GGT.VanKampen.CombMapEdgeFacePartition
info: GroupApproximation/GGT/VanKampen/CombMapEdgeFacePartition.lean:85:14: 'GroupApproximation.GGT.VanKampen.EdgeInsertion.prefixFace_ne_suffixFace' depends on axioms: [propext,
 Classical.choice,
 Quot.sound]
info: GroupApproximation/GGT/VanKampen/CombMapEdgeFacePartition.lean:86:14: 'GroupApproximation.GGT.VanKampen.EdgeInsertion.face_partition' depends on axioms: [propext,
 Classical.choice,
 Quot.sound]
ℹ [4897/4996] Replayed GroupApproximation.GGT.VanKampen.CombMapEdgeBoundaries
info: GroupApproximation/GGT/VanKampen/CombMapEdgeBoundaries.lean:51:14: 'GroupApproximation.GGT.VanKampen.EdgeInsertion.allFaceBoundary' depends on axioms: [propext,
 Classical.choice,
 Quot.sound]
info: GroupApproximation/GGT/VanKampen/CombMapEdgeBoundaries.lean:52:14: 'GroupApproximation.GGT.VanKampen.EdgeInsertion.allFaceBoundary_prefix' depends on axioms: [propext,
 Classical.choice,
 Quot.sound]
info: GroupApproximation/GGT/VanKampen/CombMapEdgeBoundaries.lean:53:14: 'GroupApproximation.GGT.VanKampen.EdgeInsertion.allFaceBoundary_suffix' depends on axioms: [propext,
 Classical.choice,
 Quot.sound]
info: GroupApproximation/GGT/VanKampen/CombMapEdgeBoundaries.lean:54:14: 'GroupApproximation.GGT.VanKampen.EdgeInsertion.allFaceBoundary_kept' depends on axioms: [propext,
 Classical.choice,
 Quot.sound]
ℹ [4898/4996] Replayed GroupApproximation.GGT.VanKampen.DartExpansionInternal
info: GroupApproximation/GGT/VanKampen/DartExpansionInternal.lean:135:14: 'GroupApproximation.GGT.VanKampen.DartExpansion.internal_fresh' depends on axioms: [propext,
 Classical.choice,
 Quot.sound]
info: GroupApproximation/GGT/VanKampen/DartExpansionInternal.lean:136:14: 'GroupApproximation.GGT.VanKampen.DartExpansion.internal_vertex_fibre' depends on axioms: [propext,
 Classical.choice,
 Quot.sound]
info: GroupApproximation/GGT/VanKampen/DartExpansionInternal.lean:137:14: 'GroupApproximation.GGT.VanKampen.DartExpansion.internal_vertex_eq_iff' depends on axioms: [propext,
 Classical.choice,
 Quot.sound]
info: GroupApproximation/GGT/VanKampen/DartExpansionInternal.lean:138:14: 'GroupApproximation.GGT.VanKampen.DartExpansion.edge_eq_iff' depends on axioms: [propext, Classical.choice, Quot.sound]
ℹ [4899/4996] Replayed GroupApproximation.GGT.VanKampen.FaceBoundaryRotation
info: GroupApproximation/GGT/VanKampen/FaceBoundaryRotation.lean:61:14: 'GroupApproximation.GGT.VanKampen.FaceBoundary.rotate' depends on axioms: [propext, Classical.choice, Quot.sound]
info: GroupApproximation/GGT/VanKampen/FaceBoundaryRotation.lean:62:14: 'GroupApproximation.GGT.VanKampen.FaceBoundary.rotate_head' depends on axioms: [propext, Classical.choice, Quot.sound]
info: GroupApproximation/GGT/VanKampen/FaceBoundaryRotation.lean:63:14: 'GroupApproximation.GGT.VanKampen.FaceBoundary.rotatedIndex_get' depends on axioms: [propext,
 Classical.choice,
 Quot.sound]
ℹ [4900/4996] Replayed GroupApproximation.GGT.VanKampen.Estimating.ContiguityTransport
info: GroupApproximation/GGT/VanKampen/Estimating/ContiguityTransport.lean:123:14: 'GroupApproximation.GGT.VanKampen.DiscEmbeddingAway.contiguity' depends on axioms: [propext,
 Classical.choice,
 Quot.sound]
info: GroupApproximation/GGT/VanKampen/Estimating/ContiguityTransport.lean:124:14: 'GroupApproximation.GGT.VanKampen.DiscEmbeddingAway.contiguity_source_length' depends on axioms: [propext,
 Classical.choice,
 Quot.sound]
info: GroupApproximation/GGT/VanKampen/Estimating/ContiguityTransport.lean:125:14: 'GroupApproximation.GGT.VanKampen.DiscEmbeddingAway.contiguity_target_length' depends on axioms: [propext,
 Classical.choice,
 Quot.sound]
ℹ [4901/4996] Replayed GroupApproximation.GGT.VanKampen.Estimating.GeometricCandidateTransport
info: GroupApproximation/GGT/VanKampen/Estimating/GeometricCandidateTransport.lean:124:14: 'GroupApproximation.GGT.VanKampen.DiscEmbeddingAway.geometricCandidate_injective' depends on axioms: [propext,
 Classical.choice,
 Quot.sound]
info: GroupApproximation/GGT/VanKampen/Estimating/GeometricCandidateTransport.lean:125:14: 'GroupApproximation.GGT.VanKampen.DiscEmbeddingAway.geometricFamily_card' depends on axioms: [propext,
 Classical.choice,
 Quot.sound]
info: GroupApproximation/GGT/VanKampen/Estimating/GeometricCandidateTransport.lean:126:14: 'GroupApproximation.GGT.VanKampen.DiscEmbeddingAway.geometricFamily_weight' depends on axioms: [propext,
 Classical.choice,
 Quot.sound]
info: GroupApproximation/GGT/VanKampen/Estimating/GeometricCandidateTransport.lean:127:14: 'GroupApproximation.GGT.VanKampen.DiscEmbeddingAway.geometricFamily_pairwise' depends on axioms: [propext,
 Classical.choice,
 Quot.sound]
ℹ [4902/4996] Replayed GroupApproximation.GGT.VanKampen.Estimating.ContiguityGeometryTransport
info: GroupApproximation/GGT/VanKampen/Estimating/ContiguityGeometryTransport.lean:70:14: 'GroupApproximation.GGT.VanKampen.DiscEmbeddingAway.contiguityGeometry' depends on axioms: [propext,
 Classical.choice,
 Quot.sound]
info: GroupApproximation/GGT/VanKampen/Estimating/ContiguityGeometryTransport.lean:71:14: 'GroupApproximation.GGT.VanKampen.DiscEmbeddingAway.contiguityGeometry_source_length' depends on axioms: [propext,
 Classical.choice,
 Quot.sound]
info: GroupApproximation/GGT/VanKampen/Estimating/ContiguityGeometryTransport.lean:72:14: 'GroupApproximation.GGT.VanKampen.DiscEmbeddingAway.contiguityGeometry_target_length' depends on axioms: [propext,
 Classical.choice,
 Quot.sound]
info: GroupApproximation/GGT/VanKampen/Estimating/ContiguityGeometryTransport.lean:73:14: 'GroupApproximation.GGT.VanKampen.DiscEmbeddingAway.contiguityGeometry_self_target_iff' depends on axioms: [propext,
 Classical.choice,
 Quot.sound]
ℹ [4925/4996] Replayed GroupApproximation.GGT.VanKampen.CombMapSubdivisionLabels
info: GroupApproximation/GGT/VanKampen/CombMapSubdivisionLabels.lean:137:14: 'GroupApproximation.GGT.VanKampen.EdgeSubdivision.subdivideLabel_alpha' depends on axioms: [propext,
 Classical.choice,
 Quot.sound]
info: GroupApproximation/GGT/VanKampen/CombMapSubdivisionLabels.lean:138:14: 'GroupApproximation.GGT.VanKampen.EdgeSubdivision.expanded_word_value' depends on axioms: [propext,
 Classical.choice,
 Quot.sound]
info: GroupApproximation/GGT/VanKampen/CombMapSubdivisionLabels.lean:139:14: 'GroupApproximation.GGT.VanKampen.EdgeSubdivision.allBoundary_word_kept' depends on axioms: [propext,
 Classical.choice,
 Quot.sound]
info: GroupApproximation/GGT/VanKampen/CombMapSubdivisionLabels.lean:140:14: 'GroupApproximation.GGT.VanKampen.EdgeSubdivision.subdivideLabel_admissible' depends on axioms: [propext,
 Classical.choice,
 Quot.sound]
ℹ [4926/4996] Replayed GroupApproximation.GGT.VanKampen.GEdgeSubdivision
info: GroupApproximation/GGT/VanKampen/GEdgeSubdivision.lean:129:14: 'GroupApproximation.GGT.VanKampen.GEdgeSubdivision.diagram' depends on axioms: [propext, Classical.choice, Quot.sound]
info: GroupApproximation/GGT/VanKampen/GEdgeSubdivision.lean:130:14: 'GroupApproximation.GGT.VanKampen.GEdgeSubdivision.replacement' depends on axioms: [propext,
 Classical.choice,
 Quot.sound]
info: GroupApproximation/GGT/VanKampen/GEdgeSubdivision.lean:131:14: 'GroupApproximation.GGT.VanKampen.GEdgeSubdivision.reduced' depends on axioms: [propext, Classical.choice, Quot.sound]
info: GroupApproximation/GGT/VanKampen/GEdgeSubdivision.lean:132:14: 'GroupApproximation.GGT.VanKampen.GEdgeSubdivision.label_admissible' depends on axioms: [propext,
 Classical.choice,
 Quot.sound]
ℹ [4927/4996] Replayed GroupApproximation.GGT.VanKampen.GEdgeSubdivisionExpansion
info: GroupApproximation/GGT/VanKampen/GEdgeSubdivisionExpansion.lean:98:14: 'GroupApproximation.GGT.VanKampen.GEdgeSubdivision.expansion' depends on axioms: [propext, Classical.choice, Quot.sound]
info: GroupApproximation/GGT/VanKampen/GEdgeSubdivisionExpansion.lean:99:14: 'GroupApproximation.GGT.VanKampen.GEdgeSubdivision.remaining_cells' depends on axioms: [propext,
 Classical.choice,
 Quot.sound]
info: GroupApproximation/GGT/VanKampen/GEdgeSubdivisionExpansion.lean:100:14: 'GroupApproximation.GGT.VanKampen.GEdgeSubdivision.label_away_remaining' depends on axioms: [propext,
 Classical.choice,
 Quot.sound]
ℹ [4928/4996] Replayed GroupApproximation.GGT.VanKampen.GEdgeRelabel
info: GroupApproximation/GGT/VanKampen/GEdgeRelabel.lean:120:14: 'GroupApproximation.GGT.VanKampen.GEdgeRelabel.expansion' depends on axioms: [propext, Classical.choice, Quot.sound]
info: GroupApproximation/GGT/VanKampen/GEdgeRelabel.lean:121:14: 'GroupApproximation.GGT.VanKampen.GEdgeRelabel.label_admissible' depends on axioms: [propext,
 Classical.choice,
 Quot.sound]
ℹ [4929/4996] Replayed GroupApproximation.GGT.VanKampen.GEdgeWordSubdivision
info: GroupApproximation/GGT/VanKampen/GEdgeWordSubdivision.lean:113:14: 'GroupApproximation.GGT.VanKampen.GEdgeWordSubdivision.exists_output' depends on axioms: [propext,
 Classical.choice,
 Quot.sound]
ℹ [4930/4996] Replayed GroupApproximation.GGT.VanKampen.GEdgeWordCellMap
info: GroupApproximation/GGT/VanKampen/GEdgeWordCellMap.lean:213:14: 'GroupApproximation.GGT.VanKampen.GEdgeRelabel.orderedCellMap' depends on axioms: [propext,
 Classical.choice,
 Quot.sound]
info: GroupApproximation/GGT/VanKampen/GEdgeWordCellMap.lean:214:14: 'GroupApproximation.GGT.VanKampen.GEdgeSubdivision.orderedCellMap' depends on axioms: [propext,
 Classical.choice,
 Quot.sound]
info: GroupApproximation/GGT/VanKampen/GEdgeWordCellMap.lean:215:14: 'GroupApproximation.GGT.VanKampen.GEdgeWordSubdivision.exists_cell_output' depends on axioms: [propext,
 Classical.choice,
 Quot.sound]
info: GroupApproximation/GGT/VanKampen/GEdgeWordCellMap.lean:216:14: 'GroupApproximation.GGT.VanKampen.GEdgeWordSubdivision.exists_cell_output_of_reversible' depends on axioms: [propext,
 Classical.choice,
 Quot.sound]
info: GroupApproximation/GGT/VanKampen/GEdgeWordCellMap.lean:217:14: 'GroupApproximation.GGT.VanKampen.GEdgeWordSubdivision.exists_raw_output' depends on axioms: [propext,
 Classical.choice,
 Quot.sound]
ℹ [4931/4996] Replayed GroupApproximation.GGT.VanKampen.GEdgeLabelRepair
info: GroupApproximation/GGT/VanKampen/GEdgeLabelRepair.lean:86:14: 'GroupApproximation.GGT.VanKampen.GEdgeWordSubdivision.RawOutput.illegalDarts_subset' depends on axioms: [propext,
 Classical.choice,
 Quot.sound]
info: GroupApproximation/GGT/VanKampen/GEdgeLabelRepair.lean:87:14: 'GroupApproximation.GGT.VanKampen.GEdgeWordSubdivision.RawOutput.illegalDarts_card_lt' depends on axioms: [propext,
 Classical.choice,
 Quot.sound]
ℹ [4932/4996] Replayed GroupApproximation.GGT.VanKampen.NonemptyConnectorWord
info: GroupApproximation/GGT/VanKampen/NonemptyConnectorWord.lean:60:14: 'GroupApproximation.GGT.VanKampen.NonemptyConnectorWord.value' depends on axioms: [propext]
info: GroupApproximation/GGT/VanKampen/NonemptyConnectorWord.lean:61:14: 'GroupApproximation.GGT.VanKampen.NonemptyConnectorWord.admissible' depends on axioms: [propext,
 Classical.choice,
 Quot.sound]
info: GroupApproximation/GGT/VanKampen/NonemptyConnectorWord.lean:62:14: 'GroupApproximation.GGT.VanKampen.NonemptyConnectorWord.length_lt' depends on axioms: [propext]
ℹ [4933/4996] Replayed GroupApproximation.GGT.VanKampen.DiscLabelNormalization
info: GroupApproximation/GGT/VanKampen/DiscLabelNormalization.lean:133:14: 'GroupApproximation.GGT.VanKampen.DiscLabelNormalization.illegal_faces' depends on axioms: [propext,
 Classical.choice,
 Quot.sound]
info: GroupApproximation/GGT/VanKampen/DiscLabelNormalization.lean:134:14: 'GroupApproximation.GGT.VanKampen.DiscLabelNormalization.exists_replacement_word' depends on axioms: [propext,
 Classical.choice,
 Quot.sound]
info: GroupApproximation/GGT/VanKampen/DiscLabelNormalization.lean:135:14: 'GroupApproximation.GGT.VanKampen.DiscLabelNormalization.exists_output' depends on axioms: [propext,
 Classical.choice,
 Quot.sound]
info: GroupApproximation/GGT/VanKampen/DiscLabelNormalization.lean:136:14: 'GroupApproximation.GGT.VanKampen.DiscLabelNormalization.Output.reduced' depends on axioms: [propext,
 Classical.choice,
 Quot.sound]
info: GroupApproximation/GGT/VanKampen/DiscLabelNormalization.lean:137:14: 'GroupApproximation.GGT.VanKampen.DiscLabelNormalization.Output.oEquivalent' depends on axioms: [propext,
 Classical.choice,
 Quot.sound]
ℹ [4971/4996] Replayed GroupApproximation.GGT.VanKampen.Estimating.Unbound
info: GroupApproximation/GGT/VanKampen/Estimating/Unbound.lean:365:40: Try this:
  [apply] ring_nf
  
  The `ring` tactic failed to close the goal. Use `ring_nf` to obtain a normal form.
    
  Note that `ring` works primarily in *commutative* rings. If you have a noncommutative ring, abelian group or module, consider using `noncomm_ring`, `abel` or `module` instead.
ℹ [4972/4996] Replayed GroupApproximation.GGT.VanKampen.Estimating.UnboundParameters
info: GroupApproximation/GGT/VanKampen/Estimating/UnboundParameters.lean:85:14: 'GroupApproximation.GGT.VanKampen.UnboundEstimate.exists_osinUnboundScale_parameters' depends on axioms: [propext,
 Classical.choice,
 Quot.sound]
info: GroupApproximation/GGT/VanKampen/Estimating/UnboundParameters.lean:86:21: 'GroupApproximation.GGT.VanKampen.UnboundEstimate.budget_threshold_without_shortening_margin' depends on axioms: [propext,
 Classical.choice,
 Quot.sound]
ℹ [4973/4996] Replayed GroupApproximation.GGT.VanKampen.CombMapEdgeLabels
info: GroupApproximation/GGT/VanKampen/CombMapEdgeLabels.lean:89:14: 'GroupApproximation.GGT.VanKampen.EdgeInsertion.insertLabel_alpha' depends on axioms: [propext,
 Classical.choice,
 Quot.sound]
info: GroupApproximation/GGT/VanKampen/CombMapEdgeLabels.lean:90:14: 'GroupApproximation.GGT.VanKampen.EdgeInsertion.insertLabel_admissible' depends on axioms: [propext,
 Classical.choice,
 Quot.sound]
info: GroupApproximation/GGT/VanKampen/CombMapEdgeLabels.lean:91:14: 'GroupApproximation.GGT.VanKampen.EdgeInsertion.split_kept_word' depends on axioms: [propext,
 Classical.choice,
 Quot.sound]
info: GroupApproximation/GGT/VanKampen/CombMapEdgeLabels.lean:92:14: 'GroupApproximation.GGT.VanKampen.EdgeInsertion.split_prefix_null' depends on axioms: [propext,
 Classical.choice,
 Quot.sound]
info: GroupApproximation/GGT/VanKampen/CombMapEdgeLabels.lean:93:14: 'GroupApproximation.GGT.VanKampen.EdgeInsertion.split_suffix_null' depends on axioms: [propext,
 Classical.choice,
 Quot.sound]
ℹ [4974/4996] Replayed GroupApproximation.GGT.VanKampen.GFaceEdgeInsertion
info: GroupApproximation/GGT/VanKampen/GFaceEdgeInsertion.lean:169:14: 'GroupApproximation.GGT.VanKampen.GFaceEdgeInsertion.diagram' depends on axioms: [propext, Classical.choice, Quot.sound]
info: GroupApproximation/GGT/VanKampen/GFaceEdgeInsertion.lean:170:14: 'GroupApproximation.GGT.VanKampen.GFaceEdgeInsertion.boundaryWord_eq' depends on axioms: [propext,
 Classical.choice,
 Quot.sound]
info: GroupApproximation/GGT/VanKampen/GFaceEdgeInsertion.lean:171:14: 'GroupApproximation.GGT.VanKampen.GFaceEdgeInsertion.replacement' depends on axioms: [propext,
 Classical.choice,
 Quot.sound]
info: GroupApproximation/GGT/VanKampen/GFaceEdgeInsertion.lean:172:14: 'GroupApproximation.GGT.VanKampen.GFaceEdgeInsertion.reduced' depends on axioms: [propext, Classical.choice, Quot.sound]
info: GroupApproximation/GGT/VanKampen/GFaceEdgeInsertion.lean:173:14: 'GroupApproximation.GGT.VanKampen.GFaceEdgeInsertion.faceCount_eq' depends on axioms: [propext,
 Classical.choice,
 Quot.sound]
info: GroupApproximation/GGT/VanKampen/GFaceEdgeInsertion.lean:174:14: 'GroupApproximation.GGT.VanKampen.GFaceEdgeInsertion.label_admissible' depends on axioms: [propext,
 Classical.choice,
 Quot.sound]
ℹ [4975/4996] Replayed GroupApproximation.GGT.VanKampen.ReversibleSpelling
info: GroupApproximation/GGT/VanKampen/ReversibleSpelling.lean:70:14: 'GroupApproximation.GGT.VanKampen.exists_reversibleSpelling' depends on axioms: [propext, Classical.choice, Quot.sound]
info: GroupApproximation/GGT/VanKampen/ReversibleSpelling.lean:71:14: 'GroupApproximation.GGT.VanKampen.ReversibleSpelling.value_eq' depends on axioms: [propext,
 Classical.choice,
 Quot.sound]
info: GroupApproximation/GGT/VanKampen/ReversibleSpelling.lean:72:14: 'GroupApproximation.GGT.VanKampen.exists_inverse_legal_letter' depends on axioms: [propext,
 Classical.choice,
 Quot.sound]
ℹ [4976/4996] Replayed GroupApproximation.GGT.VanKampen.Estimating.RegionCandidateTransport
info: GroupApproximation/GGT/VanKampen/Estimating/RegionCandidateTransport.lean:125:14: 'GroupApproximation.GGT.VanKampen.DiscEmbeddingAway.regionCandidate_injective' depends on axioms: [propext,
 Classical.choice,
 Quot.sound]
info: GroupApproximation/GGT/VanKampen/Estimating/RegionCandidateTransport.lean:126:14: 'GroupApproximation.GGT.VanKampen.DiscEmbeddingAway.regionFamily_card' depends on axioms: [propext,
 Classical.choice,
 Quot.sound]
info: GroupApproximation/GGT/VanKampen/Estimating/RegionCandidateTransport.lean:127:14: 'GroupApproximation.GGT.VanKampen.DiscEmbeddingAway.regionFamily_weight' depends on axioms: [propext,
 Classical.choice,
 Quot.sound]
info: GroupApproximation/GGT/VanKampen/Estimating/RegionCandidateTransport.lean:128:14: 'GroupApproximation.GGT.VanKampen.DiscEmbeddingAway.regionFamily_pairwise' depends on axioms: [propext,
 Classical.choice,
 Quot.sound]
ℹ [4979/4996] Replayed GroupApproximation.GGT.VanKampen.SymmetricLabelAlphabet
info: GroupApproximation/GGT/VanKampen/SymmetricLabelAlphabet.lean:81:14: 'GroupApproximation.GGT.VanKampen.symmetricLabelAlphabet.carrier_eq' depends on axioms: [propext,
 Classical.choice,
 Quot.sound]
info: GroupApproximation/GGT/VanKampen/SymmetricLabelAlphabet.lean:82:14: 'GroupApproximation.GGT.VanKampen.symmetricLabelAlphabet.wordNorm_eq' depends on axioms: [propext,
 Classical.choice,
 Quot.sound]
info: GroupApproximation/GGT/VanKampen/SymmetricLabelAlphabet.lean:83:14: 'GroupApproximation.GGT.VanKampen.symmetricLabelAlphabet.exists_normalization' depends on axioms: [propext,
 Classical.choice,
 Quot.sound]
ℹ [4980/4996] Replayed GroupApproximation.GGT.VanKampen.Estimating.RegionLegalSelection
info: GroupApproximation/GGT/VanKampen/Estimating/RegionLegalSelection.lean:102:14: 'GroupApproximation.GGT.VanKampen.exists_legallyDistinguishedRegion_of_seed' depends on axioms: [propext,
 Classical.choice,
 Quot.sound]
info: GroupApproximation/GGT/VanKampen/Estimating/RegionLegalSelection.lean:103:14: 'GroupApproximation.GGT.VanKampen.exists_legallyDistinguishedRegionFamily' depends on axioms: [propext,
 Classical.choice,
 Quot.sound]
info: GroupApproximation/GGT/VanKampen/Estimating/RegionLegalSelection.lean:104:14: 'GroupApproximation.GGT.VanKampen.LegallyDistinguishedRegionFamily.toDistinguishedFamily' depends on axioms: [propext,
 Classical.choice,
 Quot.sound]
ℹ [4982/4996] Replayed GroupApproximation.GGT.VanKampen.GFaceInsertionDart
info: GroupApproximation/GGT/VanKampen/GFaceInsertionDart.lean:56:14: 'GroupApproximation.GGT.VanKampen.GFaceEdgeInsertion.inserted_cells' depends on axioms: [propext,
 Classical.choice,
 Quot.sound]
info: GroupApproximation/GGT/VanKampen/GFaceInsertionDart.lean:57:14: 'GroupApproximation.GGT.VanKampen.GFaceEdgeInsertion.label_away_inserted' depends on axioms: [propext,
 Classical.choice,
 Quot.sound]
info: GroupApproximation/GGT/VanKampen/GFaceInsertionDart.lean:58:14: 'GroupApproximation.GGT.VanKampen.GFaceEdgeInsertion.vertex_positive' depends on axioms: [propext,
 Classical.choice,
 Quot.sound]
info: GroupApproximation/GGT/VanKampen/GFaceInsertionDart.lean:59:14: 'GroupApproximation.GGT.VanKampen.GFaceEdgeInsertion.vertex_negative' depends on axioms: [propext,
 Classical.choice,
 Quot.sound]
ℹ [4983/4996] Replayed GroupApproximation.GGT.VanKampen.GFaceWordInsertion
info: GroupApproximation/GGT/VanKampen/GFaceWordInsertion.lean:101:14: 'GroupApproximation.GGT.VanKampen.GFaceWordInsertion.exists_output' depends on axioms: [propext,
 Classical.choice,
 Quot.sound]
info: GroupApproximation/GGT/VanKampen/GFaceWordInsertion.lean:102:14: 'GroupApproximation.GGT.VanKampen.GFaceWordInsertion.Output.length_eq' depends on axioms: [propext,
 Classical.choice,
 Quot.sound]
info: GroupApproximation/GGT/VanKampen/GFaceWordInsertion.lean:103:14: 'GroupApproximation.GGT.VanKampen.GFaceWordInsertion.Output.reduced' depends on axioms: [propext,
 Classical.choice,
 Quot.sound]
ℹ [4984/4996] Replayed GroupApproximation.GGT.VanKampen.GFaceSimpleWordInsertion
info: GroupApproximation/GGT/VanKampen/GFaceSimpleWordInsertion.lean:75:14: 'GroupApproximation.GGT.VanKampen.GFaceWordInsertion.exists_simple_output' depends on axioms: [propext,
 Classical.choice,
 Quot.sound]
ℹ [4985/4996] Replayed GroupApproximation.GGT.VanKampen.GEdgeWordRetention
info: GroupApproximation/GGT/VanKampen/GEdgeWordRetention.lean:51:14: 'GroupApproximation.GGT.VanKampen.GEdgeWordSubdivision.Output.other_darts' depends on axioms: [propext,
 Classical.choice,
 Quot.sound]
info: GroupApproximation/GGT/VanKampen/GEdgeWordRetention.lean:52:14: 'GroupApproximation.GGT.VanKampen.GEdgeWordSubdivision.Output.other_alpha' depends on axioms: [propext,
 Classical.choice,
 Quot.sound]
info: GroupApproximation/GGT/VanKampen/GEdgeWordRetention.lean:53:14: 'GroupApproximation.GGT.VanKampen.GEdgeWordSubdivision.Output.other_facePerm' depends on axioms: [propext,
 Classical.choice,
 Quot.sound]
ℹ [4986/4996] Replayed GroupApproximation.GGT.VanKampen.GFaceWordRetention
info: GroupApproximation/GGT/VanKampen/GFaceWordRetention.lean:241:14: 'GroupApproximation.GGT.VanKampen.GFaceWordInsertion.retainedEmbedding' depends on axioms: [propext,
 Classical.choice,
 Quot.sound]
info: GroupApproximation/GGT/VanKampen/GFaceWordRetention.lean:242:14: 'GroupApproximation.GGT.VanKampen.GFaceWordInsertion.initialCellMap' depends on axioms: [propext,
 Classical.choice,
 Quot.sound]
info: GroupApproximation/GGT/VanKampen/GFaceWordRetention.lean:243:14: 'GroupApproximation.GGT.VanKampen.GFaceWordInsertion.exists_cell_output' depends on axioms: [propext,
 Classical.choice,
 Quot.sound]
info: GroupApproximation/GGT/VanKampen/GFaceWordRetention.lean:244:14: 'GroupApproximation.GGT.VanKampen.GFaceWordInsertion.exists_retained_output' depends on axioms: [propext,
 Classical.choice,
 Quot.sound]
info: GroupApproximation/GGT/VanKampen/GFaceWordRetention.lean:245:14: 'GroupApproximation.GGT.VanKampen.GFaceWordInsertion.RetainedOutput.path_edge_ne' depends on axioms: [propext,
 Classical.choice,
 Quot.sound]
info: GroupApproximation/GGT/VanKampen/GFaceWordRetention.lean:246:14: 'GroupApproximation.GGT.VanKampen.GFaceWordInsertion.RetainedOutput.region_pasting' depends on axioms: [propext,
 Classical.choice,
 Quot.sound]
ℹ [4988/4996] Replayed GroupApproximation.GGT.VanKampen.GFaceRebase
info: GroupApproximation/GGT/VanKampen/GFaceRebase.lean:132:14: 'GroupApproximation.GGT.VanKampen.GFaceRebase.diagram' depends on axioms: [propext, Classical.choice, Quot.sound]
info: GroupApproximation/GGT/VanKampen/GFaceRebase.lean:133:14: 'GroupApproximation.GGT.VanKampen.GFaceRebase.replacement' depends on axioms: [propext, Classical.choice, Quot.sound]
info: GroupApproximation/GGT/VanKampen/GFaceRebase.lean:134:14: 'GroupApproximation.GGT.VanKampen.GFaceRebase.embedding' depends on axioms: [propext, Classical.choice, Quot.sound]
info: GroupApproximation/GGT/VanKampen/GFaceRebase.lean:135:14: 'GroupApproximation.GGT.VanKampen.GFaceRebase.initial_dart' depends on axioms: [propext, Classical.choice, Quot.sound]
info: GroupApproximation/GGT/VanKampen/GFaceRebase.lean:136:14: 'GroupApproximation.GGT.VanKampen.GFaceRebase.terminal_dart' depends on axioms: [propext, Classical.choice, Quot.sound]
info: GroupApproximation/GGT/VanKampen/GFaceRebase.lean:137:14: 'GroupApproximation.GGT.VanKampen.GFaceRebase.exists_retained_family' depends on axioms: [propext,
 Classical.choice,
 Quot.sound]
ℹ [4989/4996] Replayed GroupApproximation.GGT.VanKampen.GFaceContiguityInsertion
info: GroupApproximation/GGT/VanKampen/GFaceContiguityInsertion.lean:75:14: 'GroupApproximation.GGT.VanKampen.GFaceWordInsertion.exists_contiguity_output' depends on axioms: [propext,
 Classical.choice,
 Quot.sound]
info: GroupApproximation/GGT/VanKampen/GFaceContiguityInsertion.lean:76:14: 'GroupApproximation.GGT.VanKampen.GFaceWordInsertion.exists_family_output' depends on axioms: [propext,
 Classical.choice,
 Quot.sound]
ℹ [4990/4996] Replayed GroupApproximation.GGT.VanKampen.GFaceReversibleInsertion
info: GroupApproximation/GGT/VanKampen/GFaceReversibleInsertion.lean:67:14: 'GroupApproximation.GGT.VanKampen.GFaceWordInsertion.exists_family_output_of_reversible' depends on axioms: [propext,
 Classical.choice,
 Quot.sound]
info: GroupApproximation/GGT/VanKampen/GFaceReversibleInsertion.lean:68:14: 'GroupApproximation.GGT.VanKampen.GFaceWordInsertion.exists_respelt_cell_output' depends on axioms: [propext,
 Classical.choice,
 Quot.sound]
ℹ [4991/4996] Replayed GroupApproximation.GGT.VanKampen.GFaceCornerInsertion
info: GroupApproximation/GGT/VanKampen/GFaceCornerInsertion.lean:121:14: 'GroupApproximation.GGT.VanKampen.GFaceWordInsertion.exists_corner_output' depends on axioms: [propext,
 Classical.choice,
 Quot.sound]
info: GroupApproximation/GGT/VanKampen/GFaceCornerInsertion.lean:122:14: 'GroupApproximation.GGT.VanKampen.GFaceWordInsertion.CornerOutput.initial_original' depends on axioms: [propext,
 Classical.choice,
 Quot.sound]
info: GroupApproximation/GGT/VanKampen/GFaceCornerInsertion.lean:123:14: 'GroupApproximation.GGT.VanKampen.GFaceWordInsertion.CornerOutput.terminal_original' depends on axioms: [propext,
 Classical.choice,
 Quot.sound]
info: GroupApproximation/GGT/VanKampen/GFaceCornerInsertion.lean:124:14: 'GroupApproximation.GGT.VanKampen.GFaceWordInsertion.CornerOutput.originalEmbedding' depends on axioms: [propext,
 Classical.choice,
 Quot.sound]
info: GroupApproximation/GGT/VanKampen/GFaceCornerInsertion.lean:125:14: 'GroupApproximation.GGT.VanKampen.GFaceWordInsertion.CornerOutput.originalReplacement' depends on axioms: [propext,
 Classical.choice,
 Quot.sound]
info: GroupApproximation/GGT/VanKampen/GFaceCornerInsertion.lean:126:14: 'GroupApproximation.GGT.VanKampen.GFaceWordInsertion.CornerOutput.retained_family' depends on axioms: [propext,
 Classical.choice,
 Quot.sound]
✖ [4995/4996] Building GroupApproximation.GGT.VanKampen.FaceSetBoundaryGlue (11s)
trace: .> LEAN_PATH=/projects/standard/hsiehph/sauer354/cc_clones/stw-fix/.lake/packages/Cli/.lake/build/lib/lean:/projects/standard/hsiehph/sauer354/cc_clones/stw-fix/.lake/packages/batteries/.lake/build/lib/lean:/projects/standard/hsiehph/sauer354/cc_clones/stw-fix/.lake/packages/Qq/.lake/build/lib/lean:/projects/standard/hsiehph/sauer354/cc_clones/stw-fix/.lake/packages/aesop/.lake/build/lib/lean:/projects/standard/hsiehph/sauer354/cc_clones/stw-fix/.lake/packages/proofwidgets/.lake/build/lib/lean:/projects/standard/hsiehph/sauer354/cc_clones/stw-fix/.lake/packages/importGraph/.lake/build/lib/lean:/projects/standard/hsiehph/sauer354/cc_clones/stw-fix/.lake/packages/LeanSearchClient/.lake/build/lib/lean:/projects/standard/hsiehph/sauer354/cc_clones/stw-fix/.lake/packages/plausible/.lake/build/lib/lean:/projects/standard/hsiehph/sauer354/cc_clones/stw-fix/.lake/packages/mathlib/.lake/build/lib/lean:/projects/standard/hsiehph/sauer354/cc_clones/stw-fix/.lake/build/lib/lean /projects/standard/hsiehph/sauer354/.elan/toolchains/leanprover--lean4---v4.32.0/bin/lean -DwarningAsError=true /projects/standard/hsiehph/sauer354/cc_clones/stw-fix/GroupApproximation/GGT/VanKampen/FaceSetBoundaryGlue.lean -o /projects/standard/hsiehph/sauer354/cc_clones/stw-fix/.lake/build/lib/lean/GroupApproximation/GGT/VanKampen/FaceSetBoundaryGlue.olean -i /projects/standard/hsiehph/sauer354/cc_clones/stw-fix/.lake/build/lib/lean/GroupApproximation/GGT/VanKampen/FaceSetBoundaryGlue.ilean -c /projects/standard/hsiehph/sauer354/cc_clones/stw-fix/.lake/build/ir/GroupApproximation/GGT/VanKampen/FaceSetBoundaryGlue.c --setup /projects/standard/hsiehph/sauer354/cc_clones/stw-fix/.lake/build/ir/GroupApproximation/GGT/VanKampen/FaceSetBoundaryGlue.setup.json --json
error: GroupApproximation/GGT/VanKampen/FaceSetBoundaryGlue.lean:276:48: This simp argument is unused:
  List.getLast?_map

Hint: Omit it from the simp argument list.
  simp [List.getLast?_m̵a̵p̵,̵ ̵L̵i̵s̵t̵.̵g̵e̵t̵L̵a̵s̵t̵?̵_̵reverse]

Note: This linter can be disabled with `set_option linter.unusedSimpArgs false`
info: GroupApproximation/GGT/VanKampen/FaceSetBoundaryGlue.lean:351:14: 'GroupApproximation.GGT.VanKampen.Embedded.glue_eq_head_of_mem_head?' depends on axioms: [propext]
info: GroupApproximation/GGT/VanKampen/FaceSetBoundaryGlue.lean:352:14: 'GroupApproximation.GGT.VanKampen.Embedded.glue_head_congr' depends on axioms: []
info: GroupApproximation/GGT/VanKampen/FaceSetBoundaryGlue.lean:353:14: 'GroupApproximation.GGT.VanKampen.Embedded.internalBoundaryMove_of_subset' depends on axioms: [propext,
 Classical.choice,
 Quot.sound]
info: GroupApproximation/GGT/VanKampen/FaceSetBoundaryGlue.lean:354:14: 'GroupApproximation.GGT.VanKampen.Embedded.reflTransGen_internalBoundaryMove_of_subset' depends on axioms: [propext,
 Classical.choice,
 Quot.sound]
info: GroupApproximation/GGT/VanKampen/FaceSetBoundaryGlue.lean:355:14: 'GroupApproximation.GGT.VanKampen.Embedded.listVal_dartWord_glue' depends on axioms: [propext,
 Classical.choice,
 Quot.sound]
info: GroupApproximation/GGT/VanKampen/FaceSetBoundaryGlue.lean:356:14: 'GroupApproximation.GGT.VanKampen.Embedded.FaceSetBoundary.glue_isBoundaryDart_left' depends on axioms: [propext,
 Classical.choice,
 Quot.sound]
info: GroupApproximation/GGT/VanKampen/FaceSetBoundaryGlue.lean:357:14: 'GroupApproximation.GGT.VanKampen.Embedded.FaceSetBoundary.glue_isBoundaryDart_right' depends on axioms: [propext,
 Classical.choice,
 Quot.sound]
info: GroupApproximation/GGT/VanKampen/FaceSetBoundaryGlue.lean:358:14: 'GroupApproximation.GGT.VanKampen.Embedded.FaceSetBoundary.glue_mem_of_isBoundaryDart' depends on axioms: [propext,
 Classical.choice,
 Quot.sound]
info: GroupApproximation/GGT/VanKampen/FaceSetBoundaryGlue.lean:359:14: 'GroupApproximation.GGT.VanKampen.Embedded.FaceSetBoundary.glue' depends on axioms: [propext,
 Classical.choice,
 Quot.sound]
info: GroupApproximation/GGT/VanKampen/FaceSetBoundaryGlue.lean:360:14: 'GroupApproximation.GGT.VanKampen.Embedded.FaceSetBoundary.glue_cycle' depends on axioms: [propext,
 Classical.choice,
 Quot.sound]
info: GroupApproximation/GGT/VanKampen/FaceSetBoundaryGlue.lean:361:14: 'GroupApproximation.GGT.VanKampen.Embedded.FaceSetBoundary.glue_value_one' depends on axioms: [propext,
 Classical.choice,
 Quot.sound]
error: Lean exited with code 1
✖ [4996/4996] Building GroupApproximation.GGT.VanKampen.Estimating.OsinAppendixCutMerge (11s)
trace: .> LEAN_PATH=/projects/standard/hsiehph/sauer354/cc_clones/stw-fix/.lake/packages/Cli/.lake/build/lib/lean:/projects/standard/hsiehph/sauer354/cc_clones/stw-fix/.lake/packages/batteries/.lake/build/lib/lean:/projects/standard/hsiehph/sauer354/cc_clones/stw-fix/.lake/packages/Qq/.lake/build/lib/lean:/projects/standard/hsiehph/sauer354/cc_clones/stw-fix/.lake/packages/aesop/.lake/build/lib/lean:/projects/standard/hsiehph/sauer354/cc_clones/stw-fix/.lake/packages/proofwidgets/.lake/build/lib/lean:/projects/standard/hsiehph/sauer354/cc_clones/stw-fix/.lake/packages/importGraph/.lake/build/lib/lean:/projects/standard/hsiehph/sauer354/cc_clones/stw-fix/.lake/packages/LeanSearchClient/.lake/build/lib/lean:/projects/standard/hsiehph/sauer354/cc_clones/stw-fix/.lake/packages/plausible/.lake/build/lib/lean:/projects/standard/hsiehph/sauer354/cc_clones/stw-fix/.lake/packages/mathlib/.lake/build/lib/lean:/projects/standard/hsiehph/sauer354/cc_clones/stw-fix/.lake/build/lib/lean /projects/standard/hsiehph/sauer354/.elan/toolchains/leanprover--lean4---v4.32.0/bin/lean -DwarningAsError=true /projects/standard/hsiehph/sauer354/cc_clones/stw-fix/GroupApproximation/GGT/VanKampen/Estimating/OsinAppendixCutMerge.lean -o /projects/standard/hsiehph/sauer354/cc_clones/stw-fix/.lake/build/lib/lean/GroupApproximation/GGT/VanKampen/Estimating/OsinAppendixCutMerge.olean -i /projects/standard/hsiehph/sauer354/cc_clones/stw-fix/.lake/build/lib/lean/GroupApproximation/GGT/VanKampen/Estimating/OsinAppendixCutMerge.ilean -c /projects/standard/hsiehph/sauer354/cc_clones/stw-fix/.lake/build/ir/GroupApproximation/GGT/VanKampen/Estimating/OsinAppendixCutMerge.c --setup /projects/standard/hsiehph/sauer354/cc_clones/stw-fix/.lake/build/ir/GroupApproximation/GGT/VanKampen/Estimating/OsinAppendixCutMerge.setup.json --json
error: GroupApproximation/GGT/VanKampen/Estimating/OsinAppendixCutMerge.lean:103:4: omega could not prove the goal:
a possible counterexample may satisfy the constraints
  i ≥ 0
  h ≥ 0
  g ≥ 0
  e ≥ 0
  e - g ≥ 2
  e - i ≤ 1
  d ≥ 0
  d - h ≤ 0
  b ≥ 0
  a ≥ 1
  a + b - h ≤ -1
where
 a := ↑H.targetArc.length
 b := ↑(EstimatingSelection.familyWeight RegionCandidate.weight family)
 d := ↑S.weight
 e := ↑S.family.card
 g := ↑family.card
 h := ↑(EstimatingSelection.familyWeight RegionCandidate.weight (Finset.cons ⟨{f}, H⟩ family ⋯))
 i := ↑family.card
info: GroupApproximation/GGT/VanKampen/Estimating/OsinAppendixCutMerge.lean:177:14: 'GroupApproximation.GGT.VanKampen.GloballyDistinguishedSectionFamily.false_of_weight_le_of_card_lt' depends on axioms: [propext,
 Classical.choice,
 Quot.sound]
error: GroupApproximation/GGT/VanKampen/Estimating/OsinAppendixCutMerge.lean:178:14: 'GroupApproximation.GGT.VanKampen.GloballyDistinguishedSectionFamily.false_of_cons_singleton' depends on axioms outside the classical allowlist: [sorryAx]
  full closure: [propext, sorryAx, Classical.choice, Quot.sound]
  permitted: [propext, Classical.choice, Quot.sound]
error: GroupApproximation/GGT/VanKampen/Estimating/OsinAppendixCutMerge.lean:179:14: 'GroupApproximation.GGT.VanKampen.GloballyDistinguishedSectionFamily.false_of_collapse_singleton' depends on axioms outside the classical allowlist: [sorryAx]
  full closure: [propext, sorryAx, Classical.choice, Quot.sound]
  permitted: [propext, Classical.choice, Quot.sound]
error: Lean exited with code 1
Some required targets logged failures:
- GroupApproximation.GGT.VanKampen.FaceSetBoundaryGlue
- GroupApproximation.GGT.VanKampen.Estimating.OsinAppendixCutMerge
error: build failed
EXIT=1
