P4 k 1 maxcubes 3 nonempty 28 multi-piece 23 maxpieces 3 nonacyclic 0
K13 k 1 maxcubes 3 nonempty 28 multi-piece 15 maxpieces 3 nonacyclic 0
grid3x3 k 2 maxcubes 4 nonempty 26 multi-piece 22 maxpieces 4 nonacyclic 0
grid4x3 k 2 maxcubes 6 nonempty 28 multi-piece 25 maxpieces 6 nonacyclic 0
Q3 k 3 maxcubes 1 nonempty 25 multi-piece 0 maxpieces 1 nonacyclic 0
book3 k 2 maxcubes 3 nonempty 25 multi-piece 20 maxpieces 3 nonacyclic 0
K14xP3 k 2 maxcubes 8 nonempty 30 multi-piece 27 maxpieces 8 nonacyclic 0
K13xK13 k 2 maxcubes 9 nonempty 26 multi-piece 24 maxpieces 9 nonacyclic 0
T6xT5 k 2 maxcubes 20 nonempty 30 multi-piece 27 maxpieces 20 nonacyclic 0
K13xP2xP2 k 3 maxcubes 3 nonempty 28 multi-piece 22 maxpieces 3 nonacyclic 0
P3xP3xP2 k 3 maxcubes 4 nonempty 30 multi-piece 29 maxpieces 4 nonacyclic 0
P4-hull1 k 2 maxcubes 12 nonempty 34 multi-piece 31 maxpieces 12 nonacyclic 0
P4-hull2 k 2 maxcubes 7 nonempty 29 multi-piece 28 maxpieces 7 nonacyclic 0
K1*P4-hull k 3 maxcubes 8 nonempty 34 multi-piece 31 maxpieces 8 nonacyclic 0
tri+pendant-hull k 3 maxcubes 6 nonempty 31 multi-piece 31 maxpieces 6 nonacyclic 0
C5-hull k 2 maxcubes 7 nonempty 32 multi-piece 30 maxpieces 7 nonacyclic 0
bun0 k 2 maxcubes 2 nonempty 28 multi-piece 23 maxpieces 2 nonacyclic 0
bun1 k 3 maxcubes 3 nonempty 32 multi-piece 22 maxpieces 3 nonacyclic 0
bun2 k 2 maxcubes 3 nonempty 27 multi-piece 23 maxpieces 3 nonacyclic 0
bun3 k 1 maxcubes 3 nonempty 28 multi-piece 26 maxpieces 3 nonacyclic 0
