P4 n=4 m=3 k=1 q=1 centres=3 bestF=1.48 | X-check: full=1.5 max_q_sub=0 Z=[3, 2, 0] rho=[-0.0, -0.0, -0.0]
K13 n=4 m=3 k=1 q=1 centres=3 bestF=1 | X-check: full=1 max_q_sub=0 Z=[3, 2, 1] rho=[-0.0, -0.0, -0.0]
grid3x3 n=9 m=4 k=2 q=2 centres=4 bestF=1.11e-16
grid4x3 n=12 m=5 k=2 q=2 centres=4 bestF=4.44e-16
Q3 n=8 m=3 k=3 q=3 centres=5 bestF=0.375 | X-check: full=0.5 max_q_sub=0 Z=[6, 2, 5, 0, 3] rho=[1.0, 2.0, 1.0, 1.0, 1.0]
book3 n=8 m=4 k=2 q=2 centres=4 bestF=0
K14xP3 n=15 m=6 k=2 q=2 centres=4 bestF=0
K13xK13 n=16 m=6 k=2 q=2 centres=4 bestF=2.22e-16
T6xT5 n=30 m=9 k=2 q=2 centres=4 bestF=2.22e-16
K13xP2xP2 n=16 m=5 k=3 q=3 centres=5 bestF=2.22e-16
P3xP3xP2 n=18 m=5 k=3 q=3 centres=5 bestF=0.262 | X-check: full=0.5 max_q_sub=0 Z=[3, 13, 0, 2, 16] rho=[2.0, 1.0, 2.0, 3.0, 2.0]
P4-hull1 n=24 m=12 k=2 q=2 centres=4 bestF=8.88e-16
P4-hull2 n=13 m=8 k=2 q=2 centres=4 bestF=2.22e-16
K1*P4-hull n=21 m=7 k=3 q=3 centres=5 bestF=4.44e-16
tri+pendant-hull n=18 m=8 k=3 q=3 centres=5 bestF=4.44e-16
C5-hull n=13 m=8 k=2 q=2 centres=4 bestF=0
bun0 n=10 m=4 k=3 q=3 centres=5 bestF=0.368 | X-check: full=0.5 max_q_sub=0 Z=[6, 7, 0, 5, 4] rho=[1.0, 2.0, 1.0, 2.0, 1.0]
bun1 n=9 m=6 k=2 q=2 centres=4 bestF=4.44e-16
bun2 n=11 m=6 k=3 q=3 centres=5 bestF=0
bun3 n=9 m=4 k=3 q=3 centres=5 bestF=0.414 | X-check: full=0.5 max_q_sub=0 Z=[0, 4, 7, 8, 6] rho=[2.0, 1.0, 1.0, 2.0, 1.0]
