Q=PSL(2,19) p=5 girths=[ 6, 6, 8 ] |A_v|=[ 3420, 3420, 3420 ] |G|=3420 dimZ=
1370 dimI=3 b1(N;F_p)=0
Q=PSL(2,19) p=5 girths=[ 8, 6, 8 ] |A_v|=[ 3420, 3420, 3420 ] |G|=3420 dimZ=
1370 dimI=3 b1(N;F_p)=0
Q=PSL(2,19) p=5 girths=[ 6, 8, 6 ] |A_v|=[ 3420, 3420, 3420 ] |G|=3420 dimZ=
1370 dimI=3 b1(N;F_p)=0
Q=PSL(2,29) p=7 girths=[ 8, 8, 8 ] |A_v|=[ 12180, 12180, 12180 ] |G|=
12180 dimZ=6962 dimI=3 b1(N;F_p)=0
Q=PSL(2,29) p=7 girths=[ 8, 6, 6 ] |A_v|=[ 12180, 12180, 12180 ] |G|=
12180 dimZ=6962 dimI=3 b1(N;F_p)=0
Q=PSL(2,29) p=5 girths=[ 8, 6, 6 ] |A_v|=[ 12180, 12180, 12180 ] |G|=
12180 dimZ=4874 dimI=3 b1(N;F_p)=0
Q=PSL(2,29) p=5 girths=[ 8, 6, 6 ] |A_v|=[ 12180, 12180, 12180 ] |G|=
12180 dimZ=4874 dimI=3 b1(N;F_p)=0
Q=PSL(2,31) p=5 girths=[ 6, 10, 10 ] |A_v|=[ 14880, 14880, 14880 ] |G|=
14880 dimZ=5954 dimI=3 b1(N;F_p)=0
Q=PSL(2,27) p=7 girths=[ 6, 6, 8 ] |A_v|=[ 9828, 9828, 9828 ] |G|=9828 dimZ=
5618 dimI=3 b1(N;F_p)=0
Q=PSL(2,23) p=3 girths=[ 4, 14, 14 ] |A_v|=[ 12, 6072, 6072 ] |G|=6072 dimZ=
584 dimI=1 b1(N;F_p)=77
Q=PSL(2,23) p=3 girths=[ 16, 14, 8 ] |A_v|=[ 6072, 6072, 6072 ] |G|=6072 dimZ=
178 dimI=1 b1(N;F_p)=176
Q=PSL(2,23) p=3 girths=[ 8, 14, 4 ] |A_v|=[ 6072, 6072, 12 ] |G|=6072 dimZ=
551 dimI=1 b1(N;F_p)=44
DONE
EXIT=0
