purged 0 stale artifact sets (source-newer=0, import-newer=0) of 2298 oleans
[job] acn112 cores=88-95 threads=8 base=aff623aaff91874f5c2739bb52149987c289a7f7 mods: GroupApproximation.CharClass.CohomologyKunnethTorusOf
ℹ [8767/8827] Replayed GroupApproximation.ThirdParty.HamSandwich.SphereOddDegree.SphereModTwoHomologyVanishing
info: GroupApproximation/ThirdParty/HamSandwich/SphereOddDegree/SphereModTwoHomologyVanishing.lean:318:21: 'GroupApproximation.ThirdParty.HamSandwich.SphereOddDegree.sphereModTwo_intermediate_vanishing_closed' depends on axioms: [propext,
 Classical.choice,
 Quot.sound]
ℹ [8768/8827] Replayed GroupApproximation.ThirdParty.HamSandwich.SphereOddDegree.SphereModTwoHomologyAboveDimension
info: GroupApproximation/ThirdParty/HamSandwich/SphereOddDegree/SphereModTwoHomologyAboveDimension.lean:87:21: 'GroupApproximation.ThirdParty.HamSandwich.SphereOddDegree.sphereModTwo_above_dimension_vanishing_closed' depends on axioms: [propext,
 Classical.choice,
 Quot.sound]
ℹ [8796/8827] Replayed GroupApproximation.CharClass.CohomologyKunnethSphereOf
info: GroupApproximation/CharClass/CohomologyKunnethSphereOf.lean:152:14: 'GroupApproximation.CharClass.isZero_mvAmbientOf' depends on axioms: [propext, Classical.choice, Quot.sound]
info: GroupApproximation/CharClass/CohomologyKunnethSphereOf.lean:153:14: 'GroupApproximation.CharClass.isZero_cohomology_of_isEmptyOf' depends on axioms: [propext, Classical.choice, Quot.sound]
info: GroupApproximation/CharClass/CohomologyKunnethSphereOf.lean:154:14: 'GroupApproximation.CharClass.isZero_prod_sphere_succOf' depends on axioms: [propext, Classical.choice, Quot.sound]
ℹ [8799/8827] Replayed GroupApproximation.CharClass.CohomologyKunnethHemiOf
info: GroupApproximation/CharClass/CohomologyKunnethHemiOf.lean:133:14: 'GroupApproximation.CharClass.KnHemi.exists_pull_prSub_of_resOf' depends on axioms: [propext,
 Classical.choice,
 Quot.sound]
info: GroupApproximation/CharClass/CohomologyKunnethHemiOf.lean:134:14: 'GroupApproximation.CharClass.KnHemi.pull_bandHE_injectiveOf' depends on axioms: [propext, Classical.choice, Quot.sound]
ℹ [8800/8827] Replayed GroupApproximation.CharClass.CohomologyKunnethSplitOf
info: GroupApproximation/CharClass/CohomologyKunnethSplitOf.lean:161:14: 'GroupApproximation.CharClass.kunneth_fst_eq_zeroOf' depends on axioms: [propext, Classical.choice, Quot.sound]
info: GroupApproximation/CharClass/CohomologyKunnethSplitOf.lean:162:14: 'GroupApproximation.CharClass.kunnethMap_naturalOf' depends on axioms: [propext, Classical.choice, Quot.sound]
info: GroupApproximation/CharClass/CohomologyKunnethSplitOf.lean:163:14: 'GroupApproximation.CharClass.kunnethInjective_of_secondOf' depends on axioms: [propext, Classical.choice, Quot.sound]
ℹ [8801/8827] Replayed GroupApproximation.CharClass.CohomologyKunnethStepOf
info: GroupApproximation/CharClass/CohomologyKunnethStepOf.lean:116:14: 'GroupApproximation.CharClass.KnHemi.knGen_of_injectiveOf' depends on axioms: [propext, Classical.choice, Quot.sound]
info: GroupApproximation/CharClass/CohomologyKunnethStepOf.lean:117:14: 'GroupApproximation.CharClass.KnHemi.knGenOf_smul' depends on axioms: [propext, Classical.choice, Quot.sound]
ℹ [8815/8827] Replayed GroupApproximation.CharClass.CohomologyKunnethSurjOf
info: GroupApproximation/CharClass/CohomologyKunnethSurjOf.lean:235:14: 'GroupApproximation.CharClass.KnHemi.exists_delta_of_subOf' depends on axioms: [propext, Classical.choice, Quot.sound]
info: GroupApproximation/CharClass/CohomologyKunnethSurjOf.lean:236:14: 'GroupApproximation.CharClass.KnHemi.knLow_succOf' depends on axioms: [propext, Classical.choice, Quot.sound]
info: GroupApproximation/CharClass/CohomologyKunnethSurjOf.lean:237:14: 'GroupApproximation.CharClass.KnHemi.knTop_succOf' depends on axioms: [propext, Classical.choice, Quot.sound]
ℹ [8818/8827] Replayed GroupApproximation.CharClass.CohomologyKunnethZeroOf
info: GroupApproximation/CharClass/CohomologyKunnethZeroOf.lean:115:14: 'GroupApproximation.CharClass.KnHemi.knGen_zeroGenOf' depends on axioms: [propext, Classical.choice, Quot.sound]
ℹ [8823/8827] Replayed GroupApproximation.CharClass.CohomologyKunnethSurjZeroOf
info: GroupApproximation/CharClass/CohomologyKunnethSurjZeroOf.lean:141:14: 'GroupApproximation.CharClass.KnZero.knTop_zeroOf' depends on axioms: [propext, Classical.choice, Quot.sound]
ℹ [8824/8827] Replayed GroupApproximation.CharClass.CohomologyKunnethStepDeltaOf
info: GroupApproximation/CharClass/CohomologyKunnethStepDeltaOf.lean:77:14: 'GroupApproximation.CharClass.KnHemi.injective_sphereNextOf' depends on axioms: [propext, Classical.choice, Quot.sound]
ℹ [8825/8827] Replayed GroupApproximation.CharClass.CohomologyKunnethInjectiveOf
info: GroupApproximation/CharClass/CohomologyKunnethInjectiveOf.lean:108:14: 'GroupApproximation.CharClass.KnHemi.kunnethSecondInjectiveOf' depends on axioms: [propext,
 Classical.choice,
 Quot.sound]
info: GroupApproximation/CharClass/CohomologyKunnethInjectiveOf.lean:109:14: 'GroupApproximation.CharClass.KnHemi.kunnethInjectiveOf' depends on axioms: [propext, Classical.choice, Quot.sound]
ℹ [8826/8827] Replayed GroupApproximation.CharClass.CohomologyKunnethDecompOf
info: GroupApproximation/CharClass/CohomologyKunnethDecompOf.lean:133:14: 'GroupApproximation.CharClass.KnHemi.kunneth_lowOf' depends on axioms: [propext, Classical.choice, Quot.sound]
info: GroupApproximation/CharClass/CohomologyKunnethDecompOf.lean:134:14: 'GroupApproximation.CharClass.KnHemi.kunneth_decompositionOf' depends on axioms: [propext, Classical.choice, Quot.sound]
info: GroupApproximation/CharClass/CohomologyKunnethDecompOf.lean:135:14: 'GroupApproximation.CharClass.KnHemi.kunneth_decomposition_uniqueOf' depends on axioms: [propext,
 Classical.choice,
 Quot.sound]
✖ [8827/8827] Building GroupApproximation.CharClass.CohomologyKunnethTorusOf (25s)
trace: .> LEAN_PATH=/projects/standard/hsiehph/sauer354/cc_clones/cs-endpoint/.lake/packages/Cli/.lake/build/lib/lean:/projects/standard/hsiehph/sauer354/cc_clones/cs-endpoint/.lake/packages/batteries/.lake/build/lib/lean:/projects/standard/hsiehph/sauer354/cc_clones/cs-endpoint/.lake/packages/Qq/.lake/build/lib/lean:/projects/standard/hsiehph/sauer354/cc_clones/cs-endpoint/.lake/packages/aesop/.lake/build/lib/lean:/projects/standard/hsiehph/sauer354/cc_clones/cs-endpoint/.lake/packages/proofwidgets/.lake/build/lib/lean:/projects/standard/hsiehph/sauer354/cc_clones/cs-endpoint/.lake/packages/importGraph/.lake/build/lib/lean:/projects/standard/hsiehph/sauer354/cc_clones/cs-endpoint/.lake/packages/LeanSearchClient/.lake/build/lib/lean:/projects/standard/hsiehph/sauer354/cc_clones/cs-endpoint/.lake/packages/plausible/.lake/build/lib/lean:/projects/standard/hsiehph/sauer354/cc_clones/cs-endpoint/.lake/packages/mathlib/.lake/build/lib/lean:/projects/standard/hsiehph/sauer354/cc_clones/lix-b/.lake/build/lib/lean /projects/standard/hsiehph/sauer354/.elan/toolchains/leanprover--lean4---v4.32.0/bin/lean -DwarningAsError=true /projects/standard/hsiehph/sauer354/cc_clones/lix-b/GroupApproximation/CharClass/CohomologyKunnethTorusOf.lean -o /projects/standard/hsiehph/sauer354/cc_clones/lix-b/.lake/build/lib/lean/GroupApproximation/CharClass/CohomologyKunnethTorusOf.olean -i /projects/standard/hsiehph/sauer354/cc_clones/lix-b/.lake/build/lib/lean/GroupApproximation/CharClass/CohomologyKunnethTorusOf.ilean -c /projects/standard/hsiehph/sauer354/cc_clones/lix-b/.lake/build/ir/GroupApproximation/CharClass/CohomologyKunnethTorusOf.c --setup /projects/standard/hsiehph/sauer354/cc_clones/lix-b/.lake/build/ir/GroupApproximation/CharClass/CohomologyKunnethTorusOf.setup.json --json
error: GroupApproximation/CharClass/CohomologyKunnethTorusOf.lean:128:4: Unknown identifier `pull_knSlice_knPrSOf`
info: GroupApproximation/CharClass/CohomologyKunnethTorusOf.lean:173:14: 'GroupApproximation.CharClass.KnHemi.kunnethSecondInjective_of_ne_zeroOf' depends on axioms: [propext,
 Classical.choice,
 Quot.sound]
error: GroupApproximation/CharClass/CohomologyKunnethTorusOf.lean:174:14: 'GroupApproximation.CharClass.KnTwo.tx_inj_degree_of_ne_zeroOf' depends on axioms outside the classical allowlist: [sorryAx]
  full closure: [propext, sorryAx, Classical.choice, Quot.sound]
  permitted: [propext, Classical.choice, Quot.sound]
error: GroupApproximation/CharClass/CohomologyKunnethTorusOf.lean:175:14: 'GroupApproximation.CharClass.KnTwo.tx_inj_degreeOf' depends on axioms outside the classical allowlist: [sorryAx]
  full closure: [propext, sorryAx, Classical.choice, Quot.sound]
  permitted: [propext, Classical.choice, Quot.sound]
error: Lean exited with code 1
Some required targets logged failures:
- GroupApproximation.CharClass.CohomologyKunnethTorusOf
error: build failed
EXIT=1
