purged 0 stale artifact sets (source-newer=0, import-newer=0) of 2262 oleans
[job] acn112 cores=64-71 threads=8 base=0d2ef1f393bcaa1deb911ab4a37d150427d06550 mods: GroupApproximation.CharClass.GysinTautChartOf
ℹ [8765/8910] Replayed GroupApproximation.CharClass.GysinFromLerayHirsch
info: GroupApproximation/CharClass/GysinFromLerayHirsch.lean:168:14: 'GroupApproximation.CharClass.GysinData.bijective_cupRight' depends on axioms: [propext, Classical.choice, Quot.sound]
ℹ [8768/8910] Replayed GroupApproximation.AlgTop.PuncturedNormedSphere
info: GroupApproximation/AlgTop/PuncturedNormedSphere.lean:95:14: 'GroupApproximation.AlgTop.complexToEuclidean_eq_zero_iff' depends on axioms: [propext, Classical.choice, Quot.sound]
ℹ [8828/8915] Replayed GroupApproximation.ThirdParty.HamSandwich.SphereOddDegree.SphereModTwoHomologyVanishing
info: GroupApproximation/ThirdParty/HamSandwich/SphereOddDegree/SphereModTwoHomologyVanishing.lean:318:21: 'GroupApproximation.ThirdParty.HamSandwich.SphereOddDegree.sphereModTwo_intermediate_vanishing_closed' depends on axioms: [propext,
 Classical.choice,
 Quot.sound]
ℹ [8829/8915] Replayed GroupApproximation.ThirdParty.HamSandwich.SphereOddDegree.SphereModTwoHomologyAboveDimension
info: GroupApproximation/ThirdParty/HamSandwich/SphereOddDegree/SphereModTwoHomologyAboveDimension.lean:87:21: 'GroupApproximation.ThirdParty.HamSandwich.SphereOddDegree.sphereModTwo_above_dimension_vanishing_closed' depends on axioms: [propext,
 Classical.choice,
 Quot.sound]
ℹ [8913/8915] Replayed GroupApproximation.CharClass.GysinRetractOf
info: GroupApproximation/CharClass/GysinRetractOf.lean:116:14: 'GroupApproximation.CharClass.Gysin.rChartOf_cup' depends on axioms: [propext, Classical.choice, Quot.sound]
info: GroupApproximation/CharClass/GysinRetractOf.lean:117:14: 'GroupApproximation.CharClass.Gysin.rNotZeroOf_cup' depends on axioms: [propext, Classical.choice, Quot.sound]
ℹ [8915/8915] Built GroupApproximation.CharClass.GysinTautChartOf (26s)
info: GroupApproximation/CharClass/GysinTautChartOf.lean:66:14: 'GroupApproximation.CharClass.Gysin.rChartOf_tautEulerK' depends on axioms: [propext, Classical.choice, Quot.sound]
Build completed successfully (8915 jobs).
EXIT=0
