purged 0 stale artifact sets (source-newer=0, import-newer=0) of 2359 oleans
[job] acn112 cores=64-71 threads=8 base=9f819ad8c722a90db2043eaf9e66d5926c90fac4 mods: GroupApproximation.Manuscript.NonMF.TorsionFreeSectionSentencesFourLeaves
ℹ [2823/2946] Replayed GroupApproximation.Sofic.KazhdanCornerCompression
info: GroupApproximation/Sofic/KazhdanCornerCompression.lean:342:4: Try this:
  [apply] abel_nf
ℹ [10212/10212] Built GroupApproximation.Manuscript.NonMF.TorsionFreeSectionSentencesFourLeaves (110s)
info: GroupApproximation/Manuscript/NonMF/TorsionFreeSectionSentencesFourLeaves.lean:229:14: 'GroupApproximation.Manuscript.NonMF.TorsionFreeSectionSentencesFourLeaves.printedHullProofParagraph_of_fourLeaves' depends on axioms: [propext,
 Classical.choice,
 Quot.sound]
info: GroupApproximation/Manuscript/NonMF/TorsionFreeSectionSentencesFourLeaves.lean:230:14: 'GroupApproximation.Manuscript.NonMF.TorsionFreeSectionSentencesFourLeaves.printedSaturationPairAndHullAgain_of_fourLeaves' depends on axioms: [propext,
 Classical.choice,
 Quot.sound]
info: GroupApproximation/Manuscript/NonMF/TorsionFreeSectionSentencesFourLeaves.lean:231:14: 'GroupApproximation.Manuscript.NonMF.TorsionFreeSectionSentencesFourLeaves.printedSaturationApplyHull_of_fourLeaves' depends on axioms: [propext,
 Classical.choice,
 Quot.sound]
info: GroupApproximation/Manuscript/NonMF/TorsionFreeSectionSentencesFourLeaves.lean:232:14: 'GroupApproximation.Manuscript.NonMF.TorsionFreeSectionSentencesFourLeaves.printedTheoremApplySaturation_of_fourLeaves' depends on axioms: [propext,
 Classical.choice,
 Quot.sound]
Build completed successfully (10212 jobs).
EXIT=0
