purged 0 stale artifact sets (source-newer=0, import-newer=0) of 3485 oleans
[job] acn112 cores=72-79 threads=8 base=a19fd73b8e73e104ad74e2c5aacbd00504267fde mods: GroupApproximation.GGT.VanKampen.Estimating.OsinAppendixEulerTwoGonWalkHypInner
ℹ [3299/3346] Replayed GroupApproximation.Sofic.KazhdanCornerCompression
info: GroupApproximation/Sofic/KazhdanCornerCompression.lean:342:4: Try this:
  [apply] abel_nf
ℹ [10085/10148] Replayed GroupApproximation.GGT.VanKampen.BoundaryCycleFaceClass
info: GroupApproximation/GGT/VanKampen/BoundaryCycleFaceClass.lean:119:14: 'GroupApproximation.GGT.VanKampen.Surgery.MapCollapse.BoundaryCycle.eqvGen_boundaryPerm_of_followsBoundary' depends on axioms: [propext,
 Classical.choice,
 Quot.sound]
info: GroupApproximation/GGT/VanKampen/BoundaryCycleFaceClass.lean:120:14: 'GroupApproximation.GGT.VanKampen.Surgery.MapCollapse.BoundaryCycle.eqvGen_of_mem_of_followsBoundary' depends on axioms: [propext,
 Classical.choice,
 Quot.sound]
info: GroupApproximation/GGT/VanKampen/BoundaryCycleFaceClass.lean:121:14: 'GroupApproximation.GGT.VanKampen.IsNoncrossingClosedWalk.eqvGen_of_mem_of_innerFollows' depends on axioms: [propext,
 Classical.choice,
 Quot.sound]
ℹ [10147/10148] Replayed GroupApproximation.GGT.VanKampen.Estimating.OsinAppendixEulerTwoGonNoncrossingRoute
info: GroupApproximation/GGT/VanKampen/Estimating/OsinAppendixEulerTwoGonNoncrossingRoute.lean:149:14: 'GroupApproximation.GGT.VanKampen.TwoGonNoncrossingPocketInput' depends on axioms: [propext,
 Classical.choice,
 Quot.sound]
info: GroupApproximation/GGT/VanKampen/Estimating/OsinAppendixEulerTwoGonNoncrossingRoute.lean:150:14: 'GroupApproximation.GGT.VanKampen.outerFace_not_mem_sideFaces_of_target_mem' depends on axioms: [propext,
 Classical.choice,
 Quot.sound]
info: GroupApproximation/GGT/VanKampen/Estimating/OsinAppendixEulerTwoGonNoncrossingRoute.lean:151:14: 'GroupApproximation.GGT.VanKampen.twoGonHoldsInput_of_noncrossingPocket' depends on axioms: [propext,
 Classical.choice,
 Quot.sound]
ℹ [10148/10148] Built GroupApproximation.GGT.VanKampen.Estimating.OsinAppendixEulerTwoGonWalkHypInner (21s)
info: GroupApproximation/GGT/VanKampen/Estimating/OsinAppendixEulerTwoGonWalkHypInner.lean:89:14: 'GroupApproximation.GGT.VanKampen.cellFace_not_mem_sideFaces_of_source_mem' depends on axioms: [propext,
 Classical.choice,
 Quot.sound]
info: GroupApproximation/GGT/VanKampen/Estimating/OsinAppendixEulerTwoGonWalkHypInner.lean:90:14: 'GroupApproximation.GGT.VanKampen.twoGonWalkHyp_of_innerFollows' depends on axioms: [propext,
 Classical.choice,
 Quot.sound]
Build completed successfully (10148 jobs).
EXIT=0
