purged 0 stale artifact sets (source-newer=0, import-newer=0) of 3304 oleans
[job] acn112 cores=64-71 threads=8 base=31982031d84ceaac026b84ec9b31c3048788a083 mods: GroupApproximation.GGT.VanKampen.SurgerySpikeDeletionRegions
ℹ [3336/3428] Replayed GroupApproximation.Sofic.KazhdanCornerCompression
info: GroupApproximation/Sofic/KazhdanCornerCompression.lean:342:4: Try this:
  [apply] abel_nf
ℹ [4698/4918] Replayed GroupApproximation.GGT.VanKampen.SurgerySpikeDeletionMap
info: GroupApproximation/GGT/VanKampen/SurgerySpikeDeletionMap.lean:266:14: 'GroupApproximation.GGT.VanKampen.EdgeDeletion.exists_spikeCycle' depends on axioms: [propext,
 Classical.choice,
 Quot.sound]
info: GroupApproximation/GGT/VanKampen/SurgerySpikeDeletionMap.lean:267:14: 'GroupApproximation.GGT.VanKampen.EdgeDeletion.SpikeCycle.rest_ne_nil' depends on axioms: [propext,
 Classical.choice,
 Quot.sound]
info: GroupApproximation/GGT/VanKampen/SurgerySpikeDeletionMap.lean:268:14: 'GroupApproximation.GGT.VanKampen.EdgeDeletion.SpikeCycle.lift_isFaceCycle' depends on axioms: [propext,
 Classical.choice,
 Quot.sound]
info: GroupApproximation/GGT/VanKampen/SurgerySpikeDeletionMap.lean:269:14: 'GroupApproximation.GGT.VanKampen.EdgeDeletion.SpikeCycle.faceOf_eq_shrunkFace_iff' depends on axioms: [propext,
 Classical.choice,
 Quot.sound]
info: GroupApproximation/GGT/VanKampen/SurgerySpikeDeletionMap.lean:270:14: 'GroupApproximation.GGT.VanKampen.EdgeDeletion.SpikeCycle.face_cases' depends on axioms: [propext,
 Classical.choice,
 Quot.sound]
info: GroupApproximation/GGT/VanKampen/SurgerySpikeDeletionMap.lean:271:14: 'GroupApproximation.GGT.VanKampen.EdgeDeletion.SpikeCycle.faceBoundary_shrunkFace_map_value' depends on axioms: [propext,
 Classical.choice,
 Quot.sound]
info: GroupApproximation/GGT/VanKampen/SurgerySpikeDeletionMap.lean:272:14: 'GroupApproximation.GGT.VanKampen.EdgeDeletion.SpikeCycle.faceBoundary_keptFace_map_value' depends on axioms: [propext,
 Classical.choice,
 Quot.sound]
info: GroupApproximation/GGT/VanKampen/SurgerySpikeDeletionMap.lean:273:14: 'GroupApproximation.GGT.VanKampen.EdgeDeletion.SpikeCycle.faceCount_eq' depends on axioms: [propext,
 Classical.choice,
 Quot.sound]
ℹ [4699/4918] Replayed GroupApproximation.GGT.VanKampen.SurgerySpikeDeletion
info: GroupApproximation/GGT/VanKampen/SurgerySpikeDeletion.lean:442:14: 'GroupApproximation.GGT.VanKampen.Surgery.SpikeDeletion.diagram' depends on axioms: [propext,
 Classical.choice,
 Quot.sound]
info: GroupApproximation/GGT/VanKampen/SurgerySpikeDeletion.lean:443:14: 'GroupApproximation.GGT.VanKampen.Surgery.SpikeDeletion.shrunkFace_value' depends on axioms: [propext,
 Classical.choice,
 Quot.sound]
info: GroupApproximation/GGT/VanKampen/SurgerySpikeDeletion.lean:444:14: 'GroupApproximation.GGT.VanKampen.Surgery.SpikeDeletion.face_cases' depends on axioms: [propext,
 Classical.choice,
 Quot.sound]
info: GroupApproximation/GGT/VanKampen/SurgerySpikeDeletion.lean:445:14: 'GroupApproximation.GGT.VanKampen.Surgery.SpikeDeletion.faceOf_keep' depends on axioms: [propext,
 Classical.choice,
 Quot.sound]
info: GroupApproximation/GGT/VanKampen/SurgerySpikeDeletion.lean:446:14: 'GroupApproximation.GGT.VanKampen.Surgery.SpikeDeletion.faceBoundary_kept_map_val' depends on axioms: [propext,
 Classical.choice,
 Quot.sound]
info: GroupApproximation/GGT/VanKampen/SurgerySpikeDeletion.lean:447:14: 'GroupApproximation.GGT.VanKampen.Surgery.SpikeDeletion.shrunk_darts' depends on axioms: [propext,
 Classical.choice,
 Quot.sound]
info: GroupApproximation/GGT/VanKampen/SurgerySpikeDeletion.lean:448:14: 'GroupApproximation.GGT.VanKampen.Surgery.SpikeDeletion.shrunk_not_relatorFace' depends on axioms: [propext,
 Classical.choice,
 Quot.sound]
info: GroupApproximation/GGT/VanKampen/SurgerySpikeDeletion.lean:449:14: 'GroupApproximation.GGT.VanKampen.Surgery.SpikeDeletion.faceCount_eq' depends on axioms: [propext,
 Classical.choice,
 Quot.sound]
info: GroupApproximation/GGT/VanKampen/SurgerySpikeDeletion.lean:450:14: 'GroupApproximation.GGT.VanKampen.Surgery.SpikeDeletion.dartCount_add_two' depends on axioms: [propext,
 Classical.choice,
 Quot.sound]
info: GroupApproximation/GGT/VanKampen/SurgerySpikeDeletion.lean:451:14: 'GroupApproximation.GGT.VanKampen.Surgery.SpikeDeletion.boundaryWord_eq' depends on axioms: [propext,
 Classical.choice,
 Quot.sound]
info: GroupApproximation/GGT/VanKampen/SurgerySpikeDeletion.lean:452:14: 'GroupApproximation.GGT.VanKampen.Surgery.SpikeDeletion.cellMap' depends on axioms: [propext,
 Classical.choice,
 Quot.sound]
info: GroupApproximation/GGT/VanKampen/SurgerySpikeDeletion.lean:453:14: 'GroupApproximation.GGT.VanKampen.Surgery.SpikeDeletion.oEquivalent' depends on axioms: [propext,
 Classical.choice,
 Quot.sound]
info: GroupApproximation/GGT/VanKampen/SurgerySpikeDeletion.lean:454:14: 'GroupApproximation.GGT.VanKampen.Surgery.SpikeDeletion.reduced' depends on axioms: [propext,
 Classical.choice,
 Quot.sound]
info: GroupApproximation/GGT/VanKampen/SurgerySpikeDeletion.lean:455:14: 'GroupApproximation.GGT.VanKampen.Surgery.SpikeDeletion.labelLegal' depends on axioms: [propext,
 Classical.choice,
 Quot.sound]
ℹ [4700/4918] Replayed GroupApproximation.GGT.VanKampen.SurgerySpikeDeletionDarts
info: GroupApproximation/GGT/VanKampen/SurgerySpikeDeletionDarts.lean:281:14: 'GroupApproximation.GGT.VanKampen.Surgery.SpikeDeletion.map_keep_val' depends on axioms: [propext,
 Classical.choice,
 Quot.sound]
info: GroupApproximation/GGT/VanKampen/SurgerySpikeDeletionDarts.lean:282:14: 'GroupApproximation.GGT.VanKampen.Surgery.SpikeDeletion.alpha_keep' depends on axioms: [propext,
 Classical.choice,
 Quot.sound]
info: GroupApproximation/GGT/VanKampen/SurgerySpikeDeletionDarts.lean:283:14: 'GroupApproximation.GGT.VanKampen.Surgery.SpikeDeletion.facePerm_keep' depends on axioms: [propext,
 Classical.choice,
 Quot.sound]
info: GroupApproximation/GGT/VanKampen/SurgerySpikeDeletionDarts.lean:284:14: 'GroupApproximation.GGT.VanKampen.Surgery.SpikeDeletion.faceOf_keep_mem_faceSet_iff' depends on axioms: [propext,
 Classical.choice,
 Quot.sound]
info: GroupApproximation/GGT/VanKampen/SurgerySpikeDeletionDarts.lean:285:14: 'GroupApproximation.GGT.VanKampen.Surgery.SpikeDeletion.faceSet_inj' depends on axioms: [propext,
 Classical.choice,
 Quot.sound]
info: GroupApproximation/GGT/VanKampen/SurgerySpikeDeletionDarts.lean:286:14: 'GroupApproximation.GGT.VanKampen.Surgery.SpikeDeletion.faceWord_kept' depends on axioms: [propext,
 Classical.choice,
 Quot.sound]
info: GroupApproximation/GGT/VanKampen/SurgerySpikeDeletionDarts.lean:287:14: 'GroupApproximation.GGT.VanKampen.Surgery.SpikeDeletion.cellDarts_eq' depends on axioms: [propext,
 Classical.choice,
 Quot.sound]
info: GroupApproximation/GGT/VanKampen/SurgerySpikeDeletionDarts.lean:288:14: 'GroupApproximation.GGT.VanKampen.Surgery.SpikeDeletion.outerDarts_eq' depends on axioms: [propext,
 Classical.choice,
 Quot.sound]
info: GroupApproximation/GGT/VanKampen/SurgerySpikeDeletionDarts.lean:289:14: 'GroupApproximation.GGT.VanKampen.Surgery.SpikeDeletion.targetBoundaryDarts_map' depends on axioms: [propext,
 Classical.choice,
 Quot.sound]
info: GroupApproximation/GGT/VanKampen/SurgerySpikeDeletionDarts.lean:290:14: 'GroupApproximation.GGT.VanKampen.Surgery.SpikeDeletion.dartWord_map' depends on axioms: [propext,
 Classical.choice,
 Quot.sound]
ℹ [5008/5008] Built GroupApproximation.GGT.VanKampen.SurgerySpikeDeletionRegions (13s)
info: GroupApproximation/GGT/VanKampen/SurgerySpikeDeletionRegions.lean:535:14: 'GroupApproximation.GGT.VanKampen.Surgery.SpikeDeletion.transportBoundary' depends on axioms: [propext,
 Classical.choice,
 Quot.sound]
info: GroupApproximation/GGT/VanKampen/SurgerySpikeDeletionRegions.lean:536:14: 'GroupApproximation.GGT.VanKampen.Surgery.SpikeDeletion.shelling' depends on axioms: [propext,
 Classical.choice,
 Quot.sound]
info: GroupApproximation/GGT/VanKampen/SurgerySpikeDeletionRegions.lean:537:14: 'GroupApproximation.GGT.VanKampen.Surgery.SpikeDeletion.contiguityGeometry' depends on axioms: [propext,
 Classical.choice,
 Quot.sound]
info: GroupApproximation/GGT/VanKampen/SurgerySpikeDeletionRegions.lean:538:14: 'GroupApproximation.GGT.VanKampen.Surgery.SpikeDeletion.contiguityGeometry_injective' depends on axioms: [propext,
 Classical.choice,
 Quot.sound]
info: GroupApproximation/GGT/VanKampen/SurgerySpikeDeletionRegions.lean:539:14: 'GroupApproximation.GGT.VanKampen.Surgery.SpikeDeletion.regionCandidate_injective' depends on axioms: [propext,
 Classical.choice,
 Quot.sound]
info: GroupApproximation/GGT/VanKampen/SurgerySpikeDeletionRegions.lean:540:14: 'GroupApproximation.GGT.VanKampen.Surgery.SpikeDeletion.regionFamily_card' depends on axioms: [propext,
 Classical.choice,
 Quot.sound]
info: GroupApproximation/GGT/VanKampen/SurgerySpikeDeletionRegions.lean:541:14: 'GroupApproximation.GGT.VanKampen.Surgery.SpikeDeletion.regionFamily_weight' depends on axioms: [propext,
 Classical.choice,
 Quot.sound]
info: GroupApproximation/GGT/VanKampen/SurgerySpikeDeletionRegions.lean:542:14: 'GroupApproximation.GGT.VanKampen.Surgery.SpikeDeletion.regionFamily_pairwise' depends on axioms: [propext,
 Classical.choice,
 Quot.sound]
info: GroupApproximation/GGT/VanKampen/SurgerySpikeDeletionRegions.lean:543:14: 'GroupApproximation.GGT.VanKampen.Surgery.SpikeDeletion.regionFamily_profile' depends on axioms: [propext,
 Classical.choice,
 Quot.sound]
info: GroupApproximation/GGT/VanKampen/SurgerySpikeDeletionRegions.lean:544:14: 'GroupApproximation.GGT.VanKampen.Surgery.SpikeDeletion.regionFamily_avoid_shrunk' depends on axioms: [propext,
 Classical.choice,
 Quot.sound]
info: GroupApproximation/GGT/VanKampen/SurgerySpikeDeletionRegions.lean:545:14: 'GroupApproximation.GGT.VanKampen.Surgery.SpikeDeletion.unboundDarts_eq' depends on axioms: [propext,
 Classical.choice,
 Quot.sound]
info: GroupApproximation/GGT/VanKampen/SurgerySpikeDeletionRegions.lean:546:14: 'GroupApproximation.GGT.VanKampen.Surgery.SpikeDeletion.sum_unboundDarts_card' depends on axioms: [propext,
 Classical.choice,
 Quot.sound]
info: GroupApproximation/GGT/VanKampen/SurgerySpikeDeletionRegions.lean:547:14: 'GroupApproximation.GGT.VanKampen.Surgery.SpikeDeletion.transportSection' depends on axioms: [propext,
 Classical.choice,
 Quot.sound]
info: GroupApproximation/GGT/VanKampen/SurgerySpikeDeletionRegions.lean:548:14: 'GroupApproximation.GGT.VanKampen.Surgery.SpikeDeletion.transportSection_weight' depends on axioms: [propext,
 Classical.choice,
 Quot.sound]
info: GroupApproximation/GGT/VanKampen/SurgerySpikeDeletionRegions.lean:549:14: 'GroupApproximation.GGT.VanKampen.Surgery.SpikeDeletion.transportSection_labelLegal' depends on axioms: [propext,
 Classical.choice,
 Quot.sound]
Build completed successfully (5008 jobs).
EXIT=0
