AAABBABabAbaaB images=92 minlen=14 none
AABaBAAbaBABab images=78 minlen=14 none
AAAbbAbaBABaab images=92 minlen=14 none
AAABaabAbaBABB images=92 minlen=14 none
AAABaabbabbaaB images=36 minlen=14 none
AABaabAAbaBBaB images=92 minlen=14 none
AABaabAbbAbaaB images=36 minlen=14 none
AABaabABBAbaaB images=78 minlen=14 none
AABaaBAAbaBBab images=78 minlen=14 none
AABaaBAbbAbaab images=92 minlen=14 none
AABaaBABBAbaab images=92 minlen=14 none
AABAbbaBBabbAB images=36 minlen=14 none
AABAbbABBabbaB images=92 minlen=14 none
AAAbaaBABabAbb images=92 minlen=14 none
AAAbaaBBaBBaab images=36 minlen=14 none
AABabAAbaBAAbb images=78 minlen=14 none
AABabAABBAAbaB images=78 minlen=14 none
AABabAbaBAAbab images=78 minlen=14 none
AAAbaBBabbABBAb images=68 minlen=15 none
AAAbaBBAbbABBab images=48 minlen=15 none
AAAbABBabbaBBAb images=30 minlen=15 none
AAAbABBAbbaBBab images=68 minlen=15 none
AAABabbaBBAbbAB images=68 minlen=15 none
AAABabbABBAbbaB images=48 minlen=15 none
AAABAbbaBBabbAB images=30 minlen=15 none
AAABAbbABBabbaB images=68 minlen=15 none
