# Raw kbmag logs, concatenated in run order: first pass (kb_kbc_*, kb_kbd_*, kb_kbe_*: kbhyp.sh, limit 120 s),
# a<->t retry (kbretry_r1.out, kbr_*: kbretry.sh), -large retries (kb2_*: kbhyp2.sh). kb821.out is the per-relator merge.
== kb_kbc_00.out
KB AAAtATatatAATTaattaTT AUTOMATIC HYPERBOLIC (size := 1491 geowa)
KB AAAtATatatATTaattaaTT AUTOMATIC HYPERBOLIC (size := 1467 geowa)
KB AAAtATatataTTaattAATT AUTOMATIC HYPERBOLIC (size := 1448 geowa)
KB AAAtATatataaTTaattATT AUTOMATIC HYPERBOLIC (size := 1485 geowa)
KB AAAtATattAATTaatataTT AUTGROUP-FAIL(rc=1)
KB AAAtATattAATTaattaTaT AUTOMATIC HYPERBOLIC (size := 1409 geowa)
KB AAAtATattAATaTaattaTT AUTOMATIC HYPERBOLIC (size := 1495 geowa)
KB AAAtATattATTaatataaTT AUTGROUP-FAIL(rc=1)
KB AAAtATattATTaattaaTaT AUTGROUP-FAIL(rc=1)
KB AAAtATattATaTaattaaTT AUTOMATIC HYPERBOLIC (size := 1417 geowa)
KB AAAtATattaTTaatatAATT AUTGROUP-FAIL(rc=1)
KB AAAtATattaTTaattAATaT AUTGROUP-FAIL(rc=1)
KB AAAtATattaTaTaattAATT AUTOMATIC HYPERBOLIC (size := 1400 geowa)
KB AAAtATattaaTTaatatATT AUTGROUP-FAIL(rc=1)
KB AAAtATattaaTTaattATaT AUTOMATIC HYPERBOLIC (size := 1440 geowa)
KB AAAtATattaaTaTaattATT AUTGROUP-FAIL(rc=1)
KB AAAtATaatatAATTattaTT AUTGROUP-FAIL(rc=1)
KB AAAtATaatatATTattaaTT AUTGROUP-FAIL(rc=1)
KB AAAtATaatataTTattAATT AUTGROUP-FAIL(rc=1)
KB AAAtATaatataaTTattATT AUTGROUP-FAIL(rc=1)
KB AAAtATaattAATTatataTT AUTOMATIC HYPERBOLIC (size := 1449 geowa)
KB AAAtATaattAATTattaTaT AUTOMATIC HYPERBOLIC (size := 1446 geowa)
KB AAAtATaattAATaTattaTT AUTOMATIC HYPERBOLIC (size := 1493 geowa)
KB AAAtATaattATTatataaTT AUTOMATIC HYPERBOLIC (size := 1449 geowa)
KB AAAtATaattATTattaaTaT AUTOMATIC HYPERBOLIC (size := 1488 geowa)
KB AAAtATaattATaTattaaTT AUTOMATIC HYPERBOLIC (size := 1446 geowa)
KB AAAtATaattaTTatatAATT AUTOMATIC HYPERBOLIC (size := 1446 geowa)
KB AAAtATaattaTTattAATaT AUTOMATIC HYPERBOLIC (size := 1488 geowa)
KB AAAtATaattaTaTattAATT AUTOMATIC HYPERBOLIC (size := 1425 geowa)
KB AAAtATaattaaTTatatATT AUTOMATIC HYPERBOLIC (size := 1433 geowa)
KB AAAtATaattaaTTattATaT AUTOMATIC HYPERBOLIC (size := 1432 geowa)
KB AAAtATaattaaTaTattATT AUTOMATIC HYPERBOLIC (size := 1475 geowa)
KB AAAtAtAATTataTaattaTT AUTGROUP-FAIL(rc=1)
KB AAAtAtAATTattaTTaataT AUTOMATIC HYPERBOLIC (size := 1478 geowa)
KB AAAtAtAATTaataTattaTT AUTOMATIC HYPERBOLIC (size := 1507 geowa)
KB AAAtAtAATTaattaTTataT AUTOMATIC HYPERBOLIC (size := 1474 geowa)
KB AAAtAtAATTaattaTataTT AUTOMATIC HYPERBOLIC (size := 1481 geowa)
KB AAAtAtAATataTTaattaTT AUTOMATIC HYPERBOLIC (size := 1455 geowa)
KB AAAtAtATTataTaattaaTT AUTGROUP-FAIL(rc=1)
KB AAAtAtATTattaaTTaataT AUTGROUP-FAIL(rc=1)
KB AAAtAtATTaataTattaaTT AUTOMATIC HYPERBOLIC (size := 1485 geowa)
KB AAAtAtATTaattATataaTT AUTGROUP-FAIL(rc=1)
KB AAAtAtATTaattaaTTataT AUTOMATIC HYPERBOLIC (size := 1465 geowa)
KB AAAtAtATTaattaaTatATT AUTOMATIC HYPERBOLIC (size := 1475 geowa)
KB AAAtAtATatATTaattaaTT AUTOMATIC HYPERBOLIC (size := 1443 geowa)
KB AAAtAtATataaTTaattATT AUTGROUP-FAIL(rc=1)
KB AAAtAtaTTataTaattAATT AUTGROUP-FAIL(rc=1)
KB AAAtAtaTTattAATTaataT AUTOMATIC HYPERBOLIC (size := 1488 geowa)
KB AAAtAtaTTaataTattAATT AUTOMATIC HYPERBOLIC (size := 1490 geowa)
KB AAAtAtaTTaattAATTataT AUTOMATIC HYPERBOLIC (size := 1491 geowa)
KB AAAtAtaTTaattAATataTT AUTGROUP-FAIL(rc=1)
KB AAAtAtaTTaattaTatAATT AUTOMATIC HYPERBOLIC (size := 1458 geowa)
KB AAAtAtaTatAATTaattaTT AUTOMATIC HYPERBOLIC (size := 1488 geowa)
== kb_kbc_01.out
KB AAAtaTattaaTTaatAtATT AUTOMATIC HYPERBOLIC (size := 1468 geowa)
KB AAAtaTattaaTATaattATT AUTOMATIC HYPERBOLIC (size := 1471 geowa)
KB AAAtaTaatAtAATTattaTT AUTOMATIC HYPERBOLIC (size := 1492 geowa)
KB AAAtaTaatAtATTattaaTT AUTOMATIC HYPERBOLIC (size := 1455 geowa)
KB AAAtaTaatAtaTTattAATT AUTOMATIC HYPERBOLIC (size := 1445 geowa)
KB AAAtaTaatAtaaTTattATT AUTGROUP-FAIL(rc=1)
KB AAAtaTaattAATTatAtaTT AUTOMATIC HYPERBOLIC (size := 1417 geowa)
KB AAAtaTaattAATATattaTT AUTGROUP-FAIL(rc=1)
KB AAAtaTaattATTatAtaaTT AUTOMATIC HYPERBOLIC (size := 1470 geowa)
KB AAAtaTaattATATattaaTT AUTOMATIC HYPERBOLIC (size := 1414 geowa)
KB AAAtaTaattaTTatAtAATT AUTOMATIC HYPERBOLIC (size := 1474 geowa)
KB AAAtaTaattaTATattAATT AUTOMATIC HYPERBOLIC (size := 1432 geowa)
KB AAAtaTaattaaTTatAtATT AUTOMATIC HYPERBOLIC (size := 1439 geowa)
KB AAAtaTaattaaTATattATT AUTGROUP-FAIL(rc=1)
KB AAAtatAATTatATaattaTT AUTOMATIC HYPERBOLIC (size := 1479 geowa)
KB AAAtatAATTaatATattaTT AUTOMATIC HYPERBOLIC (size := 1515 geowa)
KB AAAtatAATTaattaTAtaTT AUTOMATIC HYPERBOLIC (size := 1481 geowa)
KB AAAtatAATAtaTTaattaTT AUTOMATIC HYPERBOLIC (size := 1478 geowa)
KB AAAtatATTatATaattaaTT AUTGROUP-FAIL(rc=1)
KB AAAtatATTaatATattaaTT AUTOMATIC HYPERBOLIC (size := 1490 geowa)
KB AAAtatATTaattATAtaaTT AUTGROUP-FAIL(rc=1)
KB AAAtatATTaattaaTAtATT AUTGROUP-FAIL(rc=1)
KB AAAtatATAtATTaattaaTT AUTOMATIC HYPERBOLIC (size := 1461 geowa)
KB AAAtatATAtaaTTaattATT AUTOMATIC HYPERBOLIC (size := 1481 geowa)
KB AAAtataTTatATaattAATT AUTGROUP-FAIL(rc=1)
KB AAAtataTTaatATattAATT AUTOMATIC HYPERBOLIC (size := 1501 geowa)
KB AAAtataTTaattAATAtaTT AUTGROUP-FAIL(rc=1)
KB AAAtataTTaattaTAtAATT AUTOMATIC HYPERBOLIC (size := 1432 geowa)
KB AAAtataTAtAATTaattaTT AUTGROUP-FAIL(rc=1)
KB AAAtataTAtaTTaattAATT AUTOMATIC HYPERBOLIC (size := 1439 geowa)
KB AAAtataaTTatATaattATT AUTOMATIC HYPERBOLIC (size := 1496 geowa)
KB AAAtataaTTaatATattATT AUTOMATIC HYPERBOLIC (size := 1520 geowa)
KB AAAtataaTTaattATAtATT AUTGROUP-FAIL(rc=1)
KB AAAtataaTAtATTaattATT AUTOMATIC HYPERBOLIC (size := 1482 geowa)
KB AAAttAATTatATaatataTT AUTOMATIC HYPERBOLIC (size := 1444 geowa)
KB AAAttAATTataTaatAtaTT AUTGROUP-FAIL(rc=1)
KB AAAttAATTaatATatataTT AUTOMATIC HYPERBOLIC (size := 1435 geowa)
KB AAAttAATTaatAtaTataTT AUTOMATIC HYPERBOLIC (size := 1449 geowa)
KB AAAttAATTaataTatAtaTT AUTGROUP-FAIL(rc=1)
KB AAAttAATTaatataTAtaTT AUTOMATIC HYPERBOLIC (size := 1431 geowa)
KB AAAttAATATataTaattaTT AUTOMATIC HYPERBOLIC (size := 1455 geowa)
KB AAAttAATATaataTattaTT AUTOMATIC HYPERBOLIC (size := 1477 geowa)
KB AAAttAATATaattaTataTT AUTOMATIC HYPERBOLIC (size := 1475 geowa)
KB AAAttAATAtaTTaatataTT AUTOMATIC HYPERBOLIC (size := 1416 geowa)
KB AAAttAATAtaTaTaattaTT AUTOMATIC HYPERBOLIC (size := 1464 geowa)
KB AAAttAATaTatATaattaTT AUTOMATIC HYPERBOLIC (size := 1460 geowa)
KB AAAttAATaTaatATattaTT AUTOMATIC HYPERBOLIC (size := 1476 geowa)
KB AAAttAATaTaattaTAtaTT AUTOMATIC HYPERBOLIC (size := 1483 geowa)
KB AAAttAATataTTaatAtaTT AUTOMATIC HYPERBOLIC (size := 1402 geowa)
KB AAAttAATataTATaattaTT AUTGROUP-FAIL(rc=1)
== kb_kbc_02.out
KB AAAttaTTaatAtAATataTT AUTGROUP-FAIL(rc=1)
KB AAAttaTTaatatAATAtaTT AUTOMATIC HYPERBOLIC (size := 1442 geowa)
KB AAAttaTATaattAATataTT AUTOMATIC HYPERBOLIC (size := 1432 geowa)
KB AAAttaTAtAATTaatataTT AUTGROUP-FAIL(rc=1)
KB AAtAATataTattAATataTT AUTGROUP-FAIL(rc=124)
KB AAtAATataTattATataaTT AUTOMATIC HYPERBOLIC (size := 1648 geowa)
KB AAtAATataTattaTatAATT AUTGROUP-FAIL(rc=1)
KB AAtAATataTattaaTatATT AUTGROUP-FAIL(rc=1)
KB AAtAATatatAATTatataTT AUTOMATIC HYPERBOLIC (size := 1417 geowa)
KB AAtAATatatAATTattaTaT AUTOMATIC HYPERBOLIC (size := 1457 geowa)
KB AAtAATatatAATaTattaTT AUTOMATIC HYPERBOLIC (size := 1412 geowa)
KB AAtAATatatATTatataaTT AUTOMATIC HYPERBOLIC (size := 1433 geowa)
KB AAtAATatatATTattaaTaT AUTOMATIC HYPERBOLIC (size := 1447 geowa)
KB AAtAATatatATaTattaaTT AUTOMATIC HYPERBOLIC (size := 1447 geowa)
KB AAtAATatataTTatatAATT AUTOMATIC HYPERBOLIC (size := 1418 geowa)
KB AAtAATatataTTattAATaT AUTOMATIC HYPERBOLIC (size := 1433 geowa)
KB AAtAATatataTaTattAATT AUTOMATIC HYPERBOLIC (size := 1453 geowa)
KB AAtAATatataaTTatatATT AUTOMATIC HYPERBOLIC (size := 1490 geowa)
KB AAtAATatataaTTattATaT AUTOMATIC HYPERBOLIC (size := 1492 geowa)
KB AAtAATatataaTaTattATT AUTOMATIC HYPERBOLIC (size := 1464 geowa)
KB AAtAATataatAATTattaTT AUTOMATIC HYPERBOLIC (size := 1493 geowa)
KB AAtAATataatATTattaaTT AUTGROUP-FAIL(rc=1)
KB AAtAATataataTTattAATT AUTGROUP-FAIL(rc=1)
KB AAtAATataataaTTattATT AUTOMATIC HYPERBOLIC (size := 1534 geowa)
KB AAtAATattAATTatataTaT AUTOMATIC HYPERBOLIC (size := 1467 geowa)
KB AAtAATattAATTataataTT AUTOMATIC HYPERBOLIC (size := 1491 geowa)
KB AAtAATattAATTattaTaaT AUTGROUP-FAIL(rc=1)
KB AAtAATattAATaTatataTT AUTGROUP-FAIL(rc=1)
KB AAtAATattAATaTattaTaT AUTGROUP-FAIL(rc=1)
KB AAtAATattAATataTTataT AUTGROUP-FAIL(rc=1)
KB AAtAATattAATataTataTT AUTGROUP-FAIL(rc=1)
== kb_kbc_03.out
KB AAtAAtATTatataaTatATT AUTOMATIC HYPERBOLIC (size := 1430 geowa)
KB AAtAAtATTataaTattaaTT AUTGROUP-FAIL(rc=1)
KB AAtAAtATTattATataaTaT AUTGROUP-FAIL(rc=1)
KB AAtAAtATTattaaTTataaT AUTOMATIC HYPERBOLIC (size := 1458 geowa)
KB AAtAAtATTattaaTaTataT AUTOMATIC HYPERBOLIC (size := 1447 geowa)
KB AAtAAtATTattaaTatATaT AUTOMATIC HYPERBOLIC (size := 1480 geowa)
KB AAtAAtATaTataTattaaTT AUTOMATIC HYPERBOLIC (size := 1497 geowa)
KB AAtAAtATaTattATataaTT AUTOMATIC HYPERBOLIC (size := 1507 geowa)
KB AAtAAtATaTattaaTTataT AUTGROUP-FAIL(rc=1)
KB AAtAAtATaTattaaTatATT AUTGROUP-FAIL(rc=1)
KB AAtAAtATatATTatataaTT AUTOMATIC HYPERBOLIC (size := 1440 geowa)
KB AAtAAtATatATTattaaTaT AUTOMATIC HYPERBOLIC (size := 1416 geowa)
KB AAtAAtATatATaTattaaTT AUTGROUP-FAIL(rc=1)
KB AAtAAtATataaTTatatATT AUTOMATIC HYPERBOLIC (size := 1420 geowa)
KB AAtAAtATataaTTattATaT AUTOMATIC HYPERBOLIC (size := 1492 geowa)
KB AAtAAtATataaTaTattATT AUTGROUP-FAIL(rc=1)
KB AAtAAtATaatATTattaaTT AUTOMATIC HYPERBOLIC (size := 1433 geowa)
KB AAtAAtaTTataTatatAATT AUTGROUP-FAIL(rc=1)
KB AAtAAtaTTataTattAATaT AUTOMATIC HYPERBOLIC (size := 1514 geowa)
KB AAtAAtaTTatatAATTataT AUTOMATIC HYPERBOLIC (size := 1386 geowa)
KB AAtAAtaTTatatAATataTT AUTOMATIC HYPERBOLIC (size := 1411 geowa)
KB AAtAAtaTTatataTatAATT AUTOMATIC HYPERBOLIC (size := 1435 geowa)
KB AAtAAtaTTataaTattAATT AUTOMATIC HYPERBOLIC (size := 1462 geowa)
KB AAtAAtaTTattAATTataaT AUTOMATIC HYPERBOLIC (size := 1476 geowa)
KB AAtAAtaTTattAATaTataT AUTOMATIC HYPERBOLIC (size := 1518 geowa)
KB AAtAAtaTTattAATataTaT AUTOMATIC HYPERBOLIC (size := 1518 geowa)
KB AAtAAtaTTattAATaataTT AUTGROUP-FAIL(rc=1)
KB AAtAAtaTTattaTatAATaT AUTGROUP-FAIL(rc=1)
KB AAtAAtaTTattaTaatAATT AUTGROUP-FAIL(rc=1)
KB AAtAAtaTaTataTattAATT AUTOMATIC HYPERBOLIC (size := 1464 geowa)
KB AAtAAtaTaTattAATTataT AUTOMATIC HYPERBOLIC (size := 1498 geowa)
KB AAtAAtaTaTattAATataTT AUTOMATIC HYPERBOLIC (size := 1477 geowa)
== kb_kbc_04.out
KB AAtATatAtAATaTattaTaT AUTOMATIC HYPERBOLIC (size := 1373 geowa)
KB AAtATatAtAATataTTataT AUTOMATIC HYPERBOLIC (size := 1494 geowa)
KB AAtATatAtAATataTataTT AUTOMATIC HYPERBOLIC (size := 1548 geowa)
KB AAtATatAtAATaaTattaTT AUTGROUP-FAIL(rc=1)
KB AAtATatAtATTatataaTaT AUTOMATIC HYPERBOLIC (size := 1417 geowa)
KB AAtATatAtATaTatataaTT AUTOMATIC HYPERBOLIC (size := 1512 geowa)
KB AAtATatAtATaTattaaTaT AUTOMATIC HYPERBOLIC (size := 1442 geowa)
KB AAtATatAtATataaTTataT AUTOMATIC HYPERBOLIC (size := 1680 geowa)
KB AAtATatAtATataaTatATT AUTOMATIC HYPERBOLIC (size := 1609 geowa)
KB AAtATatAtATaaTattaaTT AUTOMATIC HYPERBOLIC (size := 1422 geowa)
KB AAtATatAtaTTatatAATaT AUTOMATIC HYPERBOLIC (size := 1449 geowa)
KB AAtATatAtaTTataatAATT AUTOMATIC HYPERBOLIC (size := 1460 geowa)
KB AAtATatAtaTTattAATaaT AUTGROUP-FAIL(rc=1)
KB AAtATatAtaTaTatatAATT AUTOMATIC HYPERBOLIC (size := 1507 geowa)
KB AAtATatAtaTaTattAATaT AUTOMATIC HYPERBOLIC (size := 1530 geowa)
KB AAtATatAtaTatAATTataT AUTOMATIC HYPERBOLIC (size := 1526 geowa)
KB AAtATatAtaTatAATataTT AUTOMATIC HYPERBOLIC (size := 1513 geowa)
KB AAtATatAtaTataTatAATT AUTOMATIC HYPERBOLIC (size := 1615 geowa)
KB AAtATatAtaTaaTattAATT AUTGROUP-FAIL(rc=1)
KB AAtATatAtaaTTatatATaT AUTOMATIC HYPERBOLIC (size := 1450 geowa)
KB AAtATatAtaaTTataatATT AUTOMATIC HYPERBOLIC (size := 1435 geowa)
KB AAtATatAtaaTTattATaaT AUTOMATIC HYPERBOLIC (size := 1517 geowa)
KB AAtATatAtaaTaTatatATT AUTOMATIC HYPERBOLIC (size := 1513 geowa)
KB AAtATatAtaaTaTattATaT AUTOMATIC HYPERBOLIC (size := 1467 geowa)
KB AAtATatAtaaTatATTataT AUTOMATIC HYPERBOLIC (size := 1533 geowa)
KB AAtATataTatAtAATataTT AUTOMATIC HYPERBOLIC (size := 1557 geowa)
== kb_kbc_05.out
KB AAtATatataaTTatatATAT AUTOMATIC HYPERBOLIC (size := 1506 geowa)
KB AAtATatataaTATatatATT AUTOMATIC HYPERBOLIC (size := 1412 geowa)
KB AAtATatataaTATattATaT AUTOMATIC HYPERBOLIC (size := 1463 geowa)
KB AAtATatataaTAtATTataT AUTGROUP-FAIL(rc=1)
KB AAtATatataaTAtATatATT AUTGROUP-FAIL(rc=1)
KB AAtATatataaTaTatAtATT AUTOMATIC HYPERBOLIC (size := 1504 geowa)
KB AAtATatataaTaTattATAT AUTOMATIC HYPERBOLIC (size := 1515 geowa)
KB AAtATatataaTatATTatAT AUTGROUP-FAIL(rc=1)
KB AAtATataaTattAATAtaTT AUTGROUP-FAIL(rc=1)
KB AAtATataaTattATAtaaTT AUTOMATIC HYPERBOLIC (size := 1544 geowa)
KB AAtATataaTattaTAtAATT AUTOMATIC HYPERBOLIC (size := 1447 geowa)
KB AAtATataaTattaaTAtATT AUTOMATIC HYPERBOLIC (size := 1648 geowa)
KB AAtATataatAATTatAtaTT AUTOMATIC HYPERBOLIC (size := 1470 geowa)
KB AAtATataatAATTattaTAT AUTOMATIC HYPERBOLIC (size := 1495 geowa)
KB AAtATataatAATATattaTT AUTOMATIC HYPERBOLIC (size := 1505 geowa)
KB AAtATataatATTatAtaaTT AUTOMATIC HYPERBOLIC (size := 1451 geowa)
KB AAtATataatATTattaaTAT AUTOMATIC HYPERBOLIC (size := 1499 geowa)
KB AAtATataatATATattaaTT AUTOMATIC HYPERBOLIC (size := 1447 geowa)
KB AAtATataataTTatAtAATT AUTOMATIC HYPERBOLIC (size := 1476 geowa)
KB AAtATataataTTattAATAT AUTOMATIC HYPERBOLIC (size := 1503 geowa)
KB AAtATataataTATattAATT AUTOMATIC HYPERBOLIC (size := 1447 geowa)
KB AAtATattAATTatAtaTaaT AUTGROUP-FAIL(rc=1)
KB AAtATattAATTataataTAT AUTOMATIC HYPERBOLIC (size := 1493 geowa)
KB AAtATattAATATatataTaT AUTOMATIC HYPERBOLIC (size := 1484 geowa)
KB AAtATattAATATataataTT AUTOMATIC HYPERBOLIC (size := 1491 geowa)
KB AAtATattAATATattaTaaT AUTOMATIC HYPERBOLIC (size := 1416 geowa)
KB AAtATattAATAtaTTataaT AUTOMATIC HYPERBOLIC (size := 1592 geowa)
== kb_kbc_06.out
KB AAtATattaTataTTattATT AUTOMATIC HYPERBOLIC (size := 1567 geowa)
KB AAtATattaTataTatAATAT AUTOMATIC HYPERBOLIC (size := 1560 geowa)
KB AAtATattaTaaTatAtAATT AUTOMATIC HYPERBOLIC (size := 1433 geowa)
KB AAtATattaTaaTattAATAT AUTOMATIC HYPERBOLIC (size := 1446 geowa)
KB AAtATattaaTTatAtATaaT AUTGROUP-FAIL(rc=1)
KB AAtATattaaTTataatATAT AUTOMATIC HYPERBOLIC (size := 1511 geowa)
KB AAtATattaaTATatatATaT AUTOMATIC HYPERBOLIC (size := 1458 geowa)
KB AAtATattaaTATataatATT AUTOMATIC HYPERBOLIC (size := 1445 geowa)
KB AAtATattaaTATattATaaT AUTOMATIC HYPERBOLIC (size := 1364 geowa)
KB AAtATattaaTAtATTataaT AUTOMATIC HYPERBOLIC (size := 1515 geowa)
KB AAtATattaaTAtATaTataT AUTOMATIC HYPERBOLIC (size := 1522 geowa)
KB AAtATattaaTAtATatATaT AUTOMATIC HYPERBOLIC (size := 1470 geowa)
KB AAtATattaaTAtATaatATT AUTOMATIC HYPERBOLIC (size := 1495 geowa)
KB AAtATattaaTaTatAtATaT AUTOMATIC HYPERBOLIC (size := 1675 geowa)
KB AAtATattaaTaTatatATAT AUTGROUP-FAIL(rc=1)
KB AAtAtAATTatATatataTaT AUTOMATIC HYPERBOLIC (size := 1476 geowa)
KB AAtAtAATTatATataataTT AUTGROUP-FAIL(rc=1)
KB AAtAtAATTatATattaTaaT AUTOMATIC HYPERBOLIC (size := 1443 geowa)
KB AAtAtAATTatAtaTTataaT AUTOMATIC HYPERBOLIC (size := 1430 geowa)
KB AAtAtAATTatAtaTaTataT AUTOMATIC HYPERBOLIC (size := 1518 geowa)
KB AAtAtAATTatAtaTataTaT AUTGROUP-FAIL(rc=1)
KB AAtAtAATTatAtaTaataTT AUTOMATIC HYPERBOLIC (size := 1468 geowa)
KB AAtAtAATTataTatAtaTaT AUTOMATIC HYPERBOLIC (size := 1522 geowa)
KB AAtAtAATTataTatataTAT AUTOMATIC HYPERBOLIC (size := 1534 geowa)
KB AAtAtAATTatataTATataT AUTGROUP-FAIL(rc=1)
KB AAtAtAATTatataTAtaTaT AUTOMATIC HYPERBOLIC (size := 1480 geowa)
KB AAtAtAATTatataTataTAT AUTOMATIC HYPERBOLIC (size := 1511 geowa)
KB AAtAtAATTataaTattaTAT AUTOMATIC HYPERBOLIC (size := 1485 geowa)
KB AAtAtAATTattaTTattaTT AUTGROUP-FAIL(rc=1)
KB AAtAtAATTattaTATataaT AUTGROUP-FAIL(rc=1)
KB AAtAtAATTattaTAtaTaaT AUTGROUP-FAIL(rc=1)
== kb_kbc_07.out
KB AAtAtATATataaTattaaTT AUTGROUP-FAIL(rc=1)
KB AAtAtATATattaaTTataaT AUTOMATIC HYPERBOLIC (size := 1436 geowa)
KB AAtAtATATattaaTaTataT AUTOMATIC HYPERBOLIC (size := 1453 geowa)
KB AAtAtATAtATaTattaaTaT AUTOMATIC HYPERBOLIC (size := 1477 geowa)
KB AAtAtATAtATaaTattaaTT AUTGROUP-FAIL(rc=1)
KB AAtAtATAtaaTTataTataT AUTOMATIC HYPERBOLIC (size := 1377 geowa)
KB AAtAtATAtaaTTatatATaT AUTGROUP-FAIL(rc=1)
KB AAtAtATAtaaTTataatATT AUTOMATIC HYPERBOLIC (size := 1438 geowa)
KB AAtAtATAtaaTTattATaaT AUTOMATIC HYPERBOLIC (size := 1533 geowa)
KB AAtAtATaTatATatataaTT AUTOMATIC HYPERBOLIC (size := 1520 geowa)
KB AAtAtATaTatATattaaTaT AUTOMATIC HYPERBOLIC (size := 1517 geowa)
KB AAtAtATaTatAtaaTTataT AUTOMATIC HYPERBOLIC (size := 1770 geowa)
KB AAtAtATaTataTatAtaaTT AUTOMATIC HYPERBOLIC (size := 1554 geowa)
KB AAtAtATaTataTattaaTAT AUTGROUP-FAIL(rc=1)
KB AAtAtATaTatatATAtaaTT AUTOMATIC HYPERBOLIC (size := 1499 geowa)
KB AAtAtATaTattATTattaTT AUTOMATIC HYPERBOLIC (size := 1528 geowa)
KB AAtAtATaTattATAtaaTaT AUTOMATIC HYPERBOLIC (size := 1502 geowa)
KB AAtAtATaTattaTTattATT AUTOMATIC HYPERBOLIC (size := 1530 geowa)
KB AAtAtATaTattaTTattaTT AUTOMATIC HYPERBOLIC (size := 1598 geowa)
KB AAtAtATaTattaaTATataT AUTOMATIC HYPERBOLIC (size := 1485 geowa)
KB AAtAtATaTattaaTAtATaT AUTGROUP-FAIL(rc=1)
KB AAtAtATatATTatAtaaTaT AUTOMATIC HYPERBOLIC (size := 1437 geowa)
KB AAtAtATatATATattaaTaT AUTOMATIC HYPERBOLIC (size := 1450 geowa)
KB AAtAtATatATAtaaTTataT AUTOMATIC HYPERBOLIC (size := 1542 geowa)
KB AAtAtATatATaTatAtaaTT AUTOMATIC HYPERBOLIC (size := 1528 geowa)
KB AAtAtATatATaTattaaTAT AUTGROUP-FAIL(rc=1)
KB AAtAtATaaTatATattaaTT AUTOMATIC HYPERBOLIC (size := 1486 geowa)
KB AAtAtATaaTattATAtaaTT AUTOMATIC HYPERBOLIC (size := 1480 geowa)
KB AAtAtATaaTattaaTAtATT AUTGROUP-FAIL(rc=1)
KB AAtAtATaatATTatAtaaTT AUTOMATIC HYPERBOLIC (size := 1454 geowa)
== kb_kbc_08.out
KB AAtAtaTATattaTaatAATT AUTGROUP-FAIL(rc=1)
KB AAtAtaTAtaTTatatAATaT AUTOMATIC HYPERBOLIC (size := 1489 geowa)
KB AAtAtaTAtaTTataatAATT AUTOMATIC HYPERBOLIC (size := 1468 geowa)
KB AAtAtaTAtaTTattAATaaT AUTOMATIC HYPERBOLIC (size := 1518 geowa)
KB AAtAtaTAtaTaTatatAATT AUTOMATIC HYPERBOLIC (size := 1516 geowa)
KB AAtAtaTAtaTaTattAATaT AUTOMATIC HYPERBOLIC (size := 1462 geowa)
KB AAtAtaTAtaTatAATTataT AUTOMATIC HYPERBOLIC (size := 1567 geowa)
KB AAtAtaTAtaTaaTattAATT AUTGROUP-FAIL(rc=1)
KB AAtAtaTaTatATatatAATT AUTOMATIC HYPERBOLIC (size := 1528 geowa)
KB AAtAtaTaTatATattAATaT AUTOMATIC HYPERBOLIC (size := 1532 geowa)
KB AAtAtaTaTatAtAATTataT AUTOMATIC HYPERBOLIC (size := 1764 geowa)
KB AAtAtaTaTatAtaTatAATT AUTOMATIC HYPERBOLIC (size := 1519 geowa)
KB AAtAtaTaTataTatAtAATT AUTOMATIC HYPERBOLIC (size := 1573 geowa)
KB AAtAtaTaTattAATATataT AUTOMATIC HYPERBOLIC (size := 1484 geowa)
KB AAtAtaTaTattAATataTAT AUTOMATIC HYPERBOLIC (size := 1511 geowa)
KB AAtAtaTaTattATTattATT AUTGROUP-FAIL(rc=1)
KB AAtAtaTaTattATTattaTT AUTOMATIC HYPERBOLIC (size := 1536 geowa)
KB AAtAtaTaTattaTTattATT AUTOMATIC HYPERBOLIC (size := 1540 geowa)
KB AAtAtaTatAATTatATataT AUTGROUP-FAIL(rc=1)
KB AAtAtaTatAATTatAtaTaT AUTOMATIC HYPERBOLIC (size := 1401 geowa)
KB AAtAtaTatAATaTatAtaTT AUTOMATIC HYPERBOLIC (size := 1467 geowa)
KB AAtAtaTataTATatatAATT AUTOMATIC HYPERBOLIC (size := 1509 geowa)
KB AAtAtaTataTATattAATaT AUTOMATIC HYPERBOLIC (size := 1489 geowa)
KB AAtAtaTaaTatATattAATT AUTGROUP-FAIL(rc=1)
KB AAtAtaTaatAATTatAtaTT AUTOMATIC HYPERBOLIC (size := 1416 geowa)
KB AAtAtaTaataTATattAATT AUTOMATIC HYPERBOLIC (size := 1410 geowa)
KB AAtAtaaTTatATatatATaT AUTOMATIC HYPERBOLIC (size := 1374 geowa)
KB AAtAtaaTTatATataatATT AUTOMATIC HYPERBOLIC (size := 1431 geowa)
KB AAtAtaaTTatATattATaaT AUTOMATIC HYPERBOLIC (size := 1521 geowa)
== kb_kbc_09.out
KB AAtaTatAtATaTatAtaaTT AUTOMATIC HYPERBOLIC (size := 1560 geowa)
KB AAtaTatAtaTATatatAATT AUTOMATIC HYPERBOLIC (size := 1522 geowa)
KB AAtaTatAtaTATattAATaT AUTGROUP-FAIL(rc=1)
KB AAtaTatAtaaTTatAtATaT AUTOMATIC HYPERBOLIC (size := 1505 geowa)
KB AAtaTatAtaaTATatatATT AUTOMATIC HYPERBOLIC (size := 1529 geowa)
KB AAtaTatAtaaTATattATaT AUTOMATIC HYPERBOLIC (size := 1432 geowa)
KB AAtaTatAtaaTAtATTataT AUTOMATIC HYPERBOLIC (size := 1415 geowa)
KB AAtaTataTatAtATAtaaTT AUTOMATIC HYPERBOLIC (size := 1483 geowa)
KB AAtaTataTatAtaaTAtATT AUTOMATIC HYPERBOLIC (size := 1382 geowa)
KB AAtaTataTattATAAtaaTT AUTOMATIC HYPERBOLIC (size := 1497 geowa)
KB AAtaTataTattaaTAAtATT AUTOMATIC HYPERBOLIC (size := 1507 geowa)
KB AAtaTatatAATTatAAtaTT AUTOMATIC HYPERBOLIC (size := 1359 geowa)
KB AAtaTatatATTatAAtaaTT AUTOMATIC HYPERBOLIC (size := 1442 geowa)
KB AAtaTatatATAATattaaTT AUTOMATIC HYPERBOLIC (size := 1495 geowa)
KB AAtaTatatATATatAtaaTT AUTOMATIC HYPERBOLIC (size := 1541 geowa)
KB AAtaTatataTAATattAATT AUTOMATIC HYPERBOLIC (size := 1494 geowa)
KB AAtaTattAATTatAAtaTaT AUTOMATIC HYPERBOLIC (size := 1456 geowa)
KB AAtaTattAATaTatAAtaTT AUTOMATIC HYPERBOLIC (size := 1465 geowa)
KB AAtaTattATTattATAtaTT AUTGROUP-FAIL(rc=124)
KB AAtaTattATTattaTAtATT AUTOMATIC HYPERBOLIC (size := 1529 geowa)
KB AAtaTattATTattaTAtaTT AUTOMATIC HYPERBOLIC (size := 1530 geowa)
KB AAtaTattATAAtaaTTataT AUTOMATIC HYPERBOLIC (size := 1527 geowa)
KB AAtaTattATAtATTattaTT AUTOMATIC HYPERBOLIC (size := 1461 geowa)
KB AAtaTattATAtaTTattATT AUTOMATIC HYPERBOLIC (size := 1431 geowa)
KB AAtaTattATAtaTTattaTT AUTOMATIC HYPERBOLIC (size := 1498 geowa)
KB AAtaTattATaTatAAtaaTT AUTOMATIC HYPERBOLIC (size := 1484 geowa)
== kb_kbc_10.out
KB AAtatATaTattATAAtaaTT AUTGROUP-FAIL(rc=1)
KB AAtatATaTattaaTAAtATT AUTOMATIC HYPERBOLIC (size := 1466 geowa)
KB AAtatATatATTatAAtaaTT AUTOMATIC HYPERBOLIC (size := 1468 geowa)
KB AAtatATatATAATattaaTT AUTGROUP-FAIL(rc=1)
KB AAtataTTatAATatatAATT AUTOMATIC HYPERBOLIC (size := 1421 geowa)
KB AAtataTTatAtATTattATT AUTOMATIC HYPERBOLIC (size := 1484 geowa)
KB AAtataTTatAtATTattaTT AUTOMATIC HYPERBOLIC (size := 1493 geowa)
KB AAtataTTatAtaTTattATT AUTOMATIC HYPERBOLIC (size := 1420 geowa)
KB AAtataTTattAATTattaTT AUTGROUP-FAIL(rc=1)
KB AAtataTTattATTatAtATT AUTOMATIC HYPERBOLIC (size := 1491 geowa)
KB AAtataTTattATTatAtaTT AUTOMATIC HYPERBOLIC (size := 1498 geowa)
KB AAtataTTattATATattATT AUTGROUP-FAIL(rc=1)
KB AAtataTTattATATattaTT AUTGROUP-FAIL(rc=1)
KB AAtataTTattaTTatAtATT AUTGROUP-FAIL(rc=1)
KB AAtataTTattaTTattAATT AUTOMATIC HYPERBOLIC (size := 1623 geowa)
KB AAtataTTattaTATattATT AUTOMATIC HYPERBOLIC (size := 1802 geowa)
KB AAtataTAATataTattAATT AUTOMATIC HYPERBOLIC (size := 1466 geowa)
KB AAtataTAAtaTaTattAATT AUTOMATIC HYPERBOLIC (size := 1401 geowa)
KB AAtataTATatATatatAATT AUTOMATIC HYPERBOLIC (size := 1563 geowa)
KB AAtataTATattATTattATT AUTOMATIC HYPERBOLIC (size := 1678 geowa)
KB AAtataTATattATTattaTT AUTOMATIC HYPERBOLIC (size := 1574 geowa)
KB AAtataTATattaTTattATT AUTOMATIC HYPERBOLIC (size := 1552 geowa)
KB AAtataTaTatAATattAATT AUTGROUP-FAIL(rc=1)
KB AAtataTataTAATattAATT AUTGROUP-FAIL(rc=1)
KB AAtaaTatAAtATTattaaTT AUTGROUP-FAIL(rc=1)
KB AAtaaTatAAtaTTattAATT AUTOMATIC HYPERBOLIC (size := 1442 geowa)
KB AAtaaTatAAtaaTTattATT AUTOMATIC HYPERBOLIC (size := 1469 geowa)
KB AAtaaTatAtATATattaaTT AUTGROUP-FAIL(rc=1)
KB AAtaaTatAtaTATattAATT AUTOMATIC HYPERBOLIC (size := 1416 geowa)
KB AAtaaTattAATTatAAtaTT AUTOMATIC HYPERBOLIC (size := 1459 geowa)
KB AAtaaTattATTatAAtaaTT AUTOMATIC HYPERBOLIC (size := 1441 geowa)
KB AAtaaTattATAATattaaTT AUTOMATIC HYPERBOLIC (size := 1380 geowa)
KB AAtaaTattaTAATattAATT AUTOMATIC HYPERBOLIC (size := 1353 geowa)
KB AAtaaTattaaTTatAAtATT AUTOMATIC HYPERBOLIC (size := 1459 geowa)
KB AAtaaTattaaTAATattATT AUTGROUP-FAIL(rc=1)
KB AAtaatAATTatAATattaTT AUTOMATIC HYPERBOLIC (size := 1562 geowa)
KB AAtaatAATTatATatAtaTT AUTOMATIC HYPERBOLIC (size := 1526 geowa)
KB AAtaatATTatAATattaaTT AUTOMATIC HYPERBOLIC (size := 1478 geowa)
KB AAtaatATAAtATTattaaTT AUTOMATIC HYPERBOLIC (size := 1453 geowa)
KB AAtaatATATatATattaaTT AUTOMATIC HYPERBOLIC (size := 1491 geowa)
KB AAtaatATAtATATattaaTT AUTOMATIC HYPERBOLIC (size := 1456 geowa)
KB AAtaataTTatAATattAATT AUTOMATIC HYPERBOLIC (size := 1473 geowa)
KB AAtaataTAAtaTTattAATT AUTOMATIC HYPERBOLIC (size := 1421 geowa)
KB AAtaataTATatATattAATT AUTOMATIC HYPERBOLIC (size := 1465 geowa)
KB AAtaataTAtaTATattAATT AUTOMATIC HYPERBOLIC (size := 1435 geowa)
KB AAttAATTatAATataataTT AUTOMATIC HYPERBOLIC (size := 1386 geowa)
== kb_kbc_11.out
KB AAttATTattATATattaaTT AUTGROUP-FAIL(rc=1)
KB AAttATTattATAtaTataTT AUTOMATIC HYPERBOLIC (size := 1435 geowa)
KB AAttATTattATaTatAtaTT AUTGROUP-FAIL(rc=1)
KB AAttATTattATaTattaaTT AUTGROUP-FAIL(rc=1)
KB AAttATTattATataTAtaTT AUTOMATIC HYPERBOLIC (size := 1418 geowa)
KB AAttATTattaTATatatATT AUTGROUP-FAIL(rc=1)
KB AAttATTattaTATatataTT AUTOMATIC HYPERBOLIC (size := 1517 geowa)
KB AAttATTattaTAtATataTT AUTOMATIC HYPERBOLIC (size := 1482 geowa)
KB AAttATTattaTAtaTatATT AUTGROUP-FAIL(rc=1)
KB AAttATTattaTaTatAtATT AUTOMATIC HYPERBOLIC (size := 2277 geowa)
KB AAttATTattaTaTatAtaTT AUTOMATIC HYPERBOLIC (size := 1514 geowa)
KB AAttATTattaTatATAtaTT AUTOMATIC HYPERBOLIC (size := 1482 geowa)
KB AAttATTattaTataTAtATT AUTGROUP-FAIL(rc=1)
KB AAttATTattaaTTatAtATT AUTOMATIC HYPERBOLIC (size := 1528 geowa)
KB AAttATAATataaTattaaTT AUTGROUP-FAIL(rc=1)
KB AAttATATatatATTattaTT AUTOMATIC HYPERBOLIC (size := 1525 geowa)
KB AAttATATatataTTattaTT AUTOMATIC HYPERBOLIC (size := 1748 geowa)
KB AAttATATattATTatataTT AUTGROUP-FAIL(rc=1)
KB AAttATATattATaTattaTT AUTGROUP-FAIL(rc=1)
KB AAttATATattaTTatatATT AUTOMATIC HYPERBOLIC (size := 1661 geowa)
KB AAttATATattaTTatataTT AUTOMATIC HYPERBOLIC (size := 2008 geowa)
KB AAttATATattaTaTattaTT AUTGROUP-FAIL(rc=1)
KB AAttATAtATTataTattaTT AUTOMATIC HYPERBOLIC (size := 1455 geowa)
KB AAttATAtATataTTattaTT AUTOMATIC HYPERBOLIC (size := 1425 geowa)
KB AAttATAtaTTataTattaTT AUTOMATIC HYPERBOLIC (size := 1431 geowa)
KB AAttATAtaTTattaTatATT AUTOMATIC HYPERBOLIC (size := 1528 geowa)
KB AAttATAtaTatATTattaTT AUTOMATIC HYPERBOLIC (size := 1482 geowa)
KB AAttATaTatAtATTattaTT AUTOMATIC HYPERBOLIC (size := 1502 geowa)
KB AAttATaTatAtaTTattaTT AUTGROUP-FAIL(rc=1)
KB AAttATaTattATTatAtaTT AUTGROUP-FAIL(rc=1)
KB AAttATaTattATATattaTT AUTGROUP-FAIL(rc=1)
KB AAttATaTattaTTatAtaTT AUTGROUP-FAIL(rc=1)
KB AAttATaTattaTATattaTT AUTGROUP-FAIL(rc=1)
KB AAttATatATTatATattaTT AUTGROUP-FAIL(rc=1)
KB AAttATatATAtaTTattaTT AUTOMATIC HYPERBOLIC (size := 1417 geowa)
KB AAttATataTTatATattaTT AUTOMATIC HYPERBOLIC (size := 1403 geowa)
KB AAttATataTAtATTattaTT AUTOMATIC HYPERBOLIC (size := 1482 geowa)
KB AAttATaaTatAATattaaTT AUTOMATIC HYPERBOLIC (size := 1384 geowa)
KB AAttaTTatATattATataTT AUTOMATIC HYPERBOLIC (size := 1437 geowa)
KB AAttaTTatAtATTatataTT AUTOMATIC HYPERBOLIC (size := 1432 geowa)
KB AAttaTTatAtATaTattaTT AUTGROUP-FAIL(rc=1)
KB AAttaTTataTattATAtaTT AUTOMATIC HYPERBOLIC (size := 1442 geowa)
KB AAttaTTatatATTatAtaTT AUTOMATIC HYPERBOLIC (size := 1418 geowa)
KB AAttaTTattAATTatAtaTT AUTOMATIC HYPERBOLIC (size := 1566 geowa)
KB AAttaTTattAATTatataTT AUTOMATIC HYPERBOLIC (size := 1558 geowa)
KB AAttaTTattATATatataTT AUTGROUP-FAIL(rc=1)
KB AAttaTTattATAtATataTT AUTGROUP-FAIL(rc=1)
KB AAttaTTattATaTatAtaTT AUTGROUP-FAIL(rc=1)
KB AAttaTTattATatATAtaTT AUTGROUP-FAIL(rc=1)
== kb_kbd_00.out
KB AAAtAtaTataTTaattAATT AUTOMATIC HYPERBOLIC (size := 1448 geowa)
KB AAAtAtaaTTaataTattATT AUTOMATIC HYPERBOLIC (size := 1502 geowa)
KB AAAtAtaaTTaattATTataT AUTOMATIC HYPERBOLIC (size := 1503 geowa)
KB AAAtAtaaTTaattATatATT AUTOMATIC HYPERBOLIC (size := 1495 geowa)
KB AAAtAtaaTTataTaattATT AUTOMATIC HYPERBOLIC (size := 1502 geowa)
KB AAAtAtaaTTattATTaataT AUTOMATIC HYPERBOLIC (size := 1504 geowa)
KB AAAtAtaaTatATTaattATT AUTOMATIC HYPERBOLIC (size := 1457 geowa)
KB AAAtaTatAtAATTaattaTT AUTOMATIC HYPERBOLIC (size := 1481 geowa)
KB AAAtaTatAtATTaattaaTT AUTOMATIC HYPERBOLIC (size := 1454 geowa)
KB AAAtaTatAtaTTaattAATT AUTOMATIC HYPERBOLIC (size := 1424 geowa)
KB AAAtaTatAtaaTTaattATT AUTOMATIC HYPERBOLIC (size := 1468 geowa)
KB AAAtaTattAATATaattaTT AUTOMATIC HYPERBOLIC (size := 1487 geowa)
KB AAAtaTattAATTaatAtaTT AUTOMATIC HYPERBOLIC (size := 1423 geowa)
KB AAAtaTattATATaattaaTT AUTOMATIC HYPERBOLIC (size := 1402 geowa)
KB AAAtaTattATTaatAtaaTT AUTGROUP-FAIL(rc=1)
KB AAAtaTattaTATaattAATT AUTOMATIC HYPERBOLIC (size := 1415 geowa)
KB AAAtaTattaTTaatAtAATT AUTGROUP-FAIL(rc=1)
KB AAAttATATaataTattaaTT AUTOMATIC HYPERBOLIC (size := 1445 geowa)
KB AAAttATATaattATataaTT AUTOMATIC HYPERBOLIC (size := 1426 geowa)
KB AAAttATATaattaaTatATT AUTOMATIC HYPERBOLIC (size := 1432 geowa)
KB AAAttATATataTaattaaTT AUTOMATIC HYPERBOLIC (size := 1406 geowa)
KB AAAttATAtATTaatataaTT AUTOMATIC HYPERBOLIC (size := 1451 geowa)
KB AAAttATAtATaTaattaaTT AUTOMATIC HYPERBOLIC (size := 1422 geowa)
KB AAAttATAtaaTTaatatATT AUTOMATIC HYPERBOLIC (size := 1449 geowa)
KB AAAttATTaatATatataaTT AUTOMATIC HYPERBOLIC (size := 1447 geowa)
SENTINEL_DONE
== kb_kbd_01.out
KB AAAttATTaatAtATataaTT AUTOMATIC HYPERBOLIC (size := 1475 geowa)
KB AAAttATTaatAtaaTatATT AUTOMATIC HYPERBOLIC (size := 1462 geowa)
KB AAAttATTaataTatAtaaTT AUTOMATIC HYPERBOLIC (size := 1467 geowa)
KB AAAttATTaatatATAtaaTT AUTOMATIC HYPERBOLIC (size := 1469 geowa)
KB AAAttATTaatataaTAtATT AUTGROUP-FAIL(rc=1)
KB AAAttATTatATaatataaTT AUTGROUP-FAIL(rc=1)
KB AAAttATTataTaatAtaaTT AUTGROUP-FAIL(rc=1)
KB AAAttATaTaatATattaaTT AUTOMATIC HYPERBOLIC (size := 1439 geowa)
KB AAAttATaTaattATAtaaTT AUTOMATIC HYPERBOLIC (size := 1406 geowa)
KB AAAttATaTatATaattaaTT AUTGROUP-FAIL(rc=1)
KB AAAttATatATATaattaaTT AUTOMATIC HYPERBOLIC (size := 1418 geowa)
KB AAAttATatATTaatAtaaTT AUTOMATIC HYPERBOLIC (size := 1454 geowa)
KB AAtAATattAATaaTattaTT AUTOMATIC HYPERBOLIC (size := 1458 geowa)
KB AAtAATattATTataataaTT AUTOMATIC HYPERBOLIC (size := 1555 geowa)
KB AAtAATattATTatataaTaT AUTGROUP-FAIL(rc=1)
KB AAtAATattATTattaaTaaT AUTOMATIC HYPERBOLIC (size := 1427 geowa)
KB AAtAATattATaTatataaTT AUTOMATIC HYPERBOLIC (size := 1497 geowa)
KB AAtAATattATaTattaaTaT AUTOMATIC HYPERBOLIC (size := 1339 geowa)
KB AAtAATattATaaTattaaTT AUTOMATIC HYPERBOLIC (size := 1396 geowa)
KB AAtAATattATatATataaTT AUTOMATIC HYPERBOLIC (size := 1552 geowa)
KB AAtAATattATataaTTataT AUTOMATIC HYPERBOLIC (size := 1510 geowa)
KB AAtAATattATataaTatATT AUTOMATIC HYPERBOLIC (size := 1547 geowa)
KB AAtAATattaTTataatAATT AUTOMATIC HYPERBOLIC (size := 1464 geowa)
KB AAtAATattaTTatatAATaT AUTOMATIC HYPERBOLIC (size := 1418 geowa)
KB AAtAATattaTTattAATaaT AUTOMATIC HYPERBOLIC (size := 1468 geowa)
SENTINEL_DONE
== kb_kbd_02.out
KB AAtAATattaTaTatatAATT AUTGROUP-FAIL(rc=1)
KB AAtAATattaTaTattAATaT AUTOMATIC HYPERBOLIC (size := 1387 geowa)
KB AAtAATattaTaaTattAATT AUTGROUP-FAIL(rc=1)
KB AAtAATattaTatAATTataT AUTOMATIC HYPERBOLIC (size := 1490 geowa)
KB AAtAATattaTatAATataTT AUTOMATIC HYPERBOLIC (size := 1434 geowa)
KB AAtAATattaTataTatAATT AUTOMATIC HYPERBOLIC (size := 1494 geowa)
KB AAtAATattaaTTataatATT AUTOMATIC HYPERBOLIC (size := 1471 geowa)
KB AAtAATattaaTTatatATaT AUTOMATIC HYPERBOLIC (size := 1483 geowa)
KB AAtAATattaaTTattATaaT AUTOMATIC HYPERBOLIC (size := 1507 geowa)
KB AAtAATattaaTaTatatATT AUTGROUP-FAIL(rc=1)
KB AAtAATattaaTaTattATaT AUTOMATIC HYPERBOLIC (size := 1401 geowa)
KB AAtAATattaaTaaTattATT AUTOMATIC HYPERBOLIC (size := 1413 geowa)
KB AAtAATattaaTatATTataT AUTOMATIC HYPERBOLIC (size := 1516 geowa)
KB AAtAATattaaTatATatATT AUTOMATIC HYPERBOLIC (size := 1407 geowa)
KB AAtAAtAATTataTatataTT AUTOMATIC HYPERBOLIC (size := 1414 geowa)
KB AAtAAtAATTataTattaTaT AUTOMATIC HYPERBOLIC (size := 1433 geowa)
KB AAtAAtAATTataaTattaTT AUTOMATIC HYPERBOLIC (size := 1536 geowa)
KB AAtAAtAATTatataTTataT AUTOMATIC HYPERBOLIC (size := 1381 geowa)
KB AAtAAtAATTattaTTataaT AUTOMATIC HYPERBOLIC (size := 1427 geowa)
KB AAtAAtAATTattaTaTataT AUTOMATIC HYPERBOLIC (size := 1448 geowa)
KB AAtAAtAATTattaTataTaT AUTOMATIC HYPERBOLIC (size := 1451 geowa)
KB AAtAAtAATaTattaTTataT AUTOMATIC HYPERBOLIC (size := 1508 geowa)
KB AAtAAtATTataTatataaTT AUTOMATIC HYPERBOLIC (size := 1473 geowa)
KB AAtAAtATTataTattaaTaT AUTGROUP-FAIL(rc=1)
KB AAtAAtATTatatATataaTT AUTOMATIC HYPERBOLIC (size := 1420 geowa)
SENTINEL_DONE
== kb_kbd_03.out
KB AAtAAtATTatataaTTataT AUTOMATIC HYPERBOLIC (size := 1407 geowa)
KB AAtAAtaTaTattaTatAATT AUTOMATIC HYPERBOLIC (size := 1467 geowa)
KB AAtAAtaTaatAATTattaTT AUTOMATIC HYPERBOLIC (size := 1473 geowa)
KB AAtAAtaTaataTTattAATT AUTOMATIC HYPERBOLIC (size := 1423 geowa)
KB AAtAAtaTatAATTatataTT AUTOMATIC HYPERBOLIC (size := 1443 geowa)
KB AAtAAtaTatAATTattaTaT AUTOMATIC HYPERBOLIC (size := 1449 geowa)
KB AAtAAtaTatAATaTattaTT AUTGROUP-FAIL(rc=1)
KB AAtAAtaTataTTatatAATT AUTOMATIC HYPERBOLIC (size := 1415 geowa)
KB AAtAAtaTataTTattAATaT AUTOMATIC HYPERBOLIC (size := 1510 geowa)
KB AAtAAtaTataTaTattAATT AUTOMATIC HYPERBOLIC (size := 1440 geowa)
KB AAtAAtaaTTataTatatATT AUTOMATIC HYPERBOLIC (size := 1451 geowa)
KB AAtAAtaaTTataTattATaT AUTOMATIC HYPERBOLIC (size := 1511 geowa)
KB AAtAAtaaTTataaTattATT AUTOMATIC HYPERBOLIC (size := 1481 geowa)
KB AAtAAtaaTTatatATTataT AUTOMATIC HYPERBOLIC (size := 1399 geowa)
KB AAtAAtaaTTatatATatATT AUTOMATIC HYPERBOLIC (size := 1450 geowa)
KB AAtAAtaaTTattATTataaT AUTOMATIC HYPERBOLIC (size := 1499 geowa)
KB AAtAAtaaTTattATaTataT AUTOMATIC HYPERBOLIC (size := 1505 geowa)
KB AAtAAtaaTTattATaatATT AUTOMATIC HYPERBOLIC (size := 1489 geowa)
KB AAtAAtaaTTattATatATaT AUTGROUP-FAIL(rc=1)
KB AAtAAtaaTaTataTattATT AUTGROUP-FAIL(rc=1)
KB AAtAAtaaTaTattATTataT AUTOMATIC HYPERBOLIC (size := 1473 geowa)
KB AAtAAtaaTaTattATatATT AUTGROUP-FAIL(rc=1)
KB AAtAAtaaTatATTatatATT AUTOMATIC HYPERBOLIC (size := 1396 geowa)
KB AAtAAtaaTatATTattATaT AUTOMATIC HYPERBOLIC (size := 1487 geowa)
KB AAtAAtaaTatATaTattATT AUTOMATIC HYPERBOLIC (size := 1428 geowa)
SENTINEL_DONE
== kb_kbd_04.out
KB AAtATatATatatAATataTT AUTOMATIC HYPERBOLIC (size := 1612 geowa)
KB AAtATatATatatATataaTT AUTOMATIC HYPERBOLIC (size := 1786 geowa)
KB AAtATatATatataTatAATT AUTOMATIC HYPERBOLIC (size := 1516 geowa)
KB AAtATatATatataaTatATT AUTOMATIC HYPERBOLIC (size := 1474 geowa)
KB AAtATatATattAATaataTT AUTOMATIC HYPERBOLIC (size := 1481 geowa)
KB AAtATatATattAATataTaT AUTGROUP-FAIL(rc=1)
KB AAtATatATattATataaTaT AUTOMATIC HYPERBOLIC (size := 1803 geowa)
KB AAtATatATattaTaatAATT AUTOMATIC HYPERBOLIC (size := 1379 geowa)
KB AAtATatATattaTatAATaT AUTGROUP-FAIL(rc=1)
KB AAtATatATattaaTatATaT AUTGROUP-FAIL(rc=1)
KB AAtATatAtAATTataataTT AUTGROUP-FAIL(rc=1)
KB AAtATatAtAATTatataTaT AUTOMATIC HYPERBOLIC (size := 1478 geowa)
KB AAtATatAtAATTattaTaaT AUTOMATIC HYPERBOLIC (size := 1403 geowa)
KB AAtATatAtAATaTatataTT AUTOMATIC HYPERBOLIC (size := 1523 geowa)
KB AAtATataTatAtATataaTT AUTOMATIC HYPERBOLIC (size := 1759 geowa)
KB AAtATataTatAtaTatAATT AUTGROUP-FAIL(rc=1)
KB AAtATataTatAtaaTatATT AUTOMATIC HYPERBOLIC (size := 1573 geowa)
KB AAtATataTatatAATAtaTT AUTOMATIC HYPERBOLIC (size := 1650 geowa)
KB AAtATataTatatATAtaaTT AUTOMATIC HYPERBOLIC (size := 1502 geowa)
KB AAtATataTatataTAtAATT AUTOMATIC HYPERBOLIC (size := 1581 geowa)
KB AAtATataTatataaTAtATT AUTOMATIC HYPERBOLIC (size := 1510 geowa)
KB AAtATataTattAATAtaTaT AUTGROUP-FAIL(rc=1)
KB AAtATataTattAATataTAT AUTOMATIC HYPERBOLIC (size := 1500 geowa)
KB AAtATataTattATAtaaTaT AUTOMATIC HYPERBOLIC (size := 1559 geowa)
KB AAtATataTattATataaTAT AUTOMATIC HYPERBOLIC (size := 1753 geowa)
SENTINEL_DONE
== kb_kbd_05.out
KB AAtATataTattaTAtAATaT AUTGROUP-FAIL(rc=1)
KB AAtATataTattaTatAATAT AUTOMATIC HYPERBOLIC (size := 1776 geowa)
KB AAtATataTattaaTAtATaT AUTOMATIC HYPERBOLIC (size := 1527 geowa)
KB AAtATataTattaaTatATAT AUTGROUP-FAIL(rc=1)
KB AAtATatatAATATatataTT AUTOMATIC HYPERBOLIC (size := 1406 geowa)
KB AAtATatatAATATattaTaT AUTOMATIC HYPERBOLIC (size := 1509 geowa)
KB AAtATatatAATAtaTTataT AUTOMATIC HYPERBOLIC (size := 1438 geowa)
KB AAtATatatAATTatAtaTaT AUTOMATIC HYPERBOLIC (size := 1486 geowa)
KB AAtATatatAATTatataTAT AUTOMATIC HYPERBOLIC (size := 1517 geowa)
KB AAtATatatAATaTatAtaTT AUTOMATIC HYPERBOLIC (size := 1472 geowa)
KB AAtATatatAATaTattaTAT AUTOMATIC HYPERBOLIC (size := 1472 geowa)
KB AAtATatatAATataTAtaTT AUTOMATIC HYPERBOLIC (size := 1491 geowa)
KB AAtATatatAATataTTatAT AUTOMATIC HYPERBOLIC (size := 1501 geowa)
KB AAtATatatATATatataaTT AUTGROUP-FAIL(rc=1)
KB AAtATatatATATattaaTaT AUTOMATIC HYPERBOLIC (size := 1498 geowa)
KB AAtATatatATAtaaTTataT AUTOMATIC HYPERBOLIC (size := 1444 geowa)
KB AAtATatatATAtaaTatATT AUTOMATIC HYPERBOLIC (size := 1508 geowa)
KB AAtATatatATTatAtaaTaT AUTOMATIC HYPERBOLIC (size := 1464 geowa)
KB AAtATatatATTatataaTAT AUTOMATIC HYPERBOLIC (size := 1378 geowa)
KB AAtATatatATaTatAtaaTT AUTOMATIC HYPERBOLIC (size := 1472 geowa)
KB AAtATatatATaTattaaTAT AUTOMATIC HYPERBOLIC (size := 1473 geowa)
KB AAtATatatATatATAtaaTT AUTOMATIC HYPERBOLIC (size := 1499 geowa)
KB AAtATatataTATatatAATT AUTOMATIC HYPERBOLIC (size := 1497 geowa)
KB AAtATatataTATattAATaT AUTOMATIC HYPERBOLIC (size := 1487 geowa)
KB AAtATatataTAtAATTataT AUTOMATIC HYPERBOLIC (size := 1500 geowa)
SENTINEL_DONE
== kb_kbd_06.out
KB AAtATatataTAtaTatAATT AUTOMATIC HYPERBOLIC (size := 1508 geowa)
KB AAtATatataTTatAtAATaT AUTOMATIC HYPERBOLIC (size := 1460 geowa)
KB AAtATatataTTatatAATAT AUTOMATIC HYPERBOLIC (size := 1380 geowa)
KB AAtATatataTaTatAtAATT AUTOMATIC HYPERBOLIC (size := 1519 geowa)
KB AAtATatataTaTattAATAT AUTGROUP-FAIL(rc=1)
KB AAtATatataTatAATAtaTT AUTOMATIC HYPERBOLIC (size := 1504 geowa)
KB AAtATatataTatAATTatAT AUTOMATIC HYPERBOLIC (size := 1528 geowa)
KB AAtATatataaTTatAtATaT AUTOMATIC HYPERBOLIC (size := 1469 geowa)
KB AAtATattAATaTatAtaTaT AUTOMATIC HYPERBOLIC (size := 1698 geowa)
KB AAtATattAATaTatataTAT AUTGROUP-FAIL(rc=1)
KB AAtATattAATaaTatAtaTT AUTOMATIC HYPERBOLIC (size := 1464 geowa)
KB AAtATattAATaaTattaTAT AUTGROUP-FAIL(rc=1)
KB AAtATattAATaataTAtaTT AUTOMATIC HYPERBOLIC (size := 1494 geowa)
KB AAtATattAATaataTTatAT AUTOMATIC HYPERBOLIC (size := 1441 geowa)
KB AAtATattAATataTATataT AUTOMATIC HYPERBOLIC (size := 1556 geowa)
KB AAtATattAATataTAtaTaT AUTOMATIC HYPERBOLIC (size := 1419 geowa)
KB AAtATattAATataTataTAT AUTOMATIC HYPERBOLIC (size := 1514 geowa)
KB AAtATattATATatataaTaT AUTOMATIC HYPERBOLIC (size := 1487 geowa)
KB AAtATattATAtaaTTataaT AUTOMATIC HYPERBOLIC (size := 1496 geowa)
KB AAtATattATAtaaTaTataT AUTOMATIC HYPERBOLIC (size := 1477 geowa)
KB AAtATattATTattATataTT AUTOMATIC HYPERBOLIC (size := 1913 geowa)
KB AAtATattATTattaTatATT AUTGROUP-FAIL(rc=1)
KB AAtATattATTattaTataTT AUTOMATIC HYPERBOLIC (size := 1591 geowa)
KB AAtATattATaTatAtaaTaT AUTOMATIC HYPERBOLIC (size := 1492 geowa)
KB AAtATattATaTatataaTAT AUTOMATIC HYPERBOLIC (size := 1454 geowa)
SENTINEL_DONE
== kb_kbd_07.out
KB AAtATattATaaTatAtaaTT AUTOMATIC HYPERBOLIC (size := 1489 geowa)
KB AAtATattATaaTattaaTAT AUTOMATIC HYPERBOLIC (size := 1432 geowa)
KB AAtATattATaatATAtaaTT AUTOMATIC HYPERBOLIC (size := 1648 geowa)
KB AAtATattATatATAtaaTaT AUTOMATIC HYPERBOLIC (size := 1555 geowa)
KB AAtATattATatATTattaTT AUTOMATIC HYPERBOLIC (size := 1423 geowa)
KB AAtATattATataTTattATT AUTGROUP-FAIL(rc=1)
KB AAtATattATataTTattaTT AUTOMATIC HYPERBOLIC (size := 1725 geowa)
KB AAtATattATataaTATataT AUTGROUP-FAIL(rc=1)
KB AAtATattaTATataatAATT AUTGROUP-FAIL(rc=1)
KB AAtATattaTATatatAATaT AUTOMATIC HYPERBOLIC (size := 1493 geowa)
KB AAtATattaTATattAATaaT AUTOMATIC HYPERBOLIC (size := 1417 geowa)
KB AAtATattaTAtAATTataaT AUTOMATIC HYPERBOLIC (size := 1491 geowa)
KB AAtATattaTAtAATaTataT AUTOMATIC HYPERBOLIC (size := 1524 geowa)
KB AAtATattaTAtaTaatAATT AUTGROUP-FAIL(rc=1)
KB AAtATattaTAtaTatAATaT AUTOMATIC HYPERBOLIC (size := 1490 geowa)
KB AAtATattaTTatAtAATaaT AUTOMATIC HYPERBOLIC (size := 1494 geowa)
KB AAtATattaTTataatAATAT AUTGROUP-FAIL(rc=1)
KB AAtATattaTTattATatATT AUTOMATIC HYPERBOLIC (size := 1442 geowa)
KB AAtATattaTTattATataTT AUTOMATIC HYPERBOLIC (size := 1585 geowa)
KB AAtATattaTTattaTatATT AUTGROUP-FAIL(rc=1)
KB AAtATattaTaTatAtAATaT AUTOMATIC HYPERBOLIC (size := 1464 geowa)
KB AAtATattaTaTatatAATAT AUTOMATIC HYPERBOLIC (size := 1470 geowa)
KB AAtATattaTatAATATataT AUTOMATIC HYPERBOLIC (size := 1523 geowa)
KB AAtATattaTatAATataTAT AUTGROUP-FAIL(rc=1)
KB AAtATattaTatATTattATT AUTOMATIC HYPERBOLIC (size := 1488 geowa)
SENTINEL_DONE
== kb_kbd_08.out
KB AAtATattaTatATTattaTT AUTOMATIC HYPERBOLIC (size := 1466 geowa)
KB AAtAtAATATataTattaTaT AUTOMATIC HYPERBOLIC (size := 1432 geowa)
KB AAtAtAATATatataTTataT AUTOMATIC HYPERBOLIC (size := 1426 geowa)
KB AAtAtAATATattaTTataaT AUTOMATIC HYPERBOLIC (size := 1425 geowa)
KB AAtAtAATATattaTaTataT AUTOMATIC HYPERBOLIC (size := 1455 geowa)
KB AAtAtAATATattaTataTaT AUTOMATIC HYPERBOLIC (size := 1481 geowa)
KB AAtAtAATTattaTaataTAT AUTOMATIC HYPERBOLIC (size := 1375 geowa)
KB AAtAtAATaTatATattaTaT AUTGROUP-FAIL(rc=1)
KB AAtAtAATaTatAtaTTataT AUTOMATIC HYPERBOLIC (size := 1520 geowa)
KB AAtAtAATaTattaTATataT AUTOMATIC HYPERBOLIC (size := 1460 geowa)
KB AAtAtAATataTTatATataT AUTOMATIC HYPERBOLIC (size := 1541 geowa)
KB AAtAtATATataTatataaTT AUTGROUP-FAIL(rc=1)
KB AAtAtATATataTattaaTaT AUTOMATIC HYPERBOLIC (size := 1387 geowa)
KB AAtAtATATatataaTTataT AUTOMATIC HYPERBOLIC (size := 1439 geowa)
KB AAtAtATTatATatataaTaT AUTOMATIC HYPERBOLIC (size := 1460 geowa)
KB AAtAtATTatAtaaTTataaT AUTOMATIC HYPERBOLIC (size := 1415 geowa)
KB AAtAtATTatAtaaTaTataT AUTOMATIC HYPERBOLIC (size := 1447 geowa)
KB AAtAtATTataTatAtaaTaT AUTGROUP-FAIL(rc=1)
KB AAtAtATTataTatataaTAT AUTGROUP-FAIL(rc=1)
KB AAtAtATTataaTatAtaaTT AUTOMATIC HYPERBOLIC (size := 1453 geowa)
KB AAtAtATTataaTattaaTAT AUTOMATIC HYPERBOLIC (size := 1481 geowa)
KB AAtAtATTataatATAtaaTT AUTOMATIC HYPERBOLIC (size := 1427 geowa)
KB AAtAtATTatatATAtaaTaT AUTGROUP-FAIL(rc=1)
KB AAtAtATTatatATTattaTT AUTOMATIC HYPERBOLIC (size := 1396 geowa)
KB AAtAtATTatataTTattATT AUTOMATIC HYPERBOLIC (size := 1495 geowa)
SENTINEL_DONE
== kb_kbd_09.out
KB AAtAtATTatataTTattaTT AUTOMATIC HYPERBOLIC (size := 1473 geowa)
KB AAtAtATTatataaTATataT AUTOMATIC HYPERBOLIC (size := 1477 geowa)
KB AAtAtATTattATTatataTT AUTOMATIC HYPERBOLIC (size := 2025 geowa)
KB AAtAtATTattATTattaTaT AUTOMATIC HYPERBOLIC (size := 1539 geowa)
KB AAtAtATTattATTattaaTT AUTOMATIC HYPERBOLIC (size := 1692 geowa)
KB AAtAtATTattATaTattaTT AUTOMATIC HYPERBOLIC (size := 1683 geowa)
KB AAtAtATTattaTTatatATT AUTOMATIC HYPERBOLIC (size := 1485 geowa)
KB AAtAtATTattaTTatataTT AUTOMATIC HYPERBOLIC (size := 1472 geowa)
KB AAtAtATTattaTTattATaT AUTOMATIC HYPERBOLIC (size := 1457 geowa)
KB AAtAtATTattaTTattaTaT AUTOMATIC HYPERBOLIC (size := 1508 geowa)
KB AAtAtATTattaTaTattATT AUTGROUP-FAIL(rc=1)
KB AAtAtATTattaTaTattaTT AUTGROUP-FAIL(rc=1)
KB AAtAtATTattaaTATataaT AUTOMATIC HYPERBOLIC (size := 1432 geowa)
KB AAtAtATTattaaTAtATaaT AUTOMATIC HYPERBOLIC (size := 1504 geowa)
KB AAtAtATTattaaTTattATT AUTGROUP-FAIL(rc=1)
KB AAtAtATaatATATattaaTT AUTOMATIC HYPERBOLIC (size := 1451 geowa)
KB AAtAtATaatATTattaaTAT AUTOMATIC HYPERBOLIC (size := 1478 geowa)
KB AAtAtaTATataTatatAATT AUTOMATIC HYPERBOLIC (size := 1510 geowa)
KB AAtAtaTATataTattAATaT AUTOMATIC HYPERBOLIC (size := 1466 geowa)
KB AAtAtaTATataaTattAATT AUTGROUP-FAIL(rc=1)
KB AAtAtaTATatatAATTataT AUTOMATIC HYPERBOLIC (size := 1454 geowa)
KB AAtAtaTATatatAATataTT AUTOMATIC HYPERBOLIC (size := 1469 geowa)
KB AAtAtaTATatataTatAATT AUTOMATIC HYPERBOLIC (size := 1519 geowa)
KB AAtAtaTATattAATTataaT AUTOMATIC HYPERBOLIC (size := 1462 geowa)
KB AAtAtaTATattAATaTataT AUTOMATIC HYPERBOLIC (size := 1514 geowa)
SENTINEL_DONE
== kb_kbd_10.out
KB AAtAtaTATattAATaataTT AUTOMATIC HYPERBOLIC (size := 1450 geowa)
KB AAtAtaTATattAATataTaT AUTGROUP-FAIL(rc=1)
KB AAtAtaTATattaTatAATaT AUTGROUP-FAIL(rc=1)
KB AAtAtaTTatATataatAATT AUTGROUP-FAIL(rc=1)
KB AAtAtaTTatATatatAATaT AUTOMATIC HYPERBOLIC (size := 1434 geowa)
KB AAtAtaTTatATattAATaaT AUTOMATIC HYPERBOLIC (size := 1495 geowa)
KB AAtAtaTTatAtAATTataaT AUTOMATIC HYPERBOLIC (size := 1438 geowa)
KB AAtAtaTTatAtAATaTataT AUTOMATIC HYPERBOLIC (size := 1469 geowa)
KB AAtAtaTTatAtaTaatAATT AUTGROUP-FAIL(rc=1)
KB AAtAtaTTatAtaTatAATaT AUTOMATIC HYPERBOLIC (size := 1392 geowa)
KB AAtAtaTTataTatAtAATaT AUTOMATIC HYPERBOLIC (size := 1486 geowa)
KB AAtAtaTTataaTatAtAATT AUTOMATIC HYPERBOLIC (size := 1432 geowa)
KB AAtAtaTTatatAATATataT AUTOMATIC HYPERBOLIC (size := 1459 geowa)
KB AAtAtaTTatatAATataTAT AUTOMATIC HYPERBOLIC (size := 1426 geowa)
KB AAtAtaTTatatATTattATT AUTOMATIC HYPERBOLIC (size := 1481 geowa)
KB AAtAtaTTatatATTattaTT AUTOMATIC HYPERBOLIC (size := 1494 geowa)
KB AAtAtaTTatataTTattATT AUTOMATIC HYPERBOLIC (size := 1435 geowa)
KB AAtAtaTTattAATATataaT AUTOMATIC HYPERBOLIC (size := 1438 geowa)
KB AAtAtaTTattAATTattaTT AUTOMATIC HYPERBOLIC (size := 1523 geowa)
KB AAtAtaTTattAATaataTAT AUTOMATIC HYPERBOLIC (size := 1452 geowa)
KB AAtAtaTTattATTatatATT AUTOMATIC HYPERBOLIC (size := 1488 geowa)
KB AAtAtaTTattATTatataTT AUTOMATIC HYPERBOLIC (size := 1532 geowa)
KB AAtAtaTTattATTattATaT AUTOMATIC HYPERBOLIC (size := 1553 geowa)
KB AAtAtaTTattATTattaTaT AUTOMATIC HYPERBOLIC (size := 1450 geowa)
KB AAtAtaTTattATaTattATT AUTGROUP-FAIL(rc=1)
SENTINEL_DONE
== kb_kbd_11.out
KB AAtAtaTTattATaTattaTT AUTGROUP-FAIL(rc=1)
KB AAtAtaTTattaTTatatATT AUTGROUP-FAIL(rc=1)
KB AAtAtaTTattaTTattAATT AUTOMATIC HYPERBOLIC (size := 1661 geowa)
KB AAtAtaTTattaTTattATaT AUTOMATIC HYPERBOLIC (size := 1505 geowa)
KB AAtAtaTTattaTaTattATT AUTGROUP-FAIL(rc=1)
KB AAtAtaaTATataTatatATT AUTGROUP-FAIL(rc=1)
KB AAtAtaaTATataTattATaT AUTOMATIC HYPERBOLIC (size := 1448 geowa)
KB AAtAtaaTATataaTattATT AUTOMATIC HYPERBOLIC (size := 1479 geowa)
KB AAtAtaaTATatatATTataT AUTOMATIC HYPERBOLIC (size := 1448 geowa)
KB AAtAtaaTATatatATatATT AUTOMATIC HYPERBOLIC (size := 1510 geowa)
KB AAtAtaaTATattATTataaT AUTOMATIC HYPERBOLIC (size := 1438 geowa)
KB AAtAtaaTATattATaTataT AUTOMATIC HYPERBOLIC (size := 1476 geowa)
KB AAtAtaaTATattATaatATT AUTOMATIC HYPERBOLIC (size := 1464 geowa)
KB AAtAtaaTATattATatATaT AUTOMATIC HYPERBOLIC (size := 1492 geowa)
KB AAtAtaaTAtATTataTataT AUTOMATIC HYPERBOLIC (size := 1523 geowa)
KB AAtAtaaTAtATTataatATT AUTOMATIC HYPERBOLIC (size := 1413 geowa)
KB AAtAtaaTAtATTatatATaT AUTOMATIC HYPERBOLIC (size := 1491 geowa)
KB AAtAtaaTAtATTattATaaT AUTOMATIC HYPERBOLIC (size := 1518 geowa)
KB AAtAtaaTAtATaTatatATT AUTOMATIC HYPERBOLIC (size := 1440 geowa)
KB AAtAtaaTAtATaTattATaT AUTOMATIC HYPERBOLIC (size := 1380 geowa)
KB AAtAtaaTAtATaaTattATT AUTOMATIC HYPERBOLIC (size := 1523 geowa)
KB AAtAtaaTAtATatATTataT AUTOMATIC HYPERBOLIC (size := 1578 geowa)
KB AAtAtaaTTatAtATTataaT AUTOMATIC HYPERBOLIC (size := 1415 geowa)
KB AAtAtaaTTatAtATaTataT AUTOMATIC HYPERBOLIC (size := 1525 geowa)
KB AAtAtaaTTatAtATaatATT AUTOMATIC HYPERBOLIC (size := 1437 geowa)
SENTINEL_DONE
== kb_kbd_12.out
KB AAtAtaaTTatAtATatATaT AUTOMATIC HYPERBOLIC (size := 1481 geowa)
KB AAtAtaaTTataTatAtATaT AUTGROUP-FAIL(rc=1)
KB AAtAtaaTTataaTatAtATT AUTGROUP-FAIL(rc=1)
KB AAtAtaaTTataatATAtATT AUTGROUP-FAIL(rc=1)
KB AAtAtaaTTatatATATataT AUTGROUP-FAIL(rc=1)
KB AAtAtaaTTatatATAtATaT AUTGROUP-FAIL(rc=1)
KB AAtAtaaTTattATATataaT AUTOMATIC HYPERBOLIC (size := 1462 geowa)
KB AAtAtaaTTattATAtATaaT AUTOMATIC HYPERBOLIC (size := 1515 geowa)
KB AAtAtaaTTattATTattATT AUTGROUP-FAIL(rc=1)
KB AAtaTatAATattAATataTT AUTOMATIC HYPERBOLIC (size := 1475 geowa)
KB AAtaTatAATattaTatAATT AUTGROUP-FAIL(rc=1)
KB AAtaTatAAtATaTattaaTT AUTOMATIC HYPERBOLIC (size := 1425 geowa)
KB AAtaTatAAtaTTatatAATT AUTOMATIC HYPERBOLIC (size := 1396 geowa)
KB AAtaTatAAtaTTattAATaT AUTOMATIC HYPERBOLIC (size := 1480 geowa)
KB AAtaTatAAtaTaTattAATT AUTOMATIC HYPERBOLIC (size := 1476 geowa)
KB AAtaTatAAtaaTTatatATT AUTOMATIC HYPERBOLIC (size := 1442 geowa)
KB AAtaTatAAtaaTTattATaT AUTOMATIC HYPERBOLIC (size := 1468 geowa)
KB AAtaTatATatAtaTatAATT AUTOMATIC HYPERBOLIC (size := 1739 geowa)
KB AAtaTatATatatATAtaaTT AUTOMATIC HYPERBOLIC (size := 1566 geowa)
KB AAtaTatATattaaTAtATaT AUTGROUP-FAIL(rc=1)
KB AAtaTatAtATAtaaTTataT AUTGROUP-FAIL(rc=1)
KB AAtaTattATatATAAtaaTT AUTOMATIC HYPERBOLIC (size := 1673 geowa)
KB AAtaTattaTAATatatAATT AUTOMATIC HYPERBOLIC (size := 1525 geowa)
KB AAtaTattaTAATattAATaT AUTOMATIC HYPERBOLIC (size := 1386 geowa)
KB AAtaTattaTAtATTattATT AUTOMATIC HYPERBOLIC (size := 1443 geowa)
SENTINEL_DONE
== kb_kbd_13.out
KB AAtaTattaTAtATTattaTT AUTOMATIC HYPERBOLIC (size := 1413 geowa)
KB AAtaTattaTAtaTTattATT AUTOMATIC HYPERBOLIC (size := 1566 geowa)
KB AAtaTattaTTattATAtATT AUTOMATIC HYPERBOLIC (size := 1419 geowa)
KB AAtaTattaTTattATAtaTT AUTOMATIC HYPERBOLIC (size := 1632 geowa)
KB AAtaTattaTTattaTAtATT AUTGROUP-FAIL(rc=1)
KB AAtaTattaaTAATatatATT AUTOMATIC HYPERBOLIC (size := 1534 geowa)
KB AAtaTattaaTAATattATaT AUTOMATIC HYPERBOLIC (size := 1374 geowa)
KB AAtaTattaaTAAtATatATT AUTGROUP-FAIL(rc=1)
KB AAtaTattaaTATatAtATaT AUTOMATIC HYPERBOLIC (size := 1476 geowa)
KB AAtaTattaaTTatAAtATaT AUTOMATIC HYPERBOLIC (size := 1433 geowa)
KB AAtatAATTatAATatataTT AUTOMATIC HYPERBOLIC (size := 1444 geowa)
KB AAtatAATTatAATattaTaT AUTOMATIC HYPERBOLIC (size := 1484 geowa)
KB AAtatAATTatAAtaTataTT AUTOMATIC HYPERBOLIC (size := 1400 geowa)
KB AAtatAATTatATatAtaTaT AUTOMATIC HYPERBOLIC (size := 1536 geowa)
KB AAtatAATTatAtaTAtaTaT AUTOMATIC HYPERBOLIC (size := 1517 geowa)
KB AAtatAATTattaTAAtaTaT AUTOMATIC HYPERBOLIC (size := 1374 geowa)
KB AAtatAATTattaTTattaTT AUTOMATIC HYPERBOLIC (size := 2107 geowa)
KB AAtatATAATataTattaaTT AUTOMATIC HYPERBOLIC (size := 1491 geowa)
KB AAtatATAAtATaTattaaTT AUTOMATIC HYPERBOLIC (size := 1439 geowa)
KB AAtatATAAtaaTTatatATT AUTOMATIC HYPERBOLIC (size := 1379 geowa)
KB AAtatATATataTatAtaaTT AUTOMATIC HYPERBOLIC (size := 1506 geowa)
KB AAtatATATattATTattaTT AUTOMATIC HYPERBOLIC (size := 1576 geowa)
KB AAtatATATattaTTattATT AUTOMATIC HYPERBOLIC (size := 1552 geowa)
KB AAtatATATattaTTattaTT AUTGROUP-FAIL(rc=1)
KB AAtatATTatAtATTattaTT AUTOMATIC HYPERBOLIC (size := 1402 geowa)
SENTINEL_DONE
== kb_kbd_14.out
KB AAtatATTatAtaTTattATT AUTOMATIC HYPERBOLIC (size := 1489 geowa)
KB AAtatATTatAtaTTattaTT AUTOMATIC HYPERBOLIC (size := 1461 geowa)
KB AAtatATTataTatAAtaaTT AUTGROUP-FAIL(rc=1)
KB AAtatATTatatATAAtaaTT AUTGROUP-FAIL(rc=1)
KB AAtatATTattATATattaTT AUTOMATIC HYPERBOLIC (size := 1827 geowa)
KB AAtatATTattATTatAtaTT AUTOMATIC HYPERBOLIC (size := 2041 geowa)
KB AAtatATTattATTattaaTT AUTOMATIC HYPERBOLIC (size := 1706 geowa)
KB AAtatATTattaTATattATT AUTGROUP-FAIL(rc=1)
KB AAtatATTattaTATattaTT AUTGROUP-FAIL(rc=1)
KB AAtatATTattaTTatAtATT AUTOMATIC HYPERBOLIC (size := 1494 geowa)
KB AAtatATTattaTTatAtaTT AUTOMATIC HYPERBOLIC (size := 1460 geowa)
KB AAtatATTattaaTAAtATaT AUTGROUP-FAIL(rc=1)
KB AAtatATTattaaTTattATT AUTGROUP-FAIL(rc=1)
KB AAtatATaTatAATattaaTT AUTGROUP-FAIL(rc=1)
KB AAtatATaTatATatAtaaTT AUTOMATIC HYPERBOLIC (size := 1454 geowa)
SENTINEL_DONE
== kb_kbe_00.out
KB AAttAATTatAAtaTaataTT AUTOMATIC HYPERBOLIC (size := 1410 geowa)
KB AAttAATTatAtaTTattaTT AUTGROUP-FAIL(rc=1)
KB AAttAATTatataTTattaTT AUTGROUP-FAIL(rc=1)
KB AAttAATTattaTATattaTT AUTGROUP-FAIL(rc=1)
KB AAttAATTattaTaTattaTT AUTGROUP-FAIL(rc=1)
KB AAttATTatATattATataTT AUTOMATIC HYPERBOLIC (size := 1424 geowa)
KB AAttATTatATattaTatATT AUTOMATIC HYPERBOLIC (size := 1397 geowa)
KB AAttATTatATattaTataTT AUTOMATIC HYPERBOLIC (size := 1466 geowa)
KB AAttATTatAtATTatataTT AUTOMATIC HYPERBOLIC (size := 1411 geowa)
KB AAttATTatAtATTattaaTT AUTOMATIC HYPERBOLIC (size := 1417 geowa)
KB AAttATTatAtATaTattaTT AUTGROUP-FAIL(rc=1)
KB AAttATTatAtaTTatatATT AUTOMATIC HYPERBOLIC (size := 1423 geowa)
KB AAttATTatAtaTTatataTT AUTOMATIC HYPERBOLIC (size := 1387 geowa)
KB AAttATTatAtaTaTattATT AUTGROUP-FAIL(rc=1)
KB AAttATTatAtaTaTattaTT AUTGROUP-FAIL(rc=1)
KB AAttATTataTattATAtaTT AUTOMATIC HYPERBOLIC (size := 1436 geowa)
KB AAttATTataTattaTAtATT AUTOMATIC HYPERBOLIC (size := 1451 geowa)
KB AAttATTataTattaTAtaTT AUTGROUP-FAIL(rc=1)
KB AAttATTatatATATattaTT AUTOMATIC HYPERBOLIC (size := 1489 geowa)
KB AAttATTatatATTatAtaTT AUTOMATIC HYPERBOLIC (size := 1403 geowa)
KB AAttATTatataTATattaTT AUTGROUP-FAIL(rc=1)
KB AAttATTatataTTatAtATT AUTOMATIC HYPERBOLIC (size := 1426 geowa)
KB AAttATTatataTTatAtaTT AUTOMATIC HYPERBOLIC (size := 1374 geowa)
KB AAttATTattATATatataTT AUTOMATIC HYPERBOLIC (size := 1753 geowa)
KB AAttaTATattATTatataTT AUTOMATIC HYPERBOLIC (size := 1659 geowa)
SENTINEL_DONE
== kb_kbe_01.out
KB AAttaTAtATTattATataTT AUTOMATIC HYPERBOLIC (size := 1528 geowa)
SENTINEL_DONE
== kbretry_r1.out
KB TTTaTAtaaTTAAttatatAA AUTOMATIC HYPERBOLIC (size := 1485 geowa) ORIG AAAtATattAATTaatataTT
KB TTTaTAtaaTAAttatattAA AUTOMATIC HYPERBOLIC (size := 1482 geowa) ORIG AAAtATattATTaatataaTT
KB TTTaTAtaaTAAttaattAtA AUTOMATIC HYPERBOLIC (size := 1455 geowa) ORIG AAAtATattATTaattaaTaT
KB TTTaTAtaatAAttataTTAA AUTOMATIC HYPERBOLIC (size := 1486 geowa) ORIG AAAtATattaTTaatatAATT
KB TTTaTAtaatAAttaaTTAtA AUTOMATIC HYPERBOLIC (size := 1481 geowa) ORIG AAAtATattaTTaattAATaT
KB TTTaTAtaattAAttataTAA AUTOMATIC HYPERBOLIC (size := 1479 geowa) ORIG AAAtATattaaTTaatatATT
KB TTTaTAtaattAtAttaaTAA AUTGROUP-FAIL(rc=1) ORIG AAAtATattaaTaTaattATT
KB TTTaTAttataTTAAtaatAA AUTGROUP-FAIL(rc=1) ORIG AAAtATaatatAATTattaTT
KB TTTaTAttataTAAtaattAA AUTOMATIC HYPERBOLIC (size := 1487 geowa) ORIG AAAtATaatatATTattaaTT
KB TTTaTAttatatAAtaaTTAA AUTOMATIC HYPERBOLIC (size := 1465 geowa) ORIG AAAtATaatataTTattAATT
KB TTTaTAttatattAAtaaTAA AUTGROUP-FAIL(rc=1) ORIG AAAtATaatataaTTattATT
KB TTTaTaTTAAtatAttaatAA AUTOMATIC HYPERBOLIC (size := 1494 geowa) ORIG AAAtAtAATTataTaattaTT
KB TTTaTaTAAtatAttaattAA AUTGROUP-FAIL(rc=1) ORIG AAAtAtATTataTaattaaTT
KB TTTaTaTAAtaattAAttatA AUTOMATIC HYPERBOLIC (size := 1455 geowa) ORIG AAAtAtATTattaaTTaataT
KB TTTaTaTAAttaaTAtattAA AUTGROUP-FAIL(rc=1) ORIG AAAtAtATTaattATataaTT
KB TTTatAttaTattAAtaaTAA AUTGROUP-FAIL(rc=1) ORIG AAAtaTaatAtaaTTattATT
KB TTTatAttaaTTATAtaatAA AUTOMATIC HYPERBOLIC (size := 1481 geowa) ORIG AAAtaTaattAATATattaTT
KB TTTatAttaattATAtaaTAA AUTGROUP-FAIL(rc=1) ORIG AAAtaTaattaaTATattATT
KB TTTataTAAtaTAttaattAA AUTOMATIC HYPERBOLIC (size := 1421 geowa) ORIG AAAtatATTatATaattaaTT
KB TTTataTAAttaaTATattAA AUTOMATIC HYPERBOLIC (size := 1438 geowa) ORIG AAAtatATTaattATAtaaTT
KB TTTataTAAttaattATaTAA AUTOMATIC HYPERBOLIC (size := 1454 geowa) ORIG AAAtatATTaattaaTAtATT
KB TTTatatAAtaTAttaaTTAA AUTOMATIC HYPERBOLIC (size := 1446 geowa) ORIG AAAtataTTatATaattAATT
KB TTTatatAAttaaTTATatAA AUTOMATIC HYPERBOLIC (size := 1459 geowa) ORIG AAAtataTTaattAATAtaTT
KB TTTatatATaTTAAttaatAA AUTGROUP-FAIL(rc=1) ORIG AAAtataTAtAATTaattaTT
KB TTTatattAAttaaTATaTAA AUTGROUP-FAIL(rc=1) ORIG AAAtataaTTaattATAtATT
KB TTTaaTTAAtatAttaTatAA AUTOMATIC HYPERBOLIC (size := 1481 geowa) ORIG AAAttAATTataTaatAtaTT
KB TTTaaTTAAttatAtaTatAA AUTGROUP-FAIL(rc=1) ORIG AAAttAATTaataTatAtaTT
SENTINEL_DONE
== kbr_kbf_00.out
KB TTTaTaTAtattAAttaaTAA AUTOMATIC HYPERBOLIC (size := 1484 geowa) ORIG AAAtAtATataaTTaattATT
KB TTTaTatAAttaaTTAtatAA AUTOMATIC HYPERBOLIC (size := 1458 geowa) ORIG AAAtAtaTTaattAATataTT
KB TTTaTatAAtatAttaaTTAA AUTOMATIC HYPERBOLIC (size := 1458 geowa) ORIG AAAtAtaTTataTaattAATT
KB TTTaaTTAtatATAttaatAA AUTOMATIC HYPERBOLIC (size := 1461 geowa) ORIG AAAttAATataTATaattaTT
KB TTTaatATaTTAAttatatAA AUTOMATIC HYPERBOLIC (size := 1434 geowa) ORIG AAAttaTAtAATTaatataTT
KB TTTaatAAttaTaTTAtatAA AUTGROUP-FAIL(rc=1) ORIG AAAttaTTaatAtAATataTT
KB TTaTTAtatAtaaTTAtatAA AUTGROUP-FAIL(rc=1) ORIG AAtAATataTattAATataTT
KB TTaTTAtatAtaatAtaTTAA AUTGROUP-FAIL(rc=1) ORIG AAtAATataTattaTatAATT
KB TTaTTAtatAtaattAtaTAA AUTGROUP-FAIL(rc=1) ORIG AAtAATataTattaaTatATT
KB TTaTTAtattaTAAtaattAA AUTOMATIC HYPERBOLIC (size := 1473 geowa) ORIG AAtAATataatATTattaaTT
KB TTaTTAtattatAAtaaTTAA AUTOMATIC HYPERBOLIC (size := 1503 geowa) ORIG AAtAATataataTTattAATT
KB TTaTTAtaaTTAAtaatAttA AUTGROUP-FAIL(rc=1) ORIG AAtAATattAATTattaTaaT
KB TTaTTAtaaTTAtAtatatAA AUTOMATIC HYPERBOLIC (size := 1452 geowa) ORIG AAtAATattAATaTatataTT
KB TTaTTAtaaTTAtAtaatAtA AUTOMATIC HYPERBOLIC (size := 1370 geowa) ORIG AAtAATattAATaTattaTaT
KB TTaTTAtaaTTAtatAAtatA AUTGROUP-FAIL(rc=1) ORIG AAtAATattAATataTTataT
KB TTaTTAtaaTTAtatAtatAA AUTOMATIC HYPERBOLIC (size := 1771 geowa) ORIG AAtAATattAATataTataTT
KB TTaTTaTAAtattAtaattAA AUTOMATIC HYPERBOLIC (size := 1459 geowa) ORIG AAtAAtATTataaTattaaTT
KB TTaTTaTAAtaaTAtattAtA AUTGROUP-FAIL(rc=1) ORIG AAtAAtATTattATataaTaT
KB TTaTTaTAtAtaattAAtatA AUTGROUP-FAIL(rc=1) ORIG AAtAAtATaTattaaTTataT
KB TTaTTaTAtAtaattAtaTAA AUTOMATIC HYPERBOLIC (size := 1449 geowa) ORIG AAtAAtATaTattaaTatATT
SENTINEL_DONE
== kbr_kbf_01.out
KB TTaTTaTAtaTAtAtaattAA AUTOMATIC HYPERBOLIC (size := 1441 geowa) ORIG AAtAAtATatATaTattaaTT
KB TTaTTaTAtattAtAtaaTAA AUTGROUP-FAIL(rc=1) ORIG AAtAAtATataaTaTattATT
KB TTaTTatAAtatAtataTTAA AUTGROUP-FAIL(rc=1) ORIG AAtAAtaTTataTatatAATT
KB TTaTTatAAtaaTTAttatAA AUTOMATIC HYPERBOLIC (size := 1443 geowa) ORIG AAtAAtaTTattAATaataTT
KB TTaTTatAAtaatAttaTTAA AUTOMATIC HYPERBOLIC (size := 1452 geowa) ORIG AAtAAtaTTattaTaatAATT
KB TTaTTatAAtaatAtaTTAtA AUTOMATIC HYPERBOLIC (size := 1475 geowa) ORIG AAtAAtaTTattaTatAATaT
KB TTaTAtaTaTTAttAtaatAA AUTGROUP-FAIL(rc=1) ORIG AAtATatAtAATaaTattaTT
KB TTaTAtaTatAAtaaTTAttA AUTGROUP-FAIL(rc=1) ORIG AAtATatAtaTTattAATaaT
KB TTaTAtaTatAttAtaaTTAA AUTOMATIC HYPERBOLIC (size := 1437 geowa) ORIG AAtATatAtaTaaTattAATT
KB TTaTAtattAtaaTTATatAA AUTGROUP-FAIL(rc=1) ORIG AAtATataaTattAATAtaTT
KB TTaTAtatattATaTAAtatA AUTGROUP-FAIL(rc=1) ORIG AAtATatataaTAtATTataT
KB TTaTAtatattATaTAtaTAA AUTOMATIC HYPERBOLIC (size := 1484 geowa) ORIG AAtATatataaTAtATatATT
KB TTaTAtatattAtaTAAtaTA AUTGROUP-FAIL(rc=124) ORIG AAtATatataaTatATTatAT
KB TTaTAtaaTTAAtaTatAttA AUTGROUP-FAIL(rc=1) ORIG AAtATattAATTatAtaTaaT
KB TTaTAtaattAAtaTaTAttA AUTGROUP-FAIL(rc=1) ORIG AAtATattaaTTatAtATaaT
KB TTaTAtaattAtAtataTATA AUTOMATIC HYPERBOLIC (size := 1526 geowa) ORIG AAtATattaaTaTatatATAT
KB TTaTaTTAAtaTAtattatAA AUTOMATIC HYPERBOLIC (size := 1459 geowa) ORIG AAtAtAATTatATataataTT
KB TTaTaTTAAtaTatAtatAtA AUTOMATIC HYPERBOLIC (size := 1487 geowa) ORIG AAtAtAATTatAtaTataTaT
KB TTaTaTTAAtatatATAtatA AUTOMATIC HYPERBOLIC (size := 1486 geowa) ORIG AAtAtAATTatataTATataT
KB TTaTaTTAAtaatATAtattA AUTOMATIC HYPERBOLIC (size := 1465 geowa) ORIG AAtAtAATTattaTATataaT
SENTINEL_DONE
== kbr_kbf_02.out
KB TTaTaTTAAtaatATatAttA AUTOMATIC HYPERBOLIC (size := 1440 geowa) ORIG AAtAtAATTattaTAtaTaaT
KB TTaTaTTAAtaatAAtaatAA AUTOMATIC HYPERBOLIC (size := 2077 geowa) ORIG AAtAtAATTattaTTattaTT
KB TTaTaTATAtattAtaattAA AUTOMATIC HYPERBOLIC (size := 1434 geowa) ORIG AAtAtATATataaTattaaTT
KB TTaTaTATaTAttAtaattAA AUTOMATIC HYPERBOLIC (size := 1445 geowa) ORIG AAtAtATAtATaaTattaaTT
KB TTaTaTATattAAtataTAtA AUTOMATIC HYPERBOLIC (size := 1482 geowa) ORIG AAtAtATAtaaTTatatATaT
KB TTaTaTAtAtatAtaattATA AUTGROUP-FAIL(rc=1) ORIG AAtAtATaTataTattaaTAT
KB TTaTaTAtAtaattATaTAtA AUTOMATIC HYPERBOLIC (size := 1418 geowa) ORIG AAtAtATaTattaaTAtATaT
KB TTaTaTAttAtaattATaTAA AUTGROUP-FAIL(rc=1) ORIG AAtAtATaaTattaaTAtATT
KB TTaTaTAtaTAtAtaattATA AUTGROUP-FAIL(rc=1) ORIG AAtAtATatATaTattaaTAT
KB TTaTatATAtaatAttaTTAA AUTGROUP-FAIL(rc=1) ORIG AAtAtaTATattaTaatAATT
KB TTaTatATatAttAtaaTTAA AUTOMATIC HYPERBOLIC (size := 1425 geowa) ORIG AAtAtaTAtaTaaTattAATT
KB TTaTatAtAtaaTAAtaaTAA AUTGROUP-FAIL(rc=1) ORIG AAtAtaTaTattATTattATT
KB TTaTatAttAtaTAtaaTTAA AUTOMATIC HYPERBOLIC (size := 1427 geowa) ORIG AAtAtaTaaTatATattAATT
KB TTaTatAtaTTAAtaTAtatA AUTOMATIC HYPERBOLIC (size := 1551 geowa) ORIG AAtAtaTatAATTatATataT
KB TTatAtaTatATAtaaTTAtA AUTOMATIC HYPERBOLIC (size := 1507 geowa) ORIG AAtaTatAtaTATattAATaT
KB TTatAtaaTAAtaaTATatAA AUTGROUP-FAIL(rc=124) ORIG AAtaTattATTattATAtaTT
KB TTattAtaTTaTAAtaattAA AUTOMATIC HYPERBOLIC (size := 1443 geowa) ORIG AAtaaTatAAtATTattaaTT
KB TTattAtaTaTATAtaattAA AUTGROUP-FAIL(rc=1) ORIG AAtaaTatAtATATattaaTT
KB TTattAtaattATTAtaaTAA AUTOMATIC HYPERBOLIC (size := 1481 geowa) ORIG AAtaaTattaaTAATattATT
KB TTataTAtAtaaTATTattAA AUTGROUP-FAIL(rc=1) ORIG AAtatATaTattATAAtaaTT
SENTINEL_DONE
== kbr_kbf_03.out
KB TTataTAtaTATTAtaattAA AUTOMATIC HYPERBOLIC (size := 1413 geowa) ORIG AAtatATatATAATattaaTT
KB TTatatAAtaaTTAAtaatAA AUTOMATIC HYPERBOLIC (size := 1496 geowa) ORIG AAtataTTattAATTattaTT
KB TTatatAAtaaTATAtaaTAA AUTOMATIC HYPERBOLIC (size := 2718 geowa) ORIG AAtataTTattATATattATT
KB TTatatAAtaaTATAtaatAA AUTGROUP-FAIL(rc=1) ORIG AAtataTTattATATattaTT
KB TTatatAAtaatAAtaTaTAA AUTGROUP-FAIL(rc=124) ORIG AAtataTTattaTTatAtATT
KB TTatatAtAtaTTAtaaTTAA AUTOMATIC HYPERBOLIC (size := 1445 geowa) ORIG AAtataTaTatAATattAATT
KB TTatatAtatATTAtaaTTAA AUTOMATIC HYPERBOLIC (size := 1441 geowa) ORIG AAtataTataTAATattAATT
KB TTaaTATTAtattAtaattAA AUTOMATIC HYPERBOLIC (size := 1395 geowa) ORIG AAttATAATataaTattaaTT
KB TTaaTATAtaaTAAtatatAA AUTOMATIC HYPERBOLIC (size := 2161 geowa) ORIG AAttATATattATTatataTT
KB TTaaTATAtaaTAtAtaatAA AUTGROUP-FAIL(rc=1) ORIG AAttATATattATaTattaTT
KB TTaaTATAtaatAtAtaatAA AUTOMATIC HYPERBOLIC (size := 1420 geowa) ORIG AAttATATattaTaTattaTT
KB TTaaTAAtaaTATAtaattAA AUTOMATIC HYPERBOLIC (size := 1452 geowa) ORIG AAttATTattATATattaaTT
KB TTaaTAAtaaTAtAtaTatAA AUTGROUP-FAIL(rc=1) ORIG AAttATTattATaTatAtaTT
KB TTaaTAAtaaTAtAtaattAA AUTOMATIC HYPERBOLIC (size := 1456 geowa) ORIG AAttATTattATaTattaaTT
KB TTaaTAAtaatATAtataTAA AUTGROUP-FAIL(rc=1) ORIG AAttATTattaTATatatATT
KB TTaaTAAtaatATatAtaTAA AUTGROUP-FAIL(rc=1) ORIG AAttATTattaTAtaTatATT
KB TTaaTAAtaatAtatATaTAA AUTGROUP-FAIL(rc=1) ORIG AAttATTattaTataTAtATT
KB TTaaTAtAtaTatAAtaatAA AUTGROUP-FAIL(rc=1) ORIG AAttATaTatAtaTTattaTT
KB TTaaTAtAtaaTATAtaatAA AUTOMATIC HYPERBOLIC (size := 1378 geowa) ORIG AAttATaTattATATattaTT
KB TTaaTAtAtaaTAAtaTatAA AUTOMATIC HYPERBOLIC (size := 2049 geowa) ORIG AAttATaTattATTatAtaTT
SENTINEL_DONE
== kbr_kbf_04.out
KB TTaaTAtAtaatATAtaatAA AUTOMATIC HYPERBOLIC (size := 1418 geowa) ORIG AAttATaTattaTATattaTT
KB TTaaTAtAtaatAAtaTatAA AUTOMATIC HYPERBOLIC (size := 1954 geowa) ORIG AAttATaTattaTTatAtaTT
KB TTaaTAtaTAAtaTAtaatAA AUTGROUP-FAIL(rc=124) ORIG AAttATatATTatATattaTT
KB TTaatAAtaTaTAtAtaatAA AUTOMATIC HYPERBOLIC (size := 1484 geowa) ORIG AAttaTTatAtATaTattaTT
KB TTaatAAtaaTATAtatatAA AUTGROUP-FAIL(rc=1) ORIG AAttaTTattATATatataTT
KB TTaatAAtaaTATaTAtatAA AUTGROUP-FAIL(rc=1) ORIG AAttaTTattATAtATataTT
KB TTaatAAtaaTAtAtaTatAA AUTGROUP-FAIL(rc=1) ORIG AAttaTTattATaTatAtaTT
KB TTaatAAtaaTAtaTATatAA AUTGROUP-FAIL(rc=1) ORIG AAttaTTattATatATAtaTT
SENTINEL_DONE
== kb2_kbg_00_s0.out
KB AAAtATattaaTaTaattATT AUTOMATIC HYPERBOLIC (size := 1477 geowa) opt=-large swap=0 orig=AAAtATattaaTaTaattATT
KB AAAtAtATTaattATataaTT AUTOMATIC HYPERBOLIC (size := 1440 geowa) opt=-large swap=0 orig=AAAtAtATTaattATataaTT
KB AAAtAtATTataTaattaaTT AUTOMATIC HYPERBOLIC (size := 1442 geowa) opt=-large swap=0 orig=AAAtAtATTataTaattaaTT
KB AAAtaTaattaaTATattATT AUTOMATIC HYPERBOLIC (size := 1466 geowa) opt=-large swap=0 orig=AAAtaTaattaaTATattATT
KB AAAtataTAtAATTaattaTT AUTOMATIC HYPERBOLIC (size := 1489 geowa) opt=-large swap=0 orig=AAAtataTAtAATTaattaTT
KB AAAtataaTTaattATAtATT AUTOMATIC HYPERBOLIC (size := 1485 geowa) opt=-large swap=0 orig=AAAtataaTTaattATAtATT
KB AAAttAATTaataTatAtaTT AUTOMATIC HYPERBOLIC (size := 1462 geowa) opt=-large swap=0 orig=AAAttAATTaataTatAtaTT
KB AAAttaTTaatAtAATataTT AUTOMATIC HYPERBOLIC (size := 1472 geowa) opt=-large swap=0 orig=AAAttaTTaatAtAATataTT
SENTINEL_DONE
== kb2_kbg_01_s0.out
KB AAtAATataTattAATataTT AUTOMATIC HYPERBOLIC (size := 1662 geowa) opt=-large swap=0 orig=AAtAATataTattAATataTT
KB AAtAATataTattaTatAATT AUTOMATIC HYPERBOLIC (size := 1720 geowa) opt=-large swap=0 orig=AAtAATataTattaTatAATT
KB AAtAATataTattaaTatATT AUTOMATIC HYPERBOLIC (size := 1890 geowa) opt=-large swap=0 orig=AAtAATataTattaaTatATT
KB AAtAATattAATTattaTaaT AUTOMATIC HYPERBOLIC (size := 1483 geowa) opt=-large swap=0 orig=AAtAATattAATTattaTaaT
KB AAtAATattAATataTTataT AUTOMATIC HYPERBOLIC (size := 1677 geowa) opt=-large swap=0 orig=AAtAATattAATataTTataT
KB AAtAAtATTattATataaTaT AUTOMATIC HYPERBOLIC (size := 1490 geowa) opt=-large swap=0 orig=AAtAAtATTattATataaTaT
KB AAtAAtATaTattaaTTataT AUTOMATIC HYPERBOLIC (size := 1504 geowa) opt=-large swap=0 orig=AAtAAtATaTattaaTTataT
KB AAtAAtATataaTaTattATT AUTOMATIC HYPERBOLIC (size := 1576 geowa) opt=-large swap=0 orig=AAtAAtATataaTaTattATT
SENTINEL_DONE
== kb2_kbg_02_s0.out
KB AAtAAtaTTataTatatAATT AUTOMATIC HYPERBOLIC (size := 1439 geowa) opt=-large swap=0 orig=AAtAAtaTTataTatatAATT
KB AAtATatAtAATaaTattaTT AUTOMATIC HYPERBOLIC (size := 1461 geowa) opt=-large swap=0 orig=AAtATatAtAATaaTattaTT
KB AAtATatAtaTTattAATaaT AUTOMATIC HYPERBOLIC (size := 1532 geowa) opt=-large swap=0 orig=AAtATatAtaTTattAATaaT
KB AAtATataaTattAATAtaTT AUTOMATIC HYPERBOLIC (size := 1823 geowa) opt=-large swap=0 orig=AAtATataaTattAATAtaTT
KB AAtATatataaTAtATTataT AUTOMATIC HYPERBOLIC (size := 1519 geowa) opt=-large swap=0 orig=AAtATatataaTAtATTataT
KB AAtATatataaTatATTatAT AUTOMATIC HYPERBOLIC (size := 1953 geowa) opt=-large swap=0 orig=AAtATatataaTatATTatAT
KB AAtATattAATTatAtaTaaT AUTOMATIC HYPERBOLIC (size := 1494 geowa) opt=-large swap=0 orig=AAtATattAATTatAtaTaaT
KB AAtATattaaTTatAtATaaT AUTOMATIC HYPERBOLIC (size := 1448 geowa) opt=-large swap=0 orig=AAtATattaaTTatAtATaaT
SENTINEL_DONE
== kb2_kbg_03_s0.out
KB AAtAtATaTataTattaaTAT AUTOMATIC HYPERBOLIC (size := 1506 geowa) opt=-large swap=0 orig=AAtAtATaTataTattaaTAT
KB AAtAtATaaTattaaTAtATT AUTOMATIC HYPERBOLIC (size := 1507 geowa) opt=-large swap=0 orig=AAtAtATaaTattaaTAtATT
KB AAtAtATatATaTattaaTAT AUTOMATIC HYPERBOLIC (size := 1485 geowa) opt=-large swap=0 orig=AAtAtATatATaTattaaTAT
KB AAtAtaTATattaTaatAATT AUTOMATIC HYPERBOLIC (size := 1427 geowa) opt=-large swap=0 orig=AAtAtaTATattaTaatAATT
KB AAtAtaTaTattATTattATT AUTOMATIC HYPERBOLIC (size := 1645 geowa) opt=-large swap=0 orig=AAtAtaTaTattATTattATT
KB AAtaTattATTattATAtaTT AUTOMATIC HYPERBOLIC (size := 1970 geowa) opt=-large swap=0 orig=AAtaTattATTattATAtaTT
KB AAtaaTatAtATATattaaTT AUTOMATIC HYPERBOLIC (size := 1438 geowa) opt=-large swap=0 orig=AAtaaTatAtATATattaaTT
KB AAtatATaTattATAAtaaTT AUTOMATIC HYPERBOLIC (size := 1430 geowa) opt=-large swap=0 orig=AAtatATaTattATAAtaaTT
SENTINEL_DONE
== kb2_kbg_04_s0.out
KB AAtataTTattATATattaTT AUTGROUP-FAIL(rc=1) orig=AAtataTTattATATattaTT
KB AAtataTTattaTTatAtATT AUTOMATIC HYPERBOLIC (size := 1834 geowa) opt=-large swap=0 orig=AAtataTTattaTTatAtATT
SENTINEL_DONE
== kb2_kbh_00_s0.out
KB AAAtaTattATTaatAtaaTT AUTOMATIC HYPERBOLIC (size := 1482 geowa) opt=-large swap=0 orig=AAAtaTattATTaatAtaaTT
KB AAAtaTattaTTaatAtAATT AUTOMATIC HYPERBOLIC (size := 1499 geowa) opt=-large swap=0 orig=AAAtaTattaTTaatAtAATT
KB AAAttATTaatataaTAtATT AUTOMATIC HYPERBOLIC (size := 1438 geowa) opt=-large swap=0 orig=AAAttATTaatataaTAtATT
KB AAAttATaTatATaattaaTT AUTOMATIC HYPERBOLIC (size := 1419 geowa) opt=-large swap=0 orig=AAAttATaTatATaattaaTT
KB AAtAATattATTatataaTaT AUTOMATIC HYPERBOLIC (size := 1457 geowa) opt=-large swap=0 orig=AAtAATattATTatataaTaT
KB AAtAATattaTaTatatAATT AUTOMATIC HYPERBOLIC (size := 1436 geowa) opt=-large swap=0 orig=AAtAATattaTaTatatAATT
KB AAtAATattaTaaTattAATT AUTOMATIC HYPERBOLIC (size := 1396 geowa) opt=-large swap=0 orig=AAtAATattaTaaTattAATT
KB AAtAATattaaTaTatatATT AUTOMATIC HYPERBOLIC (size := 1450 geowa) opt=-large swap=0 orig=AAtAATattaaTaTatatATT
SENTINEL_DONE
== kb2_kbh_01_s0.out
KB AAtAAtATTataTattaaTaT AUTOMATIC HYPERBOLIC (size := 1454 geowa) opt=-large swap=0 orig=AAtAAtATTataTattaaTaT
KB AAtAAtaTatAATaTattaTT AUTOMATIC HYPERBOLIC (size := 1466 geowa) opt=-large swap=0 orig=AAtAAtaTatAATaTattaTT
KB AAtAAtaaTTattATatATaT AUTOMATIC HYPERBOLIC (size := 1508 geowa) opt=-large swap=0 orig=AAtAAtaaTTattATatATaT
KB AAtAAtaaTaTataTattATT AUTOMATIC HYPERBOLIC (size := 1457 geowa) opt=-large swap=0 orig=AAtAAtaaTaTataTattATT
KB AAtAAtaaTaTattATatATT AUTOMATIC HYPERBOLIC (size := 1454 geowa) opt=-large swap=0 orig=AAtAAtaaTaTattATatATT
KB AAtATatATattAATataTaT AUTOMATIC HYPERBOLIC (size := 1508 geowa) opt=-large swap=0 orig=AAtATatATattAATataTaT
KB AAtATatATattaTatAATaT AUTOMATIC HYPERBOLIC (size := 1465 geowa) opt=-large swap=0 orig=AAtATatATattaTatAATaT
KB AAtATatATattaaTatATaT AUTOMATIC HYPERBOLIC (size := 1410 geowa) opt=-large swap=0 orig=AAtATatATattaaTatATaT
SENTINEL_DONE
== kb2_kbh_02_s0.out
KB AAtATataTatAtaTatAATT AUTOMATIC HYPERBOLIC (size := 1704 geowa) opt=-large swap=0 orig=AAtATataTatAtaTatAATT
KB AAtATataTattAATAtaTaT AUTOMATIC HYPERBOLIC (size := 1654 geowa) opt=-large swap=0 orig=AAtATataTattAATAtaTaT
KB AAtATataTattaTAtAATaT AUTOMATIC HYPERBOLIC (size := 1564 geowa) opt=-large swap=0 orig=AAtATataTattaTAtAATaT
KB AAtATataTattaaTatATAT AUTOMATIC HYPERBOLIC (size := 1571 geowa) opt=-large swap=0 orig=AAtATataTattaaTatATAT
KB AAtATatatATATatataaTT AUTOMATIC HYPERBOLIC (size := 1501 geowa) opt=-large swap=0 orig=AAtATatatATATatataaTT
KB AAtATatataTaTattAATAT AUTOMATIC HYPERBOLIC (size := 1539 geowa) opt=-large swap=0 orig=AAtATatataTaTattAATAT
KB AAtATattAATaTatataTAT AUTOMATIC HYPERBOLIC (size := 1510 geowa) opt=-large swap=0 orig=AAtATattAATaTatataTAT
KB AAtATattAATaaTattaTAT AUTOMATIC HYPERBOLIC (size := 1443 geowa) opt=-large swap=0 orig=AAtATattAATaaTattaTAT
SENTINEL_DONE
== kb2_kbh_03_s0.out
KB AAtATattATTattaTatATT AUTOMATIC HYPERBOLIC (size := 1710 geowa) opt=-large swap=0 orig=AAtATattATTattaTatATT
KB AAtATattATataTTattATT AUTOMATIC HYPERBOLIC (size := 1704 geowa) opt=-large swap=0 orig=AAtATattATataTTattATT
KB AAtATattATataaTATataT AUTOMATIC HYPERBOLIC (size := 1991 geowa) opt=-large swap=0 orig=AAtATattATataaTATataT
KB AAtATattaTATataatAATT AUTOMATIC HYPERBOLIC (size := 1467 geowa) opt=-large swap=0 orig=AAtATattaTATataatAATT
KB AAtATattaTAtaTaatAATT AUTOMATIC HYPERBOLIC (size := 1375 geowa) opt=-large swap=0 orig=AAtATattaTAtaTaatAATT
KB AAtATattaTTataatAATAT AUTOMATIC HYPERBOLIC (size := 1482 geowa) opt=-large swap=0 orig=AAtATattaTTataatAATAT
KB AAtATattaTTattaTatATT AUTOMATIC HYPERBOLIC (size := 1933 geowa) opt=-large swap=0 orig=AAtATattaTTattaTatATT
KB AAtATattaTatAATataTAT AUTOMATIC HYPERBOLIC (size := 1532 geowa) opt=-large swap=0 orig=AAtATattaTatAATataTAT
SENTINEL_DONE
== kb2_kbh_04_s0.out
KB AAtAtAATaTatATattaTaT AUTOMATIC HYPERBOLIC (size := 1410 geowa) opt=-large swap=0 orig=AAtAtAATaTatATattaTaT
KB AAtAtATATataTatataaTT AUTOMATIC HYPERBOLIC (size := 1447 geowa) opt=-large swap=0 orig=AAtAtATATataTatataaTT
KB AAtAtATTataTatAtaaTaT AUTOMATIC HYPERBOLIC (size := 1441 geowa) opt=-large swap=0 orig=AAtAtATTataTatAtaaTaT
KB AAtAtATTataTatataaTAT AUTOMATIC HYPERBOLIC (size := 1496 geowa) opt=-large swap=0 orig=AAtAtATTataTatataaTAT
KB AAtAtATTatatATAtaaTaT AUTOMATIC HYPERBOLIC (size := 1427 geowa) opt=-large swap=0 orig=AAtAtATTatatATAtaaTaT
KB AAtAtATTattaTaTattATT AUTGROUP-FAIL(rc=1) orig=AAtAtATTattaTaTattATT
KB AAtAtATTattaTaTattaTT AUTGROUP-FAIL(rc=1) orig=AAtAtATTattaTaTattaTT
KB AAtAtATTattaaTTattATT AUTOMATIC HYPERBOLIC (size := 1497 geowa) opt=-large swap=0 orig=AAtAtATTattaaTTattATT
SENTINEL_DONE
== kb2_kbh_05_s0.out
KB AAtAtaTATataaTattAATT AUTOMATIC HYPERBOLIC (size := 1454 geowa) opt=-large swap=0 orig=AAtAtaTATataaTattAATT
KB AAtAtaTATattAATataTaT AUTOMATIC HYPERBOLIC (size := 1492 geowa) opt=-large swap=0 orig=AAtAtaTATattAATataTaT
KB AAtAtaTATattaTatAATaT AUTOMATIC HYPERBOLIC (size := 1462 geowa) opt=-large swap=0 orig=AAtAtaTATattaTatAATaT
KB AAtAtaTTatATataatAATT AUTOMATIC HYPERBOLIC (size := 1453 geowa) opt=-large swap=0 orig=AAtAtaTTatATataatAATT
KB AAtAtaTTatAtaTaatAATT AUTOMATIC HYPERBOLIC (size := 1397 geowa) opt=-large swap=0 orig=AAtAtaTTatAtaTaatAATT
KB AAtAtaTTattATaTattATT AUTGROUP-FAIL(rc=1) orig=AAtAtaTTattATaTattATT
KB AAtAtaTTattATaTattaTT AUTGROUP-FAIL(rc=1) orig=AAtAtaTTattATaTattaTT
KB AAtAtaTTattaTTatatATT AUTOMATIC HYPERBOLIC (size := 1834 geowa) opt=-large swap=0 orig=AAtAtaTTattaTTatatATT
SENTINEL_DONE
== kb2_kbh_06_s0.out
KB AAtAtaTTattaTaTattATT AUTOMATIC HYPERBOLIC (size := 1677 geowa) opt=-large swap=0 orig=AAtAtaTTattaTaTattATT
KB AAtAtaaTATataTatatATT AUTOMATIC HYPERBOLIC (size := 1489 geowa) opt=-large swap=0 orig=AAtAtaaTATataTatatATT
KB AAtAtaaTTataTatAtATaT AUTOMATIC HYPERBOLIC (size := 1540 geowa) opt=-large swap=0 orig=AAtAtaaTTataTatAtATaT
KB AAtAtaaTTataaTatAtATT AUTOMATIC HYPERBOLIC (size := 1464 geowa) opt=-large swap=0 orig=AAtAtaaTTataaTatAtATT
KB AAtAtaaTTataatATAtATT AUTOMATIC HYPERBOLIC (size := 1419 geowa) opt=-large swap=0 orig=AAtAtaaTTataatATAtATT
KB AAtAtaaTTatatATATataT AUTOMATIC HYPERBOLIC (size := 1503 geowa) opt=-large swap=0 orig=AAtAtaaTTatatATATataT
KB AAtAtaaTTatatATAtATaT AUTOMATIC HYPERBOLIC (size := 1455 geowa) opt=-large swap=0 orig=AAtAtaaTTatatATAtATaT
KB AAtAtaaTTattATTattATT AUTOMATIC HYPERBOLIC (size := 2110 geowa) opt=-large swap=0 orig=AAtAtaaTTattATTattATT
SENTINEL_DONE
== kb2_kbh_07_s0.out
KB AAtaTatAATattaTatAATT AUTOMATIC HYPERBOLIC (size := 1455 geowa) opt=-large swap=0 orig=AAtaTatAATattaTatAATT
KB AAtaTatATattaaTAtATaT AUTOMATIC HYPERBOLIC (size := 1420 geowa) opt=-large swap=0 orig=AAtaTatATattaaTAtATaT
KB AAtaTatAtATAtaaTTataT AUTOMATIC HYPERBOLIC (size := 1437 geowa) opt=-large swap=0 orig=AAtaTatAtATAtaaTTataT
KB AAtaTattaTTattaTAtATT AUTOMATIC HYPERBOLIC (size := 1845 geowa) opt=-large swap=0 orig=AAtaTattaTTattaTAtATT
KB AAtaTattaaTAAtATatATT AUTOMATIC HYPERBOLIC (size := 1567 geowa) opt=-large swap=0 orig=AAtaTattaaTAAtATatATT
KB AAtatATATattaTTattaTT AUTOMATIC HYPERBOLIC (size := 1588 geowa) opt=-large swap=0 orig=AAtatATATattaTTattaTT
KB AAtatATTataTatAAtaaTT AUTOMATIC HYPERBOLIC (size := 1437 geowa) opt=-large swap=0 orig=AAtatATTataTatAAtaaTT
KB AAtatATTatatATAAtaaTT AUTOMATIC HYPERBOLIC (size := 1359 geowa) opt=-large swap=0 orig=AAtatATTatatATAAtaaTT
SENTINEL_DONE
== kb2_kbh_08_s0.out
KB AAtatATTattaTATattATT AUTGROUP-FAIL(rc=1) orig=AAtatATTattaTATattATT
KB AAtatATTattaTATattaTT AUTGROUP-FAIL(rc=1) orig=AAtatATTattaTATattaTT
KB AAtatATTattaaTAAtATaT AUTOMATIC HYPERBOLIC (size := 1421 geowa) opt=-large swap=0 orig=AAtatATTattaaTAAtATaT
KB AAtatATTattaaTTattATT AUTOMATIC HYPERBOLIC (size := 1525 geowa) opt=-large swap=0 orig=AAtatATTattaaTTattATT
KB AAtatATaTatAATattaaTT AUTOMATIC HYPERBOLIC (size := 1431 geowa) opt=-large swap=0 orig=AAtatATaTatAATattaaTT
KB AAttAATTatAtaTTattaTT AUTOMATIC HYPERBOLIC (size := 1445 geowa) opt=-large swap=0 orig=AAttAATTatAtaTTattaTT
KB AAttAATTatataTTattaTT AUTOMATIC HYPERBOLIC (size := 1452 geowa) opt=-large swap=0 orig=AAttAATTatataTTattaTT
KB AAttAATTattaTATattaTT AUTOMATIC HYPERBOLIC (size := 1465 geowa) opt=-large swap=0 orig=AAttAATTattaTATattaTT
SENTINEL_DONE
== kb2_kbh_09_s0.out
KB AAttAATTattaTaTattaTT AUTOMATIC HYPERBOLIC (size := 1451 geowa) opt=-large swap=0 orig=AAttAATTattaTaTattaTT
KB AAttATATattATaTattaTT AUTOMATIC HYPERBOLIC (size := 1397 geowa) opt=-large swap=0 orig=AAttATATattATaTattaTT
KB AAttATTatAtATaTattaTT AUTOMATIC HYPERBOLIC (size := 1478 geowa) opt=-large swap=0 orig=AAttATTatAtATaTattaTT
KB AAttATTatAtaTaTattATT AUTOMATIC HYPERBOLIC (size := 1483 geowa) opt=-large swap=0 orig=AAttATTatAtaTaTattATT
KB AAttATTatAtaTaTattaTT AUTOMATIC HYPERBOLIC (size := 1478 geowa) opt=-large swap=0 orig=AAttATTatAtaTaTattaTT
KB AAttATTataTattaTAtaTT AUTOMATIC HYPERBOLIC (size := 1466 geowa) opt=-large swap=0 orig=AAttATTataTattaTAtaTT
KB AAttATTatataTATattaTT AUTOMATIC HYPERBOLIC (size := 1489 geowa) opt=-large swap=0 orig=AAttATTatataTATattaTT
KB AAttATTattATaTatAtaTT AUTOMATIC HYPERBOLIC (size := 1737 geowa) opt=-large swap=0 orig=AAttATTattATaTatAtaTT
SENTINEL_DONE
== kb2_kbh_10_s0.out
KB AAttATTattaTATatatATT AUTGROUP-FAIL(rc=1) orig=AAttATTattaTATatatATT
KB AAttATTattaTAtaTatATT AUTGROUP-FAIL(rc=1) orig=AAttATTattaTAtaTatATT
KB AAttATTattaTataTAtATT AUTGROUP-FAIL(rc=1) orig=AAttATTattaTataTAtATT
KB AAttATaTatAtaTTattaTT AUTOMATIC HYPERBOLIC (size := 1722 geowa) opt=-large swap=0 orig=AAttATaTatAtaTTattaTT
KB AAttATatATTatATattaTT AUTOMATIC HYPERBOLIC (size := 1673 geowa) opt=-large swap=0 orig=AAttATatATTatATattaTT
KB AAttaTTattATATatataTT AUTGROUP-FAIL(rc=1) orig=AAttaTTattATATatataTT
KB AAttaTTattATAtATataTT AUTGROUP-FAIL(rc=1) orig=AAttaTTattATAtATataTT
KB AAttaTTattATaTatAtaTT AUTGROUP-FAIL(rc=1) orig=AAttaTTattATaTatAtaTT
SENTINEL_DONE
== kb2_kbh_11_s0.out
KB AAttaTTattATatATAtaTT AUTGROUP-FAIL(rc=1) orig=AAttaTTattATatATAtaTT
SENTINEL_DONE
== kb2_kbi_00_s1.out
KB TTaTaTAAtaatAtAtaaTAA AUTGROUP-FAIL(rc=1) orig=AAtAtATTattaTaTattATT
KB TTaTaTAAtaatAtAtaatAA AUTGROUP-FAIL(rc=1) orig=AAtAtATTattaTaTattaTT
KB TTaTatAAtaaTAtAtaaTAA AUTGROUP-FAIL(rc=1) orig=AAtAtaTTattATaTattATT
KB TTaTatAAtaaTAtAtaatAA AUTGROUP-FAIL(rc=1) orig=AAtAtaTTattATaTattaTT
SENTINEL_DONE
== kb2_kbi_01_s1.out
KB TTataTAAtaatATAtaaTAA AUTGROUP-FAIL(rc=1) orig=AAtatATTattaTATattATT
KB TTataTAAtaatATAtaatAA AUTGROUP-FAIL(rc=1) orig=AAtatATTattaTATattaTT
KB TTatatAAtaaTATAtaatAA AUTGROUP-FAIL(rc=1) orig=AAtataTTattATATattaTT
KB TTaaTAAtaatATAtataTAA AUTGROUP-FAIL(rc=1) orig=AAttATTattaTATatatATT
SENTINEL_DONE
== kb2_kbi_02_s1.out
KB TTaaTAAtaatATatAtaTAA AUTGROUP-FAIL(rc=1) orig=AAttATTattaTAtaTatATT
KB TTaaTAAtaatAtatATaTAA AUTGROUP-FAIL(rc=1) orig=AAttATTattaTataTAtATT
KB TTaatAAtaaTATAtatatAA AUTGROUP-FAIL(rc=1) orig=AAttaTTattATATatataTT
KB TTaatAAtaaTATaTAtatAA AUTGROUP-FAIL(rc=1) orig=AAttaTTattATAtATataTT
SENTINEL_DONE
== kb2_kbi_03_s1.out
KB TTaatAAtaaTAtAtaTatAA AUTGROUP-FAIL(rc=1) orig=AAttaTTattATaTatAtaTT
KB TTaatAAtaaTAtaTATatAA AUTGROUP-FAIL(rc=1) orig=AAttaTTattATatATAtaTT
SENTINEL_DONE
== kb2_kbj_00_s0.out
KB AAtAtATTattaTaTattATT AUTOMATIC HYPERBOLIC (size := 3114 geowa) opt=-large swap=0 mwd=8192 orig=AAtAtATTattaTaTattATT
KB AAtAtATTattaTaTattaTT AUTOMATIC HYPERBOLIC (size := 2774 geowa) opt=-large swap=0 mwd=8192 orig=AAtAtATTattaTaTattaTT
KB AAtAtaTTattATaTattATT AUTOMATIC HYPERBOLIC (size := 2699 geowa) opt=-large swap=0 mwd=8192 orig=AAtAtaTTattATaTattATT
KB AAtAtaTTattATaTattaTT AUTOMATIC HYPERBOLIC (size := 2742 geowa) opt=-large swap=0 mwd=8192 orig=AAtAtaTTattATaTattaTT
SENTINEL_DONE
== kb2_kbj_01_s0.out
KB AAtatATTattaTATattATT AUTOMATIC HYPERBOLIC (size := 3229 geowa) opt=-large swap=0 mwd=8192 orig=AAtatATTattaTATattATT
KB AAtatATTattaTATattaTT AUTOMATIC HYPERBOLIC (size := 2836 geowa) opt=-large swap=0 mwd=8192 orig=AAtatATTattaTATattaTT
KB AAtataTTattATATattaTT AUTOMATIC HYPERBOLIC (size := 2755 geowa) opt=-large swap=0 mwd=8192 orig=AAtataTTattATATattaTT
KB AAttATTattaTATatatATT AUTOMATIC HYPERBOLIC (size := 2181 geowa) opt=-large swap=0 mwd=8192 orig=AAttATTattaTATatatATT
SENTINEL_DONE
== kb2_kbj_02_s0.out
KB AAttATTattaTAtaTatATT AUTOMATIC HYPERBOLIC (size := 1916 geowa) opt=-large swap=0 mwd=8192 orig=AAttATTattaTAtaTatATT
KB AAttATTattaTataTAtATT AUTOMATIC HYPERBOLIC (size := 1902 geowa) opt=-large swap=0 mwd=8192 orig=AAttATTattaTataTAtATT
KB AAttaTTattATAtATataTT AUTOMATIC HYPERBOLIC (size := 1940 geowa) opt=-large swap=0 mwd=8192 orig=AAttaTTattATAtATataTT
KB AAttaTTattATaTatAtaTT AUTOMATIC HYPERBOLIC (size := 2202 geowa) opt=-large swap=0 mwd=8192 orig=AAttaTTattATaTatAtaTT
SENTINEL_DONE
== kb2_kbj_03_s0.out
KB AAttaTTattATatATAtaTT AUTOMATIC HYPERBOLIC (size := 1900 geowa) opt=-large swap=0 mwd=8192 orig=AAttaTTattATatATAtaTT
SENTINEL_DONE
== kb2_kbj_t1_s0.out
KB AAttaTTattATATatataTT AUTOMATIC HYPERBOLIC (size := 2267 geowa) opt=-large swap=0 mwd=8192 orig=AAttaTTattATATatataTT
SENTINEL_DONE
