== 193 H
f 3 X [0, 1, 2]
0 [(0, 0), (1, 0), (2, 3)]
1 [(0, 3), (1, 3), (2, 0)]
2 [(0, 2), (2, 2), (1, 2)]
3 [(1, 1), (0, 1), (2, 1)]
1 6
2 1296
3 3265173504
4 6527096942794792025311936512
== 281 V
f 3 X [0, 1, 2]
0 [(0, 1), (1, 1), (2, 1)]
1 [(0, 0), (2, 2), (1, 2)]
2 [(0, 2), (2, 0), (1, 0)]
3 [(1, 3), (0, 3), (2, 3)]
1 6
2 324
3 8748
4 236196
== 281 H
f 3 X [0, 1, 2]
0 [(0, 1), (1, 1), (2, 1)]
1 [(0, 0), (2, 2), (1, 2)]
2 [(0, 2), (2, 0), (1, 0)]
3 [(1, 3), (0, 3), (2, 3)]
1 6
2 324
3 8748
4 236196
== 332 V
f 3 X [0, 1, 2]
0 [(0, 1), (1, 1), (2, 1)]
1 [(0, 2), (2, 0), (1, 0)]
2 [(0, 0), (2, 2), (1, 2)]
3 [(1, 3), (0, 3), (2, 3)]
1 6
2 324
3 12754584
4 133417453597332552
== 332 H
f 3 X [0, 1, 2]
0 [(0, 1), (2, 1), (1, 1)]
1 [(0, 0), (1, 2), (2, 2)]
2 [(0, 2), (1, 0), (2, 0)]
3 [(1, 3), (0, 3), (2, 3)]
1 6
2 1296
3 1632586752
4 3263548471397396012655968256
