attempt 1: base 83ff567eb6
  NEW       attic/sweep-2026-09-12/GroupApproximation/CharClass/OddPProductConcat.lean.txt
  NEW       attic/sweep-2026-09-12/GroupApproximation/CharClass/OddPTopPowerAWChain.lean.txt
  NEW       attic/sweep-2026-09-12/GroupApproximation/GGT/HullSCLemma51LetterPullbackShortcut.lean.txt
  NEW       attic/sweep-2026-09-12/GroupApproximation/GGT/HullSCLemma51LetterPullbackShortcutArcs.lean.txt
  NEW       attic/sweep-2026-09-12/GroupApproximation/GGT/SystolicDiscZipFold.lean.txt
  NEW       attic/sweep-2026-09-12/GroupApproximation/GGT/SystolicProjectionClique.lean.txt
  NEW       attic/sweep-2026-09-12/GroupApproximation/GroupTheory/HydeLodha/QTwoLemmaFourSixGenerators.lean.txt
  NEW       attic/sweep-2026-09-12/GroupApproximation/Kazhdan/GHWCharP.lean.txt
  NEW       attic/sweep-2026-09-12/GroupApproximation/Kazhdan/GHWEntries.lean.txt
  NEW       attic/sweep-2026-09-12/GroupApproximation/Kazhdan/KotowskiOllivierLeaves.lean.txt
  NEW       attic/sweep-2026-09-12/GroupApproximation/Manuscript/NonMF/TorsionFreeKOLeaves.lean.txt
  NEW       attic/sweep-2026-09-12/GroupApproximation/Manuscript/NonMFSentences/KorchaginDirectLimit.lean.txt
  NEW       attic/sweep-2026-09-12/GroupApproximation/Manuscript/NonMFSentences/KorchaginDyadicV.lean.txt
  NEW       attic/sweep-2026-09-12/GroupApproximation/Manuscript/NonMFSentences/KorchaginFullSequenceLiteral.lean.txt
  NEW       attic/sweep-2026-09-12/GroupApproximation/Manuscript/NonMFSentences/KorchaginShiftKernelMF.lean.txt
  NEW       attic/sweep-2026-09-12/README.md
  NEW       experiments/hyperbolic-random-models/lowindex_density_even.g
  NEW       experiments/kaplansky_prefix_exterior_obstruction.py
  NEW       attic/sweep-2026-09-12/metadata/nm-census-rows/hull-count94.tsv
  NEW       attic/sweep-2026-09-12/metadata/nm-census-rows/lix-descent.tsv
  NEW       notes/GOTTSCHALK_IID_CHOI_DUALITY_2026-09-12.md
  NEW       notes/gottschalk-positive-lean-witness-gap-2026-09-12.md
  NEW       notes/lix-strong-swarm/lx-additive.md
  NEW       notes/lix-strong-swarm/tools/review_evenops_model.py
  NEW       attic/sweep-2026-09-12/notes/nm-swarm/landed.log
  NEW       attic/sweep-2026-09-12/notes/nm-swarm/lanes/census2.files
  NEW       attic/sweep-2026-09-12/notes/nm-swarm/lanes/cite-ejz.files
  NEW       attic/sweep-2026-09-12/notes/nm-swarm/lanes/cite-hull.files
  NEW       attic/sweep-2026-09-12/notes/nm-swarm/lanes/cite-kazhdan.files
  NEW       attic/sweep-2026-09-12/notes/nm-swarm/lanes/cite-osin.files
  NEW       attic/sweep-2026-09-12/notes/nm-swarm/lanes/cite-sofic.files
  NEW       attic/sweep-2026-09-12/notes/nm-swarm/lanes/dgo-analytic.files
  NEW       attic/sweep-2026-09-12/notes/nm-swarm/lanes/fff-quotient.files
  NEW       attic/sweep-2026-09-12/notes/nm-swarm/lanes/ghw-charp2.files
  NEW       attic/sweep-2026-09-12/notes/nm-swarm/lanes/go-lemma42.files
  NEW       attic/sweep-2026-09-12/notes/nm-swarm/lanes/hl-lemma46b.files
  NEW       attic/sweep-2026-09-12/notes/nm-swarm/lanes/hull-count94.files
  NEW       attic/sweep-2026-09-12/notes/nm-swarm/lanes/hull-euler.files
  NEW       attic/sweep-2026-09-12/notes/nm-swarm/lanes/jacobson.files
  NEW       attic/sweep-2026-09-12/notes/nm-swarm/lanes/kh-ejz.files
  NEW       attic/sweep-2026-09-12/notes/nm-swarm/lanes/ko-closed.files
  NEW       attic/sweep-2026-09-12/notes/nm-swarm/lanes/leavitt-ge.files
  NEW       attic/sweep-2026-09-12/notes/nm-swarm/lanes/leavitt-units.files
  NEW       attic/sweep-2026-09-12/notes/nm-swarm/lanes/sec4-sentences.files
  NEW       attic/sweep-2026-09-12/notes/nm-swarm/lanes/sec5-sentences.files
  NEW       attic/sweep-2026-09-12/notes/nm-swarm/lanes/simple-group.files
  NEW       attic/sweep-2026-09-12/notes/nm-swarm/reports/leavitt-ge.md
  NEW       attic/sweep-2026-09-12/notes/nm-swarm/wire-queue.txt
  NEW       research/artifacts/fpbs/binary-descent-entropy-tail-replay-2026-09-12.json
  NEW       research/artifacts/hyperbolic-finite-simple-spectrum-construction-2026-09-12.md
  NEW       research/artifacts/hyperbolic-image-compression-kernel-2026-09-12.md
  NEW       research/artifacts/hyperbolic-mf-kazhdan-direct-attack-2026-09-12.md
  NEW       research/artifacts/kms-hc1-marked-root-kernel-candidate-2026-09-12.md
  NEW       research/artifacts/parallel-frontier-upstream-validation-2026-09-12.json
  MERGED    research/artifacts/rips-central-pullback-finite-image-centers-2026-09-12.md (onto origin blob 1d2e3b8da9)
  NEW       research/artifacts/unique-games-finite-density-moments-2026-09-12.md
  NEW       research/artifacts/unique-games-finite-density-moments-replay-2026-09-12.json
  NEW       research/artifacts/validate-parallel-frontier-2026-09-12.py
  NEW       research/artifacts/verify-ugc-finite-density-moments.py
  NEW       research/central-prime-free-hyperbolic-from-h31.md
  NEW       research/finite-density-moment-tail-proof.md
  NEW       research/finite-density-moments-control-noisy-tails.md
  NEW       research/finite-moment-hardness-from-smooth-design.md
  NEW       research/finite-moment-pairing-2to1-hardness.md
  NEW       attic/sweep-2026-09-12/research/formalizable-binary-pairs-over-biorderable-groups-are-affine.md
  MERGED    research/fpbs-gap-survives-product-generator-moves.md (onto origin blob c94d39e0f4)
  NEW       research/fpbs-large-margin-generating-sets-exist-proof.md
  NEW       research/fpbs-large-margin-generating-sets-exist.md
  NEW       research/fpbs-spectral-margin-product-move-proof.md
  NEW       research/fpbs-spectral-margin-survives-product-generator-moves.md
  NEW       research/fpbs-thom-small-spectral-radius-generating-sets-citation.md
  NEW       research/fpbs-thom-small-spectral-radius-generating-sets.md
  NEW       research/h31-finite-quotients-have-no-seven-schur-class.md
  NEW       research/h31-seven-central-image-criterion-proof.md
  NEW       research/h31-seven-central-image-criterion.md
  NEW       research/kms-hc1-finite-images-kill-reflected-root-word.md
  NEW       research/kms-hc1-reflected-root-word-is-nontrivial-proof.md
  NEW       research/kms-hc1-reflected-root-word-is-nontrivial.md
  NEW       research/nested-finite-subgroup-idempotents-odd-intersection-are-finite.md
  NEW       research/non-rf-hyperbolic-via-kms-reflected-root-word.md
  NEW       attic/sweep-2026-09-12/research/numeric-window-relations-do-not-force-balance-proof.md
  NEW       attic/sweep-2026-09-12/research/ugc-from-finite-moment-pairing-hardness.md
  MERGED    research/zpc-frozen-equation-menu-has-positive-orbitwise-class.md (onto origin blob 369f3c3d32)
  NEW       attic/sweep-2026-09-12/tools/nm-swarm/nmwire.sh
  NEW       attic/sweep-2026-09-12/tools/nm-swarm/remote/wirejob.template.sh
  NEW       attic/sweep-2026-09-12/wip/bowen-chapman/GroupApproximation/KunThom/FixedPointNormalizationBisection.lean.txt
  NEW       attic/sweep-2026-09-12/wip/bowen-chapman/GroupApproximation/KunThom/FixedPointNormalizationComparison.lean.txt
  WARN research/nested-finite-subgroup-idempotents-odd-intersection-are-finite.md: claim has no route into it and no '## Attempts' section (cairn check --changed errors on that)
DRYRUN: would push e30959ef61 changing: attic/sweep-2026-09-12/GroupApproximation/CharClass/OddPProductConcat.lean.txt attic/sweep-2026-09-12/GroupApproximation/CharClass/OddPTopPowerAWChain.lean.txt attic/sweep-2026-09-12/GroupApproximation/GGT/HullSCLemma51LetterPullbackShortcut.lean.txt attic/sweep-2026-09-12/GroupApproximation/GGT/HullSCLemma51LetterPullbackShortcutArcs.lean.txt attic/sweep-2026-09-12/GroupApproximation/GGT/SystolicDiscZipFold.lean.txt attic/sweep-2026-09-12/GroupApproximation/GGT/SystolicProjectionClique.lean.txt attic/sweep-2026-09-12/GroupApproximation/GroupTheory/HydeLodha/QTwoLemmaFourSixGenerators.lean.txt attic/sweep-2026-09-12/GroupApproximation/Kazhdan/GHWCharP.lean.txt attic/sweep-2026-09-12/GroupApproximation/Kazhdan/GHWEntries.lean.txt attic/sweep-2026-09-12/GroupApproximation/Kazhdan/KotowskiOllivierLeaves.lean.txt attic/sweep-2026-09-12/GroupApproximation/Manuscript/NonMF/TorsionFreeKOLeaves.lean.txt attic/sweep-2026-09-12/GroupApproximation/Manuscript/NonMFSentences/KorchaginDirectLimit.lean.txt attic/sweep-2026-09-12/GroupApproximation/Manuscript/NonMFSentences/KorchaginDyadicV.lean.txt attic/sweep-2026-09-12/GroupApproximation/Manuscript/NonMFSentences/KorchaginFullSequenceLiteral.lean.txt attic/sweep-2026-09-12/GroupApproximation/Manuscript/NonMFSentences/KorchaginShiftKernelMF.lean.txt attic/sweep-2026-09-12/metadata/nm-census-rows/hull-count94.tsv attic/sweep-2026-09-12/metadata/nm-census-rows/lix-descent.tsv attic/sweep-2026-09-12/notes/nm-swarm/landed.log attic/sweep-2026-09-12/notes/nm-swarm/lanes/census2.files attic/sweep-2026-09-12/notes/nm-swarm/lanes/cite-ejz.files attic/sweep-2026-09-12/notes/nm-swarm/lanes/cite-hull.files attic/sweep-2026-09-12/notes/nm-swarm/lanes/cite-kazhdan.files attic/sweep-2026-09-12/notes/nm-swarm/lanes/cite-osin.files attic/sweep-2026-09-12/notes/nm-swarm/lanes/cite-sofic.files attic/sweep-2026-09-12/notes/nm-swarm/lanes/dgo-analytic.files attic/sweep-2026-09-12/notes/nm-swarm/lanes/fff-quotient.files attic/sweep-2026-09-12/notes/nm-swarm/lanes/ghw-charp2.files attic/sweep-2026-09-12/notes/nm-swarm/lanes/go-lemma42.files attic/sweep-2026-09-12/notes/nm-swarm/lanes/hl-lemma46b.files attic/sweep-2026-09-12/notes/nm-swarm/lanes/hull-count94.files attic/sweep-2026-09-12/notes/nm-swarm/lanes/hull-euler.files attic/sweep-2026-09-12/notes/nm-swarm/lanes/jacobson.files attic/sweep-2026-09-12/notes/nm-swarm/lanes/kh-ejz.files attic/sweep-2026-09-12/notes/nm-swarm/lanes/ko-closed.files attic/sweep-2026-09-12/notes/nm-swarm/lanes/leavitt-ge.files attic/sweep-2026-09-12/notes/nm-swarm/lanes/leavitt-units.files attic/sweep-2026-09-12/notes/nm-swarm/lanes/sec4-sentences.files attic/sweep-2026-09-12/notes/nm-swarm/lanes/sec5-sentences.files attic/sweep-2026-09-12/notes/nm-swarm/lanes/simple-group.files attic/sweep-2026-09-12/notes/nm-swarm/reports/leavitt-ge.md attic/sweep-2026-09-12/notes/nm-swarm/wire-queue.txt attic/sweep-2026-09-12/README.md attic/sweep-2026-09-12/research/formalizable-binary-pairs-over-biorderable-groups-are-affine.md attic/sweep-2026-09-12/research/numeric-window-relations-do-not-force-balance-proof.md attic/sweep-2026-09-12/research/ugc-from-finite-moment-pairing-hardness.md attic/sweep-2026-09-12/tools/nm-swarm/nmwire.sh attic/sweep-2026-09-12/tools/nm-swarm/remote/wirejob.template.sh attic/sweep-2026-09-12/wip/bowen-chapman/GroupApproximation/KunThom/FixedPointNormalizationBisection.lean.txt attic/sweep-2026-09-12/wip/bowen-chapman/GroupApproximation/KunThom/FixedPointNormalizationComparison.lean.txt experiments/hyperbolic-random-models/lowindex_density_even.g experiments/kaplansky_prefix_exterior_obstruction.py notes/GOTTSCHALK_IID_CHOI_DUALITY_2026-09-12.md notes/gottschalk-positive-lean-witness-gap-2026-09-12.md notes/lix-strong-swarm/lx-additive.md notes/lix-strong-swarm/tools/review_evenops_model.py research/artifacts/fpbs/binary-descent-entropy-tail-replay-2026-09-12.json research/artifacts/hyperbolic-finite-simple-spectrum-construction-2026-09-12.md research/artifacts/hyperbolic-image-compression-kernel-2026-09-12.md research/artifacts/hyperbolic-mf-kazhdan-direct-attack-2026-09-12.md research/artifacts/kms-hc1-marked-root-kernel-candidate-2026-09-12.md research/artifacts/parallel-frontier-upstream-validation-2026-09-12.json research/artifacts/rips-central-pullback-finite-image-centers-2026-09-12.md research/artifacts/unique-games-finite-density-moments-2026-09-12.md research/artifacts/unique-games-finite-density-moments-replay-2026-09-12.json research/artifacts/validate-parallel-frontier-2026-09-12.py research/artifacts/verify-ugc-finite-density-moments.py research/central-prime-free-hyperbolic-from-h31.md research/finite-density-moment-tail-proof.md research/finite-density-moments-control-noisy-tails.md research/finite-moment-hardness-from-smooth-design.md research/finite-moment-pairing-2to1-hardness.md research/fpbs-gap-survives-product-generator-moves.md research/fpbs-large-margin-generating-sets-exist-proof.md research/fpbs-large-margin-generating-sets-exist.md research/fpbs-spectral-margin-product-move-proof.md research/fpbs-spectral-margin-survives-product-generator-moves.md research/fpbs-thom-small-spectral-radius-generating-sets-citation.md research/fpbs-thom-small-spectral-radius-generating-sets.md research/h31-finite-quotients-have-no-seven-schur-class.md research/h31-seven-central-image-criterion-proof.md research/h31-seven-central-image-criterion.md research/kms-hc1-finite-images-kill-reflected-root-word.md research/kms-hc1-reflected-root-word-is-nontrivial-proof.md research/kms-hc1-reflected-root-word-is-nontrivial.md research/nested-finite-subgroup-idempotents-odd-intersection-are-finite.md research/non-rf-hyperbolic-via-kms-reflected-root-word.md research/zpc-frozen-equation-menu-has-positive-orbitwise-class.md 
Sweep uncommitted work from the shared checkout onto main

 .../CharClass/OddPProductConcat.lean.txt           | 675 ++++++++++++++
 .../CharClass/OddPTopPowerAWChain.lean.txt         | 371 ++++++++
 .../HullSCLemma51LetterPullbackShortcut.lean.txt   |  59 ++
 ...ullSCLemma51LetterPullbackShortcutArcs.lean.txt | 543 +++++++++++
 .../GGT/SystolicDiscZipFold.lean.txt               | 276 ++++++
 .../GGT/SystolicProjectionClique.lean.txt          | 296 ++++++
 .../HydeLodha/QTwoLemmaFourSixGenerators.lean.txt  | 257 ++++++
 .../GroupApproximation/Kazhdan/GHWCharP.lean.txt   | 315 +++++++
 .../GroupApproximation/Kazhdan/GHWEntries.lean.txt | 174 ++++
 .../Kazhdan/KotowskiOllivierLeaves.lean.txt        | 187 ++++
 .../Manuscript/NonMF/TorsionFreeKOLeaves.lean.txt  | 150 ++++
 .../NonMFSentences/KorchaginDirectLimit.lean.txt   | 270 ++++++
 .../NonMFSentences/KorchaginDyadicV.lean.txt       |  46 +
 .../KorchaginFullSequenceLiteral.lean.txt          | 353 ++++++++
 .../NonMFSentences/KorchaginShiftKernelMF.lean.txt | 112 +++
 attic/sweep-2026-09-12/README.md                   |  24 +
 .../metadata/nm-census-rows/hull-count94.tsv       |   1 +
 .../metadata/nm-census-rows/lix-descent.tsv        |   1 +
