characteristic 2
rows_vanishing_in_characteristic 24
two_letter_star_kinds ["st3"]
one_letter_star_kinds ["reverse", "st3"]
one_letter_increment_histogram {"1": 20, "4": 48, "5": 32}
first_one_letter_star_above_two {"common_mode_survives": true, "desired_columns": 5, "quotient_increment": 4, "rank_nuisance": 1, "rank_total": 5, "rhs": "mono:13(e)", "star_entries": [3182, 3186, 3356, 3360, 3425], "star_kinds": ["st3"]}
packet_word_list_sha256 "9e751115287b18fbe847309379d2710ffa0b1466c836d32ff4ec24446e6c2b99"
entry_census {"inv": 24, "orth": 2980, "reverse": 12, "root": 200, "st3": 1432}
projected_equations 1448
equation_list_sha256 "46558e0bd4e476368359cb85a29fef002bd37ad1fdec3f625c14ba6bf5e648bb"
equation_histogram {"reverse:terms=2:sum=0": 16, "st3:terms=2:sum=0": 1432}
two_letter_star_count 320
two_letter_max_increment 2
two_letter_star_sizes [3]
two_letter_common_mode_all_survive true
one_letter_star_count 100
one_letter_max_increment 5
one_letter_common_mode_all_survive true
validation {"entries_3261_3262": [2, 2, 0, true], "star_3261_3336_3409": [3, 1, 2, true]}
rows_with_nonzero_coefficient_sum 0
DONE
