eq0_states=93
eq4_states=103
cached_intervals=1548
combined_coordinate_states=446
abstract_presentations=63
carrier=61 words=68 states=10
carrier=62 words=136 states=21
carrier=63 words=212 states=62
carrier=64 words=288 states=74
carrier=65 words=364 states=74
carrier=66 words=440 states=83
carrier=67 words=508 states=88
carrier=68 words=584 states=110
carrier=69 words=652 states=111
carrier=70 words=728 states=115
distinct_augmented_words=728
boundary_states=115
nonempty_q=23
free_nonempty_q=0
direct_killed_q=7
power_killed_q=16
saturation_killed_q=0
involution_killed_q=0
unresolved_q=0
