From github.com:SauersML/nonsofic_existence
 * branch                main       -> FETCH_HEAD
   7ec4bfa1c..8354d718d  main       -> origin/main
error: Your local changes to the following files would be overwritten by merge:
	.github/workflows/build-non-mf-pdf.yml
	.github/workflows/build-property-tt-pdf.yml
	.github/workflows/cairn-site.yml
	.github/workflows/draft-non-mf-pdf.yml
	.github/workflows/prover.yml
	.github/workflows/verified-promote.yml
	.gitignore
	CITATION.cff
	GroupApproximation.lean
	GroupApproximation/Analysis/MaximalCStarKazhdanAverage.lean
	GroupApproximation/Analysis/NormMatrixCorona.lean
	GroupApproximation/Analysis/NormMatrixCoronaUnitary.lean
	GroupApproximation/Analysis/QuasiRegularWitness.lean
	GroupApproximation/Computability/MarkovMFConsequences.lean
	GroupApproximation/Criterion/CompressionCentralizerDefect.lean
	GroupApproximation/Endpoint/Audit.lean
	GroupApproximation/Endpoint/ChosenNonMFAudit.lean
	GroupApproximation/Endpoint/Public.lean
	GroupApproximation/Monsters/P13ColumnLift.lean
	GroupApproximation/Monsters/P13Completeness.lean
	GroupApproximation/Monsters/P13DescentCases.lean
	GroupApproximation/Monsters/P13DescentCore.lean
	GroupApproximation/Monsters/P13DescentMaster.lean
	GroupApproximation/Monsters/P13WordDescent.lean
	GroupApproximation/Sofic/BlockCliffordLamp.lean
	GroupApproximation/Sofic/ChosenMarkedPresentation.lean
	GroupApproximation/Sofic/CompressionDefectSquare.lean
	GroupApproximation/Sofic/FiniteNormalCompressionObstruction.lean
	GroupApproximation/Sofic/FreeProductSignReflection.lean
	GroupApproximation/Sofic/IntertwinerKazhdanTransport.lean
	GroupApproximation/Sofic/InvolutionCollapseCenter.lean
	GroupApproximation/Sofic/InvolutionCollapseCocycle.lean
	GroupApproximation/Sofic/InvolutionCollapseEndpoint.lean
	GroupApproximation/Sofic/InvolutionCollapseEndpointPrep.lean
	GroupApproximation/Sofic/InvolutionOrbitMicrostates.lean
	GroupApproximation/Sofic/InvolutionRankMass.lean
	GroupApproximation/Sofic/KazhdanAsymptoticCommutant.lean
	GroupApproximation/Sofic/KazhdanCliffordConstruction.lean
	GroupApproximation/Sofic/KazhdanSignCriterion.lean
	GroupApproximation/Sofic/LiteralBaseP13PropertyTBridge.lean
	GroupApproximation/Sofic/LiteralBaseP13RotationQuotient.lean
	GroupApproximation/Sofic/LiteralBasePropertyTBridge.lean
	GroupApproximation/Sofic/LiteralNonMFEndpoint.lean
	GroupApproximation/Sofic/LiteralP13HodgeResidual00Part0.lean
	GroupApproximation/Sofic/LiteralP13HodgeResidual00Part1.lean
	GroupApproximation/Sofic/LiteralP13HodgeResidual00Part2.lean
	GroupApproximation/Sofic/LiteralP13HodgeResidual00Part3.lean
	GroupApproximation/Sofic/LiteralP13HodgeResidual01Part0.lean
	GroupApproximation/Sofic/LiteralP13HodgeResidual01Part1.lean
	GroupApproximation/Sofic/LiteralP13HodgeResidual01Part2.lean
	GroupApproximation/Sofic/LiteralP13HodgeResidual01Part3.lean
	GroupApproximation/Sofic/LiteralP13HodgeResidual02Part0.lean
	GroupApproximation/Sofic/LiteralP13HodgeResidual02Part1.lean
	GroupApproximation/Sofic/LiteralP13HodgeResidual02Part2.lean
	GroupApproximation/Sofic/LiteralP13HodgeResidual02Part3.lean
	GroupApproximation/Sofic/LiteralP13HodgeResidual03Part0.lean
	GroupApproximation/Sofic/LiteralP13HodgeResidual03Part1.lean
	GroupApproximation/Sofic/LiteralP13HodgeResidual03Part2.lean
	GroupApproximation/Sofic/LiteralP13HodgeResidual03Part3.lean
	GroupApproximation/Sofic/LiteralP13HodgeResidual04Part0.lean
	GroupApproximation/Sofic/LiteralP13HodgeResidual04Part1.lean
	GroupApproximation/Sofic/LiteralP13HodgeResidual04Part2.lean
	GroupApproximation/Sofic/LiteralP13HodgeResidual04Part3.lean
	GroupApproximation/Sofic/LiteralP13HodgeResidual05Part0.lean
	GroupApproximation/Sofic/LiteralP13HodgeResidual05Part1.lean
	GroupApproximation/Sofic/LiteralP13HodgeResidual05Part2.lean
	GroupApproximation/Sofic/LiteralP13HodgeResidual05Part3.lean
	GroupApproximation/Sofic/LiteralP13HodgeResidual10Part0.lean
	GroupApproximation/Sofic/LiteralP13HodgeResidual10Part1.lean
	GroupApproximation/Sofic/LiteralP13HodgeResidual10Part2.lean
	GroupApproximation/Sofic/LiteralP13HodgeResidual10Part3.lean
	GroupApproximation/Sofic/LiteralP13HodgeResidual11Part0.lean
	GroupApproximation/Sofic/LiteralP13HodgeResidual11Part1.lean
	GroupApproxi
error: Your local changes to the following files would be overwritten by merge:
	GroupApproximation/Analysis/ProperIsometryFromCompression.lean
	GroupApproximation/Criterion/ExactCompression.lean
	GroupApproximation/Criterion/FiniteQuotientBlindness.lean
	GroupApproximation/Domination/Audit.lean
	GroupApproximation/Endpoint/ManuscriptStatements.lean
	GroupApproximation/Kazhdan/ShalomFinitePresentation.lean
	GroupApproximation/Leavitt/UniversalPropertyT.lean
	GroupApproximation/PropertyT/FiniteTypeCharacteristicTwoPropertyT.lean
	GroupApproximation/PropertyT/FreeRootCharacterValuation.lean
	GroupApproximation/PropertyT/FreeRootCharacterValuationBase.lean
	GroupApproximation/PropertyTT/NonsoficCorollary.lean
	GroupApproximation/Sofic/CommutantPinning.lean
	GroupApproximation/Sofic/ExplicitNonMFBase.lean
	GroupApproximation/Sofic/FreeLampRigidity.lean
	GroupApproximation/Sofic/HyperlinearAmplification.lean
	GroupApproximation/Sofic/IntrinsicCompressionDefect.lean
	GroupApproximation/Sofic/KazhdanCompressionCore.lean
	GroupApproximation/Sofic/MarkedCompressionRootCapture.lean
	GroupApproximation/Sofic/MarkedMFClosed.lean
	GroupApproximation/Sofic/NegativeCornerModel.lean
	GroupApproximation/Sofic/NormMFConsequences.lean
	GroupApproximation/Sofic/NormTraceGap.lean
	GroupApproximation/Sofic/PhasePropagation.lean
	docs/CLAIM_DECLS.txt
	docs/PROPERTY_TT_CLAIM_MAP.md
	docs/PROPERTY_TT_PROVENANCE.md
	experiments/atlas_clifford_window_search.py
	experiments/atlas_kernel_collision_results.md
	experiments/atlas_one_involution_results.md
	experiments/atlas_schur_multiplier_validation_results.md
	experiments/atlas_self_similarity_multirelator_results.md
	experiments/integral_carry_exact_repair_formula.sage
	experiments/sl3_carry_results.md
	experiments/sl3_projective_carry_results.md
	experiments/sl3_projective_harmonic_modular.py
	experiments/split_clock_relative_h2_k1_results.md
	experiments/split_clock_schur_k1_results.md
	experiments/wild_fixed_coset_search.py
	lakefile.toml
	official/counterexample.tex
	official/reasoning.tex
Please commit your changes or stash them before you merge.
error: The following untracked working tree files would be overwritten by merge:
	GroupApproximation/Algebra/AbelianLampPushforward.lean
	GroupApproximation/Algebra/AbelianLampTelescopeKernel.lean
	GroupApproximation/Algebra/AlternatingBoundedNormalGeneration.lean
	GroupApproximation/Algebra/AlternatingDoubledTransport.lean
	GroupApproximation/Algebra/AlternatingLampNoncommensurable.lean
	GroupApproximation/Algebra/AlternatingPairGeneration.lean
	GroupApproximation/Algebra/Amenable.lean
	GroupApproximation/Algebra/AmenableConstructions.lean
	GroupApproximation/Algebra/AmenableInt.lean
	GroupApproximation/Algebra/AmenableLocallyFiniteByInt.lean
	GroupApproximation/Algebra/AmenableMFProof.lean
	GroupApproximation/Algebra/AmenableMean.lean
	GroupApproximation/Algebra/AmenableRat.lean
	GroupApproximation/Algebra/CongruenceTorsionFree.lean
	GroupApproximation/Algebra/CoprodIAltWord.lean
	GroupApproximation/Algebra/CoprodICyclicReduction.lean
	GroupApproximation/Algebra/CoprodIFinitePresentation.lean
	GroupApproximation/Algebra/CoprodIPresentation.lean
	GroupApproximation/Algebra/CoprodITorsionFree.lean
	GroupApproximation/Algebra/CoprodIWordInverse.lean
	GroupApproximation/Algebra/CoprodIWordLength.lean
	GroupApproximation/Algebra/CoweightCoinvariants.lean
	GroupApproximation/Algebra/DiagonalCosetAction.lean
	GroupApproximation/Algebra/DyadicRationals.lean
	GroupApproximation/Algebra/FiniteIndexQuasiIsometry.lean
	GroupApproximation/Algebra/FiniteIndexTransversal.lean
	GroupApproximation/Algebra/FinitePresentationFiniteIndex.lean
	GroupApproximation/Algebra/FinitePresentationKernel.lean
	GroupApproximation/Algebra/FinitePresentationTietze.lean
	GroupApproximation/Algebra/FiniteResidual.lean
	GroupApproximation/Algebra/FiniteResidualCommensurability.lean
	GroupApproximation/Algebra/FiniteTypeField.lean
	GroupApproximation/Algebra/FreeGroupFiniteRank.lean
	GroupApproximation/Algebra/FreePermutationalPrecursor.lean
	GroupApproximation/Algebra/FreePrecursorPresentation.lean
	GroupApproximation/Algebra/FreePrecursorUniversal.lean
	GroupApproximation/Algebra/FreeProductConjugacy.lean
	GroupApproximation/Algebra/FreeProductCyclicWord.lean
	GroupApproximation/Algebra/FreeProductFactorQuotient.lean
	GroupApproximation/Algebra/FreeProductOrder.lean
	GroupApproximation/Algebra/GraphProduct.lean
	GroupApproximation/Algebra/GraphProductAction.lean
	GroupApproximation/Algebra/GroupRingStar.lean
	GroupApproximation/Algebra/HNNBridgeAmbient.lean
	GroupApproximation/Algebra/HNNBridgeFamily.lean
	GroupApproximation/Algebra/HNNBridgeFreeness.lean
	GroupApproximation/Algebra/HNNBridgeTorsionFree.lean
	GroupApproximation/Algebra/HNNCongr.lean
	GroupApproximation/Algebra/HNNFinitePresentation.lean
	GroupApproximation/Algebra/HNNPresentation.lean
	GroupApproximation/Algebra/HNNRetraction.lean
	GroupApproximation/Algebra/HNNTorsionFree.lean
	GroupApproximation/Algebra/HNNTrivialAssociated.lean
	GroupApproximation/Algebra/HyperbolicFreeGroup.lean
	GroupApproximation/Algebra/HyperbolicGroup.lean
	GroupApproximation/Algebra/HyperbolicInteger.lean
	GroupApproximation/Algebra/HyperbolicQuasiIsometry.lean
	GroupApproximation/Algebra/HyperbolicSlimTriangles.lean
	GroupApproximation/Algebra/HyperbolicTransport.lean
	GroupApproximation/Algebra/IntJacobson.lean
	GroupApproximation/Algebra/InvolutionBlockAssembly.lean
	GroupApproximation/Algebra/InvolutionBlockSplit.lean
	GroupApproximation/Algebra/InvolutionBlocks.lean
	GroupApproximation/Algebra/LampCountable.lean
	GroupApproximation/Algebra/ListCommonPrefix.lean
	GroupApproximation/Algebra/Malcev.lean
	GroupApproximation/Algebra/MalcevLinear.lean
	GroupApproximation/Algebra/ModTwoLampParity.lean
	GroupApproximation/Algebra/MorseLemma.lean
	GroupApproximation/Algebra/PartialCommutationLamp.lean
	GroupApproximation/Algebra/PerfectLamp.lean
	GroupApproximation/Algebra/PermutationTwoInvolutions.lean
	GroupApproximation/Algebra/PermutationalWreath.lean
	GroupApproximation/Algebra/PermutationalWreathAmenable.lean
	GroupApproximation/Algebra/PermutationalWreathLinear.lean
	GroupApproximation/Algebra/Permutational
Aborting
Updating ad9aaff10..8354d718d
