eq0_states=93
eq4_states=103
cached_intervals=1548
combined_coordinate_states=446
abstract_presentations=63
carrier=221 words=68 states=12
carrier=222 words=68 states=24
carrier=223 words=136 states=28
carrier=224 words=212 states=28
carrier=225 words=212 states=32
carrier=226 words=272 states=40
carrier=227 words=272 states=40
carrier=228 words=272 states=48
carrier=229 words=340 states=48
carrier=230 words=340 states=48
distinct_augmented_words=340
boundary_states=48
nonempty_q=0
free_nonempty_q=0
direct_killed_q=0
power_killed_q=0
saturation_killed_q=0
involution_killed_q=0
unresolved_q=0
