eq0_states=93
eq4_states=103
cached_intervals=1548
combined_coordinate_states=446
abstract_presentations=63
carrier=341 words=76 states=72
carrier=342 words=152 states=88
carrier=343 words=220 states=88
carrier=344 words=220 states=104
carrier=345 words=220 states=104
carrier=346 words=296 states=423
carrier=347 words=364 states=827
carrier=348 words=440 states=1004
carrier=349 words=500 states=1004
carrier=350 words=568 states=1004
distinct_augmented_words=568
boundary_states=1004
nonempty_q=507
free_nonempty_q=0
direct_killed_q=269
power_killed_q=227
saturation_killed_q=11
involution_killed_q=0
unresolved_q=0
