eq0_states=93
eq4_states=103
cached_intervals=1548
combined_coordinate_states=446
abstract_presentations=63
carrier=121 words=68 states=20
carrier=122 words=144 states=20
carrier=123 words=220 states=45
carrier=124 words=296 states=50
carrier=125 words=372 states=64
carrier=126 words=448 states=75
carrier=127 words=524 states=86
carrier=128 words=592 states=86
carrier=129 words=660 states=94
carrier=130 words=736 states=95
distinct_augmented_words=736
boundary_states=95
nonempty_q=36
free_nonempty_q=0
direct_killed_q=9
power_killed_q=27
saturation_killed_q=0
involution_killed_q=0
unresolved_q=0
