eq0_states=93
eq4_states=103
cached_intervals=1548
combined_coordinate_states=446
abstract_presentations=63
carrier=361 words=68 states=22
carrier=362 words=144 states=37
carrier=363 words=212 states=285
carrier=364 words=288 states=1094
carrier=365 words=356 states=1630
carrier=366 words=424 states=1824
carrier=367 words=424 states=1965
carrier=368 words=424 states=2060
carrier=369 words=424 states=2060
carrier=370 words=424 states=2060
distinct_augmented_words=424
boundary_states=2060
nonempty_q=1464
free_nonempty_q=0
direct_killed_q=928
power_killed_q=388
saturation_killed_q=148
involution_killed_q=0
unresolved_q=0
