eq0_states=93
eq4_states=103
cached_intervals=1548
combined_coordinate_states=446
abstract_presentations=63
carrier=161 words=68 states=13
carrier=162 words=128 states=21
carrier=163 words=128 states=21
carrier=164 words=128 states=29
carrier=165 words=188 states=29
carrier=166 words=188 states=29
carrier=167 words=188 states=29
carrier=168 words=248 states=33
carrier=169 words=308 states=36
carrier=170 words=376 states=44
distinct_augmented_words=376
boundary_states=44
nonempty_q=1
free_nonempty_q=0
direct_killed_q=0
power_killed_q=1
saturation_killed_q=0
involution_killed_q=0
unresolved_q=0
