minimum_blocks=15
maximal_schemes=9894
tietze_presentations=127
()
((-11, -7, -7, -7, 11), (-11, 7, 7, 7, 11), (-11, 7, 7, 11), (-7, -7))
((-11, -7, -7, -7, 11), (-11, 7, 7, 11), (-7, -7))
((-11, -7, -7, -7, 11), (-11, 7, 7, 11), (-7, -7), (7, 7))
((-11, -7, -7, 11), (-11, 7, 7, 11), (-7, -7), (7, 7, 7))
((-11, -7, -7, 11), (-7, -7))
((-11, -7, -7, 11), (7, 7), (7, 7, 7))
((-11, -5, -5, -5, 11), (-11, 5, 5, 5, 11), (-11, 5, 5, 11), (-5, -5))
((-11, -5, -5, -5, 11), (-11, 5, 5, 11), (-5, -5))
((-11, -5, -5, 11), (-11, 5, 5, 11), (-5, -5), (5, 5, 5))
((-11, -5, -5, 11), (5, 5))
((-11, -2, -11, -2),)
((-11, -1, -12, -1, -12, 11), (-11, 12, 1, 12, 1, 11), (-1, -12, -1, -12))
((-11, -1, -12, -1, -12, 11), (-11, 12, 1, 12, 1, 11), (12, 1, 12, 1))
((-11, -1, -12, -1, -12, 11), (-3, -1, -12, -1, -12, 3), (-3, 12, 1, 12, 1, 3), (12, 1, 12, 1))
((-11, -1, -12, -1, -12, 11), (12, 1, 12, 1))
((-11, 3, -11, 3),)
((-11, 12, 1, 12, 1, 11), (-1, -12, -1, -12))
((-9, -7, -7, -7, 9), (-9, 7, 7, 7, 9), (-7, -7))
((-9, -7, -7, 9),)
((-9, -1, -12, -1, -12, 9),)
((-9, -1, -12, -1, -12, 9), (-1, -12, -1, -12))
((-9, 12, 1, 12, 1, 9), (-1, -12, -1, -12))
((-8, -8),)
((-8, -8), (-2, -8, -8, 2))
((-8, -8), (-2, -8, -8, 2), (-2, 8, 8, 2))
((-8, -8), (-2, -8, -8, 2), (-2, 8, 8, 2), (-2, 8, 8, 8, 8, 2))
((-8, -8), (3, -8, -8, -3), (3, 8, 8, -3))
((-8, -8), (8, 8))
((-8, -8), (8, 8, 8))
((-8, -6, -8, -6),)
((-8, -6, -8, -6), (-2, -8, -6, -8, -6, 2), (-2, 6, 8, 6, 8, 2))
((-8, -6, -3, -2, -8, -6, -3, -2),)
((-8, -3, -2, -8, -3, -2),)
((-7, -7),)
((-7, -7), (-3, -7, -7, -7, 3), (-3, 7, 7, 3), (-3, 7, 7, 7, 3))
((-7, -7), (-3, -7, -7, 3), (-3, 7, 7, 3), (7, 7, 7))
((-7, -7), (2, -7, -7, -7, -2), (2, 7, 7, -2), (2, 7, 7, 7, -2))
((-7, -7), (2, -7, -7, -7, -2), (2, 7, 7, 7, -2))
((-7, -7), (2, -7, -7, -2))
((-7, -7), (2, -7, -7, -2), (2, 7, 7, -2))
((-7, -7), (2, 7, 7, -2))
((-7, -7), (2, 7, 7, -2), (2, 7, 7, 7, -2))
((-7, -7), (2, 7, 7, -2), (2, 7, 7, 7, -2), (7, 7))
((-7, -7), (2, 7, 7, 7, -2))
((-7, -7), (7, 7, 7))
((-7, -5, -7, -5), (2, 5, 7, 5, 7, -2), (2, 5, 7, 5, 7, 5, 7, -2))
((-6, -6),)
((-6, -6), (-2, -6, -6, 2), (-2, 6, 6, 2))
((-6, -6), (-2, 6, 6, 2))
((-6, -6), (6, 6))
((-6, -6), (6, 6, 6))
((-6, -6, -3, -1, -12, -1, -12, 3, 6), (-6, -3, -1, -12, -1, -12, 3, 6), (12, 1, 12, 1))
((-6, -3, -2, -6, -3, -2),)
((-6, -3, -2, -6, -3, -2), (2, 3, 6, 2, 3, 6))
((-6, -3, -1, -12, -1, -12, 3, 6), (12, 1, 12, 1))
((-5, -5),)
((-5, -5), (2, -5, -5, -5, -2), (2, 5, 5, -2), (2, 5, 5, 5, -2))
((-5, -5), (2, 5, 5, -2))
((-5, -5), (2, 5, 5, -2), (2, 5, 5, 5, -2))
((-5, -5), (2, 5, 5, -2), (2, 5, 5, 5, -2), (5, 5))
((-5, -5), (2, 5, 5, 5, -2))
((-5, -5), (5, 5, 5))
((-5, -1, -12, -5, -1, -12), (2, -5, -1, -12, -5, -1, -12, -2), (5, 12, 1, 5, 12, 1, 5))
((-5, -1, -12, -5, -1, -12), (2, 5, 12, 1, 5, 12, 1, 5, -2), (2, 12, 1, 5, 12, 1, 5, -2))
((-3, -5, -5, 3), (5, 5))
((-3, -2, -8, -3, -2, -8), (8, 2, 3, 8, 2, 3))
((-3, -2, -3, -2),)
((-3, -2, -3, -2), (-2, -3, -2, -3), (2, 3, 2, 3), (3, 2, 3, 2))
((-3, -2, -3, -2), (-2, -3, -2, -3), (3, 2, 3, 2))
((-3, -2, -3, -2), (2, 3, 2, 3))
((-3, -2, -3, -2), (3, 2, 3, 2))
((-3, -1, -12, -1, -12, 3), (-3, 12, 1, 12, 1, 3), (12, 1, 12, 1))
((-3, -1, -12, -1, -12, 3), (-1, -12, -1, -12))
((-3, -1, -12, -1, -12, 3), (-1, -12, -1, -12), (12, 1, 12, 1))
((-3, -1, -12, -1, -12, 3), (2, -1, -12, -1, -12, -2), (12, 1, 12, 1))
((-3, -1, -12, -1, -12, 3), (12, 1, 12, 1))
((-3, 12, 1, 12, 1, 3), (-1, -12, -1, -12))
((-2, -8, -8, 2),)
((-2, -8, -8, 2), (-2, 8, 8, 2), (8, 8))
((-2, -8, -8, 2), (8, 8))
((-2, -8, -6, -8, -6, 2), (-2, 6, 8, 6, 8, 2), (6, 8, 6, 8))
((-2, -8, -6, -8, -6, 2), (6, 8, 6, 8))
((-2, -8, -6, -3, -2, -8, -6, -3), (2, 3, 6, 8, 2, 3, 6, 8), (3, 6, 8, 2, 3, 6, 8, 2))
((-2, -8, -3, -2, -8, -3), (2, 3, 8, 2, 3, 8), (3, 8, 2, 3, 8, 2))
((-2, -6, -6, 2),)
((-2, -6, -6, 2), (-2, 6, 6, 2))
((-2, -6, -6, 2), (-2, 6, 6, 2), (6, 6))
((-2, -6, -6, 2), (6, 6))
((-2, -6, -3, -2, -6, -3),)
((-2, -6, -3, -2, -6, -3), (2, 3, 6, 2, 3, 6))
((-2, -6, -3, -2, -6, -3), (2, 3, 6, 2, 3, 6), (3, 6, 2, 3, 6, 2))
((-2, -6, -3, -2, -6, -3), (3, 6, 2, 3, 6, 2))
((-2, -3, -2, -3),)
((-2, -3, -2, -3), (2, 3, 2, 3))
((-2, -3, -2, -3), (2, 3, 2, 3), (3, 2, 3, 2))
((-2, -3, -2, -3), (3, 2, 3, 2))
((-2, 8, 8, 2),)
((-1, -12, -1, -12),)
((-1, -12, -1, -12), (2, -1, -12, -1, -12, -2))
