eq0_states=93
eq4_states=103
cached_intervals=1548
combined_coordinate_states=446
abstract_presentations=63
TRACE carrier=300 rotations=19 syllables=19
TRACE carrier=300 rotation=0 target=0 syllables=19 forest_states=2 seconds=0.043
TRACE carrier=300 rotation=0 target=1 syllables=18 forest_states=3 seconds=0.012
TRACE carrier=300 rotation=0 target=2 syllables=19 forest_states=4 seconds=0.028
TRACE carrier=300 rotation=0 target=3 syllables=19 forest_states=4 seconds=0.010
TRACE carrier=300 rotation=1 target=0 syllables=19 forest_states=3 seconds=0.032
TRACE carrier=300 rotation=1 target=1 syllables=18 forest_states=3 seconds=0.013
TRACE carrier=300 rotation=1 target=2 syllables=19 forest_states=6 seconds=0.024
TRACE carrier=300 rotation=1 target=3 syllables=19 forest_states=5 seconds=0.009
TRACE carrier=300 rotation=2 target=0 syllables=19 forest_states=3 seconds=0.045
TRACE carrier=300 rotation=2 target=1 syllables=18 forest_states=4 seconds=0.010
TRACE carrier=300 rotation=2 target=2 syllables=19 forest_states=5 seconds=0.020
TRACE carrier=300 rotation=2 target=3 syllables=19 forest_states=5 seconds=0.008
TRACE carrier=300 rotation=3 target=0 syllables=19 forest_states=5 seconds=0.012
TRACE carrier=300 rotation=3 target=1 syllables=19 forest_states=3 seconds=0.010
TRACE carrier=300 rotation=3 target=2 syllables=18 forest_states=3 seconds=0.005
TRACE carrier=300 rotation=3 target=3 syllables=19 forest_states=5 seconds=0.003
TRACE carrier=300 rotation=4 target=0 syllables=19 forest_states=6 seconds=0.012
TRACE carrier=300 rotation=4 target=1 syllables=19 forest_states=3 seconds=0.012
TRACE carrier=300 rotation=4 target=2 syllables=18 forest_states=3 seconds=0.005
TRACE carrier=300 rotation=4 target=3 syllables=19 forest_states=5 seconds=0.005
TRACE carrier=300 rotation=5 target=0 syllables=19 forest_states=6 seconds=0.013
TRACE carrier=300 rotation=5 target=1 syllables=19 forest_states=2 seconds=0.011
TRACE carrier=300 rotation=5 target=2 syllables=18 forest_states=3 seconds=0.005
TRACE carrier=300 rotation=5 target=3 syllables=19 forest_states=5 seconds=0.005
TRACE carrier=300 rotation=6 target=0 syllables=18 forest_states=2 seconds=0.002
TRACE carrier=300 rotation=6 target=1 syllables=19 forest_states=3 seconds=0.005
TRACE carrier=300 rotation=6 target=2 syllables=19 forest_states=4 seconds=0.005
TRACE carrier=300 rotation=6 target=3 syllables=19 forest_states=4 seconds=0.003
TRACE carrier=300 rotation=7 target=0 syllables=18 forest_states=3 seconds=0.004
TRACE carrier=300 rotation=7 target=1 syllables=19 forest_states=2 seconds=0.005
TRACE carrier=300 rotation=7 target=2 syllables=19 forest_states=5 seconds=0.006
TRACE carrier=300 rotation=7 target=3 syllables=19 forest_states=5 seconds=0.004
TRACE carrier=300 rotation=8 target=0 syllables=18 forest_states=3 seconds=0.004
TRACE carrier=300 rotation=8 target=1 syllables=19 forest_states=3 seconds=0.007
TRACE carrier=300 rotation=8 target=2 syllables=19 forest_states=6 seconds=0.007
TRACE carrier=300 rotation=8 target=3 syllables=19 forest_states=5 seconds=0.004
TRACE carrier=300 rotation=9 target=0 syllables=19 forest_states=5 seconds=0.011
TRACE carrier=300 rotation=9 target=1 syllables=19 forest_states=6 seconds=0.004
TRACE carrier=300 rotation=9 target=2 syllables=19 forest_states=2 seconds=0.016
TRACE carrier=300 rotation=9 target=3 syllables=18 forest_states=2 seconds=0.002
TRACE carrier=300 rotation=10 target=0 syllables=19 forest_states=5 seconds=0.014
TRACE carrier=300 rotation=10 target=1 syllables=19 forest_states=6 seconds=0.004
TRACE carrier=300 rotation=10 target=2 syllables=19 forest_states=3 seconds=0.014
TRACE carrier=300 rotation=10 target=3 syllables=18 forest_states=4 seconds=0.003
TRACE carrier=300 rotation=11 target=0 syllables=19 forest_states=6 seconds=0.009
TRACE carrier=300 rotation=11 target=1 syllables=19 forest_states=5 seconds=0.004
TRACE carrier=300 rotation=11 target=2 syllables=19 forest_states=2 seconds=0.012
TRACE carrier=300 rotation=11 target=3 syllables=18 forest_states=3 seconds=0.001
TRACE carrier=300 rotation=12 target=0 syllables=19 forest_states=6 seconds=0.007
TRACE carrier=300 rotation=12 target=1 syllables=18 forest_states=3 seconds=0.003
TRACE carrier=300 rotation=12 target=2 syllables=19 forest_states=3 seconds=0.005
TRACE carrier=300 rotation=12 target=3 syllables=19 forest_states=5 seconds=0.002
TRACE carrier=300 rotation=13 target=0 syllables=19 forest_states=5 seconds=0.006
TRACE carrier=300 rotation=13 target=1 syllables=18 forest_states=3 seconds=0.003
TRACE carrier=300 rotation=13 target=2 syllables=19 forest_states=2 seconds=0.003
TRACE carrier=300 rotation=13 target=3 syllables=19 forest_states=5 seconds=0.003
TRACE carrier=300 rotation=14 target=0 syllables=19 forest_states=6 seconds=0.007
TRACE carrier=300 rotation=14 target=1 syllables=18 forest_states=3 seconds=0.001
TRACE carrier=300 rotation=14 target=2 syllables=19 forest_states=2 seconds=0.003
TRACE carrier=300 rotation=14 target=3 syllables=19 forest_states=5 seconds=0.003
TRACE carrier=300 rotation=15 target=0 syllables=20 forest_states=5 seconds=0.008
TRACE carrier=300 rotation=15 target=1 syllables=20 forest_states=5 seconds=0.003
TRACE carrier=300 rotation=15 target=2 syllables=20 forest_states=5 seconds=0.003
TRACE carrier=300 rotation=15 target=3 syllables=19 forest_states=2 seconds=0.004
TRACE carrier=300 rotation=16 target=0 syllables=19 forest_states=5 seconds=0.007
TRACE carrier=300 rotation=16 target=1 syllables=19 forest_states=6 seconds=0.004
TRACE carrier=300 rotation=16 target=2 syllables=18 forest_states=3 seconds=0.003
TRACE carrier=300 rotation=16 target=3 syllables=19 forest_states=2 seconds=0.003
TRACE carrier=300 rotation=17 target=0 syllables=19 forest_states=5 seconds=0.005
TRACE carrier=300 rotation=17 target=1 syllables=19 forest_states=6 seconds=0.003
TRACE carrier=300 rotation=17 target=2 syllables=18 forest_states=3 seconds=0.003
TRACE carrier=300 rotation=17 target=3 syllables=19 forest_states=3 seconds=0.002
TRACE carrier=300 rotation=18 target=0 syllables=19 forest_states=7 seconds=0.010
TRACE carrier=300 rotation=18 target=1 syllables=19 forest_states=5 seconds=0.006
TRACE carrier=300 rotation=18 target=2 syllables=18 forest_states=3 seconds=0.004
TRACE carrier=300 rotation=18 target=3 syllables=19 forest_states=3 seconds=0.003
carrier=300 words=76 states=64
distinct_augmented_words=76
boundary_states=64
nonempty_q=26
free_nonempty_q=0
direct_killed_q=15
power_killed_q=9
unresolved_q=2
UNRESOLVED (0, ((-7, 6, -7, 6, -7, 6, -7, 6, -7, 6, -7, 6), (6, -7, 6, -7, 6, -7), (6, -7, 6, -7, 6, -7, 6, -7, 6, -7, 6, -7), (6, -7, 6, -7, 6, -7, 6, -7, 6, -7, 6, -7, 6, -7, 6, -7, 6, -7), (7, -6, 7, -6), (7, -6, 7, -6, 7, -6), (7, -6, 7, -6, 7, -6, 7, -6, 7, -6, 7, -6)), (-7, 6), ((-6, 7, -6, 7, -6), (-6, 7, -6, 7, -6), (6, -7, 6, -7, 6), (6, -7, 6, -7, 6, -7), (7,), (6,), (7,), (6, -7, 6, -7, 6)))
UNRESOLVED (1, ((-7, 6, -7, 6, -7, 6), (-7, 6, -7, 6, -7, 6, -7, 6, -7, 6, -7, 6), (6, -7, 6, -7, 6, -7), (6, -7, 6, -7, 6, -7, 6, -7, 6, -7, 6, -7), (6, -7, 6, -7, 6, -7, 6, -7, 6, -7, 6, -7, 6, -7, 6, -7, 6, -7), (7, -6, 7, -6), (7, -6, 7, -6, 7, -6), (7, -6, 7, -6, 7, -6, 7, -6, 7, -6, 7, -6)), (-7, 6), ((-6, 7, -6, 7, -6), (-6, 7, -6, 7, -6), (6, -7, 6, -7, 6), (6, -7, 6, -7, 6, -7), (7,), (6,), (7,), (6, -7, 6, -7, 6)))
