eq0_states=93
eq4_states=103
cached_intervals=1548
combined_coordinate_states=446
abstract_presentations=63
carrier=11 words=76 states=12
carrier=12 words=144 states=26
carrier=13 words=220 states=35
carrier=14 words=296 states=67
carrier=15 words=364 states=76
carrier=16 words=440 states=88
carrier=17 words=508 states=88
carrier=18 words=568 states=88
carrier=19 words=636 states=101
carrier=20 words=712 states=105
distinct_augmented_words=712
boundary_states=105
nonempty_q=40
free_nonempty_q=0
direct_killed_q=10
power_killed_q=30
saturation_killed_q=0
involution_killed_q=0
unresolved_q=0
