r2_states=2
r4_states=16
cached_intervals=388
combined_coordinate_states=16
abstract_presentations=3
((), ((1,), (), (), (4,), (5,), (6,), (), ()))
((), ((1,), (), (), (4,), (5,), (6,), (), (8,)))
((), ((1,), (), (), (4,), (5,), (6,), (7,), ()))
((), ((1,), (), (), (4,), (5,), (6,), (7,), (8,)))
((), ((1,), (), (3,), (4,), (5,), (6,), (), ()))
((), ((1,), (), (3,), (4,), (5,), (6,), (), (8,)))
((), ((1,), (), (3,), (4,), (5,), (6,), (7,), ()))
((), ((1,), (), (3,), (4,), (5,), (6,), (7,), (8,)))
((), ((1,), (2,), (), (4,), (5,), (6,), (), ()))
((), ((1,), (2,), (), (4,), (5,), (6,), (), (8,)))
((), ((1,), (2,), (), (4,), (5,), (6,), (7,), ()))
((), ((1,), (2,), (), (4,), (5,), (6,), (7,), (8,)))
((), ((1,), (6, -8, -6), (), (4,), (5,), (6,), (), (8,)))
((), ((1,), (6, 8, -6), (), (4,), (5,), (6,), (), (8,)))
(((-8, -8), (6, 8, 8, -6)), ((1,), (6, 8, -6), (), (4,), (5,), (6,), (), (8,)))
(((-6, 2, 2, 6),), ((1,), (2,), (), (4,), (5,), (6,), (), (-6, 2, 6)))
