eq0_states=93
eq4_states=103
cached_intervals=1548
combined_coordinate_states=446
abstract_presentations=63
carrier=81 words=76 states=30
carrier=82 words=152 states=30
carrier=83 words=228 states=31
carrier=84 words=304 states=77
carrier=85 words=380 states=105
carrier=86 words=448 states=106
carrier=87 words=516 states=107
carrier=88 words=584 states=107
carrier=89 words=652 states=171
carrier=90 words=712 states=171
distinct_augmented_words=712
boundary_states=171
nonempty_q=91
free_nonempty_q=0
direct_killed_q=43
power_killed_q=42
saturation_killed_q=1
involution_killed_q=0
unresolved_q=5
UNRESOLVED (3, ((-7, -7, 3, -7, -3), (-7, 3, -7, -3), (3, -7, -7, 3, -7, -3, -3), (3, 3, 7, -3, 7, 7, -3), (3, 7, -3, 7, 7), (3, 7, -3, 7, 7, -3, -7, -7, 3, -7, -7, -7, 3, -7, -3), (3, 7, -3, 7, 7, 7, -3, 7, 7, 3, -7, -7, 3, -7, -3)), (7,), ((), (-3,), (3,), (3, -7, -7, 3, -7, -3), (3, 7, -3, 7, 7, -3), (), (7,), ()))
POST_SATURATION ((7,), ((-7, -7, 3, -7, -3), (-7, -3, -7, 3), (-7, 3, -7, -3), (3, -7, -7, 3, -7, -3, -3), (3, 3, 7, -3, 7, 7, -3), (3, 7, -3, 7, 7), (3, 7, -3, 7, 7, -3, -7, -7, 3, -7, -7, -7, 3, -7, -3), (3, 7, -3, 7, 7, 7, -3, 7, 7, 3, -7, -7, 3, -7, -3)))
UNRESOLVED (3, ((-7, -7, 3, -7, -3), (-7, 3, -7, -3), (3, -7, -7, 3, -7, -3, -3), (3, 3, 7, -3, 7, 7, -3), (3, 7, -3, 7, 7), (3, 7, -3, 7, 7, 7, -3, 7, 7, 3, -7, -7, 3, -7, -3)), (7,), ((), (-3,), (3,), (3, -7, -7, 3, -7, -3), (3, 7, -3, 7, 7, 7, -3, 7, 7), (), (7,), ()))
POST_SATURATION ((7,), ((-7, -7, 3, -7, -3), (-7, -3, -7, 3), (-7, 3, -7, -3), (3, -7, -7, 3, -7, -3, -3), (3, 3, 7, -3, 7, 7, -3), (3, 7, -3, 7, 7), (3, 7, -3, 7, 7, 7, -3, 7, 7, 3, -7, -7, 3, -7, -3)))
UNRESOLVED (3, ((-7, -7, 4, -7, -4), (-7, 4, -7, -4), (-4, -7, -7, 4, -7), (4, 4, 7, -4, 7, 7, -4), (4, 7, -4, 7, 7), (7, -4, 7, 7, 4)), (7,), ((), (-4,), (4,), (4,), (-4,), (), (7,), ()))
POST_SATURATION ((7,), ((-7, -7, 4, -7, -4), (-7, -4, -7, 4), (-7, 4, -7, -4), (-4, -7, -7, 4, -7), (4, 4, 7, -4, 7, 7, -4), (4, 7, -4, 7, 7), (7, -4, 7, 7, 4)))
UNRESOLVED (3, ((-7, -7, 4, -7, -4), (-7, 4, -7, -4), (4, 4, 7, -4, 7, 7, -4), (4, 7, -4, 7, 7), (4, 7, -4, 7, 7, 7, -4, 7, 7, 4)), (7,), ((), (-4,), (4,), (4,), (4, 7, -4, 7, 7, 7, -4, 7, 7), (), (7,), ()))
POST_SATURATION ((7,), ((-7, -7, -7, 4, -7, -4, -4, -7, -7, 4), (-7, -7, 4, -7, -4), (-7, -4, -7, 4), (-7, 4, -7, -4), (4, 4, 7, -4, 7, 7, -4), (4, 7, -4, 7, 7), (4, 7, -4, 7, 7, 7, -4, 7, 7, 4)))
UNRESOLVED (3, ((-7, 6, -7, 3, -7, 6, -3, 6), (3, -7, 6, -7, 3, -7, 6, -3, 6, -3), (3, -6, 3, -6, 7, -3, 7, -6, 7, -3), (3, -6, 7, -3, 7, -6, 7, -6), (3, -6, 7, -3, 7, -6, 7, -6, 7, -3, 7, -6, 7, -6, 3, -7, 6, -7, 3, -7, 6, -3), (6, -7, 3, -7, 6, -3), (6, -7, 6, -7, 3, -7, 6, -3)), (7, -6), ((-7, 6, -7, 3, -7, 6, -3), (-3,), (3,), (3, -7, 6, -7, 3, -7, 6, -3), (3, -6, 7, -3, 7, -6, 7, -6, 7, -3, 7, -6, 7), (6,), (7,), (3, -6, 7, -3, 7, -6, 7)))
POST_SATURATION ((7, -6), ((-7, 3, -7, 6, -3, 6), (-7, 3, -7, 6, -3, 6, -7, 6), (-7, 6, -7, 3, -7, 6, -3, 6), (3, -7, 6, -7, 3, -7, 6, -3, 6, -3), (3, -6, 3, -6, 7, -3, 7, -6, 7, -3), (3, -6, 7, -3, 7, -6, 7, -6), (3, -6, 7, -3, 7, -6, 7, -6, 7, -3, 7, -6, 7, -6, 3, -7, 6, -7, 3, -7, 6, -3), (6, -7, 3, -7, 6, -3), (6, -7, 6, -7, 3, -7, 6, -3)))
