[3.  0.1 0.2 5. ] [1.  1.3 0.7 1.1] 0.37 | coinc, [c,a], [w,b^-1a], a in F45, b in F45: (True, True, True, True, True)
[3.  0.1 0.2 5. ] [1.  1.3 0.7 1.1] 0.05 | coinc, [c,a], [w,b^-1a], a in F45, b in F45: (True, True, True, True, True)
[3.  0.1 0.2 5. ] [1.  1.3 0.7 1.1] 1.0 | coinc, [c,a], [w,b^-1a], a in F45, b in F45: (True, True, True, True, True)
[2.756 0.091 0.213 4.933] [1.05 1.17 0.69 1.15] 0.37 | coinc, [c,a], [w,b^-1a], a in F45, b in F45: (True, True, True, True, True)
[2.756 0.091 0.213 4.933] [1.05 1.17 0.69 1.15] 0.05 | coinc, [c,a], [w,b^-1a], a in F45, b in F45: (True, True, True, True, True)
[2.756 0.091 0.213 4.933] [1.05 1.17 0.69 1.15] 1.0 | coinc, [c,a], [w,b^-1a], a in F45, b in F45: (True, True, True, True, True)
[2.837 0.109 0.216 4.531] [0.91 1.31 0.76 1.07] 0.37 | coinc, [c,a], [w,b^-1a], a in F45, b in F45: (False, True, False, True, False)
[2.837 0.109 0.216 4.531] [0.91 1.31 0.76 1.07] 0.05 | coinc, [c,a], [w,b^-1a], a in F45, b in F45: (False, True, False, True, False)
[2.837 0.109 0.216 4.531] [0.91 1.31 0.76 1.07] 1.0 | coinc, [c,a], [w,b^-1a], a in F45, b in F45: (False, True, False, True, False)
[2.83  0.098 0.181 4.722] [0.99 1.3  0.66 1.04] 0.37 | coinc, [c,a], [w,b^-1a], a in F45, b in F45: (True, True, True, True, True)
[2.83  0.098 0.181 4.722] [0.99 1.3  0.66 1.04] 0.05 | coinc, [c,a], [w,b^-1a], a in F45, b in F45: (True, True, True, True, True)
[2.83  0.098 0.181 4.722] [0.99 1.3  0.66 1.04] 1.0 | coinc, [c,a], [w,b^-1a], a in F45, b in F45: (True, True, True, True, True)
[2.831 0.099 0.192 4.521] [1.07 1.31 0.72 1.03] 0.37 | coinc, [c,a], [w,b^-1a], a in F45, b in F45: (False, True, False, True, False)
[2.831 0.099 0.192 4.521] [1.07 1.31 0.72 1.03] 0.05 | coinc, [c,a], [w,b^-1a], a in F45, b in F45: (False, True, False, True, False)
[2.831 0.099 0.192 4.521] [1.07 1.31 0.72 1.03] 1.0 | coinc, [c,a], [w,b^-1a], a in F45, b in F45: (False, True, False, True, False)
[3.296 0.107 0.185 4.833] [1.04 1.35 0.76 1.08] 0.37 | coinc, [c,a], [w,b^-1a], a in F45, b in F45: (True, True, True, True, True)
[3.296 0.107 0.185 4.833] [1.04 1.35 0.76 1.08] 0.05 | coinc, [c,a], [w,b^-1a], a in F45, b in F45: (True, True, True, True, True)
[3.296 0.107 0.185 4.833] [1.04 1.35 0.76 1.08] 1.0 | coinc, [c,a], [w,b^-1a], a in F45, b in F45: (True, True, True, True, True)
[3.198 0.103 0.192 5.088] [1.08 1.39 0.7  1.12] 0.37 | coinc, [c,a], [w,b^-1a], a in F45, b in F45: (False, True, False, True, False)
[3.198 0.103 0.192 5.088] [1.08 1.39 0.7  1.12] 0.05 | coinc, [c,a], [w,b^-1a], a in F45, b in F45: (False, True, False, True, False)
[3.198 0.103 0.192 5.088] [1.08 1.39 0.7  1.12] 1.0 | coinc, [c,a], [w,b^-1a], a in F45, b in F45: (False, True, False, True, False)
[2.721 0.095 0.212 4.914] [0.93 1.31 0.73 1.14] 0.37 | coinc, [c,a], [w,b^-1a], a in F45, b in F45: (True, True, True, True, True)
[2.721 0.095 0.212 4.914] [0.93 1.31 0.73 1.14] 0.05 | coinc, [c,a], [w,b^-1a], a in F45, b in F45: (True, True, True, True, True)
[2.721 0.095 0.212 4.914] [0.93 1.31 0.73 1.14] 1.0 | coinc, [c,a], [w,b^-1a], a in F45, b in F45: (True, True, True, True, True)
[2.925 0.099 0.2   5.278] [1.   1.27 0.7  1.  ] 0.37 | coinc, [c,a], [w,b^-1a], a in F45, b in F45: (True, True, True, True, True)
[2.925 0.099 0.2   5.278] [1.   1.27 0.7  1.  ] 0.05 | coinc, [c,a], [w,b^-1a], a in F45, b in F45: (True, True, True, True, True)
[2.925 0.099 0.2   5.278] [1.   1.27 0.7  1.  ] 1.0 | coinc, [c,a], [w,b^-1a], a in F45, b in F45: (True, True, True, True, True)
[2.726 0.104 0.219 5.093] [0.98 1.21 0.7  1.21] 0.37 | coinc, [c,a], [w,b^-1a], a in F45, b in F45: (True, True, True, True, True)
[2.726 0.104 0.219 5.093] [0.98 1.21 0.7  1.21] 0.05 | coinc, [c,a], [w,b^-1a], a in F45, b in F45: (True, True, True, True, True)
[2.726 0.104 0.219 5.093] [0.98 1.21 0.7  1.21] 1.0 | coinc, [c,a], [w,b^-1a], a in F45, b in F45: (True, True, True, True, True)
{(True, True, True, True, True): 21, (False, True, False, True, False): 9}
