x [3.13 3.72 3.99 4.72] eps 0.05 | coinc, [c,a]=1, [w,b^-1a]=1, a in F45, rel24: (False, False, False, False, False)
x [3.26 4.51 0.61 2.37] eps 0.05 | coinc, [c,a]=1, [w,b^-1a]=1, a in F45, rel24: (False, False, False, False, False)
x [2.07 0.95 4.34 1.98] eps 0.05 | coinc, [c,a]=1, [w,b^-1a]=1, a in F45, rel24: (False, False, False, False, False)
x [0.06 4.36 1.09 1.12] eps 0.5 | coinc, [c,a]=1, [w,b^-1a]=1, a in F45, rel24: (False, False, False, False, False)
x [4.39 3.15 0.95 4.84] eps 0.2 | coinc, [c,a]=1, [w,b^-1a]=1, a in F45, rel24: (False, False, False, False, False)
x [0.87 0.77 0.37 1.54] eps 0.2 | coinc, [c,a]=1, [w,b^-1a]=1, a in F45, rel24: (False, False, False, False, False)
x [1.81 1.57 3.5  0.96] eps 0.5 | coinc, [c,a]=1, [w,b^-1a]=1, a in F45, rel24: (False, True, False, True, False)
x [1.82 2.05 2.77 2.12] eps 0.5 | coinc, [c,a]=1, [w,b^-1a]=1, a in F45, rel24: (False, False, False, False, False)
x [4.78 1.02 3.79 4.65] eps 0.2 | coinc, [c,a]=1, [w,b^-1a]=1, a in F45, rel24: (False, False, False, False, False)
x [0.58 3.75 4.   4.31] eps 0.5 | coinc, [c,a]=1, [w,b^-1a]=1, a in F45, rel24: (False, False, False, False, False)
x [1.84 0.78 1.41 3.53] eps 0.5 | coinc, [c,a]=1, [w,b^-1a]=1, a in F45, rel24: (False, False, False, False, False)
x [0.79 3.46 4.98 0.85] eps 0.05 | coinc, [c,a]=1, [w,b^-1a]=1, a in F45, rel24: (False, False, False, False, False)
x [3.72 1.75 1.29 3.27] eps 0.2 | coinc, [c,a]=1, [w,b^-1a]=1, a in F45, rel24: (False, False, False, False, False)
x [4.2  0.7  3.67 4.75] eps 0.05 | coinc, [c,a]=1, [w,b^-1a]=1, a in F45, rel24: (False, False, False, False, False)
x [0.34 2.13 0.75 4.61] eps 0.5 | coinc, [c,a]=1, [w,b^-1a]=1, a in F45, rel24: (False, False, False, False, False)
x [3.66 2.42 1.49 2.05] eps 0.5 | coinc, [c,a]=1, [w,b^-1a]=1, a in F45, rel24: (False, True, False, True, False)
x [4.69 4.35 0.94 2.48] eps 0.2 | coinc, [c,a]=1, [w,b^-1a]=1, a in F45, rel24: (False, False, False, False, False)
x [3.49 3.34 3.81 1.85] eps 0.5 | coinc, [c,a]=1, [w,b^-1a]=1, a in F45, rel24: (False, False, False, False, False)
x [3.59 4.79 1.73 0.93] eps 0.2 | coinc, [c,a]=1, [w,b^-1a]=1, a in F45, rel24: (False, False, False, False, False)
x [2.34 4.09 3.25 4.  ] eps 0.2 | coinc, [c,a]=1, [w,b^-1a]=1, a in F45, rel24: (False, False, False, False, False)
x [4.62 0.9  4.34 2.28] eps 0.05 | coinc, [c,a]=1, [w,b^-1a]=1, a in F45, rel24: (False, False, True, False, False)
x [4.19 4.69 2.41 3.47] eps 0.5 | coinc, [c,a]=1, [w,b^-1a]=1, a in F45, rel24: (False, False, False, False, False)
x [2.61 4.69 1.55 2.79] eps 0.5 | coinc, [c,a]=1, [w,b^-1a]=1, a in F45, rel24: (False, False, False, False, False)
x [2.23 3.27 1.13 3.45] eps 0.05 | coinc, [c,a]=1, [w,b^-1a]=1, a in F45, rel24: (False, False, False, False, False)
{(False, False, False, False, False): 21, (False, True, False, True, False): 2, (False, False, True, False, False): 1}
