$ python3 verify_klein2.py ../bmw-census-left-orders-2026-09-17/census_50_31.json chains_50_31.json --trace
pattern m=5 pA=0 n=3 pB=1 iA=[0, 1, 2, 3, 4] iB=[1, 0, 2]
  (K) v|h4214 inverts v0211|h:
    h4 h2 h1 h4 v0 v2 v1 v1 h4 h1 h2 h4 v0 v2 v1 v1
    = h4 h2 h1 v2 h3 v2 v1 v1 h4 h1 h2 h4 v0 v2 v1 v1
    = h4 h2 v2 h2 h3 v2 v1 v1 h4 h1 h2 h4 v0 v2 v1 v1
    = h4 v2 h1 h2 h3 v2 v1 v1 h4 h1 h2 h4 v0 v2 v1 v1
    = v0 h3 h1 h2 h3 v2 v1 v1 h4 h1 h2 h4 v0 v2 v1 v1
    = v0 h3 h1 h2 v1 h4 v1 v1 h4 h1 h2 h4 v0 v2 v1 v1
    = v0 h3 h1 v0 h2 h4 v1 v1 h4 h1 h2 h4 v0 v2 v1 v1
    = v0 h3 v0 h1 h2 h4 v1 v1 h4 h1 h2 h4 v0 v2 v1 v1
    = v0 v0 h4 h1 h2 h4 v1 v1 h4 h1 h2 h4 v0 v2 v1 v1
    = v0 v0 h4 h1 h2 v1 h3 v1 h4 h1 h2 h4 v0 v2 v1 v1
    = v0 v0 h4 h1 v0 h2 h3 v1 h4 h1 h2 h4 v0 v2 v1 v1
    = v0 v0 h4 v0 h1 h2 h3 v1 h4 h1 h2 h4 v0 v2 v1 v1
    = v0 v0 v2 h3 h1 h2 h3 v1 h4 h1 h2 h4 v0 v2 v1 v1
    = v0 v0 v2 h3 h1 h2 v2 h4 h4 h1 h2 h4 v0 v2 v1 v1
    = v0 v0 v2 h3 h1 v2 h1 h4 h4 h1 h2 h4 v0 v2 v1 v1
    = v0 v0 v2 h3 v2 h2 h1 h4 h4 h1 h2 h4 v0 v2 v1 v1
    = v0 v0 v2 v1 h4 h2 h1 h4 h4 h1 h2 h4 v0 v2 v1 v1
    = v0 v0 v2 v1 h4 h2 h1 h1 h2 h4 v0 v2 v1 v1
    = v0 v0 v2 v1 h4 h2 h2 h4 v0 v2 v1 v1
    = v0 v0 v2 v1 h4 h4 v0 v2 v1 v1
    = v0 v0 v2 v1 v0 v2 v1 v1
    = v0 v0 v2 v2 v1 v1
    = v0 v0 v1 v1
    = v0 v1
    = 1
  (R) v|h4214 = r^-1, v|h412124 = r^2, r = v|h4124
  (K) v00|h inverts v|h412124:
    v0 v0 h4 h1 h2 h1 h2 h4 v1 v1 h4 h1 h2 h1 h2 h4
    = v0 v0 h4 h1 h2 h1 h2 v1 h3 v1 h4 h1 h2 h1 h2 h4
    = v0 v0 h4 h1 h2 h1 v0 h2 h3 v1 h4 h1 h2 h1 h2 h4
    = v0 v0 h4 h1 h2 v0 h1 h2 h3 v1 h4 h1 h2 h1 h2 h4
    = v0 v0 h4 h1 v1 h2 h1 h2 h3 v1 h4 h1 h2 h1 h2 h4
    = v0 v0 h4 v1 h1 h2 h1 h2 h3 v1 h4 h1 h2 h1 h2 h4
    = v0 v0 v1 h3 h1 h2 h1 h2 h3 v1 h4 h1 h2 h1 h2 h4
    = v0 h3 h1 h2 h1 h2 h3 v1 h4 h1 h2 h1 h2 h4
    = v0 h3 h1 h2 h1 h2 v2 h4 h4 h1 h2 h1 h2 h4
    = v0 h3 h1 h2 h1 v2 h1 h4 h4 h1 h2 h1 h2 h4
    = v0 h3 h1 h2 v2 h2 h1 h4 h4 h1 h2 h1 h2 h4
    = v0 h3 h1 v2 h1 h2 h1 h4 h4 h1 h2 h1 h2 h4
    = v0 h3 v2 h2 h1 h2 h1 h4 h4 h1 h2 h1 h2 h4
    = v0 v1 h4 h2 h1 h2 h1 h4 h4 h1 h2 h1 h2 h4
    = h4 h2 h1 h2 h1 h4 h4 h1 h2 h1 h2 h4
    = h4 h2 h1 h2 h1 h1 h2 h1 h2 h4
    = h4 h2 h1 h2 h2 h1 h2 h4
    = h4 h2 h1 h1 h2 h4
    = h4 h2 h2 h4
    = h4 h4
    = 1
  (K) v|h0210 inverts v00|h:
    h0 h2 h1 h0 v0 v0 h0 h1 h2 h0 v0 v0
    = h0 h2 h1 v0 h0 v0 h0 h1 h2 h0 v0 v0
    = h0 h2 v0 h1 h0 v0 h0 h1 h2 h0 v0 v0
    = h0 v1 h2 h1 h0 v0 h0 h1 h2 h0 v0 v0
    = v1 h0 h2 h1 h0 v0 h0 h1 h2 h0 v0 v0
    = v1 h0 h2 h1 v0 h0 h0 h1 h2 h0 v0 v0
    = v1 h0 h2 v0 h1 h0 h0 h1 h2 h0 v0 v0
    = v1 h0 v1 h2 h1 h0 h0 h1 h2 h0 v0 v0
    = v1 v1 h0 h2 h1 h0 h0 h1 h2 h0 v0 v0
    = v1 v1 h0 h2 h1 h1 h2 h0 v0 v0
    = v1 v1 h0 h2 h2 h0 v0 v0
    = v1 v1 h0 h0 v0 v0
    = v1 v1 v0 v0
    = v1 v0
    = 1
  (R) v|h0210 = r^-1, v|h021210 = r^-2, r = v|h0120
  (K) v0211|h inverts v|h021210:
    v0 v2 v1 v1 h0 h2 h1 h2 h1 h0 v0 v0 v2 v1 h0 h2 h1 h2 h1 h0
    = v0 v2 v1 v1 h0 h2 h1 h2 h1 v0 h0 v0 v2 v1 h0 h2 h1 h2 h1 h0
    = v0 v2 v1 v1 h0 h2 h1 h2 v0 h1 h0 v0 v2 v1 h0 h2 h1 h2 h1 h0
    = v0 v2 v1 v1 h0 h2 h1 v1 h2 h1 h0 v0 v2 v1 h0 h2 h1 h2 h1 h0
    = v0 v2 v1 v1 h0 h2 v1 h1 h2 h1 h0 v0 v2 v1 h0 h2 h1 h2 h1 h0
    = v0 v2 v1 v1 h0 v0 h2 h1 h2 h1 h0 v0 v2 v1 h0 h2 h1 h2 h1 h0
    = v0 v2 v1 v1 v0 h0 h2 h1 h2 h1 h0 v0 v2 v1 h0 h2 h1 h2 h1 h0
    = v0 v2 v1 h0 h2 h1 h2 h1 h0 v0 v2 v1 h0 h2 h1 h2 h1 h0
    = v0 v2 v1 h0 h2 h1 h2 h1 v0 h0 v2 v1 h0 h2 h1 h2 h1 h0
    = v0 v2 v1 h0 h2 h1 h2 v0 h1 h0 v2 v1 h0 h2 h1 h2 h1 h0
    = v0 v2 v1 h0 h2 h1 v1 h2 h1 h0 v2 v1 h0 h2 h1 h2 h1 h0
    = v0 v2 v1 h0 h2 v1 h1 h2 h1 h0 v2 v1 h0 h2 h1 h2 h1 h0
    = v0 v2 v1 h0 v0 h2 h1 h2 h1 h0 v2 v1 h0 h2 h1 h2 h1 h0
    = v0 v2 v1 v0 h0 h2 h1 h2 h1 h0 v2 v1 h0 h2 h1 h2 h1 h0
    = v0 v2 h0 h2 h1 h2 h1 h0 v2 v1 h0 h2 h1 h2 h1 h0
    = v0 v2 h0 h2 h1 h2 h1 v2 h0 v1 h0 h2 h1 h2 h1 h0
    = v0 v2 h0 h2 h1 h2 v2 h2 h0 v1 h0 h2 h1 h2 h1 h0
    = v0 v2 h0 h2 h1 v2 h1 h2 h0 v1 h0 h2 h1 h2 h1 h0
    = v0 v2 h0 h2 v2 h2 h1 h2 h0 v1 h0 h2 h1 h2 h1 h0
    = v0 v2 h0 v2 h1 h2 h1 h2 h0 v1 h0 h2 h1 h2 h1 h0
    = v0 v2 v2 h0 h1 h2 h1 h2 h0 v1 h0 h2 h1 h2 h1 h0
    = v0 h0 h1 h2 h1 h2 h0 v1 h0 h2 h1 h2 h1 h0
    = v0 h0 h1 h2 h1 h2 v1 h0 h0 h2 h1 h2 h1 h0
    = v0 h0 h1 h2 h1 v0 h2 h0 h0 h2 h1 h2 h1 h0
    = v0 h0 h1 h2 v0 h1 h2 h0 h0 h2 h1 h2 h1 h0
    = v0 h0 h1 v1 h2 h1 h2 h0 h0 h2 h1 h2 h1 h0
    = v0 h0 v1 h1 h2 h1 h2 h0 h0 h2 h1 h2 h1 h0
    = v0 v1 h0 h1 h2 h1 h2 h0 h0 h2 h1 h2 h1 h0
    = h0 h1 h2 h1 h2 h0 h0 h2 h1 h2 h1 h0
    = h0 h1 h2 h1 h2 h2 h1 h2 h1 h0
    = h0 h1 h2 h1 h1 h2 h1 h0
    = h0 h1 h2 h2 h1 h0
    = h0 h1 h1 h0
    = h0 h0
    = 1
class 45 chain of length 6 with 4 inverting steps verified: Gamma^+ is not left-orderable
  (K) v|h3143 inverts v000020|h:
    h3 h1 h4 h3 v0 v0 v0 v0 v2 v0 h3 h4 h1 h3 v0 v0 v0 v0 v2 v0
    = h3 h1 h4 v0 h1 v0 v0 v0 v2 v0 h3 h4 h1 h3 v0 v0 v0 v0 v2 v0
    = h3 h1 v2 h3 h1 v0 v0 v0 v2 v0 h3 h4 h1 h3 v0 v0 v0 v0 v2 v0
    = h3 v2 h2 h3 h1 v0 v0 v0 v2 v0 h3 h4 h1 h3 v0 v0 v0 v0 v2 v0
    = v1 h4 h2 h3 h1 v0 v0 v0 v2 v0 h3 h4 h1 h3 v0 v0 v0 v0 v2 v0
    = v1 h4 h2 h3 v0 h2 v0 v0 v2 v0 h3 h4 h1 h3 v0 v0 v0 v0 v2 v0
    = v1 h4 h2 v0 h1 h2 v0 v0 v2 v0 h3 h4 h1 h3 v0 v0 v0 v0 v2 v0
    = v1 h4 v0 h4 h1 h2 v0 v0 v2 v0 h3 h4 h1 h3 v0 v0 v0 v0 v2 v0
    = v1 v2 h3 h4 h1 h2 v0 v0 v2 v0 h3 h4 h1 h3 v0 v0 v0 v0 v2 v0
    = v1 v2 h3 h4 h1 v0 h4 v0 v2 v0 h3 h4 h1 h3 v0 v0 v0 v0 v2 v0
    = v1 v2 h3 h4 v0 h2 h4 v0 v2 v0 h3 h4 h1 h3 v0 v0 v0 v0 v2 v0
    = v1 v2 h3 v2 h3 h2 h4 v0 v2 v0 h3 h4 h1 h3 v0 v0 v0 v0 v2 v0
    = v1 v2 v1 h4 h3 h2 h4 v0 v2 v0 h3 h4 h1 h3 v0 v0 v0 v0 v2 v0
    = v1 v2 v1 h4 h3 h2 v2 h3 v2 v0 h3 h4 h1 h3 v0 v0 v0 v0 v2 v0
    = v1 v2 v1 h4 h3 v2 h1 h3 v2 v0 h3 h4 h1 h3 v0 v0 v0 v0 v2 v0
    = v1 v2 v1 h4 v1 h4 h1 h3 v2 v0 h3 h4 h1 h3 v0 v0 v0 v0 v2 v0
    = v1 v2 v1 v1 h2 h4 h1 h3 v2 v0 h3 h4 h1 h3 v0 v0 v0 v0 v2 v0
    = v1 v2 v1 v1 h2 h4 h1 v1 h4 v0 h3 h4 h1 h3 v0 v0 v0 v0 v2 v0
    = v1 v2 v1 v1 h2 h4 v1 h3 h4 v0 h3 h4 h1 h3 v0 v0 v0 v0 v2 v0
    = v1 v2 v1 v1 h2 v1 h2 h3 h4 v0 h3 h4 h1 h3 v0 v0 v0 v0 v2 v0
    = v1 v2 v1 v1 v1 h1 h2 h3 h4 v0 h3 h4 h1 h3 v0 v0 v0 v0 v2 v0
    = v1 v2 v1 v1 v1 h1 h2 h3 v2 h3 h3 h4 h1 h3 v0 v0 v0 v0 v2 v0
    = v1 v2 v1 v1 v1 h1 h2 v1 h4 h3 h3 h4 h1 h3 v0 v0 v0 v0 v2 v0
    = v1 v2 v1 v1 v1 h1 v1 h1 h4 h3 h3 h4 h1 h3 v0 v0 v0 v0 v2 v0
    = v1 v2 v1 v1 v1 v1 h3 h1 h4 h3 h3 h4 h1 h3 v0 v0 v0 v0 v2 v0
    = v1 v2 v1 v1 v1 v1 h3 h1 h4 h4 h1 h3 v0 v0 v0 v0 v2 v0
    = v1 v2 v1 v1 v1 v1 h3 h1 h1 h3 v0 v0 v0 v0 v2 v0
    = v1 v2 v1 v1 v1 v1 h3 h3 v0 v0 v0 v0 v2 v0
    = v1 v2 v1 v1 v1 v1 v0 v0 v0 v0 v2 v0
    = v1 v2 v1 v1 v1 v0 v0 v0 v2 v0
    = v1 v2 v1 v1 v0 v0 v2 v0
    = v1 v2 v1 v0 v2 v0
    = v1 v2 v2 v0
    = v1 v0
    = 1
  (R) v|h3143 = r^1, v|h341413 = r^-2, r = v|h3143
  (K) v000212|h inverts v|h341413:
    v0 v0 v0 v2 v1 v2 h3 h4 h1 h4 h1 h3 v2 v0 v2 v1 v1 v1 h3 h4 h1 h4 h1 h3
    = v0 v0 v0 v2 v1 v2 h3 h4 h1 h4 h1 v1 h4 v0 v2 v1 v1 v1 h3 h4 h1 h4 h1 h3
    = v0 v0 v0 v2 v1 v2 h3 h4 h1 h4 v1 h3 h4 v0 v2 v1 v1 v1 h3 h4 h1 h4 h1 h3
    = v0 v0 v0 v2 v1 v2 h3 h4 h1 v1 h2 h3 h4 v0 v2 v1 v1 v1 h3 h4 h1 h4 h1 h3
    = v0 v0 v0 v2 v1 v2 h3 h4 v1 h3 h2 h3 h4 v0 v2 v1 v1 v1 h3 h4 h1 h4 h1 h3
    = v0 v0 v0 v2 v1 v2 h3 v1 h2 h3 h2 h3 h4 v0 v2 v1 v1 v1 h3 h4 h1 h4 h1 h3
    = v0 v0 v0 v2 v1 v2 v2 h4 h2 h3 h2 h3 h4 v0 v2 v1 v1 v1 h3 h4 h1 h4 h1 h3
    = v0 v0 v0 v2 v1 h4 h2 h3 h2 h3 h4 v0 v2 v1 v1 v1 h3 h4 h1 h4 h1 h3
    = v0 v0 v0 v2 v1 h4 h2 h3 h2 h3 v2 h3 v2 v1 v1 v1 h3 h4 h1 h4 h1 h3
    = v0 v0 v0 v2 v1 h4 h2 h3 h2 v1 h4 h3 v2 v1 v1 v1 h3 h4 h1 h4 h1 h3
    = v0 v0 v0 v2 v1 h4 h2 h3 v1 h1 h4 h3 v2 v1 v1 v1 h3 h4 h1 h4 h1 h3
    = v0 v0 v0 v2 v1 h4 h2 v2 h4 h1 h4 h3 v2 v1 v1 v1 h3 h4 h1 h4 h1 h3
    = v0 v0 v0 v2 v1 h4 v2 h1 h4 h1 h4 h3 v2 v1 v1 v1 h3 h4 h1 h4 h1 h3
    = v0 v0 v0 v2 v1 v0 h3 h1 h4 h1 h4 h3 v2 v1 v1 v1 h3 h4 h1 h4 h1 h3
    = v0 v0 v0 v2 h3 h1 h4 h1 h4 h3 v2 v1 v1 v1 h3 h4 h1 h4 h1 h3
    = v0 v0 v0 v2 h3 h1 h4 h1 h4 v1 h4 v1 v1 v1 h3 h4 h1 h4 h1 h3
    = v0 v0 v0 v2 h3 h1 h4 h1 v1 h2 h4 v1 v1 v1 h3 h4 h1 h4 h1 h3
    = v0 v0 v0 v2 h3 h1 h4 v1 h3 h2 h4 v1 v1 v1 h3 h4 h1 h4 h1 h3
    = v0 v0 v0 v2 h3 h1 v1 h2 h3 h2 h4 v1 v1 v1 h3 h4 h1 h4 h1 h3
    = v0 v0 v0 v2 h3 v1 h3 h2 h3 h2 h4 v1 v1 v1 h3 h4 h1 h4 h1 h3
    = v0 v0 v0 v2 v2 h4 h3 h2 h3 h2 h4 v1 v1 v1 h3 h4 h1 h4 h1 h3
    = v0 v0 v0 h4 h3 h2 h3 h2 h4 v1 v1 v1 h3 h4 h1 h4 h1 h3
    = v0 v0 v0 h4 h3 h2 h3 h2 v1 h2 v1 v1 h3 h4 h1 h4 h1 h3
    = v0 v0 v0 h4 h3 h2 h3 v1 h1 h2 v1 v1 h3 h4 h1 h4 h1 h3
    = v0 v0 v0 h4 h3 h2 v2 h4 h1 h2 v1 v1 h3 h4 h1 h4 h1 h3
    = v0 v0 v0 h4 h3 v2 h1 h4 h1 h2 v1 v1 h3 h4 h1 h4 h1 h3
    = v0 v0 v0 h4 v1 h4 h1 h4 h1 h2 v1 v1 h3 h4 h1 h4 h1 h3
    = v0 v0 v0 v1 h2 h4 h1 h4 h1 h2 v1 v1 h3 h4 h1 h4 h1 h3
    = v0 v0 h2 h4 h1 h4 h1 h2 v1 v1 h3 h4 h1 h4 h1 h3
    = v0 v0 h2 h4 h1 h4 h1 v1 h1 v1 h3 h4 h1 h4 h1 h3
    = v0 v0 h2 h4 h1 h4 v1 h3 h1 v1 h3 h4 h1 h4 h1 h3
    = v0 v0 h2 h4 h1 v1 h2 h3 h1 v1 h3 h4 h1 h4 h1 h3
    = v0 v0 h2 h4 v1 h3 h2 h3 h1 v1 h3 h4 h1 h4 h1 h3
    = v0 v0 h2 v1 h2 h3 h2 h3 h1 v1 h3 h4 h1 h4 h1 h3
    = v0 v0 v1 h1 h2 h3 h2 h3 h1 v1 h3 h4 h1 h4 h1 h3
    = v0 h1 h2 h3 h2 h3 h1 v1 h3 h4 h1 h4 h1 h3
    = v0 h1 h2 h3 h2 h3 v1 h3 h3 h4 h1 h4 h1 h3
    = v0 h1 h2 h3 h2 v2 h4 h3 h3 h4 h1 h4 h1 h3
    = v0 h1 h2 h3 v2 h1 h4 h3 h3 h4 h1 h4 h1 h3
    = v0 h1 h2 v1 h4 h1 h4 h3 h3 h4 h1 h4 h1 h3
    = v0 h1 v1 h1 h4 h1 h4 h3 h3 h4 h1 h4 h1 h3
    = v0 v1 h3 h1 h4 h1 h4 h3 h3 h4 h1 h4 h1 h3
    = h3 h1 h4 h1 h4 h3 h3 h4 h1 h4 h1 h3
    = h3 h1 h4 h1 h4 h4 h1 h4 h1 h3
    = h3 h1 h4 h1 h1 h4 h1 h3
    = h3 h1 h4 h4 h1 h3
    = h3 h1 h1 h3
    = h3 h3
    = 1
  (K) v|h0140 inverts v000212|h:
    h0 h1 h4 h0 v0 v0 v0 v2 v1 v2 h0 h4 h1 h0 v0 v0 v0 v2 v1 v2
    = h0 h1 h4 v0 h0 v0 v0 v2 v1 v2 h0 h4 h1 h0 v0 v0 v0 v2 v1 v2
    = h0 h1 v2 h3 h0 v0 v0 v2 v1 v2 h0 h4 h1 h0 v0 v0 v0 v2 v1 v2
    = h0 v2 h2 h3 h0 v0 v0 v2 v1 v2 h0 h4 h1 h0 v0 v0 v0 v2 v1 v2
    = v2 h0 h2 h3 h0 v0 v0 v2 v1 v2 h0 h4 h1 h0 v0 v0 v0 v2 v1 v2
    = v2 h0 h2 h3 v0 h0 v0 v2 v1 v2 h0 h4 h1 h0 v0 v0 v0 v2 v1 v2
    = v2 h0 h2 v0 h1 h0 v0 v2 v1 v2 h0 h4 h1 h0 v0 v0 v0 v2 v1 v2
    = v2 h0 v0 h4 h1 h0 v0 v2 v1 v2 h0 h4 h1 h0 v0 v0 v0 v2 v1 v2
    = v2 v0 h0 h4 h1 h0 v0 v2 v1 v2 h0 h4 h1 h0 v0 v0 v0 v2 v1 v2
    = v2 v0 h0 h4 h1 v0 h0 v2 v1 v2 h0 h4 h1 h0 v0 v0 v0 v2 v1 v2
    = v2 v0 h0 h4 v0 h2 h0 v2 v1 v2 h0 h4 h1 h0 v0 v0 v0 v2 v1 v2
    = v2 v0 h0 v2 h3 h2 h0 v2 v1 v2 h0 h4 h1 h0 v0 v0 v0 v2 v1 v2
    = v2 v0 v2 h0 h3 h2 h0 v2 v1 v2 h0 h4 h1 h0 v0 v0 v0 v2 v1 v2
    = v2 v0 v2 h0 h3 h2 v2 h0 v1 v2 h0 h4 h1 h0 v0 v0 v0 v2 v1 v2
    = v2 v0 v2 h0 h3 v2 h1 h0 v1 v2 h0 h4 h1 h0 v0 v0 v0 v2 v1 v2
    = v2 v0 v2 h0 v1 h4 h1 h0 v1 v2 h0 h4 h1 h0 v0 v0 v0 v2 v1 v2
    = v2 v0 v2 v1 h0 h4 h1 h0 v1 v2 h0 h4 h1 h0 v0 v0 v0 v2 v1 v2
    = v2 v0 v2 v1 h0 h4 h1 v1 h0 v2 h0 h4 h1 h0 v0 v0 v0 v2 v1 v2
    = v2 v0 v2 v1 h0 h4 v1 h3 h0 v2 h0 h4 h1 h0 v0 v0 v0 v2 v1 v2
    = v2 v0 v2 v1 h0 v1 h2 h3 h0 v2 h0 h4 h1 h0 v0 v0 v0 v2 v1 v2
    = v2 v0 v2 v1 v1 h0 h2 h3 h0 v2 h0 h4 h1 h0 v0 v0 v0 v2 v1 v2
    = v2 v0 v2 v1 v1 h0 h2 h3 v2 h0 h0 h4 h1 h0 v0 v0 v0 v2 v1 v2
    = v2 v0 v2 v1 v1 h0 h2 v1 h4 h0 h0 h4 h1 h0 v0 v0 v0 v2 v1 v2
    = v2 v0 v2 v1 v1 h0 v1 h1 h4 h0 h0 h4 h1 h0 v0 v0 v0 v2 v1 v2
    = v2 v0 v2 v1 v1 v1 h0 h1 h4 h0 h0 h4 h1 h0 v0 v0 v0 v2 v1 v2
    = v2 v0 v2 v1 v1 v1 h0 h1 h4 h4 h1 h0 v0 v0 v0 v2 v1 v2
    = v2 v0 v2 v1 v1 v1 h0 h1 h1 h0 v0 v0 v0 v2 v1 v2
    = v2 v0 v2 v1 v1 v1 h0 h0 v0 v0 v0 v2 v1 v2
    = v2 v0 v2 v1 v1 v1 v0 v0 v0 v2 v1 v2
    = v2 v0 v2 v1 v1 v0 v0 v2 v1 v2
    = v2 v0 v2 v1 v0 v2 v1 v2
    = v2 v0 v2 v2 v1 v2
    = v2 v0 v1 v2
    = v2 v2
    = 1
  (R) v|h0140 = r^1, v|h014140 = r^2, r = v|h0140
  (K) v000020|h inverts v|h014140:
    v0 v0 v0 v0 v2 v0 h0 h1 h4 h1 h4 h0 v1 v2 v1 v1 v1 v1 h0 h1 h4 h1 h4 h0
    = v0 v0 v0 v0 v2 v0 h0 h1 h4 h1 h4 v1 h0 v2 v1 v1 v1 v1 h0 h1 h4 h1 h4 h0
    = v0 v0 v0 v0 v2 v0 h0 h1 h4 h1 v1 h2 h0 v2 v1 v1 v1 v1 h0 h1 h4 h1 h4 h0
    = v0 v0 v0 v0 v2 v0 h0 h1 h4 v1 h3 h2 h0 v2 v1 v1 v1 v1 h0 h1 h4 h1 h4 h0
    = v0 v0 v0 v0 v2 v0 h0 h1 v1 h2 h3 h2 h0 v2 v1 v1 v1 v1 h0 h1 h4 h1 h4 h0
    = v0 v0 v0 v0 v2 v0 h0 v1 h3 h2 h3 h2 h0 v2 v1 v1 v1 v1 h0 h1 h4 h1 h4 h0
    = v0 v0 v0 v0 v2 v0 v1 h0 h3 h2 h3 h2 h0 v2 v1 v1 v1 v1 h0 h1 h4 h1 h4 h0
    = v0 v0 v0 v0 v2 h0 h3 h2 h3 h2 h0 v2 v1 v1 v1 v1 h0 h1 h4 h1 h4 h0
    = v0 v0 v0 v0 v2 h0 h3 h2 h3 h2 v2 h0 v1 v1 v1 v1 h0 h1 h4 h1 h4 h0
    = v0 v0 v0 v0 v2 h0 h3 h2 h3 v2 h1 h0 v1 v1 v1 v1 h0 h1 h4 h1 h4 h0
    = v0 v0 v0 v0 v2 h0 h3 h2 v1 h4 h1 h0 v1 v1 v1 v1 h0 h1 h4 h1 h4 h0
    = v0 v0 v0 v0 v2 h0 h3 v1 h1 h4 h1 h0 v1 v1 v1 v1 h0 h1 h4 h1 h4 h0
    = v0 v0 v0 v0 v2 h0 v2 h4 h1 h4 h1 h0 v1 v1 v1 v1 h0 h1 h4 h1 h4 h0
    = v0 v0 v0 v0 v2 v2 h0 h4 h1 h4 h1 h0 v1 v1 v1 v1 h0 h1 h4 h1 h4 h0
    = v0 v0 v0 v0 h0 h4 h1 h4 h1 h0 v1 v1 v1 v1 h0 h1 h4 h1 h4 h0
    = v0 v0 v0 v0 h0 h4 h1 h4 h1 v1 h0 v1 v1 v1 h0 h1 h4 h1 h4 h0
    = v0 v0 v0 v0 h0 h4 h1 h4 v1 h3 h0 v1 v1 v1 h0 h1 h4 h1 h4 h0
    = v0 v0 v0 v0 h0 h4 h1 v1 h2 h3 h0 v1 v1 v1 h0 h1 h4 h1 h4 h0
    = v0 v0 v0 v0 h0 h4 v1 h3 h2 h3 h0 v1 v1 v1 h0 h1 h4 h1 h4 h0
    = v0 v0 v0 v0 h0 v1 h2 h3 h2 h3 h0 v1 v1 v1 h0 h1 h4 h1 h4 h0
    = v0 v0 v0 v0 v1 h0 h2 h3 h2 h3 h0 v1 v1 v1 h0 h1 h4 h1 h4 h0
    = v0 v0 v0 h0 h2 h3 h2 h3 h0 v1 v1 v1 h0 h1 h4 h1 h4 h0
    = v0 v0 v0 h0 h2 h3 h2 h3 v1 h0 v1 v1 h0 h1 h4 h1 h4 h0
    = v0 v0 v0 h0 h2 h3 h2 v2 h4 h0 v1 v1 h0 h1 h4 h1 h4 h0
    = v0 v0 v0 h0 h2 h3 v2 h1 h4 h0 v1 v1 h0 h1 h4 h1 h4 h0
    = v0 v0 v0 h0 h2 v1 h4 h1 h4 h0 v1 v1 h0 h1 h4 h1 h4 h0
    = v0 v0 v0 h0 v1 h1 h4 h1 h4 h0 v1 v1 h0 h1 h4 h1 h4 h0
    = v0 v0 v0 v1 h0 h1 h4 h1 h4 h0 v1 v1 h0 h1 h4 h1 h4 h0
    = v0 v0 h0 h1 h4 h1 h4 h0 v1 v1 h0 h1 h4 h1 h4 h0
    = v0 v0 h0 h1 h4 h1 h4 v1 h0 v1 h0 h1 h4 h1 h4 h0
    = v0 v0 h0 h1 h4 h1 v1 h2 h0 v1 h0 h1 h4 h1 h4 h0
    = v0 v0 h0 h1 h4 v1 h3 h2 h0 v1 h0 h1 h4 h1 h4 h0
    = v0 v0 h0 h1 v1 h2 h3 h2 h0 v1 h0 h1 h4 h1 h4 h0
    = v0 v0 h0 v1 h3 h2 h3 h2 h0 v1 h0 h1 h4 h1 h4 h0
    = v0 v0 v1 h0 h3 h2 h3 h2 h0 v1 h0 h1 h4 h1 h4 h0
    = v0 h0 h3 h2 h3 h2 h0 v1 h0 h1 h4 h1 h4 h0
    = v0 h0 h3 h2 h3 h2 v1 h0 h0 h1 h4 h1 h4 h0
    = v0 h0 h3 h2 h3 v1 h1 h0 h0 h1 h4 h1 h4 h0
    = v0 h0 h3 h2 v2 h4 h1 h0 h0 h1 h4 h1 h4 h0
    = v0 h0 h3 v2 h1 h4 h1 h0 h0 h1 h4 h1 h4 h0
    = v0 h0 v1 h4 h1 h4 h1 h0 h0 h1 h4 h1 h4 h0
    = v0 v1 h0 h4 h1 h4 h1 h0 h0 h1 h4 h1 h4 h0
    = h0 h4 h1 h4 h1 h0 h0 h1 h4 h1 h4 h0
    = h0 h4 h1 h4 h1 h1 h4 h1 h4 h0
    = h0 h4 h1 h4 h4 h1 h4 h0
    = h0 h4 h1 h1 h4 h0
    = h0 h4 h4 h0
    = h0 h0
    = 1
class 82 chain of length 6 with 4 inverting steps verified: Gamma^+ is not left-orderable
  (K) v020212|h inverts v|h0101:
    v0 v2 v0 v2 v1 v2 h0 h1 h0 h1 v2 v0 v2 v1 v2 v1 h0 h1 h0 h1
    = v0 v2 v0 v2 v1 v2 h0 h1 h0 v2 h0 v0 v2 v1 v2 v1 h0 h1 h0 h1
    = v0 v2 v0 v2 v1 v2 h0 h1 v2 h1 h0 v0 v2 v1 v2 v1 h0 h1 h0 h1
    = v0 v2 v0 v2 v1 v2 h0 v2 h0 h1 h0 v0 v2 v1 v2 v1 h0 h1 h0 h1
    = v0 v2 v0 v2 v1 v2 v2 h1 h0 h1 h0 v0 v2 v1 v2 v1 h0 h1 h0 h1
    = v0 v2 v0 v2 v1 h1 h0 h1 h0 v0 v2 v1 v2 v1 h0 h1 h0 h1
    = v0 v2 v0 v2 v1 h1 h0 h1 v0 h0 v2 v1 v2 v1 h0 h1 h0 h1
    = v0 v2 v0 v2 v1 h1 h0 v1 h1 h0 v2 v1 v2 v1 h0 h1 h0 h1
    = v0 v2 v0 v2 v1 h1 v1 h0 h1 h0 v2 v1 v2 v1 h0 h1 h0 h1
    = v0 v2 v0 v2 v1 v0 h1 h0 h1 h0 v2 v1 v2 v1 h0 h1 h0 h1
    = v0 v2 v0 v2 h1 h0 h1 h0 v2 v1 v2 v1 h0 h1 h0 h1
    = v0 v2 v0 v2 h1 h0 h1 v2 h1 v1 v2 v1 h0 h1 h0 h1
    = v0 v2 v0 v2 h1 h0 v2 h0 h1 v1 v2 v1 h0 h1 h0 h1
    = v0 v2 v0 v2 h1 v2 h1 h0 h1 v1 v2 v1 h0 h1 h0 h1
    = v0 v2 v0 v2 v2 h0 h1 h0 h1 v1 v2 v1 h0 h1 h0 h1
    = v0 v2 v0 h0 h1 h0 h1 v1 v2 v1 h0 h1 h0 h1
    = v0 v2 v0 h0 h1 h0 v0 h1 v2 v1 h0 h1 h0 h1
    = v0 v2 v0 h0 h1 v0 h0 h1 v2 v1 h0 h1 h0 h1
    = v0 v2 v0 h0 v1 h1 h0 h1 v2 v1 h0 h1 h0 h1
    = v0 v2 v0 v1 h0 h1 h0 h1 v2 v1 h0 h1 h0 h1
    = v0 v2 h0 h1 h0 h1 v2 v1 h0 h1 h0 h1
    = v0 v2 h0 h1 h0 v2 h0 v1 h0 h1 h0 h1
    = v0 v2 h0 h1 v2 h1 h0 v1 h0 h1 h0 h1
    = v0 v2 h0 v2 h0 h1 h0 v1 h0 h1 h0 h1
    = v0 v2 v2 h1 h0 h1 h0 v1 h0 h1 h0 h1
    = v0 h1 h0 h1 h0 v1 h0 h1 h0 h1
    = v0 h1 h0 h1 v1 h0 h0 h1 h0 h1
    = v0 h1 h0 v0 h1 h0 h0 h1 h0 h1
    = v0 h1 v0 h0 h1 h0 h0 h1 h0 h1
    = v0 v1 h1 h0 h1 h0 h0 h1 h0 h1
    = h1 h0 h1 h0 h0 h1 h0 h1
    = h1 h0 h1 h1 h0 h1
    = h1 h0 h0 h1
    = h1 h1
    = 1
  (K) v|h4104 inverts v020212|h:
    h4 h1 h0 h4 v0 v2 v0 v2 v1 v2 h4 h0 h1 h4 v0 v2 v0 v2 v1 v2
    = h4 h1 h0 v0 h2 v2 v0 v2 v1 v2 h4 h0 h1 h4 v0 v2 v0 v2 v1 v2
    = h4 h1 v0 h0 h2 v2 v0 v2 v1 v2 h4 h0 h1 h4 v0 v2 v0 v2 v1 v2
    = h4 v1 h1 h0 h2 v2 v0 v2 v1 v2 h4 h0 h1 h4 v0 v2 v0 v2 v1 v2
    = v2 h3 h1 h0 h2 v2 v0 v2 v1 v2 h4 h0 h1 h4 v0 v2 v0 v2 v1 v2
    = v2 h3 h1 h0 v2 h2 v0 v2 v1 v2 h4 h0 h1 h4 v0 v2 v0 v2 v1 v2
    = v2 h3 h1 v2 h1 h2 v0 v2 v1 v2 h4 h0 h1 h4 v0 v2 v0 v2 v1 v2
    = v2 h3 v2 h0 h1 h2 v0 v2 v1 v2 h4 h0 h1 h4 v0 v2 v0 v2 v1 v2
    = v2 v0 h4 h0 h1 h2 v0 v2 v1 v2 h4 h0 h1 h4 v0 v2 v0 v2 v1 v2
    = v2 v0 h4 h0 h1 v0 h3 v2 v1 v2 h4 h0 h1 h4 v0 v2 v0 v2 v1 v2
    = v2 v0 h4 h0 v1 h1 h3 v2 v1 v2 h4 h0 h1 h4 v0 v2 v0 v2 v1 v2
    = v2 v0 h4 v1 h0 h1 h3 v2 v1 v2 h4 h0 h1 h4 v0 v2 v0 v2 v1 v2
    = v2 v0 v2 h3 h0 h1 h3 v2 v1 v2 h4 h0 h1 h4 v0 v2 v0 v2 v1 v2
    = v2 v0 v2 h3 h0 h1 v0 h4 v1 v2 h4 h0 h1 h4 v0 v2 v0 v2 v1 v2
    = v2 v0 v2 h3 h0 v1 h1 h4 v1 v2 h4 h0 h1 h4 v0 v2 v0 v2 v1 v2
    = v2 v0 v2 h3 v1 h0 h1 h4 v1 v2 h4 h0 h1 h4 v0 v2 v0 v2 v1 v2
    = v2 v0 v2 v1 h2 h0 h1 h4 v1 v2 h4 h0 h1 h4 v0 v2 v0 v2 v1 v2
    = v2 v0 v2 v1 h2 h0 h1 v2 h3 v2 h4 h0 h1 h4 v0 v2 v0 v2 v1 v2
    = v2 v0 v2 v1 h2 h0 v2 h0 h3 v2 h4 h0 h1 h4 v0 v2 v0 v2 v1 v2
    = v2 v0 v2 v1 h2 v2 h1 h0 h3 v2 h4 h0 h1 h4 v0 v2 v0 v2 v1 v2
    = v2 v0 v2 v1 v2 h2 h1 h0 h3 v2 h4 h0 h1 h4 v0 v2 v0 v2 v1 v2
    = v2 v0 v2 v1 v2 h2 h1 h0 v0 h4 h4 h0 h1 h4 v0 v2 v0 v2 v1 v2
    = v2 v0 v2 v1 v2 h2 h1 v0 h0 h4 h4 h0 h1 h4 v0 v2 v0 v2 v1 v2
    = v2 v0 v2 v1 v2 h2 v1 h1 h0 h4 h4 h0 h1 h4 v0 v2 v0 v2 v1 v2
    = v2 v0 v2 v1 v2 v1 h4 h1 h0 h4 h4 h0 h1 h4 v0 v2 v0 v2 v1 v2
    = v2 v0 v2 v1 v2 v1 h4 h1 h0 h0 h1 h4 v0 v2 v0 v2 v1 v2
    = v2 v0 v2 v1 v2 v1 h4 h1 h1 h4 v0 v2 v0 v2 v1 v2
    = v2 v0 v2 v1 v2 v1 h4 h4 v0 v2 v0 v2 v1 v2
    = v2 v0 v2 v1 v2 v1 v0 v2 v0 v2 v1 v2
    = v2 v0 v2 v1 v2 v2 v0 v2 v1 v2
    = v2 v0 v2 v1 v0 v2 v1 v2
    = v2 v0 v2 v2 v1 v2
    = v2 v0 v1 v2
    = v2 v2
    = 1
  (R) v|h4104 = r^-1, v|h410104 = r^-2, r = v|h4014
  (K) v121121|h inverts v|h410104:
    v1 v2 v1 v1 v2 v1 h4 h1 h0 h1 h0 h4 v0 v2 v0 v0 v2 v0 h4 h1 h0 h1 h0 h4
    = v1 v2 v1 v1 v2 v1 h4 h1 h0 h1 h0 v0 h2 v2 v0 v0 v2 v0 h4 h1 h0 h1 h0 h4
    = v1 v2 v1 v1 v2 v1 h4 h1 h0 h1 v0 h0 h2 v2 v0 v0 v2 v0 h4 h1 h0 h1 h0 h4
    = v1 v2 v1 v1 v2 v1 h4 h1 h0 v1 h1 h0 h2 v2 v0 v0 v2 v0 h4 h1 h0 h1 h0 h4
    = v1 v2 v1 v1 v2 v1 h4 h1 v1 h0 h1 h0 h2 v2 v0 v0 v2 v0 h4 h1 h0 h1 h0 h4
    = v1 v2 v1 v1 v2 v1 h4 v0 h1 h0 h1 h0 h2 v2 v0 v0 v2 v0 h4 h1 h0 h1 h0 h4
    = v1 v2 v1 v1 v2 v1 v0 h2 h1 h0 h1 h0 h2 v2 v0 v0 v2 v0 h4 h1 h0 h1 h0 h4
    = v1 v2 v1 v1 v2 h2 h1 h0 h1 h0 h2 v2 v0 v0 v2 v0 h4 h1 h0 h1 h0 h4
    = v1 v2 v1 v1 v2 h2 h1 h0 h1 h0 v2 h2 v0 v0 v2 v0 h4 h1 h0 h1 h0 h4
    = v1 v2 v1 v1 v2 h2 h1 h0 h1 v2 h1 h2 v0 v0 v2 v0 h4 h1 h0 h1 h0 h4
    = v1 v2 v1 v1 v2 h2 h1 h0 v2 h0 h1 h2 v0 v0 v2 v0 h4 h1 h0 h1 h0 h4
    = v1 v2 v1 v1 v2 h2 h1 v2 h1 h0 h1 h2 v0 v0 v2 v0 h4 h1 h0 h1 h0 h4
    = v1 v2 v1 v1 v2 h2 v2 h0 h1 h0 h1 h2 v0 v0 v2 v0 h4 h1 h0 h1 h0 h4
    = v1 v2 v1 v1 v2 v2 h2 h0 h1 h0 h1 h2 v0 v0 v2 v0 h4 h1 h0 h1 h0 h4
    = v1 v2 v1 v1 h2 h0 h1 h0 h1 h2 v0 v0 v2 v0 h4 h1 h0 h1 h0 h4
    = v1 v2 v1 v1 h2 h0 h1 h0 h1 v0 h3 v0 v2 v0 h4 h1 h0 h1 h0 h4
    = v1 v2 v1 v1 h2 h0 h1 h0 v1 h1 h3 v0 v2 v0 h4 h1 h0 h1 h0 h4
    = v1 v2 v1 v1 h2 h0 h1 v1 h0 h1 h3 v0 v2 v0 h4 h1 h0 h1 h0 h4
    = v1 v2 v1 v1 h2 h0 v0 h1 h0 h1 h3 v0 v2 v0 h4 h1 h0 h1 h0 h4
    = v1 v2 v1 v1 h2 v0 h0 h1 h0 h1 h3 v0 v2 v0 h4 h1 h0 h1 h0 h4
    = v1 v2 v1 v1 v0 h3 h0 h1 h0 h1 h3 v0 v2 v0 h4 h1 h0 h1 h0 h4
    = v1 v2 v1 h3 h0 h1 h0 h1 h3 v0 v2 v0 h4 h1 h0 h1 h0 h4
    = v1 v2 v1 h3 h0 h1 h0 h1 v2 h4 v2 v0 h4 h1 h0 h1 h0 h4
    = v1 v2 v1 h3 h0 h1 h0 v2 h0 h4 v2 v0 h4 h1 h0 h1 h0 h4
    = v1 v2 v1 h3 h0 h1 v2 h1 h0 h4 v2 v0 h4 h1 h0 h1 h0 h4
    = v1 v2 v1 h3 h0 v2 h0 h1 h0 h4 v2 v0 h4 h1 h0 h1 h0 h4
    = v1 v2 v1 h3 v2 h1 h0 h1 h0 h4 v2 v0 h4 h1 h0 h1 h0 h4
    = v1 v2 v1 v0 h4 h1 h0 h1 h0 h4 v2 v0 h4 h1 h0 h1 h0 h4
    = v1 v2 h4 h1 h0 h1 h0 h4 v2 v0 h4 h1 h0 h1 h0 h4
    = v1 v2 h4 h1 h0 h1 h0 v1 h3 v0 h4 h1 h0 h1 h0 h4
    = v1 v2 h4 h1 h0 h1 v1 h0 h3 v0 h4 h1 h0 h1 h0 h4
    = v1 v2 h4 h1 h0 v0 h1 h0 h3 v0 h4 h1 h0 h1 h0 h4
    = v1 v2 h4 h1 v0 h0 h1 h0 h3 v0 h4 h1 h0 h1 h0 h4
    = v1 v2 h4 v1 h1 h0 h1 h0 h3 v0 h4 h1 h0 h1 h0 h4
    = v1 v2 v2 h3 h1 h0 h1 h0 h3 v0 h4 h1 h0 h1 h0 h4
    = v1 h3 h1 h0 h1 h0 h3 v0 h4 h1 h0 h1 h0 h4
    = v1 h3 h1 h0 h1 h0 v2 h4 h4 h1 h0 h1 h0 h4
    = v1 h3 h1 h0 h1 v2 h1 h4 h4 h1 h0 h1 h0 h4
    = v1 h3 h1 h0 v2 h0 h1 h4 h4 h1 h0 h1 h0 h4
    = v1 h3 h1 v2 h1 h0 h1 h4 h4 h1 h0 h1 h0 h4
    = v1 h3 v2 h0 h1 h0 h1 h4 h4 h1 h0 h1 h0 h4
    = v1 v0 h4 h0 h1 h0 h1 h4 h4 h1 h0 h1 h0 h4
    = h4 h0 h1 h0 h1 h4 h4 h1 h0 h1 h0 h4
    = h4 h0 h1 h0 h1 h1 h0 h1 h0 h4
    = h4 h0 h1 h0 h0 h1 h0 h4
    = h4 h0 h1 h1 h0 h4
    = h4 h0 h0 h4
    = h4 h4
    = 1
  (K) v|h01 inverts v121121|h:
    h0 h1 v1 v2 v1 v1 v2 v1 h1 h0 v1 v2 v1 v1 v2 v1
    = h0 v0 h1 v2 v1 v1 v2 v1 h1 h0 v1 v2 v1 v1 v2 v1
    = v0 h0 h1 v2 v1 v1 v2 v1 h1 h0 v1 v2 v1 v1 v2 v1
    = v0 h0 v2 h0 v1 v1 v2 v1 h1 h0 v1 v2 v1 v1 v2 v1
    = v0 v2 h1 h0 v1 v1 v2 v1 h1 h0 v1 v2 v1 v1 v2 v1
    = v0 v2 h1 v1 h0 v1 v2 v1 h1 h0 v1 v2 v1 v1 v2 v1
    = v0 v2 v0 h1 h0 v1 v2 v1 h1 h0 v1 v2 v1 v1 v2 v1
    = v0 v2 v0 h1 v1 h0 v2 v1 h1 h0 v1 v2 v1 v1 v2 v1
    = v0 v2 v0 v0 h1 h0 v2 v1 h1 h0 v1 v2 v1 v1 v2 v1
    = v0 v2 v0 v0 h1 v2 h1 v1 h1 h0 v1 v2 v1 v1 v2 v1
    = v0 v2 v0 v0 v2 h0 h1 v1 h1 h0 v1 v2 v1 v1 v2 v1
    = v0 v2 v0 v0 v2 h0 v0 h1 h1 h0 v1 v2 v1 v1 v2 v1
    = v0 v2 v0 v0 v2 v0 h0 h1 h1 h0 v1 v2 v1 v1 v2 v1
    = v0 v2 v0 v0 v2 v0 h0 h0 v1 v2 v1 v1 v2 v1
    = v0 v2 v0 v0 v2 v0 v1 v2 v1 v1 v2 v1
    = v0 v2 v0 v0 v2 v2 v1 v1 v2 v1
    = v0 v2 v0 v0 v1 v1 v2 v1
    = v0 v2 v0 v1 v2 v1
    = v0 v2 v2 v1
    = v0 v1
    = 1
  (R) v|h01 = r^1, v|h0101 = r^2, r = v|h01
class 149 chain of length 6 with 4 inverting steps verified: Gamma^+ is not left-orderable
  (K) v0211|h inverts v|h0101:
    v0 v2 v1 v1 h0 h1 h0 h1 v0 v0 v2 v1 h0 h1 h0 h1
    = v0 v2 v1 v1 h0 h1 h0 v1 h1 v0 v2 v1 h0 h1 h0 h1
    = v0 v2 v1 v1 h0 h1 v1 h0 h1 v0 v2 v1 h0 h1 h0 h1
    = v0 v2 v1 v1 h0 v0 h1 h0 h1 v0 v2 v1 h0 h1 h0 h1
    = v0 v2 v1 v1 v0 h0 h1 h0 h1 v0 v2 v1 h0 h1 h0 h1
    = v0 v2 v1 h0 h1 h0 h1 v0 v2 v1 h0 h1 h0 h1
    = v0 v2 v1 h0 h1 h0 v1 h1 v2 v1 h0 h1 h0 h1
    = v0 v2 v1 h0 h1 v1 h0 h1 v2 v1 h0 h1 h0 h1
    = v0 v2 v1 h0 v0 h1 h0 h1 v2 v1 h0 h1 h0 h1
    = v0 v2 v1 v0 h0 h1 h0 h1 v2 v1 h0 h1 h0 h1
    = v0 v2 h0 h1 h0 h1 v2 v1 h0 h1 h0 h1
    = v0 v2 h0 h1 h0 v2 h0 v1 h0 h1 h0 h1
    = v0 v2 h0 h1 v2 h1 h0 v1 h0 h1 h0 h1
    = v0 v2 h0 v2 h0 h1 h0 v1 h0 h1 h0 h1
    = v0 v2 v2 h1 h0 h1 h0 v1 h0 h1 h0 h1
    = v0 h1 h0 h1 h0 v1 h0 h1 h0 h1
    = v0 h1 h0 h1 v1 h0 h0 h1 h0 h1
    = v0 h1 h0 v0 h1 h0 h0 h1 h0 h1
    = v0 h1 v0 h0 h1 h0 h0 h1 h0 h1
    = v0 v1 h1 h0 h1 h0 h0 h1 h0 h1
    = h1 h0 h1 h0 h0 h1 h0 h1
    = h1 h0 h1 h1 h0 h1
    = h1 h0 h0 h1
    = h1 h1
    = 1
  (K) v|h3103 inverts v0211|h:
    h3 h1 h0 h3 v0 v2 v1 v1 h3 h0 h1 h3 v0 v2 v1 v1
    = h3 h1 h0 v2 h2 v2 v1 v1 h3 h0 h1 h3 v0 v2 v1 v1
    = h3 h1 v2 h1 h2 v2 v1 v1 h3 h0 h1 h3 v0 v2 v1 v1
    = h3 v2 h0 h1 h2 v2 v1 v1 h3 h0 h1 h3 v0 v2 v1 v1
    = v0 h2 h0 h1 h2 v2 v1 v1 h3 h0 h1 h3 v0 v2 v1 v1
    = v0 h2 h0 h1 v1 h3 v1 v1 h3 h0 h1 h3 v0 v2 v1 v1
    = v0 h2 h0 v0 h1 h3 v1 v1 h3 h0 h1 h3 v0 v2 v1 v1
    = v0 h2 v0 h0 h1 h3 v1 v1 h3 h0 h1 h3 v0 v2 v1 v1
    = v0 v0 h3 h0 h1 h3 v1 v1 h3 h0 h1 h3 v0 v2 v1 v1
    = v0 v0 h3 h0 h1 v1 h2 v1 h3 h0 h1 h3 v0 v2 v1 v1
    = v0 v0 h3 h0 v0 h1 h2 v1 h3 h0 h1 h3 v0 v2 v1 v1
    = v0 v0 h3 v0 h0 h1 h2 v1 h3 h0 h1 h3 v0 v2 v1 v1
    = v0 v0 v2 h2 h0 h1 h2 v1 h3 h0 h1 h3 v0 v2 v1 v1
    = v0 v0 v2 h2 h0 h1 v2 h3 h3 h0 h1 h3 v0 v2 v1 v1
    = v0 v0 v2 h2 h0 v2 h0 h3 h3 h0 h1 h3 v0 v2 v1 v1
    = v0 v0 v2 h2 v2 h1 h0 h3 h3 h0 h1 h3 v0 v2 v1 v1
    = v0 v0 v2 v1 h3 h1 h0 h3 h3 h0 h1 h3 v0 v2 v1 v1
    = v0 v0 v2 v1 h3 h1 h0 h0 h1 h3 v0 v2 v1 v1
    = v0 v0 v2 v1 h3 h1 h1 h3 v0 v2 v1 v1
    = v0 v0 v2 v1 h3 h3 v0 v2 v1 v1
    = v0 v0 v2 v1 v0 v2 v1 v1
    = v0 v0 v2 v2 v1 v1
    = v0 v0 v1 v1
    = v0 v1
    = 1
  (R) v|h3103 = r^-1, v|h301013 = r^2, r = v|h3013
  (K) v00|h inverts v|h301013:
    v0 v0 h3 h0 h1 h0 h1 h3 v1 v1 h3 h0 h1 h0 h1 h3
    = v0 v0 h3 h0 h1 h0 h1 v1 h2 v1 h3 h0 h1 h0 h1 h3
    = v0 v0 h3 h0 h1 h0 v0 h1 h2 v1 h3 h0 h1 h0 h1 h3
    = v0 v0 h3 h0 h1 v0 h0 h1 h2 v1 h3 h0 h1 h0 h1 h3
    = v0 v0 h3 h0 v1 h1 h0 h1 h2 v1 h3 h0 h1 h0 h1 h3
    = v0 v0 h3 v1 h0 h1 h0 h1 h2 v1 h3 h0 h1 h0 h1 h3
    = v0 v0 v1 h2 h0 h1 h0 h1 h2 v1 h3 h0 h1 h0 h1 h3
    = v0 h2 h0 h1 h0 h1 h2 v1 h3 h0 h1 h0 h1 h3
    = v0 h2 h0 h1 h0 h1 v2 h3 h3 h0 h1 h0 h1 h3
    = v0 h2 h0 h1 h0 v2 h0 h3 h3 h0 h1 h0 h1 h3
    = v0 h2 h0 h1 v2 h1 h0 h3 h3 h0 h1 h0 h1 h3
    = v0 h2 h0 v2 h0 h1 h0 h3 h3 h0 h1 h0 h1 h3
    = v0 h2 v2 h1 h0 h1 h0 h3 h3 h0 h1 h0 h1 h3
    = v0 v1 h3 h1 h0 h1 h0 h3 h3 h0 h1 h0 h1 h3
    = h3 h1 h0 h1 h0 h3 h3 h0 h1 h0 h1 h3
    = h3 h1 h0 h1 h0 h0 h1 h0 h1 h3
    = h3 h1 h0 h1 h1 h0 h1 h3
    = h3 h1 h0 h0 h1 h3
    = h3 h1 h1 h3
    = h3 h3
    = 1
  (K) v|h10 inverts v00|h:
    h1 h0 v0 v0 h0 h1 v0 v0
    = h1 v0 h0 v0 h0 h1 v0 v0
    = v1 h1 h0 v0 h0 h1 v0 v0
    = v1 h1 v0 h0 h0 h1 v0 v0
    = v1 v1 h1 h0 h0 h1 v0 v0
    = v1 v1 h1 h1 v0 v0
    = v1 v1 v0 v0
    = v1 v0
    = 1
  (R) v|h10 = r^-1, v|h0101 = r^2, r = v|h01
class 150 chain of length 6 with 4 inverting steps verified: Gamma^+ is not left-orderable
  (R) v00|h = r^1, v0000|h = r^2, r = v00|h
  (K) v|h421210 inverts v0000|h:
    h4 h2 h1 h2 h1 h0 v0 v0 v0 v0 h0 h1 h2 h1 h2 h4 v0 v0 v0 v0
    = h4 h2 h1 h2 h1 v0 h1 v0 v0 v0 h0 h1 h2 h1 h2 h4 v0 v0 v0 v0
    = h4 h2 h1 h2 v0 h3 h1 v0 v0 v0 h0 h1 h2 h1 h2 h4 v0 v0 v0 v0
    = h4 h2 h1 v0 h0 h3 h1 v0 v0 v0 h0 h1 h2 h1 h2 h4 v0 v0 v0 v0
    = h4 h2 v0 h3 h0 h3 h1 v0 v0 v0 h0 h1 h2 h1 h2 h4 v0 v0 v0 v0
    = h4 v0 h0 h3 h0 h3 h1 v0 v0 v0 h0 h1 h2 h1 h2 h4 v0 v0 v0 v0
    = v1 h4 h0 h3 h0 h3 h1 v0 v0 v0 h0 h1 h2 h1 h2 h4 v0 v0 v0 v0
    = v1 h4 h0 h3 h0 h3 v0 h3 v0 v0 h0 h1 h2 h1 h2 h4 v0 v0 v0 v0
    = v1 h4 h0 h3 h0 v0 h2 h3 v0 v0 h0 h1 h2 h1 h2 h4 v0 v0 v0 v0
    = v1 h4 h0 h3 v0 h1 h2 h3 v0 v0 h0 h1 h2 h1 h2 h4 v0 v0 v0 v0
    = v1 h4 h0 v0 h2 h1 h2 h3 v0 v0 h0 h1 h2 h1 h2 h4 v0 v0 v0 v0
    = v1 h4 v0 h1 h2 h1 h2 h3 v0 v0 h0 h1 h2 h1 h2 h4 v0 v0 v0 v0
    = v1 v1 h4 h1 h2 h1 h2 h3 v0 v0 h0 h1 h2 h1 h2 h4 v0 v0 v0 v0
    = v1 v1 h4 h1 h2 h1 h2 v0 h2 v0 h0 h1 h2 h1 h2 h4 v0 v0 v0 v0
    = v1 v1 h4 h1 h2 h1 v0 h0 h2 v0 h0 h1 h2 h1 h2 h4 v0 v0 v0 v0
    = v1 v1 h4 h1 h2 v0 h3 h0 h2 v0 h0 h1 h2 h1 h2 h4 v0 v0 v0 v0
    = v1 v1 h4 h1 v0 h0 h3 h0 h2 v0 h0 h1 h2 h1 h2 h4 v0 v0 v0 v0
    = v1 v1 h4 v0 h3 h0 h3 h0 h2 v0 h0 h1 h2 h1 h2 h4 v0 v0 v0 v0
    = v1 v1 v1 h4 h3 h0 h3 h0 h2 v0 h0 h1 h2 h1 h2 h4 v0 v0 v0 v0
    = v1 v1 v1 h4 h3 h0 h3 h0 v0 h0 h0 h1 h2 h1 h2 h4 v0 v0 v0 v0
    = v1 v1 v1 h4 h3 h0 h3 v0 h1 h0 h0 h1 h2 h1 h2 h4 v0 v0 v0 v0
    = v1 v1 v1 h4 h3 h0 v0 h2 h1 h0 h0 h1 h2 h1 h2 h4 v0 v0 v0 v0
    = v1 v1 v1 h4 h3 v0 h1 h2 h1 h0 h0 h1 h2 h1 h2 h4 v0 v0 v0 v0
    = v1 v1 v1 h4 v0 h2 h1 h2 h1 h0 h0 h1 h2 h1 h2 h4 v0 v0 v0 v0
    = v1 v1 v1 v1 h4 h2 h1 h2 h1 h0 h0 h1 h2 h1 h2 h4 v0 v0 v0 v0
    = v1 v1 v1 v1 h4 h2 h1 h2 h1 h1 h2 h1 h2 h4 v0 v0 v0 v0
    = v1 v1 v1 v1 h4 h2 h1 h2 h2 h1 h2 h4 v0 v0 v0 v0
    = v1 v1 v1 v1 h4 h2 h1 h1 h2 h4 v0 v0 v0 v0
    = v1 v1 v1 v1 h4 h2 h2 h4 v0 v0 v0 v0
    = v1 v1 v1 v1 h4 h4 v0 v0 v0 v0
    = v1 v1 v1 v1 v0 v0 v0 v0
    = v1 v1 v1 v0 v0 v0
    = v1 v1 v0 v0
    = v1 v0
    = 1
  (K) v2002|h inverts v|h421210:
    v2 v0 v0 v2 h4 h2 h1 h2 h1 h0 v2 v1 v1 v2 h4 h2 h1 h2 h1 h0
    = v2 v0 v0 v2 h4 h2 h1 h2 h1 v2 h0 v1 v1 v2 h4 h2 h1 h2 h1 h0
    = v2 v0 v0 v2 h4 h2 h1 h2 v2 h1 h0 v1 v1 v2 h4 h2 h1 h2 h1 h0
    = v2 v0 v0 v2 h4 h2 h1 v2 h2 h1 h0 v1 v1 v2 h4 h2 h1 h2 h1 h0
    = v2 v0 v0 v2 h4 h2 v2 h1 h2 h1 h0 v1 v1 v2 h4 h2 h1 h2 h1 h0
    = v2 v0 v0 v2 h4 v2 h2 h1 h2 h1 h0 v1 v1 v2 h4 h2 h1 h2 h1 h0
    = v2 v0 v0 v2 v2 h3 h2 h1 h2 h1 h0 v1 v1 v2 h4 h2 h1 h2 h1 h0
    = v2 v0 v0 h3 h2 h1 h2 h1 h0 v1 v1 v2 h4 h2 h1 h2 h1 h0
    = v2 v0 v0 h3 h2 h1 h2 h1 v1 h2 v1 v2 h4 h2 h1 h2 h1 h0
    = v2 v0 v0 h3 h2 h1 h2 v1 h0 h2 v1 v2 h4 h2 h1 h2 h1 h0
    = v2 v0 v0 h3 h2 h1 v1 h3 h0 h2 v1 v2 h4 h2 h1 h2 h1 h0
    = v2 v0 v0 h3 h2 v1 h0 h3 h0 h2 v1 v2 h4 h2 h1 h2 h1 h0
    = v2 v0 v0 h3 v1 h3 h0 h3 h0 h2 v1 v2 h4 h2 h1 h2 h1 h0
    = v2 v0 v0 v1 h1 h3 h0 h3 h0 h2 v1 v2 h4 h2 h1 h2 h1 h0
    = v2 v0 h1 h3 h0 h3 h0 h2 v1 v2 h4 h2 h1 h2 h1 h0
    = v2 v0 h1 h3 h0 h3 h0 v1 h3 v2 h4 h2 h1 h2 h1 h0
    = v2 v0 h1 h3 h0 h3 v1 h2 h3 v2 h4 h2 h1 h2 h1 h0
    = v2 v0 h1 h3 h0 v1 h1 h2 h3 v2 h4 h2 h1 h2 h1 h0
    = v2 v0 h1 h3 v1 h2 h1 h2 h3 v2 h4 h2 h1 h2 h1 h0
    = v2 v0 h1 v1 h1 h2 h1 h2 h3 v2 h4 h2 h1 h2 h1 h0
    = v2 v0 v1 h0 h1 h2 h1 h2 h3 v2 h4 h2 h1 h2 h1 h0
    = v2 h0 h1 h2 h1 h2 h3 v2 h4 h2 h1 h2 h1 h0
    = v2 h0 h1 h2 h1 h2 v2 h4 h4 h2 h1 h2 h1 h0
    = v2 h0 h1 h2 h1 v2 h2 h4 h4 h2 h1 h2 h1 h0
    = v2 h0 h1 h2 v2 h1 h2 h4 h4 h2 h1 h2 h1 h0
    = v2 h0 h1 v2 h2 h1 h2 h4 h4 h2 h1 h2 h1 h0
    = v2 h0 v2 h1 h2 h1 h2 h4 h4 h2 h1 h2 h1 h0
    = v2 v2 h0 h1 h2 h1 h2 h4 h4 h2 h1 h2 h1 h0
    = h0 h1 h2 h1 h2 h4 h4 h2 h1 h2 h1 h0
    = h0 h1 h2 h1 h2 h2 h1 h2 h1 h0
    = h0 h1 h2 h1 h1 h2 h1 h0
    = h0 h1 h2 h2 h1 h0
    = h0 h1 h1 h0
    = h0 h0
    = 1
  (R) v2002|h = r^1, v211112|h = r^-2, r = v2002|h
  (K) v|h321210 inverts v211112|h:
    h3 h2 h1 h2 h1 h0 v2 v1 v1 v1 v1 v2 h0 h1 h2 h1 h2 h3 v2 v1 v1 v1 v1 v2
    = h3 h2 h1 h2 h1 v2 h0 v1 v1 v1 v1 v2 h0 h1 h2 h1 h2 h3 v2 v1 v1 v1 v1 v2
    = h3 h2 h1 h2 v2 h1 h0 v1 v1 v1 v1 v2 h0 h1 h2 h1 h2 h3 v2 v1 v1 v1 v1 v2
    = h3 h2 h1 v2 h2 h1 h0 v1 v1 v1 v1 v2 h0 h1 h2 h1 h2 h3 v2 v1 v1 v1 v1 v2
    = h3 h2 v2 h1 h2 h1 h0 v1 v1 v1 v1 v2 h0 h1 h2 h1 h2 h3 v2 v1 v1 v1 v1 v2
    = h3 v2 h2 h1 h2 h1 h0 v1 v1 v1 v1 v2 h0 h1 h2 h1 h2 h3 v2 v1 v1 v1 v1 v2
    = v2 h4 h2 h1 h2 h1 h0 v1 v1 v1 v1 v2 h0 h1 h2 h1 h2 h3 v2 v1 v1 v1 v1 v2
    = v2 h4 h2 h1 h2 h1 v1 h2 v1 v1 v1 v2 h0 h1 h2 h1 h2 h3 v2 v1 v1 v1 v1 v2
    = v2 h4 h2 h1 h2 v1 h0 h2 v1 v1 v1 v2 h0 h1 h2 h1 h2 h3 v2 v1 v1 v1 v1 v2
    = v2 h4 h2 h1 v1 h3 h0 h2 v1 v1 v1 v2 h0 h1 h2 h1 h2 h3 v2 v1 v1 v1 v1 v2
    = v2 h4 h2 v1 h0 h3 h0 h2 v1 v1 v1 v2 h0 h1 h2 h1 h2 h3 v2 v1 v1 v1 v1 v2
    = v2 h4 v1 h3 h0 h3 h0 h2 v1 v1 v1 v2 h0 h1 h2 h1 h2 h3 v2 v1 v1 v1 v1 v2
    = v2 v0 h4 h3 h0 h3 h0 h2 v1 v1 v1 v2 h0 h1 h2 h1 h2 h3 v2 v1 v1 v1 v1 v2
    = v2 v0 h4 h3 h0 h3 h0 v1 h3 v1 v1 v2 h0 h1 h2 h1 h2 h3 v2 v1 v1 v1 v1 v2
    = v2 v0 h4 h3 h0 h3 v1 h2 h3 v1 v1 v2 h0 h1 h2 h1 h2 h3 v2 v1 v1 v1 v1 v2
    = v2 v0 h4 h3 h0 v1 h1 h2 h3 v1 v1 v2 h0 h1 h2 h1 h2 h3 v2 v1 v1 v1 v1 v2
    = v2 v0 h4 h3 v1 h2 h1 h2 h3 v1 v1 v2 h0 h1 h2 h1 h2 h3 v2 v1 v1 v1 v1 v2
    = v2 v0 h4 v1 h1 h2 h1 h2 h3 v1 v1 v2 h0 h1 h2 h1 h2 h3 v2 v1 v1 v1 v1 v2
    = v2 v0 v0 h4 h1 h2 h1 h2 h3 v1 v1 v2 h0 h1 h2 h1 h2 h3 v2 v1 v1 v1 v1 v2
    = v2 v0 v0 h4 h1 h2 h1 h2 v1 h1 v1 v2 h0 h1 h2 h1 h2 h3 v2 v1 v1 v1 v1 v2
    = v2 v0 v0 h4 h1 h2 h1 v1 h3 h1 v1 v2 h0 h1 h2 h1 h2 h3 v2 v1 v1 v1 v1 v2
    = v2 v0 v0 h4 h1 h2 v1 h0 h3 h1 v1 v2 h0 h1 h2 h1 h2 h3 v2 v1 v1 v1 v1 v2
    = v2 v0 v0 h4 h1 v1 h3 h0 h3 h1 v1 v2 h0 h1 h2 h1 h2 h3 v2 v1 v1 v1 v1 v2
    = v2 v0 v0 h4 v1 h0 h3 h0 h3 h1 v1 v2 h0 h1 h2 h1 h2 h3 v2 v1 v1 v1 v1 v2
    = v2 v0 v0 v0 h4 h0 h3 h0 h3 h1 v1 v2 h0 h1 h2 h1 h2 h3 v2 v1 v1 v1 v1 v2
    = v2 v0 v0 v0 h4 h0 h3 h0 h3 v1 h0 v2 h0 h1 h2 h1 h2 h3 v2 v1 v1 v1 v1 v2
    = v2 v0 v0 v0 h4 h0 h3 h0 v1 h1 h0 v2 h0 h1 h2 h1 h2 h3 v2 v1 v1 v1 v1 v2
    = v2 v0 v0 v0 h4 h0 h3 v1 h2 h1 h0 v2 h0 h1 h2 h1 h2 h3 v2 v1 v1 v1 v1 v2
    = v2 v0 v0 v0 h4 h0 v1 h1 h2 h1 h0 v2 h0 h1 h2 h1 h2 h3 v2 v1 v1 v1 v1 v2
    = v2 v0 v0 v0 h4 v1 h2 h1 h2 h1 h0 v2 h0 h1 h2 h1 h2 h3 v2 v1 v1 v1 v1 v2
    = v2 v0 v0 v0 v0 h4 h2 h1 h2 h1 h0 v2 h0 h1 h2 h1 h2 h3 v2 v1 v1 v1 v1 v2
    = v2 v0 v0 v0 v0 h4 h2 h1 h2 h1 v2 h0 h0 h1 h2 h1 h2 h3 v2 v1 v1 v1 v1 v2
    = v2 v0 v0 v0 v0 h4 h2 h1 h2 v2 h1 h0 h0 h1 h2 h1 h2 h3 v2 v1 v1 v1 v1 v2
    = v2 v0 v0 v0 v0 h4 h2 h1 v2 h2 h1 h0 h0 h1 h2 h1 h2 h3 v2 v1 v1 v1 v1 v2
    = v2 v0 v0 v0 v0 h4 h2 v2 h1 h2 h1 h0 h0 h1 h2 h1 h2 h3 v2 v1 v1 v1 v1 v2
    = v2 v0 v0 v0 v0 h4 v2 h2 h1 h2 h1 h0 h0 h1 h2 h1 h2 h3 v2 v1 v1 v1 v1 v2
    = v2 v0 v0 v0 v0 v2 h3 h2 h1 h2 h1 h0 h0 h1 h2 h1 h2 h3 v2 v1 v1 v1 v1 v2
    = v2 v0 v0 v0 v0 v2 h3 h2 h1 h2 h1 h1 h2 h1 h2 h3 v2 v1 v1 v1 v1 v2
    = v2 v0 v0 v0 v0 v2 h3 h2 h1 h2 h2 h1 h2 h3 v2 v1 v1 v1 v1 v2
    = v2 v0 v0 v0 v0 v2 h3 h2 h1 h1 h2 h3 v2 v1 v1 v1 v1 v2
    = v2 v0 v0 v0 v0 v2 h3 h2 h2 h3 v2 v1 v1 v1 v1 v2
    = v2 v0 v0 v0 v0 v2 h3 h3 v2 v1 v1 v1 v1 v2
    = v2 v0 v0 v0 v0 v2 v2 v1 v1 v1 v1 v2
    = v2 v0 v0 v0 v0 v1 v1 v1 v1 v2
    = v2 v0 v0 v0 v1 v1 v1 v2
    = v2 v0 v0 v1 v1 v2
    = v2 v0 v1 v2
    = v2 v2
    = 1
  (K) v00|h inverts v|h321210:
    v0 v0 h3 h2 h1 h2 h1 h0 v1 v1 h3 h2 h1 h2 h1 h0
    = v0 v0 h3 h2 h1 h2 h1 v1 h2 v1 h3 h2 h1 h2 h1 h0
    = v0 v0 h3 h2 h1 h2 v1 h0 h2 v1 h3 h2 h1 h2 h1 h0
    = v0 v0 h3 h2 h1 v1 h3 h0 h2 v1 h3 h2 h1 h2 h1 h0
    = v0 v0 h3 h2 v1 h0 h3 h0 h2 v1 h3 h2 h1 h2 h1 h0
    = v0 v0 h3 v1 h3 h0 h3 h0 h2 v1 h3 h2 h1 h2 h1 h0
    = v0 v0 v1 h1 h3 h0 h3 h0 h2 v1 h3 h2 h1 h2 h1 h0
    = v0 h1 h3 h0 h3 h0 h2 v1 h3 h2 h1 h2 h1 h0
    = v0 h1 h3 h0 h3 h0 v1 h3 h3 h2 h1 h2 h1 h0
    = v0 h1 h3 h0 h3 v1 h2 h3 h3 h2 h1 h2 h1 h0
    = v0 h1 h3 h0 v1 h1 h2 h3 h3 h2 h1 h2 h1 h0
    = v0 h1 h3 v1 h2 h1 h2 h3 h3 h2 h1 h2 h1 h0
    = v0 h1 v1 h1 h2 h1 h2 h3 h3 h2 h1 h2 h1 h0
    = v0 v1 h0 h1 h2 h1 h2 h3 h3 h2 h1 h2 h1 h0
    = h0 h1 h2 h1 h2 h3 h3 h2 h1 h2 h1 h0
    = h0 h1 h2 h1 h2 h2 h1 h2 h1 h0
    = h0 h1 h2 h1 h1 h2 h1 h0
    = h0 h1 h2 h2 h1 h0
    = h0 h1 h1 h0
    = h0 h0
    = 1
class 222 chain of length 6 with 4 inverting steps verified: Gamma^+ is not left-orderable
  (R) v00|h = r^1, v0000|h = r^2, r = v00|h
  (K) v|h421210 inverts v0000|h:
    h4 h2 h1 h2 h1 h0 v0 v0 v0 v0 h0 h1 h2 h1 h2 h4 v0 v0 v0 v0
    = h4 h2 h1 h2 h1 v0 h1 v0 v0 v0 h0 h1 h2 h1 h2 h4 v0 v0 v0 v0
    = h4 h2 h1 h2 v0 h3 h1 v0 v0 v0 h0 h1 h2 h1 h2 h4 v0 v0 v0 v0
    = h4 h2 h1 v0 h0 h3 h1 v0 v0 v0 h0 h1 h2 h1 h2 h4 v0 v0 v0 v0
    = h4 h2 v0 h3 h0 h3 h1 v0 v0 v0 h0 h1 h2 h1 h2 h4 v0 v0 v0 v0
    = h4 v0 h0 h3 h0 h3 h1 v0 v0 v0 h0 h1 h2 h1 h2 h4 v0 v0 v0 v0
    = v1 h4 h0 h3 h0 h3 h1 v0 v0 v0 h0 h1 h2 h1 h2 h4 v0 v0 v0 v0
    = v1 h4 h0 h3 h0 h3 v0 h3 v0 v0 h0 h1 h2 h1 h2 h4 v0 v0 v0 v0
    = v1 h4 h0 h3 h0 v0 h2 h3 v0 v0 h0 h1 h2 h1 h2 h4 v0 v0 v0 v0
    = v1 h4 h0 h3 v0 h1 h2 h3 v0 v0 h0 h1 h2 h1 h2 h4 v0 v0 v0 v0
    = v1 h4 h0 v0 h2 h1 h2 h3 v0 v0 h0 h1 h2 h1 h2 h4 v0 v0 v0 v0
    = v1 h4 v0 h1 h2 h1 h2 h3 v0 v0 h0 h1 h2 h1 h2 h4 v0 v0 v0 v0
    = v1 v1 h4 h1 h2 h1 h2 h3 v0 v0 h0 h1 h2 h1 h2 h4 v0 v0 v0 v0
    = v1 v1 h4 h1 h2 h1 h2 v0 h2 v0 h0 h1 h2 h1 h2 h4 v0 v0 v0 v0
    = v1 v1 h4 h1 h2 h1 v0 h0 h2 v0 h0 h1 h2 h1 h2 h4 v0 v0 v0 v0
    = v1 v1 h4 h1 h2 v0 h3 h0 h2 v0 h0 h1 h2 h1 h2 h4 v0 v0 v0 v0
    = v1 v1 h4 h1 v0 h0 h3 h0 h2 v0 h0 h1 h2 h1 h2 h4 v0 v0 v0 v0
    = v1 v1 h4 v0 h3 h0 h3 h0 h2 v0 h0 h1 h2 h1 h2 h4 v0 v0 v0 v0
    = v1 v1 v1 h4 h3 h0 h3 h0 h2 v0 h0 h1 h2 h1 h2 h4 v0 v0 v0 v0
    = v1 v1 v1 h4 h3 h0 h3 h0 v0 h0 h0 h1 h2 h1 h2 h4 v0 v0 v0 v0
    = v1 v1 v1 h4 h3 h0 h3 v0 h1 h0 h0 h1 h2 h1 h2 h4 v0 v0 v0 v0
    = v1 v1 v1 h4 h3 h0 v0 h2 h1 h0 h0 h1 h2 h1 h2 h4 v0 v0 v0 v0
    = v1 v1 v1 h4 h3 v0 h1 h2 h1 h0 h0 h1 h2 h1 h2 h4 v0 v0 v0 v0
    = v1 v1 v1 h4 v0 h2 h1 h2 h1 h0 h0 h1 h2 h1 h2 h4 v0 v0 v0 v0
    = v1 v1 v1 v1 h4 h2 h1 h2 h1 h0 h0 h1 h2 h1 h2 h4 v0 v0 v0 v0
    = v1 v1 v1 v1 h4 h2 h1 h2 h1 h1 h2 h1 h2 h4 v0 v0 v0 v0
    = v1 v1 v1 v1 h4 h2 h1 h2 h2 h1 h2 h4 v0 v0 v0 v0
    = v1 v1 v1 v1 h4 h2 h1 h1 h2 h4 v0 v0 v0 v0
    = v1 v1 v1 v1 h4 h2 h2 h4 v0 v0 v0 v0
    = v1 v1 v1 v1 h4 h4 v0 v0 v0 v0
    = v1 v1 v1 v1 v0 v0 v0 v0
    = v1 v1 v1 v0 v0 v0
    = v1 v1 v0 v0
    = v1 v0
    = 1
  (K) v2002|h inverts v|h421210:
    v2 v0 v0 v2 h4 h2 h1 h2 h1 h0 v2 v1 v1 v2 h4 h2 h1 h2 h1 h0
    = v2 v0 v0 v2 h4 h2 h1 h2 h1 v2 h0 v1 v1 v2 h4 h2 h1 h2 h1 h0
    = v2 v0 v0 v2 h4 h2 h1 h2 v2 h2 h0 v1 v1 v2 h4 h2 h1 h2 h1 h0
    = v2 v0 v0 v2 h4 h2 h1 v2 h1 h2 h0 v1 v1 v2 h4 h2 h1 h2 h1 h0
    = v2 v0 v0 v2 h4 h2 v2 h2 h1 h2 h0 v1 v1 v2 h4 h2 h1 h2 h1 h0
    = v2 v0 v0 v2 h4 v2 h1 h2 h1 h2 h0 v1 v1 v2 h4 h2 h1 h2 h1 h0
    = v2 v0 v0 v2 v2 h3 h1 h2 h1 h2 h0 v1 v1 v2 h4 h2 h1 h2 h1 h0
    = v2 v0 v0 h3 h1 h2 h1 h2 h0 v1 v1 v2 h4 h2 h1 h2 h1 h0
    = v2 v0 v0 h3 h1 h2 h1 h2 v1 h2 v1 v2 h4 h2 h1 h2 h1 h0
    = v2 v0 v0 h3 h1 h2 h1 v1 h3 h2 v1 v2 h4 h2 h1 h2 h1 h0
    = v2 v0 v0 h3 h1 h2 v1 h0 h3 h2 v1 v2 h4 h2 h1 h2 h1 h0
    = v2 v0 v0 h3 h1 v1 h3 h0 h3 h2 v1 v2 h4 h2 h1 h2 h1 h0
    = v2 v0 v0 h3 v1 h0 h3 h0 h3 h2 v1 v2 h4 h2 h1 h2 h1 h0
    = v2 v0 v0 v1 h1 h0 h3 h0 h3 h2 v1 v2 h4 h2 h1 h2 h1 h0
    = v2 v0 h1 h0 h3 h0 h3 h2 v1 v2 h4 h2 h1 h2 h1 h0
    = v2 v0 h1 h0 h3 h0 h3 v1 h3 v2 h4 h2 h1 h2 h1 h0
    = v2 v0 h1 h0 h3 h0 v1 h1 h3 v2 h4 h2 h1 h2 h1 h0
    = v2 v0 h1 h0 h3 v1 h2 h1 h3 v2 h4 h2 h1 h2 h1 h0
    = v2 v0 h1 h0 v1 h1 h2 h1 h3 v2 h4 h2 h1 h2 h1 h0
    = v2 v0 h1 v1 h2 h1 h2 h1 h3 v2 h4 h2 h1 h2 h1 h0
    = v2 v0 v1 h0 h2 h1 h2 h1 h3 v2 h4 h2 h1 h2 h1 h0
    = v2 h0 h2 h1 h2 h1 h3 v2 h4 h2 h1 h2 h1 h0
    = v2 h0 h2 h1 h2 h1 v2 h4 h4 h2 h1 h2 h1 h0
    = v2 h0 h2 h1 h2 v2 h2 h4 h4 h2 h1 h2 h1 h0
    = v2 h0 h2 h1 v2 h1 h2 h4 h4 h2 h1 h2 h1 h0
    = v2 h0 h2 v2 h2 h1 h2 h4 h4 h2 h1 h2 h1 h0
    = v2 h0 v2 h1 h2 h1 h2 h4 h4 h2 h1 h2 h1 h0
    = v2 v2 h0 h1 h2 h1 h2 h4 h4 h2 h1 h2 h1 h0
    = h0 h1 h2 h1 h2 h4 h4 h2 h1 h2 h1 h0
    = h0 h1 h2 h1 h2 h2 h1 h2 h1 h0
    = h0 h1 h2 h1 h1 h2 h1 h0
    = h0 h1 h2 h2 h1 h0
    = h0 h1 h1 h0
    = h0 h0
    = 1
  (R) v2002|h = r^1, v211112|h = r^-2, r = v2002|h
  (K) v|h321210 inverts v211112|h:
    h3 h2 h1 h2 h1 h0 v2 v1 v1 v1 v1 v2 h0 h1 h2 h1 h2 h3 v2 v1 v1 v1 v1 v2
    = h3 h2 h1 h2 h1 v2 h0 v1 v1 v1 v1 v2 h0 h1 h2 h1 h2 h3 v2 v1 v1 v1 v1 v2
    = h3 h2 h1 h2 v2 h2 h0 v1 v1 v1 v1 v2 h0 h1 h2 h1 h2 h3 v2 v1 v1 v1 v1 v2
    = h3 h2 h1 v2 h1 h2 h0 v1 v1 v1 v1 v2 h0 h1 h2 h1 h2 h3 v2 v1 v1 v1 v1 v2
    = h3 h2 v2 h2 h1 h2 h0 v1 v1 v1 v1 v2 h0 h1 h2 h1 h2 h3 v2 v1 v1 v1 v1 v2
    = h3 v2 h1 h2 h1 h2 h0 v1 v1 v1 v1 v2 h0 h1 h2 h1 h2 h3 v2 v1 v1 v1 v1 v2
    = v2 h4 h1 h2 h1 h2 h0 v1 v1 v1 v1 v2 h0 h1 h2 h1 h2 h3 v2 v1 v1 v1 v1 v2
    = v2 h4 h1 h2 h1 h2 v1 h2 v1 v1 v1 v2 h0 h1 h2 h1 h2 h3 v2 v1 v1 v1 v1 v2
    = v2 h4 h1 h2 h1 v1 h3 h2 v1 v1 v1 v2 h0 h1 h2 h1 h2 h3 v2 v1 v1 v1 v1 v2
    = v2 h4 h1 h2 v1 h0 h3 h2 v1 v1 v1 v2 h0 h1 h2 h1 h2 h3 v2 v1 v1 v1 v1 v2
    = v2 h4 h1 v1 h3 h0 h3 h2 v1 v1 v1 v2 h0 h1 h2 h1 h2 h3 v2 v1 v1 v1 v1 v2
    = v2 h4 v1 h0 h3 h0 h3 h2 v1 v1 v1 v2 h0 h1 h2 h1 h2 h3 v2 v1 v1 v1 v1 v2
    = v2 v0 h4 h0 h3 h0 h3 h2 v1 v1 v1 v2 h0 h1 h2 h1 h2 h3 v2 v1 v1 v1 v1 v2
    = v2 v0 h4 h0 h3 h0 h3 v1 h3 v1 v1 v2 h0 h1 h2 h1 h2 h3 v2 v1 v1 v1 v1 v2
    = v2 v0 h4 h0 h3 h0 v1 h1 h3 v1 v1 v2 h0 h1 h2 h1 h2 h3 v2 v1 v1 v1 v1 v2
    = v2 v0 h4 h0 h3 v1 h2 h1 h3 v1 v1 v2 h0 h1 h2 h1 h2 h3 v2 v1 v1 v1 v1 v2
    = v2 v0 h4 h0 v1 h1 h2 h1 h3 v1 v1 v2 h0 h1 h2 h1 h2 h3 v2 v1 v1 v1 v1 v2
    = v2 v0 h4 v1 h2 h1 h2 h1 h3 v1 v1 v2 h0 h1 h2 h1 h2 h3 v2 v1 v1 v1 v1 v2
    = v2 v0 v0 h4 h2 h1 h2 h1 h3 v1 v1 v2 h0 h1 h2 h1 h2 h3 v2 v1 v1 v1 v1 v2
    = v2 v0 v0 h4 h2 h1 h2 h1 v1 h1 v1 v2 h0 h1 h2 h1 h2 h3 v2 v1 v1 v1 v1 v2
    = v2 v0 v0 h4 h2 h1 h2 v1 h0 h1 v1 v2 h0 h1 h2 h1 h2 h3 v2 v1 v1 v1 v1 v2
    = v2 v0 v0 h4 h2 h1 v1 h3 h0 h1 v1 v2 h0 h1 h2 h1 h2 h3 v2 v1 v1 v1 v1 v2
    = v2 v0 v0 h4 h2 v1 h0 h3 h0 h1 v1 v2 h0 h1 h2 h1 h2 h3 v2 v1 v1 v1 v1 v2
    = v2 v0 v0 h4 v1 h3 h0 h3 h0 h1 v1 v2 h0 h1 h2 h1 h2 h3 v2 v1 v1 v1 v1 v2
    = v2 v0 v0 v0 h4 h3 h0 h3 h0 h1 v1 v2 h0 h1 h2 h1 h2 h3 v2 v1 v1 v1 v1 v2
    = v2 v0 v0 v0 h4 h3 h0 h3 h0 v1 h0 v2 h0 h1 h2 h1 h2 h3 v2 v1 v1 v1 v1 v2
    = v2 v0 v0 v0 h4 h3 h0 h3 v1 h2 h0 v2 h0 h1 h2 h1 h2 h3 v2 v1 v1 v1 v1 v2
    = v2 v0 v0 v0 h4 h3 h0 v1 h1 h2 h0 v2 h0 h1 h2 h1 h2 h3 v2 v1 v1 v1 v1 v2
    = v2 v0 v0 v0 h4 h3 v1 h2 h1 h2 h0 v2 h0 h1 h2 h1 h2 h3 v2 v1 v1 v1 v1 v2
    = v2 v0 v0 v0 h4 v1 h1 h2 h1 h2 h0 v2 h0 h1 h2 h1 h2 h3 v2 v1 v1 v1 v1 v2
    = v2 v0 v0 v0 v0 h4 h1 h2 h1 h2 h0 v2 h0 h1 h2 h1 h2 h3 v2 v1 v1 v1 v1 v2
    = v2 v0 v0 v0 v0 h4 h1 h2 h1 h2 v2 h0 h0 h1 h2 h1 h2 h3 v2 v1 v1 v1 v1 v2
    = v2 v0 v0 v0 v0 h4 h1 h2 h1 v2 h1 h0 h0 h1 h2 h1 h2 h3 v2 v1 v1 v1 v1 v2
    = v2 v0 v0 v0 v0 h4 h1 h2 v2 h2 h1 h0 h0 h1 h2 h1 h2 h3 v2 v1 v1 v1 v1 v2
    = v2 v0 v0 v0 v0 h4 h1 v2 h1 h2 h1 h0 h0 h1 h2 h1 h2 h3 v2 v1 v1 v1 v1 v2
    = v2 v0 v0 v0 v0 h4 v2 h2 h1 h2 h1 h0 h0 h1 h2 h1 h2 h3 v2 v1 v1 v1 v1 v2
    = v2 v0 v0 v0 v0 v2 h3 h2 h1 h2 h1 h0 h0 h1 h2 h1 h2 h3 v2 v1 v1 v1 v1 v2
    = v2 v0 v0 v0 v0 v2 h3 h2 h1 h2 h1 h1 h2 h1 h2 h3 v2 v1 v1 v1 v1 v2
    = v2 v0 v0 v0 v0 v2 h3 h2 h1 h2 h2 h1 h2 h3 v2 v1 v1 v1 v1 v2
    = v2 v0 v0 v0 v0 v2 h3 h2 h1 h1 h2 h3 v2 v1 v1 v1 v1 v2
    = v2 v0 v0 v0 v0 v2 h3 h2 h2 h3 v2 v1 v1 v1 v1 v2
    = v2 v0 v0 v0 v0 v2 h3 h3 v2 v1 v1 v1 v1 v2
    = v2 v0 v0 v0 v0 v2 v2 v1 v1 v1 v1 v2
    = v2 v0 v0 v0 v0 v1 v1 v1 v1 v2
    = v2 v0 v0 v0 v1 v1 v1 v2
    = v2 v0 v0 v1 v1 v2
    = v2 v0 v1 v2
    = v2 v2
    = 1
  (K) v00|h inverts v|h321210:
    v0 v0 h3 h2 h1 h2 h1 h0 v1 v1 h3 h2 h1 h2 h1 h0
    = v0 v0 h3 h2 h1 h2 h1 v1 h2 v1 h3 h2 h1 h2 h1 h0
    = v0 v0 h3 h2 h1 h2 v1 h0 h2 v1 h3 h2 h1 h2 h1 h0
    = v0 v0 h3 h2 h1 v1 h3 h0 h2 v1 h3 h2 h1 h2 h1 h0
    = v0 v0 h3 h2 v1 h0 h3 h0 h2 v1 h3 h2 h1 h2 h1 h0
    = v0 v0 h3 v1 h3 h0 h3 h0 h2 v1 h3 h2 h1 h2 h1 h0
    = v0 v0 v1 h1 h3 h0 h3 h0 h2 v1 h3 h2 h1 h2 h1 h0
    = v0 h1 h3 h0 h3 h0 h2 v1 h3 h2 h1 h2 h1 h0
    = v0 h1 h3 h0 h3 h0 v1 h3 h3 h2 h1 h2 h1 h0
    = v0 h1 h3 h0 h3 v1 h2 h3 h3 h2 h1 h2 h1 h0
    = v0 h1 h3 h0 v1 h1 h2 h3 h3 h2 h1 h2 h1 h0
    = v0 h1 h3 v1 h2 h1 h2 h3 h3 h2 h1 h2 h1 h0
    = v0 h1 v1 h1 h2 h1 h2 h3 h3 h2 h1 h2 h1 h0
    = v0 v1 h0 h1 h2 h1 h2 h3 h3 h2 h1 h2 h1 h0
    = h0 h1 h2 h1 h2 h3 h3 h2 h1 h2 h1 h0
    = h0 h1 h2 h1 h2 h2 h1 h2 h1 h0
    = h0 h1 h2 h1 h1 h2 h1 h0
    = h0 h1 h2 h2 h1 h0
    = h0 h1 h1 h0
    = h0 h0
    = 1
class 230 chain of length 6 with 4 inverting steps verified: Gamma^+ is not left-orderable
  (R) v2002|h = r^1, v211112|h = r^-2, r = v2002|h
  (K) v|h323010 inverts v211112|h:
    h3 h2 h3 h0 h1 h0 v2 v1 v1 v1 v1 v2 h0 h1 h0 h3 h2 h3 v2 v1 v1 v1 v1 v2
    = h3 h2 h3 h0 h1 v2 h0 v1 v1 v1 v1 v2 h0 h1 h0 h3 h2 h3 v2 v1 v1 v1 v1 v2
    = h3 h2 h3 h0 v2 h3 h0 v1 v1 v1 v1 v2 h0 h1 h0 h3 h2 h3 v2 v1 v1 v1 v1 v2
    = h3 h2 h3 v2 h0 h3 h0 v1 v1 v1 v1 v2 h0 h1 h0 h3 h2 h3 v2 v1 v1 v1 v1 v2
    = h3 h2 v2 h1 h0 h3 h0 v1 v1 v1 v1 v2 h0 h1 h0 h3 h2 h3 v2 v1 v1 v1 v1 v2
    = h3 v2 h4 h1 h0 h3 h0 v1 v1 v1 v1 v2 h0 h1 h0 h3 h2 h3 v2 v1 v1 v1 v1 v2
    = v2 h1 h4 h1 h0 h3 h0 v1 v1 v1 v1 v2 h0 h1 h0 h3 h2 h3 v2 v1 v1 v1 v1 v2
    = v2 h1 h4 h1 h0 h3 v1 h2 v1 v1 v1 v2 h0 h1 h0 h3 h2 h3 v2 v1 v1 v1 v1 v2
    = v2 h1 h4 h1 h0 v1 h1 h2 v1 v1 v1 v2 h0 h1 h0 h3 h2 h3 v2 v1 v1 v1 v1 v2
    = v2 h1 h4 h1 v1 h2 h1 h2 v1 v1 v1 v2 h0 h1 h0 h3 h2 h3 v2 v1 v1 v1 v1 v2
    = v2 h1 h4 v1 h0 h2 h1 h2 v1 v1 v1 v2 h0 h1 h0 h3 h2 h3 v2 v1 v1 v1 v1 v2
    = v2 h1 v0 h4 h0 h2 h1 h2 v1 v1 v1 v2 h0 h1 h0 h3 h2 h3 v2 v1 v1 v1 v1 v2
    = v2 v0 h3 h4 h0 h2 h1 h2 v1 v1 v1 v2 h0 h1 h0 h3 h2 h3 v2 v1 v1 v1 v1 v2
    = v2 v0 h3 h4 h0 h2 h1 v1 h3 v1 v1 v2 h0 h1 h0 h3 h2 h3 v2 v1 v1 v1 v1 v2
    = v2 v0 h3 h4 h0 h2 v1 h0 h3 v1 v1 v2 h0 h1 h0 h3 h2 h3 v2 v1 v1 v1 v1 v2
    = v2 v0 h3 h4 h0 v1 h3 h0 h3 v1 v1 v2 h0 h1 h0 h3 h2 h3 v2 v1 v1 v1 v1 v2
    = v2 v0 h3 h4 v1 h2 h3 h0 h3 v1 v1 v2 h0 h1 h0 h3 h2 h3 v2 v1 v1 v1 v1 v2
    = v2 v0 h3 v0 h4 h2 h3 h0 h3 v1 v1 v2 h0 h1 h0 h3 h2 h3 v2 v1 v1 v1 v1 v2
    = v2 v0 v0 h2 h4 h2 h3 h0 h3 v1 v1 v2 h0 h1 h0 h3 h2 h3 v2 v1 v1 v1 v1 v2
    = v2 v0 v0 h2 h4 h2 h3 h0 v1 h1 v1 v2 h0 h1 h0 h3 h2 h3 v2 v1 v1 v1 v1 v2
    = v2 v0 v0 h2 h4 h2 h3 v1 h2 h1 v1 v2 h0 h1 h0 h3 h2 h3 v2 v1 v1 v1 v1 v2
    = v2 v0 v0 h2 h4 h2 v1 h1 h2 h1 v1 v2 h0 h1 h0 h3 h2 h3 v2 v1 v1 v1 v1 v2
    = v2 v0 v0 h2 h4 v1 h3 h1 h2 h1 v1 v2 h0 h1 h0 h3 h2 h3 v2 v1 v1 v1 v1 v2
    = v2 v0 v0 h2 v0 h4 h3 h1 h2 h1 v1 v2 h0 h1 h0 h3 h2 h3 v2 v1 v1 v1 v1 v2
    = v2 v0 v0 v0 h0 h4 h3 h1 h2 h1 v1 v2 h0 h1 h0 h3 h2 h3 v2 v1 v1 v1 v1 v2
    = v2 v0 v0 v0 h0 h4 h3 h1 h2 v1 h0 v2 h0 h1 h0 h3 h2 h3 v2 v1 v1 v1 v1 v2
    = v2 v0 v0 v0 h0 h4 h3 h1 v1 h3 h0 v2 h0 h1 h0 h3 h2 h3 v2 v1 v1 v1 v1 v2
    = v2 v0 v0 v0 h0 h4 h3 v1 h0 h3 h0 v2 h0 h1 h0 h3 h2 h3 v2 v1 v1 v1 v1 v2
    = v2 v0 v0 v0 h0 h4 v1 h1 h0 h3 h0 v2 h0 h1 h0 h3 h2 h3 v2 v1 v1 v1 v1 v2
    = v2 v0 v0 v0 h0 v0 h4 h1 h0 h3 h0 v2 h0 h1 h0 h3 h2 h3 v2 v1 v1 v1 v1 v2
    = v2 v0 v0 v0 v0 h1 h4 h1 h0 h3 h0 v2 h0 h1 h0 h3 h2 h3 v2 v1 v1 v1 v1 v2
    = v2 v0 v0 v0 v0 h1 h4 h1 h0 h3 v2 h0 h0 h1 h0 h3 h2 h3 v2 v1 v1 v1 v1 v2
    = v2 v0 v0 v0 v0 h1 h4 h1 h0 v2 h1 h0 h0 h1 h0 h3 h2 h3 v2 v1 v1 v1 v1 v2
    = v2 v0 v0 v0 v0 h1 h4 h1 v2 h0 h1 h0 h0 h1 h0 h3 h2 h3 v2 v1 v1 v1 v1 v2
    = v2 v0 v0 v0 v0 h1 h4 v2 h3 h0 h1 h0 h0 h1 h0 h3 h2 h3 v2 v1 v1 v1 v1 v2
    = v2 v0 v0 v0 v0 h1 v2 h2 h3 h0 h1 h0 h0 h1 h0 h3 h2 h3 v2 v1 v1 v1 v1 v2
    = v2 v0 v0 v0 v0 v2 h3 h2 h3 h0 h1 h0 h0 h1 h0 h3 h2 h3 v2 v1 v1 v1 v1 v2
    = v2 v0 v0 v0 v0 v2 h3 h2 h3 h0 h1 h1 h0 h3 h2 h3 v2 v1 v1 v1 v1 v2
    = v2 v0 v0 v0 v0 v2 h3 h2 h3 h0 h0 h3 h2 h3 v2 v1 v1 v1 v1 v2
    = v2 v0 v0 v0 v0 v2 h3 h2 h3 h3 h2 h3 v2 v1 v1 v1 v1 v2
    = v2 v0 v0 v0 v0 v2 h3 h2 h2 h3 v2 v1 v1 v1 v1 v2
    = v2 v0 v0 v0 v0 v2 h3 h3 v2 v1 v1 v1 v1 v2
    = v2 v0 v0 v0 v0 v2 v2 v1 v1 v1 v1 v2
    = v2 v0 v0 v0 v0 v1 v1 v1 v1 v2
    = v2 v0 v0 v0 v1 v1 v1 v2
    = v2 v0 v0 v1 v1 v2
    = v2 v0 v1 v2
    = v2 v2
    = 1
  (K) v00|h inverts v|h323010:
    v0 v0 h3 h2 h3 h0 h1 h0 v1 v1 h3 h2 h3 h0 h1 h0
    = v0 v0 h3 h2 h3 h0 h1 v1 h2 v1 h3 h2 h3 h0 h1 h0
    = v0 v0 h3 h2 h3 h0 v1 h0 h2 v1 h3 h2 h3 h0 h1 h0
    = v0 v0 h3 h2 h3 v1 h2 h0 h2 v1 h3 h2 h3 h0 h1 h0
    = v0 v0 h3 h2 v1 h1 h2 h0 h2 v1 h3 h2 h3 h0 h1 h0
    = v0 v0 h3 v1 h3 h1 h2 h0 h2 v1 h3 h2 h3 h0 h1 h0
    = v0 v0 v1 h1 h3 h1 h2 h0 h2 v1 h3 h2 h3 h0 h1 h0
    = v0 h1 h3 h1 h2 h0 h2 v1 h3 h2 h3 h0 h1 h0
    = v0 h1 h3 h1 h2 h0 v1 h3 h3 h2 h3 h0 h1 h0
    = v0 h1 h3 h1 h2 v1 h2 h3 h3 h2 h3 h0 h1 h0
    = v0 h1 h3 h1 v1 h3 h2 h3 h3 h2 h3 h0 h1 h0
    = v0 h1 h3 v1 h0 h3 h2 h3 h3 h2 h3 h0 h1 h0
    = v0 h1 v1 h1 h0 h3 h2 h3 h3 h2 h3 h0 h1 h0
    = v0 v1 h0 h1 h0 h3 h2 h3 h3 h2 h3 h0 h1 h0
    = h0 h1 h0 h3 h2 h3 h3 h2 h3 h0 h1 h0
    = h0 h1 h0 h3 h2 h2 h3 h0 h1 h0
    = h0 h1 h0 h3 h3 h0 h1 h0
    = h0 h1 h0 h0 h1 h0
    = h0 h1 h1 h0
    = h0 h0
    = 1
  (R) v00|h = r^1, v0000|h = r^2, r = v00|h
  (K) v|h104310 inverts v0000|h:
    h1 h0 h4 h3 h1 h0 v0 v0 v0 v0 h0 h1 h3 h4 h0 h1 v0 v0 v0 v0
    = h1 h0 h4 h3 h1 v0 h1 v0 v0 v0 h0 h1 h3 h4 h0 h1 v0 v0 v0 v0
    = h1 h0 h4 h3 v0 h3 h1 v0 v0 v0 h0 h1 h3 h4 h0 h1 v0 v0 v0 v0
    = h1 h0 h4 v0 h2 h3 h1 v0 v0 v0 h0 h1 h3 h4 h0 h1 v0 v0 v0 v0
    = h1 h0 v1 h4 h2 h3 h1 v0 v0 v0 h0 h1 h3 h4 h0 h1 v0 v0 v0 v0
    = h1 v1 h2 h4 h2 h3 h1 v0 v0 v0 h0 h1 h3 h4 h0 h1 v0 v0 v0 v0
    = v1 h0 h2 h4 h2 h3 h1 v0 v0 v0 h0 h1 h3 h4 h0 h1 v0 v0 v0 v0
    = v1 h0 h2 h4 h2 h3 v0 h3 v0 v0 h0 h1 h3 h4 h0 h1 v0 v0 v0 v0
    = v1 h0 h2 h4 h2 v0 h2 h3 v0 v0 h0 h1 h3 h4 h0 h1 v0 v0 v0 v0
    = v1 h0 h2 h4 v0 h0 h2 h3 v0 v0 h0 h1 h3 h4 h0 h1 v0 v0 v0 v0
    = v1 h0 h2 v1 h4 h0 h2 h3 v0 v0 h0 h1 h3 h4 h0 h1 v0 v0 v0 v0
    = v1 h0 v1 h3 h4 h0 h2 h3 v0 v0 h0 h1 h3 h4 h0 h1 v0 v0 v0 v0
    = v1 v1 h2 h3 h4 h0 h2 h3 v0 v0 h0 h1 h3 h4 h0 h1 v0 v0 v0 v0
    = v1 v1 h2 h3 h4 h0 h2 v0 h2 v0 h0 h1 h3 h4 h0 h1 v0 v0 v0 v0
    = v1 v1 h2 h3 h4 h0 v0 h0 h2 v0 h0 h1 h3 h4 h0 h1 v0 v0 v0 v0
    = v1 v1 h2 h3 h4 v0 h1 h0 h2 v0 h0 h1 h3 h4 h0 h1 v0 v0 v0 v0
    = v1 v1 h2 h3 v1 h4 h1 h0 h2 v0 h0 h1 h3 h4 h0 h1 v0 v0 v0 v0
    = v1 v1 h2 v1 h1 h4 h1 h0 h2 v0 h0 h1 h3 h4 h0 h1 v0 v0 v0 v0
    = v1 v1 v1 h3 h1 h4 h1 h0 h2 v0 h0 h1 h3 h4 h0 h1 v0 v0 v0 v0
    = v1 v1 v1 h3 h1 h4 h1 h0 v0 h0 h0 h1 h3 h4 h0 h1 v0 v0 v0 v0
    = v1 v1 v1 h3 h1 h4 h1 v0 h1 h0 h0 h1 h3 h4 h0 h1 v0 v0 v0 v0
    = v1 v1 v1 h3 h1 h4 v0 h3 h1 h0 h0 h1 h3 h4 h0 h1 v0 v0 v0 v0
    = v1 v1 v1 h3 h1 v1 h4 h3 h1 h0 h0 h1 h3 h4 h0 h1 v0 v0 v0 v0
    = v1 v1 v1 h3 v1 h0 h4 h3 h1 h0 h0 h1 h3 h4 h0 h1 v0 v0 v0 v0
    = v1 v1 v1 v1 h1 h0 h4 h3 h1 h0 h0 h1 h3 h4 h0 h1 v0 v0 v0 v0
    = v1 v1 v1 v1 h1 h0 h4 h3 h1 h1 h3 h4 h0 h1 v0 v0 v0 v0
    = v1 v1 v1 v1 h1 h0 h4 h3 h3 h4 h0 h1 v0 v0 v0 v0
    = v1 v1 v1 v1 h1 h0 h4 h4 h0 h1 v0 v0 v0 v0
    = v1 v1 v1 v1 h1 h0 h0 h1 v0 v0 v0 v0
    = v1 v1 v1 v1 h1 h1 v0 v0 v0 v0
    = v1 v1 v1 v1 v0 v0 v0 v0
    = v1 v1 v1 v0 v0 v0
    = v1 v1 v0 v0
    = v1 v0
    = 1
  (K) v2002|h inverts v|h104310:
    v2 v0 v0 v2 h1 h0 h4 h3 h1 h0 v2 v1 v1 v2 h1 h0 h4 h3 h1 h0
    = v2 v0 v0 v2 h1 h0 h4 h3 h1 v2 h0 v1 v1 v2 h1 h0 h4 h3 h1 h0
    = v2 v0 v0 v2 h1 h0 h4 h3 v2 h3 h0 v1 v1 v2 h1 h0 h4 h3 h1 h0
    = v2 v0 v0 v2 h1 h0 h4 v2 h1 h3 h0 v1 v1 v2 h1 h0 h4 h3 h1 h0
    = v2 v0 v0 v2 h1 h0 v2 h2 h1 h3 h0 v1 v1 v2 h1 h0 h4 h3 h1 h0
    = v2 v0 v0 v2 h1 v2 h0 h2 h1 h3 h0 v1 v1 v2 h1 h0 h4 h3 h1 h0
    = v2 v0 v0 v2 v2 h3 h0 h2 h1 h3 h0 v1 v1 v2 h1 h0 h4 h3 h1 h0
    = v2 v0 v0 h3 h0 h2 h1 h3 h0 v1 v1 v2 h1 h0 h4 h3 h1 h0
    = v2 v0 v0 h3 h0 h2 h1 h3 v1 h2 v1 v2 h1 h0 h4 h3 h1 h0
    = v2 v0 v0 h3 h0 h2 h1 v1 h1 h2 v1 v2 h1 h0 h4 h3 h1 h0
    = v2 v0 v0 h3 h0 h2 v1 h0 h1 h2 v1 v2 h1 h0 h4 h3 h1 h0
    = v2 v0 v0 h3 h0 v1 h3 h0 h1 h2 v1 v2 h1 h0 h4 h3 h1 h0
    = v2 v0 v0 h3 v1 h2 h3 h0 h1 h2 v1 v2 h1 h0 h4 h3 h1 h0
    = v2 v0 v0 v1 h1 h2 h3 h0 h1 h2 v1 v2 h1 h0 h4 h3 h1 h0
    = v2 v0 h1 h2 h3 h0 h1 h2 v1 v2 h1 h0 h4 h3 h1 h0
    = v2 v0 h1 h2 h3 h0 h1 v1 h3 v2 h1 h0 h4 h3 h1 h0
    = v2 v0 h1 h2 h3 h0 v1 h0 h3 v2 h1 h0 h4 h3 h1 h0
    = v2 v0 h1 h2 h3 v1 h2 h0 h3 v2 h1 h0 h4 h3 h1 h0
    = v2 v0 h1 h2 v1 h1 h2 h0 h3 v2 h1 h0 h4 h3 h1 h0
    = v2 v0 h1 v1 h3 h1 h2 h0 h3 v2 h1 h0 h4 h3 h1 h0
    = v2 v0 v1 h0 h3 h1 h2 h0 h3 v2 h1 h0 h4 h3 h1 h0
    = v2 h0 h3 h1 h2 h0 h3 v2 h1 h0 h4 h3 h1 h0
    = v2 h0 h3 h1 h2 h0 v2 h1 h1 h0 h4 h3 h1 h0
    = v2 h0 h3 h1 h2 v2 h0 h1 h1 h0 h4 h3 h1 h0
    = v2 h0 h3 h1 v2 h4 h0 h1 h1 h0 h4 h3 h1 h0
    = v2 h0 h3 v2 h3 h4 h0 h1 h1 h0 h4 h3 h1 h0
    = v2 h0 v2 h1 h3 h4 h0 h1 h1 h0 h4 h3 h1 h0
    = v2 v2 h0 h1 h3 h4 h0 h1 h1 h0 h4 h3 h1 h0
    = h0 h1 h3 h4 h0 h1 h1 h0 h4 h3 h1 h0
    = h0 h1 h3 h4 h0 h0 h4 h3 h1 h0
    = h0 h1 h3 h4 h4 h3 h1 h0
    = h0 h1 h3 h3 h1 h0
    = h0 h1 h1 h0
    = h0 h0
    = 1
class 233 chain of length 6 with 4 inverting steps verified: Gamma^+ is not left-orderable
  (K) v000020|h inverts v|h0303:
    v0 v0 v0 v0 v2 v0 h0 h3 h0 h3 v1 v2 v1 v1 v1 v1 h0 h3 h0 h3
    = v0 v0 v0 v0 v2 v0 h0 h3 h0 v1 h1 v2 v1 v1 v1 v1 h0 h3 h0 h3
    = v0 v0 v0 v0 v2 v0 h0 h3 v1 h2 h1 v2 v1 v1 v1 v1 h0 h3 h0 h3
    = v0 v0 v0 v0 v2 v0 h0 v1 h1 h2 h1 v2 v1 v1 v1 v1 h0 h3 h0 h3
    = v0 v0 v0 v0 v2 v0 v1 h2 h1 h2 h1 v2 v1 v1 v1 v1 h0 h3 h0 h3
    = v0 v0 v0 v0 v2 h2 h1 h2 h1 v2 v1 v1 v1 v1 h0 h3 h0 h3
    = v0 v0 v0 v0 v2 h2 h1 h2 v2 h0 v1 v1 v1 v1 h0 h3 h0 h3
    = v0 v0 v0 v0 v2 h2 h1 v1 h3 h0 v1 v1 v1 v1 h0 h3 h0 h3
    = v0 v0 v0 v0 v2 h2 v1 h0 h3 h0 v1 v1 v1 v1 h0 h3 h0 h3
    = v0 v0 v0 v0 v2 v2 h3 h0 h3 h0 v1 v1 v1 v1 h0 h3 h0 h3
    = v0 v0 v0 v0 h3 h0 h3 h0 v1 v1 v1 v1 h0 h3 h0 h3
    = v0 v0 v0 v0 h3 h0 h3 v1 h2 v1 v1 v1 h0 h3 h0 h3
    = v0 v0 v0 v0 h3 h0 v1 h1 h2 v1 v1 v1 h0 h3 h0 h3
    = v0 v0 v0 v0 h3 v1 h2 h1 h2 v1 v1 v1 h0 h3 h0 h3
    = v0 v0 v0 v0 v1 h1 h2 h1 h2 v1 v1 v1 h0 h3 h0 h3
    = v0 v0 v0 h1 h2 h1 h2 v1 v1 v1 h0 h3 h0 h3
    = v0 v0 v0 h1 h2 h1 v2 h3 v1 v1 h0 h3 h0 h3
    = v0 v0 v0 h1 h2 v2 h0 h3 v1 v1 h0 h3 h0 h3
    = v0 v0 v0 h1 v1 h3 h0 h3 v1 v1 h0 h3 h0 h3
    = v0 v0 v0 v1 h0 h3 h0 h3 v1 v1 h0 h3 h0 h3
    = v0 v0 h0 h3 h0 h3 v1 v1 h0 h3 h0 h3
    = v0 v0 h0 h3 h0 v1 h1 v1 h0 h3 h0 h3
    = v0 v0 h0 h3 v1 h2 h1 v1 h0 h3 h0 h3
    = v0 v0 h0 v1 h1 h2 h1 v1 h0 h3 h0 h3
    = v0 v0 v1 h2 h1 h2 h1 v1 h0 h3 h0 h3
    = v0 h2 h1 h2 h1 v1 h0 h3 h0 h3
    = v0 h2 h1 h2 v1 h0 h0 h3 h0 h3
    = v0 h2 h1 v2 h3 h0 h0 h3 h0 h3
    = v0 h2 v2 h0 h3 h0 h0 h3 h0 h3
    = v0 v1 h3 h0 h3 h0 h0 h3 h0 h3
    = h3 h0 h3 h0 h0 h3 h0 h3
    = h3 h0 h3 h3 h0 h3
    = h3 h0 h0 h3
    = h3 h3
    = 1
  (K) v|h2302 inverts v000020|h:
    h2 h3 h0 h2 v0 v0 v0 v0 v2 v0 h2 h0 h3 h2 v0 v0 v0 v0 v2 v0
    = h2 h3 h0 v0 h0 v0 v0 v0 v2 v0 h2 h0 h3 h2 v0 v0 v0 v0 v2 v0
    = h2 h3 v0 h1 h0 v0 v0 v0 v2 v0 h2 h0 h3 h2 v0 v0 v0 v0 v2 v0
    = h2 v2 h2 h1 h0 v0 v0 v0 v2 v0 h2 h0 h3 h2 v0 v0 v0 v0 v2 v0
    = v1 h3 h2 h1 h0 v0 v0 v0 v2 v0 h2 h0 h3 h2 v0 v0 v0 v0 v2 v0
    = v1 h3 h2 h1 v0 h1 v0 v0 v2 v0 h2 h0 h3 h2 v0 v0 v0 v0 v2 v0
    = v1 h3 h2 v0 h3 h1 v0 v0 v2 v0 h2 h0 h3 h2 v0 v0 v0 v0 v2 v0
    = v1 h3 v0 h0 h3 h1 v0 v0 v2 v0 h2 h0 h3 h2 v0 v0 v0 v0 v2 v0
    = v1 v2 h2 h0 h3 h1 v0 v0 v2 v0 h2 h0 h3 h2 v0 v0 v0 v0 v2 v0
    = v1 v2 h2 h0 h3 v0 h3 v0 v2 v0 h2 h0 h3 h2 v0 v0 v0 v0 v2 v0
    = v1 v2 h2 h0 v2 h2 h3 v0 v2 v0 h2 h0 h3 h2 v0 v0 v0 v0 v2 v0
    = v1 v2 h2 v2 h1 h2 h3 v0 v2 v0 h2 h0 h3 h2 v0 v0 v0 v0 v2 v0
    = v1 v2 v1 h3 h1 h2 h3 v0 v2 v0 h2 h0 h3 h2 v0 v0 v0 v0 v2 v0
    = v1 v2 v1 h3 h1 h2 v2 h2 v2 v0 h2 h0 h3 h2 v0 v0 v0 v0 v2 v0
    = v1 v2 v1 h3 h1 v1 h3 h2 v2 v0 h2 h0 h3 h2 v0 v0 v0 v0 v2 v0
    = v1 v2 v1 h3 v1 h0 h3 h2 v2 v0 h2 h0 h3 h2 v0 v0 v0 v0 v2 v0
    = v1 v2 v1 v1 h1 h0 h3 h2 v2 v0 h2 h0 h3 h2 v0 v0 v0 v0 v2 v0
    = v1 v2 v1 v1 h1 h0 h3 v1 h3 v0 h2 h0 h3 h2 v0 v0 v0 v0 v2 v0
    = v1 v2 v1 v1 h1 h0 v1 h1 h3 v0 h2 h0 h3 h2 v0 v0 v0 v0 v2 v0
    = v1 v2 v1 v1 h1 v1 h2 h1 h3 v0 h2 h0 h3 h2 v0 v0 v0 v0 v2 v0
    = v1 v2 v1 v1 v1 h0 h2 h1 h3 v0 h2 h0 h3 h2 v0 v0 v0 v0 v2 v0
    = v1 v2 v1 v1 v1 h0 h2 h1 v2 h2 h2 h0 h3 h2 v0 v0 v0 v0 v2 v0
    = v1 v2 v1 v1 v1 h0 h2 v2 h0 h2 h2 h0 h3 h2 v0 v0 v0 v0 v2 v0
    = v1 v2 v1 v1 v1 h0 v1 h3 h0 h2 h2 h0 h3 h2 v0 v0 v0 v0 v2 v0
    = v1 v2 v1 v1 v1 v1 h2 h3 h0 h2 h2 h0 h3 h2 v0 v0 v0 v0 v2 v0
    = v1 v2 v1 v1 v1 v1 h2 h3 h0 h0 h3 h2 v0 v0 v0 v0 v2 v0
    = v1 v2 v1 v1 v1 v1 h2 h3 h3 h2 v0 v0 v0 v0 v2 v0
    = v1 v2 v1 v1 v1 v1 h2 h2 v0 v0 v0 v0 v2 v0
    = v1 v2 v1 v1 v1 v1 v0 v0 v0 v0 v2 v0
    = v1 v2 v1 v1 v1 v0 v0 v0 v2 v0
    = v1 v2 v1 v1 v0 v0 v2 v0
    = v1 v2 v1 v0 v2 v0
    = v1 v2 v2 v0
    = v1 v0
    = 1
  (R) v|h2302 = r^-1, v|h230302 = r^-2, r = v|h2032
  (K) v000212|h inverts v|h230302:
    v0 v0 v0 v2 v1 v2 h2 h3 h0 h3 h0 h2 v2 v0 v2 v1 v1 v1 h2 h3 h0 h3 h0 h2
    = v0 v0 v0 v2 v1 v2 h2 h3 h0 h3 h0 v1 h3 v0 v2 v1 v1 v1 h2 h3 h0 h3 h0 h2
    = v0 v0 v0 v2 v1 v2 h2 h3 h0 h3 v1 h2 h3 v0 v2 v1 v1 v1 h2 h3 h0 h3 h0 h2
    = v0 v0 v0 v2 v1 v2 h2 h3 h0 v1 h1 h2 h3 v0 v2 v1 v1 v1 h2 h3 h0 h3 h0 h2
    = v0 v0 v0 v2 v1 v2 h2 h3 v1 h2 h1 h2 h3 v0 v2 v1 v1 v1 h2 h3 h0 h3 h0 h2
    = v0 v0 v0 v2 v1 v2 h2 v1 h1 h2 h1 h2 h3 v0 v2 v1 v1 v1 h2 h3 h0 h3 h0 h2
    = v0 v0 v0 v2 v1 v2 v2 h3 h1 h2 h1 h2 h3 v0 v2 v1 v1 v1 h2 h3 h0 h3 h0 h2
    = v0 v0 v0 v2 v1 h3 h1 h2 h1 h2 h3 v0 v2 v1 v1 v1 h2 h3 h0 h3 h0 h2
    = v0 v0 v0 v2 v1 h3 h1 h2 h1 h2 v2 h2 v2 v1 v1 v1 h2 h3 h0 h3 h0 h2
    = v0 v0 v0 v2 v1 h3 h1 h2 h1 v1 h3 h2 v2 v1 v1 v1 h2 h3 h0 h3 h0 h2
    = v0 v0 v0 v2 v1 h3 h1 h2 v1 h0 h3 h2 v2 v1 v1 v1 h2 h3 h0 h3 h0 h2
    = v0 v0 v0 v2 v1 h3 h1 v2 h3 h0 h3 h2 v2 v1 v1 v1 h2 h3 h0 h3 h0 h2
    = v0 v0 v0 v2 v1 h3 v2 h0 h3 h0 h3 h2 v2 v1 v1 v1 h2 h3 h0 h3 h0 h2
    = v0 v0 v0 v2 v1 v0 h2 h0 h3 h0 h3 h2 v2 v1 v1 v1 h2 h3 h0 h3 h0 h2
    = v0 v0 v0 v2 h2 h0 h3 h0 h3 h2 v2 v1 v1 v1 h2 h3 h0 h3 h0 h2
    = v0 v0 v0 v2 h2 h0 h3 h0 h3 v1 h3 v1 v1 v1 h2 h3 h0 h3 h0 h2
    = v0 v0 v0 v2 h2 h0 h3 h0 v1 h1 h3 v1 v1 v1 h2 h3 h0 h3 h0 h2
    = v0 v0 v0 v2 h2 h0 h3 v1 h2 h1 h3 v1 v1 v1 h2 h3 h0 h3 h0 h2
    = v0 v0 v0 v2 h2 h0 v1 h1 h2 h1 h3 v1 v1 v1 h2 h3 h0 h3 h0 h2
    = v0 v0 v0 v2 h2 v1 h2 h1 h2 h1 h3 v1 v1 v1 h2 h3 h0 h3 h0 h2
    = v0 v0 v0 v2 v2 h3 h2 h1 h2 h1 h3 v1 v1 v1 h2 h3 h0 h3 h0 h2
    = v0 v0 v0 h3 h2 h1 h2 h1 h3 v1 v1 v1 h2 h3 h0 h3 h0 h2
    = v0 v0 v0 h3 h2 h1 h2 h1 v1 h1 v1 v1 h2 h3 h0 h3 h0 h2
    = v0 v0 v0 h3 h2 h1 h2 v1 h0 h1 v1 v1 h2 h3 h0 h3 h0 h2
    = v0 v0 v0 h3 h2 h1 v2 h3 h0 h1 v1 v1 h2 h3 h0 h3 h0 h2
    = v0 v0 v0 h3 h2 v2 h0 h3 h0 h1 v1 v1 h2 h3 h0 h3 h0 h2
    = v0 v0 v0 h3 v1 h3 h0 h3 h0 h1 v1 v1 h2 h3 h0 h3 h0 h2
    = v0 v0 v0 v1 h1 h3 h0 h3 h0 h1 v1 v1 h2 h3 h0 h3 h0 h2
    = v0 v0 h1 h3 h0 h3 h0 h1 v1 v1 h2 h3 h0 h3 h0 h2
    = v0 v0 h1 h3 h0 h3 h0 v1 h0 v1 h2 h3 h0 h3 h0 h2
    = v0 v0 h1 h3 h0 h3 v1 h2 h0 v1 h2 h3 h0 h3 h0 h2
    = v0 v0 h1 h3 h0 v1 h1 h2 h0 v1 h2 h3 h0 h3 h0 h2
    = v0 v0 h1 h3 v1 h2 h1 h2 h0 v1 h2 h3 h0 h3 h0 h2
    = v0 v0 h1 v1 h1 h2 h1 h2 h0 v1 h2 h3 h0 h3 h0 h2
    = v0 v0 v1 h0 h1 h2 h1 h2 h0 v1 h2 h3 h0 h3 h0 h2
    = v0 h0 h1 h2 h1 h2 h0 v1 h2 h3 h0 h3 h0 h2
    = v0 h0 h1 h2 h1 h2 v1 h2 h2 h3 h0 h3 h0 h2
    = v0 h0 h1 h2 h1 v2 h3 h2 h2 h3 h0 h3 h0 h2
    = v0 h0 h1 h2 v2 h0 h3 h2 h2 h3 h0 h3 h0 h2
    = v0 h0 h1 v1 h3 h0 h3 h2 h2 h3 h0 h3 h0 h2
    = v0 h0 v1 h0 h3 h0 h3 h2 h2 h3 h0 h3 h0 h2
    = v0 v1 h2 h0 h3 h0 h3 h2 h2 h3 h0 h3 h0 h2
    = h2 h0 h3 h0 h3 h2 h2 h3 h0 h3 h0 h2
    = h2 h0 h3 h0 h3 h3 h0 h3 h0 h2
    = h2 h0 h3 h0 h0 h3 h0 h2
    = h2 h0 h3 h3 h0 h2
    = h2 h0 h0 h2
    = h2 h2
    = 1
  (K) v|h30 inverts v000212|h:
    h3 h0 v0 v0 v0 v2 v1 v2 h0 h3 v0 v0 v0 v2 v1 v2
    = h3 v0 h1 v0 v0 v2 v1 v2 h0 h3 v0 v0 v0 v2 v1 v2
    = v2 h2 h1 v0 v0 v2 v1 v2 h0 h3 v0 v0 v0 v2 v1 v2
    = v2 h2 v0 h3 v0 v2 v1 v2 h0 h3 v0 v0 v0 v2 v1 v2
    = v2 v0 h0 h3 v0 v2 v1 v2 h0 h3 v0 v0 v0 v2 v1 v2
    = v2 v0 h0 v2 h2 v2 v1 v2 h0 h3 v0 v0 v0 v2 v1 v2
    = v2 v0 v2 h1 h2 v2 v1 v2 h0 h3 v0 v0 v0 v2 v1 v2
    = v2 v0 v2 h1 v1 h3 v1 v2 h0 h3 v0 v0 v0 v2 v1 v2
    = v2 v0 v2 v1 h0 h3 v1 v2 h0 h3 v0 v0 v0 v2 v1 v2
    = v2 v0 v2 v1 h0 v1 h1 v2 h0 h3 v0 v0 v0 v2 v1 v2
    = v2 v0 v2 v1 v1 h2 h1 v2 h0 h3 v0 v0 v0 v2 v1 v2
    = v2 v0 v2 v1 v1 h2 v2 h0 h0 h3 v0 v0 v0 v2 v1 v2
    = v2 v0 v2 v1 v1 v1 h3 h0 h0 h3 v0 v0 v0 v2 v1 v2
    = v2 v0 v2 v1 v1 v1 h3 h3 v0 v0 v0 v2 v1 v2
    = v2 v0 v2 v1 v1 v1 v0 v0 v0 v2 v1 v2
    = v2 v0 v2 v1 v1 v0 v0 v2 v1 v2
    = v2 v0 v2 v1 v0 v2 v1 v2
    = v2 v0 v2 v2 v1 v2
    = v2 v0 v1 v2
    = v2 v2
    = 1
  (R) v|h30 = r^-1, v|h0303 = r^2, r = v|h03
class 247 chain of length 6 with 4 inverting steps verified: Gamma^+ is not left-orderable
