$ python3 verify_klein2.py ../bmw-census-left-orders-2026-09-17/census_50_30.json chains_50_30_470.json --trace
pattern m=5 pA=0 n=3 pB=0 iA=[0, 1, 2, 3, 4] iB=[0, 1, 2]
  (R) v2012|h = r^1, v201012|h = r^2, r = v2012|h
  (K) v|h01024010 inverts v201012|h:
    h0 h1 h0 h2 h4 h0 h1 h0 v2 v0 v1 v0 v1 v2 h0 h1 h0 h4 h2 h0 h1 h0 v2 v0 v1 v0 v1 v2
    = h0 h1 h0 h2 h4 h0 h1 v2 h2 v0 v1 v0 v1 v2 h0 h1 h0 h4 h2 h0 h1 h0 v2 v0 v1 v0 v1 v2
    = h0 h1 h0 h2 h4 h0 v2 h3 h2 v0 v1 v0 v1 v2 h0 h1 h0 h4 h2 h0 h1 h0 v2 v0 v1 v0 v1 v2
    = h0 h1 h0 h2 h4 v2 h2 h3 h2 v0 v1 v0 v1 v2 h0 h1 h0 h4 h2 h0 h1 h0 v2 v0 v1 v0 v1 v2
    = h0 h1 h0 h2 v2 h4 h2 h3 h2 v0 v1 v0 v1 v2 h0 h1 h0 h4 h2 h0 h1 h0 v2 v0 v1 v0 v1 v2
    = h0 h1 h0 v2 h0 h4 h2 h3 h2 v0 v1 v0 v1 v2 h0 h1 h0 h4 h2 h0 h1 h0 v2 v0 v1 v0 v1 v2
    = h0 h1 v2 h2 h0 h4 h2 h3 h2 v0 v1 v0 v1 v2 h0 h1 h0 h4 h2 h0 h1 h0 v2 v0 v1 v0 v1 v2
    = h0 v2 h3 h2 h0 h4 h2 h3 h2 v0 v1 v0 v1 v2 h0 h1 h0 h4 h2 h0 h1 h0 v2 v0 v1 v0 v1 v2
    = v2 h2 h3 h2 h0 h4 h2 h3 h2 v0 v1 v0 v1 v2 h0 h1 h0 h4 h2 h0 h1 h0 v2 v0 v1 v0 v1 v2
    = v2 h2 h3 h2 h0 h4 h2 h3 v1 h2 v1 v0 v1 v2 h0 h1 h0 h4 h2 h0 h1 h0 v2 v0 v1 v0 v1 v2
    = v2 h2 h3 h2 h0 h4 h2 v0 h4 h2 v1 v0 v1 v2 h0 h1 h0 h4 h2 h0 h1 h0 v2 v0 v1 v0 v1 v2
    = v2 h2 h3 h2 h0 h4 v1 h2 h4 h2 v1 v0 v1 v2 h0 h1 h0 h4 h2 h0 h1 h0 v2 v0 v1 v0 v1 v2
    = v2 h2 h3 h2 h0 v0 h3 h2 h4 h2 v1 v0 v1 v2 h0 h1 h0 h4 h2 h0 h1 h0 v2 v0 v1 v0 v1 v2
    = v2 h2 h3 h2 v0 h0 h3 h2 h4 h2 v1 v0 v1 v2 h0 h1 h0 h4 h2 h0 h1 h0 v2 v0 v1 v0 v1 v2
    = v2 h2 h3 v1 h2 h0 h3 h2 h4 h2 v1 v0 v1 v2 h0 h1 h0 h4 h2 h0 h1 h0 v2 v0 v1 v0 v1 v2
    = v2 h2 v0 h4 h2 h0 h3 h2 h4 h2 v1 v0 v1 v2 h0 h1 h0 h4 h2 h0 h1 h0 v2 v0 v1 v0 v1 v2
    = v2 v1 h2 h4 h2 h0 h3 h2 h4 h2 v1 v0 v1 v2 h0 h1 h0 h4 h2 h0 h1 h0 v2 v0 v1 v0 v1 v2
    = v2 v1 h2 h4 h2 h0 h3 h2 h4 v0 h2 v0 v1 v2 h0 h1 h0 h4 h2 h0 h1 h0 v2 v0 v1 v0 v1 v2
    = v2 v1 h2 h4 h2 h0 h3 h2 v1 h3 h2 v0 v1 v2 h0 h1 h0 h4 h2 h0 h1 h0 v2 v0 v1 v0 v1 v2
    = v2 v1 h2 h4 h2 h0 h3 v0 h2 h3 h2 v0 v1 v2 h0 h1 h0 h4 h2 h0 h1 h0 v2 v0 v1 v0 v1 v2
    = v2 v1 h2 h4 h2 h0 v1 h4 h2 h3 h2 v0 v1 v2 h0 h1 h0 h4 h2 h0 h1 h0 v2 v0 v1 v0 v1 v2
    = v2 v1 h2 h4 h2 v1 h1 h4 h2 h3 h2 v0 v1 v2 h0 h1 h0 h4 h2 h0 h1 h0 v2 v0 v1 v0 v1 v2
    = v2 v1 h2 h4 v0 h2 h1 h4 h2 h3 h2 v0 v1 v2 h0 h1 h0 h4 h2 h0 h1 h0 v2 v0 v1 v0 v1 v2
    = v2 v1 h2 v1 h3 h2 h1 h4 h2 h3 h2 v0 v1 v2 h0 h1 h0 h4 h2 h0 h1 h0 v2 v0 v1 v0 v1 v2
    = v2 v1 v0 h2 h3 h2 h1 h4 h2 h3 h2 v0 v1 v2 h0 h1 h0 h4 h2 h0 h1 h0 v2 v0 v1 v0 v1 v2
    = v2 v1 v0 h2 h3 h2 h1 h4 h2 h3 v1 h2 v1 v2 h0 h1 h0 h4 h2 h0 h1 h0 v2 v0 v1 v0 v1 v2
    = v2 v1 v0 h2 h3 h2 h1 h4 h2 v0 h4 h2 v1 v2 h0 h1 h0 h4 h2 h0 h1 h0 v2 v0 v1 v0 v1 v2
    = v2 v1 v0 h2 h3 h2 h1 h4 v1 h2 h4 h2 v1 v2 h0 h1 h0 h4 h2 h0 h1 h0 v2 v0 v1 v0 v1 v2
    = v2 v1 v0 h2 h3 h2 h1 v0 h3 h2 h4 h2 v1 v2 h0 h1 h0 h4 h2 h0 h1 h0 v2 v0 v1 v0 v1 v2
    = v2 v1 v0 h2 h3 h2 v0 h1 h3 h2 h4 h2 v1 v2 h0 h1 h0 h4 h2 h0 h1 h0 v2 v0 v1 v0 v1 v2
    = v2 v1 v0 h2 h3 v1 h2 h1 h3 h2 h4 h2 v1 v2 h0 h1 h0 h4 h2 h0 h1 h0 v2 v0 v1 v0 v1 v2
    = v2 v1 v0 h2 v0 h4 h2 h1 h3 h2 h4 h2 v1 v2 h0 h1 h0 h4 h2 h0 h1 h0 v2 v0 v1 v0 v1 v2
    = v2 v1 v0 v1 h2 h4 h2 h1 h3 h2 h4 h2 v1 v2 h0 h1 h0 h4 h2 h0 h1 h0 v2 v0 v1 v0 v1 v2
    = v2 v1 v0 v1 h2 h4 h2 h1 h3 h2 h4 v0 h2 v2 h0 h1 h0 h4 h2 h0 h1 h0 v2 v0 v1 v0 v1 v2
    = v2 v1 v0 v1 h2 h4 h2 h1 h3 h2 v1 h3 h2 v2 h0 h1 h0 h4 h2 h0 h1 h0 v2 v0 v1 v0 v1 v2
    = v2 v1 v0 v1 h2 h4 h2 h1 h3 v0 h2 h3 h2 v2 h0 h1 h0 h4 h2 h0 h1 h0 v2 v0 v1 v0 v1 v2
    = v2 v1 v0 v1 h2 h4 h2 h1 v1 h4 h2 h3 h2 v2 h0 h1 h0 h4 h2 h0 h1 h0 v2 v0 v1 v0 v1 v2
    = v2 v1 v0 v1 h2 h4 h2 v1 h0 h4 h2 h3 h2 v2 h0 h1 h0 h4 h2 h0 h1 h0 v2 v0 v1 v0 v1 v2
    = v2 v1 v0 v1 h2 h4 v0 h2 h0 h4 h2 h3 h2 v2 h0 h1 h0 h4 h2 h0 h1 h0 v2 v0 v1 v0 v1 v2
    = v2 v1 v0 v1 h2 v1 h3 h2 h0 h4 h2 h3 h2 v2 h0 h1 h0 h4 h2 h0 h1 h0 v2 v0 v1 v0 v1 v2
    = v2 v1 v0 v1 v0 h2 h3 h2 h0 h4 h2 h3 h2 v2 h0 h1 h0 h4 h2 h0 h1 h0 v2 v0 v1 v0 v1 v2
    = v2 v1 v0 v1 v0 h2 h3 h2 h0 h4 h2 h3 v2 h0 h0 h1 h0 h4 h2 h0 h1 h0 v2 v0 v1 v0 v1 v2
    = v2 v1 v0 v1 v0 h2 h3 h2 h0 h4 h2 v2 h1 h0 h0 h1 h0 h4 h2 h0 h1 h0 v2 v0 v1 v0 v1 v2
    = v2 v1 v0 v1 v0 h2 h3 h2 h0 h4 v2 h0 h1 h0 h0 h1 h0 h4 h2 h0 h1 h0 v2 v0 v1 v0 v1 v2
    = v2 v1 v0 v1 v0 h2 h3 h2 h0 v2 h4 h0 h1 h0 h0 h1 h0 h4 h2 h0 h1 h0 v2 v0 v1 v0 v1 v2
    = v2 v1 v0 v1 v0 h2 h3 h2 v2 h2 h4 h0 h1 h0 h0 h1 h0 h4 h2 h0 h1 h0 v2 v0 v1 v0 v1 v2
    = v2 v1 v0 v1 v0 h2 h3 v2 h0 h2 h4 h0 h1 h0 h0 h1 h0 h4 h2 h0 h1 h0 v2 v0 v1 v0 v1 v2
    = v2 v1 v0 v1 v0 h2 v2 h1 h0 h2 h4 h0 h1 h0 h0 h1 h0 h4 h2 h0 h1 h0 v2 v0 v1 v0 v1 v2
    = v2 v1 v0 v1 v0 v2 h0 h1 h0 h2 h4 h0 h1 h0 h0 h1 h0 h4 h2 h0 h1 h0 v2 v0 v1 v0 v1 v2
    = v2 v1 v0 v1 v0 v2 h0 h1 h0 h2 h4 h0 h1 h1 h0 h4 h2 h0 h1 h0 v2 v0 v1 v0 v1 v2
    = v2 v1 v0 v1 v0 v2 h0 h1 h0 h2 h4 h0 h0 h4 h2 h0 h1 h0 v2 v0 v1 v0 v1 v2
    = v2 v1 v0 v1 v0 v2 h0 h1 h0 h2 h4 h4 h2 h0 h1 h0 v2 v0 v1 v0 v1 v2
    = v2 v1 v0 v1 v0 v2 h0 h1 h0 h2 h2 h0 h1 h0 v2 v0 v1 v0 v1 v2
    = v2 v1 v0 v1 v0 v2 h0 h1 h0 h0 h1 h0 v2 v0 v1 v0 v1 v2
    = v2 v1 v0 v1 v0 v2 h0 h1 h1 h0 v2 v0 v1 v0 v1 v2
    = v2 v1 v0 v1 v0 v2 h0 h0 v2 v0 v1 v0 v1 v2
    = v2 v1 v0 v1 v0 v2 v2 v0 v1 v0 v1 v2
    = v2 v1 v0 v1 v0 v0 v1 v0 v1 v2
    = v2 v1 v0 v1 v1 v0 v1 v2
    = v2 v1 v0 v0 v1 v2
    = v2 v1 v1 v2
    = v2 v2
    = 1
  (K) v020120|h inverts v|h01024010:
    v0 v2 v0 v1 v2 v0 h0 h1 h0 h2 h4 h0 h1 h0 v0 v2 v1 v0 v2 v0 h0 h1 h0 h2 h4 h0 h1 h0
    = v0 v2 v0 v1 v2 v0 h0 h1 h0 h2 h4 h0 h1 v0 h0 v2 v1 v0 v2 v0 h0 h1 h0 h2 h4 h0 h1 h0
    = v0 v2 v0 v1 v2 v0 h0 h1 h0 h2 h4 h0 v0 h1 h0 v2 v1 v0 v2 v0 h0 h1 h0 h2 h4 h0 h1 h0
    = v0 v2 v0 v1 v2 v0 h0 h1 h0 h2 h4 v0 h0 h1 h0 v2 v1 v0 v2 v0 h0 h1 h0 h2 h4 h0 h1 h0
    = v0 v2 v0 v1 v2 v0 h0 h1 h0 h2 v1 h3 h0 h1 h0 v2 v1 v0 v2 v0 h0 h1 h0 h2 h4 h0 h1 h0
    = v0 v2 v0 v1 v2 v0 h0 h1 h0 v0 h2 h3 h0 h1 h0 v2 v1 v0 v2 v0 h0 h1 h0 h2 h4 h0 h1 h0
    = v0 v2 v0 v1 v2 v0 h0 h1 v0 h0 h2 h3 h0 h1 h0 v2 v1 v0 v2 v0 h0 h1 h0 h2 h4 h0 h1 h0
    = v0 v2 v0 v1 v2 v0 h0 v0 h1 h0 h2 h3 h0 h1 h0 v2 v1 v0 v2 v0 h0 h1 h0 h2 h4 h0 h1 h0
    = v0 v2 v0 v1 v2 v0 v0 h0 h1 h0 h2 h3 h0 h1 h0 v2 v1 v0 v2 v0 h0 h1 h0 h2 h4 h0 h1 h0
    = v0 v2 v0 v1 v2 h0 h1 h0 h2 h3 h0 h1 h0 v2 v1 v0 v2 v0 h0 h1 h0 h2 h4 h0 h1 h0
    = v0 v2 v0 v1 v2 h0 h1 h0 h2 h3 h0 h1 v2 h2 v1 v0 v2 v0 h0 h1 h0 h2 h4 h0 h1 h0
    = v0 v2 v0 v1 v2 h0 h1 h0 h2 h3 h0 v2 h3 h2 v1 v0 v2 v0 h0 h1 h0 h2 h4 h0 h1 h0
    = v0 v2 v0 v1 v2 h0 h1 h0 h2 h3 v2 h2 h3 h2 v1 v0 v2 v0 h0 h1 h0 h2 h4 h0 h1 h0
    = v0 v2 v0 v1 v2 h0 h1 h0 h2 v2 h1 h2 h3 h2 v1 v0 v2 v0 h0 h1 h0 h2 h4 h0 h1 h0
    = v0 v2 v0 v1 v2 h0 h1 h0 v2 h0 h1 h2 h3 h2 v1 v0 v2 v0 h0 h1 h0 h2 h4 h0 h1 h0
    = v0 v2 v0 v1 v2 h0 h1 v2 h2 h0 h1 h2 h3 h2 v1 v0 v2 v0 h0 h1 h0 h2 h4 h0 h1 h0
    = v0 v2 v0 v1 v2 h0 v2 h3 h2 h0 h1 h2 h3 h2 v1 v0 v2 v0 h0 h1 h0 h2 h4 h0 h1 h0
    = v0 v2 v0 v1 v2 v2 h2 h3 h2 h0 h1 h2 h3 h2 v1 v0 v2 v0 h0 h1 h0 h2 h4 h0 h1 h0
    = v0 v2 v0 v1 h2 h3 h2 h0 h1 h2 h3 h2 v1 v0 v2 v0 h0 h1 h0 h2 h4 h0 h1 h0
    = v0 v2 v0 v1 h2 h3 h2 h0 h1 h2 h3 v0 h2 v0 v2 v0 h0 h1 h0 h2 h4 h0 h1 h0
    = v0 v2 v0 v1 h2 h3 h2 h0 h1 h2 v1 h4 h2 v0 v2 v0 h0 h1 h0 h2 h4 h0 h1 h0
    = v0 v2 v0 v1 h2 h3 h2 h0 h1 v0 h2 h4 h2 v0 v2 v0 h0 h1 h0 h2 h4 h0 h1 h0
    = v0 v2 v0 v1 h2 h3 h2 h0 v0 h1 h2 h4 h2 v0 v2 v0 h0 h1 h0 h2 h4 h0 h1 h0
    = v0 v2 v0 v1 h2 h3 h2 v0 h0 h1 h2 h4 h2 v0 v2 v0 h0 h1 h0 h2 h4 h0 h1 h0
    = v0 v2 v0 v1 h2 h3 v1 h2 h0 h1 h2 h4 h2 v0 v2 v0 h0 h1 h0 h2 h4 h0 h1 h0
    = v0 v2 v0 v1 h2 v0 h4 h2 h0 h1 h2 h4 h2 v0 v2 v0 h0 h1 h0 h2 h4 h0 h1 h0
    = v0 v2 v0 v1 v1 h2 h4 h2 h0 h1 h2 h4 h2 v0 v2 v0 h0 h1 h0 h2 h4 h0 h1 h0
    = v0 v2 v0 h2 h4 h2 h0 h1 h2 h4 h2 v0 v2 v0 h0 h1 h0 h2 h4 h0 h1 h0
    = v0 v2 v0 h2 h4 h2 h0 h1 h2 h4 v1 h2 v2 v0 h0 h1 h0 h2 h4 h0 h1 h0
    = v0 v2 v0 h2 h4 h2 h0 h1 h2 v0 h3 h2 v2 v0 h0 h1 h0 h2 h4 h0 h1 h0
    = v0 v2 v0 h2 h4 h2 h0 h1 v1 h2 h3 h2 v2 v0 h0 h1 h0 h2 h4 h0 h1 h0
    = v0 v2 v0 h2 h4 h2 h0 v1 h0 h2 h3 h2 v2 v0 h0 h1 h0 h2 h4 h0 h1 h0
    = v0 v2 v0 h2 h4 h2 v1 h1 h0 h2 h3 h2 v2 v0 h0 h1 h0 h2 h4 h0 h1 h0
    = v0 v2 v0 h2 h4 v0 h2 h1 h0 h2 h3 h2 v2 v0 h0 h1 h0 h2 h4 h0 h1 h0
    = v0 v2 v0 h2 v1 h3 h2 h1 h0 h2 h3 h2 v2 v0 h0 h1 h0 h2 h4 h0 h1 h0
    = v0 v2 v0 v0 h2 h3 h2 h1 h0 h2 h3 h2 v2 v0 h0 h1 h0 h2 h4 h0 h1 h0
    = v0 v2 h2 h3 h2 h1 h0 h2 h3 h2 v2 v0 h0 h1 h0 h2 h4 h0 h1 h0
    = v0 v2 h2 h3 h2 h1 h0 h2 h3 v2 h0 v0 h0 h1 h0 h2 h4 h0 h1 h0
    = v0 v2 h2 h3 h2 h1 h0 h2 v2 h1 h0 v0 h0 h1 h0 h2 h4 h0 h1 h0
    = v0 v2 h2 h3 h2 h1 h0 v2 h0 h1 h0 v0 h0 h1 h0 h2 h4 h0 h1 h0
    = v0 v2 h2 h3 h2 h1 v2 h2 h0 h1 h0 v0 h0 h1 h0 h2 h4 h0 h1 h0
    = v0 v2 h2 h3 h2 v2 h3 h2 h0 h1 h0 v0 h0 h1 h0 h2 h4 h0 h1 h0
    = v0 v2 h2 h3 v2 h0 h3 h2 h0 h1 h0 v0 h0 h1 h0 h2 h4 h0 h1 h0
    = v0 v2 h2 v2 h1 h0 h3 h2 h0 h1 h0 v0 h0 h1 h0 h2 h4 h0 h1 h0
    = v0 v2 v2 h0 h1 h0 h3 h2 h0 h1 h0 v0 h0 h1 h0 h2 h4 h0 h1 h0
    = v0 h0 h1 h0 h3 h2 h0 h1 h0 v0 h0 h1 h0 h2 h4 h0 h1 h0
    = v0 h0 h1 h0 h3 h2 h0 h1 v0 h0 h0 h1 h0 h2 h4 h0 h1 h0
    = v0 h0 h1 h0 h3 h2 h0 v0 h1 h0 h0 h1 h0 h2 h4 h0 h1 h0
    = v0 h0 h1 h0 h3 h2 v0 h0 h1 h0 h0 h1 h0 h2 h4 h0 h1 h0
    = v0 h0 h1 h0 h3 v1 h2 h0 h1 h0 h0 h1 h0 h2 h4 h0 h1 h0
    = v0 h0 h1 h0 v0 h4 h2 h0 h1 h0 h0 h1 h0 h2 h4 h0 h1 h0
    = v0 h0 h1 v0 h0 h4 h2 h0 h1 h0 h0 h1 h0 h2 h4 h0 h1 h0
    = v0 h0 v0 h1 h0 h4 h2 h0 h1 h0 h0 h1 h0 h2 h4 h0 h1 h0
    = v0 v0 h0 h1 h0 h4 h2 h0 h1 h0 h0 h1 h0 h2 h4 h0 h1 h0
    = h0 h1 h0 h4 h2 h0 h1 h0 h0 h1 h0 h2 h4 h0 h1 h0
    = h0 h1 h0 h4 h2 h0 h1 h1 h0 h2 h4 h0 h1 h0
    = h0 h1 h0 h4 h2 h0 h0 h2 h4 h0 h1 h0
    = h0 h1 h0 h4 h2 h2 h4 h0 h1 h0
    = h0 h1 h0 h4 h4 h0 h1 h0
    = h0 h1 h0 h0 h1 h0
    = h0 h1 h1 h0
    = h0 h0
    = 1
  (R) v020120|h = r^1, v02010120|h = r^2, r = v020120|h
  (K) v|h01032010 inverts v02010120|h:
    h0 h1 h0 h3 h2 h0 h1 h0 v0 v2 v0 v1 v0 v1 v2 v0 h0 h1 h0 h2 h3 h0 h1 h0 v0 v2 v0 v1 v0 v1 v2 v0
    = h0 h1 h0 h3 h2 h0 h1 v0 h0 v2 v0 v1 v0 v1 v2 v0 h0 h1 h0 h2 h3 h0 h1 h0 v0 v2 v0 v1 v0 v1 v2 v0
    = h0 h1 h0 h3 h2 h0 v0 h1 h0 v2 v0 v1 v0 v1 v2 v0 h0 h1 h0 h2 h3 h0 h1 h0 v0 v2 v0 v1 v0 v1 v2 v0
    = h0 h1 h0 h3 h2 v0 h0 h1 h0 v2 v0 v1 v0 v1 v2 v0 h0 h1 h0 h2 h3 h0 h1 h0 v0 v2 v0 v1 v0 v1 v2 v0
    = h0 h1 h0 h3 v1 h2 h0 h1 h0 v2 v0 v1 v0 v1 v2 v0 h0 h1 h0 h2 h3 h0 h1 h0 v0 v2 v0 v1 v0 v1 v2 v0
    = h0 h1 h0 v0 h4 h2 h0 h1 h0 v2 v0 v1 v0 v1 v2 v0 h0 h1 h0 h2 h3 h0 h1 h0 v0 v2 v0 v1 v0 v1 v2 v0
    = h0 h1 v0 h0 h4 h2 h0 h1 h0 v2 v0 v1 v0 v1 v2 v0 h0 h1 h0 h2 h3 h0 h1 h0 v0 v2 v0 v1 v0 v1 v2 v0
    = h0 v0 h1 h0 h4 h2 h0 h1 h0 v2 v0 v1 v0 v1 v2 v0 h0 h1 h0 h2 h3 h0 h1 h0 v0 v2 v0 v1 v0 v1 v2 v0
    = v0 h0 h1 h0 h4 h2 h0 h1 h0 v2 v0 v1 v0 v1 v2 v0 h0 h1 h0 h2 h3 h0 h1 h0 v0 v2 v0 v1 v0 v1 v2 v0
    = v0 h0 h1 h0 h4 h2 h0 h1 v2 h2 v0 v1 v0 v1 v2 v0 h0 h1 h0 h2 h3 h0 h1 h0 v0 v2 v0 v1 v0 v1 v2 v0
    = v0 h0 h1 h0 h4 h2 h0 v2 h3 h2 v0 v1 v0 v1 v2 v0 h0 h1 h0 h2 h3 h0 h1 h0 v0 v2 v0 v1 v0 v1 v2 v0
    = v0 h0 h1 h0 h4 h2 v2 h2 h3 h2 v0 v1 v0 v1 v2 v0 h0 h1 h0 h2 h3 h0 h1 h0 v0 v2 v0 v1 v0 v1 v2 v0
    = v0 h0 h1 h0 h4 v2 h0 h2 h3 h2 v0 v1 v0 v1 v2 v0 h0 h1 h0 h2 h3 h0 h1 h0 v0 v2 v0 v1 v0 v1 v2 v0
    = v0 h0 h1 h0 v2 h4 h0 h2 h3 h2 v0 v1 v0 v1 v2 v0 h0 h1 h0 h2 h3 h0 h1 h0 v0 v2 v0 v1 v0 v1 v2 v0
    = v0 h0 h1 v2 h2 h4 h0 h2 h3 h2 v0 v1 v0 v1 v2 v0 h0 h1 h0 h2 h3 h0 h1 h0 v0 v2 v0 v1 v0 v1 v2 v0
    = v0 h0 v2 h3 h2 h4 h0 h2 h3 h2 v0 v1 v0 v1 v2 v0 h0 h1 h0 h2 h3 h0 h1 h0 v0 v2 v0 v1 v0 v1 v2 v0
    = v0 v2 h2 h3 h2 h4 h0 h2 h3 h2 v0 v1 v0 v1 v2 v0 h0 h1 h0 h2 h3 h0 h1 h0 v0 v2 v0 v1 v0 v1 v2 v0
    = v0 v2 h2 h3 h2 h4 h0 h2 h3 v1 h2 v1 v0 v1 v2 v0 h0 h1 h0 h2 h3 h0 h1 h0 v0 v2 v0 v1 v0 v1 v2 v0
    = v0 v2 h2 h3 h2 h4 h0 h2 v0 h4 h2 v1 v0 v1 v2 v0 h0 h1 h0 h2 h3 h0 h1 h0 v0 v2 v0 v1 v0 v1 v2 v0
    = v0 v2 h2 h3 h2 h4 h0 v1 h2 h4 h2 v1 v0 v1 v2 v0 h0 h1 h0 h2 h3 h0 h1 h0 v0 v2 v0 v1 v0 v1 v2 v0
    = v0 v2 h2 h3 h2 h4 v1 h1 h2 h4 h2 v1 v0 v1 v2 v0 h0 h1 h0 h2 h3 h0 h1 h0 v0 v2 v0 v1 v0 v1 v2 v0
    = v0 v2 h2 h3 h2 v0 h3 h1 h2 h4 h2 v1 v0 v1 v2 v0 h0 h1 h0 h2 h3 h0 h1 h0 v0 v2 v0 v1 v0 v1 v2 v0
    = v0 v2 h2 h3 v1 h2 h3 h1 h2 h4 h2 v1 v0 v1 v2 v0 h0 h1 h0 h2 h3 h0 h1 h0 v0 v2 v0 v1 v0 v1 v2 v0
    = v0 v2 h2 v0 h4 h2 h3 h1 h2 h4 h2 v1 v0 v1 v2 v0 h0 h1 h0 h2 h3 h0 h1 h0 v0 v2 v0 v1 v0 v1 v2 v0
    = v0 v2 v1 h2 h4 h2 h3 h1 h2 h4 h2 v1 v0 v1 v2 v0 h0 h1 h0 h2 h3 h0 h1 h0 v0 v2 v0 v1 v0 v1 v2 v0
    = v0 v2 v1 h2 h4 h2 h3 h1 h2 h4 v0 h2 v0 v1 v2 v0 h0 h1 h0 h2 h3 h0 h1 h0 v0 v2 v0 v1 v0 v1 v2 v0
    = v0 v2 v1 h2 h4 h2 h3 h1 h2 v1 h3 h2 v0 v1 v2 v0 h0 h1 h0 h2 h3 h0 h1 h0 v0 v2 v0 v1 v0 v1 v2 v0
    = v0 v2 v1 h2 h4 h2 h3 h1 v0 h2 h3 h2 v0 v1 v2 v0 h0 h1 h0 h2 h3 h0 h1 h0 v0 v2 v0 v1 v0 v1 v2 v0
    = v0 v2 v1 h2 h4 h2 h3 v0 h1 h2 h3 h2 v0 v1 v2 v0 h0 h1 h0 h2 h3 h0 h1 h0 v0 v2 v0 v1 v0 v1 v2 v0
    = v0 v2 v1 h2 h4 h2 v1 h4 h1 h2 h3 h2 v0 v1 v2 v0 h0 h1 h0 h2 h3 h0 h1 h0 v0 v2 v0 v1 v0 v1 v2 v0
    = v0 v2 v1 h2 h4 v0 h2 h4 h1 h2 h3 h2 v0 v1 v2 v0 h0 h1 h0 h2 h3 h0 h1 h0 v0 v2 v0 v1 v0 v1 v2 v0
    = v0 v2 v1 h2 v1 h3 h2 h4 h1 h2 h3 h2 v0 v1 v2 v0 h0 h1 h0 h2 h3 h0 h1 h0 v0 v2 v0 v1 v0 v1 v2 v0
    = v0 v2 v1 v0 h2 h3 h2 h4 h1 h2 h3 h2 v0 v1 v2 v0 h0 h1 h0 h2 h3 h0 h1 h0 v0 v2 v0 v1 v0 v1 v2 v0
    = v0 v2 v1 v0 h2 h3 h2 h4 h1 h2 h3 v1 h2 v1 v2 v0 h0 h1 h0 h2 h3 h0 h1 h0 v0 v2 v0 v1 v0 v1 v2 v0
    = v0 v2 v1 v0 h2 h3 h2 h4 h1 h2 v0 h4 h2 v1 v2 v0 h0 h1 h0 h2 h3 h0 h1 h0 v0 v2 v0 v1 v0 v1 v2 v0
    = v0 v2 v1 v0 h2 h3 h2 h4 h1 v1 h2 h4 h2 v1 v2 v0 h0 h1 h0 h2 h3 h0 h1 h0 v0 v2 v0 v1 v0 v1 v2 v0
    = v0 v2 v1 v0 h2 h3 h2 h4 v1 h0 h2 h4 h2 v1 v2 v0 h0 h1 h0 h2 h3 h0 h1 h0 v0 v2 v0 v1 v0 v1 v2 v0
    = v0 v2 v1 v0 h2 h3 h2 v0 h3 h0 h2 h4 h2 v1 v2 v0 h0 h1 h0 h2 h3 h0 h1 h0 v0 v2 v0 v1 v0 v1 v2 v0
    = v0 v2 v1 v0 h2 h3 v1 h2 h3 h0 h2 h4 h2 v1 v2 v0 h0 h1 h0 h2 h3 h0 h1 h0 v0 v2 v0 v1 v0 v1 v2 v0
    = v0 v2 v1 v0 h2 v0 h4 h2 h3 h0 h2 h4 h2 v1 v2 v0 h0 h1 h0 h2 h3 h0 h1 h0 v0 v2 v0 v1 v0 v1 v2 v0
    = v0 v2 v1 v0 v1 h2 h4 h2 h3 h0 h2 h4 h2 v1 v2 v0 h0 h1 h0 h2 h3 h0 h1 h0 v0 v2 v0 v1 v0 v1 v2 v0
    = v0 v2 v1 v0 v1 h2 h4 h2 h3 h0 h2 h4 v0 h2 v2 v0 h0 h1 h0 h2 h3 h0 h1 h0 v0 v2 v0 v1 v0 v1 v2 v0
    = v0 v2 v1 v0 v1 h2 h4 h2 h3 h0 h2 v1 h3 h2 v2 v0 h0 h1 h0 h2 h3 h0 h1 h0 v0 v2 v0 v1 v0 v1 v2 v0
    = v0 v2 v1 v0 v1 h2 h4 h2 h3 h0 v0 h2 h3 h2 v2 v0 h0 h1 h0 h2 h3 h0 h1 h0 v0 v2 v0 v1 v0 v1 v2 v0
    = v0 v2 v1 v0 v1 h2 h4 h2 h3 v0 h0 h2 h3 h2 v2 v0 h0 h1 h0 h2 h3 h0 h1 h0 v0 v2 v0 v1 v0 v1 v2 v0
    = v0 v2 v1 v0 v1 h2 h4 h2 v1 h4 h0 h2 h3 h2 v2 v0 h0 h1 h0 h2 h3 h0 h1 h0 v0 v2 v0 v1 v0 v1 v2 v0
    = v0 v2 v1 v0 v1 h2 h4 v0 h2 h4 h0 h2 h3 h2 v2 v0 h0 h1 h0 h2 h3 h0 h1 h0 v0 v2 v0 v1 v0 v1 v2 v0
    = v0 v2 v1 v0 v1 h2 v1 h3 h2 h4 h0 h2 h3 h2 v2 v0 h0 h1 h0 h2 h3 h0 h1 h0 v0 v2 v0 v1 v0 v1 v2 v0
    = v0 v2 v1 v0 v1 v0 h2 h3 h2 h4 h0 h2 h3 h2 v2 v0 h0 h1 h0 h2 h3 h0 h1 h0 v0 v2 v0 v1 v0 v1 v2 v0
    = v0 v2 v1 v0 v1 v0 h2 h3 h2 h4 h0 h2 h3 v2 h0 v0 h0 h1 h0 h2 h3 h0 h1 h0 v0 v2 v0 v1 v0 v1 v2 v0
    = v0 v2 v1 v0 v1 v0 h2 h3 h2 h4 h0 h2 v2 h1 h0 v0 h0 h1 h0 h2 h3 h0 h1 h0 v0 v2 v0 v1 v0 v1 v2 v0
    = v0 v2 v1 v0 v1 v0 h2 h3 h2 h4 h0 v2 h0 h1 h0 v0 h0 h1 h0 h2 h3 h0 h1 h0 v0 v2 v0 v1 v0 v1 v2 v0
    = v0 v2 v1 v0 v1 v0 h2 h3 h2 h4 v2 h2 h0 h1 h0 v0 h0 h1 h0 h2 h3 h0 h1 h0 v0 v2 v0 v1 v0 v1 v2 v0
    = v0 v2 v1 v0 v1 v0 h2 h3 h2 v2 h4 h2 h0 h1 h0 v0 h0 h1 h0 h2 h3 h0 h1 h0 v0 v2 v0 v1 v0 v1 v2 v0
    = v0 v2 v1 v0 v1 v0 h2 h3 v2 h0 h4 h2 h0 h1 h0 v0 h0 h1 h0 h2 h3 h0 h1 h0 v0 v2 v0 v1 v0 v1 v2 v0
    = v0 v2 v1 v0 v1 v0 h2 v2 h1 h0 h4 h2 h0 h1 h0 v0 h0 h1 h0 h2 h3 h0 h1 h0 v0 v2 v0 v1 v0 v1 v2 v0
    = v0 v2 v1 v0 v1 v0 v2 h0 h1 h0 h4 h2 h0 h1 h0 v0 h0 h1 h0 h2 h3 h0 h1 h0 v0 v2 v0 v1 v0 v1 v2 v0
    = v0 v2 v1 v0 v1 v0 v2 h0 h1 h0 h4 h2 h0 h1 v0 h0 h0 h1 h0 h2 h3 h0 h1 h0 v0 v2 v0 v1 v0 v1 v2 v0
    = v0 v2 v1 v0 v1 v0 v2 h0 h1 h0 h4 h2 h0 v0 h1 h0 h0 h1 h0 h2 h3 h0 h1 h0 v0 v2 v0 v1 v0 v1 v2 v0
    = v0 v2 v1 v0 v1 v0 v2 h0 h1 h0 h4 h2 v0 h0 h1 h0 h0 h1 h0 h2 h3 h0 h1 h0 v0 v2 v0 v1 v0 v1 v2 v0
    = v0 v2 v1 v0 v1 v0 v2 h0 h1 h0 h4 v1 h2 h0 h1 h0 h0 h1 h0 h2 h3 h0 h1 h0 v0 v2 v0 v1 v0 v1 v2 v0
    = v0 v2 v1 v0 v1 v0 v2 h0 h1 h0 v0 h3 h2 h0 h1 h0 h0 h1 h0 h2 h3 h0 h1 h0 v0 v2 v0 v1 v0 v1 v2 v0
    = v0 v2 v1 v0 v1 v0 v2 h0 h1 v0 h0 h3 h2 h0 h1 h0 h0 h1 h0 h2 h3 h0 h1 h0 v0 v2 v0 v1 v0 v1 v2 v0
    = v0 v2 v1 v0 v1 v0 v2 h0 v0 h1 h0 h3 h2 h0 h1 h0 h0 h1 h0 h2 h3 h0 h1 h0 v0 v2 v0 v1 v0 v1 v2 v0
    = v0 v2 v1 v0 v1 v0 v2 v0 h0 h1 h0 h3 h2 h0 h1 h0 h0 h1 h0 h2 h3 h0 h1 h0 v0 v2 v0 v1 v0 v1 v2 v0
    = v0 v2 v1 v0 v1 v0 v2 v0 h0 h1 h0 h3 h2 h0 h1 h1 h0 h2 h3 h0 h1 h0 v0 v2 v0 v1 v0 v1 v2 v0
    = v0 v2 v1 v0 v1 v0 v2 v0 h0 h1 h0 h3 h2 h0 h0 h2 h3 h0 h1 h0 v0 v2 v0 v1 v0 v1 v2 v0
    = v0 v2 v1 v0 v1 v0 v2 v0 h0 h1 h0 h3 h2 h2 h3 h0 h1 h0 v0 v2 v0 v1 v0 v1 v2 v0
    = v0 v2 v1 v0 v1 v0 v2 v0 h0 h1 h0 h3 h3 h0 h1 h0 v0 v2 v0 v1 v0 v1 v2 v0
    = v0 v2 v1 v0 v1 v0 v2 v0 h0 h1 h0 h0 h1 h0 v0 v2 v0 v1 v0 v1 v2 v0
    = v0 v2 v1 v0 v1 v0 v2 v0 h0 h1 h1 h0 v0 v2 v0 v1 v0 v1 v2 v0
    = v0 v2 v1 v0 v1 v0 v2 v0 h0 h0 v0 v2 v0 v1 v0 v1 v2 v0
    = v0 v2 v1 v0 v1 v0 v2 v0 v0 v2 v0 v1 v0 v1 v2 v0
    = v0 v2 v1 v0 v1 v0 v2 v2 v0 v1 v0 v1 v2 v0
    = v0 v2 v1 v0 v1 v0 v0 v1 v0 v1 v2 v0
    = v0 v2 v1 v0 v1 v1 v0 v1 v2 v0
    = v0 v2 v1 v0 v0 v1 v2 v0
    = v0 v2 v1 v1 v2 v0
    = v0 v2 v2 v0
    = v0 v0
    = 1
  (K) v2012|h inverts v|h01032010:
    v2 v0 v1 v2 h0 h1 h0 h3 h2 h0 h1 h0 v2 v1 v0 v2 h0 h1 h0 h3 h2 h0 h1 h0
    = v2 v0 v1 v2 h0 h1 h0 h3 h2 h0 h1 v2 h2 v1 v0 v2 h0 h1 h0 h3 h2 h0 h1 h0
    = v2 v0 v1 v2 h0 h1 h0 h3 h2 h0 v2 h3 h2 v1 v0 v2 h0 h1 h0 h3 h2 h0 h1 h0
    = v2 v0 v1 v2 h0 h1 h0 h3 h2 v2 h2 h3 h2 v1 v0 v2 h0 h1 h0 h3 h2 h0 h1 h0
    = v2 v0 v1 v2 h0 h1 h0 h3 v2 h0 h2 h3 h2 v1 v0 v2 h0 h1 h0 h3 h2 h0 h1 h0
    = v2 v0 v1 v2 h0 h1 h0 v2 h1 h0 h2 h3 h2 v1 v0 v2 h0 h1 h0 h3 h2 h0 h1 h0
    = v2 v0 v1 v2 h0 h1 v2 h2 h1 h0 h2 h3 h2 v1 v0 v2 h0 h1 h0 h3 h2 h0 h1 h0
    = v2 v0 v1 v2 h0 v2 h3 h2 h1 h0 h2 h3 h2 v1 v0 v2 h0 h1 h0 h3 h2 h0 h1 h0
    = v2 v0 v1 v2 v2 h2 h3 h2 h1 h0 h2 h3 h2 v1 v0 v2 h0 h1 h0 h3 h2 h0 h1 h0
    = v2 v0 v1 h2 h3 h2 h1 h0 h2 h3 h2 v1 v0 v2 h0 h1 h0 h3 h2 h0 h1 h0
    = v2 v0 v1 h2 h3 h2 h1 h0 h2 h3 v0 h2 v0 v2 h0 h1 h0 h3 h2 h0 h1 h0
    = v2 v0 v1 h2 h3 h2 h1 h0 h2 v1 h4 h2 v0 v2 h0 h1 h0 h3 h2 h0 h1 h0
    = v2 v0 v1 h2 h3 h2 h1 h0 v0 h2 h4 h2 v0 v2 h0 h1 h0 h3 h2 h0 h1 h0
    = v2 v0 v1 h2 h3 h2 h1 v0 h0 h2 h4 h2 v0 v2 h0 h1 h0 h3 h2 h0 h1 h0
    = v2 v0 v1 h2 h3 h2 v0 h1 h0 h2 h4 h2 v0 v2 h0 h1 h0 h3 h2 h0 h1 h0
    = v2 v0 v1 h2 h3 v1 h2 h1 h0 h2 h4 h2 v0 v2 h0 h1 h0 h3 h2 h0 h1 h0
    = v2 v0 v1 h2 v0 h4 h2 h1 h0 h2 h4 h2 v0 v2 h0 h1 h0 h3 h2 h0 h1 h0
    = v2 v0 v1 v1 h2 h4 h2 h1 h0 h2 h4 h2 v0 v2 h0 h1 h0 h3 h2 h0 h1 h0
    = v2 v0 h2 h4 h2 h1 h0 h2 h4 h2 v0 v2 h0 h1 h0 h3 h2 h0 h1 h0
    = v2 v0 h2 h4 h2 h1 h0 h2 h4 v1 h2 v2 h0 h1 h0 h3 h2 h0 h1 h0
    = v2 v0 h2 h4 h2 h1 h0 h2 v0 h3 h2 v2 h0 h1 h0 h3 h2 h0 h1 h0
    = v2 v0 h2 h4 h2 h1 h0 v1 h2 h3 h2 v2 h0 h1 h0 h3 h2 h0 h1 h0
    = v2 v0 h2 h4 h2 h1 v1 h1 h2 h3 h2 v2 h0 h1 h0 h3 h2 h0 h1 h0
    = v2 v0 h2 h4 h2 v1 h0 h1 h2 h3 h2 v2 h0 h1 h0 h3 h2 h0 h1 h0
    = v2 v0 h2 h4 v0 h2 h0 h1 h2 h3 h2 v2 h0 h1 h0 h3 h2 h0 h1 h0
    = v2 v0 h2 v1 h3 h2 h0 h1 h2 h3 h2 v2 h0 h1 h0 h3 h2 h0 h1 h0
    = v2 v0 v0 h2 h3 h2 h0 h1 h2 h3 h2 v2 h0 h1 h0 h3 h2 h0 h1 h0
    = v2 h2 h3 h2 h0 h1 h2 h3 h2 v2 h0 h1 h0 h3 h2 h0 h1 h0
    = v2 h2 h3 h2 h0 h1 h2 h3 v2 h0 h0 h1 h0 h3 h2 h0 h1 h0
    = v2 h2 h3 h2 h0 h1 h2 v2 h1 h0 h0 h1 h0 h3 h2 h0 h1 h0
    = v2 h2 h3 h2 h0 h1 v2 h0 h1 h0 h0 h1 h0 h3 h2 h0 h1 h0
    = v2 h2 h3 h2 h0 v2 h3 h0 h1 h0 h0 h1 h0 h3 h2 h0 h1 h0
    = v2 h2 h3 h2 v2 h2 h3 h0 h1 h0 h0 h1 h0 h3 h2 h0 h1 h0
    = v2 h2 h3 v2 h0 h2 h3 h0 h1 h0 h0 h1 h0 h3 h2 h0 h1 h0
    = v2 h2 v2 h1 h0 h2 h3 h0 h1 h0 h0 h1 h0 h3 h2 h0 h1 h0
    = v2 v2 h0 h1 h0 h2 h3 h0 h1 h0 h0 h1 h0 h3 h2 h0 h1 h0
    = h0 h1 h0 h2 h3 h0 h1 h0 h0 h1 h0 h3 h2 h0 h1 h0
    = h0 h1 h0 h2 h3 h0 h1 h1 h0 h3 h2 h0 h1 h0
    = h0 h1 h0 h2 h3 h0 h0 h3 h2 h0 h1 h0
    = h0 h1 h0 h2 h3 h3 h2 h0 h1 h0
    = h0 h1 h0 h2 h2 h0 h1 h0
    = h0 h1 h0 h0 h1 h0
    = h0 h1 h1 h0
    = h0 h0
    = 1
class 470 chain of length 6 with 4 inverting steps verified: Gamma^+ is not left-orderable
