$ python3 verify_klein2.py ../bmw-census-left-orders-2026-09-17/census_42_40.json chains_42_40.json --trace
pattern m=4 pA=2 n=4 pB=0 iA=[1, 0, 3, 2] iB=[0, 1, 2, 3]
  (R) v|h30 = r^-1, v|h3030 = r^-2, r = v|h12
  (K) v023210|h inverts v|h3030:
    v0 v2 v3 v2 v1 v0 h3 h0 h3 h0 v0 v1 v2 v3 v2 v0 h3 h0 h3 h0
    = v0 v2 v3 v2 v1 v0 h3 h0 h3 v0 h0 v1 v2 v3 v2 v0 h3 h0 h3 h0
    = v0 v2 v3 v2 v1 v0 h3 h0 v0 h3 h0 v1 v2 v3 v2 v0 h3 h0 h3 h0
    = v0 v2 v3 v2 v1 v0 h3 v0 h0 h3 h0 v1 v2 v3 v2 v0 h3 h0 h3 h0
    = v0 v2 v3 v2 v1 v0 v0 h3 h0 h3 h0 v1 v2 v3 v2 v0 h3 h0 h3 h0
    = v0 v2 v3 v2 v1 h3 h0 h3 h0 v1 v2 v3 v2 v0 h3 h0 h3 h0
    = v0 v2 v3 v2 v1 h3 h0 h3 v1 h0 v2 v3 v2 v0 h3 h0 h3 h0
    = v0 v2 v3 v2 v1 h3 h0 v2 h3 h0 v2 v3 v2 v0 h3 h0 h3 h0
    = v0 v2 v3 v2 v1 h3 v3 h0 h3 h0 v2 v3 v2 v0 h3 h0 h3 h0
    = v0 v2 v3 v2 v1 v1 h3 h0 h3 h0 v2 v3 v2 v0 h3 h0 h3 h0
    = v0 v2 v3 v2 h3 h0 h3 h0 v2 v3 v2 v0 h3 h0 h3 h0
    = v0 v2 v3 v2 h3 h0 h3 v3 h0 v3 v2 v0 h3 h0 h3 h0
    = v0 v2 v3 v2 h3 h0 v1 h3 h0 v3 v2 v0 h3 h0 h3 h0
    = v0 v2 v3 v2 h3 v1 h0 h3 h0 v3 v2 v0 h3 h0 h3 h0
    = v0 v2 v3 v2 v2 h3 h0 h3 h0 v3 v2 v0 h3 h0 h3 h0
    = v0 v2 v3 h3 h0 h3 h0 v3 v2 v0 h3 h0 h3 h0
    = v0 v2 v3 h3 h0 h3 v2 h2 v2 v0 h3 h0 h3 h0
    = v0 v2 v3 h3 h0 v3 h1 h2 v2 v0 h3 h0 h3 h0
    = v0 v2 v3 h3 v2 h2 h1 h2 v2 v0 h3 h0 h3 h0
    = v0 v2 v3 v3 h1 h2 h1 h2 v2 v0 h3 h0 h3 h0
    = v0 v2 h1 h2 h1 h2 v2 v0 h3 h0 h3 h0
    = v0 v2 h1 h2 h1 v1 h2 v0 h3 h0 h3 h0
    = v0 v2 h1 h2 v1 h1 h2 v0 h3 h0 h3 h0
    = v0 v2 h1 v3 h2 h1 h2 v0 h3 h0 h3 h0
    = v0 v2 v2 h1 h2 h1 h2 v0 h3 h0 h3 h0
    = v0 h1 h2 h1 h2 v0 h3 h0 h3 h0
    = v0 h1 h2 h1 v0 h2 h3 h0 h3 h0
    = v0 h1 h2 v0 h1 h2 h3 h0 h3 h0
    = v0 h1 v0 h2 h1 h2 h3 h0 h3 h0
    = v0 v0 h1 h2 h1 h2 h3 h0 h3 h0
    = h1 h2 h1 h2 h3 h0 h3 h0
    = h1 h2 h1 h0 h3 h0
    = h1 h2 h3 h0
    = h1 h0
    = 1
  (K) v|h0211 inverts v023210|h:
    h0 h2 h1 h1 v0 v2 v3 v2 v1 v0 h0 h0 h3 h1 v0 v2 v3 v2 v1 v0
    = h0 h2 h1 v0 h1 v2 v3 v2 v1 v0 h0 h0 h3 h1 v0 v2 v3 v2 v1 v0
    = h0 h2 v0 h1 h1 v2 v3 v2 v1 v0 h0 h0 h3 h1 v0 v2 v3 v2 v1 v0
    = h0 v0 h2 h1 h1 v2 v3 v2 v1 v0 h0 h0 h3 h1 v0 v2 v3 v2 v1 v0
    = v0 h0 h2 h1 h1 v2 v3 v2 v1 v0 h0 h0 h3 h1 v0 v2 v3 v2 v1 v0
    = v0 h0 h2 h1 v3 h3 v3 v2 v1 v0 h0 h0 h3 h1 v0 v2 v3 v2 v1 v0
    = v0 h0 h2 v2 h1 h3 v3 v2 v1 v0 h0 h0 h3 h1 v0 v2 v3 v2 v1 v0
    = v0 h0 v1 h2 h1 h3 v3 v2 v1 v0 h0 h0 h3 h1 v0 v2 v3 v2 v1 v0
    = v0 v1 h0 h2 h1 h3 v3 v2 v1 v0 h0 h0 h3 h1 v0 v2 v3 v2 v1 v0
    = v0 v1 h0 h2 h1 v1 h3 v2 v1 v0 h0 h0 h3 h1 v0 v2 v3 v2 v1 v0
    = v0 v1 h0 h2 v1 h1 h3 v2 v1 v0 h0 h0 h3 h1 v0 v2 v3 v2 v1 v0
    = v0 v1 h0 v3 h2 h1 h3 v2 v1 v0 h0 h0 h3 h1 v0 v2 v3 v2 v1 v0
    = v0 v1 v2 h2 h2 h1 h3 v2 v1 v0 h0 h0 h3 h1 v0 v2 v3 v2 v1 v0
    = v0 v1 v2 h2 h2 h1 v3 h1 v1 v0 h0 h0 h3 h1 v0 v2 v3 v2 v1 v0
    = v0 v1 v2 h2 h2 v2 h1 h1 v1 v0 h0 h0 h3 h1 v0 v2 v3 v2 v1 v0
    = v0 v1 v2 h2 v1 h2 h1 h1 v1 v0 h0 h0 h3 h1 v0 v2 v3 v2 v1 v0
    = v0 v1 v2 v3 h2 h2 h1 h1 v1 v0 h0 h0 h3 h1 v0 v2 v3 v2 v1 v0
    = v0 v1 v2 v3 h2 h2 h1 v1 h1 v0 h0 h0 h3 h1 v0 v2 v3 v2 v1 v0
    = v0 v1 v2 v3 h2 h2 v1 h1 h1 v0 h0 h0 h3 h1 v0 v2 v3 v2 v1 v0
    = v0 v1 v2 v3 h2 v3 h2 h1 h1 v0 h0 h0 h3 h1 v0 v2 v3 v2 v1 v0
    = v0 v1 v2 v3 v2 h0 h2 h1 h1 v0 h0 h0 h3 h1 v0 v2 v3 v2 v1 v0
    = v0 v1 v2 v3 v2 h0 h2 h1 v0 h1 h0 h0 h3 h1 v0 v2 v3 v2 v1 v0
    = v0 v1 v2 v3 v2 h0 h2 v0 h1 h1 h0 h0 h3 h1 v0 v2 v3 v2 v1 v0
    = v0 v1 v2 v3 v2 h0 v0 h2 h1 h1 h0 h0 h3 h1 v0 v2 v3 v2 v1 v0
    = v0 v1 v2 v3 v2 v0 h0 h2 h1 h1 h0 h0 h3 h1 v0 v2 v3 v2 v1 v0
    = v0 v1 v2 v3 v2 v0 h0 h2 h1 h0 h3 h1 v0 v2 v3 v2 v1 v0
    = v0 v1 v2 v3 v2 v0 h0 h2 h3 h1 v0 v2 v3 v2 v1 v0
    = v0 v1 v2 v3 v2 v0 h0 h1 v0 v2 v3 v2 v1 v0
    = v0 v1 v2 v3 v2 v0 v0 v2 v3 v2 v1 v0
    = v0 v1 v2 v3 v2 v2 v3 v2 v1 v0
    = v0 v1 v2 v3 v3 v2 v1 v0
    = v0 v1 v2 v2 v1 v0
    = v0 v1 v1 v0
    = v0 v0
    = 1
  (R) v|h0211 = r^-1, v|h003031 = r^2, r = v|h0031
  (K) v021210|h inverts v|h003031:
    v0 v2 v1 v2 v1 v0 h0 h0 h3 h0 h3 h1 v0 v1 v2 v1 v2 v0 h0 h0 h3 h0 h3 h1
    = v0 v2 v1 v2 v1 v0 h0 h0 h3 h0 h3 v0 h1 v1 v2 v1 v2 v0 h0 h0 h3 h0 h3 h1
    = v0 v2 v1 v2 v1 v0 h0 h0 h3 h0 v0 h3 h1 v1 v2 v1 v2 v0 h0 h0 h3 h0 h3 h1
    = v0 v2 v1 v2 v1 v0 h0 h0 h3 v0 h0 h3 h1 v1 v2 v1 v2 v0 h0 h0 h3 h0 h3 h1
    = v0 v2 v1 v2 v1 v0 h0 h0 v0 h3 h0 h3 h1 v1 v2 v1 v2 v0 h0 h0 h3 h0 h3 h1
    = v0 v2 v1 v2 v1 v0 h0 v0 h0 h3 h0 h3 h1 v1 v2 v1 v2 v0 h0 h0 h3 h0 h3 h1
    = v0 v2 v1 v2 v1 v0 v0 h0 h0 h3 h0 h3 h1 v1 v2 v1 v2 v0 h0 h0 h3 h0 h3 h1
    = v0 v2 v1 v2 v1 h0 h0 h3 h0 h3 h1 v1 v2 v1 v2 v0 h0 h0 h3 h0 h3 h1
    = v0 v2 v1 v2 v1 h0 h0 h3 h0 h3 v1 h1 v2 v1 v2 v0 h0 h0 h3 h0 h3 h1
    = v0 v2 v1 v2 v1 h0 h0 h3 h0 v2 h3 h1 v2 v1 v2 v0 h0 h0 h3 h0 h3 h1
    = v0 v2 v1 v2 v1 h0 h0 h3 v3 h0 h3 h1 v2 v1 v2 v0 h0 h0 h3 h0 h3 h1
    = v0 v2 v1 v2 v1 h0 h0 v1 h3 h0 h3 h1 v2 v1 v2 v0 h0 h0 h3 h0 h3 h1
    = v0 v2 v1 v2 v1 h0 v1 h0 h3 h0 h3 h1 v2 v1 v2 v0 h0 h0 h3 h0 h3 h1
    = v0 v2 v1 v2 v1 v1 h0 h0 h3 h0 h3 h1 v2 v1 v2 v0 h0 h0 h3 h0 h3 h1
    = v0 v2 v1 v2 h0 h0 h3 h0 h3 h1 v2 v1 v2 v0 h0 h0 h3 h0 h3 h1
    = v0 v2 v1 v2 h0 h0 h3 h0 h3 v3 h3 v1 v2 v0 h0 h0 h3 h0 h3 h1
    = v0 v2 v1 v2 h0 h0 h3 h0 v1 h3 h3 v1 v2 v0 h0 h0 h3 h0 h3 h1
    = v0 v2 v1 v2 h0 h0 h3 v1 h0 h3 h3 v1 v2 v0 h0 h0 h3 h0 h3 h1
    = v0 v2 v1 v2 h0 h0 v2 h3 h0 h3 h3 v1 v2 v0 h0 h0 h3 h0 h3 h1
    = v0 v2 v1 v2 h0 v3 h0 h3 h0 h3 h3 v1 v2 v0 h0 h0 h3 h0 h3 h1
    = v0 v2 v1 v2 v2 h2 h0 h3 h0 h3 h3 v1 v2 v0 h0 h0 h3 h0 h3 h1
    = v0 v2 v1 h2 h0 h3 h0 h3 h3 v1 v2 v0 h0 h0 h3 h0 h3 h1
    = v0 v2 v1 h2 h0 h3 h0 h3 v2 h3 v2 v0 h0 h0 h3 h0 h3 h1
    = v0 v2 v1 h2 h0 h3 h0 v3 h1 h3 v2 v0 h0 h0 h3 h0 h3 h1
    = v0 v2 v1 h2 h0 h3 v2 h2 h1 h3 v2 v0 h0 h0 h3 h0 h3 h1
    = v0 v2 v1 h2 h0 v3 h1 h2 h1 h3 v2 v0 h0 h0 h3 h0 h3 h1
    = v0 v2 v1 h2 v2 h2 h1 h2 h1 h3 v2 v0 h0 h0 h3 h0 h3 h1
    = v0 v2 v1 v1 h2 h2 h1 h2 h1 h3 v2 v0 h0 h0 h3 h0 h3 h1
    = v0 v2 h2 h2 h1 h2 h1 h3 v2 v0 h0 h0 h3 h0 h3 h1
    = v0 v2 h2 h2 h1 h2 h1 v3 h1 v0 h0 h0 h3 h0 h3 h1
    = v0 v2 h2 h2 h1 h2 v2 h1 h1 v0 h0 h0 h3 h0 h3 h1
    = v0 v2 h2 h2 h1 v1 h2 h1 h1 v0 h0 h0 h3 h0 h3 h1
    = v0 v2 h2 h2 v1 h1 h2 h1 h1 v0 h0 h0 h3 h0 h3 h1
    = v0 v2 h2 v3 h2 h1 h2 h1 h1 v0 h0 h0 h3 h0 h3 h1
    = v0 v2 v2 h0 h2 h1 h2 h1 h1 v0 h0 h0 h3 h0 h3 h1
    = v0 h0 h2 h1 h2 h1 h1 v0 h0 h0 h3 h0 h3 h1
    = v0 h0 h2 h1 h2 h1 v0 h1 h0 h0 h3 h0 h3 h1
    = v0 h0 h2 h1 h2 v0 h1 h1 h0 h0 h3 h0 h3 h1
    = v0 h0 h2 h1 v0 h2 h1 h1 h0 h0 h3 h0 h3 h1
    = v0 h0 h2 v0 h1 h2 h1 h1 h0 h0 h3 h0 h3 h1
    = v0 h0 v0 h2 h1 h2 h1 h1 h0 h0 h3 h0 h3 h1
    = v0 v0 h0 h2 h1 h2 h1 h1 h0 h0 h3 h0 h3 h1
    = h0 h2 h1 h2 h1 h1 h0 h0 h3 h0 h3 h1
    = h0 h2 h1 h2 h1 h0 h3 h0 h3 h1
    = h0 h2 h1 h2 h3 h0 h3 h1
    = h0 h2 h1 h0 h3 h1
    = h0 h2 h3 h1
    = h0 h1
    = 1
  (K) v|h30 inverts v021210|h:
    h3 h0 v0 v2 v1 v2 v1 v0 h1 h2 v0 v2 v1 v2 v1 v0
    = h3 v0 h0 v2 v1 v2 v1 v0 h1 h2 v0 v2 v1 v2 v1 v0
    = v0 h3 h0 v2 v1 v2 v1 v0 h1 h2 v0 v2 v1 v2 v1 v0
    = v0 h3 v3 h0 v1 v2 v1 v0 h1 h2 v0 v2 v1 v2 v1 v0
    = v0 v1 h3 h0 v1 v2 v1 v0 h1 h2 v0 v2 v1 v2 v1 v0
    = v0 v1 h3 v1 h0 v2 v1 v0 h1 h2 v0 v2 v1 v2 v1 v0
    = v0 v1 v2 h3 h0 v2 v1 v0 h1 h2 v0 v2 v1 v2 v1 v0
    = v0 v1 v2 h3 v3 h0 v1 v0 h1 h2 v0 v2 v1 v2 v1 v0
    = v0 v1 v2 v1 h3 h0 v1 v0 h1 h2 v0 v2 v1 v2 v1 v0
    = v0 v1 v2 v1 h3 v1 h0 v0 h1 h2 v0 v2 v1 v2 v1 v0
    = v0 v1 v2 v1 v2 h3 h0 v0 h1 h2 v0 v2 v1 v2 v1 v0
    = v0 v1 v2 v1 v2 h3 v0 h0 h1 h2 v0 v2 v1 v2 v1 v0
    = v0 v1 v2 v1 v2 v0 h3 h0 h1 h2 v0 v2 v1 v2 v1 v0
    = v0 v1 v2 v1 v2 v0 h3 h2 v0 v2 v1 v2 v1 v0
    = v0 v1 v2 v1 v2 v0 v0 v2 v1 v2 v1 v0
    = v0 v1 v2 v1 v2 v2 v1 v2 v1 v0
    = v0 v1 v2 v1 v1 v2 v1 v0
    = v0 v1 v2 v2 v1 v0
    = v0 v1 v1 v0
    = v0 v0
    = 1
class 157 chain of length 6 with 4 inverting steps verified: Gamma^+ is not left-orderable
  (R) v|h20 = r^-1, v|h1313 = r^2, r = v|h13
  (K) v023210|h inverts v|h1313:
    v0 v2 v3 v2 v1 v0 h1 h3 h1 h3 v0 v1 v2 v3 v2 v0 h1 h3 h1 h3
    = v0 v2 v3 v2 v1 v0 h1 h3 h1 v0 h2 v1 v2 v3 v2 v0 h1 h3 h1 h3
    = v0 v2 v3 v2 v1 v0 h1 h3 v0 h1 h2 v1 v2 v3 v2 v0 h1 h3 h1 h3
    = v0 v2 v3 v2 v1 v0 h1 v0 h2 h1 h2 v1 v2 v3 v2 v0 h1 h3 h1 h3
    = v0 v2 v3 v2 v1 v0 v0 h1 h2 h1 h2 v1 v2 v3 v2 v0 h1 h3 h1 h3
    = v0 v2 v3 v2 v1 h1 h2 h1 h2 v1 v2 v3 v2 v0 h1 h3 h1 h3
    = v0 v2 v3 v2 v1 h1 h2 h1 v3 h2 v2 v3 v2 v0 h1 h3 h1 h3
    = v0 v2 v3 v2 v1 h1 h2 v2 h1 h2 v2 v3 v2 v0 h1 h3 h1 h3
    = v0 v2 v3 v2 v1 h1 v1 h2 h1 h2 v2 v3 v2 v0 h1 h3 h1 h3
    = v0 v2 v3 v2 v1 v1 h1 h2 h1 h2 v2 v3 v2 v0 h1 h3 h1 h3
    = v0 v2 v3 v2 h1 h2 h1 h2 v2 v3 v2 v0 h1 h3 h1 h3
    = v0 v2 v3 v2 h1 h2 h1 v1 h2 v3 v2 v0 h1 h3 h1 h3
    = v0 v2 v3 v2 h1 h2 v1 h1 h2 v3 v2 v0 h1 h3 h1 h3
    = v0 v2 v3 v2 h1 v3 h2 h1 h2 v3 v2 v0 h1 h3 h1 h3
    = v0 v2 v3 v2 v2 h1 h2 h1 h2 v3 v2 v0 h1 h3 h1 h3
    = v0 v2 v3 h1 h2 h1 h2 v3 v2 v0 h1 h3 h1 h3
    = v0 v2 v3 h1 h2 h1 v2 h0 v2 v0 h1 h3 h1 h3
    = v0 v2 v3 h1 h2 v3 h3 h0 v2 v0 h1 h3 h1 h3
    = v0 v2 v3 h1 v2 h0 h3 h0 v2 v0 h1 h3 h1 h3
    = v0 v2 v3 v3 h3 h0 h3 h0 v2 v0 h1 h3 h1 h3
    = v0 v2 h3 h0 h3 h0 v2 v0 h1 h3 h1 h3
    = v0 v2 h3 h0 h3 v3 h0 v0 h1 h3 h1 h3
    = v0 v2 h3 h0 v1 h3 h0 v0 h1 h3 h1 h3
    = v0 v2 h3 v1 h0 h3 h0 v0 h1 h3 h1 h3
    = v0 v2 v2 h3 h0 h3 h0 v0 h1 h3 h1 h3
    = v0 h3 h0 h3 h0 v0 h1 h3 h1 h3
    = v0 h3 h0 h3 v0 h0 h1 h3 h1 h3
    = v0 h3 h0 v0 h2 h0 h1 h3 h1 h3
    = v0 h3 v0 h0 h2 h0 h1 h3 h1 h3
    = v0 v0 h2 h0 h2 h0 h1 h3 h1 h3
    = h2 h0 h2 h0 h1 h3 h1 h3
    = h2 h0 h2 h3 h1 h3
    = h2 h0 h1 h3
    = h2 h3
    = 1
  (K) v|h0021 inverts v023210|h:
    h0 h0 h2 h1 v0 v2 v3 v2 v1 v0 h0 h3 h1 h1 v0 v2 v3 v2 v1 v0
    = h0 h0 h2 v0 h1 v2 v3 v2 v1 v0 h0 h3 h1 h1 v0 v2 v3 v2 v1 v0
    = h0 h0 v0 h3 h1 v2 v3 v2 v1 v0 h0 h3 h1 h1 v0 v2 v3 v2 v1 v0
    = h0 v0 h0 h3 h1 v2 v3 v2 v1 v0 h0 h3 h1 h1 v0 v2 v3 v2 v1 v0
    = v0 h0 h0 h3 h1 v2 v3 v2 v1 v0 h0 h3 h1 h1 v0 v2 v3 v2 v1 v0
    = v0 h0 h0 h3 v3 h3 v3 v2 v1 v0 h0 h3 h1 h1 v0 v2 v3 v2 v1 v0
    = v0 h0 h0 v1 h3 h3 v3 v2 v1 v0 h0 h3 h1 h1 v0 v2 v3 v2 v1 v0
    = v0 h0 v1 h0 h3 h3 v3 v2 v1 v0 h0 h3 h1 h1 v0 v2 v3 v2 v1 v0
    = v0 v1 h0 h0 h3 h3 v3 v2 v1 v0 h0 h3 h1 h1 v0 v2 v3 v2 v1 v0
    = v0 v1 h0 h0 h3 v1 h3 v2 v1 v0 h0 h3 h1 h1 v0 v2 v3 v2 v1 v0
    = v0 v1 h0 h0 v2 h3 h3 v2 v1 v0 h0 h3 h1 h1 v0 v2 v3 v2 v1 v0
    = v0 v1 h0 v3 h0 h3 h3 v2 v1 v0 h0 h3 h1 h1 v0 v2 v3 v2 v1 v0
    = v0 v1 v2 h2 h0 h3 h3 v2 v1 v0 h0 h3 h1 h1 v0 v2 v3 v2 v1 v0
    = v0 v1 v2 h2 h0 h3 v3 h1 v1 v0 h0 h3 h1 h1 v0 v2 v3 v2 v1 v0
    = v0 v1 v2 h2 h0 v1 h3 h1 v1 v0 h0 h3 h1 h1 v0 v2 v3 v2 v1 v0
    = v0 v1 v2 h2 v1 h0 h3 h1 v1 v0 h0 h3 h1 h1 v0 v2 v3 v2 v1 v0
    = v0 v1 v2 v3 h2 h0 h3 h1 v1 v0 h0 h3 h1 h1 v0 v2 v3 v2 v1 v0
    = v0 v1 v2 v3 h2 h0 h3 v1 h1 v0 h0 h3 h1 h1 v0 v2 v3 v2 v1 v0
    = v0 v1 v2 v3 h2 h0 v2 h3 h1 v0 h0 h3 h1 h1 v0 v2 v3 v2 v1 v0
    = v0 v1 v2 v3 h2 v3 h0 h3 h1 v0 h0 h3 h1 h1 v0 v2 v3 v2 v1 v0
    = v0 v1 v2 v3 v2 h0 h0 h3 h1 v0 h0 h3 h1 h1 v0 v2 v3 v2 v1 v0
    = v0 v1 v2 v3 v2 h0 h0 h3 v0 h1 h0 h3 h1 h1 v0 v2 v3 v2 v1 v0
    = v0 v1 v2 v3 v2 h0 h0 v0 h2 h1 h0 h3 h1 h1 v0 v2 v3 v2 v1 v0
    = v0 v1 v2 v3 v2 h0 v0 h0 h2 h1 h0 h3 h1 h1 v0 v2 v3 v2 v1 v0
    = v0 v1 v2 v3 v2 v0 h0 h0 h2 h1 h0 h3 h1 h1 v0 v2 v3 v2 v1 v0
    = v0 v1 v2 v3 v2 v0 h0 h0 h2 h3 h1 h1 v0 v2 v3 v2 v1 v0
    = v0 v1 v2 v3 v2 v0 h0 h0 h1 h1 v0 v2 v3 v2 v1 v0
    = v0 v1 v2 v3 v2 v0 h0 h1 v0 v2 v3 v2 v1 v0
    = v0 v1 v2 v3 v2 v0 v0 v2 v3 v2 v1 v0
    = v0 v1 v2 v3 v2 v2 v3 v2 v1 v0
    = v0 v1 v2 v3 v3 v2 v1 v0
    = v0 v1 v2 v2 v1 v0
    = v0 v1 v1 v0
    = v0 v0
    = 1
  (R) v|h0021 = r^1, v|h002021 = r^2, r = v|h0021
  (K) v021210|h inverts v|h002021:
    v0 v2 v1 v2 v1 v0 h0 h0 h2 h0 h2 h1 v0 v1 v2 v1 v2 v0 h0 h0 h2 h0 h2 h1
    = v0 v2 v1 v2 v1 v0 h0 h0 h2 h0 h2 v0 h1 v1 v2 v1 v2 v0 h0 h0 h2 h0 h2 h1
    = v0 v2 v1 v2 v1 v0 h0 h0 h2 h0 v0 h3 h1 v1 v2 v1 v2 v0 h0 h0 h2 h0 h2 h1
    = v0 v2 v1 v2 v1 v0 h0 h0 h2 v0 h0 h3 h1 v1 v2 v1 v2 v0 h0 h0 h2 h0 h2 h1
    = v0 v2 v1 v2 v1 v0 h0 h0 v0 h3 h0 h3 h1 v1 v2 v1 v2 v0 h0 h0 h2 h0 h2 h1
    = v0 v2 v1 v2 v1 v0 h0 v0 h0 h3 h0 h3 h1 v1 v2 v1 v2 v0 h0 h0 h2 h0 h2 h1
    = v0 v2 v1 v2 v1 v0 v0 h0 h0 h3 h0 h3 h1 v1 v2 v1 v2 v0 h0 h0 h2 h0 h2 h1
    = v0 v2 v1 v2 v1 h0 h0 h3 h0 h3 h1 v1 v2 v1 v2 v0 h0 h0 h2 h0 h2 h1
    = v0 v2 v1 v2 v1 h0 h0 h3 h0 h3 v1 h1 v2 v1 v2 v0 h0 h0 h2 h0 h2 h1
    = v0 v2 v1 v2 v1 h0 h0 h3 h0 v2 h3 h1 v2 v1 v2 v0 h0 h0 h2 h0 h2 h1
    = v0 v2 v1 v2 v1 h0 h0 h3 v3 h0 h3 h1 v2 v1 v2 v0 h0 h0 h2 h0 h2 h1
    = v0 v2 v1 v2 v1 h0 h0 v1 h3 h0 h3 h1 v2 v1 v2 v0 h0 h0 h2 h0 h2 h1
    = v0 v2 v1 v2 v1 h0 v1 h0 h3 h0 h3 h1 v2 v1 v2 v0 h0 h0 h2 h0 h2 h1
    = v0 v2 v1 v2 v1 v1 h0 h0 h3 h0 h3 h1 v2 v1 v2 v0 h0 h0 h2 h0 h2 h1
    = v0 v2 v1 v2 h0 h0 h3 h0 h3 h1 v2 v1 v2 v0 h0 h0 h2 h0 h2 h1
    = v0 v2 v1 v2 h0 h0 h3 h0 h3 v3 h3 v1 v2 v0 h0 h0 h2 h0 h2 h1
    = v0 v2 v1 v2 h0 h0 h3 h0 v1 h3 h3 v1 v2 v0 h0 h0 h2 h0 h2 h1
    = v0 v2 v1 v2 h0 h0 h3 v1 h0 h3 h3 v1 v2 v0 h0 h0 h2 h0 h2 h1
    = v0 v2 v1 v2 h0 h0 v2 h3 h0 h3 h3 v1 v2 v0 h0 h0 h2 h0 h2 h1
    = v0 v2 v1 v2 h0 v3 h0 h3 h0 h3 h3 v1 v2 v0 h0 h0 h2 h0 h2 h1
    = v0 v2 v1 v2 v2 h2 h0 h3 h0 h3 h3 v1 v2 v0 h0 h0 h2 h0 h2 h1
    = v0 v2 v1 h2 h0 h3 h0 h3 h3 v1 v2 v0 h0 h0 h2 h0 h2 h1
    = v0 v2 v1 h2 h0 h3 h0 h3 v2 h3 v2 v0 h0 h0 h2 h0 h2 h1
    = v0 v2 v1 h2 h0 h3 h0 v3 h1 h3 v2 v0 h0 h0 h2 h0 h2 h1
    = v0 v2 v1 h2 h0 h3 v2 h2 h1 h3 v2 v0 h0 h0 h2 h0 h2 h1
    = v0 v2 v1 h2 h0 v3 h1 h2 h1 h3 v2 v0 h0 h0 h2 h0 h2 h1
    = v0 v2 v1 h2 v2 h2 h1 h2 h1 h3 v2 v0 h0 h0 h2 h0 h2 h1
    = v0 v2 v1 v1 h2 h2 h1 h2 h1 h3 v2 v0 h0 h0 h2 h0 h2 h1
    = v0 v2 h2 h2 h1 h2 h1 h3 v2 v0 h0 h0 h2 h0 h2 h1
    = v0 v2 h2 h2 h1 h2 h1 v3 h1 v0 h0 h0 h2 h0 h2 h1
    = v0 v2 h2 h2 h1 h2 v2 h1 h1 v0 h0 h0 h2 h0 h2 h1
    = v0 v2 h2 h2 h1 v1 h2 h1 h1 v0 h0 h0 h2 h0 h2 h1
    = v0 v2 h2 h2 v1 h1 h2 h1 h1 v0 h0 h0 h2 h0 h2 h1
    = v0 v2 h2 v3 h2 h1 h2 h1 h1 v0 h0 h0 h2 h0 h2 h1
    = v0 v2 v2 h0 h2 h1 h2 h1 h1 v0 h0 h0 h2 h0 h2 h1
    = v0 h0 h2 h1 h2 h1 h1 v0 h0 h0 h2 h0 h2 h1
    = v0 h0 h2 h1 h2 h1 v0 h1 h0 h0 h2 h0 h2 h1
    = v0 h0 h2 h1 h2 v0 h1 h1 h0 h0 h2 h0 h2 h1
    = v0 h0 h2 h1 v0 h3 h1 h1 h0 h0 h2 h0 h2 h1
    = v0 h0 h2 v0 h1 h3 h1 h1 h0 h0 h2 h0 h2 h1
    = v0 h0 v0 h3 h1 h3 h1 h1 h0 h0 h2 h0 h2 h1
    = v0 v0 h0 h3 h1 h3 h1 h1 h0 h0 h2 h0 h2 h1
    = h0 h3 h1 h3 h1 h1 h0 h0 h2 h0 h2 h1
    = h0 h3 h1 h3 h1 h0 h2 h0 h2 h1
    = h0 h3 h1 h3 h2 h0 h2 h1
    = h0 h3 h1 h0 h2 h1
    = h0 h3 h2 h1
    = h0 h1
    = 1
  (K) v|h20 inverts v021210|h:
    h2 h0 v0 v2 v1 v2 v1 v0 h1 h3 v0 v2 v1 v2 v1 v0
    = h2 v0 h0 v2 v1 v2 v1 v0 h1 h3 v0 v2 v1 v2 v1 v0
    = v0 h3 h0 v2 v1 v2 v1 v0 h1 h3 v0 v2 v1 v2 v1 v0
    = v0 h3 v3 h0 v1 v2 v1 v0 h1 h3 v0 v2 v1 v2 v1 v0
    = v0 v1 h3 h0 v1 v2 v1 v0 h1 h3 v0 v2 v1 v2 v1 v0
    = v0 v1 h3 v1 h0 v2 v1 v0 h1 h3 v0 v2 v1 v2 v1 v0
    = v0 v1 v2 h3 h0 v2 v1 v0 h1 h3 v0 v2 v1 v2 v1 v0
    = v0 v1 v2 h3 v3 h0 v1 v0 h1 h3 v0 v2 v1 v2 v1 v0
    = v0 v1 v2 v1 h3 h0 v1 v0 h1 h3 v0 v2 v1 v2 v1 v0
    = v0 v1 v2 v1 h3 v1 h0 v0 h1 h3 v0 v2 v1 v2 v1 v0
    = v0 v1 v2 v1 v2 h3 h0 v0 h1 h3 v0 v2 v1 v2 v1 v0
    = v0 v1 v2 v1 v2 h3 v0 h0 h1 h3 v0 v2 v1 v2 v1 v0
    = v0 v1 v2 v1 v2 v0 h2 h0 h1 h3 v0 v2 v1 v2 v1 v0
    = v0 v1 v2 v1 v2 v0 h2 h3 v0 v2 v1 v2 v1 v0
    = v0 v1 v2 v1 v2 v0 v0 v2 v1 v2 v1 v0
    = v0 v1 v2 v1 v2 v2 v1 v2 v1 v0
    = v0 v1 v2 v1 v1 v2 v1 v0
    = v0 v1 v2 v2 v1 v0
    = v0 v1 v1 v0
    = v0 v0
    = 1
class 159 chain of length 6 with 4 inverting steps verified: Gamma^+ is not left-orderable
  (K) v10|h inverts v|h00:
    v1 v0 h0 h0 v0 v1 h0 h0
    = v1 v0 h0 v0 h0 v1 h0 h0
    = v1 v0 v0 h0 h0 v1 h0 h0
    = v1 h0 h0 v1 h0 h0
    = v1 h0 v1 h1 h0 h0
    = v1 v1 h1 h1 h0 h0
    = h1 h1 h0 h0
    = h1 h0
    = 1
  (R) v10|h = r^-1, v1010|h = r^-2, r = v01|h
  (K) v|h0021 inverts v1010|h:
    h0 h0 h2 h1 v1 v0 v1 v0 h0 h3 h1 h1 v1 v0 v1 v0
    = h0 h0 h2 v1 h0 v0 v1 v0 h0 h3 h1 h1 v1 v0 v1 v0
    = h0 h0 v0 h2 h0 v0 v1 v0 h0 h3 h1 h1 v1 v0 v1 v0
    = h0 v0 h0 h2 h0 v0 v1 v0 h0 h3 h1 h1 v1 v0 v1 v0
    = v0 h0 h0 h2 h0 v0 v1 v0 h0 h3 h1 h1 v1 v0 v1 v0
    = v0 h0 h0 h2 v0 h0 v1 v0 h0 h3 h1 h1 v1 v0 v1 v0
    = v0 h0 h0 v1 h2 h0 v1 v0 h0 h3 h1 h1 v1 v0 v1 v0
    = v0 h0 v1 h1 h2 h0 v1 v0 h0 h3 h1 h1 v1 v0 v1 v0
    = v0 v1 h1 h1 h2 h0 v1 v0 h0 h3 h1 h1 v1 v0 v1 v0
    = v0 v1 h1 h1 h2 v1 h1 v0 h0 h3 h1 h1 v1 v0 v1 v0
    = v0 v1 h1 h1 v0 h2 h1 v0 h0 h3 h1 h1 v1 v0 v1 v0
    = v0 v1 h1 v0 h1 h2 h1 v0 h0 h3 h1 h1 v1 v0 v1 v0
    = v0 v1 v0 h1 h1 h2 h1 v0 h0 h3 h1 h1 v1 v0 v1 v0
    = v0 v1 v0 h1 h1 h2 v0 h1 h0 h3 h1 h1 v1 v0 v1 v0
    = v0 v1 v0 h1 h1 v1 h2 h1 h0 h3 h1 h1 v1 v0 v1 v0
    = v0 v1 v0 h1 v1 h0 h2 h1 h0 h3 h1 h1 v1 v0 v1 v0
    = v0 v1 v0 v1 h0 h0 h2 h1 h0 h3 h1 h1 v1 v0 v1 v0
    = v0 v1 v0 v1 h0 h0 h2 h3 h1 h1 v1 v0 v1 v0
    = v0 v1 v0 v1 h0 h0 h1 h1 v1 v0 v1 v0
    = v0 v1 v0 v1 h0 h1 v1 v0 v1 v0
    = v0 v1 v0 v1 v1 v0 v1 v0
    = v0 v1 v0 v0 v1 v0
    = v0 v1 v1 v0
    = v0 v0
    = 1
  (K) v2102|h inverts v|h0021:
    v2 v1 v0 v2 h0 h0 h2 h1 v2 v0 v1 v2 h0 h0 h2 h1
    = v2 v1 v0 v2 h0 h0 h2 v3 h3 v0 v1 v2 h0 h0 h2 h1
    = v2 v1 v0 v2 h0 h0 v2 h0 h3 v0 v1 v2 h0 h0 h2 h1
    = v2 v1 v0 v2 h0 v3 h0 h0 h3 v0 v1 v2 h0 h0 h2 h1
    = v2 v1 v0 v2 v2 h2 h0 h0 h3 v0 v1 v2 h0 h0 h2 h1
    = v2 v1 v0 h2 h0 h0 h3 v0 v1 v2 h0 h0 h2 h1
    = v2 v1 v0 h2 h0 h0 v1 h3 v1 v2 h0 h0 h2 h1
    = v2 v1 v0 h2 h0 v1 h1 h3 v1 v2 h0 h0 h2 h1
    = v2 v1 v0 h2 v1 h1 h1 h3 v1 v2 h0 h0 h2 h1
    = v2 v1 v0 v0 h2 h1 h1 h3 v1 v2 h0 h0 h2 h1
    = v2 v1 h2 h1 h1 h3 v1 v2 h0 h0 h2 h1
    = v2 v1 h2 h1 h1 v0 h3 v2 h0 h0 h2 h1
    = v2 v1 h2 h1 v0 h1 h3 v2 h0 h0 h2 h1
    = v2 v1 h2 v0 h1 h1 h3 v2 h0 h0 h2 h1
    = v2 v1 v1 h2 h1 h1 h3 v2 h0 h0 h2 h1
    = v2 h2 h1 h1 h3 v2 h0 h0 h2 h1
    = v2 h2 h1 h1 v3 h1 h0 h0 h2 h1
    = v2 h2 h1 v2 h1 h1 h0 h0 h2 h1
    = v2 h2 v3 h3 h1 h1 h0 h0 h2 h1
    = v2 v2 h0 h3 h1 h1 h0 h0 h2 h1
    = h0 h3 h1 h1 h0 h0 h2 h1
    = h0 h3 h1 h0 h2 h1
    = h0 h3 h2 h1
    = h0 h1
    = 1
  (R) v2102|h = r^-1, v201012|h = r^2, r = v2012|h
  (K) v|h00 inverts v201012|h:
    h0 h0 v2 v0 v1 v0 v1 v2 h1 h1 v2 v0 v1 v0 v1 v2
    = h0 v3 h0 v0 v1 v0 v1 v2 h1 h1 v2 v0 v1 v0 v1 v2
    = v2 h2 h0 v0 v1 v0 v1 v2 h1 h1 v2 v0 v1 v0 v1 v2
    = v2 h2 v0 h0 v1 v0 v1 v2 h1 h1 v2 v0 v1 v0 v1 v2
    = v2 v1 h2 h0 v1 v0 v1 v2 h1 h1 v2 v0 v1 v0 v1 v2
    = v2 v1 h2 v1 h1 v0 v1 v2 h1 h1 v2 v0 v1 v0 v1 v2
    = v2 v1 v0 h2 h1 v0 v1 v2 h1 h1 v2 v0 v1 v0 v1 v2
    = v2 v1 v0 h2 v0 h1 v1 v2 h1 h1 v2 v0 v1 v0 v1 v2
    = v2 v1 v0 v1 h2 h1 v1 v2 h1 h1 v2 v0 v1 v0 v1 v2
    = v2 v1 v0 v1 h2 v1 h0 v2 h1 h1 v2 v0 v1 v0 v1 v2
    = v2 v1 v0 v1 v0 h2 h0 v2 h1 h1 v2 v0 v1 v0 v1 v2
    = v2 v1 v0 v1 v0 h2 v3 h0 h1 h1 v2 v0 v1 v0 v1 v2
    = v2 v1 v0 v1 v0 v2 h0 h0 h1 h1 v2 v0 v1 v0 v1 v2
    = v2 v1 v0 v1 v0 v2 h0 h1 v2 v0 v1 v0 v1 v2
    = v2 v1 v0 v1 v0 v2 v2 v0 v1 v0 v1 v2
    = v2 v1 v0 v1 v0 v0 v1 v0 v1 v2
    = v2 v1 v0 v1 v1 v0 v1 v2
    = v2 v1 v0 v0 v1 v2
    = v2 v1 v1 v2
    = v2 v2
    = 1
class 288 chain of length 6 with 4 inverting steps verified: Gamma^+ is not left-orderable
  (K) v10|h inverts v|h00:
    v1 v0 h0 h0 v0 v1 h0 h0
    = v1 v0 h0 v0 h0 v1 h0 h0
    = v1 v0 v0 h0 h0 v1 h0 h0
    = v1 h0 h0 v1 h0 h0
    = v1 h0 v1 h1 h0 h0
    = v1 v1 h1 h1 h0 h0
    = h1 h1 h0 h0
    = h1 h0
    = 1
  (R) v10|h = r^-1, v1010|h = r^-2, r = v01|h
  (K) v|h0021 inverts v1010|h:
    h0 h0 h2 h1 v1 v0 v1 v0 h0 h3 h1 h1 v1 v0 v1 v0
    = h0 h0 h2 v1 h0 v0 v1 v0 h0 h3 h1 h1 v1 v0 v1 v0
    = h0 h0 v0 h3 h0 v0 v1 v0 h0 h3 h1 h1 v1 v0 v1 v0
    = h0 v0 h0 h3 h0 v0 v1 v0 h0 h3 h1 h1 v1 v0 v1 v0
    = v0 h0 h0 h3 h0 v0 v1 v0 h0 h3 h1 h1 v1 v0 v1 v0
    = v0 h0 h0 h3 v0 h0 v1 v0 h0 h3 h1 h1 v1 v0 v1 v0
    = v0 h0 h0 v1 h2 h0 v1 v0 h0 h3 h1 h1 v1 v0 v1 v0
    = v0 h0 v1 h1 h2 h0 v1 v0 h0 h3 h1 h1 v1 v0 v1 v0
    = v0 v1 h1 h1 h2 h0 v1 v0 h0 h3 h1 h1 v1 v0 v1 v0
    = v0 v1 h1 h1 h2 v1 h1 v0 h0 h3 h1 h1 v1 v0 v1 v0
    = v0 v1 h1 h1 v0 h3 h1 v0 h0 h3 h1 h1 v1 v0 v1 v0
    = v0 v1 h1 v0 h1 h3 h1 v0 h0 h3 h1 h1 v1 v0 v1 v0
    = v0 v1 v0 h1 h1 h3 h1 v0 h0 h3 h1 h1 v1 v0 v1 v0
    = v0 v1 v0 h1 h1 h3 v0 h1 h0 h3 h1 h1 v1 v0 v1 v0
    = v0 v1 v0 h1 h1 v1 h2 h1 h0 h3 h1 h1 v1 v0 v1 v0
    = v0 v1 v0 h1 v1 h0 h2 h1 h0 h3 h1 h1 v1 v0 v1 v0
    = v0 v1 v0 v1 h0 h0 h2 h1 h0 h3 h1 h1 v1 v0 v1 v0
    = v0 v1 v0 v1 h0 h0 h2 h3 h1 h1 v1 v0 v1 v0
    = v0 v1 v0 v1 h0 h0 h1 h1 v1 v0 v1 v0
    = v0 v1 v0 v1 h0 h1 v1 v0 v1 v0
    = v0 v1 v0 v1 v1 v0 v1 v0
    = v0 v1 v0 v0 v1 v0
    = v0 v1 v1 v0
    = v0 v0
    = 1
  (K) v2102|h inverts v|h0021:
    v2 v1 v0 v2 h0 h0 h2 h1 v2 v0 v1 v2 h0 h0 h2 h1
    = v2 v1 v0 v2 h0 h0 h2 v3 h3 v0 v1 v2 h0 h0 h2 h1
    = v2 v1 v0 v2 h0 h0 v2 h0 h3 v0 v1 v2 h0 h0 h2 h1
    = v2 v1 v0 v2 h0 v3 h0 h0 h3 v0 v1 v2 h0 h0 h2 h1
    = v2 v1 v0 v2 v2 h2 h0 h0 h3 v0 v1 v2 h0 h0 h2 h1
    = v2 v1 v0 h2 h0 h0 h3 v0 v1 v2 h0 h0 h2 h1
    = v2 v1 v0 h2 h0 h0 v1 h2 v1 v2 h0 h0 h2 h1
    = v2 v1 v0 h2 h0 v1 h1 h2 v1 v2 h0 h0 h2 h1
    = v2 v1 v0 h2 v1 h1 h1 h2 v1 v2 h0 h0 h2 h1
    = v2 v1 v0 v0 h3 h1 h1 h2 v1 v2 h0 h0 h2 h1
    = v2 v1 h3 h1 h1 h2 v1 v2 h0 h0 h2 h1
    = v2 v1 h3 h1 h1 v0 h3 v2 h0 h0 h2 h1
    = v2 v1 h3 h1 v0 h1 h3 v2 h0 h0 h2 h1
    = v2 v1 h3 v0 h1 h1 h3 v2 h0 h0 h2 h1
    = v2 v1 v1 h2 h1 h1 h3 v2 h0 h0 h2 h1
    = v2 h2 h1 h1 h3 v2 h0 h0 h2 h1
    = v2 h2 h1 h1 v3 h1 h0 h0 h2 h1
    = v2 h2 h1 v2 h1 h1 h0 h0 h2 h1
    = v2 h2 v3 h3 h1 h1 h0 h0 h2 h1
    = v2 v2 h0 h3 h1 h1 h0 h0 h2 h1
    = h0 h3 h1 h1 h0 h0 h2 h1
    = h0 h3 h1 h0 h2 h1
    = h0 h3 h2 h1
    = h0 h1
    = 1
  (R) v2102|h = r^-1, v201012|h = r^2, r = v2012|h
  (K) v|h00 inverts v201012|h:
    h0 h0 v2 v0 v1 v0 v1 v2 h1 h1 v2 v0 v1 v0 v1 v2
    = h0 v3 h0 v0 v1 v0 v1 v2 h1 h1 v2 v0 v1 v0 v1 v2
    = v2 h2 h0 v0 v1 v0 v1 v2 h1 h1 v2 v0 v1 v0 v1 v2
    = v2 h2 v0 h0 v1 v0 v1 v2 h1 h1 v2 v0 v1 v0 v1 v2
    = v2 v1 h3 h0 v1 v0 v1 v2 h1 h1 v2 v0 v1 v0 v1 v2
    = v2 v1 h3 v1 h1 v0 v1 v2 h1 h1 v2 v0 v1 v0 v1 v2
    = v2 v1 v0 h2 h1 v0 v1 v2 h1 h1 v2 v0 v1 v0 v1 v2
    = v2 v1 v0 h2 v0 h1 v1 v2 h1 h1 v2 v0 v1 v0 v1 v2
    = v2 v1 v0 v1 h3 h1 v1 v2 h1 h1 v2 v0 v1 v0 v1 v2
    = v2 v1 v0 v1 h3 v1 h0 v2 h1 h1 v2 v0 v1 v0 v1 v2
    = v2 v1 v0 v1 v0 h2 h0 v2 h1 h1 v2 v0 v1 v0 v1 v2
    = v2 v1 v0 v1 v0 h2 v3 h0 h1 h1 v2 v0 v1 v0 v1 v2
    = v2 v1 v0 v1 v0 v2 h0 h0 h1 h1 v2 v0 v1 v0 v1 v2
    = v2 v1 v0 v1 v0 v2 h0 h1 v2 v0 v1 v0 v1 v2
    = v2 v1 v0 v1 v0 v2 v2 v0 v1 v0 v1 v2
    = v2 v1 v0 v1 v0 v0 v1 v0 v1 v2
    = v2 v1 v0 v1 v1 v0 v1 v2
    = v2 v1 v0 v0 v1 v2
    = v2 v1 v1 v2
    = v2 v2
    = 1
class 290 chain of length 6 with 4 inverting steps verified: Gamma^+ is not left-orderable
  (R) v|h02 = r^1, v|h0202 = r^2, r = v|h02
  (K) v123201|h inverts v|h0202:
    v1 v2 v3 v2 v0 v1 h0 h2 h0 h2 v1 v0 v2 v3 v2 v1 h0 h2 h0 h2
    = v1 v2 v3 v2 v0 v1 h0 h2 h0 v1 h2 v0 v2 v3 v2 v1 h0 h2 h0 h2
    = v1 v2 v3 v2 v0 v1 h0 h2 v1 h1 h2 v0 v2 v3 v2 v1 h0 h2 h0 h2
    = v1 v2 v3 v2 v0 v1 h0 v1 h2 h1 h2 v0 v2 v3 v2 v1 h0 h2 h0 h2
    = v1 v2 v3 v2 v0 v1 v1 h1 h2 h1 h2 v0 v2 v3 v2 v1 h0 h2 h0 h2
    = v1 v2 v3 v2 v0 h1 h2 h1 h2 v0 v2 v3 v2 v1 h0 h2 h0 h2
    = v1 v2 v3 v2 v0 h1 h2 h1 v3 h2 v2 v3 v2 v1 h0 h2 h0 h2
    = v1 v2 v3 v2 v0 h1 h2 v2 h1 h2 v2 v3 v2 v1 h0 h2 h0 h2
    = v1 v2 v3 v2 v0 h1 v0 h2 h1 h2 v2 v3 v2 v1 h0 h2 h0 h2
    = v1 v2 v3 v2 v0 v0 h1 h2 h1 h2 v2 v3 v2 v1 h0 h2 h0 h2
    = v1 v2 v3 v2 h1 h2 h1 h2 v2 v3 v2 v1 h0 h2 h0 h2
    = v1 v2 v3 v2 h1 h2 h1 v0 h2 v3 v2 v1 h0 h2 h0 h2
    = v1 v2 v3 v2 h1 h2 v0 h1 h2 v3 v2 v1 h0 h2 h0 h2
    = v1 v2 v3 v2 h1 v3 h2 h1 h2 v3 v2 v1 h0 h2 h0 h2
    = v1 v2 v3 v2 v2 h1 h2 h1 h2 v3 v2 v1 h0 h2 h0 h2
    = v1 v2 v3 h1 h2 h1 h2 v3 v2 v1 h0 h2 h0 h2
    = v1 v2 v3 h1 h2 h1 v2 h0 v2 v1 h0 h2 h0 h2
    = v1 v2 v3 h1 h2 v3 h3 h0 v2 v1 h0 h2 h0 h2
    = v1 v2 v3 h1 v2 h0 h3 h0 v2 v1 h0 h2 h0 h2
    = v1 v2 v3 v3 h3 h0 h3 h0 v2 v1 h0 h2 h0 h2
    = v1 v2 h3 h0 h3 h0 v2 v1 h0 h2 h0 h2
    = v1 v2 h3 h0 h3 v3 h0 v1 h0 h2 h0 h2
    = v1 v2 h3 h0 v0 h3 h0 v1 h0 h2 h0 h2
    = v1 v2 h3 v0 h0 h3 h0 v1 h0 h2 h0 h2
    = v1 v2 v2 h3 h0 h3 h0 v1 h0 h2 h0 h2
    = v1 h3 h0 h3 h0 v1 h0 h2 h0 h2
    = v1 h3 h0 h3 v1 h1 h0 h2 h0 h2
    = v1 h3 h0 v1 h3 h1 h0 h2 h0 h2
    = v1 h3 v1 h1 h3 h1 h0 h2 h0 h2
    = v1 v1 h3 h1 h3 h1 h0 h2 h0 h2
    = h3 h1 h3 h1 h0 h2 h0 h2
    = h3 h1 h3 h2 h0 h2
    = h3 h1 h0 h2
    = h3 h2
    = 1
  (K) v|h1130 inverts v123201|h:
    h1 h1 h3 h0 v1 v2 v3 v2 v0 v1 h1 h2 h0 h0 v1 v2 v3 v2 v0 v1
    = h1 h1 h3 v1 h1 v2 v3 v2 v0 v1 h1 h2 h0 h0 v1 v2 v3 v2 v0 v1
    = h1 h1 v1 h3 h1 v2 v3 v2 v0 v1 h1 h2 h0 h0 v1 v2 v3 v2 v0 v1
    = h1 v1 h0 h3 h1 v2 v3 v2 v0 v1 h1 h2 h0 h0 v1 v2 v3 v2 v0 v1
    = v1 h0 h0 h3 h1 v2 v3 v2 v0 v1 h1 h2 h0 h0 v1 v2 v3 v2 v0 v1
    = v1 h0 h0 h3 v3 h3 v3 v2 v0 v1 h1 h2 h0 h0 v1 v2 v3 v2 v0 v1
    = v1 h0 h0 v0 h3 h3 v3 v2 v0 v1 h1 h2 h0 h0 v1 v2 v3 v2 v0 v1
    = v1 h0 v0 h0 h3 h3 v3 v2 v0 v1 h1 h2 h0 h0 v1 v2 v3 v2 v0 v1
    = v1 v0 h0 h0 h3 h3 v3 v2 v0 v1 h1 h2 h0 h0 v1 v2 v3 v2 v0 v1
    = v1 v0 h0 h0 h3 v0 h3 v2 v0 v1 h1 h2 h0 h0 v1 v2 v3 v2 v0 v1
    = v1 v0 h0 h0 v2 h3 h3 v2 v0 v1 h1 h2 h0 h0 v1 v2 v3 v2 v0 v1
    = v1 v0 h0 v3 h0 h3 h3 v2 v0 v1 h1 h2 h0 h0 v1 v2 v3 v2 v0 v1
    = v1 v0 v2 h2 h0 h3 h3 v2 v0 v1 h1 h2 h0 h0 v1 v2 v3 v2 v0 v1
    = v1 v0 v2 h2 h0 h3 v3 h1 v0 v1 h1 h2 h0 h0 v1 v2 v3 v2 v0 v1
    = v1 v0 v2 h2 h0 v0 h3 h1 v0 v1 h1 h2 h0 h0 v1 v2 v3 v2 v0 v1
    = v1 v0 v2 h2 v0 h0 h3 h1 v0 v1 h1 h2 h0 h0 v1 v2 v3 v2 v0 v1
    = v1 v0 v2 v3 h2 h0 h3 h1 v0 v1 h1 h2 h0 h0 v1 v2 v3 v2 v0 v1
    = v1 v0 v2 v3 h2 h0 h3 v0 h1 v1 h1 h2 h0 h0 v1 v2 v3 v2 v0 v1
    = v1 v0 v2 v3 h2 h0 v2 h3 h1 v1 h1 h2 h0 h0 v1 v2 v3 v2 v0 v1
    = v1 v0 v2 v3 h2 v3 h0 h3 h1 v1 h1 h2 h0 h0 v1 v2 v3 v2 v0 v1
    = v1 v0 v2 v3 v2 h0 h0 h3 h1 v1 h1 h2 h0 h0 v1 v2 v3 v2 v0 v1
    = v1 v0 v2 v3 v2 h0 h0 h3 v1 h0 h1 h2 h0 h0 v1 v2 v3 v2 v0 v1
    = v1 v0 v2 v3 v2 h0 h0 v1 h3 h0 h1 h2 h0 h0 v1 v2 v3 v2 v0 v1
    = v1 v0 v2 v3 v2 h0 v1 h1 h3 h0 h1 h2 h0 h0 v1 v2 v3 v2 v0 v1
    = v1 v0 v2 v3 v2 v1 h1 h1 h3 h0 h1 h2 h0 h0 v1 v2 v3 v2 v0 v1
    = v1 v0 v2 v3 v2 v1 h1 h1 h3 h2 h0 h0 v1 v2 v3 v2 v0 v1
    = v1 v0 v2 v3 v2 v1 h1 h1 h0 h0 v1 v2 v3 v2 v0 v1
    = v1 v0 v2 v3 v2 v1 h1 h0 v1 v2 v3 v2 v0 v1
    = v1 v0 v2 v3 v2 v1 v1 v2 v3 v2 v0 v1
    = v1 v0 v2 v3 v2 v2 v3 v2 v0 v1
    = v1 v0 v2 v3 v3 v2 v0 v1
    = v1 v0 v2 v2 v0 v1
    = v1 v0 v0 v1
    = v1 v1
    = 1
  (R) v|h1130 = r^1, v|h120200 = r^-2, r = v|h1130
  (K) v102021|h inverts v|h120200:
    v1 v0 v2 v0 v2 v1 h1 h2 h0 h2 h0 h0 v1 v2 v0 v2 v0 v1 h1 h2 h0 h2 h0 h0
    = v1 v0 v2 v0 v2 v1 h1 h2 h0 h2 h0 v1 h1 v2 v0 v2 v0 v1 h1 h2 h0 h2 h0 h0
    = v1 v0 v2 v0 v2 v1 h1 h2 h0 h2 v1 h1 h1 v2 v0 v2 v0 v1 h1 h2 h0 h2 h0 h0
    = v1 v0 v2 v0 v2 v1 h1 h2 h0 v1 h2 h1 h1 v2 v0 v2 v0 v1 h1 h2 h0 h2 h0 h0
    = v1 v0 v2 v0 v2 v1 h1 h2 v1 h1 h2 h1 h1 v2 v0 v2 v0 v1 h1 h2 h0 h2 h0 h0
    = v1 v0 v2 v0 v2 v1 h1 v1 h2 h1 h2 h1 h1 v2 v0 v2 v0 v1 h1 h2 h0 h2 h0 h0
    = v1 v0 v2 v0 v2 v1 v1 h0 h2 h1 h2 h1 h1 v2 v0 v2 v0 v1 h1 h2 h0 h2 h0 h0
    = v1 v0 v2 v0 v2 h0 h2 h1 h2 h1 h1 v2 v0 v2 v0 v1 h1 h2 h0 h2 h0 h0
    = v1 v0 v2 v0 v2 h0 h2 h1 h2 h1 v3 h3 v0 v2 v0 v1 h1 h2 h0 h2 h0 h0
    = v1 v0 v2 v0 v2 h0 h2 h1 h2 v2 h1 h3 v0 v2 v0 v1 h1 h2 h0 h2 h0 h0
    = v1 v0 v2 v0 v2 h0 h2 h1 v0 h2 h1 h3 v0 v2 v0 v1 h1 h2 h0 h2 h0 h0
    = v1 v0 v2 v0 v2 h0 h2 v0 h1 h2 h1 h3 v0 v2 v0 v1 h1 h2 h0 h2 h0 h0
    = v1 v0 v2 v0 v2 h0 v3 h2 h1 h2 h1 h3 v0 v2 v0 v1 h1 h2 h0 h2 h0 h0
    = v1 v0 v2 v0 v2 v2 h2 h2 h1 h2 h1 h3 v0 v2 v0 v1 h1 h2 h0 h2 h0 h0
    = v1 v0 v2 v0 h2 h2 h1 h2 h1 h3 v0 v2 v0 v1 h1 h2 h0 h2 h0 h0
    = v1 v0 v2 v0 h2 h2 h1 h2 h1 v2 h3 v2 v0 v1 h1 h2 h0 h2 h0 h0
    = v1 v0 v2 v0 h2 h2 h1 h2 v3 h3 h3 v2 v0 v1 h1 h2 h0 h2 h0 h0
    = v1 v0 v2 v0 h2 h2 h1 v2 h0 h3 h3 v2 v0 v1 h1 h2 h0 h2 h0 h0
    = v1 v0 v2 v0 h2 h2 v3 h3 h0 h3 h3 v2 v0 v1 h1 h2 h0 h2 h0 h0
    = v1 v0 v2 v0 h2 v2 h0 h3 h0 h3 h3 v2 v0 v1 h1 h2 h0 h2 h0 h0
    = v1 v0 v2 v0 v0 h2 h0 h3 h0 h3 h3 v2 v0 v1 h1 h2 h0 h2 h0 h0
    = v1 v0 v2 h2 h0 h3 h0 h3 h3 v2 v0 v1 h1 h2 h0 h2 h0 h0
    = v1 v0 v2 h2 h0 h3 h0 h3 v3 h1 v0 v1 h1 h2 h0 h2 h0 h0
    = v1 v0 v2 h2 h0 h3 h0 v0 h3 h1 v0 v1 h1 h2 h0 h2 h0 h0
    = v1 v0 v2 h2 h0 h3 v0 h0 h3 h1 v0 v1 h1 h2 h0 h2 h0 h0
    = v1 v0 v2 h2 h0 v2 h3 h0 h3 h1 v0 v1 h1 h2 h0 h2 h0 h0
    = v1 v0 v2 h2 v3 h0 h3 h0 h3 h1 v0 v1 h1 h2 h0 h2 h0 h0
    = v1 v0 v2 v2 h0 h0 h3 h0 h3 h1 v0 v1 h1 h2 h0 h2 h0 h0
    = v1 v0 h0 h0 h3 h0 h3 h1 v0 v1 h1 h2 h0 h2 h0 h0
    = v1 v0 h0 h0 h3 h0 h3 v0 h1 v1 h1 h2 h0 h2 h0 h0
    = v1 v0 h0 h0 h3 h0 v2 h3 h1 v1 h1 h2 h0 h2 h0 h0
    = v1 v0 h0 h0 h3 v3 h0 h3 h1 v1 h1 h2 h0 h2 h0 h0
    = v1 v0 h0 h0 v0 h3 h0 h3 h1 v1 h1 h2 h0 h2 h0 h0
    = v1 v0 h0 v0 h0 h3 h0 h3 h1 v1 h1 h2 h0 h2 h0 h0
    = v1 v0 v0 h0 h0 h3 h0 h3 h1 v1 h1 h2 h0 h2 h0 h0
    = v1 h0 h0 h3 h0 h3 h1 v1 h1 h2 h0 h2 h0 h0
    = v1 h0 h0 h3 h0 h3 v1 h0 h1 h2 h0 h2 h0 h0
    = v1 h0 h0 h3 h0 v1 h3 h0 h1 h2 h0 h2 h0 h0
    = v1 h0 h0 h3 v1 h1 h3 h0 h1 h2 h0 h2 h0 h0
    = v1 h0 h0 v1 h3 h1 h3 h0 h1 h2 h0 h2 h0 h0
    = v1 h0 v1 h1 h3 h1 h3 h0 h1 h2 h0 h2 h0 h0
    = v1 v1 h1 h1 h3 h1 h3 h0 h1 h2 h0 h2 h0 h0
    = h1 h1 h3 h1 h3 h0 h1 h2 h0 h2 h0 h0
    = h1 h1 h3 h1 h3 h2 h0 h2 h0 h0
    = h1 h1 h3 h1 h0 h2 h0 h0
    = h1 h1 h3 h2 h0 h0
    = h1 h1 h0 h0
    = h1 h0
    = 1
  (K) v|h02 inverts v102021|h:
    h0 h2 v1 v0 v2 v0 v2 v1 h3 h1 v1 v0 v2 v0 v2 v1
    = h0 v1 h2 v0 v2 v0 v2 v1 h3 h1 v1 v0 v2 v0 v2 v1
    = v1 h1 h2 v0 v2 v0 v2 v1 h3 h1 v1 v0 v2 v0 v2 v1
    = v1 h1 v3 h2 v2 v0 v2 v1 h3 h1 v1 v0 v2 v0 v2 v1
    = v1 v2 h1 h2 v2 v0 v2 v1 h3 h1 v1 v0 v2 v0 v2 v1
    = v1 v2 h1 v0 h2 v0 v2 v1 h3 h1 v1 v0 v2 v0 v2 v1
    = v1 v2 v0 h1 h2 v0 v2 v1 h3 h1 v1 v0 v2 v0 v2 v1
    = v1 v2 v0 h1 v3 h2 v2 v1 h3 h1 v1 v0 v2 v0 v2 v1
    = v1 v2 v0 v2 h1 h2 v2 v1 h3 h1 v1 v0 v2 v0 v2 v1
    = v1 v2 v0 v2 h1 v0 h2 v1 h3 h1 v1 v0 v2 v0 v2 v1
    = v1 v2 v0 v2 v0 h1 h2 v1 h3 h1 v1 v0 v2 v0 v2 v1
    = v1 v2 v0 v2 v0 h1 v1 h2 h3 h1 v1 v0 v2 v0 v2 v1
    = v1 v2 v0 v2 v0 v1 h0 h2 h3 h1 v1 v0 v2 v0 v2 v1
    = v1 v2 v0 v2 v0 v1 h0 h1 v1 v0 v2 v0 v2 v1
    = v1 v2 v0 v2 v0 v1 v1 v0 v2 v0 v2 v1
    = v1 v2 v0 v2 v0 v0 v2 v0 v2 v1
    = v1 v2 v0 v2 v2 v0 v2 v1
    = v1 v2 v0 v0 v2 v1
    = v1 v2 v2 v1
    = v1 v1
    = 1
class 291 chain of length 6 with 4 inverting steps verified: Gamma^+ is not left-orderable
  (K) v313210|h inverts v|h2121:
    v3 v1 v3 v2 v1 v0 h2 h1 h2 h1 v0 v1 v2 v3 v1 v3 h2 h1 h2 h1
    = v3 v1 v3 v2 v1 v0 h2 h1 h2 v0 h1 v1 v2 v3 v1 v3 h2 h1 h2 h1
    = v3 v1 v3 v2 v1 v0 h2 h1 v3 h2 h1 v1 v2 v3 v1 v3 h2 h1 h2 h1
    = v3 v1 v3 v2 v1 v0 h2 v2 h1 h2 h1 v1 v2 v3 v1 v3 h2 h1 h2 h1
    = v3 v1 v3 v2 v1 v0 v0 h2 h1 h2 h1 v1 v2 v3 v1 v3 h2 h1 h2 h1
    = v3 v1 v3 v2 v1 h2 h1 h2 h1 v1 v2 v3 v1 v3 h2 h1 h2 h1
    = v3 v1 v3 v2 v1 h2 h1 h2 v1 h0 v2 v3 v1 v3 h2 h1 h2 h1
    = v3 v1 v3 v2 v1 h2 h1 v1 h3 h0 v2 v3 v1 v3 h2 h1 h2 h1
    = v3 v1 v3 v2 v1 h2 v1 h0 h3 h0 v2 v3 v1 v3 h2 h1 h2 h1
    = v3 v1 v3 v2 v1 v1 h3 h0 h3 h0 v2 v3 v1 v3 h2 h1 h2 h1
    = v3 v1 v3 v2 h3 h0 h3 h0 v2 v3 v1 v3 h2 h1 h2 h1
    = v3 v1 v3 v2 h3 h0 h3 v3 h0 v3 v1 v3 h2 h1 h2 h1
    = v3 v1 v3 v2 h3 h0 v0 h3 h0 v3 v1 v3 h2 h1 h2 h1
    = v3 v1 v3 v2 h3 v0 h0 h3 h0 v3 v1 v3 h2 h1 h2 h1
    = v3 v1 v3 v2 v2 h3 h0 h3 h0 v3 v1 v3 h2 h1 h2 h1
    = v3 v1 v3 h3 h0 h3 h0 v3 v1 v3 h2 h1 h2 h1
    = v3 v1 v3 h3 h0 h3 v2 h2 v1 v3 h2 h1 h2 h1
    = v3 v1 v3 h3 h0 v3 h1 h2 v1 v3 h2 h1 h2 h1
    = v3 v1 v3 h3 v2 h2 h1 h2 v1 v3 h2 h1 h2 h1
    = v3 v1 v3 v3 h1 h2 h1 h2 v1 v3 h2 h1 h2 h1
    = v3 v1 h1 h2 h1 h2 v1 v3 h2 h1 h2 h1
    = v3 v1 h1 h2 h1 v1 h3 v3 h2 h1 h2 h1
    = v3 v1 h1 h2 v1 h0 h3 v3 h2 h1 h2 h1
    = v3 v1 h1 v1 h3 h0 h3 v3 h2 h1 h2 h1
    = v3 v1 v1 h0 h3 h0 h3 v3 h2 h1 h2 h1
    = v3 h0 h3 h0 h3 v3 h2 h1 h2 h1
    = v3 h0 h3 h0 v0 h3 h2 h1 h2 h1
    = v3 h0 h3 v0 h0 h3 h2 h1 h2 h1
    = v3 h0 v2 h3 h0 h3 h2 h1 h2 h1
    = v3 v3 h0 h3 h0 h3 h2 h1 h2 h1
    = h0 h3 h0 h3 h2 h1 h2 h1
    = h0 h3 h0 h1 h2 h1
    = h0 h3 h2 h1
    = h0 h1
    = 1
  (K) v|h1300 inverts v313210|h:
    h1 h3 h0 h0 v3 v1 v3 v2 v1 v0 h1 h1 h2 h0 v3 v1 v3 v2 v1 v0
    = h1 h3 h0 v2 h2 v1 v3 v2 v1 v0 h1 h1 h2 h0 v3 v1 v3 v2 v1 v0
    = h1 h3 v3 h0 h2 v1 v3 v2 v1 v0 h1 h1 h2 h0 v3 v1 v3 v2 v1 v0
    = h1 v0 h3 h0 h2 v1 v3 v2 v1 v0 h1 h1 h2 h0 v3 v1 v3 v2 v1 v0
    = v0 h1 h3 h0 h2 v1 v3 v2 v1 v0 h1 h1 h2 h0 v3 v1 v3 v2 v1 v0
    = v0 h1 h3 h0 v1 h3 v3 v2 v1 v0 h1 h1 h2 h0 v3 v1 v3 v2 v1 v0
    = v0 h1 h3 v1 h1 h3 v3 v2 v1 v0 h1 h1 h2 h0 v3 v1 v3 v2 v1 v0
    = v0 h1 v1 h2 h1 h3 v3 v2 v1 v0 h1 h1 h2 h0 v3 v1 v3 v2 v1 v0
    = v0 v1 h0 h2 h1 h3 v3 v2 v1 v0 h1 h1 h2 h0 v3 v1 v3 v2 v1 v0
    = v0 v1 h0 h2 h1 v0 h3 v2 v1 v0 h1 h1 h2 h0 v3 v1 v3 v2 v1 v0
    = v0 v1 h0 h2 v0 h1 h3 v2 v1 v0 h1 h1 h2 h0 v3 v1 v3 v2 v1 v0
    = v0 v1 h0 v3 h2 h1 h3 v2 v1 v0 h1 h1 h2 h0 v3 v1 v3 v2 v1 v0
    = v0 v1 v2 h2 h2 h1 h3 v2 v1 v0 h1 h1 h2 h0 v3 v1 v3 v2 v1 v0
    = v0 v1 v2 h2 h2 h1 v3 h1 v1 v0 h1 h1 h2 h0 v3 v1 v3 v2 v1 v0
    = v0 v1 v2 h2 h2 v2 h1 h1 v1 v0 h1 h1 h2 h0 v3 v1 v3 v2 v1 v0
    = v0 v1 v2 h2 v0 h2 h1 h1 v1 v0 h1 h1 h2 h0 v3 v1 v3 v2 v1 v0
    = v0 v1 v2 v3 h2 h2 h1 h1 v1 v0 h1 h1 h2 h0 v3 v1 v3 v2 v1 v0
    = v0 v1 v2 v3 h2 h2 h1 v1 h0 v0 h1 h1 h2 h0 v3 v1 v3 v2 v1 v0
    = v0 v1 v2 v3 h2 h2 v1 h0 h0 v0 h1 h1 h2 h0 v3 v1 v3 v2 v1 v0
    = v0 v1 v2 v3 h2 v1 h3 h0 h0 v0 h1 h1 h2 h0 v3 v1 v3 v2 v1 v0
    = v0 v1 v2 v3 v1 h3 h3 h0 h0 v0 h1 h1 h2 h0 v3 v1 v3 v2 v1 v0
    = v0 v1 v2 v3 v1 h3 h3 h0 v0 h0 h1 h1 h2 h0 v3 v1 v3 v2 v1 v0
    = v0 v1 v2 v3 v1 h3 h3 v0 h0 h0 h1 h1 h2 h0 v3 v1 v3 v2 v1 v0
    = v0 v1 v2 v3 v1 h3 v2 h3 h0 h0 h1 h1 h2 h0 v3 v1 v3 v2 v1 v0
    = v0 v1 v2 v3 v1 v3 h1 h3 h0 h0 h1 h1 h2 h0 v3 v1 v3 v2 v1 v0
    = v0 v1 v2 v3 v1 v3 h1 h3 h0 h1 h2 h0 v3 v1 v3 v2 v1 v0
    = v0 v1 v2 v3 v1 v3 h1 h3 h2 h0 v3 v1 v3 v2 v1 v0
    = v0 v1 v2 v3 v1 v3 h1 h0 v3 v1 v3 v2 v1 v0
    = v0 v1 v2 v3 v1 v3 v3 v1 v3 v2 v1 v0
    = v0 v1 v2 v3 v1 v1 v3 v2 v1 v0
    = v0 v1 v2 v3 v3 v2 v1 v0
    = v0 v1 v2 v2 v1 v0
    = v0 v1 v1 v0
    = v0 v0
    = 1
  (R) v|h1300 = r^-1, v|h112120 = r^2, r = v|h1120
  (K) v310210|h inverts v|h112120:
    v3 v1 v0 v2 v1 v0 h1 h1 h2 h1 h2 h0 v0 v1 v2 v0 v1 v3 h1 h1 h2 h1 h2 h0
    = v3 v1 v0 v2 v1 v0 h1 h1 h2 h1 h2 v0 h0 v1 v2 v0 v1 v3 h1 h1 h2 h1 h2 h0
    = v3 v1 v0 v2 v1 v0 h1 h1 h2 h1 v3 h2 h0 v1 v2 v0 v1 v3 h1 h1 h2 h1 h2 h0
    = v3 v1 v0 v2 v1 v0 h1 h1 h2 v2 h1 h2 h0 v1 v2 v0 v1 v3 h1 h1 h2 h1 h2 h0
    = v3 v1 v0 v2 v1 v0 h1 h1 v0 h2 h1 h2 h0 v1 v2 v0 v1 v3 h1 h1 h2 h1 h2 h0
    = v3 v1 v0 v2 v1 v0 h1 v0 h1 h2 h1 h2 h0 v1 v2 v0 v1 v3 h1 h1 h2 h1 h2 h0
    = v3 v1 v0 v2 v1 v0 v0 h1 h1 h2 h1 h2 h0 v1 v2 v0 v1 v3 h1 h1 h2 h1 h2 h0
    = v3 v1 v0 v2 v1 h1 h1 h2 h1 h2 h0 v1 v2 v0 v1 v3 h1 h1 h2 h1 h2 h0
    = v3 v1 v0 v2 v1 h1 h1 h2 h1 h2 v1 h1 v2 v0 v1 v3 h1 h1 h2 h1 h2 h0
    = v3 v1 v0 v2 v1 h1 h1 h2 h1 v1 h3 h1 v2 v0 v1 v3 h1 h1 h2 h1 h2 h0
    = v3 v1 v0 v2 v1 h1 h1 h2 v1 h0 h3 h1 v2 v0 v1 v3 h1 h1 h2 h1 h2 h0
    = v3 v1 v0 v2 v1 h1 h1 v1 h3 h0 h3 h1 v2 v0 v1 v3 h1 h1 h2 h1 h2 h0
    = v3 v1 v0 v2 v1 h1 v1 h0 h3 h0 h3 h1 v2 v0 v1 v3 h1 h1 h2 h1 h2 h0
    = v3 v1 v0 v2 v1 v1 h0 h0 h3 h0 h3 h1 v2 v0 v1 v3 h1 h1 h2 h1 h2 h0
    = v3 v1 v0 v2 h0 h0 h3 h0 h3 h1 v2 v0 v1 v3 h1 h1 h2 h1 h2 h0
    = v3 v1 v0 v2 h0 h0 h3 h0 h3 v3 h3 v0 v1 v3 h1 h1 h2 h1 h2 h0
    = v3 v1 v0 v2 h0 h0 h3 h0 v0 h3 h3 v0 v1 v3 h1 h1 h2 h1 h2 h0
    = v3 v1 v0 v2 h0 h0 h3 v0 h0 h3 h3 v0 v1 v3 h1 h1 h2 h1 h2 h0
    = v3 v1 v0 v2 h0 h0 v2 h3 h0 h3 h3 v0 v1 v3 h1 h1 h2 h1 h2 h0
    = v3 v1 v0 v2 h0 v3 h0 h3 h0 h3 h3 v0 v1 v3 h1 h1 h2 h1 h2 h0
    = v3 v1 v0 v2 v2 h2 h0 h3 h0 h3 h3 v0 v1 v3 h1 h1 h2 h1 h2 h0
    = v3 v1 v0 h2 h0 h3 h0 h3 h3 v0 v1 v3 h1 h1 h2 h1 h2 h0
    = v3 v1 v0 h2 h0 h3 h0 h3 v2 h3 v1 v3 h1 h1 h2 h1 h2 h0
    = v3 v1 v0 h2 h0 h3 h0 v3 h1 h3 v1 v3 h1 h1 h2 h1 h2 h0
    = v3 v1 v0 h2 h0 h3 v2 h2 h1 h3 v1 v3 h1 h1 h2 h1 h2 h0
    = v3 v1 v0 h2 h0 v3 h1 h2 h1 h3 v1 v3 h1 h1 h2 h1 h2 h0
    = v3 v1 v0 h2 v2 h2 h1 h2 h1 h3 v1 v3 h1 h1 h2 h1 h2 h0
    = v3 v1 v0 v0 h2 h2 h1 h2 h1 h3 v1 v3 h1 h1 h2 h1 h2 h0
    = v3 v1 h2 h2 h1 h2 h1 h3 v1 v3 h1 h1 h2 h1 h2 h0
    = v3 v1 h2 h2 h1 h2 h1 v1 h2 v3 h1 h1 h2 h1 h2 h0
    = v3 v1 h2 h2 h1 h2 v1 h0 h2 v3 h1 h1 h2 h1 h2 h0
    = v3 v1 h2 h2 h1 v1 h3 h0 h2 v3 h1 h1 h2 h1 h2 h0
    = v3 v1 h2 h2 v1 h0 h3 h0 h2 v3 h1 h1 h2 h1 h2 h0
    = v3 v1 h2 v1 h3 h0 h3 h0 h2 v3 h1 h1 h2 h1 h2 h0
    = v3 v1 v1 h3 h3 h0 h3 h0 h2 v3 h1 h1 h2 h1 h2 h0
    = v3 h3 h3 h0 h3 h0 h2 v3 h1 h1 h2 h1 h2 h0
    = v3 h3 h3 h0 h3 h0 v2 h0 h1 h1 h2 h1 h2 h0
    = v3 h3 h3 h0 h3 v3 h0 h0 h1 h1 h2 h1 h2 h0
    = v3 h3 h3 h0 v0 h3 h0 h0 h1 h1 h2 h1 h2 h0
    = v3 h3 h3 v0 h0 h3 h0 h0 h1 h1 h2 h1 h2 h0
    = v3 h3 v2 h3 h0 h3 h0 h0 h1 h1 h2 h1 h2 h0
    = v3 v3 h1 h3 h0 h3 h0 h0 h1 h1 h2 h1 h2 h0
    = h1 h3 h0 h3 h0 h0 h1 h1 h2 h1 h2 h0
    = h1 h3 h0 h3 h0 h1 h2 h1 h2 h0
    = h1 h3 h0 h3 h2 h1 h2 h0
    = h1 h3 h0 h1 h2 h0
    = h1 h3 h2 h0
    = h1 h0
    = 1
  (K) v|h21 inverts v310210|h:
    h2 h1 v3 v1 v0 v2 v1 v0 h0 h3 v3 v1 v0 v2 v1 v0
    = h2 v2 h1 v1 v0 v2 v1 v0 h0 h3 v3 v1 v0 v2 v1 v0
    = v0 h2 h1 v1 v0 v2 v1 v0 h0 h3 v3 v1 v0 v2 v1 v0
    = v0 h2 v1 h0 v0 v2 v1 v0 h0 h3 v3 v1 v0 v2 v1 v0
    = v0 v1 h3 h0 v0 v2 v1 v0 h0 h3 v3 v1 v0 v2 v1 v0
    = v0 v1 h3 v0 h0 v2 v1 v0 h0 h3 v3 v1 v0 v2 v1 v0
    = v0 v1 v2 h3 h0 v2 v1 v0 h0 h3 v3 v1 v0 v2 v1 v0
    = v0 v1 v2 h3 v3 h0 v1 v0 h0 h3 v3 v1 v0 v2 v1 v0
    = v0 v1 v2 v0 h3 h0 v1 v0 h0 h3 v3 v1 v0 v2 v1 v0
    = v0 v1 v2 v0 h3 v1 h1 v0 h0 h3 v3 v1 v0 v2 v1 v0
    = v0 v1 v2 v0 v1 h2 h1 v0 h0 h3 v3 v1 v0 v2 v1 v0
    = v0 v1 v2 v0 v1 h2 v0 h1 h0 h3 v3 v1 v0 v2 v1 v0
    = v0 v1 v2 v0 v1 v3 h2 h1 h0 h3 v3 v1 v0 v2 v1 v0
    = v0 v1 v2 v0 v1 v3 h2 h3 v3 v1 v0 v2 v1 v0
    = v0 v1 v2 v0 v1 v3 v3 v1 v0 v2 v1 v0
    = v0 v1 v2 v0 v1 v1 v0 v2 v1 v0
    = v0 v1 v2 v0 v0 v2 v1 v0
    = v0 v1 v2 v2 v1 v0
    = v0 v1 v1 v0
    = v0 v0
    = 1
  (R) v|h21 = r^-1, v|h2121 = r^-2, r = v|h03
class 292 chain of length 6 with 4 inverting steps verified: Gamma^+ is not left-orderable
  (K) v313210|h inverts v|h2121:
    v3 v1 v3 v2 v1 v0 h2 h1 h2 h1 v0 v1 v2 v3 v1 v3 h2 h1 h2 h1
    = v3 v1 v3 v2 v1 v0 h2 h1 h2 v0 h1 v1 v2 v3 v1 v3 h2 h1 h2 h1
    = v3 v1 v3 v2 v1 v0 h2 h1 v3 h2 h1 v1 v2 v3 v1 v3 h2 h1 h2 h1
    = v3 v1 v3 v2 v1 v0 h2 v2 h1 h2 h1 v1 v2 v3 v1 v3 h2 h1 h2 h1
    = v3 v1 v3 v2 v1 v0 v0 h2 h1 h2 h1 v1 v2 v3 v1 v3 h2 h1 h2 h1
    = v3 v1 v3 v2 v1 h2 h1 h2 h1 v1 v2 v3 v1 v3 h2 h1 h2 h1
    = v3 v1 v3 v2 v1 h2 h1 h2 v1 h3 v2 v3 v1 v3 h2 h1 h2 h1
    = v3 v1 v3 v2 v1 h2 h1 v1 h0 h3 v2 v3 v1 v3 h2 h1 h2 h1
    = v3 v1 v3 v2 v1 h2 v1 h3 h0 h3 v2 v3 v1 v3 h2 h1 h2 h1
    = v3 v1 v3 v2 v1 v1 h0 h3 h0 h3 v2 v3 v1 v3 h2 h1 h2 h1
    = v3 v1 v3 v2 h0 h3 h0 h3 v2 v3 v1 v3 h2 h1 h2 h1
    = v3 v1 v3 v2 h0 h3 h0 v3 h1 v3 v1 v3 h2 h1 h2 h1
    = v3 v1 v3 v2 h0 h3 v2 h2 h1 v3 v1 v3 h2 h1 h2 h1
    = v3 v1 v3 v2 h0 v3 h1 h2 h1 v3 v1 v3 h2 h1 h2 h1
    = v3 v1 v3 v2 v2 h2 h1 h2 h1 v3 v1 v3 h2 h1 h2 h1
    = v3 v1 v3 h2 h1 h2 h1 v3 v1 v3 h2 h1 h2 h1
    = v3 v1 v3 h2 h1 h2 v2 h1 v1 v3 h2 h1 h2 h1
    = v3 v1 v3 h2 h1 v0 h2 h1 v1 v3 h2 h1 h2 h1
    = v3 v1 v3 h2 v0 h1 h2 h1 v1 v3 h2 h1 h2 h1
    = v3 v1 v3 v3 h2 h1 h2 h1 v1 v3 h2 h1 h2 h1
    = v3 v1 h2 h1 h2 h1 v1 v3 h2 h1 h2 h1
    = v3 v1 h2 h1 h2 v1 h3 v3 h2 h1 h2 h1
    = v3 v1 h2 h1 v1 h0 h3 v3 h2 h1 h2 h1
    = v3 v1 h2 v1 h3 h0 h3 v3 h2 h1 h2 h1
    = v3 v1 v1 h0 h3 h0 h3 v3 h2 h1 h2 h1
    = v3 h0 h3 h0 h3 v3 h2 h1 h2 h1
    = v3 h0 h3 h0 v0 h3 h2 h1 h2 h1
    = v3 h0 h3 v0 h0 h3 h2 h1 h2 h1
    = v3 h0 v2 h3 h0 h3 h2 h1 h2 h1
    = v3 v3 h0 h3 h0 h3 h2 h1 h2 h1
    = h0 h3 h0 h3 h2 h1 h2 h1
    = h0 h3 h0 h1 h2 h1
    = h0 h3 h2 h1
    = h0 h1
    = 1
  (K) v|h1300 inverts v313210|h:
    h1 h3 h0 h0 v3 v1 v3 v2 v1 v0 h1 h1 h2 h0 v3 v1 v3 v2 v1 v0
    = h1 h3 h0 v2 h2 v1 v3 v2 v1 v0 h1 h1 h2 h0 v3 v1 v3 v2 v1 v0
    = h1 h3 v3 h0 h2 v1 v3 v2 v1 v0 h1 h1 h2 h0 v3 v1 v3 v2 v1 v0
    = h1 v0 h3 h0 h2 v1 v3 v2 v1 v0 h1 h1 h2 h0 v3 v1 v3 v2 v1 v0
    = v0 h1 h3 h0 h2 v1 v3 v2 v1 v0 h1 h1 h2 h0 v3 v1 v3 v2 v1 v0
    = v0 h1 h3 h0 v1 h0 v3 v2 v1 v0 h1 h1 h2 h0 v3 v1 v3 v2 v1 v0
    = v0 h1 h3 v1 h2 h0 v3 v2 v1 v0 h1 h1 h2 h0 v3 v1 v3 v2 v1 v0
    = v0 h1 v1 h1 h2 h0 v3 v2 v1 v0 h1 h1 h2 h0 v3 v1 v3 v2 v1 v0
    = v0 v1 h3 h1 h2 h0 v3 v2 v1 v0 h1 h1 h2 h0 v3 v1 v3 v2 v1 v0
    = v0 v1 h3 h1 h2 v2 h2 v2 v1 v0 h1 h1 h2 h0 v3 v1 v3 v2 v1 v0
    = v0 v1 h3 h1 v0 h2 h2 v2 v1 v0 h1 h1 h2 h0 v3 v1 v3 v2 v1 v0
    = v0 v1 h3 v0 h1 h2 h2 v2 v1 v0 h1 h1 h2 h0 v3 v1 v3 v2 v1 v0
    = v0 v1 v2 h3 h1 h2 h2 v2 v1 v0 h1 h1 h2 h0 v3 v1 v3 v2 v1 v0
    = v0 v1 v2 h3 h1 h2 v0 h2 v1 v0 h1 h1 h2 h0 v3 v1 v3 v2 v1 v0
    = v0 v1 v2 h3 h1 v3 h2 h2 v1 v0 h1 h1 h2 h0 v3 v1 v3 v2 v1 v0
    = v0 v1 v2 h3 v2 h1 h2 h2 v1 v0 h1 h1 h2 h0 v3 v1 v3 v2 v1 v0
    = v0 v1 v2 v3 h1 h1 h2 h2 v1 v0 h1 h1 h2 h0 v3 v1 v3 v2 v1 v0
    = v0 v1 v2 v3 h1 h1 h2 v1 h0 v0 h1 h1 h2 h0 v3 v1 v3 v2 v1 v0
    = v0 v1 v2 v3 h1 h1 v1 h0 h0 v0 h1 h1 h2 h0 v3 v1 v3 v2 v1 v0
    = v0 v1 v2 v3 h1 v1 h3 h0 h0 v0 h1 h1 h2 h0 v3 v1 v3 v2 v1 v0
    = v0 v1 v2 v3 v1 h3 h3 h0 h0 v0 h1 h1 h2 h0 v3 v1 v3 v2 v1 v0
    = v0 v1 v2 v3 v1 h3 h3 h0 v0 h0 h1 h1 h2 h0 v3 v1 v3 v2 v1 v0
    = v0 v1 v2 v3 v1 h3 h3 v0 h0 h0 h1 h1 h2 h0 v3 v1 v3 v2 v1 v0
    = v0 v1 v2 v3 v1 h3 v2 h3 h0 h0 h1 h1 h2 h0 v3 v1 v3 v2 v1 v0
    = v0 v1 v2 v3 v1 v3 h1 h3 h0 h0 h1 h1 h2 h0 v3 v1 v3 v2 v1 v0
    = v0 v1 v2 v3 v1 v3 h1 h3 h0 h1 h2 h0 v3 v1 v3 v2 v1 v0
    = v0 v1 v2 v3 v1 v3 h1 h3 h2 h0 v3 v1 v3 v2 v1 v0
    = v0 v1 v2 v3 v1 v3 h1 h0 v3 v1 v3 v2 v1 v0
    = v0 v1 v2 v3 v1 v3 v3 v1 v3 v2 v1 v0
    = v0 v1 v2 v3 v1 v1 v3 v2 v1 v0
    = v0 v1 v2 v3 v3 v2 v1 v0
    = v0 v1 v2 v2 v1 v0
    = v0 v1 v1 v0
    = v0 v0
    = 1
  (R) v|h1300 = r^-1, v|h112120 = r^2, r = v|h1120
  (K) v010313|h inverts v|h112120:
    v0 v1 v0 v3 v1 v3 h1 h1 h2 h1 h2 h0 v3 v1 v3 v0 v1 v0 h1 h1 h2 h1 h2 h0
    = v0 v1 v0 v3 v1 v3 h1 h1 h2 h1 h2 v2 h2 v1 v3 v0 v1 v0 h1 h1 h2 h1 h2 h0
    = v0 v1 v0 v3 v1 v3 h1 h1 h2 h1 v0 h2 h2 v1 v3 v0 v1 v0 h1 h1 h2 h1 h2 h0
    = v0 v1 v0 v3 v1 v3 h1 h1 h2 v0 h1 h2 h2 v1 v3 v0 v1 v0 h1 h1 h2 h1 h2 h0
    = v0 v1 v0 v3 v1 v3 h1 h1 v3 h2 h1 h2 h2 v1 v3 v0 v1 v0 h1 h1 h2 h1 h2 h0
    = v0 v1 v0 v3 v1 v3 h1 v2 h1 h2 h1 h2 h2 v1 v3 v0 v1 v0 h1 h1 h2 h1 h2 h0
    = v0 v1 v0 v3 v1 v3 v3 h3 h1 h2 h1 h2 h2 v1 v3 v0 v1 v0 h1 h1 h2 h1 h2 h0
    = v0 v1 v0 v3 v1 h3 h1 h2 h1 h2 h2 v1 v3 v0 v1 v0 h1 h1 h2 h1 h2 h0
    = v0 v1 v0 v3 v1 h3 h1 h2 h1 h2 v1 h0 v3 v0 v1 v0 h1 h1 h2 h1 h2 h0
    = v0 v1 v0 v3 v1 h3 h1 h2 h1 v1 h0 h0 v3 v0 v1 v0 h1 h1 h2 h1 h2 h0
    = v0 v1 v0 v3 v1 h3 h1 h2 v1 h3 h0 h0 v3 v0 v1 v0 h1 h1 h2 h1 h2 h0
    = v0 v1 v0 v3 v1 h3 h1 v1 h0 h3 h0 h0 v3 v0 v1 v0 h1 h1 h2 h1 h2 h0
    = v0 v1 v0 v3 v1 h3 v1 h3 h0 h3 h0 h0 v3 v0 v1 v0 h1 h1 h2 h1 h2 h0
    = v0 v1 v0 v3 v1 v1 h1 h3 h0 h3 h0 h0 v3 v0 v1 v0 h1 h1 h2 h1 h2 h0
    = v0 v1 v0 v3 h1 h3 h0 h3 h0 h0 v3 v0 v1 v0 h1 h1 h2 h1 h2 h0
    = v0 v1 v0 v3 h1 h3 h0 h3 h0 v2 h2 v0 v1 v0 h1 h1 h2 h1 h2 h0
    = v0 v1 v0 v3 h1 h3 h0 h3 v3 h0 h2 v0 v1 v0 h1 h1 h2 h1 h2 h0
    = v0 v1 v0 v3 h1 h3 h0 v0 h3 h0 h2 v0 v1 v0 h1 h1 h2 h1 h2 h0
    = v0 v1 v0 v3 h1 h3 v0 h0 h3 h0 h2 v0 v1 v0 h1 h1 h2 h1 h2 h0
    = v0 v1 v0 v3 h1 v2 h3 h0 h3 h0 h2 v0 v1 v0 h1 h1 h2 h1 h2 h0
    = v0 v1 v0 v3 v3 h3 h3 h0 h3 h0 h2 v0 v1 v0 h1 h1 h2 h1 h2 h0
    = v0 v1 v0 h3 h3 h0 h3 h0 h2 v0 v1 v0 h1 h1 h2 h1 h2 h0
    = v0 v1 v0 h3 h3 h0 h3 h0 v3 h2 v1 v0 h1 h1 h2 h1 h2 h0
    = v0 v1 v0 h3 h3 h0 h3 v2 h2 h2 v1 v0 h1 h1 h2 h1 h2 h0
    = v0 v1 v0 h3 h3 h0 v3 h1 h2 h2 v1 v0 h1 h1 h2 h1 h2 h0
    = v0 v1 v0 h3 h3 v2 h2 h1 h2 h2 v1 v0 h1 h1 h2 h1 h2 h0
    = v0 v1 v0 h3 v3 h1 h2 h1 h2 h2 v1 v0 h1 h1 h2 h1 h2 h0
    = v0 v1 v0 v0 h3 h1 h2 h1 h2 h2 v1 v0 h1 h1 h2 h1 h2 h0
    = v0 v1 h3 h1 h2 h1 h2 h2 v1 v0 h1 h1 h2 h1 h2 h0
    = v0 v1 h3 h1 h2 h1 h2 v1 h0 v0 h1 h1 h2 h1 h2 h0
    = v0 v1 h3 h1 h2 h1 v1 h0 h0 v0 h1 h1 h2 h1 h2 h0
    = v0 v1 h3 h1 h2 v1 h3 h0 h0 v0 h1 h1 h2 h1 h2 h0
    = v0 v1 h3 h1 v1 h0 h3 h0 h0 v0 h1 h1 h2 h1 h2 h0
    = v0 v1 h3 v1 h3 h0 h3 h0 h0 v0 h1 h1 h2 h1 h2 h0
    = v0 v1 v1 h1 h3 h0 h3 h0 h0 v0 h1 h1 h2 h1 h2 h0
    = v0 h1 h3 h0 h3 h0 h0 v0 h1 h1 h2 h1 h2 h0
    = v0 h1 h3 h0 h3 h0 v0 h0 h1 h1 h2 h1 h2 h0
    = v0 h1 h3 h0 h3 v0 h0 h0 h1 h1 h2 h1 h2 h0
    = v0 h1 h3 h0 v2 h3 h0 h0 h1 h1 h2 h1 h2 h0
    = v0 h1 h3 v3 h0 h3 h0 h0 h1 h1 h2 h1 h2 h0
    = v0 h1 v0 h3 h0 h3 h0 h0 h1 h1 h2 h1 h2 h0
    = v0 v0 h1 h3 h0 h3 h0 h0 h1 h1 h2 h1 h2 h0
    = h1 h3 h0 h3 h0 h0 h1 h1 h2 h1 h2 h0
    = h1 h3 h0 h3 h0 h1 h2 h1 h2 h0
    = h1 h3 h0 h3 h2 h1 h2 h0
    = h1 h3 h0 h1 h2 h0
    = h1 h3 h2 h0
    = h1 h0
    = 1
  (K) v|h21 inverts v010313|h:
    h2 h1 v0 v1 v0 v3 v1 v3 h0 h3 v0 v1 v0 v3 v1 v3
    = h2 v0 h1 v1 v0 v3 v1 v3 h0 h3 v0 v1 v0 v3 v1 v3
    = v3 h2 h1 v1 v0 v3 v1 v3 h0 h3 v0 v1 v0 v3 v1 v3
    = v3 h2 v1 h3 v0 v3 v1 v3 h0 h3 v0 v1 v0 v3 v1 v3
    = v3 v1 h0 h3 v0 v3 v1 v3 h0 h3 v0 v1 v0 v3 v1 v3
    = v3 v1 h0 v2 h3 v3 v1 v3 h0 h3 v0 v1 v0 v3 v1 v3
    = v3 v1 v3 h0 h3 v3 v1 v3 h0 h3 v0 v1 v0 v3 v1 v3
    = v3 v1 v3 h0 v0 h3 v1 v3 h0 h3 v0 v1 v0 v3 v1 v3
    = v3 v1 v3 v0 h0 h3 v1 v3 h0 h3 v0 v1 v0 v3 v1 v3
    = v3 v1 v3 v0 h0 v1 h1 v3 h0 h3 v0 v1 v0 v3 v1 v3
    = v3 v1 v3 v0 v1 h2 h1 v3 h0 h3 v0 v1 v0 v3 v1 v3
    = v3 v1 v3 v0 v1 h2 v2 h1 h0 h3 v0 v1 v0 v3 v1 v3
    = v3 v1 v3 v0 v1 v0 h2 h1 h0 h3 v0 v1 v0 v3 v1 v3
    = v3 v1 v3 v0 v1 v0 h2 h3 v0 v1 v0 v3 v1 v3
    = v3 v1 v3 v0 v1 v0 v0 v1 v0 v3 v1 v3
    = v3 v1 v3 v0 v1 v1 v0 v3 v1 v3
    = v3 v1 v3 v0 v0 v3 v1 v3
    = v3 v1 v3 v3 v1 v3
    = v3 v1 v1 v3
    = v3 v3
    = 1
  (R) v|h21 = r^-1, v|h2121 = r^-2, r = v|h03
class 345 chain of length 6 with 4 inverting steps verified: Gamma^+ is not left-orderable
  (K) v312310|h inverts v|h0202:
    v3 v1 v2 v3 v1 v0 h0 h2 h0 h2 v0 v1 v3 v2 v1 v3 h0 h2 h0 h2
    = v3 v1 v2 v3 v1 v0 h0 h2 h0 v2 h2 v1 v3 v2 v1 v3 h0 h2 h0 h2
    = v3 v1 v2 v3 v1 v0 h0 h2 v3 h0 h2 v1 v3 v2 v1 v3 h0 h2 h0 h2
    = v3 v1 v2 v3 v1 v0 h0 v0 h2 h0 h2 v1 v3 v2 v1 v3 h0 h2 h0 h2
    = v3 v1 v2 v3 v1 v0 v0 h0 h2 h0 h2 v1 v3 v2 v1 v3 h0 h2 h0 h2
    = v3 v1 v2 v3 v1 h0 h2 h0 h2 v1 v3 v2 v1 v3 h0 h2 h0 h2
    = v3 v1 v2 v3 v1 h0 h2 h0 v1 h0 v3 v2 v1 v3 h0 h2 h0 h2
    = v3 v1 v2 v3 v1 h0 h2 v1 h2 h0 v3 v2 v1 v3 h0 h2 h0 h2
    = v3 v1 v2 v3 v1 h0 v1 h0 h2 h0 v3 v2 v1 v3 h0 h2 h0 h2
    = v3 v1 v2 v3 v1 v1 h2 h0 h2 h0 v3 v2 v1 v3 h0 h2 h0 h2
    = v3 v1 v2 v3 h2 h0 h2 h0 v3 v2 v1 v3 h0 h2 h0 h2
    = v3 v1 v2 v3 h2 h0 h2 v2 h3 v2 v1 v3 h0 h2 h0 h2
    = v3 v1 v2 v3 h2 h0 v3 h1 h3 v2 v1 v3 h0 h2 h0 h2
    = v3 v1 v2 v3 h2 v2 h3 h1 h3 v2 v1 v3 h0 h2 h0 h2
    = v3 v1 v2 v3 v3 h1 h3 h1 h3 v2 v1 v3 h0 h2 h0 h2
    = v3 v1 v2 h1 h3 h1 h3 v2 v1 v3 h0 h2 h0 h2
    = v3 v1 v2 h1 h3 h1 v0 h3 v1 v3 h0 h2 h0 h2
    = v3 v1 v2 h1 h3 v0 h1 h3 v1 v3 h0 h2 h0 h2
    = v3 v1 v2 h1 v3 h3 h1 h3 v1 v3 h0 h2 h0 h2
    = v3 v1 v2 v2 h1 h3 h1 h3 v1 v3 h0 h2 h0 h2
    = v3 v1 h1 h3 h1 h3 v1 v3 h0 h2 h0 h2
    = v3 v1 h1 h3 h1 v1 h1 v3 h0 h2 h0 h2
    = v3 v1 h1 h3 v1 h3 h1 v3 h0 h2 h0 h2
    = v3 v1 h1 v1 h1 h3 h1 v3 h0 h2 h0 h2
    = v3 v1 v1 h3 h1 h3 h1 v3 h0 h2 h0 h2
    = v3 h3 h1 h3 h1 v3 h0 h2 h0 h2
    = v3 h3 h1 h3 v2 h1 h0 h2 h0 h2
    = v3 h3 h1 v0 h3 h1 h0 h2 h0 h2
    = v3 h3 v0 h1 h3 h1 h0 h2 h0 h2
    = v3 v3 h3 h1 h3 h1 h0 h2 h0 h2
    = h3 h1 h3 h1 h0 h2 h0 h2
    = h3 h1 h3 h2 h0 h2
    = h3 h1 h0 h2
    = h3 h2
    = 1
  (K) v|h1200 inverts v312310|h:
    h1 h2 h0 h0 v3 v1 v2 v3 v1 v0 h1 h1 h3 h0 v3 v1 v2 v3 v1 v0
    = h1 h2 h0 v2 h3 v1 v2 v3 v1 v0 h1 h1 h3 h0 v3 v1 v2 v3 v1 v0
    = h1 h2 v3 h0 h3 v1 v2 v3 v1 v0 h1 h1 h3 h0 v3 v1 v2 v3 v1 v0
    = h1 v0 h2 h0 h3 v1 v2 v3 v1 v0 h1 h1 h3 h0 v3 v1 v2 v3 v1 v0
    = v0 h1 h2 h0 h3 v1 v2 v3 v1 v0 h1 h1 h3 h0 v3 v1 v2 v3 v1 v0
    = v0 h1 h2 h0 v1 h1 v2 v3 v1 v0 h1 h1 h3 h0 v3 v1 v2 v3 v1 v0
    = v0 h1 h2 v1 h2 h1 v2 v3 v1 v0 h1 h1 h3 h0 v3 v1 v2 v3 v1 v0
    = v0 h1 v1 h0 h2 h1 v2 v3 v1 v0 h1 h1 h3 h0 v3 v1 v2 v3 v1 v0
    = v0 v1 h3 h0 h2 h1 v2 v3 v1 v0 h1 h1 h3 h0 v3 v1 v2 v3 v1 v0
    = v0 v1 h3 h0 h2 v3 h2 v3 v1 v0 h1 h1 h3 h0 v3 v1 v2 v3 v1 v0
    = v0 v1 h3 h0 v0 h2 h2 v3 v1 v0 h1 h1 h3 h0 v3 v1 v2 v3 v1 v0
    = v0 v1 h3 v0 h0 h2 h2 v3 v1 v0 h1 h1 h3 h0 v3 v1 v2 v3 v1 v0
    = v0 v1 v3 h3 h0 h2 h2 v3 v1 v0 h1 h1 h3 h0 v3 v1 v2 v3 v1 v0
    = v0 v1 v3 h3 h0 h2 v0 h2 v1 v0 h1 h1 h3 h0 v3 v1 v2 v3 v1 v0
    = v0 v1 v3 h3 h0 v2 h2 h2 v1 v0 h1 h1 h3 h0 v3 v1 v2 v3 v1 v0
    = v0 v1 v3 h3 v3 h0 h2 h2 v1 v0 h1 h1 h3 h0 v3 v1 v2 v3 v1 v0
    = v0 v1 v3 v2 h0 h0 h2 h2 v1 v0 h1 h1 h3 h0 v3 v1 v2 v3 v1 v0
    = v0 v1 v3 v2 h0 h0 h2 v1 h0 v0 h1 h1 h3 h0 v3 v1 v2 v3 v1 v0
    = v0 v1 v3 v2 h0 h0 v1 h0 h0 v0 h1 h1 h3 h0 v3 v1 v2 v3 v1 v0
    = v0 v1 v3 v2 h0 v1 h2 h0 h0 v0 h1 h1 h3 h0 v3 v1 v2 v3 v1 v0
    = v0 v1 v3 v2 v1 h2 h2 h0 h0 v0 h1 h1 h3 h0 v3 v1 v2 v3 v1 v0
    = v0 v1 v3 v2 v1 h2 h2 h0 v0 h0 h1 h1 h3 h0 v3 v1 v2 v3 v1 v0
    = v0 v1 v3 v2 v1 h2 h2 v0 h0 h0 h1 h1 h3 h0 v3 v1 v2 v3 v1 v0
    = v0 v1 v3 v2 v1 h2 v2 h2 h0 h0 h1 h1 h3 h0 v3 v1 v2 v3 v1 v0
    = v0 v1 v3 v2 v1 v3 h1 h2 h0 h0 h1 h1 h3 h0 v3 v1 v2 v3 v1 v0
    = v0 v1 v3 v2 v1 v3 h1 h2 h0 h1 h3 h0 v3 v1 v2 v3 v1 v0
    = v0 v1 v3 v2 v1 v3 h1 h2 h3 h0 v3 v1 v2 v3 v1 v0
    = v0 v1 v3 v2 v1 v3 h1 h0 v3 v1 v2 v3 v1 v0
    = v0 v1 v3 v2 v1 v3 v3 v1 v2 v3 v1 v0
    = v0 v1 v3 v2 v1 v1 v2 v3 v1 v0
    = v0 v1 v3 v2 v2 v3 v1 v0
    = v0 v1 v3 v3 v1 v0
    = v0 v1 v1 v0
    = v0 v0
    = 1
  (R) v|h1200 = r^-1, v|h120200 = r^-2, r = v|h1130
  (K) v312010|h inverts v|h120200:
    v3 v1 v2 v0 v1 v0 h1 h2 h0 h2 h0 h0 v0 v1 v0 v2 v1 v3 h1 h2 h0 h2 h0 h0
    = v3 v1 v2 v0 v1 v0 h1 h2 h0 h2 h0 v0 h0 v1 v0 v2 v1 v3 h1 h2 h0 h2 h0 h0
    = v3 v1 v2 v0 v1 v0 h1 h2 h0 h2 v0 h0 h0 v1 v0 v2 v1 v3 h1 h2 h0 h2 h0 h0
    = v3 v1 v2 v0 v1 v0 h1 h2 h0 v2 h2 h0 h0 v1 v0 v2 v1 v3 h1 h2 h0 h2 h0 h0
    = v3 v1 v2 v0 v1 v0 h1 h2 v3 h0 h2 h0 h0 v1 v0 v2 v1 v3 h1 h2 h0 h2 h0 h0
    = v3 v1 v2 v0 v1 v0 h1 v0 h2 h0 h2 h0 h0 v1 v0 v2 v1 v3 h1 h2 h0 h2 h0 h0
    = v3 v1 v2 v0 v1 v0 v0 h1 h2 h0 h2 h0 h0 v1 v0 v2 v1 v3 h1 h2 h0 h2 h0 h0
    = v3 v1 v2 v0 v1 h1 h2 h0 h2 h0 h0 v1 v0 v2 v1 v3 h1 h2 h0 h2 h0 h0
    = v3 v1 v2 v0 v1 h1 h2 h0 h2 h0 v1 h2 v0 v2 v1 v3 h1 h2 h0 h2 h0 h0
    = v3 v1 v2 v0 v1 h1 h2 h0 h2 v1 h2 h2 v0 v2 v1 v3 h1 h2 h0 h2 h0 h0
    = v3 v1 v2 v0 v1 h1 h2 h0 v1 h0 h2 h2 v0 v2 v1 v3 h1 h2 h0 h2 h0 h0
    = v3 v1 v2 v0 v1 h1 h2 v1 h2 h0 h2 h2 v0 v2 v1 v3 h1 h2 h0 h2 h0 h0
    = v3 v1 v2 v0 v1 h1 v1 h0 h2 h0 h2 h2 v0 v2 v1 v3 h1 h2 h0 h2 h0 h0
    = v3 v1 v2 v0 v1 v1 h3 h0 h2 h0 h2 h2 v0 v2 v1 v3 h1 h2 h0 h2 h0 h0
    = v3 v1 v2 v0 h3 h0 h2 h0 h2 h2 v0 v2 v1 v3 h1 h2 h0 h2 h0 h0
    = v3 v1 v2 v0 h3 h0 h2 h0 h2 v2 h2 v2 v1 v3 h1 h2 h0 h2 h0 h0
    = v3 v1 v2 v0 h3 h0 h2 h0 v3 h1 h2 v2 v1 v3 h1 h2 h0 h2 h0 h0
    = v3 v1 v2 v0 h3 h0 h2 v2 h3 h1 h2 v2 v1 v3 h1 h2 h0 h2 h0 h0
    = v3 v1 v2 v0 h3 h0 v3 h1 h3 h1 h2 v2 v1 v3 h1 h2 h0 h2 h0 h0
    = v3 v1 v2 v0 h3 v2 h3 h1 h3 h1 h2 v2 v1 v3 h1 h2 h0 h2 h0 h0
    = v3 v1 v2 v0 v0 h3 h3 h1 h3 h1 h2 v2 v1 v3 h1 h2 h0 h2 h0 h0
    = v3 v1 v2 h3 h3 h1 h3 h1 h2 v2 v1 v3 h1 h2 h0 h2 h0 h0
    = v3 v1 v2 h3 h3 h1 h3 h1 v3 h1 v1 v3 h1 h2 h0 h2 h0 h0
    = v3 v1 v2 h3 h3 h1 h3 v2 h1 h1 v1 v3 h1 h2 h0 h2 h0 h0
    = v3 v1 v2 h3 h3 h1 v0 h3 h1 h1 v1 v3 h1 h2 h0 h2 h0 h0
    = v3 v1 v2 h3 h3 v0 h1 h3 h1 h1 v1 v3 h1 h2 h0 h2 h0 h0
    = v3 v1 v2 h3 v3 h3 h1 h3 h1 h1 v1 v3 h1 h2 h0 h2 h0 h0
    = v3 v1 v2 v2 h0 h3 h1 h3 h1 h1 v1 v3 h1 h2 h0 h2 h0 h0
    = v3 v1 h0 h3 h1 h3 h1 h1 v1 v3 h1 h2 h0 h2 h0 h0
    = v3 v1 h0 h3 h1 h3 h1 v1 h3 v3 h1 h2 h0 h2 h0 h0
    = v3 v1 h0 h3 h1 h3 v1 h3 h3 v3 h1 h2 h0 h2 h0 h0
    = v3 v1 h0 h3 h1 v1 h1 h3 h3 v3 h1 h2 h0 h2 h0 h0
    = v3 v1 h0 h3 v1 h3 h1 h3 h3 v3 h1 h2 h0 h2 h0 h0
    = v3 v1 h0 v1 h1 h3 h1 h3 h3 v3 h1 h2 h0 h2 h0 h0
    = v3 v1 v1 h2 h1 h3 h1 h3 h3 v3 h1 h2 h0 h2 h0 h0
    = v3 h2 h1 h3 h1 h3 h3 v3 h1 h2 h0 h2 h0 h0
    = v3 h2 h1 h3 h1 h3 v2 h0 h1 h2 h0 h2 h0 h0
    = v3 h2 h1 h3 h1 v0 h3 h0 h1 h2 h0 h2 h0 h0
    = v3 h2 h1 h3 v0 h1 h3 h0 h1 h2 h0 h2 h0 h0
    = v3 h2 h1 v3 h3 h1 h3 h0 h1 h2 h0 h2 h0 h0
    = v3 h2 v2 h1 h3 h1 h3 h0 h1 h2 h0 h2 h0 h0
    = v3 v3 h1 h1 h3 h1 h3 h0 h1 h2 h0 h2 h0 h0
    = h1 h1 h3 h1 h3 h0 h1 h2 h0 h2 h0 h0
    = h1 h1 h3 h1 h3 h2 h0 h2 h0 h0
    = h1 h1 h3 h1 h0 h2 h0 h0
    = h1 h1 h3 h2 h0 h0
    = h1 h1 h0 h0
    = h1 h0
    = 1
  (K) v|h02 inverts v312010|h:
    h0 h2 v3 v1 v2 v0 v1 v0 h3 h1 v3 v1 v2 v0 v1 v0
    = h0 v0 h2 v1 v2 v0 v1 v0 h3 h1 v3 v1 v2 v0 v1 v0
    = v0 h0 h2 v1 v2 v0 v1 v0 h3 h1 v3 v1 v2 v0 v1 v0
    = v0 h0 v1 h0 v2 v0 v1 v0 h3 h1 v3 v1 v2 v0 v1 v0
    = v0 v1 h2 h0 v2 v0 v1 v0 h3 h1 v3 v1 v2 v0 v1 v0
    = v0 v1 h2 v3 h0 v0 v1 v0 h3 h1 v3 v1 v2 v0 v1 v0
    = v0 v1 v0 h2 h0 v0 v1 v0 h3 h1 v3 v1 v2 v0 v1 v0
    = v0 v1 v0 h2 v0 h0 v1 v0 h3 h1 v3 v1 v2 v0 v1 v0
    = v0 v1 v0 v2 h2 h0 v1 v0 h3 h1 v3 v1 v2 v0 v1 v0
    = v0 v1 v0 v2 h2 v1 h2 v0 h3 h1 v3 v1 v2 v0 v1 v0
    = v0 v1 v0 v2 v1 h0 h2 v0 h3 h1 v3 v1 v2 v0 v1 v0
    = v0 v1 v0 v2 v1 h0 v2 h2 h3 h1 v3 v1 v2 v0 v1 v0
    = v0 v1 v0 v2 v1 v3 h0 h2 h3 h1 v3 v1 v2 v0 v1 v0
    = v0 v1 v0 v2 v1 v3 h0 h1 v3 v1 v2 v0 v1 v0
    = v0 v1 v0 v2 v1 v3 v3 v1 v2 v0 v1 v0
    = v0 v1 v0 v2 v1 v1 v2 v0 v1 v0
    = v0 v1 v0 v2 v2 v0 v1 v0
    = v0 v1 v0 v0 v1 v0
    = v0 v1 v1 v0
    = v0 v0
    = 1
  (R) v|h02 = r^1, v|h0202 = r^2, r = v|h02
class 348 chain of length 6 with 4 inverting steps verified: Gamma^+ is not left-orderable
  (K) v23|h inverts v|h112122:
    v2 v3 h1 h1 h2 h1 h2 h2 v3 v2 h1 h1 h2 h1 h2 h2
    = v2 v3 h1 h1 h2 h1 h2 v1 h0 v2 h1 h1 h2 h1 h2 h2
    = v2 v3 h1 h1 h2 h1 v0 h2 h0 v2 h1 h1 h2 h1 h2 h2
    = v2 v3 h1 h1 h2 v0 h1 h2 h0 v2 h1 h1 h2 h1 h2 h2
    = v2 v3 h1 h1 v2 h2 h1 h2 h0 v2 h1 h1 h2 h1 h2 h2
    = v2 v3 h1 v1 h1 h2 h1 h2 h0 v2 h1 h1 h2 h1 h2 h2
    = v2 v3 v3 h3 h1 h2 h1 h2 h0 v2 h1 h1 h2 h1 h2 h2
    = v2 h3 h1 h2 h1 h2 h0 v2 h1 h1 h2 h1 h2 h2
    = v2 h3 h1 h2 h1 h2 v3 h0 h1 h1 h2 h1 h2 h2
    = v2 h3 h1 h2 h1 v1 h0 h0 h1 h1 h2 h1 h2 h2
    = v2 h3 h1 h2 v3 h3 h0 h0 h1 h1 h2 h1 h2 h2
    = v2 h3 h1 v1 h0 h3 h0 h0 h1 h1 h2 h1 h2 h2
    = v2 h3 v3 h3 h0 h3 h0 h0 h1 h1 h2 h1 h2 h2
    = v2 v2 h3 h3 h0 h3 h0 h0 h1 h1 h2 h1 h2 h2
    = h3 h3 h0 h3 h0 h0 h1 h1 h2 h1 h2 h2
    = h3 h3 h0 h3 h0 h1 h2 h1 h2 h2
    = h3 h3 h0 h3 h2 h1 h2 h2
    = h3 h3 h0 h1 h2 h2
    = h3 h3 h2 h2
    = h3 h2
    = 1
  (K) v|h2033 inverts v23|h:
    h2 h0 h3 h3 v2 v3 h2 h2 h1 h3 v2 v3
    = h2 h0 h3 v0 h3 v3 h2 h2 h1 h3 v2 v3
    = h2 h0 v1 h3 h3 v3 h2 h2 h1 h3 v2 v3
    = h2 v2 h0 h3 h3 v3 h2 h2 h1 h3 v2 v3
    = v3 h2 h0 h3 h3 v3 h2 h2 h1 h3 v2 v3
    = v3 h2 h0 h3 v2 h3 h2 h2 h1 h3 v2 v3
    = v3 h2 h0 v0 h3 h3 h2 h2 h1 h3 v2 v3
    = v3 h2 v0 h0 h3 h3 h2 h2 h1 h3 v2 v3
    = v3 v2 h2 h0 h3 h3 h2 h2 h1 h3 v2 v3
    = v3 v2 h2 h0 h3 h2 h1 h3 v2 v3
    = v3 v2 h2 h0 h1 h3 v2 v3
    = v3 v2 h2 h3 v2 v3
    = v3 v2 v2 v3
    = v3 v3
    = 1
  (R) v|h2033 = r^1, v|h203033 = r^2, r = v|h2033
  (K) v0101|h inverts v|h203033:
    v0 v1 v0 v1 h2 h0 h3 h0 h3 h3 v1 v0 v1 v0 h2 h0 h3 h0 h3 h3
    = v0 v1 v0 v1 h2 h0 h3 h0 h3 v3 h1 v0 v1 v0 h2 h0 h3 h0 h3 h3
    = v0 v1 v0 v1 h2 h0 h3 h0 v2 h3 h1 v0 v1 v0 h2 h0 h3 h0 h3 h3
    = v0 v1 v0 v1 h2 h0 h3 v3 h0 h3 h1 v0 v1 v0 h2 h0 h3 h0 h3 h3
    = v0 v1 v0 v1 h2 h0 v2 h3 h0 h3 h1 v0 v1 v0 h2 h0 h3 h0 h3 h3
    = v0 v1 v0 v1 h2 v3 h0 h3 h0 h3 h1 v0 v1 v0 h2 h0 h3 h0 h3 h3
    = v0 v1 v0 v1 v1 h0 h0 h3 h0 h3 h1 v0 v1 v0 h2 h0 h3 h0 h3 h3
    = v0 v1 v0 h0 h0 h3 h0 h3 h1 v0 v1 v0 h2 h0 h3 h0 h3 h3
    = v0 v1 v0 h0 h0 h3 h0 h3 v0 h1 v1 v0 h2 h0 h3 h0 h3 h3
    = v0 v1 v0 h0 h0 h3 h0 v1 h3 h1 v1 v0 h2 h0 h3 h0 h3 h3
    = v0 v1 v0 h0 h0 h3 v2 h0 h3 h1 v1 v0 h2 h0 h3 h0 h3 h3
    = v0 v1 v0 h0 h0 v0 h3 h0 h3 h1 v1 v0 h2 h0 h3 h0 h3 h3
    = v0 v1 v0 h0 v0 h0 h3 h0 h3 h1 v1 v0 h2 h0 h3 h0 h3 h3
    = v0 v1 v0 v0 h0 h0 h3 h0 h3 h1 v1 v0 h2 h0 h3 h0 h3 h3
    = v0 v1 h0 h0 h3 h0 h3 h1 v1 v0 h2 h0 h3 h0 h3 h3
    = v0 v1 h0 h0 h3 h0 h3 v3 h3 v0 h2 h0 h3 h0 h3 h3
    = v0 v1 h0 h0 h3 h0 v2 h3 h3 v0 h2 h0 h3 h0 h3 h3
    = v0 v1 h0 h0 h3 v3 h0 h3 h3 v0 h2 h0 h3 h0 h3 h3
    = v0 v1 h0 h0 v2 h3 h0 h3 h3 v0 h2 h0 h3 h0 h3 h3
    = v0 v1 h0 v3 h0 h3 h0 h3 h3 v0 h2 h0 h3 h0 h3 h3
    = v0 v1 v1 h2 h0 h3 h0 h3 h3 v0 h2 h0 h3 h0 h3 h3
    = v0 h2 h0 h3 h0 h3 h3 v0 h2 h0 h3 h0 h3 h3
    = v0 h2 h0 h3 h0 h3 v1 h3 h2 h0 h3 h0 h3 h3
    = v0 h2 h0 h3 h0 v3 h1 h3 h2 h0 h3 h0 h3 h3
    = v0 h2 h0 h3 v1 h2 h1 h3 h2 h0 h3 h0 h3 h3
    = v0 h2 h0 v3 h1 h2 h1 h3 h2 h0 h3 h0 h3 h3
    = v0 h2 v1 h2 h1 h2 h1 h3 h2 h0 h3 h0 h3 h3
    = v0 v0 h2 h2 h1 h2 h1 h3 h2 h0 h3 h0 h3 h3
    = h2 h2 h1 h2 h1 h3 h2 h0 h3 h0 h3 h3
    = h2 h2 h1 h2 h1 h0 h3 h0 h3 h3
    = h2 h2 h1 h2 h3 h0 h3 h3
    = h2 h2 h1 h0 h3 h3
    = h2 h2 h3 h3
    = h2 h3
    = 1
  (K) v|h112122 inverts v0101|h:
    h1 h1 h2 h1 h2 h2 v0 v1 v0 v1 h3 h3 h0 h3 h0 h0 v0 v1 v0 v1
    = h1 h1 h2 h1 h2 v2 h2 v1 v0 v1 h3 h3 h0 h3 h0 h0 v0 v1 v0 v1
    = h1 h1 h2 h1 v3 h2 h2 v1 v0 v1 h3 h3 h0 h3 h0 h0 v0 v1 v0 v1
    = h1 h1 h2 v2 h1 h2 h2 v1 v0 v1 h3 h3 h0 h3 h0 h0 v0 v1 v0 v1
    = h1 h1 v3 h2 h1 h2 h2 v1 v0 v1 h3 h3 h0 h3 h0 h0 v0 v1 v0 v1
    = h1 v2 h1 h2 h1 h2 h2 v1 v0 v1 h3 h3 h0 h3 h0 h0 v0 v1 v0 v1
    = v1 h1 h1 h2 h1 h2 h2 v1 v0 v1 h3 h3 h0 h3 h0 h0 v0 v1 v0 v1
    = v1 h1 h1 h2 h1 h2 v0 h2 v0 v1 h3 h3 h0 h3 h0 h0 v0 v1 v0 v1
    = v1 h1 h1 h2 h1 v2 h2 h2 v0 v1 h3 h3 h0 h3 h0 h0 v0 v1 v0 v1
    = v1 h1 h1 h2 v1 h1 h2 h2 v0 v1 h3 h3 h0 h3 h0 h0 v0 v1 v0 v1
    = v1 h1 h1 v0 h2 h1 h2 h2 v0 v1 h3 h3 h0 h3 h0 h0 v0 v1 v0 v1
    = v1 h1 v0 h1 h2 h1 h2 h2 v0 v1 h3 h3 h0 h3 h0 h0 v0 v1 v0 v1
    = v1 v0 h1 h1 h2 h1 h2 h2 v0 v1 h3 h3 h0 h3 h0 h0 v0 v1 v0 v1
    = v1 v0 h1 h1 h2 h1 h2 v2 h2 v1 h3 h3 h0 h3 h0 h0 v0 v1 v0 v1
    = v1 v0 h1 h1 h2 h1 v3 h2 h2 v1 h3 h3 h0 h3 h0 h0 v0 v1 v0 v1
    = v1 v0 h1 h1 h2 v2 h1 h2 h2 v1 h3 h3 h0 h3 h0 h0 v0 v1 v0 v1
    = v1 v0 h1 h1 v3 h2 h1 h2 h2 v1 h3 h3 h0 h3 h0 h0 v0 v1 v0 v1
    = v1 v0 h1 v2 h1 h2 h1 h2 h2 v1 h3 h3 h0 h3 h0 h0 v0 v1 v0 v1
    = v1 v0 v1 h1 h1 h2 h1 h2 h2 v1 h3 h3 h0 h3 h0 h0 v0 v1 v0 v1
    = v1 v0 v1 h1 h1 h2 h1 h2 v0 h2 h3 h3 h0 h3 h0 h0 v0 v1 v0 v1
    = v1 v0 v1 h1 h1 h2 h1 v2 h2 h2 h3 h3 h0 h3 h0 h0 v0 v1 v0 v1
    = v1 v0 v1 h1 h1 h2 v1 h1 h2 h2 h3 h3 h0 h3 h0 h0 v0 v1 v0 v1
    = v1 v0 v1 h1 h1 v0 h2 h1 h2 h2 h3 h3 h0 h3 h0 h0 v0 v1 v0 v1
    = v1 v0 v1 h1 v0 h1 h2 h1 h2 h2 h3 h3 h0 h3 h0 h0 v0 v1 v0 v1
    = v1 v0 v1 v0 h1 h1 h2 h1 h2 h2 h3 h3 h0 h3 h0 h0 v0 v1 v0 v1
    = v1 v0 v1 v0 h1 h1 h2 h1 h2 h3 h0 h3 h0 h0 v0 v1 v0 v1
    = v1 v0 v1 v0 h1 h1 h2 h1 h0 h3 h0 h0 v0 v1 v0 v1
    = v1 v0 v1 v0 h1 h1 h2 h3 h0 h0 v0 v1 v0 v1
    = v1 v0 v1 v0 h1 h1 h0 h0 v0 v1 v0 v1
    = v1 v0 v1 v0 h1 h0 v0 v1 v0 v1
    = v1 v0 v1 v0 v0 v1 v0 v1
    = v1 v0 v1 v1 v0 v1
    = v1 v0 v0 v1
    = v1 v1
    = 1
class 378 chain of length 5 with 4 inverting steps verified: Gamma^+ is not left-orderable
  (R) v|h12 = r^1, v|h1212 = r^2, r = v|h12
  (K) v313210|h inverts v|h1212:
    v3 v1 v3 v2 v1 v0 h1 h2 h1 h2 v0 v1 v2 v3 v1 v3 h1 h2 h1 h2
    = v3 v1 v3 v2 v1 v0 h1 h2 h1 v2 h2 v1 v2 v3 v1 v3 h1 h2 h1 h2
    = v3 v1 v3 v2 v1 v0 h1 h2 v1 h1 h2 v1 v2 v3 v1 v3 h1 h2 h1 h2
    = v3 v1 v3 v2 v1 v0 h1 v0 h2 h1 h2 v1 v2 v3 v1 v3 h1 h2 h1 h2
    = v3 v1 v3 v2 v1 v0 v0 h1 h2 h1 h2 v1 v2 v3 v1 v3 h1 h2 h1 h2
    = v3 v1 v3 v2 v1 h1 h2 h1 h2 v1 v2 v3 v1 v3 h1 h2 h1 h2
    = v3 v1 v3 v2 v1 h1 h2 h1 v0 h2 v2 v3 v1 v3 h1 h2 h1 h2
    = v3 v1 v3 v2 v1 h1 h2 v0 h1 h2 v2 v3 v1 v3 h1 h2 h1 h2
    = v3 v1 v3 v2 v1 h1 v2 h2 h1 h2 v2 v3 v1 v3 h1 h2 h1 h2
    = v3 v1 v3 v2 v1 v1 h1 h2 h1 h2 v2 v3 v1 v3 h1 h2 h1 h2
    = v3 v1 v3 v2 h1 h2 h1 h2 v2 v3 v1 v3 h1 h2 h1 h2
    = v3 v1 v3 v2 h1 h2 h1 v3 h0 v3 v1 v3 h1 h2 h1 h2
    = v3 v1 v3 v2 h1 h2 v2 h3 h0 v3 v1 v3 h1 h2 h1 h2
    = v3 v1 v3 v2 h1 v3 h0 h3 h0 v3 v1 v3 h1 h2 h1 h2
    = v3 v1 v3 v2 v2 h3 h0 h3 h0 v3 v1 v3 h1 h2 h1 h2
    = v3 v1 v3 h3 h0 h3 h0 v3 v1 v3 h1 h2 h1 h2
    = v3 v1 v3 h3 h0 h3 v1 h2 v1 v3 h1 h2 h1 h2
    = v3 v1 v3 h3 h0 v3 h1 h2 v1 v3 h1 h2 h1 h2
    = v3 v1 v3 h3 v1 h2 h1 h2 v1 v3 h1 h2 h1 h2
    = v3 v1 v3 v3 h1 h2 h1 h2 v1 v3 h1 h2 h1 h2
    = v3 v1 h1 h2 h1 h2 v1 v3 h1 h2 h1 h2
    = v3 v1 h1 h2 h1 v0 h2 v3 h1 h2 h1 h2
    = v3 v1 h1 h2 v0 h1 h2 v3 h1 h2 h1 h2
    = v3 v1 h1 v2 h2 h1 h2 v3 h1 h2 h1 h2
    = v3 v1 v1 h1 h2 h1 h2 v3 h1 h2 h1 h2
    = v3 h1 h2 h1 h2 v3 h1 h2 h1 h2
    = v3 h1 h2 h1 v1 h0 h1 h2 h1 h2
    = v3 h1 h2 v3 h3 h0 h1 h2 h1 h2
    = v3 h1 v1 h0 h3 h0 h1 h2 h1 h2
    = v3 v3 h3 h0 h3 h0 h1 h2 h1 h2
    = h3 h0 h3 h0 h1 h2 h1 h2
    = h3 h0 h3 h2 h1 h2
    = h3 h0 h1 h2
    = h3 h2
    = 1
  (K) v|h0211 inverts v313210|h:
    h0 h2 h1 h1 v3 v1 v3 v2 v1 v0 h0 h0 h3 h1 v3 v1 v3 v2 v1 v0
    = h0 h2 h1 v2 h3 v1 v3 v2 v1 v0 h0 h0 h3 h1 v3 v1 v3 v2 v1 v0
    = h0 h2 v1 h1 h3 v1 v3 v2 v1 v0 h0 h0 h3 h1 v3 v1 v3 v2 v1 v0
    = h0 v0 h2 h1 h3 v1 v3 v2 v1 v0 h0 h0 h3 h1 v3 v1 v3 v2 v1 v0
    = v0 h0 h2 h1 h3 v1 v3 v2 v1 v0 h0 h0 h3 h1 v3 v1 v3 v2 v1 v0
    = v0 h0 h2 h1 v3 h1 v3 v2 v1 v0 h0 h0 h3 h1 v3 v1 v3 v2 v1 v0
    = v0 h0 h2 v2 h3 h1 v3 v2 v1 v0 h0 h0 h3 h1 v3 v1 v3 v2 v1 v0
    = v0 h0 v3 h0 h3 h1 v3 v2 v1 v0 h0 h0 h3 h1 v3 v1 v3 v2 v1 v0
    = v0 v1 h2 h0 h3 h1 v3 v2 v1 v0 h0 h0 h3 h1 v3 v1 v3 v2 v1 v0
    = v0 v1 h2 h0 h3 v2 h3 v2 v1 v0 h0 h0 h3 h1 v3 v1 v3 v2 v1 v0
    = v0 v1 h2 h0 v0 h3 h3 v2 v1 v0 h0 h0 h3 h1 v3 v1 v3 v2 v1 v0
    = v0 v1 h2 v0 h0 h3 h3 v2 v1 v0 h0 h0 h3 h1 v3 v1 v3 v2 v1 v0
    = v0 v1 v2 h2 h0 h3 h3 v2 v1 v0 h0 h0 h3 h1 v3 v1 v3 v2 v1 v0
    = v0 v1 v2 h2 h0 h3 v0 h3 v1 v0 h0 h0 h3 h1 v3 v1 v3 v2 v1 v0
    = v0 v1 v2 h2 h0 v1 h3 h3 v1 v0 h0 h0 h3 h1 v3 v1 v3 v2 v1 v0
    = v0 v1 v2 h2 v2 h0 h3 h3 v1 v0 h0 h0 h3 h1 v3 v1 v3 v2 v1 v0
    = v0 v1 v2 v3 h0 h0 h3 h3 v1 v0 h0 h0 h3 h1 v3 v1 v3 v2 v1 v0
    = v0 v1 v2 v3 h0 h0 h3 v3 h1 v0 h0 h0 h3 h1 v3 v1 v3 v2 v1 v0
    = v0 v1 v2 v3 h0 h0 v2 h1 h1 v0 h0 h0 h3 h1 v3 v1 v3 v2 v1 v0
    = v0 v1 v2 v3 h0 v3 h2 h1 h1 v0 h0 h0 h3 h1 v3 v1 v3 v2 v1 v0
    = v0 v1 v2 v3 v1 h2 h2 h1 h1 v0 h0 h0 h3 h1 v3 v1 v3 v2 v1 v0
    = v0 v1 v2 v3 v1 h2 h2 h1 v0 h1 h0 h0 h3 h1 v3 v1 v3 v2 v1 v0
    = v0 v1 v2 v3 v1 h2 h2 v0 h1 h1 h0 h0 h3 h1 v3 v1 v3 v2 v1 v0
    = v0 v1 v2 v3 v1 h2 v2 h2 h1 h1 h0 h0 h3 h1 v3 v1 v3 v2 v1 v0
    = v0 v1 v2 v3 v1 v3 h0 h2 h1 h1 h0 h0 h3 h1 v3 v1 v3 v2 v1 v0
    = v0 v1 v2 v3 v1 v3 h0 h2 h1 h0 h3 h1 v3 v1 v3 v2 v1 v0
    = v0 v1 v2 v3 v1 v3 h0 h2 h3 h1 v3 v1 v3 v2 v1 v0
    = v0 v1 v2 v3 v1 v3 h0 h1 v3 v1 v3 v2 v1 v0
    = v0 v1 v2 v3 v1 v3 v3 v1 v3 v2 v1 v0
    = v0 v1 v2 v3 v1 v1 v3 v2 v1 v0
    = v0 v1 v2 v3 v3 v2 v1 v0
    = v0 v1 v2 v2 v1 v0
    = v0 v1 v1 v0
    = v0 v0
    = 1
  (R) v|h0211 = r^-1, v|h003031 = r^2, r = v|h0031
  (K) v0101|h inverts v|h003031:
    v0 v1 v0 v1 h0 h0 h3 h0 h3 h1 v1 v0 v1 v0 h0 h0 h3 h0 h3 h1
    = v0 v1 v0 v1 h0 h0 h3 h0 h3 v3 h3 v0 v1 v0 h0 h0 h3 h0 h3 h1
    = v0 v1 v0 v1 h0 h0 h3 h0 v2 h1 h3 v0 v1 v0 h0 h0 h3 h0 h3 h1
    = v0 v1 v0 v1 h0 h0 h3 v3 h2 h1 h3 v0 v1 v0 h0 h0 h3 h0 h3 h1
    = v0 v1 v0 v1 h0 h0 v2 h1 h2 h1 h3 v0 v1 v0 h0 h0 h3 h0 h3 h1
    = v0 v1 v0 v1 h0 v3 h2 h1 h2 h1 h3 v0 v1 v0 h0 h0 h3 h0 h3 h1
    = v0 v1 v0 v1 v1 h2 h2 h1 h2 h1 h3 v0 v1 v0 h0 h0 h3 h0 h3 h1
    = v0 v1 v0 h2 h2 h1 h2 h1 h3 v0 v1 v0 h0 h0 h3 h0 h3 h1
    = v0 v1 v0 h2 h2 h1 h2 h1 v1 h3 v1 v0 h0 h0 h3 h0 h3 h1
    = v0 v1 v0 h2 h2 h1 h2 v3 h3 h3 v1 v0 h0 h0 h3 h0 h3 h1
    = v0 v1 v0 h2 h2 h1 v1 h0 h3 h3 v1 v0 h0 h0 h3 h0 h3 h1
    = v0 v1 v0 h2 h2 v3 h3 h0 h3 h3 v1 v0 h0 h0 h3 h0 h3 h1
    = v0 v1 v0 h2 v1 h0 h3 h0 h3 h3 v1 v0 h0 h0 h3 h0 h3 h1
    = v0 v1 v0 v0 h2 h0 h3 h0 h3 h3 v1 v0 h0 h0 h3 h0 h3 h1
    = v0 v1 h2 h0 h3 h0 h3 h3 v1 v0 h0 h0 h3 h0 h3 h1
    = v0 v1 h2 h0 h3 h0 h3 v3 h1 v0 h0 h0 h3 h0 h3 h1
    = v0 v1 h2 h0 h3 h0 v2 h1 h1 v0 h0 h0 h3 h0 h3 h1
    = v0 v1 h2 h0 h3 v3 h2 h1 h1 v0 h0 h0 h3 h0 h3 h1
    = v0 v1 h2 h0 v2 h1 h2 h1 h1 v0 h0 h0 h3 h0 h3 h1
    = v0 v1 h2 v3 h2 h1 h2 h1 h1 v0 h0 h0 h3 h0 h3 h1
    = v0 v1 v1 h0 h2 h1 h2 h1 h1 v0 h0 h0 h3 h0 h3 h1
    = v0 h0 h2 h1 h2 h1 h1 v0 h0 h0 h3 h0 h3 h1
    = v0 h0 h2 h1 h2 h1 v0 h1 h0 h0 h3 h0 h3 h1
    = v0 h0 h2 h1 h2 v0 h1 h1 h0 h0 h3 h0 h3 h1
    = v0 h0 h2 h1 v2 h2 h1 h1 h0 h0 h3 h0 h3 h1
    = v0 h0 h2 v1 h1 h2 h1 h1 h0 h0 h3 h0 h3 h1
    = v0 h0 v0 h2 h1 h2 h1 h1 h0 h0 h3 h0 h3 h1
    = v0 v0 h0 h2 h1 h2 h1 h1 h0 h0 h3 h0 h3 h1
    = h0 h2 h1 h2 h1 h1 h0 h0 h3 h0 h3 h1
    = h0 h2 h1 h2 h1 h0 h3 h0 h3 h1
    = h0 h2 h1 h2 h3 h0 h3 h1
    = h0 h2 h1 h0 h3 h1
    = h0 h2 h3 h1
    = h0 h1
    = 1
  (K) v|h12 inverts v0101|h:
    h1 h2 v0 v1 v0 v1 h3 h0 v0 v1 v0 v1
    = h1 v2 h2 v1 v0 v1 h3 h0 v0 v1 v0 v1
    = v1 h1 h2 v1 v0 v1 h3 h0 v0 v1 v0 v1
    = v1 h1 v0 h2 v0 v1 h3 h0 v0 v1 v0 v1
    = v1 v0 h1 h2 v0 v1 h3 h0 v0 v1 v0 v1
    = v1 v0 h1 v2 h2 v1 h3 h0 v0 v1 v0 v1
    = v1 v0 v1 h1 h2 v1 h3 h0 v0 v1 v0 v1
    = v1 v0 v1 h1 v0 h2 h3 h0 v0 v1 v0 v1
    = v1 v0 v1 v0 h1 h2 h3 h0 v0 v1 v0 v1
    = v1 v0 v1 v0 h1 h0 v0 v1 v0 v1
    = v1 v0 v1 v0 v0 v1 v0 v1
    = v1 v0 v1 v1 v0 v1
    = v1 v0 v0 v1
    = v1 v1
    = 1
class 385 chain of length 6 with 4 inverting steps verified: Gamma^+ is not left-orderable
  (K) v12|h inverts v|h21:
    v1 v2 h2 h1 v2 v1 h2 h1
    = v1 v2 h2 v3 h3 v1 h2 h1
    = v1 v2 v2 h0 h3 v1 h2 h1
    = v1 h0 h3 v1 h2 h1
    = v1 h0 v0 h3 h2 h1
    = v1 v1 h0 h3 h2 h1
    = h0 h3 h2 h1
    = h0 h1
    = 1
  (K) v|h12 inverts v12|h:
    h1 h2 v1 v2 h3 h0 v1 v2
    = h1 v3 h2 v2 h3 h0 v1 v2
    = v2 h1 h2 v2 h3 h0 v1 v2
    = v2 h1 v0 h2 h3 h0 v1 v2
    = v2 v1 h1 h2 h3 h0 v1 v2
    = v2 v1 h1 h0 v1 v2
    = v2 v1 v1 v2
    = v2 v2
    = 1
  (K) v03|h inverts v|h12:
    v0 v3 h1 h2 v3 v0 h1 h2
    = v0 v3 h1 v2 h0 v0 h1 h2
    = v0 v3 v3 h3 h0 v0 h1 h2
    = v0 h3 h0 v0 h1 h2
    = v0 h3 v1 h0 h1 h2
    = v0 v0 h3 h0 h1 h2
    = h3 h0 h1 h2
    = h3 h2
    = 1
  (K) v|h21 inverts v03|h:
    h2 h1 v0 v3 h0 h3 v0 v3
    = h2 v1 h1 v3 h0 h3 v0 v3
    = v3 h2 h1 v3 h0 h3 v0 v3
    = v3 h2 v2 h1 h0 h3 v0 v3
    = v3 v0 h2 h1 h0 h3 v0 v3
    = v3 v0 h2 h3 v0 v3
    = v3 v0 v0 v3
    = v3 v3
    = 1
class 508 chain of length 4 with 4 inverting steps verified: Gamma^+ is not left-orderable
