purged 0 stale artifact sets (source-newer=0, import-newer=0) of 2334 oleans
[job] acn112 cores=72-79 threads=8 base=2e8f27ae866c02b18e8f0b108bb671eeefcfd15a mods: GroupApproximation.CharClass.OddPTopPowerAW GroupApproximation.CharClass.OddPTopPowerAWChain GroupApproximation.CharClass.OddPTopPowerAWEval GroupApproximation.CharClass.OddPTopPowerHomotopy
✖ [2248/2251] Building GroupApproximation.CharClass.OddPTopPowerAW (7.8s)
trace: .> LEAN_PATH=/projects/standard/hsiehph/sauer354/cc_clones/cs-endpoint/.lake/packages/Cli/.lake/build/lib/lean:/projects/standard/hsiehph/sauer354/cc_clones/cs-endpoint/.lake/packages/batteries/.lake/build/lib/lean:/projects/standard/hsiehph/sauer354/cc_clones/cs-endpoint/.lake/packages/Qq/.lake/build/lib/lean:/projects/standard/hsiehph/sauer354/cc_clones/cs-endpoint/.lake/packages/aesop/.lake/build/lib/lean:/projects/standard/hsiehph/sauer354/cc_clones/cs-endpoint/.lake/packages/proofwidgets/.lake/build/lib/lean:/projects/standard/hsiehph/sauer354/cc_clones/cs-endpoint/.lake/packages/importGraph/.lake/build/lib/lean:/projects/standard/hsiehph/sauer354/cc_clones/cs-endpoint/.lake/packages/LeanSearchClient/.lake/build/lib/lean:/projects/standard/hsiehph/sauer354/cc_clones/cs-endpoint/.lake/packages/plausible/.lake/build/lib/lean:/projects/standard/hsiehph/sauer354/cc_clones/cs-endpoint/.lake/packages/mathlib/.lake/build/lib/lean:/projects/standard/hsiehph/sauer354/cc_clones/lix-n/.lake/build/lib/lean /projects/standard/hsiehph/sauer354/.elan/toolchains/leanprover--lean4---v4.32.0/bin/lean -DwarningAsError=true /projects/standard/hsiehph/sauer354/cc_clones/lix-n/GroupApproximation/CharClass/OddPTopPowerAW.lean -o /projects/standard/hsiehph/sauer354/cc_clones/lix-n/.lake/build/lib/lean/GroupApproximation/CharClass/OddPTopPowerAW.olean -i /projects/standard/hsiehph/sauer354/cc_clones/lix-n/.lake/build/lib/lean/GroupApproximation/CharClass/OddPTopPowerAW.ilean -c /projects/standard/hsiehph/sauer354/cc_clones/lix-n/.lake/build/ir/GroupApproximation/CharClass/OddPTopPowerAW.c --setup /projects/standard/hsiehph/sauer354/cc_clones/lix-n/.lake/build/ir/GroupApproximation/CharClass/OddPTopPowerAW.setup.json --json
error: GroupApproximation/CharClass/OddPTopPowerAW.lean:122:51: `Fin.lt_iff_val_lt_val` has been deprecated: Use `Fin.lt_def` instead
error: GroupApproximation/CharClass/OddPTopPowerAW.lean:122:74: `Fin.coe_castSucc` has been deprecated: Use `Fin.val_castSucc` instead
error: GroupApproximation/CharClass/OddPTopPowerAW.lean:123:36: `Fin.coe_castSucc` has been deprecated: Use `Fin.val_castSucc` instead
error: GroupApproximation/CharClass/OddPTopPowerAW.lean:125:74: `Fin.coe_castSucc` has been deprecated: Use `Fin.val_castSucc` instead
error: GroupApproximation/CharClass/OddPTopPowerAW.lean:127:6: omega could not prove the goal:
a possible counterexample may satisfy the constraints
  d ≥ 1
  c ≥ 0
  c - d ≤ 0
  b ≥ 0
  b - c ≥ 0
  b - d ≥ 0
  a ≥ 0
  a - b ≥ 0
where
 a := ↑⦋n⦌.len
 b := ↑↑j
 c := ↑↑i
 d := if ↑(↑j + 1) ≤ ↑(n + 1) then ↑(↑j + 1) else ↑(n + 1)
error: GroupApproximation/CharClass/OddPTopPowerAW.lean:157:6: Tactic `rewrite` failed: Did not find an occurrence of the pattern
  vtx (vtx σ (a + 1) v hv).snd a (succAb l) ⋯
in the target expression
  (-1) ^ l • Finsupp.single (vtx (vtx σ (a + 1) v hv).snd a (succAb l) ⋯) 1 =
    (-1) ^ l • Finsupp.single (vtx σ a (v ∘ succAb l) ⋯) 1

X : TopCat
K : Type
inst✝ : CommRing K
k : ℕ
σ : singularSimplices X k
a : ℕ
v : ℕ → ℕ
hv : Monotone v
h :
  tagBd K X ⟨a + 1, (vtx σ (a + 1) v hv).snd⟩ =
    ∑ l ∈ Finset.range (a + 1 + 1), (-1) ^ l • Finsupp.single (vtx (vtx σ (a + 1) v hv).snd a (succAb l) ⋯) 1
l : ℕ
x✝ : l ∈ Finset.range (a + 1 + 1)
⊢ (-1) ^ l • Finsupp.single (vtx (vtx σ (a + 1) v hv).snd a (succAb l) ⋯) 1 =
    (-1) ^ l • Finsupp.single (vtx σ a (v ∘ succAb l) ⋯) 1

Note: The target expression is not type-correct under the `instances` transparency level, which may have triggered the failure. This is usually caused by unfolding of semireducible definitions in prior tactic steps. Use `set_option linter.tacticCheckInstances true` to investigate the source of the issue.
Full error:
  Application type mismatch: The argument
    (vtx σ (a + 1) v hv).snd
  has type
    singularSimplices X (vtx σ (a + 1) v hv).fst
  but is expected to have type
    singularSimplices X (a + 1)
  in the application
    vtx (vtx σ (a + 1) v hv).snd
error: GroupApproximation/CharClass/OddPTopPowerAW.lean:216:48: `Fin.coe_castSucc` has been deprecated: Use `Fin.val_castSucc` instead
info: GroupApproximation/CharClass/OddPTopPowerAW.lean:380:14: 'GroupApproximation.CharClass.TopPow.vtx_vtx' depends on axioms: [propext, Classical.choice, Quot.sound]
error: GroupApproximation/CharClass/OddPTopPowerAW.lean:381:14: 'GroupApproximation.CharClass.TopPow.tagBd_vtx' depends on axioms outside the classical allowlist: [sorryAx]
  full closure: [propext, sorryAx, Classical.choice, Quot.sound]
  permitted: [propext, Classical.choice, Quot.sound]
info: GroupApproximation/CharClass/OddPTopPowerAW.lean:382:14: 'GroupApproximation.CharClass.TopPow.tupDAll_catLin_of_mem' depends on axioms: [propext, Classical.choice, Quot.sound]
info: GroupApproximation/CharClass/OddPTopPowerAW.lean:383:14: 'GroupApproximation.CharClass.TopPow.awAll_mem' depends on axioms: [propext, Classical.choice, Quot.sound]
error: Lean exited with code 1
Some required targets logged failures:
- GroupApproximation.CharClass.OddPTopPowerAW
error: build failed
EXIT=1
