purged 2 stale artifact sets (source-newer=2, import-newer=0) of 3547 oleans
[job] acn112 cores=64-71 threads=8 base=1dacd6442616f919456db2467332233f0d0e2e87 mods: GroupApproximation.GGT.VanKampen.ClosedWalkFirstTurnEnclosure GroupApproximation.GGT.VanKampen.Estimating.OsinLemma94SameCellSpurEnclosureProof GroupApproximation.GGT.VanKampen.Estimating.OsinLemma94SameCellEnclosedSucc
ℹ [3344/3473] Replayed GroupApproximation.Sofic.KazhdanCornerCompression
info: GroupApproximation/Sofic/KazhdanCornerCompression.lean:342:4: Try this:
  [apply] abel_nf
ℹ [10228/10230] Built GroupApproximation.GGT.VanKampen.ClosedWalkFirstTurnEnclosure (28s)
info: GroupApproximation/GGT/VanKampen/ClosedWalkFirstTurnEnclosure.lean:233:14: 'GroupApproximation.GGT.VanKampen.FirstTurnEnclosure.mem_enclosedFaces_iff' depends on axioms: [propext,
 Classical.choice,
 Quot.sound]
info: GroupApproximation/GGT/VanKampen/ClosedWalkFirstTurnEnclosure.lean:234:14: 'GroupApproximation.GGT.VanKampen.FirstTurnEnclosure.walkMap_facePerm_mem' depends on axioms: [propext,
 Classical.choice,
 Quot.sound]
info: GroupApproximation/GGT/VanKampen/ClosedWalkFirstTurnEnclosure.lean:235:14: 'GroupApproximation.GGT.VanKampen.FirstTurnEnclosure.walkMap_connected' depends on axioms: [propext,
 Classical.choice,
 Quot.sound]
info: GroupApproximation/GGT/VanKampen/ClosedWalkFirstTurnEnclosure.lean:236:14: 'GroupApproximation.GGT.VanKampen.FirstTurnEnclosure.alpha_mem_of_faceClass' depends on axioms: [propext,
 Classical.choice,
 Quot.sound]
info: GroupApproximation/GGT/VanKampen/ClosedWalkFirstTurnEnclosure.lean:237:14: 'GroupApproximation.GGT.VanKampen.FirstTurnEnclosure.mem_iff_enclosedFaces' depends on axioms: [propext,
 Classical.choice,
 Quot.sound]
info: GroupApproximation/GGT/VanKampen/ClosedWalkFirstTurnEnclosure.lean:238:14: 'GroupApproximation.GGT.VanKampen.FirstTurnEnclosure.turnMem_of_firstTurn' depends on axioms: [propext,
 Classical.choice,
 Quot.sound]
info: GroupApproximation/GGT/VanKampen/ClosedWalkFirstTurnEnclosure.lean:239:14: 'GroupApproximation.GGT.VanKampen.FirstTurnEnclosure.eq_of_firstTurn' depends on axioms: [propext, Quot.sound]
info: GroupApproximation/GGT/VanKampen/ClosedWalkFirstTurnEnclosure.lean:240:14: 'GroupApproximation.GGT.VanKampen.FirstTurnEnclosure.firstTurn_getElem_succ' depends on axioms: [propext,
 Classical.choice,
 Quot.sound]
ℹ [10229/10230] Built GroupApproximation.GGT.VanKampen.Estimating.OsinLemma94SameCellSpurEnclosureProof (22s)
info: GroupApproximation/GGT/VanKampen/Estimating/OsinLemma94SameCellSpurEnclosureProof.lean:373:14: 'GroupApproximation.GGT.VanKampen.SameCellSpurEnclosureProof.rotate_Y' depends on axioms: [propext,
 Classical.choice,
 Quot.sound]
info: GroupApproximation/GGT/VanKampen/Estimating/OsinLemma94SameCellSpurEnclosureProof.lean:374:14: 'GroupApproximation.GGT.VanKampen.SameCellSpurEnclosureProof.firstTurnWalk_X' depends on axioms: [propext,
 Classical.choice,
 Quot.sound]
info: GroupApproximation/GGT/VanKampen/Estimating/OsinLemma94SameCellSpurEnclosureProof.lean:375:14: 'GroupApproximation.GGT.VanKampen.SameCellSpurEnclosureProof.nodup_X' depends on axioms: [propext,
 Classical.choice,
 Quot.sound]
info: GroupApproximation/GGT/VanKampen/Estimating/OsinLemma94SameCellSpurEnclosureProof.lean:376:14: 'GroupApproximation.GGT.VanKampen.SameCellSpurEnclosureProof.face_not_mem_enclosedFaces_X' depends on axioms: [propext,
 Classical.choice,
 Quot.sound]
info: GroupApproximation/GGT/VanKampen/Estimating/OsinLemma94SameCellSpurEnclosureProof.lean:377:14: 'GroupApproximation.GGT.VanKampen.SameCellSpurEnclosureProof.enclosedFaceSetSucc_X' depends on axioms: [propext,
 Classical.choice,
 Quot.sound]
info: GroupApproximation/GGT/VanKampen/Estimating/OsinLemma94SameCellSpurEnclosureProof.lean:378:14: 'GroupApproximation.GGT.VanKampen.SameCellSpurEnclosureProof.not_mem_Y_of_mem_X' depends on axioms: [propext,
 Classical.choice,
 Quot.sound]
info: GroupApproximation/GGT/VanKampen/Estimating/OsinLemma94SameCellSpurEnclosureProof.lean:379:14: 'GroupApproximation.GGT.VanKampen.SameCellSpurEnclosureProof.exists_reach_Y' depends on axioms: [propext,
 Classical.choice,
 Quot.sound]
info: GroupApproximation/GGT/VanKampen/Estimating/OsinLemma94SameCellSpurEnclosureProof.lean:380:14: 'GroupApproximation.GGT.VanKampen.SameCellSpurEnclosureProof.disjoint_X_Y' depends on axioms: [propext,
 Classical.choice,
 Quot.sound]
info: GroupApproximation/GGT/VanKampen/Estimating/OsinLemma94SameCellSpurEnclosureProof.lean:381:21: 'GroupApproximation.GGT.VanKampen.osinLemma94CaseOneSpurEnclosure' depends on axioms: [propext,
 Classical.choice,
 Quot.sound]
info: GroupApproximation/GGT/VanKampen/Estimating/OsinLemma94SameCellSpurEnclosureProof.lean:382:14: 'GroupApproximation.GGT.VanKampen.osinLemma94CaseOneRCellSpur_of_enclosedSucc' depends on axioms: [propext,
 Classical.choice,
 Quot.sound]
ℹ [10230/10230] Built GroupApproximation.GGT.VanKampen.Estimating.OsinLemma94SameCellEnclosedSucc (20s)
info: GroupApproximation/GGT/VanKampen/Estimating/OsinLemma94SameCellEnclosedSucc.lean:45:14: 'GroupApproximation.GGT.VanKampen.osinLemma94CaseOneSameCell_of_enclosedSucc' depends on axioms: [propext,
 Classical.choice,
 Quot.sound]
Build completed successfully (10230 jobs).
EXIT=0
