ANU p-Quotient Program Version 1.9 running with workspace 400000000 on vm
Fri Sep 18 20:10:57 UTC 2026

Select option: 1 

Lower exponent-2 central series for G

Group: G to lower exponent-2 central class 1 has order 2^2

Group: G to lower exponent-2 central class 2 has order 2^5

Group: G to lower exponent-2 central class 3 has order 2^9

Group: G to lower exponent-2 central class 4 has order 2^14

Group: G to lower exponent-2 central class 5 has order 2^22

Group: G to lower exponent-2 central class 6 has order 2^32

Group: G to lower exponent-2 central class 7 has order 2^51

Group: G to lower exponent-2 central class 8 has order 2^77

Group: G to lower exponent-2 central class 9 has order 2^124

Group: G to lower exponent-2 central class 10 has order 2^197

Group: G to lower exponent-2 central class 11 has order 2^328

Group: G to lower exponent-2 central class 12 has order 2^540

Group: G to lower exponent-2 central class 13 has order 2^918

Group: G to lower exponent-2 central class 14 has order 2^1548
Computation of presentation took 26.25 seconds

Select option: 4 

Group: G to lower exponent-2 central class 14 has order 2^1548

Select option: 8 

Select option: 23 
Input the word for collection:
(use generators x1,x2,... and terminate with a semicolon)
The input word is 8 1 
The result of collection is  .13

Select option: 23 
Input the word for collection:
(use generators x1,x2,... and terminate with a semicolon)
The input word is 16 1 
The result of collection is  .21

Select option: 23 
Input the word for collection:
(use generators x1,x2,... and terminate with a semicolon)
The input word is 32 1 
The result of collection is  .32

Select option: 23 
Input the word for collection:
(use generators x1,x2,... and terminate with a semicolon)
The input word is 64 1 
The result of collection is  .51

Select option: 23 
Input the word for collection:
(use generators x1,x2,... and terminate with a semicolon)
The input word is 128 1 
The result of collection is  .77

Select option: 23 
Input the word for collection:
(use generators x1,x2,... and terminate with a semicolon)
The input word is 256 1 
The result of collection is  .551 .553 .556 .559 .562 .563 .564 .565 .566 .567 .568 .577 .580 .581 .583 .584 .585 .590 .591 .592 .601 .603 .604 .606 .607 .609 .610 .611 .620 .630 .633 .653 .659 .660 .663 .664 .666 .669 .673 .676 .679 .681 .696 .697 .701 .706 .707 .709 .710 .711 .715 .717 .719 .720 .721 .723 .725 .734 .738 .742 .744 .746 .748 .749 .751 .752 .758 .762 .766 .776 .779 .781 .785 .786 .789 .790 .794 .806 .821 .823 .834 .835 .839 .846 .906 .908 .928 .931 .938 .943 .947 .948 .950 .952 .953 .955 .956 .957 .960 .961 .962 .964 .966 .967 .968 .969 .971 .972 .974 .975 .979 .980 .981 .982 .984 .985 .987 .988 .989 .990 .991 .996 .998 .1000 .1002 .1008 .1011 .1014 .1015 .1018 .1021 .1024 .1025 .1027 .1032 .1033 .1036 .1037 .1038 .1040 .1041 .1043 .1044 .1048 .1052 .1054 .1055 .1060 .1062 .1064 .1065 .1068 .1071 .1076 .1077 .1078 .1079 .1080 .1081 .1082 .1083 .1086 .1093 .1096 .1097 .1102 .1103 .1104 .1106 .1111 .1123 .1124 .1128 .1130 .1134 .1140 .1147 .1149 .1151 .1159 .1161 .1164 .1168 .1172 .1175 .1179 .1185 .1187 .1191 .1199 .1203 .1204 .1205 .1206 .1207 .1211 .1212 .1213 .1214 .1216 .1217 .1219 .1223 .1224 .1226 .1228 .1229 .1230 .1232 .1235 .1237 .1240 .1242 .1244 .1245 .1246 .1247 .1248 .1249 .1250 .1253 .1260 .1268 .1273 .1278 .1282 .1284 .1286 .1289 .1290 .1303 .1308 .1311 .1312 .1313 .1314 .1315 .1317 .1318 .1322 .1326 .1332 .1333 .1336 .1338 .1341 .1342 .1343 .1345 .1346 .1348 .1350 .1353 .1354 .1355 .1356 .1357 .1359 .1361 .1363 .1365 .1370 .1371 .1375 .1385 .1388 .1390 .1395 .1396 .1408 .1410 .1412 .1414 .1418 .1435 .1438 .1439 .1442 .1445 .1446 .1447 .1448 .1450 .1452 .1455 .1465 .1467 .1485 .1493 .1536

Select option: 23 
Input the word for collection:
(use generators x1,x2,... and terminate with a semicolon)
The input word is 512 1 
The result of collection is  IDENTITY

Select option: 31 
Exiting from interactive p-Quotient menu

Select option: 6 

Group: G to lower exponent-2 central class 15 has order 2^2658
Computation of next class took 84.63 seconds

Select option: 4 

Group: G to lower exponent-2 central class 15 has order 2^2658

Select option: 8 

Select option: 23 
Input the word for collection:
(use generators x1,x2,... and terminate with a semicolon)
The input word is 8 1 
The result of collection is  .13

Select option: 23 
Input the word for collection:
(use generators x1,x2,... and terminate with a semicolon)
The input word is 16 1 
The result of collection is  .21

Select option: 23 
Input the word for collection:
(use generators x1,x2,... and terminate with a semicolon)
The input word is 32 1 
The result of collection is  .32

Select option: 23 
Input the word for collection:
(use generators x1,x2,... and terminate with a semicolon)
The input word is 64 1 
The result of collection is  .51

Select option: 23 
Input the word for collection:
(use generators x1,x2,... and terminate with a semicolon)
The input word is 128 1 
The result of collection is  .77

Select option: 23 
Input the word for collection:
(use generators x1,x2,... and terminate with a semicolon)
The input word is 256 1 
The result of collection is  .551 .553 .556 .559 .562 .563 .564 .565 .566 .567 .568 .577 .580 .581 .583 .584 .585 .590 .591 .592 .601 .603 .604 .606 .607 .609 .610 .611 .620 .630 .633 .653 .659 .660 .663 .664 .666 .669 .673 .676 .679 .681 .696 .697 .701 .706 .707 .709 .710 .711 .715 .717 .719 .720 .721 .723 .725 .734 .738 .742 .744 .746 .748 .749 .751 .752 .758 .762 .766 .776 .779 .781 .785 .786 .789 .790 .794 .806 .821 .823 .834 .835 .839 .846 .906 .908 .928 .931 .938 .943 .947 .948 .950 .952 .953 .955 .956 .957 .960 .961 .962 .964 .966 .967 .968 .969 .971 .972 .974 .975 .979 .980 .981 .982 .984 .985 .987 .988 .989 .990 .991 .996 .998 .1000 .1002 .1008 .1011 .1014 .1015 .1018 .1021 .1024 .1025 .1027 .1032 .1033 .1036 .1037 .1038 .1040 .1041 .1043 .1044 .1048 .1052 .1054 .1055 .1060 .1062 .1064 .1065 .1068 .1071 .1076 .1077 .1078 .1079 .1080 .1081 .1082 .1083 .1086 .1093 .1096 .1097 .1102 .1103 .1104 .1106 .1111 .1123 .1124 .1128 .1130 .1134 .1140 .1147 .1149 .1151 .1159 .1161 .1164 .1168 .1172 .1175 .1179 .1185 .1187 .1191 .1199 .1203 .1204 .1205 .1206 .1207 .1211 .1212 .1213 .1214 .1216 .1217 .1219 .1223 .1224 .1226 .1228 .1229 .1230 .1232 .1235 .1237 .1240 .1242 .1244 .1245 .1246 .1247 .1248 .1249 .1250 .1253 .1260 .1268 .1273 .1278 .1282 .1284 .1286 .1289 .1290 .1303 .1308 .1311 .1312 .1313 .1314 .1315 .1317 .1318 .1322 .1326 .1332 .1333 .1336 .1338 .1341 .1342 .1343 .1345 .1346 .1348 .1350 .1353 .1354 .1355 .1356 .1357 .1359 .1361 .1363 .1365 .1370 .1371 .1375 .1385 .1388 .1390 .1395 .1396 .1408 .1410 .1412 .1414 .1418 .1435 .1438 .1439 .1442 .1445 .1446 .1447 .1448 .1450 .1452 .1455 .1465 .1467 .1485 .1493 .1536 .1551 .1552 .1554 .1555 .1556 .1557 .1558 .1559 .1560 .1561 .1566 .1567 .1568 .1569 .1573 .1574 .1575 .1577 .1580 .1582 .1583 .1584 .1588 .1590 .1591 .1593 .1596 .1597 .1598 .1599 .1600 .1603 .1604 .1605 .1611 .1612 .1613 .1615 .1616 .1618 .1619 .1620 .1623 .1624 .1625 .1626 .1627 .1629 .1630 .1635 .1636 .1637 .1638 .1639 .1640 .1641 .1642 .1643 .1644 .1645 .1646 .1647 .1648 .1651 .1653 .1654 .1655 .1656 .1657 .1658 .1660 .1663 .1666 .1668 .1671 .1672 .1673 .1674 .1676 .1677 .1678 .1680 .1685 .1687 .1688 .1692 .1693 .1694 .1696 .1699 .1701 .1703 .1705 .1706 .1707 .1709 .1710 .1711 .1713 .1715 .1718 .1719 .1720 .1721 .1723 .1724 .1728 .1729 .1731 .1734 .1735 .1737 .1739 .1741 .1745 .1746 .1748 .1753 .1755 .1756 .1757 .1759 .1760 .1762 .1763 .1766 .1773 .1774 .1775 .1776 .1778 .1780 .1781 .1782 .1784 .1789 .1790 .1791 .1796 .1797 .1798 .1801 .1803 .1805 .1806 .1808 .1809 .1810 .1811 .1813 .1814 .1818 .1819 .1823 .1824 .1827 .1828 .1829 .1831 .1833 .1834 .1835 .1837 .1840 .1844 .1845 .1846 .1847 .1849 .1850 .1851 .1852 .1853 .1856 .1858 .1859 .1860 .1862 .1863 .1865 .1866 .1867 .1870 .1871 .1874 .1876 .1879 .1881 .1886 .1887 .1888 .1890 .1891 .1892 .1893 .1896 .1898 .1902 .1907 .1909 .1910 .1912 .1915 .1917 .1918 .1919 .1921 .1922 .1923 .1925 .1926 .1927 .1929 .1930 .1934 .1936 .1937 .1938 .1939 .1940 .1941 .1942 .1944 .1945 .1949 .1952 .1953 .1954 .1963 .1966 .1967 .1968 .1970 .1973 .1975 .1976 .1977 .1978 .1981 .1982 .1985 .1986 .1987 .1991 .1992 .1993 .1999 .2000 .2003 .2005 .2007 .2009 .2011 .2013 .2015 .2017 .2018 .2020 .2021 .2023 .2024 .2025 .2027 .2028 .2031 .2035 .2037 .2038 .2039 .2041 .2043 .2047 .2051 .2052 .2059 .2061 .2062 .2064 .2065 .2066 .2069 .2071 .2072 .2073 .2074 .2075 .2076 .2077 .2081 .2082 .2085 .2088 .2089 .2090 .2094 .2095 .2099 .2100 .2102 .2107 .2111 .2112 .2113 .2114 .2115 .2118 .2119 .2122 .2130 .2133 .2134 .2136 .2137 .2140 .2145 .2146 .2147 .2150 .2154 .2155 .2158 .2160 .2161 .2162 .2163 .2166 .2175 .2176 .2177 .2181 .2182 .2186 .2189 .2196 .2197 .2200 .2202 .2203 .2204 .2211 .2215 .2216 .2218 .2221 .2223 .2226 .2227 .2228 .2237 .2241 .2242 .2243 .2246 .2248 .2249 .2250 .2251 .2253 .2254 .2255 .2257 .2259 .2260 .2261 .2262 .2268 .2269 .2270 .2271 .2272 .2275 .2277 .2278 .2280 .2283 .2285 .2286 .2287 .2288 .2296 .2298 .2299 .2302 .2304 .2305 .2312 .2314 .2318 .2319 .2321 .2323 .2324 .2334 .2337 .2338 .2339 .2341 .2342 .2343 .2344 .2346 .2349 .2350 .2352 .2354 .2356 .2357 .2358 .2363 .2365 .2368 .2370 .2373 .2378 .2387 .2393 .2405 .2406 .2409 .2410 .2412 .2414 .2415 .2419 .2424 .2428 .2432 .2437 .2440 .2441 .2442 .2449 .2450 .2451 .2455 .2459 .2464 .2466 .2472 .2475 .2476 .2480 .2481 .2484 .2485 .2489 .2491 .2495 .2497 .2498 .2504 .2505 .2508 .2512 .2526 .2528 .2532 .2547 .2555 .2560 .2562 .2566 .2569 .2570 .2574 .2575 .2576 .2579 .2581 .2607 .2611 .2641 .2642 .2643 .2644 .2645

Select option: 23 
Input the word for collection:
(use generators x1,x2,... and terminate with a semicolon)
The input word is 512 1 
The result of collection is  IDENTITY

Select option: 31 
Exiting from interactive p-Quotient menu

Select option: 6 

Group: G to lower exponent-2 central class 16 has order 2^4560
Computation of next class took 410.60 seconds

Select option: 4 

Group: G to lower exponent-2 central class 16 has order 2^4560

Select option: 8 

Select option: 23 
Input the word for collection:
(use generators x1,x2,... and terminate with a semicolon)
The input word is 8 1 
The result of collection is  .13

Select option: 23 
Input the word for collection:
(use generators x1,x2,... and terminate with a semicolon)
The input word is 16 1 
The result of collection is  .21

Select option: 23 
Input the word for collection:
(use generators x1,x2,... and terminate with a semicolon)
The input word is 32 1 
The result of collection is  .32

Select option: 23 
Input the word for collection:
(use generators x1,x2,... and terminate with a semicolon)
The input word is 64 1 
The result of collection is  .51

Select option: 23 
Input the word for collection:
(use generators x1,x2,... and terminate with a semicolon)
The input word is 128 1 
The result of collection is  .77

Select option: 23 
Input the word for collection:
(use generators x1,x2,... and terminate with a semicolon)
The input word is 256 1 
The result of collection is  .551 .553 .556 .559 .562 .563 .564 .565 .566 .567 .568 .577 .580 .581 .583 .584 .585 .590 .591 .592 .601 .603 .604 .606 .607 .609 .610 .611 .620 .630 .633 .653 .659 .660 .663 .664 .666 .669 .673 .676 .679 .681 .696 .697 .701 .706 .707 .709 .710 .711 .715 .717 .719 .720 .721 .723 .725 .734 .738 .742 .744 .746 .748 .749 .751 .752 .758 .762 .766 .776 .779 .781 .785 .786 .789 .790 .794 .806 .821 .823 .834 .835 .839 .846 .906 .908 .928 .931 .938 .943 .947 .948 .950 .952 .953 .955 .956 .957 .960 .961 .962 .964 .966 .967 .968 .969 .971 .972 .974 .975 .979 .980 .981 .982 .984 .985 .987 .988 .989 .990 .991 .996 .998 .1000 .1002 .1008 .1011 .1014 .1015 .1018 .1021 .1024 .1025 .1027 .1032 .1033 .1036 .1037 .1038 .1040 .1041 .1043 .1044 .1048 .1052 .1054 .1055 .1060 .1062 .1064 .1065 .1068 .1071 .1076 .1077 .1078 .1079 .1080 .1081 .1082 .1083 .1086 .1093 .1096 .1097 .1102 .1103 .1104 .1106 .1111 .1123 .1124 .1128 .1130 .1134 .1140 .1147 .1149 .1151 .1159 .1161 .1164 .1168 .1172 .1175 .1179 .1185 .1187 .1191 .1199 .1203 .1204 .1205 .1206 .1207 .1211 .1212 .1213 .1214 .1216 .1217 .1219 .1223 .1224 .1226 .1228 .1229 .1230 .1232 .1235 .1237 .1240 .1242 .1244 .1245 .1246 .1247 .1248 .1249 .1250 .1253 .1260 .1268 .1273 .1278 .1282 .1284 .1286 .1289 .1290 .1303 .1308 .1311 .1312 .1313 .1314 .1315 .1317 .1318 .1322 .1326 .1332 .1333 .1336 .1338 .1341 .1342 .1343 .1345 .1346 .1348 .1350 .1353 .1354 .1355 .1356 .1357 .1359 .1361 .1363 .1365 .1370 .1371 .1375 .1385 .1388 .1390 .1395 .1396 .1408 .1410 .1412 .1414 .1418 .1435 .1438 .1439 .1442 .1445 .1446 .1447 .1448 .1450 .1452 .1455 .1465 .1467 .1485 .1493 .1536 .1551 .1552 .1554 .1555 .1556 .1557 .1558 .1559 .1560 .1561 .1566 .1567 .1568 .1569 .1573 .1574 .1575 .1577 .1580 .1582 .1583 .1584 .1588 .1590 .1591 .1593 .1596 .1597 .1598 .1599 .1600 .1603 .1604 .1605 .1611 .1612 .1613 .1615 .1616 .1618 .1619 .1620 .1623 .1624 .1625 .1626 .1627 .1629 .1630 .1635 .1636 .1637 .1638 .1639 .1640 .1641 .1642 .1643 .1644 .1645 .1646 .1647 .1648 .1651 .1653 .1654 .1655 .1656 .1657 .1658 .1660 .1663 .1666 .1668 .1671 .1672 .1673 .1674 .1676 .1677 .1678 .1680 .1685 .1687 .1688 .1692 .1693 .1694 .1696 .1699 .1701 .1703 .1705 .1706 .1707 .1709 .1710 .1711 .1713 .1715 .1718 .1719 .1720 .1721 .1723 .1724 .1728 .1729 .1731 .1734 .1735 .1737 .1739 .1741 .1745 .1746 .1748 .1753 .1755 .1756 .1757 .1759 .1760 .1762 .1763 .1766 .1773 .1774 .1775 .1776 .1778 .1780 .1781 .1782 .1784 .1789 .1790 .1791 .1796 .1797 .1798 .1801 .1803 .1805 .1806 .1808 .1809 .1810 .1811 .1813 .1814 .1818 .1819 .1823 .1824 .1827 .1828 .1829 .1831 .1833 .1834 .1835 .1837 .1840 .1844 .1845 .1846 .1847 .1849 .1850 .1851 .1852 .1853 .1856 .1858 .1859 .1860 .1862 .1863 .1865 .1866 .1867 .1870 .1871 .1874 .1876 .1879 .1881 .1886 .1887 .1888 .1890 .1891 .1892 .1893 .1896 .1898 .1902 .1907 .1909 .1910 .1912 .1915 .1917 .1918 .1919 .1921 .1922 .1923 .1925 .1926 .1927 .1929 .1930 .1934 .1936 .1937 .1938 .1939 .1940 .1941 .1942 .1944 .1945 .1949 .1952 .1953 .1954 .1963 .1966 .1967 .1968 .1970 .1973 .1975 .1976 .1977 .1978 .1981 .1982 .1985 .1986 .1987 .1991 .1992 .1993 .1999 .2000 .2003 .2005 .2007 .2009 .2011 .2013 .2015 .2017 .2018 .2020 .2021 .2023 .2024 .2025 .2027 .2028 .2031 .2035 .2037 .2038 .2039 .2041 .2043 .2047 .2051 .2052 .2059 .2061 .2062 .2064 .2065 .2066 .2069 .2071 .2072 .2073 .2074 .2075 .2076 .2077 .2081 .2082 .2085 .2088 .2089 .2090 .2094 .2095 .2099 .2100 .2102 .2107 .2111 .2112 .2113 .2114 .2115 .2118 .2119 .2122 .2130 .2133 .2134 .2136 .2137 .2140 .2145 .2146 .2147 .2150 .2154 .2155 .2158 .2160 .2161 .2162 .2163 .2166 .2175 .2176 .2177 .2181 .2182 .2186 .2189 .2196 .2197 .2200 .2202 .2203 .2204 .2211 .2215 .2216 .2218 .2221 .2223 .2226 .2227 .2228 .2237 .2241 .2242 .2243 .2246 .2248 .2249 .2250 .2251 .2253 .2254 .2255 .2257 .2259 .2260 .2261 .2262 .2268 .2269 .2270 .2271 .2272 .2275 .2277 .2278 .2280 .2283 .2285 .2286 .2287 .2288 .2296 .2298 .2299 .2302 .2304 .2305 .2312 .2314 .2318 .2319 .2321 .2323 .2324 .2334 .2337 .2338 .2339 .2341 .2342 .2343 .2344 .2346 .2349 .2350 .2352 .2354 .2356 .2357 .2358 .2363 .2365 .2368 .2370 .2373 .2378 .2387 .2393 .2405 .2406 .2409 .2410 .2412 .2414 .2415 .2419 .2424 .2428 .2432 .2437 .2440 .2441 .2442 .2449 .2450 .2451 .2455 .2459 .2464 .2466 .2472 .2475 .2476 .2480 .2481 .2484 .2485 .2489 .2491 .2495 .2497 .2498 .2504 .2505 .2508 .2512 .2526 .2528 .2532 .2547 .2555 .2560 .2562 .2566 .2569 .2570 .2574 .2575 .2576 .2579 .2581 .2607 .2611 .2641 .2642 .2643 .2644 .2645 .2660 .2661 .2663 .2665 .2666 .2667 .2669 .2671 .2672 .2674 .2677 .2678 .2680 .2684 .2687 .2688 .2689 .2693 .2694 .2695 .2696 .2701 .2702 .2703 .2704 .2706 .2712 .2713 .2717 .2718 .2720 .2721 .2725 .2727 .2731 .2737 .2743 .2747 .2750 .2751 .2752 .2753 .2754 .2755 .2758 .2759 .2760 .2761 .2769 .2770 .2771 .2772 .2774 .2775 .2776 .2778 .2779 .2781 .2782 .2783 .2784 .2785 .2788 .2791 .2794 .2795 .2798 .2799 .2800 .2801 .2804 .2808 .2810 .2812 .2814 .2815 .2817 .2819 .2821 .2822 .2825 .2828 .2829 .2832 .2833 .2834 .2835 .2836 .2838 .2839 .2841 .2842 .2843 .2845 .2846 .2852 .2853 .2855 .2856 .2858 .2859 .2861 .2862 .2863 .2864 .2865 .2867 .2868 .2870 .2875 .2876 .2879 .2881 .2883 .2887 .2888 .2890 .2891 .2893 .2894 .2895 .2899 .2902 .2903 .2904 .2905 .2906 .2908 .2910 .2913 .2919 .2921 .2923 .2925 .2928 .2929 .2934 .2935 .2938 .2947 .2948 .2949 .2950 .2955 .2960 .2961 .2968 .2969 .2970 .2971 .2975 .2977 .2980 .2987 .2988 .2992 .2993 .2994 .2995 .2996 .3000 .3001 .3003 .3004 .3005 .3008 .3009 .3011 .3015 .3017 .3026 .3027 .3028 .3029 .3031 .3033 .3034 .3037 .3038 .3041 .3042 .3048 .3050 .3052 .3053 .3054 .3055 .3057 .3058 .3059 .3060 .3061 .3062 .3063 .3065 .3066 .3068 .3069 .3071 .3072 .3073 .3074 .3078 .3079 .3080 .3083 .3084 .3085 .3086 .3089 .3090 .3093 .3095 .3097 .3098 .3102 .3103 .3104 .3106 .3110 .3111 .3112 .3113 .3115 .3116 .3117 .3118 .3119 .3121 .3123 .3124 .3125 .3127 .3130 .3131 .3133 .3134 .3138 .3139 .3141 .3146 .3149 .3151 .3152 .3155 .3156 .3157 .3160 .3161 .3163 .3164 .3165 .3167 .3170 .3171 .3172 .3176 .3178 .3180 .3183 .3184 .3185 .3186 .3192 .3195 .3196 .3197 .3198 .3199 .3203 .3205 .3206 .3209 .3212 .3215 .3216 .3218 .3219 .3220 .3221 .3222 .3225 .3226 .3227 .3228 .3229 .3230 .3232 .3234 .3235 .3236 .3239 .3242 .3245 .3246 .3248 .3250 .3251 .3253 .3261 .3262 .3264 .3266 .3267 .3268 .3271 .3272 .3273 .3274 .3275 .3276 .3277 .3278 .3279 .3292 .3293 .3295 .3297 .3300 .3301 .3304 .3307 .3308 .3310 .3311 .3317 .3319 .3320 .3321 .3323 .3324 .3325 .3328 .3330 .3332 .3335 .3338 .3339 .3341 .3343 .3344 .3347 .3348 .3352 .3354 .3355 .3356 .3358 .3359 .3360 .3361 .3365 .3366 .3367 .3368 .3369 .3370 .3371 .3373 .3375 .3378 .3379 .3381 .3383 .3385 .3386 .3389 .3392 .3397 .3398 .3400 .3402 .3403 .3407 .3412 .3413 .3415 .3416 .3417 .3418 .3424 .3426 .3428 .3432 .3434 .3435 .3436 .3438 .3439 .3440 .3444 .3445 .3447 .3449 .3450 .3451 .3453 .3454 .3456 .3460 .3463 .3464 .3465 .3469 .3474 .3479 .3480 .3482 .3486 .3487 .3489 .3490 .3491 .3493 .3494 .3499 .3501 .3502 .3503 .3504 .3505 .3510 .3512 .3513 .3514 .3516 .3517 .3518 .3520 .3521 .3523 .3530 .3531 .3532 .3535 .3536 .3541 .3547 .3550 .3552 .3555 .3556 .3557 .3560 .3561 .3564 .3566 .3569 .3572 .3573 .3575 .3576 .3578 .3579 .3581 .3583 .3584 .3585 .3587 .3589 .3596 .3597 .3598 .3601 .3603 .3604 .3605 .3606 .3607 .3610 .3612 .3615 .3616 .3617 .3618 .3619 .3620 .3622 .3623 .3624 .3627 .3628 .3629 .3630 .3633 .3635 .3637 .3638 .3640 .3641 .3642 .3647 .3648 .3650 .3651 .3654 .3655 .3656 .3657 .3659 .3660 .3665 .3669 .3674 .3675 .3676 .3678 .3679 .3681 .3682 .3683 .3684 .3685 .3686 .3687 .3688 .3690 .3692 .3694 .3697 .3699 .3700 .3701 .3702 .3703 .3704 .3705 .3712 .3717 .3722 .3724 .3725 .3728 .3729 .3731 .3732 .3735 .3738 .3739 .3740 .3742 .3743 .3745 .3746 .3747 .3750 .3752 .3754 .3755 .3758 .3759 .3761 .3762 .3763 .3764 .3765 .3766 .3767 .3768 .3770 .3772 .3773 .3774 .3775 .3777 .3779 .3782 .3785 .3786 .3790 .3791 .3794 .3795 .3796 .3799 .3803 .3805 .3812 .3813 .3815 .3816 .3821 .3827 .3828 .3829 .3835 .3836 .3837 .3838 .3840 .3841 .3842 .3843 .3845 .3846 .3852 .3853 .3855 .3857 .3862 .3865 .3866 .3868 .3871 .3873 .3874 .3876 .3877 .3878 .3879 .3880 .3883 .3886 .3887 .3889 .3891 .3892 .3893 .3896 .3898 .3899 .3903 .3907 .3909 .3910 .3911 .3913 .3915 .3917 .3918 .3919 .3920 .3922 .3926 .3929 .3931 .3933 .3940 .3941 .3945 .3946 .3949 .3951 .3953 .3961 .3962 .3963 .3964 .3967 .3969 .3970 .3971 .3974 .3975 .3978 .3979 .3980 .3983 .3984 .3986 .3989 .3990 .3995 .3997 .3999 .4000 .4001 .4003 .4004 .4005 .4008 .4010 .4013 .4021 .4022 .4026 .4028 .4029 .4031 .4035 .4040 .4041 .4042 .4043 .4044 .4046 .4049 .4054 .4057 .4058 .4060 .4061 .4062 .4063 .4064 .4066 .4067 .4068 .4069 .4073 .4074 .4077 .4078 .4083 .4086 .4088 .4092 .4093 .4094 .4096 .4097 .4098 .4099 .4100 .4104 .4105 .4106 .4107 .4109 .4110 .4111 .4114 .4117 .4118 .4119 .4121 .4126 .4129 .4130 .4132 .4133 .4134 .4135 .4136 .4137 .4140 .4142 .4145 .4146 .4147 .4149 .4150 .4151 .4156 .4160 .4162 .4165 .4166 .4168 .4171 .4173 .4176 .4180 .4182 .4185 .4187 .4188 .4189 .4190 .4191 .4195 .4196 .4198 .4199 .4200 .4202 .4208 .4209 .4211 .4212 .4213 .4216 .4217 .4220 .4221 .4223 .4227 .4228 .4229 .4230 .4232 .4234 .4238 .4241 .4242 .4243 .4247 .4254 .4257 .4260 .4262 .4264 .4267 .4273 .4274 .4276 .4282 .4286 .4288 .4291 .4292 .4294 .4297 .4298 .4299 .4301 .4303 .4305 .4308 .4309 .4311 .4312 .4313 .4315 .4316 .4317 .4320 .4322 .4325 .4326 .4327 .4328 .4329 .4330 .4331 .4334 .4335 .4336 .4337 .4339 .4342 .4343 .4346 .4347 .4349 .4355 .4357 .4362 .4363 .4364 .4365 .4367 .4368 .4371 .4375 .4382 .4385 .4387 .4391 .4396 .4397 .4399 .4400 .4403 .4405 .4407 .4410 .4412 .4415 .4416 .4417 .4420 .4422 .4424 .4430 .4434 .4440 .4441 .4442 .4445 .4448 .4451 .4455 .4460 .4474 .4480 .4488 .4489 .4492 .4498 .4499 .4500 .4502 .4503 .4504 .4506 .4509 .4510 .4511 .4514 .4517 .4518 .4522 .4530 .4531 .4533

Select option: 23 
Input the word for collection:
(use generators x1,x2,... and terminate with a semicolon)
The input word is 512 1 
The result of collection is  IDENTITY

Select option: 31 
Exiting from interactive p-Quotient menu

Select option: 6 
Terminated

real	77m24.402s
user	14m52.705s
sys	0m0.361s
