ANU p-Quotient Program Version 1.9 running with workspace 480000000 on vm
Fri Sep 18 20:04:06 UTC 2026

Select option: 1 

Lower exponent-2 central series for G

Group: G to lower exponent-2 central class 1 has order 2^4

Group: G to lower exponent-2 central class 2 has order 2^10

Group: G to lower exponent-2 central class 3 has order 2^19

Group: G to lower exponent-2 central class 4 has order 2^32

Group: G to lower exponent-2 central class 5 has order 2^52

Group: G to lower exponent-2 central class 6 has order 2^84

Group: G to lower exponent-2 central class 7 has order 2^141

Group: G to lower exponent-2 central class 8 has order 2^231

Group: G to lower exponent-2 central class 9 has order 2^395

Group: G to lower exponent-2 central class 10 has order 2^672

Group: G to lower exponent-2 central class 11 has order 2^1172

Group: G to lower exponent-2 central class 12 has order 2^2046
Computation of presentation took 2.62 seconds

Select option: 4 

Group: G to lower exponent-2 central class 12 has order 2^2046

Select option: 8 

Select option: 23 
Input the word for collection:
(use generators x1,x2,... and terminate with a semicolon)
The input word is 8 1 
The result of collection is  .28 .115 .119 .195 .196 .197 .201 .332 .334 .336 .340 .353 .577 .578 .579 .583 .584 .585 .586 .588 .589 .592 .596 .597 .598 .608 .612 .618 .1015 .1018 .1020 .1024 .1025 .1026 .1027 .1029 .1031 .1037 .1044 .1045 .1046 .1047 .1049 .1050 .1051 .1063 .1066 .1067 .1071 .1072 .1103 .1806 .1808 .1809 .1811 .1812 .1816 .1817 .1821 .1822 .1825 .1826 .1829 .1831 .1833 .1835 .1836 .1839 .1840 .1841 .1844 .1845 .1848 .1849 .1850 .1851 .1853 .1854 .1857 .1858 .1859 .1864 .1865 .1866 .1867 .1869 .1881 .1883 .1884 .1887 .1888 .1893 .1897 .1899 .1904 .1905 .1909 .1916 .1923 .1928 .1930 .1934 .1940 .1955 .1956

Select option: 23 
Input the word for collection:
(use generators x1,x2,... and terminate with a semicolon)
The input word is 16 1 
The result of collection is  .115 .119 .195 .196 .197 .201 .332 .334 .336 .340 .353 .577 .578 .579 .583 .584 .585 .586 .588 .589 .592 .596 .597 .598 .608 .612 .618 .1015 .1018 .1020 .1024 .1025 .1026 .1027 .1029 .1031 .1037 .1044 .1045 .1046 .1047 .1049 .1050 .1051 .1063 .1066 .1067 .1071 .1072 .1103 .1806 .1808 .1809 .1811 .1812 .1816 .1817 .1821 .1822 .1825 .1826 .1829 .1831 .1833 .1835 .1836 .1839 .1840 .1841 .1844 .1845 .1848 .1849 .1850 .1851 .1853 .1854 .1857 .1858 .1859 .1864 .1865 .1866 .1867 .1869 .1881 .1883 .1884 .1887 .1888 .1893 .1897 .1899 .1904 .1905 .1909 .1916 .1923 .1928 .1930 .1934 .1940 .1955 .1956

Select option: 23 
Input the word for collection:
(use generators x1,x2,... and terminate with a semicolon)
The input word is 32 1 
The result of collection is  .333 .338 .340 .353 .582 .585 .591 .596 .597 .604 .1021 .1025 .1026 .1031 .1032 .1036 .1037 .1044 .1045 .1049 .1053 .1057 .1061 .1065 .1070 .1072 .1086 .1809 .1810 .1811 .1815 .1818 .1820 .1822 .1825 .1828 .1829 .1833 .1835 .1837 .1841 .1844 .1845 .1846 .1848 .1849 .1852 .1853 .1854 .1860 .1862 .1864 .1865 .1866 .1872 .1875 .1886 .1887 .1892 .1894 .1897 .1898 .1916 .1930 .1949

Select option: 23 
Input the word for collection:
(use generators x1,x2,... and terminate with a semicolon)
The input word is 64 1 
The result of collection is  .1025 .1029 .1030 .1041 .1050 .1086 .1814 .1815 .1828 .1834 .1835 .1838 .1840 .1841 .1842 .1844 .1853 .1854 .1856 .1865 .1866 .1868 .1870 .1882 .1883 .1892 .1904 .1906

Select option: 23 
Input the word for collection:
(use generators x1,x2,... and terminate with a semicolon)
The input word is 128 1 
The result of collection is  IDENTITY

Select option: 23 
Input the word for collection:
(use generators x1,x2,... and terminate with a semicolon)
The input word is 256 1 
The result of collection is  IDENTITY

Select option: 31 
Exiting from interactive p-Quotient menu

Select option: 6 

Group: G to lower exponent-2 central class 13 has order 2^3642
Computation of next class took 5.40 seconds

Select option: 4 

Group: G to lower exponent-2 central class 13 has order 2^3642

Select option: 8 

Select option: 23 
Input the word for collection:
(use generators x1,x2,... and terminate with a semicolon)
The input word is 8 1 
The result of collection is  .28 .115 .119 .195 .196 .197 .201 .332 .334 .336 .340 .353 .577 .578 .579 .583 .584 .585 .586 .588 .589 .592 .596 .597 .598 .608 .612 .618 .1015 .1018 .1020 .1024 .1025 .1026 .1027 .1029 .1031 .1037 .1044 .1045 .1046 .1047 .1049 .1050 .1051 .1063 .1066 .1067 .1071 .1072 .1103 .1806 .1808 .1809 .1811 .1812 .1816 .1817 .1821 .1822 .1825 .1826 .1829 .1831 .1833 .1835 .1836 .1839 .1840 .1841 .1844 .1845 .1848 .1849 .1850 .1851 .1853 .1854 .1857 .1858 .1859 .1864 .1865 .1866 .1867 .1869 .1881 .1883 .1884 .1887 .1888 .1893 .1897 .1899 .1904 .1905 .1909 .1916 .1923 .1928 .1930 .1934 .1940 .1955 .1956 .3238 .3240 .3246 .3249 .3250 .3251 .3252 .3253 .3256 .3258 .3260 .3263 .3265 .3268 .3270 .3271 .3272 .3274 .3275 .3276 .3277 .3279 .3281 .3284 .3285 .3286 .3287 .3288 .3290 .3293 .3298 .3299 .3303 .3305 .3308 .3309 .3310 .3311 .3314 .3315 .3316 .3318 .3319 .3323 .3324 .3327 .3328 .3330 .3331 .3334 .3336 .3339 .3344 .3347 .3351 .3352 .3353 .3355 .3356 .3357 .3358 .3360 .3361 .3362 .3363 .3364 .3367 .3370 .3371 .3374 .3377 .3378 .3379 .3381 .3383 .3384 .3386 .3388 .3389 .3391 .3392 .3394 .3395 .3397 .3399 .3401 .3404 .3406 .3412 .3413 .3414 .3419 .3420 .3424 .3428 .3429 .3439 .3440 .3442 .3444 .3446 .3460 .3461 .3462 .3463 .3465 .3466 .3469 .3473 .3476 .3477 .3482 .3483 .3485 .3493 .3496 .3498 .3501 .3507 .3516 .3518

Select option: 23 
Input the word for collection:
(use generators x1,x2,... and terminate with a semicolon)
The input word is 16 1 
The result of collection is  .115 .119 .195 .196 .197 .201 .332 .334 .336 .340 .353 .577 .578 .579 .583 .584 .585 .586 .588 .589 .592 .596 .597 .598 .608 .612 .618 .1015 .1018 .1020 .1024 .1025 .1026 .1027 .1029 .1031 .1037 .1044 .1045 .1046 .1047 .1049 .1050 .1051 .1063 .1066 .1067 .1071 .1072 .1103 .1806 .1808 .1809 .1811 .1812 .1816 .1817 .1821 .1822 .1825 .1826 .1829 .1831 .1833 .1835 .1836 .1839 .1840 .1841 .1844 .1845 .1848 .1849 .1850 .1851 .1853 .1854 .1857 .1858 .1859 .1864 .1865 .1866 .1867 .1869 .1881 .1883 .1884 .1887 .1888 .1893 .1897 .1899 .1904 .1905 .1909 .1916 .1923 .1928 .1930 .1934 .1940 .1955 .1956 .3238 .3240 .3246 .3249 .3250 .3251 .3252 .3253 .3256 .3258 .3260 .3263 .3265 .3268 .3270 .3271 .3272 .3274 .3275 .3276 .3277 .3279 .3281 .3284 .3285 .3286 .3287 .3288 .3290 .3293 .3298 .3299 .3303 .3305 .3308 .3309 .3310 .3311 .3314 .3315 .3316 .3318 .3319 .3323 .3324 .3327 .3328 .3330 .3331 .3334 .3336 .3339 .3344 .3347 .3351 .3352 .3353 .3355 .3356 .3357 .3358 .3360 .3361 .3362 .3363 .3364 .3367 .3370 .3371 .3374 .3377 .3378 .3379 .3381 .3383 .3384 .3386 .3388 .3389 .3391 .3392 .3394 .3395 .3397 .3399 .3401 .3404 .3406 .3412 .3413 .3414 .3419 .3420 .3424 .3428 .3429 .3439 .3440 .3442 .3444 .3446 .3460 .3461 .3462 .3463 .3465 .3466 .3469 .3473 .3476 .3477 .3482 .3483 .3485 .3493 .3496 .3498 .3501 .3507 .3516 .3518

Select option: 23 
Input the word for collection:
(use generators x1,x2,... and terminate with a semicolon)
The input word is 32 1 
The result of collection is  .333 .338 .340 .353 .582 .585 .591 .596 .597 .604 .1021 .1025 .1026 .1031 .1032 .1036 .1037 .1044 .1045 .1049 .1053 .1057 .1061 .1065 .1070 .1072 .1086 .1809 .1810 .1811 .1815 .1818 .1820 .1822 .1825 .1828 .1829 .1833 .1835 .1837 .1841 .1844 .1845 .1846 .1848 .1849 .1852 .1853 .1854 .1860 .1862 .1864 .1865 .1866 .1872 .1875 .1886 .1887 .1892 .1894 .1897 .1898 .1916 .1930 .1949 .3240 .3241 .3242 .3243 .3244 .3245 .3248 .3249 .3250 .3254 .3258 .3259 .3265 .3266 .3269 .3270 .3272 .3273 .3275 .3277 .3279 .3280 .3281 .3283 .3284 .3288 .3289 .3294 .3295 .3299 .3300 .3301 .3302 .3303 .3304 .3309 .3313 .3314 .3317 .3319 .3321 .3322 .3323 .3324 .3327 .3328 .3329 .3330 .3332 .3334 .3338 .3339 .3340 .3341 .3343 .3345 .3347 .3350 .3351 .3353 .3356 .3357 .3365 .3377 .3379 .3380 .3383 .3384 .3385 .3386 .3387 .3394 .3396 .3397 .3399 .3400 .3404 .3405 .3406 .3408 .3410 .3414 .3418 .3419 .3421 .3425 .3428 .3437 .3438 .3439 .3441 .3445 .3446 .3464 .3476 .3492 .3501 .3502 .3516

Select option: 23 
Input the word for collection:
(use generators x1,x2,... and terminate with a semicolon)
The input word is 64 1 
The result of collection is  .1025 .1029 .1030 .1041 .1050 .1086 .1814 .1815 .1828 .1834 .1835 .1838 .1840 .1841 .1842 .1844 .1853 .1854 .1856 .1865 .1866 .1868 .1870 .1882 .1883 .1892 .1904 .1906 .3247 .3249 .3250 .3255 .3257 .3258 .3270 .3277 .3279 .3280 .3284 .3285 .3286 .3288 .3292 .3293 .3296 .3298 .3301 .3303 .3304 .3307 .3309 .3317 .3321 .3325 .3329 .3332 .3333 .3336 .3337 .3338 .3341 .3345 .3348 .3349 .3351 .3354 .3355 .3356 .3364 .3376 .3378 .3380 .3384 .3391 .3394 .3396 .3398 .3405 .3418 .3422 .3423 .3492

Select option: 23 
Input the word for collection:
(use generators x1,x2,... and terminate with a semicolon)
The input word is 128 1 
The result of collection is  IDENTITY

Select option: 23 
Input the word for collection:
(use generators x1,x2,... and terminate with a semicolon)
The input word is 256 1 
The result of collection is  IDENTITY

Select option: 31 
Exiting from interactive p-Quotient menu

Select option: 6 

Group: G to lower exponent-2 central class 14 has order 2^6510
Computation of next class took 18.82 seconds

Select option: 4 

Group: G to lower exponent-2 central class 14 has order 2^6510

Select option: 8 

Select option: 23 
Input the word for collection:
(use generators x1,x2,... and terminate with a semicolon)
The input word is 8 1 
The result of collection is  .28 .115 .119 .195 .196 .197 .201 .332 .334 .336 .340 .353 .577 .578 .579 .583 .584 .585 .586 .588 .589 .592 .596 .597 .598 .608 .612 .618 .1015 .1018 .1020 .1024 .1025 .1026 .1027 .1029 .1031 .1037 .1044 .1045 .1046 .1047 .1049 .1050 .1051 .1063 .1066 .1067 .1071 .1072 .1103 .1806 .1808 .1809 .1811 .1812 .1816 .1817 .1821 .1822 .1825 .1826 .1829 .1831 .1833 .1835 .1836 .1839 .1840 .1841 .1844 .1845 .1848 .1849 .1850 .1851 .1853 .1854 .1857 .1858 .1859 .1864 .1865 .1866 .1867 .1869 .1881 .1883 .1884 .1887 .1888 .1893 .1897 .1899 .1904 .1905 .1909 .1916 .1923 .1928 .1930 .1934 .1940 .1955 .1956 .3238 .3240 .3246 .3249 .3250 .3251 .3252 .3253 .3256 .3258 .3260 .3263 .3265 .3268 .3270 .3271 .3272 .3274 .3275 .3276 .3277 .3279 .3281 .3284 .3285 .3286 .3287 .3288 .3290 .3293 .3298 .3299 .3303 .3305 .3308 .3309 .3310 .3311 .3314 .3315 .3316 .3318 .3319 .3323 .3324 .3327 .3328 .3330 .3331 .3334 .3336 .3339 .3344 .3347 .3351 .3352 .3353 .3355 .3356 .3357 .3358 .3360 .3361 .3362 .3363 .3364 .3367 .3370 .3371 .3374 .3377 .3378 .3379 .3381 .3383 .3384 .3386 .3388 .3389 .3391 .3392 .3394 .3395 .3397 .3399 .3401 .3404 .3406 .3412 .3413 .3414 .3419 .3420 .3424 .3428 .3429 .3439 .3440 .3442 .3444 .3446 .3460 .3461 .3462 .3463 .3465 .3466 .3469 .3473 .3476 .3477 .3482 .3483 .3485 .3493 .3496 .3498 .3501 .3507 .3516 .3518 .5872 .5875 .5876 .5878 .5879 .5881 .5883 .5884 .5890 .5891 .5892 .5893 .5895 .5896 .5898 .5902 .5905 .5906 .5907 .5908 .5909 .5910 .5911 .5913 .5915 .5916 .5917 .5918 .5919 .5920 .5925 .5927 .5929 .5932 .5933 .5935 .5937 .5938 .5940 .5941 .5942 .5945 .5946 .5947 .5949 .5950 .5951 .5952 .5953 .5955 .5956 .5957 .5958 .5959 .5961 .5966 .5970 .5973 .5974 .5976 .5977 .5980 .5981 .5982 .5983 .5985 .5989 .5991 .5992 .5995 .5997 .5998 .6002 .6003 .6006 .6007 .6010 .6012 .6015 .6016 .6017 .6018 .6021 .6022 .6027 .6031 .6033 .6034 .6036 .6038 .6039 .6040 .6044 .6047 .6049 .6050 .6051 .6054 .6056 .6057 .6058 .6059 .6061 .6062 .6063 .6064 .6068 .6071 .6072 .6075 .6076 .6083 .6089 .6090 .6093 .6094 .6095 .6101 .6103 .6105 .6106 .6107 .6109 .6110 .6115 .6117 .6119 .6121 .6122 .6125 .6128 .6131 .6133 .6137 .6138 .6139 .6140 .6143 .6145 .6146 .6148 .6149 .6152 .6154 .6159 .6160 .6161 .6162 .6163 .6172 .6173 .6174 .6175 .6177 .6178 .6179 .6181 .6189 .6191 .6193 .6195 .6196 .6197 .6199 .6201 .6204 .6205 .6206 .6209 .6211 .6212 .6213 .6215 .6216 .6217 .6218 .6222 .6224 .6225 .6227 .6229 .6230 .6232 .6233 .6237 .6244 .6245 .6246 .6249 .6250 .6254 .6255 .6256 .6257 .6258 .6260 .6261 .6269 .6271 .6278 .6284 .6285 .6289 .6294 .6295 .6296 .6297 .6301 .6302 .6306 .6310 .6311 .6312 .6315 .6316 .6318 .6325 .6330 .6331 .6332 .6336 .6339

Select option: 23 
Input the word for collection:
(use generators x1,x2,... and terminate with a semicolon)
The input word is 16 1 
The result of collection is  .115 .119 .195 .196 .197 .201 .332 .334 .336 .340 .353 .577 .578 .579 .583 .584 .585 .586 .588 .589 .592 .596 .597 .598 .608 .612 .618 .1015 .1018 .1020 .1024 .1025 .1026 .1027 .1029 .1031 .1037 .1044 .1045 .1046 .1047 .1049 .1050 .1051 .1063 .1066 .1067 .1071 .1072 .1103 .1806 .1808 .1809 .1811 .1812 .1816 .1817 .1821 .1822 .1825 .1826 .1829 .1831 .1833 .1835 .1836 .1839 .1840 .1841 .1844 .1845 .1848 .1849 .1850 .1851 .1853 .1854 .1857 .1858 .1859 .1864 .1865 .1866 .1867 .1869 .1881 .1883 .1884 .1887 .1888 .1893 .1897 .1899 .1904 .1905 .1909 .1916 .1923 .1928 .1930 .1934 .1940 .1955 .1956 .3238 .3240 .3246 .3249 .3250 .3251 .3252 .3253 .3256 .3258 .3260 .3263 .3265 .3268 .3270 .3271 .3272 .3274 .3275 .3276 .3277 .3279 .3281 .3284 .3285 .3286 .3287 .3288 .3290 .3293 .3298 .3299 .3303 .3305 .3308 .3309 .3310 .3311 .3314 .3315 .3316 .3318 .3319 .3323 .3324 .3327 .3328 .3330 .3331 .3334 .3336 .3339 .3344 .3347 .3351 .3352 .3353 .3355 .3356 .3357 .3358 .3360 .3361 .3362 .3363 .3364 .3367 .3370 .3371 .3374 .3377 .3378 .3379 .3381 .3383 .3384 .3386 .3388 .3389 .3391 .3392 .3394 .3395 .3397 .3399 .3401 .3404 .3406 .3412 .3413 .3414 .3419 .3420 .3424 .3428 .3429 .3439 .3440 .3442 .3444 .3446 .3460 .3461 .3462 .3463 .3465 .3466 .3469 .3473 .3476 .3477 .3482 .3483 .3485 .3493 .3496 .3498 .3501 .3507 .3516 .3518 .5872 .5875 .5876 .5878 .5879 .5881 .5883 .5884 .5890 .5891 .5892 .5893 .5895 .5896 .5898 .5902 .5905 .5906 .5907 .5908 .5909 .5910 .5911 .5913 .5915 .5916 .5917 .5918 .5919 .5920 .5925 .5927 .5929 .5932 .5933 .5935 .5937 .5938 .5940 .5941 .5942 .5945 .5946 .5947 .5949 .5950 .5951 .5952 .5953 .5955 .5956 .5957 .5958 .5959 .5961 .5966 .5970 .5973 .5974 .5976 .5977 .5980 .5981 .5982 .5983 .5985 .5989 .5991 .5992 .5995 .5997 .5998 .6002 .6003 .6006 .6007 .6010 .6012 .6015 .6016 .6017 .6018 .6021 .6022 .6027 .6031 .6033 .6034 .6036 .6038 .6039 .6040 .6044 .6047 .6049 .6050 .6051 .6054 .6056 .6057 .6058 .6059 .6061 .6062 .6063 .6064 .6068 .6071 .6072 .6075 .6076 .6083 .6089 .6090 .6093 .6094 .6095 .6101 .6103 .6105 .6106 .6107 .6109 .6110 .6115 .6117 .6119 .6121 .6122 .6125 .6128 .6131 .6133 .6137 .6138 .6139 .6140 .6143 .6145 .6146 .6148 .6149 .6152 .6154 .6159 .6160 .6161 .6162 .6163 .6172 .6173 .6174 .6175 .6177 .6178 .6179 .6181 .6189 .6191 .6193 .6195 .6196 .6197 .6199 .6201 .6204 .6205 .6206 .6209 .6211 .6212 .6213 .6215 .6216 .6217 .6218 .6222 .6224 .6225 .6227 .6229 .6230 .6232 .6233 .6237 .6244 .6245 .6246 .6249 .6250 .6254 .6255 .6256 .6257 .6258 .6260 .6261 .6269 .6271 .6278 .6284 .6285 .6289 .6294 .6295 .6296 .6297 .6301 .6302 .6306 .6310 .6311 .6312 .6315 .6316 .6318 .6325 .6330 .6331 .6332 .6336 .6339

Select option: 23 
Input the word for collection:
(use generators x1,x2,... and terminate with a semicolon)
The input word is 32 1 
The result of collection is  .333 .338 .340 .353 .582 .585 .591 .596 .597 .604 .1021 .1025 .1026 .1031 .1032 .1036 .1037 .1044 .1045 .1049 .1053 .1057 .1061 .1065 .1070 .1072 .1086 .1809 .1810 .1811 .1815 .1818 .1820 .1822 .1825 .1828 .1829 .1833 .1835 .1837 .1841 .1844 .1845 .1846 .1848 .1849 .1852 .1853 .1854 .1860 .1862 .1864 .1865 .1866 .1872 .1875 .1886 .1887 .1892 .1894 .1897 .1898 .1916 .1930 .1949 .3240 .3241 .3242 .3243 .3244 .3245 .3248 .3249 .3250 .3254 .3258 .3259 .3265 .3266 .3269 .3270 .3272 .3273 .3275 .3277 .3279 .3280 .3281 .3283 .3284 .3288 .3289 .3294 .3295 .3299 .3300 .3301 .3302 .3303 .3304 .3309 .3313 .3314 .3317 .3319 .3321 .3322 .3323 .3324 .3327 .3328 .3329 .3330 .3332 .3334 .3338 .3339 .3340 .3341 .3343 .3345 .3347 .3350 .3351 .3353 .3356 .3357 .3365 .3377 .3379 .3380 .3383 .3384 .3385 .3386 .3387 .3394 .3396 .3397 .3399 .3400 .3404 .3405 .3406 .3408 .3410 .3414 .3418 .3419 .3421 .3425 .3428 .3437 .3438 .3439 .3441 .3445 .3446 .3464 .3476 .3492 .3501 .3502 .3516 .5874 .5880 .5884 .5886 .5887 .5888 .5890 .5891 .5897 .5898 .5902 .5903 .5905 .5907 .5908 .5909 .5914 .5915 .5916 .5917 .5919 .5920 .5921 .5923 .5924 .5925 .5926 .5928 .5930 .5932 .5933 .5934 .5935 .5941 .5942 .5944 .5945 .5947 .5948 .5949 .5950 .5951 .5953 .5954 .5957 .5960 .5966 .5968 .5969 .5974 .5975 .5976 .5977 .5984 .5985 .5987 .5990 .5991 .5999 .6000 .6004 .6005 .6011 .6013 .6014 .6015 .6023 .6024 .6028 .6031 .6033 .6034 .6040 .6043 .6053 .6054 .6056 .6057 .6059 .6061 .6062 .6063 .6064 .6069 .6072 .6073 .6074 .6076 .6077 .6080 .6081 .6084 .6085 .6086 .6093 .6094 .6095 .6096 .6099 .6103 .6104 .6110 .6111 .6112 .6120 .6121 .6124 .6128 .6131 .6132 .6140 .6143 .6145 .6146 .6149 .6151 .6153 .6156 .6160 .6164 .6165 .6177 .6179 .6185 .6188 .6190 .6191 .6197 .6204 .6210 .6214 .6216 .6217 .6218 .6219 .6221 .6222 .6227 .6229 .6237 .6250 .6251 .6252 .6261 .6264 .6270 .6276 .6278 .6279 .6284 .6297 .6298 .6302 .6309 .6331

Select option: 23 
Input the word for collection:
(use generators x1,x2,... and terminate with a semicolon)
The input word is 64 1 
The result of collection is  .1025 .1029 .1030 .1041 .1050 .1086 .1814 .1815 .1828 .1834 .1835 .1838 .1840 .1841 .1842 .1844 .1853 .1854 .1856 .1865 .1866 .1868 .1870 .1882 .1883 .1892 .1904 .1906 .3247 .3249 .3250 .3255 .3257 .3258 .3270 .3277 .3279 .3280 .3284 .3285 .3286 .3288 .3292 .3293 .3296 .3298 .3301 .3303 .3304 .3307 .3309 .3317 .3321 .3325 .3329 .3332 .3333 .3336 .3337 .3338 .3341 .3345 .3348 .3349 .3351 .3354 .3355 .3356 .3364 .3376 .3378 .3380 .3384 .3391 .3394 .3396 .3398 .3405 .3418 .3422 .3423 .3492 .5873 .5876 .5879 .5880 .5885 .5890 .5894 .5899 .5902 .5903 .5904 .5908 .5923 .5928 .5932 .5935 .5939 .5941 .5942 .5943 .5945 .5946 .5947 .5949 .5953 .5955 .5956 .5957 .5958 .5959 .5961 .5962 .5967 .5970 .5971 .5972 .5973 .5974 .5975 .5976 .5978 .5979 .5980 .5981 .5983 .5984 .5985 .5989 .5990 .5991 .5992 .5999 .6000 .6001 .6002 .6004 .6005 .6006 .6011 .6014 .6016 .6019 .6024 .6027 .6028 .6031 .6035 .6036 .6038 .6042 .6044 .6046 .6048 .6049 .6050 .6052 .6053 .6054 .6060 .6063 .6064 .6065 .6067 .6069 .6070 .6074 .6075 .6080 .6093 .6114 .6115 .6117 .6118 .6119 .6122 .6124 .6126 .6128 .6129 .6131 .6139 .6140 .6141 .6142 .6143 .6145 .6146 .6147 .6149 .6150 .6152 .6158 .6160 .6166 .6175 .6177 .6189 .6208 .6210 .6214 .6217 .6259 .6269 .6270 .6293 .6298 .6309

Select option: 23 
Input the word for collection:
(use generators x1,x2,... and terminate with a semicolon)
The input word is 128 1 
The result of collection is  .5898 .5904 .5905 .5939 .5945 .5946 .5954 .5955 .5957 .5960 .5961 .5983 .5986 .5989 .5990 .6001 .6002 .6026 .6027 .6030 .6031 .6032 .6033 .6038 .6076 .6252

Select option: 23 
Input the word for collection:
(use generators x1,x2,... and terminate with a semicolon)
The input word is 256 1 
The result of collection is  IDENTITY

Select option: 31 
Exiting from interactive p-Quotient menu

Select option: 6 

Group: G to lower exponent-2 central class 15 has order 2^11776
Computation of next class took 69.47 seconds

Select option: 4 

Group: G to lower exponent-2 central class 15 has order 2^11776

Select option: 8 

Select option: 23 
Input the word for collection:
(use generators x1,x2,... and terminate with a semicolon)
The input word is 8 1 
The result of collection is  .28 .115 .119 .195 .196 .197 .201 .332 .334 .336 .340 .353 .577 .578 .579 .583 .584 .585 .586 .588 .589 .592 .596 .597 .598 .608 .612 .618 .1015 .1018 .1020 .1024 .1025 .1026 .1027 .1029 .1031 .1037 .1044 .1045 .1046 .1047 .1049 .1050 .1051 .1063 .1066 .1067 .1071 .1072 .1103 .1806 .1808 .1809 .1811 .1812 .1816 .1817 .1821 .1822 .1825 .1826 .1829 .1831 .1833 .1835 .1836 .1839 .1840 .1841 .1844 .1845 .1848 .1849 .1850 .1851 .1853 .1854 .1857 .1858 .1859 .1864 .1865 .1866 .1867 .1869 .1881 .1883 .1884 .1887 .1888 .1893 .1897 .1899 .1904 .1905 .1909 .1916 .1923 .1928 .1930 .1934 .1940 .1955 .1956 .3238 .3240 .3246 .3249 .3250 .3251 .3252 .3253 .3256 .3258 .3260 .3263 .3265 .3268 .3270 .3271 .3272 .3274 .3275 .3276 .3277 .3279 .3281 .3284 .3285 .3286 .3287 .3288 .3290 .3293 .3298 .3299 .3303 .3305 .3308 .3309 .3310 .3311 .3314 .3315 .3316 .3318 .3319 .3323 .3324 .3327 .3328 .3330 .3331 .3334 .3336 .3339 .3344 .3347 .3351 .3352 .3353 .3355 .3356 .3357 .3358 .3360 .3361 .3362 .3363 .3364 .3367 .3370 .3371 .3374 .3377 .3378 .3379 .3381 .3383 .3384 .3386 .3388 .3389 .3391 .3392 .3394 .3395 .3397 .3399 .3401 .3404 .3406 .3412 .3413 .3414 .3419 .3420 .3424 .3428 .3429 .3439 .3440 .3442 .3444 .3446 .3460 .3461 .3462 .3463 .3465 .3466 .3469 .3473 .3476 .3477 .3482 .3483 .3485 .3493 .3496 .3498 .3501 .3507 .3516 .3518 .5872 .5875 .5876 .5878 .5879 .5881 .5883 .5884 .5890 .5891 .5892 .5893 .5895 .5896 .5898 .5902 .5905 .5906 .5907 .5908 .5909 .5910 .5911 .5913 .5915 .5916 .5917 .5918 .5919 .5920 .5925 .5927 .5929 .5932 .5933 .5935 .5937 .5938 .5940 .5941 .5942 .5945 .5946 .5947 .5949 .5950 .5951 .5952 .5953 .5955 .5956 .5957 .5958 .5959 .5961 .5966 .5970 .5973 .5974 .5976 .5977 .5980 .5981 .5982 .5983 .5985 .5989 .5991 .5992 .5995 .5997 .5998 .6002 .6003 .6006 .6007 .6010 .6012 .6015 .6016 .6017 .6018 .6021 .6022 .6027 .6031 .6033 .6034 .6036 .6038 .6039 .6040 .6044 .6047 .6049 .6050 .6051 .6054 .6056 .6057 .6058 .6059 .6061 .6062 .6063 .6064 .6068 .6071 .6072 .6075 .6076 .6083 .6089 .6090 .6093 .6094 .6095 .6101 .6103 .6105 .6106 .6107 .6109 .6110 .6115 .6117 .6119 .6121 .6122 .6125 .6128 .6131 .6133 .6137 .6138 .6139 .6140 .6143 .6145 .6146 .6148 .6149 .6152 .6154 .6159 .6160 .6161 .6162 .6163 .6172 .6173 .6174 .6175 .6177 .6178 .6179 .6181 .6189 .6191 .6193 .6195 .6196 .6197 .6199 .6201 .6204 .6205 .6206 .6209 .6211 .6212 .6213 .6215 .6216 .6217 .6218 .6222 .6224 .6225 .6227 .6229 .6230 .6232 .6233 .6237 .6244 .6245 .6246 .6249 .6250 .6254 .6255 .6256 .6257 .6258 .6260 .6261 .6269 .6271 .6278 .6284 .6285 .6289 .6294 .6295 .6296 .6297 .6301 .6302 .6306 .6310 .6311 .6312 .6315 .6316 .6318 .6325 .6330 .6331 .6332 .6336 .6339 .10711 .10712 .10713 .10715 .10716 .10718 .10720 .10721 .10723 .10724 .10726 .10727 .10728 .10730 .10731 .10733 .10734 .10735 .10737 .10738 .10741 .10742 .10743 .10744 .10746 .10750 .10751 .10753 .10758 .10759 .10760 .10762 .10764 .10765 .10766 .10767 .10769 .10772 .10773 .10775 .10779 .10782 .10783 .10784 .10786 .10789 .10790 .10791 .10794 .10795 .10796 .10798 .10799 .10804 .10805 .10807 .10809 .10811 .10812 .10814 .10815 .10816 .10818 .10820 .10823 .10827 .10830 .10831 .10833 .10834 .10835 .10836 .10837 .10838 .10839 .10842 .10843 .10844 .10845 .10848 .10853 .10855 .10856 .10857 .10859 .10861 .10863 .10864 .10868 .10872 .10876 .10877 .10890 .10892 .10893 .10894 .10895 .10896 .10898 .10900 .10901 .10902 .10903 .10906 .10907 .10908 .10912 .10914 .10916 .10917 .10920 .10922 .10924 .10926 .10927 .10929 .10932 .10933 .10936 .10938 .10939 .10945 .10947 .10948 .10949 .10950 .10954 .10955 .10957 .10960 .10962 .10964 .10966 .10969 .10970 .10973 .10975 .10979 .10981 .10985 .10991 .10992 .10993 .10995 .10997 .10999 .11000 .11001 .11003 .11005 .11006 .11007 .11013 .11014 .11018 .11019 .11020 .11021 .11024 .11025 .11027 .11029 .11030 .11031 .11035 .11036 .11037 .11041 .11044 .11047 .11048 .11050 .11056 .11058 .11064 .11065 .11066 .11068 .11069 .11070 .11072 .11076 .11077 .11078 .11079 .11080 .11082 .11086 .11087 .11088 .11089 .11090 .11091 .11093 .11095 .11096 .11097 .11099 .11100 .11102 .11103 .11104 .11105 .11106 .11108 .11109 .11110 .11112 .11113 .11115 .11116 .11118 .11121 .11122 .11123 .11125 .11126 .11127 .11128 .11130 .11131 .11133 .11135 .11137 .11138 .11140 .11144 .11146 .11147 .11148 .11149 .11152 .11153 .11155 .11157 .11159 .11160 .11163 .11164 .11166 .11167 .11168 .11169 .11170 .11171 .11173 .11174 .11175 .11176 .11177 .11179 .11180 .11181 .11182 .11185 .11187 .11188 .11189 .11191 .11192 .11195 .11196 .11197 .11201 .11202 .11204 .11206 .11207 .11212 .11213 .11215 .11218 .11219 .11220 .11221 .11222 .11223 .11224 .11226 .11227 .11228 .11229 .11231 .11232 .11233 .11234 .11237 .11238 .11240 .11241 .11243 .11244 .11247 .11251 .11252 .11253 .11254 .11255 .11258 .11259 .11261 .11265 .11268 .11271 .11272 .11273 .11274 .11278 .11279 .11280 .11281 .11283 .11284 .11286 .11287 .11288 .11289 .11290 .11291 .11293 .11294 .11295 .11296 .11297 .11298 .11300 .11303 .11310 .11311 .11312 .11314 .11315 .11316 .11319 .11324 .11325 .11326 .11329 .11330 .11331 .11334 .11336 .11337 .11338 .11339 .11341 .11342 .11345 .11346 .11350 .11352 .11357 .11359 .11361 .11365 .11366 .11367 .11373 .11379 .11381 .11382 .11383 .11389 .11391 .11392 .11393 .11395 .11396 .11397 .11398 .11399 .11402 .11403 .11404 .11405 .11406 .11407 .11409 .11410 .11411 .11412 .11413 .11415 .11419 .11423 .11424 .11425 .11426 .11428 .11429 .11430 .11431 .11433 .11435 .11440 .11442 .11443 .11446 .11448 .11449 .11450 .11454 .11460 .11464 .11467 .11469 .11472 .11473 .11477 .11479 .11481 .11482 .11484 .11486 .11489 .11492 .11496 .11501 .11508 .11511 .11512 .11514 .11515 .11516 .11520 .11530 .11537 .11538

Select option: 23 
Input the word for collection:
(use generators x1,x2,... and terminate with a semicolon)
The input word is 16 1 
The result of collection is  .115 .119 .195 .196 .197 .201 .332 .334 .336 .340 .353 .577 .578 .579 .583 .584 .585 .586 .588 .589 .592 .596 .597 .598 .608 .612 .618 .1015 .1018 .1020 .1024 .1025 .1026 .1027 .1029 .1031 .1037 .1044 .1045 .1046 .1047 .1049 .1050 .1051 .1063 .1066 .1067 .1071 .1072 .1103 .1806 .1808 .1809 .1811 .1812 .1816 .1817 .1821 .1822 .1825 .1826 .1829 .1831 .1833 .1835 .1836 .1839 .1840 .1841 .1844 .1845 .1848 .1849 .1850 .1851 .1853 .1854 .1857 .1858 .1859 .1864 .1865 .1866 .1867 .1869 .1881 .1883 .1884 .1887 .1888 .1893 .1897 .1899 .1904 .1905 .1909 .1916 .1923 .1928 .1930 .1934 .1940 .1955 .1956 .3238 .3240 .3246 .3249 .3250 .3251 .3252 .3253 .3256 .3258 .3260 .3263 .3265 .3268 .3270 .3271 .3272 .3274 .3275 .3276 .3277 .3279 .3281 .3284 .3285 .3286 .3287 .3288 .3290 .3293 .3298 .3299 .3303 .3305 .3308 .3309 .3310 .3311 .3314 .3315 .3316 .3318 .3319 .3323 .3324 .3327 .3328 .3330 .3331 .3334 .3336 .3339 .3344 .3347 .3351 .3352 .3353 .3355 .3356 .3357 .3358 .3360 .3361 .3362 .3363 .3364 .3367 .3370 .3371 .3374 .3377 .3378 .3379 .3381 .3383 .3384 .3386 .3388 .3389 .3391 .3392 .3394 .3395 .3397 .3399 .3401 .3404 .3406 .3412 .3413 .3414 .3419 .3420 .3424 .3428 .3429 .3439 .3440 .3442 .3444 .3446 .3460 .3461 .3462 .3463 .3465 .3466 .3469 .3473 .3476 .3477 .3482 .3483 .3485 .3493 .3496 .3498 .3501 .3507 .3516 .3518 .5872 .5875 .5876 .5878 .5879 .5881 .5883 .5884 .5890 .5891 .5892 .5893 .5895 .5896 .5898 .5902 .5905 .5906 .5907 .5908 .5909 .5910 .5911 .5913 .5915 .5916 .5917 .5918 .5919 .5920 .5925 .5927 .5929 .5932 .5933 .5935 .5937 .5938 .5940 .5941 .5942 .5945 .5946 .5947 .5949 .5950 .5951 .5952 .5953 .5955 .5956 .5957 .5958 .5959 .5961 .5966 .5970 .5973 .5974 .5976 .5977 .5980 .5981 .5982 .5983 .5985 .5989 .5991 .5992 .5995 .5997 .5998 .6002 .6003 .6006 .6007 .6010 .6012 .6015 .6016 .6017 .6018 .6021 .6022 .6027 .6031 .6033 .6034 .6036 .6038 .6039 .6040 .6044 .6047 .6049 .6050 .6051 .6054 .6056 .6057 .6058 .6059 .6061 .6062 .6063 .6064 .6068 .6071 .6072 .6075 .6076 .6083 .6089 .6090 .6093 .6094 .6095 .6101 .6103 .6105 .6106 .6107 .6109 .6110 .6115 .6117 .6119 .6121 .6122 .6125 .6128 .6131 .6133 .6137 .6138 .6139 .6140 .6143 .6145 .6146 .6148 .6149 .6152 .6154 .6159 .6160 .6161 .6162 .6163 .6172 .6173 .6174 .6175 .6177 .6178 .6179 .6181 .6189 .6191 .6193 .6195 .6196 .6197 .6199 .6201 .6204 .6205 .6206 .6209 .6211 .6212 .6213 .6215 .6216 .6217 .6218 .6222 .6224 .6225 .6227 .6229 .6230 .6232 .6233 .6237 .6244 .6245 .6246 .6249 .6250 .6254 .6255 .6256 .6257 .6258 .6260 .6261 .6269 .6271 .6278 .6284 .6285 .6289 .6294 .6295 .6296 .6297 .6301 .6302 .6306 .6310 .6311 .6312 .6315 .6316 .6318 .6325 .6330 .6331 .6332 .6336 .6339 .10711 .10712 .10713 .10715 .10716 .10718 .10720 .10721 .10723 .10724 .10726 .10727 .10728 .10730 .10731 .10733 .10734 .10735 .10737 .10738 .10741 .10742 .10743 .10744 .10746 .10750 .10751 .10753 .10758 .10759 .10760 .10762 .10764 .10765 .10766 .10767 .10769 .10772 .10773 .10775 .10779 .10782 .10783 .10784 .10786 .10789 .10790 .10791 .10794 .10795 .10796 .10798 .10799 .10804 .10805 .10807 .10809 .10811 .10812 .10814 .10815 .10816 .10818 .10820 .10823 .10827 .10830 .10831 .10833 .10834 .10835 .10836 .10837 .10838 .10839 .10842 .10843 .10844 .10845 .10848 .10853 .10855 .10856 .10857 .10859 .10861 .10863 .10864 .10868 .10872 .10876 .10877 .10890 .10892 .10893 .10894 .10895 .10896 .10898 .10900 .10901 .10902 .10903 .10906 .10907 .10908 .10912 .10914 .10916 .10917 .10920 .10922 .10924 .10926 .10927 .10929 .10932 .10933 .10936 .10938 .10939 .10945 .10947 .10948 .10949 .10950 .10954 .10955 .10957 .10960 .10962 .10964 .10966 .10969 .10970 .10973 .10975 .10979 .10981 .10985 .10991 .10992 .10993 .10995 .10997 .10999 .11000 .11001 .11003 .11005 .11006 .11007 .11013 .11014 .11018 .11019 .11020 .11021 .11024 .11025 .11027 .11029 .11030 .11031 .11035 .11036 .11037 .11041 .11044 .11047 .11048 .11050 .11056 .11058 .11064 .11065 .11066 .11068 .11069 .11070 .11072 .11076 .11077 .11078 .11079 .11080 .11082 .11086 .11087 .11088 .11089 .11090 .11091 .11093 .11095 .11096 .11097 .11099 .11100 .11102 .11103 .11104 .11105 .11106 .11108 .11109 .11110 .11112 .11113 .11115 .11116 .11118 .11121 .11122 .11123 .11125 .11126 .11127 .11128 .11130 .11131 .11133 .11135 .11137 .11138 .11140 .11144 .11146 .11147 .11148 .11149 .11152 .11153 .11155 .11157 .11159 .11160 .11163 .11164 .11166 .11167 .11168 .11169 .11170 .11171 .11173 .11174 .11175 .11176 .11177 .11179 .11180 .11181 .11182 .11185 .11187 .11188 .11189 .11191 .11192 .11195 .11196 .11197 .11201 .11202 .11204 .11206 .11207 .11212 .11213 .11215 .11218 .11219 .11220 .11221 .11222 .11223 .11224 .11226 .11227 .11228 .11229 .11231 .11232 .11233 .11234 .11237 .11238 .11240 .11241 .11243 .11244 .11247 .11251 .11252 .11253 .11254 .11255 .11258 .11259 .11261 .11265 .11268 .11271 .11272 .11273 .11274 .11278 .11279 .11280 .11281 .11283 .11284 .11286 .11287 .11288 .11289 .11290 .11291 .11293 .11294 .11295 .11296 .11297 .11298 .11300 .11303 .11310 .11311 .11312 .11314 .11315 .11316 .11319 .11324 .11325 .11326 .11329 .11330 .11331 .11334 .11336 .11337 .11338 .11339 .11341 .11342 .11345 .11346 .11350 .11352 .11357 .11359 .11361 .11365 .11366 .11367 .11373 .11379 .11381 .11382 .11383 .11389 .11391 .11392 .11393 .11395 .11396 .11397 .11398 .11399 .11402 .11403 .11404 .11405 .11406 .11407 .11409 .11410 .11411 .11412 .11413 .11415 .11419 .11423 .11424 .11425 .11426 .11428 .11429 .11430 .11431 .11433 .11435 .11440 .11442 .11443 .11446 .11448 .11449 .11450 .11454 .11460 .11464 .11467 .11469 .11472 .11473 .11477 .11479 .11481 .11482 .11484 .11486 .11489 .11492 .11496 .11501 .11508 .11511 .11512 .11514 .11515 .11516 .11520 .11530 .11537 .11538

Select option: 23 
Input the word for collection:
(use generators x1,x2,... and terminate with a semicolon)
The input word is 32 1 
The result of collection is  .333 .338 .340 .353 .582 .585 .591 .596 .597 .604 .1021 .1025 .1026 .1031 .1032 .1036 .1037 .1044 .1045 .1049 .1053 .1057 .1061 .1065 .1070 .1072 .1086 .1809 .1810 .1811 .1815 .1818 .1820 .1822 .1825 .1828 .1829 .1833 .1835 .1837 .1841 .1844 .1845 .1846 .1848 .1849 .1852 .1853 .1854 .1860 .1862 .1864 .1865 .1866 .1872 .1875 .1886 .1887 .1892 .1894 .1897 .1898 .1916 .1930 .1949 .3240 .3241 .3242 .3243 .3244 .3245 .3248 .3249 .3250 .3254 .3258 .3259 .3265 .3266 .3269 .3270 .3272 .3273 .3275 .3277 .3279 .3280 .3281 .3283 .3284 .3288 .3289 .3294 .3295 .3299 .3300 .3301 .3302 .3303 .3304 .3309 .3313 .3314 .3317 .3319 .3321 .3322 .3323 .3324 .3327 .3328 .3329 .3330 .3332 .3334 .3338 .3339 .3340 .3341 .3343 .3345 .3347 .3350 .3351 .3353 .3356 .3357 .3365 .3377 .3379 .3380 .3383 .3384 .3385 .3386 .3387 .3394 .3396 .3397 .3399 .3400 .3404 .3405 .3406 .3408 .3410 .3414 .3418 .3419 .3421 .3425 .3428 .3437 .3438 .3439 .3441 .3445 .3446 .3464 .3476 .3492 .3501 .3502 .3516 .5874 .5880 .5884 .5886 .5887 .5888 .5890 .5891 .5897 .5898 .5902 .5903 .5905 .5907 .5908 .5909 .5914 .5915 .5916 .5917 .5919 .5920 .5921 .5923 .5924 .5925 .5926 .5928 .5930 .5932 .5933 .5934 .5935 .5941 .5942 .5944 .5945 .5947 .5948 .5949 .5950 .5951 .5953 .5954 .5957 .5960 .5966 .5968 .5969 .5974 .5975 .5976 .5977 .5984 .5985 .5987 .5990 .5991 .5999 .6000 .6004 .6005 .6011 .6013 .6014 .6015 .6023 .6024 .6028 .6031 .6033 .6034 .6040 .6043 .6053 .6054 .6056 .6057 .6059 .6061 .6062 .6063 .6064 .6069 .6072 .6073 .6074 .6076 .6077 .6080 .6081 .6084 .6085 .6086 .6093 .6094 .6095 .6096 .6099 .6103 .6104 .6110 .6111 .6112 .6120 .6121 .6124 .6128 .6131 .6132 .6140 .6143 .6145 .6146 .6149 .6151 .6153 .6156 .6160 .6164 .6165 .6177 .6179 .6185 .6188 .6190 .6191 .6197 .6204 .6210 .6214 .6216 .6217 .6218 .6219 .6221 .6222 .6227 .6229 .6237 .6250 .6251 .6252 .6261 .6264 .6270 .6276 .6278 .6279 .6284 .6297 .6298 .6302 .6309 .6331 .10709 .10711 .10715 .10718 .10719 .10724 .10725 .10726 .10729 .10730 .10734 .10736 .10739 .10740 .10744 .10747 .10749 .10750 .10755 .10756 .10759 .10760 .10761 .10762 .10763 .10764 .10765 .10770 .10771 .10772 .10774 .10776 .10778 .10780 .10782 .10783 .10786 .10787 .10789 .10790 .10792 .10793 .10796 .10800 .10802 .10804 .10806 .10807 .10809 .10812 .10813 .10814 .10816 .10818 .10820 .10821 .10824 .10825 .10826 .10828 .10831 .10832 .10834 .10835 .10836 .10841 .10842 .10843 .10845 .10847 .10848 .10849 .10851 .10854 .10861 .10862 .10863 .10865 .10866 .10869 .10871 .10874 .10876 .10877 .10880 .10881 .10883 .10884 .10887 .10890 .10891 .10894 .10896 .10897 .10898 .10903 .10907 .10910 .10913 .10916 .10918 .10919 .10920 .10923 .10924 .10925 .10926 .10929 .10933 .10934 .10935 .10936 .10937 .10938 .10939 .10940 .10942 .10943 .10945 .10948 .10950 .10951 .10953 .10957 .10958 .10962 .10965 .10966 .10967 .10971 .10974 .10975 .10976 .10978 .10980 .10983 .10985 .10986 .10988 .10991 .10993 .10994 .10995 .10996 .10997 .11000 .11002 .11003 .11004 .11005 .11006 .11010 .11012 .11014 .11016 .11020 .11021 .11022 .11026 .11028 .11029 .11030 .11031 .11033 .11034 .11035 .11036 .11039 .11040 .11041 .11042 .11043 .11050 .11052 .11053 .11055 .11056 .11058 .11060 .11062 .11065 .11066 .11068 .11069 .11070 .11073 .11074 .11077 .11079 .11082 .11085 .11088 .11089 .11090 .11092 .11093 .11094 .11095 .11096 .11098 .11099 .11100 .11101 .11103 .11105 .11110 .11112 .11114 .11115 .11116 .11123 .11127 .11128 .11129 .11135 .11141 .11142 .11146 .11147 .11148 .11150 .11151 .11154 .11155 .11157 .11160 .11161 .11163 .11164 .11165 .11167 .11169 .11170 .11172 .11173 .11178 .11180 .11181 .11184 .11185 .11186 .11189 .11193 .11194 .11195 .11198 .11199 .11201 .11206 .11207 .11210 .11213 .11214 .11215 .11217 .11218 .11221 .11222 .11225 .11227 .11228 .11229 .11230 .11233 .11238 .11240 .11242 .11245 .11247 .11249 .11251 .11253 .11254 .11261 .11264 .11265 .11272 .11275 .11278 .11281 .11282 .11285 .11287 .11289 .11290 .11291 .11292 .11293 .11295 .11297 .11302 .11308 .11309 .11314 .11315 .11320 .11323 .11326 .11327 .11328 .11329 .11332 .11333 .11334 .11335 .11341 .11344 .11345 .11349 .11350 .11357 .11358 .11359 .11365 .11366 .11382 .11383 .11384 .11386 .11387 .11389 .11390 .11391 .11392 .11393 .11395 .11396 .11398 .11403 .11412 .11417 .11418 .11432 .11446 .11449 .11450 .11452 .11453 .11459 .11460 .11462 .11465 .11466 .11467 .11471 .11473 .11475 .11478 .11481

Select option: 23 
Input the word for collection:
(use generators x1,x2,... and terminate with a semicolon)
The input word is 64 1 
The result of collection is  .1025 .1029 .1030 .1041 .1050 .1086 .1814 .1815 .1828 .1834 .1835 .1838 .1840 .1841 .1842 .1844 .1853 .1854 .1856 .1865 .1866 .1868 .1870 .1882 .1883 .1892 .1904 .1906 .3247 .3249 .3250 .3255 .3257 .3258 .3270 .3277 .3279 .3280 .3284 .3285 .3286 .3288 .3292 .3293 .3296 .3298 .3301 .3303 .3304 .3307 .3309 .3317 .3321 .3325 .3329 .3332 .3333 .3336 .3337 .3338 .3341 .3345 .3348 .3349 .3351 .3354 .3355 .3356 .3364 .3376 .3378 .3380 .3384 .3391 .3394 .3396 .3398 .3405 .3418 .3422 .3423 .3492 .5873 .5876 .5879 .5880 .5885 .5890 .5894 .5899 .5902 .5903 .5904 .5908 .5923 .5928 .5932 .5935 .5939 .5941 .5942 .5943 .5945 .5946 .5947 .5949 .5953 .5955 .5956 .5957 .5958 .5959 .5961 .5962 .5967 .5970 .5971 .5972 .5973 .5974 .5975 .5976 .5978 .5979 .5980 .5981 .5983 .5984 .5985 .5989 .5990 .5991 .5992 .5999 .6000 .6001 .6002 .6004 .6005 .6006 .6011 .6014 .6016 .6019 .6024 .6027 .6028 .6031 .6035 .6036 .6038 .6042 .6044 .6046 .6048 .6049 .6050 .6052 .6053 .6054 .6060 .6063 .6064 .6065 .6067 .6069 .6070 .6074 .6075 .6080 .6093 .6114 .6115 .6117 .6118 .6119 .6122 .6124 .6126 .6128 .6129 .6131 .6139 .6140 .6141 .6142 .6143 .6145 .6146 .6147 .6149 .6150 .6152 .6158 .6160 .6166 .6175 .6177 .6189 .6208 .6210 .6214 .6217 .6259 .6269 .6270 .6293 .6298 .6309 .10711 .10712 .10716 .10719 .10725 .10728 .10734 .10737 .10738 .10739 .10745 .10746 .10751 .10755 .10756 .10760 .10763 .10764 .10767 .10769 .10770 .10771 .10772 .10775 .10778 .10779 .10783 .10792 .10795 .10796 .10798 .10799 .10800 .10801 .10803 .10806 .10807 .10809 .10810 .10811 .10812 .10814 .10815 .10819 .10826 .10827 .10828 .10831 .10833 .10835 .10839 .10840 .10841 .10842 .10848 .10849 .10850 .10855 .10856 .10857 .10859 .10862 .10863 .10866 .10867 .10871 .10875 .10876 .10878 .10882 .10883 .10884 .10887 .10888 .10891 .10892 .10894 .10897 .10898 .10900 .10901 .10908 .10909 .10910 .10912 .10914 .10915 .10916 .10918 .10919 .10921 .10922 .10924 .10926 .10931 .10933 .10934 .10935 .10937 .10940 .10941 .10942 .10947 .10953 .10956 .10961 .10969 .10971 .10972 .10974 .10976 .10978 .10979 .10980 .10981 .10985 .10986 .10988 .10992 .10993 .10995 .10996 .10999 .11000 .11003 .11005 .11006 .11009 .11010 .11011 .11015 .11016 .11018 .11023 .11024 .11027 .11028 .11029 .11031 .11034 .11038 .11039 .11040 .11049 .11052 .11053 .11054 .11056 .11057 .11058 .11062 .11064 .11069 .11070 .11071 .11072 .11074 .11075 .11076 .11077 .11078 .11082 .11087 .11089 .11093 .11094 .11096 .11105 .11107 .11109 .11115 .11116 .11122 .11126 .11128 .11131 .11135 .11138 .11140 .11143 .11144 .11154 .11158 .11160 .11161 .11167 .11169 .11172 .11173 .11174 .11178 .11182 .11184 .11186 .11188 .11192 .11194 .11195 .11198 .11200 .11202 .11209 .11212 .11213 .11214 .11215 .11217 .11220 .11224 .11225 .11226 .11227 .11230 .11238 .11239 .11240 .11241 .11242 .11247 .11249 .11257 .11260 .11274 .11279 .11280 .11283 .11289 .11295 .11308 .11310 .11320 .11322 .11326 .11328 .11334 .11382 .11384 .11385 .11388 .11393 .11396 .11409 .11411 .11412 .11414 .11431 .11446 .11448 .11449 .11452 .11453 .11458 .11461 .11465 .11475

Select option: 23 
Input the word for collection:
(use generators x1,x2,... and terminate with a semicolon)
The input word is 128 1 
The result of collection is  .5898 .5904 .5905 .5939 .5945 .5946 .5954 .5955 .5957 .5960 .5961 .5983 .5986 .5989 .5990 .6001 .6002 .6026 .6027 .6030 .6031 .6032 .6033 .6038 .6076 .6252 .10741 .10747 .10749 .10755 .10758 .10759 .10761 .10762 .10763 .10771 .10772 .10773 .10775 .10777 .10778 .10780 .10781 .10804 .10823 .10824 .10826 .10827 .10838 .10839 .10844 .10845 .10847 .10850 .10851 .10853 .10856 .10857 .10862 .10863 .10864 .10865 .10876 .10877 .10880 .10898 .10902 .10905 .10908 .10912 .10915 .10918 .10921 .10922 .10926 .10930 .10931 .10933 .10936 .10937 .10948 .10952 .10957 .10958 .10972 .10984 .10995 .10996 .11001 .11002 .11005 .11012 .11014 .11019 .11021 .11023 .11024 .11027 .11030 .11038 .11052 .11056 .11058 .11064 .11065 .11066 .11067 .11070 .11072 .11073 .11075 .11085 .11108 .11110 .11114 .11115 .11143 .11145 .11156 .11166 .11169 .11170 .11172 .11180 .11184 .11194 .11198 .11207 .11215 .11216 .11238 .11256 .11276 .11277 .11278 .11382 .11407 .11447

Select option: 23 
Input the word for collection:
(use generators x1,x2,... and terminate with a semicolon)
The input word is 256 1 
The result of collection is  IDENTITY

Select option: 31 
Exiting from interactive p-Quotient menu

Select option: 6 

Group: G to lower exponent-2 central class 16 has order 2^21418
Computation of next class took 272.15 seconds

Select option: 4 

Group: G to lower exponent-2 central class 16 has order 2^21418

Select option: 8 

Select option: 23 
Input the word for collection:
(use generators x1,x2,... and terminate with a semicolon)
The input word is 8 1 
The result of collection is  .28 .115 .119 .195 .196 .197 .201 .332 .334 .336 .340 .353 .577 .578 .579 .583 .584 .585 .586 .588 .589 .592 .596 .597 .598 .608 .612 .618 .1015 .1018 .1020 .1024 .1025 .1026 .1027 .1029 .1031 .1037 .1044 .1045 .1046 .1047 .1049 .1050 .1051 .1063 .1066 .1067 .1071 .1072 .1103 .1806 .1808 .1809 .1811 .1812 .1816 .1817 .1821 .1822 .1825 .1826 .1829 .1831 .1833 .1835 .1836 .1839 .1840 .1841 .1844 .1845 .1848 .1849 .1850 .1851 .1853 .1854 .1857 .1858 .1859 .1864 .1865 .1866 .1867 .1869 .1881 .1883 .1884 .1887 .1888 .1893 .1897 .1899 .1904 .1905 .1909 .1916 .1923 .1928 .1930 .1934 .1940 .1955 .1956 .3238 .3240 .3246 .3249 .3250 .3251 .3252 .3253 .3256 .3258 .3260 .3263 .3265 .3268 .3270 .3271 .3272 .3274 .3275 .3276 .3277 .3279 .3281 .3284 .3285 .3286 .3287 .3288 .3290 .3293 .3298 .3299 .3303 .3305 .3308 .3309 .3310 .3311 .3314 .3315 .3316 .3318 .3319 .3323 .3324 .3327 .3328 .3330 .3331 .3334 .3336 .3339 .3344 .3347 .3351 .3352 .3353 .3355 .3356 .3357 .3358 .3360 .3361 .3362 .3363 .3364 .3367 .3370 .3371 .3374 .3377 .3378 .3379 .3381 .3383 .3384 .3386 .3388 .3389 .3391 .3392 .3394 .3395 .3397 .3399 .3401 .3404 .3406 .3412 .3413 .3414 .3419 .3420 .3424 .3428 .3429 .3439 .3440 .3442 .3444 .3446 .3460 .3461 .3462 .3463 .3465 .3466 .3469 .3473 .3476 .3477 .3482 .3483 .3485 .3493 .3496 .3498 .3501 .3507 .3516 .3518 .5872 .5875 .5876 .5878 .5879 .5881 .5883 .5884 .5890 .5891 .5892 .5893 .5895 .5896 .5898 .5902 .5905 .5906 .5907 .5908 .5909 .5910 .5911 .5913 .5915 .5916 .5917 .5918 .5919 .5920 .5925 .5927 .5929 .5932 .5933 .5935 .5937 .5938 .5940 .5941 .5942 .5945 .5946 .5947 .5949 .5950 .5951 .5952 .5953 .5955 .5956 .5957 .5958 .5959 .5961 .5966 .5970 .5973 .5974 .5976 .5977 .5980 .5981 .5982 .5983 .5985 .5989 .5991 .5992 .5995 .5997 .5998 .6002 .6003 .6006 .6007 .6010 .6012 .6015 .6016 .6017 .6018 .6021 .6022 .6027 .6031 .6033 .6034 .6036 .6038 .6039 .6040 .6044 .6047 .6049 .6050 .6051 .6054 .6056 .6057 .6058 .6059 .6061 .6062 .6063 .6064 .6068 .6071 .6072 .6075 .6076 .6083 .6089 .6090 .6093 .6094 .6095 .6101 .6103 .6105 .6106 .6107 .6109 .6110 .6115 .6117 .6119 .6121 .6122 .6125 .6128 .6131 .6133 .6137 .6138 .6139 .6140 .6143 .6145 .6146 .6148 .6149 .6152 .6154 .6159 .6160 .6161 .6162 .6163 .6172 .6173 .6174 .6175 .6177 .6178 .6179 .6181 .6189 .6191 .6193 .6195 .6196 .6197 .6199 .6201 .6204 .6205 .6206 .6209 .6211 .6212 .6213 .6215 .6216 .6217 .6218 .6222 .6224 .6225 .6227 .6229 .6230 .6232 .6233 .6237 .6244 .6245 .6246 .6249 .6250 .6254 .6255 .6256 .6257 .6258 .6260 .6261 .6269 .6271 .6278 .6284 .6285 .6289 .6294 .6295 .6296 .6297 .6301 .6302 .6306 .6310 .6311 .6312 .6315 .6316 .6318 .6325 .6330 .6331 .6332 .6336 .6339 .10711 .10712 .10713 .10715 .10716 .10718 .10720 .10721 .10723 .10724 .10726 .10727 .10728 .10730 .10731 .10733 .10734 .10735 .10737 .10738 .10741 .10742 .10743 .10744 .10746 .10750 .10751 .10753 .10758 .10759 .10760 .10762 .10764 .10765 .10766 .10767 .10769 .10772 .10773 .10775 .10779 .10782 .10783 .10784 .10786 .10789 .10790 .10791 .10794 .10795 .10796 .10798 .10799 .10804 .10805 .10807 .10809 .10811 .10812 .10814 .10815 .10816 .10818 .10820 .10823 .10827 .10830 .10831 .10833 .10834 .10835 .10836 .10837 .10838 .10839 .10842 .10843 .10844 .10845 .10848 .10853 .10855 .10856 .10857 .10859 .10861 .10863 .10864 .10868 .10872 .10876 .10877 .10890 .10892 .10893 .10894 .10895 .10896 .10898 .10900 .10901 .10902 .10903 .10906 .10907 .10908 .10912 .10914 .10916 .10917 .10920 .10922 .10924 .10926 .10927 .10929 .10932 .10933 .10936 .10938 .10939 .10945 .10947 .10948 .10949 .10950 .10954 .10955 .10957 .10960 .10962 .10964 .10966 .10969 .10970 .10973 .10975 .10979 .10981 .10985 .10991 .10992 .10993 .10995 .10997 .10999 .11000 .11001 .11003 .11005 .11006 .11007 .11013 .11014 .11018 .11019 .11020 .11021 .11024 .11025 .11027 .11029 .11030 .11031 .11035 .11036 .11037 .11041 .11044 .11047 .11048 .11050 .11056 .11058 .11064 .11065 .11066 .11068 .11069 .11070 .11072 .11076 .11077 .11078 .11079 .11080 .11082 .11086 .11087 .11088 .11089 .11090 .11091 .11093 .11095 .11096 .11097 .11099 .11100 .11102 .11103 .11104 .11105 .11106 .11108 .11109 .11110 .11112 .11113 .11115 .11116 .11118 .11121 .11122 .11123 .11125 .11126 .11127 .11128 .11130 .11131 .11133 .11135 .11137 .11138 .11140 .11144 .11146 .11147 .11148 .11149 .11152 .11153 .11155 .11157 .11159 .11160 .11163 .11164 .11166 .11167 .11168 .11169 .11170 .11171 .11173 .11174 .11175 .11176 .11177 .11179 .11180 .11181 .11182 .11185 .11187 .11188 .11189 .11191 .11192 .11195 .11196 .11197 .11201 .11202 .11204 .11206 .11207 .11212 .11213 .11215 .11218 .11219 .11220 .11221 .11222 .11223 .11224 .11226 .11227 .11228 .11229 .11231 .11232 .11233 .11234 .11237 .11238 .11240 .11241 .11243 .11244 .11247 .11251 .11252 .11253 .11254 .11255 .11258 .11259 .11261 .11265 .11268 .11271 .11272 .11273 .11274 .11278 .11279 .11280 .11281 .11283 .11284 .11286 .11287 .11288 .11289 .11290 .11291 .11293 .11294 .11295 .11296 .11297 .11298 .11300 .11303 .11310 .11311 .11312 .11314 .11315 .11316 .11319 .11324 .11325 .11326 .11329 .11330 .11331 .11334 .11336 .11337 .11338 .11339 .11341 .11342 .11345 .11346 .11350 .11352 .11357 .11359 .11361 .11365 .11366 .11367 .11373 .11379 .11381 .11382 .11383 .11389 .11391 .11392 .11393 .11395 .11396 .11397 .11398 .11399 .11402 .11403 .11404 .11405 .11406 .11407 .11409 .11410 .11411 .11412 .11413 .11415 .11419 .11423 .11424 .11425 .11426 .11428 .11429 .11430 .11431 .11433 .11435 .11440 .11442 .11443 .11446 .11448 .11449 .11450 .11454 .11460 .11464 .11467 .11469 .11472 .11473 .11477 .11479 .11481 .11482 .11484 .11486 .11489 .11492 .11496 .11501 .11508 .11511 .11512 .11514 .11515 .11516 .11520 .11530 .11537 .11538 .19676 .19677 .19678 .19679 .19682 .19684 .19685 .19687 .19689 .19690 .19693 .19695 .19697 .19698 .19700 .19702 .19704 .19706 .19707 .19709 .19712 .19715 .19716 .19720 .19721 .19723 .19725 .19727 .19728 .19729 .19732 .19733 .19736 .19738 .19740 .19742 .19744 .19745 .19748 .19751 .19752 .19754 .19755 .19758 .19761 .19764 .19769 .19771 .19774 .19775 .19778 .19780 .19781 .19784 .19786 .19787 .19789 .19790 .19793 .19795 .19796 .19797 .19799 .19803 .19805 .19806 .19808 .19809 .19810 .19811 .19812 .19813 .19814 .19815 .19817 .19819 .19821 .19823 .19826 .19827 .19831 .19832 .19835 .19839 .19841 .19842 .19844 .19846 .19847 .19848 .19851 .19855 .19859 .19860 .19861 .19863 .19864 .19869 .19870 .19871 .19875 .19878 .19880 .19882 .19883 .19884 .19886 .19887 .19888 .19891 .19892 .19895 .19896 .19897 .19899 .19900 .19901 .19906 .19910 .19912 .19913 .19915 .19916 .19918 .19920 .19923 .19924 .19925 .19926 .19927 .19928 .19930 .19931 .19933 .19936 .19937 .19939 .19942 .19944 .19945 .19946 .19947 .19948 .19950 .19951 .19952 .19954 .19956 .19960 .19961 .19962 .19963 .19965 .19966 .19967 .19968 .19970 .19972 .19974 .19977 .19978 .19980 .19982 .19984 .19985 .19986 .19987 .19989 .19990 .19991 .19992 .19994 .19996 .20000 .20001 .20006 .20007 .20009 .20010 .20011 .20012 .20014 .20015 .20017 .20018 .20019 .20021 .20025 .20026 .20027 .20029 .20031 .20033 .20034 .20035 .20037 .20038 .20043 .20044 .20045 .20046 .20048 .20051 .20052 .20054 .20056 .20058 .20059 .20062 .20065 .20068 .20069 .20071 .20074 .20077 .20078 .20082 .20090 .20094 .20098 .20101 .20102 .20103 .20104 .20105 .20106 .20107 .20108 .20109 .20111 .20113 .20115 .20117 .20118 .20122 .20131 .20132 .20134 .20135 .20139 .20140 .20141 .20142 .20147 .20148 .20149 .20151 .20152 .20153 .20156 .20157 .20160 .20162 .20164 .20167 .20169 .20171 .20172 .20174 .20175 .20177 .20180 .20182 .20184 .20186 .20188 .20189 .20190 .20191 .20194 .20195 .20199 .20201 .20203 .20204 .20207 .20212 .20214 .20217 .20220 .20224 .20228 .20229 .20230 .20232 .20233 .20235 .20236 .20237 .20240 .20242 .20243 .20247 .20250 .20254 .20255 .20258 .20261 .20266 .20271 .20275 .20276 .20279 .20280 .20282 .20286 .20288 .20300 .20302 .20306 .20308 .20309 .20311 .20312 .20313 .20315 .20316 .20317 .20319 .20322 .20323 .20324 .20325 .20326 .20327 .20328 .20330 .20332 .20333 .20338 .20339 .20340 .20342 .20347 .20348 .20351 .20356 .20361 .20366 .20367 .20368 .20369 .20372 .20373 .20374 .20376 .20377 .20380 .20381 .20385 .20387 .20390 .20391 .20392 .20394 .20395 .20396 .20399 .20401 .20402 .20407 .20410 .20411 .20412 .20413 .20414 .20415 .20416 .20417 .20419 .20420 .20424 .20426 .20427 .20431 .20436 .20437 .20439 .20441 .20442 .20443 .20444 .20445 .20448 .20450 .20453 .20454 .20456 .20457 .20460 .20461 .20464 .20467 .20468 .20470 .20471 .20472 .20475 .20477 .20479 .20488 .20496 .20499 .20501 .20502 .20503 .20504 .20505 .20507 .20510 .20512 .20514 .20515 .20517 .20518 .20523 .20526 .20528 .20529 .20531 .20532 .20533 .20535 .20539 .20541 .20542 .20543 .20544 .20547 .20548 .20549 .20551 .20552 .20554 .20555 .20556 .20559 .20560 .20561 .20563 .20565 .20567 .20572 .20574 .20575 .20576 .20579 .20581 .20584 .20586 .20590 .20594 .20596 .20598 .20603 .20604 .20605 .20607 .20609 .20610 .20611 .20612 .20619 .20620 .20621 .20623 .20628 .20635 .20636 .20637 .20639 .20641 .20643 .20645 .20647 .20648 .20649 .20651 .20659 .20660 .20662 .20663 .20665 .20667 .20668 .20669 .20671 .20672 .20673 .20674 .20675 .20676 .20677 .20681 .20682 .20684 .20687 .20689 .20690 .20691 .20692 .20696 .20699 .20702 .20703 .20704 .20706 .20707 .20708 .20710 .20711 .20712 .20713 .20714 .20715 .20716 .20721 .20723 .20724 .20726 .20731 .20733 .20734 .20738 .20742 .20743 .20744 .20745 .20746 .20747 .20749 .20752 .20754 .20755 .20756 .20757 .20759 .20760 .20762 .20765 .20766 .20769 .20770 .20772 .20773 .20774 .20778 .20783 .20786 .20787 .20788 .20790 .20791 .20794 .20797 .20798 .20799 .20800 .20802 .20806 .20807 .20808 .20809 .20813 .20815 .20816 .20823 .20824 .20825 .20826 .20829 .20831 .20833 .20834 .20835 .20836 .20838 .20839 .20840 .20841 .20843 .20844 .20847 .20852 .20854 .20856 .20857 .20860 .20864 .20866 .20868 .20870 .20871 .20875 .20876 .20878 .20880 .20883 .20886 .20887 .20888 .20889 .20893 .20895 .20896 .20897 .20899 .20900 .20901 .20902 .20908 .20912 .20915 .20916 .20920 .20921 .20923 .20931 .20934 .20935 .20938 .20939 .20943 .20948 .20949 .20950 .20952 .20953 .20954 .20955 .20956 .20957 .20959 .20960 .20961 .20963 .20965 .20966 .20967 .20969 .20970 .20974 .20976 .20977 .20980 .20985 .20986 .20988 .20997 .20998 .21000 .21001 .21002 .21010 .21012 .21017 .21028 .21029 .21030 .21031 .21032 .21034 .21036 .21044 .21046 .21053 .21054 .21055 .21068

Select option: 23 
Input the word for collection:
(use generators x1,x2,... and terminate with a semicolon)
The input word is 16 1 
The result of collection is  .115 .119 .195 .196 .197 .201 .332 .334 .336 .340 .353 .577 .578 .579 .583 .584 .585 .586 .588 .589 .592 .596 .597 .598 .608 .612 .618 .1015 .1018 .1020 .1024 .1025 .1026 .1027 .1029 .1031 .1037 .1044 .1045 .1046 .1047 .1049 .1050 .1051 .1063 .1066 .1067 .1071 .1072 .1103 .1806 .1808 .1809 .1811 .1812 .1816 .1817 .1821 .1822 .1825 .1826 .1829 .1831 .1833 .1835 .1836 .1839 .1840 .1841 .1844 .1845 .1848 .1849 .1850 .1851 .1853 .1854 .1857 .1858 .1859 .1864 .1865 .1866 .1867 .1869 .1881 .1883 .1884 .1887 .1888 .1893 .1897 .1899 .1904 .1905 .1909 .1916 .1923 .1928 .1930 .1934 .1940 .1955 .1956 .3238 .3240 .3246 .3249 .3250 .3251 .3252 .3253 .3256 .3258 .3260 .3263 .3265 .3268 .3270 .3271 .3272 .3274 .3275 .3276 .3277 .3279 .3281 .3284 .3285 .3286 .3287 .3288 .3290 .3293 .3298 .3299 .3303 .3305 .3308 .3309 .3310 .3311 .3314 .3315 .3316 .3318 .3319 .3323 .3324 .3327 .3328 .3330 .3331 .3334 .3336 .3339 .3344 .3347 .3351 .3352 .3353 .3355 .3356 .3357 .3358 .3360 .3361 .3362 .3363 .3364 .3367 .3370 .3371 .3374 .3377 .3378 .3379 .3381 .3383 .3384 .3386 .3388 .3389 .3391 .3392 .3394 .3395 .3397 .3399 .3401 .3404 .3406 .3412 .3413 .3414 .3419 .3420 .3424 .3428 .3429 .3439 .3440 .3442 .3444 .3446 .3460 .3461 .3462 .3463 .3465 .3466 .3469 .3473 .3476 .3477 .3482 .3483 .3485 .3493 .3496 .3498 .3501 .3507 .3516 .3518 .5872 .5875 .5876 .5878 .5879 .5881 .5883 .5884 .5890 .5891 .5892 .5893 .5895 .5896 .5898 .5902 .5905 .5906 .5907 .5908 .5909 .5910 .5911 .5913 .5915 .5916 .5917 .5918 .5919 .5920 .5925 .5927 .5929 .5932 .5933 .5935 .5937 .5938 .5940 .5941 .5942 .5945 .5946 .5947 .5949 .5950 .5951 .5952 .5953 .5955 .5956 .5957 .5958 .5959 .5961 .5966 .5970 .5973 .5974 .5976 .5977 .5980 .5981 .5982 .5983 .5985 .5989 .5991 .5992 .5995 .5997 .5998 .6002 .6003 .6006 .6007 .6010 .6012 .6015 .6016 .6017 .6018 .6021 .6022 .6027 .6031 .6033 .6034 .6036 .6038 .6039 .6040 .6044 .6047 .6049 .6050 .6051 .6054 .6056 .6057 .6058 .6059 .6061 .6062 .6063 .6064 .6068 .6071 .6072 .6075 .6076 .6083 .6089 .6090 .6093 .6094 .6095 .6101 .6103 .6105 .6106 .6107 .6109 .6110 .6115 .6117 .6119 .6121 .6122 .6125 .6128 .6131 .6133 .6137 .6138 .6139 .6140 .6143 .6145 .6146 .6148 .6149 .6152 .6154 .6159 .6160 .6161 .6162 .6163 .6172 .6173 .6174 .6175 .6177 .6178 .6179 .6181 .6189 .6191 .6193 .6195 .6196 .6197 .6199 .6201 .6204 .6205 .6206 .6209 .6211 .6212 .6213 .6215 .6216 .6217 .6218 .6222 .6224 .6225 .6227 .6229 .6230 .6232 .6233 .6237 .6244 .6245 .6246 .6249 .6250 .6254 .6255 .6256 .6257 .6258 .6260 .6261 .6269 .6271 .6278 .6284 .6285 .6289 .6294 .6295 .6296 .6297 .6301 .6302 .6306 .6310 .6311 .6312 .6315 .6316 .6318 .6325 .6330 .6331 .6332 .6336 .6339 .10711 .10712 .10713 .10715 .10716 .10718 .10720 .10721 .10723 .10724 .10726 .10727 .10728 .10730 .10731 .10733 .10734 .10735 .10737 .10738 .10741 .10742 .10743 .10744 .10746 .10750 .10751 .10753 .10758 .10759 .10760 .10762 .10764 .10765 .10766 .10767 .10769 .10772 .10773 .10775 .10779 .10782 .10783 .10784 .10786 .10789 .10790 .10791 .10794 .10795 .10796 .10798 .10799 .10804 .10805 .10807 .10809 .10811 .10812 .10814 .10815 .10816 .10818 .10820 .10823 .10827 .10830 .10831 .10833 .10834 .10835 .10836 .10837 .10838 .10839 .10842 .10843 .10844 .10845 .10848 .10853 .10855 .10856 .10857 .10859 .10861 .10863 .10864 .10868 .10872 .10876 .10877 .10890 .10892 .10893 .10894 .10895 .10896 .10898 .10900 .10901 .10902 .10903 .10906 .10907 .10908 .10912 .10914 .10916 .10917 .10920 .10922 .10924 .10926 .10927 .10929 .10932 .10933 .10936 .10938 .10939 .10945 .10947 .10948 .10949 .10950 .10954 .10955 .10957 .10960 .10962 .10964 .10966 .10969 .10970 .10973 .10975 .10979 .10981 .10985 .10991 .10992 .10993 .10995 .10997 .10999 .11000 .11001 .11003 .11005 .11006 .11007 .11013 .11014 .11018 .11019 .11020 .11021 .11024 .11025 .11027 .11029 .11030 .11031 .11035 .11036 .11037 .11041 .11044 .11047 .11048 .11050 .11056 .11058 .11064 .11065 .11066 .11068 .11069 .11070 .11072 .11076 .11077 .11078 .11079 .11080 .11082 .11086 .11087 .11088 .11089 .11090 .11091 .11093 .11095 .11096 .11097 .11099 .11100 .11102 .11103 .11104 .11105 .11106 .11108 .11109 .11110 .11112 .11113 .11115 .11116 .11118 .11121 .11122 .11123 .11125 .11126 .11127 .11128 .11130 .11131 .11133 .11135 .11137 .11138 .11140 .11144 .11146 .11147 .11148 .11149 .11152 .11153 .11155 .11157 .11159 .11160 .11163 .11164 .11166 .11167 .11168 .11169 .11170 .11171 .11173 .11174 .11175 .11176 .11177 .11179 .11180 .11181 .11182 .11185 .11187 .11188 .11189 .11191 .11192 .11195 .11196 .11197 .11201 .11202 .11204 .11206 .11207 .11212 .11213 .11215 .11218 .11219 .11220 .11221 .11222 .11223 .11224 .11226 .11227 .11228 .11229 .11231 .11232 .11233 .11234 .11237 .11238 .11240 .11241 .11243 .11244 .11247 .11251 .11252 .11253 .11254 .11255 .11258 .11259 .11261 .11265 .11268 .11271 .11272 .11273 .11274 .11278 .11279 .11280 .11281 .11283 .11284 .11286 .11287 .11288 .11289 .11290 .11291 .11293 .11294 .11295 .11296 .11297 .11298 .11300 .11303 .11310 .11311 .11312 .11314 .11315 .11316 .11319 .11324 .11325 .11326 .11329 .11330 .11331 .11334 .11336 .11337 .11338 .11339 .11341 .11342 .11345 .11346 .11350 .11352 .11357 .11359 .11361 .11365 .11366 .11367 .11373 .11379 .11381 .11382 .11383 .11389 .11391 .11392 .11393 .11395 .11396 .11397 .11398 .11399 .11402 .11403 .11404 .11405 .11406 .11407 .11409 .11410 .11411 .11412 .11413 .11415 .11419 .11423 .11424 .11425 .11426 .11428 .11429 .11430 .11431 .11433 .11435 .11440 .11442 .11443 .11446 .11448 .11449 .11450 .11454 .11460 .11464 .11467 .11469 .11472 .11473 .11477 .11479 .11481 .11482 .11484 .11486 .11489 .11492 .11496 .11501 .11508 .11511 .11512 .11514 .11515 .11516 .11520 .11530 .11537 .11538 .19676 .19677 .19678 .19679 .19682 .19684 .19685 .19687 .19689 .19690 .19693 .19695 .19697 .19698 .19700 .19702 .19704 .19706 .19707 .19709 .19712 .19715 .19716 .19720 .19721 .19723 .19725 .19727 .19728 .19729 .19732 .19733 .19736 .19738 .19740 .19742 .19744 .19745 .19748 .19751 .19752 .19754 .19755 .19758 .19761 .19764 .19769 .19771 .19774 .19775 .19778 .19780 .19781 .19784 .19786 .19787 .19789 .19790 .19793 .19795 .19796 .19797 .19799 .19803 .19805 .19806 .19808 .19809 .19810 .19811 .19812 .19813 .19814 .19815 .19817 .19819 .19821 .19823 .19826 .19827 .19831 .19832 .19835 .19839 .19841 .19842 .19844 .19846 .19847 .19848 .19851 .19855 .19859 .19860 .19861 .19863 .19864 .19869 .19870 .19871 .19875 .19878 .19880 .19882 .19883 .19884 .19886 .19887 .19888 .19891 .19892 .19895 .19896 .19897 .19899 .19900 .19901 .19906 .19910 .19912 .19913 .19915 .19916 .19918 .19920 .19923 .19924 .19925 .19926 .19927 .19928 .19930 .19931 .19933 .19936 .19937 .19939 .19942 .19944 .19945 .19946 .19947 .19948 .19950 .19951 .19952 .19954 .19956 .19960 .19961 .19962 .19963 .19965 .19966 .19967 .19968 .19970 .19972 .19974 .19977 .19978 .19980 .19982 .19984 .19985 .19986 .19987 .19989 .19990 .19991 .19992 .19994 .19996 .20000 .20001 .20006 .20007 .20009 .20010 .20011 .20012 .20014 .20015 .20017 .20018 .20019 .20021 .20025 .20026 .20027 .20029 .20031 .20033 .20034 .20035 .20037 .20038 .20043 .20044 .20045 .20046 .20048 .20051 .20052 .20054 .20056 .20058 .20059 .20062 .20065 .20068 .20069 .20071 .20074 .20077 .20078 .20082 .20090 .20094 .20098 .20101 .20102 .20103 .20104 .20105 .20106 .20107 .20108 .20109 .20111 .20113 .20115 .20117 .20118 .20122 .20131 .20132 .20134 .20135 .20139 .20140 .20141 .20142 .20147 .20148 .20149 .20151 .20152 .20153 .20156 .20157 .20160 .20162 .20164 .20167 .20169 .20171 .20172 .20174 .20175 .20177 .20180 .20182 .20184 .20186 .20188 .20189 .20190 .20191 .20194 .20195 .20199 .20201 .20203 .20204 .20207 .20212 .20214 .20217 .20220 .20224 .20228 .20229 .20230 .20232 .20233 .20235 .20236 .20237 .20240 .20242 .20243 .20247 .20250 .20254 .20255 .20258 .20261 .20266 .20271 .20275 .20276 .20279 .20280 .20282 .20286 .20288 .20300 .20302 .20306 .20308 .20309 .20311 .20312 .20313 .20315 .20316 .20317 .20319 .20322 .20323 .20324 .20325 .20326 .20327 .20328 .20330 .20332 .20333 .20338 .20339 .20340 .20342 .20347 .20348 .20351 .20356 .20361 .20366 .20367 .20368 .20369 .20372 .20373 .20374 .20376 .20377 .20380 .20381 .20385 .20387 .20390 .20391 .20392 .20394 .20395 .20396 .20399 .20401 .20402 .20407 .20410 .20411 .20412 .20413 .20414 .20415 .20416 .20417 .20419 .20420 .20424 .20426 .20427 .20431 .20436 .20437 .20439 .20441 .20442 .20443 .20444 .20445 .20448 .20450 .20453 .20454 .20456 .20457 .20460 .20461 .20464 .20467 .20468 .20470 .20471 .20472 .20475 .20477 .20479 .20488 .20496 .20499 .20501 .20502 .20503 .20504 .20505 .20507 .20510 .20512 .20514 .20515 .20517 .20518 .20523 .20526 .20528 .20529 .20531 .20532 .20533 .20535 .20539 .20541 .20542 .20543 .20544 .20547 .20548 .20549 .20551 .20552 .20554 .20555 .20556 .20559 .20560 .20561 .20563 .20565 .20567 .20572 .20574 .20575 .20576 .20579 .20581 .20584 .20586 .20590 .20594 .20596 .20598 .20603 .20604 .20605 .20607 .20609 .20610 .20611 .20612 .20619 .20620 .20621 .20623 .20628 .20635 .20636 .20637 .20639 .20641 .20643 .20645 .20647 .20648 .20649 .20651 .20659 .20660 .20662 .20663 .20665 .20667 .20668 .20669 .20671 .20672 .20673 .20674 .20675 .20676 .20677 .20681 .20682 .20684 .20687 .20689 .20690 .20691 .20692 .20696 .20699 .20702 .20703 .20704 .20706 .20707 .20708 .20710 .20711 .20712 .20713 .20714 .20715 .20716 .20721 .20723 .20724 .20726 .20731 .20733 .20734 .20738 .20742 .20743 .20744 .20745 .20746 .20747 .20749 .20752 .20754 .20755 .20756 .20757 .20759 .20760 .20762 .20765 .20766 .20769 .20770 .20772 .20773 .20774 .20778 .20783 .20786 .20787 .20788 .20790 .20791 .20794 .20797 .20798 .20799 .20800 .20802 .20806 .20807 .20808 .20809 .20813 .20815 .20816 .20823 .20824 .20825 .20826 .20829 .20831 .20833 .20834 .20835 .20836 .20838 .20839 .20840 .20841 .20843 .20844 .20847 .20852 .20854 .20856 .20857 .20860 .20864 .20866 .20868 .20870 .20871 .20875 .20876 .20878 .20880 .20883 .20886 .20887 .20888 .20889 .20893 .20895 .20896 .20897 .20899 .20900 .20901 .20902 .20908 .20912 .20915 .20916 .20920 .20921 .20923 .20931 .20934 .20935 .20938 .20939 .20943 .20948 .20949 .20950 .20952 .20953 .20954 .20955 .20956 .20957 .20959 .20960 .20961 .20963 .20965 .20966 .20967 .20969 .20970 .20974 .20976 .20977 .20980 .20985 .20986 .20988 .20997 .20998 .21000 .21001 .21002 .21010 .21012 .21017 .21028 .21029 .21030 .21031 .21032 .21034 .21036 .21044 .21046 .21053 .21054 .21055 .21068

Select option: 23 
Input the word for collection:
(use generators x1,x2,... and terminate with a semicolon)
The input word is 32 1 
The result of collection is  .333 .338 .340 .353 .582 .585 .591 .596 .597 .604 .1021 .1025 .1026 .1031 .1032 .1036 .1037 .1044 .1045 .1049 .1053 .1057 .1061 .1065 .1070 .1072 .1086 .1809 .1810 .1811 .1815 .1818 .1820 .1822 .1825 .1828 .1829 .1833 .1835 .1837 .1841 .1844 .1845 .1846 .1848 .1849 .1852 .1853 .1854 .1860 .1862 .1864 .1865 .1866 .1872 .1875 .1886 .1887 .1892 .1894 .1897 .1898 .1916 .1930 .1949 .3240 .3241 .3242 .3243 .3244 .3245 .3248 .3249 .3250 .3254 .3258 .3259 .3265 .3266 .3269 .3270 .3272 .3273 .3275 .3277 .3279 .3280 .3281 .3283 .3284 .3288 .3289 .3294 .3295 .3299 .3300 .3301 .3302 .3303 .3304 .3309 .3313 .3314 .3317 .3319 .3321 .3322 .3323 .3324 .3327 .3328 .3329 .3330 .3332 .3334 .3338 .3339 .3340 .3341 .3343 .3345 .3347 .3350 .3351 .3353 .3356 .3357 .3365 .3377 .3379 .3380 .3383 .3384 .3385 .3386 .3387 .3394 .3396 .3397 .3399 .3400 .3404 .3405 .3406 .3408 .3410 .3414 .3418 .3419 .3421 .3425 .3428 .3437 .3438 .3439 .3441 .3445 .3446 .3464 .3476 .3492 .3501 .3502 .3516 .5874 .5880 .5884 .5886 .5887 .5888 .5890 .5891 .5897 .5898 .5902 .5903 .5905 .5907 .5908 .5909 .5914 .5915 .5916 .5917 .5919 .5920 .5921 .5923 .5924 .5925 .5926 .5928 .5930 .5932 .5933 .5934 .5935 .5941 .5942 .5944 .5945 .5947 .5948 .5949 .5950 .5951 .5953 .5954 .5957 .5960 .5966 .5968 .5969 .5974 .5975 .5976 .5977 .5984 .5985 .5987 .5990 .5991 .5999 .6000 .6004 .6005 .6011 .6013 .6014 .6015 .6023 .6024 .6028 .6031 .6033 .6034 .6040 .6043 .6053 .6054 .6056 .6057 .6059 .6061 .6062 .6063 .6064 .6069 .6072 .6073 .6074 .6076 .6077 .6080 .6081 .6084 .6085 .6086 .6093 .6094 .6095 .6096 .6099 .6103 .6104 .6110 .6111 .6112 .6120 .6121 .6124 .6128 .6131 .6132 .6140 .6143 .6145 .6146 .6149 .6151 .6153 .6156 .6160 .6164 .6165 .6177 .6179 .6185 .6188 .6190 .6191 .6197 .6204 .6210 .6214 .6216 .6217 .6218 .6219 .6221 .6222 .6227 .6229 .6237 .6250 .6251 .6252 .6261 .6264 .6270 .6276 .6278 .6279 .6284 .6297 .6298 .6302 .6309 .6331 .10709 .10711 .10715 .10718 .10719 .10724 .10725 .10726 .10729 .10730 .10734 .10736 .10739 .10740 .10744 .10747 .10749 .10750 .10755 .10756 .10759 .10760 .10761 .10762 .10763 .10764 .10765 .10770 .10771 .10772 .10774 .10776 .10778 .10780 .10782 .10783 .10786 .10787 .10789 .10790 .10792 .10793 .10796 .10800 .10802 .10804 .10806 .10807 .10809 .10812 .10813 .10814 .10816 .10818 .10820 .10821 .10824 .10825 .10826 .10828 .10831 .10832 .10834 .10835 .10836 .10841 .10842 .10843 .10845 .10847 .10848 .10849 .10851 .10854 .10861 .10862 .10863 .10865 .10866 .10869 .10871 .10874 .10876 .10877 .10880 .10881 .10883 .10884 .10887 .10890 .10891 .10894 .10896 .10897 .10898 .10903 .10907 .10910 .10913 .10916 .10918 .10919 .10920 .10923 .10924 .10925 .10926 .10929 .10933 .10934 .10935 .10936 .10937 .10938 .10939 .10940 .10942 .10943 .10945 .10948 .10950 .10951 .10953 .10957 .10958 .10962 .10965 .10966 .10967 .10971 .10974 .10975 .10976 .10978 .10980 .10983 .10985 .10986 .10988 .10991 .10993 .10994 .10995 .10996 .10997 .11000 .11002 .11003 .11004 .11005 .11006 .11010 .11012 .11014 .11016 .11020 .11021 .11022 .11026 .11028 .11029 .11030 .11031 .11033 .11034 .11035 .11036 .11039 .11040 .11041 .11042 .11043 .11050 .11052 .11053 .11055 .11056 .11058 .11060 .11062 .11065 .11066 .11068 .11069 .11070 .11073 .11074 .11077 .11079 .11082 .11085 .11088 .11089 .11090 .11092 .11093 .11094 .11095 .11096 .11098 .11099 .11100 .11101 .11103 .11105 .11110 .11112 .11114 .11115 .11116 .11123 .11127 .11128 .11129 .11135 .11141 .11142 .11146 .11147 .11148 .11150 .11151 .11154 .11155 .11157 .11160 .11161 .11163 .11164 .11165 .11167 .11169 .11170 .11172 .11173 .11178 .11180 .11181 .11184 .11185 .11186 .11189 .11193 .11194 .11195 .11198 .11199 .11201 .11206 .11207 .11210 .11213 .11214 .11215 .11217 .11218 .11221 .11222 .11225 .11227 .11228 .11229 .11230 .11233 .11238 .11240 .11242 .11245 .11247 .11249 .11251 .11253 .11254 .11261 .11264 .11265 .11272 .11275 .11278 .11281 .11282 .11285 .11287 .11289 .11290 .11291 .11292 .11293 .11295 .11297 .11302 .11308 .11309 .11314 .11315 .11320 .11323 .11326 .11327 .11328 .11329 .11332 .11333 .11334 .11335 .11341 .11344 .11345 .11349 .11350 .11357 .11358 .11359 .11365 .11366 .11382 .11383 .11384 .11386 .11387 .11389 .11390 .11391 .11392 .11393 .11395 .11396 .11398 .11403 .11412 .11417 .11418 .11432 .11446 .11449 .11450 .11452 .11453 .11459 .11460 .11462 .11465 .11466 .11467 .11471 .11473 .11475 .11478 .11481 .19678 .19680 .19683 .19684 .19685 .19686 .19691 .19694 .19695 .19702 .19703 .19706 .19709 .19711 .19712 .19714 .19716 .19717 .19723 .19724 .19726 .19727 .19730 .19731 .19732 .19734 .19735 .19737 .19738 .19739 .19740 .19741 .19744 .19745 .19746 .19747 .19748 .19749 .19752 .19753 .19762 .19763 .19765 .19768 .19771 .19772 .19773 .19774 .19776 .19777 .19779 .19781 .19785 .19787 .19789 .19792 .19793 .19794 .19795 .19796 .19797 .19801 .19802 .19806 .19810 .19811 .19814 .19815 .19816 .19817 .19818 .19819 .19821 .19822 .19823 .19825 .19826 .19828 .19830 .19832 .19834 .19836 .19838 .19840 .19842 .19843 .19846 .19850 .19852 .19853 .19857 .19861 .19864 .19865 .19866 .19867 .19868 .19869 .19870 .19871 .19873 .19876 .19877 .19878 .19879 .19882 .19883 .19884 .19885 .19888 .19890 .19891 .19892 .19895 .19896 .19901 .19902 .19905 .19907 .19908 .19909 .19911 .19915 .19916 .19917 .19921 .19923 .19927 .19928 .19931 .19934 .19936 .19939 .19940 .19942 .19943 .19944 .19945 .19948 .19950 .19952 .19956 .19957 .19958 .19960 .19961 .19963 .19968 .19971 .19973 .19975 .19977 .19978 .19979 .19982 .19987 .19988 .19989 .19991 .19992 .19993 .19994 .19996 .19997 .19999 .20004 .20005 .20007 .20009 .20010 .20012 .20013 .20014 .20015 .20016 .20018 .20032 .20033 .20034 .20037 .20038 .20039 .20047 .20048 .20049 .20052 .20053 .20054 .20055 .20056 .20057 .20058 .20061 .20063 .20065 .20068 .20072 .20074 .20075 .20078 .20079 .20080 .20081 .20082 .20088 .20090 .20095 .20096 .20097 .20098 .20102 .20104 .20105 .20108 .20109 .20110 .20111 .20113 .20114 .20115 .20117 .20118 .20121 .20124 .20125 .20127 .20136 .20137 .20140 .20141 .20142 .20143 .20144 .20145 .20146 .20149 .20150 .20152 .20153 .20158 .20160 .20161 .20165 .20166 .20168 .20169 .20171 .20172 .20174 .20176 .20179 .20180 .20181 .20183 .20184 .20186 .20189 .20191 .20192 .20195 .20199 .20204 .20206 .20209 .20213 .20218 .20219 .20222 .20223 .20225 .20226 .20227 .20229 .20230 .20236 .20238 .20240 .20241 .20242 .20244 .20247 .20249 .20250 .20251 .20252 .20253 .20259 .20260 .20261 .20262 .20263 .20264 .20265 .20266 .20268 .20271 .20274 .20276 .20279 .20281 .20283 .20284 .20285 .20287 .20290 .20291 .20293 .20295 .20296 .20298 .20300 .20302 .20306 .20309 .20310 .20312 .20317 .20318 .20319 .20321 .20322 .20323 .20324 .20325 .20329 .20330 .20332 .20333 .20334 .20335 .20336 .20337 .20339 .20340 .20345 .20347 .20351 .20353 .20357 .20360 .20362 .20363 .20364 .20367 .20368 .20370 .20371 .20373 .20374 .20375 .20376 .20378 .20381 .20382 .20383 .20386 .20387 .20391 .20395 .20396 .20398 .20400 .20404 .20405 .20406 .20409 .20410 .20411 .20413 .20415 .20416 .20419 .20423 .20424 .20427 .20430 .20432 .20433 .20439 .20442 .20444 .20448 .20449 .20450 .20451 .20454 .20455 .20456 .20458 .20459 .20460 .20464 .20467 .20469 .20472 .20477 .20478 .20479 .20482 .20483 .20485 .20488 .20489 .20493 .20494 .20495 .20496 .20497 .20500 .20501 .20502 .20506 .20508 .20509 .20510 .20512 .20513 .20514 .20516 .20517 .20522 .20524 .20525 .20526 .20527 .20528 .20529 .20531 .20532 .20534 .20535 .20537 .20538 .20541 .20542 .20544 .20545 .20546 .20547 .20548 .20550 .20551 .20552 .20555 .20557 .20558 .20563 .20564 .20565 .20566 .20567 .20568 .20569 .20573 .20577 .20578 .20581 .20582 .20583 .20584 .20586 .20587 .20588 .20591 .20598 .20603 .20605 .20606 .20607 .20610 .20611 .20613 .20614 .20615 .20618 .20619 .20622 .20623 .20624 .20625 .20629 .20632 .20635 .20638 .20642 .20643 .20644 .20645 .20647 .20651 .20655 .20656 .20660 .20664 .20665 .20668 .20669 .20670 .20673 .20675 .20677 .20678 .20682 .20683 .20684 .20687 .20689 .20690 .20691 .20692 .20693 .20694 .20699 .20702 .20704 .20709 .20710 .20713 .20714 .20717 .20719 .20720 .20721 .20722 .20723 .20728 .20731 .20732 .20736 .20744 .20745 .20746 .20748 .20749 .20752 .20755 .20757 .20758 .20759 .20763 .20764 .20765 .20770 .20772 .20781 .20782 .20783 .20786 .20796 .20797 .20798 .20800 .20801 .20805 .20814 .20822 .20823 .20824 .20826 .20827 .20834 .20836 .20837 .20838 .20840 .20842 .20843 .20844 .20845 .20846 .20847 .20848 .20850 .20851 .20852 .20855 .20857 .20864 .20866 .20870 .20871 .20872 .20876 .20877 .20879 .20880 .20882 .20883 .20884 .20886 .20888 .20894 .20896 .20899 .20901 .20902 .20907 .20910 .20913 .20930 .20934 .20935 .20936 .20939 .20941 .20942 .20943 .20944 .20947 .20948 .20952 .20953 .20957 .20959 .20962 .20965 .20966 .20968 .20974 .20975 .20976 .20980 .20983 .20987 .20991 .20992 .20993 .20998 .21012 .21027 .21029 .21031

Select option: 23 
Input the word for collection:
(use generators x1,x2,... and terminate with a semicolon)
The input word is 64 1 
The result of collection is  .1025 .1029 .1030 .1041 .1050 .1086 .1814 .1815 .1828 .1834 .1835 .1838 .1840 .1841 .1842 .1844 .1853 .1854 .1856 .1865 .1866 .1868 .1870 .1882 .1883 .1892 .1904 .1906 .3247 .3249 .3250 .3255 .3257 .3258 .3270 .3277 .3279 .3280 .3284 .3285 .3286 .3288 .3292 .3293 .3296 .3298 .3301 .3303 .3304 .3307 .3309 .3317 .3321 .3325 .3329 .3332 .3333 .3336 .3337 .3338 .3341 .3345 .3348 .3349 .3351 .3354 .3355 .3356 .3364 .3376 .3378 .3380 .3384 .3391 .3394 .3396 .3398 .3405 .3418 .3422 .3423 .3492 .5873 .5876 .5879 .5880 .5885 .5890 .5894 .5899 .5902 .5903 .5904 .5908 .5923 .5928 .5932 .5935 .5939 .5941 .5942 .5943 .5945 .5946 .5947 .5949 .5953 .5955 .5956 .5957 .5958 .5959 .5961 .5962 .5967 .5970 .5971 .5972 .5973 .5974 .5975 .5976 .5978 .5979 .5980 .5981 .5983 .5984 .5985 .5989 .5990 .5991 .5992 .5999 .6000 .6001 .6002 .6004 .6005 .6006 .6011 .6014 .6016 .6019 .6024 .6027 .6028 .6031 .6035 .6036 .6038 .6042 .6044 .6046 .6048 .6049 .6050 .6052 .6053 .6054 .6060 .6063 .6064 .6065 .6067 .6069 .6070 .6074 .6075 .6080 .6093 .6114 .6115 .6117 .6118 .6119 .6122 .6124 .6126 .6128 .6129 .6131 .6139 .6140 .6141 .6142 .6143 .6145 .6146 .6147 .6149 .6150 .6152 .6158 .6160 .6166 .6175 .6177 .6189 .6208 .6210 .6214 .6217 .6259 .6269 .6270 .6293 .6298 .6309 .10711 .10712 .10716 .10719 .10725 .10728 .10734 .10737 .10738 .10739 .10745 .10746 .10751 .10755 .10756 .10760 .10763 .10764 .10767 .10769 .10770 .10771 .10772 .10775 .10778 .10779 .10783 .10792 .10795 .10796 .10798 .10799 .10800 .10801 .10803 .10806 .10807 .10809 .10810 .10811 .10812 .10814 .10815 .10819 .10826 .10827 .10828 .10831 .10833 .10835 .10839 .10840 .10841 .10842 .10848 .10849 .10850 .10855 .10856 .10857 .10859 .10862 .10863 .10866 .10867 .10871 .10875 .10876 .10878 .10882 .10883 .10884 .10887 .10888 .10891 .10892 .10894 .10897 .10898 .10900 .10901 .10908 .10909 .10910 .10912 .10914 .10915 .10916 .10918 .10919 .10921 .10922 .10924 .10926 .10931 .10933 .10934 .10935 .10937 .10940 .10941 .10942 .10947 .10953 .10956 .10961 .10969 .10971 .10972 .10974 .10976 .10978 .10979 .10980 .10981 .10985 .10986 .10988 .10992 .10993 .10995 .10996 .10999 .11000 .11003 .11005 .11006 .11009 .11010 .11011 .11015 .11016 .11018 .11023 .11024 .11027 .11028 .11029 .11031 .11034 .11038 .11039 .11040 .11049 .11052 .11053 .11054 .11056 .11057 .11058 .11062 .11064 .11069 .11070 .11071 .11072 .11074 .11075 .11076 .11077 .11078 .11082 .11087 .11089 .11093 .11094 .11096 .11105 .11107 .11109 .11115 .11116 .11122 .11126 .11128 .11131 .11135 .11138 .11140 .11143 .11144 .11154 .11158 .11160 .11161 .11167 .11169 .11172 .11173 .11174 .11178 .11182 .11184 .11186 .11188 .11192 .11194 .11195 .11198 .11200 .11202 .11209 .11212 .11213 .11214 .11215 .11217 .11220 .11224 .11225 .11226 .11227 .11230 .11238 .11239 .11240 .11241 .11242 .11247 .11249 .11257 .11260 .11274 .11279 .11280 .11283 .11289 .11295 .11308 .11310 .11320 .11322 .11326 .11328 .11334 .11382 .11384 .11385 .11388 .11393 .11396 .11409 .11411 .11412 .11414 .11431 .11446 .11448 .11449 .11452 .11453 .11458 .11461 .11465 .11475 .19682 .19684 .19685 .19686 .19688 .19689 .19692 .19695 .19700 .19704 .19705 .19707 .19709 .19712 .19713 .19714 .19715 .19716 .19720 .19724 .19727 .19729 .19731 .19732 .19733 .19737 .19740 .19743 .19744 .19746 .19750 .19751 .19752 .19754 .19757 .19758 .19762 .19763 .19765 .19768 .19769 .19770 .19773 .19775 .19780 .19781 .19785 .19787 .19788 .19789 .19793 .19794 .19795 .19796 .19797 .19799 .19803 .19804 .19808 .19809 .19812 .19813 .19815 .19818 .19819 .19822 .19827 .19830 .19831 .19832 .19833 .19834 .19835 .19840 .19842 .19845 .19847 .19848 .19850 .19852 .19853 .19856 .19858 .19860 .19861 .19863 .19865 .19867 .19870 .19871 .19873 .19876 .19879 .19884 .19885 .19886 .19888 .19890 .19891 .19892 .19893 .19898 .19901 .19902 .19905 .19906 .19907 .19908 .19909 .19915 .19916 .19919 .19920 .19924 .19926 .19927 .19929 .19931 .19933 .19935 .19936 .19941 .19942 .19943 .19945 .19946 .19947 .19948 .19949 .19951 .19953 .19960 .19961 .19962 .19963 .19964 .19965 .19966 .19969 .19970 .19972 .19975 .19976 .19980 .19985 .19986 .19988 .19989 .19990 .19993 .20001 .20005 .20006 .20008 .20009 .20012 .20013 .20014 .20016 .20020 .20021 .20022 .20025 .20026 .20029 .20030 .20034 .20035 .20036 .20038 .20040 .20043 .20044 .20047 .20048 .20051 .20052 .20054 .20060 .20061 .20063 .20064 .20066 .20067 .20070 .20072 .20073 .20077 .20078 .20079 .20080 .20084 .20086 .20090 .20094 .20098 .20100 .20101 .20105 .20106 .20107 .20108 .20112 .20113 .20114 .20116 .20117 .20120 .20121 .20123 .20125 .20131 .20133 .20135 .20136 .20137 .20139 .20140 .20141 .20144 .20145 .20146 .20148 .20149 .20153 .20157 .20162 .20163 .20164 .20169 .20170 .20174 .20178 .20179 .20182 .20184 .20185 .20187 .20188 .20189 .20191 .20192 .20193 .20194 .20197 .20198 .20200 .20201 .20203 .20206 .20207 .20208 .20211 .20213 .20214 .20216 .20218 .20219 .20221 .20222 .20223 .20224 .20227 .20229 .20239 .20241 .20242 .20243 .20247 .20251 .20252 .20253 .20254 .20256 .20257 .20258 .20263 .20264 .20265 .20271 .20277 .20284 .20285 .20288 .20292 .20294 .20295 .20299 .20300 .20303 .20304 .20306 .20307 .20309 .20314 .20315 .20316 .20318 .20321 .20322 .20323 .20327 .20331 .20332 .20336 .20338 .20339 .20340 .20342 .20343 .20344 .20345 .20347 .20348 .20349 .20352 .20358 .20359 .20361 .20366 .20375 .20376 .20377 .20380 .20381 .20382 .20383 .20385 .20386 .20389 .20394 .20395 .20396 .20399 .20401 .20405 .20410 .20412 .20415 .20419 .20426 .20429 .20430 .20431 .20432 .20433 .20434 .20436 .20439 .20440 .20442 .20445 .20448 .20449 .20451 .20455 .20456 .20459 .20461 .20464 .20465 .20466 .20468 .20469 .20471 .20474 .20476 .20477 .20479 .20483 .20486 .20487 .20488 .20490 .20492 .20494 .20496 .20501 .20502 .20504 .20505 .20506 .20509 .20510 .20511 .20512 .20515 .20518 .20519 .20521 .20522 .20528 .20530 .20531 .20532 .20541 .20542 .20544 .20547 .20549 .20551 .20555 .20556 .20558 .20559 .20561 .20564 .20568 .20569 .20571 .20572 .20577 .20578 .20583 .20584 .20592 .20593 .20594 .20596 .20599 .20600 .20602 .20606 .20607 .20609 .20611 .20612 .20614 .20616 .20617 .20618 .20622 .20623 .20624 .20625 .20627 .20628 .20629 .20631 .20641 .20642 .20649 .20664 .20665 .20668 .20669 .20672 .20673 .20675 .20678 .20687 .20689 .20696 .20697 .20702 .20707 .20719 .20721 .20723 .20726 .20727 .20730 .20740 .20741 .20745 .20748 .20749 .20750 .20752 .20754 .20758 .20764 .20766 .20787 .20800 .20814 .20822 .20826 .20837 .20838 .20839 .20840 .20843 .20845 .20846 .20847 .20849 .20851 .20852 .20855 .20870 .20871 .20872 .20874 .20876 .20877 .20883 .20885 .20890 .20896 .20930 .20931 .20932 .20934 .20938 .20939 .20940 .20942 .20945 .20949 .20951 .20953 .20954 .20959 .20964 .20969 .20972 .20974 .20975 .20983 .20992 .21025

Select option: 23 
Input the word for collection:
(use generators x1,x2,... and terminate with a semicolon)
The input word is 128 1 
The result of collection is  .5898 .5904 .5905 .5939 .5945 .5946 .5954 .5955 .5957 .5960 .5961 .5983 .5986 .5989 .5990 .6001 .6002 .6026 .6027 .6030 .6031 .6032 .6033 .6038 .6076 .6252 .10741 .10747 .10749 .10755 .10758 .10759 .10761 .10762 .10763 .10771 .10772 .10773 .10775 .10777 .10778 .10780 .10781 .10804 .10823 .10824 .10826 .10827 .10838 .10839 .10844 .10845 .10847 .10850 .10851 .10853 .10856 .10857 .10862 .10863 .10864 .10865 .10876 .10877 .10880 .10898 .10902 .10905 .10908 .10912 .10915 .10918 .10921 .10922 .10926 .10930 .10931 .10933 .10936 .10937 .10948 .10952 .10957 .10958 .10972 .10984 .10995 .10996 .11001 .11002 .11005 .11012 .11014 .11019 .11021 .11023 .11024 .11027 .11030 .11038 .11052 .11056 .11058 .11064 .11065 .11066 .11067 .11070 .11072 .11073 .11075 .11085 .11108 .11110 .11114 .11115 .11143 .11145 .11156 .11166 .11169 .11170 .11172 .11180 .11184 .11194 .11198 .11207 .11215 .11216 .11238 .11256 .11276 .11277 .11278 .11382 .11407 .11447 .19697 .19699 .19700 .19705 .19707 .19711 .19712 .19713 .19721 .19722 .19725 .19727 .19728 .19729 .19731 .19732 .19733 .19743 .19745 .19749 .19750 .19754 .19758 .19760 .19761 .19762 .19764 .19765 .19766 .19767 .19768 .19771 .19774 .19775 .19776 .19780 .19781 .19784 .19785 .19789 .19791 .19792 .19794 .19802 .19806 .19807 .19808 .19809 .19810 .19811 .19812 .19813 .19821 .19822 .19833 .19834 .19835 .19836 .19837 .19838 .19844 .19850 .19852 .19853 .19858 .19862 .19865 .19869 .19871 .19872 .19880 .19883 .19888 .19892 .19900 .19901 .19904 .19905 .19906 .19908 .19909 .19912 .19913 .19916 .19917 .19919 .19920 .19922 .19923 .19927 .19930 .19931 .19933 .19934 .19938 .19940 .19942 .19943 .19944 .19945 .19947 .19948 .19950 .19952 .19958 .19961 .19962 .19963 .19964 .19965 .19966 .19969 .19975 .19976 .19977 .19983 .19985 .19987 .19990 .19991 .19992 .19993 .19996 .19997 .19999 .20009 .20014 .20017 .20018 .20021 .20022 .20024 .20025 .20029 .20032 .20033 .20035 .20036 .20043 .20048 .20050 .20052 .20053 .20054 .20055 .20058 .20062 .20063 .20070 .20071 .20076 .20077 .20079 .20080 .20081 .20084 .20085 .20088 .20090 .20092 .20094 .20098 .20103 .20106 .20113 .20118 .20119 .20120 .20123 .20128 .20132 .20140 .20143 .20144 .20151 .20154 .20155 .20158 .20167 .20170 .20180 .20184 .20191 .20194 .20195 .20197 .20198 .20201 .20202 .20203 .20206 .20208 .20209 .20210 .20214 .20219 .20226 .20227 .20228 .20229 .20230 .20231 .20233 .20234 .20235 .20237 .20240 .20242 .20244 .20245 .20250 .20251 .20256 .20257 .20258 .20259 .20262 .20269 .20280 .20281 .20290 .20293 .20294 .20298 .20299 .20300 .20304 .20306 .20307 .20308 .20309 .20314 .20319 .20323 .20325 .20327 .20329 .20330 .20333 .20336 .20337 .20353 .20359 .20360 .20373 .20374 .20375 .20376 .20379 .20380 .20381 .20382 .20385 .20386 .20392 .20393 .20397 .20431 .20433 .20438 .20445 .20446 .20447 .20449 .20455 .20456 .20460 .20462 .20466 .20467 .20476 .20480 .20484 .20486 .20489 .20490 .20497 .20502 .20514 .20515 .20517 .20521 .20528 .20530 .20531 .20532 .20533 .20535 .20537 .20539 .20542 .20551 .20553 .20564 .20566 .20570 .20583 .20585 .20587 .20592 .20594 .20606 .20610 .20612 .20616 .20623 .20639 .20649 .20666 .20667 .20668 .20669 .20688 .20719 .20721 .20738 .20741 .20742 .20744 .20747 .20750 .20754 .20764 .20779 .20836 .20837 .20843 .20846 .20847 .20871 .20872 .20874 .20886 .20929 .20930 .20941 .20943 .20972

Select option: 23 
Input the word for collection:
(use generators x1,x2,... and terminate with a semicolon)
The input word is 256 1 
The result of collection is  .19697 .19701 .19705 .19711 .19712 .19717 .19725 .19727 .19729 .19731 .19732 .19733 .19739 .19743 .19744 .19747 .19751 .19752 .19760 .19761 .19762 .19764 .19765 .19770 .19771 .19774 .19777 .19787 .19788 .19790 .19795 .19797 .19798 .19805 .19838 .19859 .19870 .19881 .19900 .19903 .19906 .19907 .19911 .19912 .19915 .19927 .19930 .19931 .19932 .19934 .19936 .19937 .19944 .19957 .19958 .19959 .19960 .19961 .19964 .19965 .19969 .19980 .19983 .20072 .20079 .20091 .20118 .20198 .20200 .20201 .20203 .20213 .20239 .20242 .20319 .20320 .20330 .20836

Select option: 31 
Exiting from interactive p-Quotient menu

Select option: 6 
Terminated

real	19m56.324s
user	3m43.879s
sys	0m0.456s
