ANU p-Quotient Program Version 1.9 running with workspace 400000000 on vm
Fri Sep 18 21:00:11 UTC 2026

Select option: 1 

Lower exponent-2 central series for G

Group: G to lower exponent-2 central class 1 has order 2^4

Group: G to lower exponent-2 central class 2 has order 2^10

Group: G to lower exponent-2 central class 3 has order 2^19

Group: G to lower exponent-2 central class 4 has order 2^28

Group: G to lower exponent-2 central class 5 has order 2^38

Group: G to lower exponent-2 central class 6 has order 2^49

Group: G to lower exponent-2 central class 7 has order 2^67

Group: G to lower exponent-2 central class 8 has order 2^90

Group: G to lower exponent-2 central class 9 has order 2^134

Group: G to lower exponent-2 central class 10 has order 2^199

Group: G to lower exponent-2 central class 11 has order 2^311

Group: G to lower exponent-2 central class 12 has order 2^485
Computation of presentation took 1.27 seconds

Select option: 4 

Group: G to lower exponent-2 central class 12 has order 2^485

Select option: 8 

Select option: 23 
Input the word for collection:
(use generators x1,x2,... and terminate with a semicolon)
The input word is 64 1 
The result of collection is  .211 .215 .216 .227 .236 .272 .320 .321 .334 .340 .341 .344 .346 .347 .348 .350 .359 .360 .362 .371 .372 .374 .376 .388 .389 .398 .410 .412

Select option: 23 
Input the word for collection:
(use generators x1,x2,... and terminate with a semicolon)
The input word is 128 1 
The result of collection is  IDENTITY

Select option: 23 
Input the word for collection:
(use generators x1,x2,... and terminate with a semicolon)
The input word is 256 1 
The result of collection is  IDENTITY

Select option: 31 
Exiting from interactive p-Quotient menu

Select option: 6 

Group: G to lower exponent-2 central class 13 has order 2^787
Computation of next class took 0.85 seconds

Select option: 4 

Group: G to lower exponent-2 central class 13 has order 2^787

Select option: 8 

Select option: 23 
Input the word for collection:
(use generators x1,x2,... and terminate with a semicolon)
The input word is 64 1 
The result of collection is  .211 .215 .216 .227 .236 .272 .320 .321 .334 .340 .341 .344 .346 .347 .348 .350 .359 .360 .362 .371 .372 .374 .376 .388 .389 .398 .410 .412 .495 .497 .498 .503 .505 .506 .518 .525 .527 .528 .532 .533 .534 .536 .540 .541 .544 .546 .549 .551 .552 .555 .557 .565 .569 .573 .577 .580 .581 .584 .585 .586 .589 .593 .596 .597 .599 .602 .603 .604 .612 .624 .626 .628 .632 .639 .642 .644 .646 .653 .666 .670 .671 .739

Select option: 23 
Input the word for collection:
(use generators x1,x2,... and terminate with a semicolon)
The input word is 128 1 
The result of collection is  IDENTITY

Select option: 23 
Input the word for collection:
(use generators x1,x2,... and terminate with a semicolon)
The input word is 256 1 
The result of collection is  IDENTITY

Select option: 31 
Exiting from interactive p-Quotient menu

Select option: 6 

Group: G to lower exponent-2 central class 14 has order 2^1277
Computation of next class took 2.22 seconds

Select option: 4 

Group: G to lower exponent-2 central class 14 has order 2^1277

Select option: 8 

Select option: 23 
Input the word for collection:
(use generators x1,x2,... and terminate with a semicolon)
The input word is 64 1 
The result of collection is  .211 .215 .216 .227 .236 .272 .320 .321 .334 .340 .341 .344 .346 .347 .348 .350 .359 .360 .362 .371 .372 .374 .376 .388 .389 .398 .410 .412 .495 .497 .498 .503 .505 .506 .518 .525 .527 .528 .532 .533 .534 .536 .540 .541 .544 .546 .549 .551 .552 .555 .557 .565 .569 .573 .577 .580 .581 .584 .585 .586 .589 .593 .596 .597 .599 .602 .603 .604 .612 .624 .626 .628 .632 .639 .642 .644 .646 .653 .666 .670 .671 .739 .790 .793 .796 .797 .802 .807 .811 .816 .819 .820 .821 .825 .840 .845 .849 .852 .856 .858 .859 .860 .862 .863 .864 .866 .870 .872 .873 .874 .875 .876 .878 .879 .884 .887 .888 .889 .890 .891 .892 .893 .895 .896 .897 .898 .900 .901 .902 .906 .907 .908 .909 .916 .917 .918 .919 .921 .922 .923 .928 .931 .933 .936 .941 .944 .945 .948 .952 .953 .955 .959 .961 .963 .965 .966 .967 .969 .970 .971 .977 .980 .981 .982 .984 .986 .987 .991 .992 .997 .1010 .1031 .1032 .1034 .1035 .1036 .1039 .1041 .1043 .1045 .1046 .1048 .1056 .1057 .1058 .1059 .1060 .1062 .1063 .1064 .1066 .1067 .1069 .1075 .1077 .1083 .1092 .1094 .1106 .1125 .1127 .1131 .1134 .1176 .1186 .1187 .1210 .1215 .1226

Select option: 23 
Input the word for collection:
(use generators x1,x2,... and terminate with a semicolon)
The input word is 128 1 
The result of collection is  .815 .821 .822 .856 .862 .863 .871 .872 .874 .877 .878 .900 .903 .906 .907 .918 .919 .943 .944 .947 .948 .949 .950 .955 .993 .1169

Select option: 23 
Input the word for collection:
(use generators x1,x2,... and terminate with a semicolon)
The input word is 256 1 
The result of collection is  IDENTITY

Select option: 31 
Exiting from interactive p-Quotient menu

Select option: 6 

Group: G to lower exponent-2 central class 15 has order 2^2117
Computation of next class took 7.13 seconds

Select option: 4 

Group: G to lower exponent-2 central class 15 has order 2^2117

Select option: 8 

Select option: 23 
Input the word for collection:
(use generators x1,x2,... and terminate with a semicolon)
The input word is 64 1 
The result of collection is  .211 .215 .216 .227 .236 .272 .320 .321 .334 .340 .341 .344 .346 .347 .348 .350 .359 .360 .362 .371 .372 .374 .376 .388 .389 .398 .410 .412 .495 .497 .498 .503 .505 .506 .518 .525 .527 .528 .532 .533 .534 .536 .540 .541 .544 .546 .549 .551 .552 .555 .557 .565 .569 .573 .577 .580 .581 .584 .585 .586 .589 .593 .596 .597 .599 .602 .603 .604 .612 .624 .626 .628 .632 .639 .642 .644 .646 .653 .666 .670 .671 .739 .790 .793 .796 .797 .802 .807 .811 .816 .819 .820 .821 .825 .840 .845 .849 .852 .856 .858 .859 .860 .862 .863 .864 .866 .870 .872 .873 .874 .875 .876 .878 .879 .884 .887 .888 .889 .890 .891 .892 .893 .895 .896 .897 .898 .900 .901 .902 .906 .907 .908 .909 .916 .917 .918 .919 .921 .922 .923 .928 .931 .933 .936 .941 .944 .945 .948 .952 .953 .955 .959 .961 .963 .965 .966 .967 .969 .970 .971 .977 .980 .981 .982 .984 .986 .987 .991 .992 .997 .1010 .1031 .1032 .1034 .1035 .1036 .1039 .1041 .1043 .1045 .1046 .1048 .1056 .1057 .1058 .1059 .1060 .1062 .1063 .1064 .1066 .1067 .1069 .1075 .1077 .1083 .1092 .1094 .1106 .1125 .1127 .1131 .1134 .1176 .1186 .1187 .1210 .1215 .1226 .1281 .1282 .1286 .1289 .1295 .1298 .1304 .1307 .1308 .1309 .1315 .1316 .1321 .1325 .1326 .1330 .1333 .1334 .1339 .1340 .1341 .1342 .1345 .1348 .1353 .1362 .1365 .1366 .1368 .1369 .1370 .1371 .1373 .1376 .1377 .1379 .1380 .1381 .1382 .1384 .1385 .1389 .1396 .1397 .1398 .1401 .1403 .1405 .1409 .1410 .1411 .1412 .1414 .1418 .1419 .1420 .1425 .1426 .1427 .1428 .1432 .1433 .1436 .1437 .1441 .1446 .1449 .1452 .1453 .1454 .1457 .1458 .1461 .1462 .1464 .1467 .1468 .1470 .1471 .1478 .1479 .1480 .1482 .1484 .1485 .1486 .1488 .1489 .1491 .1492 .1494 .1496 .1501 .1503 .1504 .1505 .1507 .1510 .1511 .1512 .1517 .1523 .1526 .1531 .1539 .1541 .1542 .1544 .1546 .1548 .1549 .1550 .1551 .1555 .1556 .1558 .1562 .1563 .1565 .1566 .1567 .1569 .1573 .1576 .1578 .1579 .1580 .1585 .1587 .1592 .1593 .1596 .1597 .1598 .1600 .1603 .1607 .1608 .1609 .1618 .1621 .1622 .1623 .1625 .1626 .1627 .1631 .1633 .1638 .1639 .1640 .1641 .1643 .1644 .1645 .1646 .1647 .1651 .1656 .1658 .1662 .1663 .1665 .1674 .1676 .1678 .1684 .1685 .1691 .1695 .1697 .1700 .1704 .1707 .1709 .1712 .1713 .1723 .1727 .1729 .1730 .1736 .1738 .1741 .1742 .1743 .1747 .1751 .1753 .1755 .1757 .1761 .1763 .1764 .1767 .1769 .1771 .1778 .1781 .1782 .1783 .1784 .1786 .1789 .1793 .1794 .1795 .1796 .1799 .1807 .1808 .1809 .1810 .1811 .1816 .1818 .1826 .1829 .1843 .1848 .1849 .1852 .1858 .1864 .1877 .1879 .1889 .1891 .1895 .1897 .1903 .1950 .1951 .1953 .1956 .1961 .1964 .1977 .1979 .1980 .1982 .1999 .2014 .2016 .2017 .2020 .2021 .2026 .2029 .2033 .2043

Select option: 23 
Input the word for collection:
(use generators x1,x2,... and terminate with a semicolon)
The input word is 128 1 
The result of collection is  .815 .821 .822 .856 .862 .863 .871 .872 .874 .877 .878 .900 .903 .906 .907 .918 .919 .943 .944 .947 .948 .949 .950 .955 .993 .1169 .1311 .1317 .1319 .1325 .1328 .1329 .1331 .1332 .1333 .1341 .1342 .1343 .1345 .1347 .1348 .1350 .1351 .1374 .1393 .1394 .1396 .1397 .1408 .1409 .1414 .1415 .1417 .1420 .1421 .1423 .1426 .1427 .1432 .1433 .1434 .1435 .1446 .1447 .1450 .1468 .1472 .1475 .1478 .1482 .1485 .1488 .1491 .1492 .1496 .1500 .1501 .1503 .1506 .1507 .1518 .1522 .1527 .1528 .1542 .1554 .1565 .1566 .1571 .1572 .1575 .1581 .1583 .1588 .1590 .1592 .1593 .1596 .1599 .1607 .1621 .1625 .1627 .1633 .1634 .1635 .1636 .1639 .1641 .1642 .1644 .1654 .1677 .1679 .1683 .1684 .1712 .1714 .1725 .1735 .1738 .1739 .1741 .1749 .1753 .1763 .1767 .1776 .1784 .1785 .1807 .1825 .1845 .1846 .1847 .1951 .1975 .2015

Select option: 23 
Input the word for collection:
(use generators x1,x2,... and terminate with a semicolon)
The input word is 256 1 
The result of collection is  IDENTITY

Select option: 31 
Exiting from interactive p-Quotient menu

Select option: 6 

Group: G to lower exponent-2 central class 16 has order 2^3521
Computation of next class took 27.68 seconds

Select option: 4 

Group: G to lower exponent-2 central class 16 has order 2^3521

Select option: 8 

Select option: 23 
Input the word for collection:
(use generators x1,x2,... and terminate with a semicolon)
The input word is 64 1 
The result of collection is  .211 .215 .216 .227 .236 .272 .320 .321 .334 .340 .341 .344 .346 .347 .348 .350 .359 .360 .362 .371 .372 .374 .376 .388 .389 .398 .410 .412 .495 .497 .498 .503 .505 .506 .518 .525 .527 .528 .532 .533 .534 .536 .540 .541 .544 .546 .549 .551 .552 .555 .557 .565 .569 .573 .577 .580 .581 .584 .585 .586 .589 .593 .596 .597 .599 .602 .603 .604 .612 .624 .626 .628 .632 .639 .642 .644 .646 .653 .666 .670 .671 .739 .790 .793 .796 .797 .802 .807 .811 .816 .819 .820 .821 .825 .840 .845 .849 .852 .856 .858 .859 .860 .862 .863 .864 .866 .870 .872 .873 .874 .875 .876 .878 .879 .884 .887 .888 .889 .890 .891 .892 .893 .895 .896 .897 .898 .900 .901 .902 .906 .907 .908 .909 .916 .917 .918 .919 .921 .922 .923 .928 .931 .933 .936 .941 .944 .945 .948 .952 .953 .955 .959 .961 .963 .965 .966 .967 .969 .970 .971 .977 .980 .981 .982 .984 .986 .987 .991 .992 .997 .1010 .1031 .1032 .1034 .1035 .1036 .1039 .1041 .1043 .1045 .1046 .1048 .1056 .1057 .1058 .1059 .1060 .1062 .1063 .1064 .1066 .1067 .1069 .1075 .1077 .1083 .1092 .1094 .1106 .1125 .1127 .1131 .1134 .1176 .1186 .1187 .1210 .1215 .1226 .1281 .1282 .1286 .1289 .1295 .1298 .1304 .1307 .1308 .1309 .1315 .1316 .1321 .1325 .1326 .1330 .1333 .1334 .1339 .1340 .1341 .1342 .1345 .1348 .1353 .1362 .1365 .1366 .1368 .1369 .1370 .1371 .1373 .1376 .1377 .1379 .1380 .1381 .1382 .1384 .1385 .1389 .1396 .1397 .1398 .1401 .1403 .1405 .1409 .1410 .1411 .1412 .1414 .1418 .1419 .1420 .1425 .1426 .1427 .1428 .1432 .1433 .1436 .1437 .1441 .1446 .1449 .1452 .1453 .1454 .1457 .1458 .1461 .1462 .1464 .1467 .1468 .1470 .1471 .1478 .1479 .1480 .1482 .1484 .1485 .1486 .1488 .1489 .1491 .1492 .1494 .1496 .1501 .1503 .1504 .1505 .1507 .1510 .1511 .1512 .1517 .1523 .1526 .1531 .1539 .1541 .1542 .1544 .1546 .1548 .1549 .1550 .1551 .1555 .1556 .1558 .1562 .1563 .1565 .1566 .1567 .1569 .1573 .1576 .1578 .1579 .1580 .1585 .1587 .1592 .1593 .1596 .1597 .1598 .1600 .1603 .1607 .1608 .1609 .1618 .1621 .1622 .1623 .1625 .1626 .1627 .1631 .1633 .1638 .1639 .1640 .1641 .1643 .1644 .1645 .1646 .1647 .1651 .1656 .1658 .1662 .1663 .1665 .1674 .1676 .1678 .1684 .1685 .1691 .1695 .1697 .1700 .1704 .1707 .1709 .1712 .1713 .1723 .1727 .1729 .1730 .1736 .1738 .1741 .1742 .1743 .1747 .1751 .1753 .1755 .1757 .1761 .1763 .1764 .1767 .1769 .1771 .1778 .1781 .1782 .1783 .1784 .1786 .1789 .1793 .1794 .1795 .1796 .1799 .1807 .1808 .1809 .1810 .1811 .1816 .1818 .1826 .1829 .1843 .1848 .1849 .1852 .1858 .1864 .1877 .1879 .1889 .1891 .1895 .1897 .1903 .1950 .1951 .1953 .1956 .1961 .1964 .1977 .1979 .1980 .1982 .1999 .2014 .2016 .2017 .2020 .2021 .2026 .2029 .2033 .2043 .2124 .2128 .2130 .2131 .2134 .2138 .2139 .2142 .2143 .2146 .2149 .2151 .2153 .2155 .2156 .2157 .2158 .2159 .2167 .2168 .2169 .2170 .2177 .2179 .2181 .2182 .2185 .2186 .2188 .2189 .2192 .2194 .2196 .2199 .2200 .2205 .2207 .2210 .2211 .2215 .2217 .2219 .2222 .2223 .2227 .2229 .2230 .2231 .2232 .2233 .2235 .2236 .2238 .2241 .2245 .2246 .2249 .2250 .2251 .2252 .2254 .2256 .2257 .2260 .2261 .2263 .2269 .2272 .2273 .2276 .2277 .2282 .2284 .2287 .2289 .2290 .2292 .2294 .2295 .2296 .2298 .2299 .2300 .2302 .2307 .2309 .2312 .2313 .2315 .2318 .2321 .2326 .2327 .2328 .2330 .2332 .2333 .2334 .2335 .2340 .2343 .2344 .2347 .2348 .2350 .2351 .2358 .2361 .2362 .2363 .2366 .2367 .2368 .2369 .2371 .2372 .2373 .2374 .2375 .2376 .2377 .2378 .2380 .2383 .2385 .2387 .2389 .2392 .2393 .2394 .2395 .2396 .2400 .2401 .2402 .2404 .2405 .2406 .2411 .2415 .2417 .2418 .2419 .2422 .2425 .2426 .2427 .2428 .2430 .2431 .2433 .2434 .2436 .2440 .2443 .2447 .2448 .2450 .2451 .2454 .2455 .2456 .2458 .2462 .2463 .2464 .2467 .2468 .2471 .2472 .2476 .2477 .2478 .2480 .2482 .2485 .2486 .2489 .2490 .2491 .2493 .2494 .2495 .2496 .2498 .2499 .2502 .2503 .2505 .2506 .2507 .2508 .2509 .2512 .2515 .2519 .2520 .2521 .2522 .2524 .2526 .2528 .2536 .2538 .2540 .2542 .2543 .2544 .2545 .2546 .2547 .2548 .2549 .2554 .2555 .2556 .2558 .2559 .2560 .2563 .2564 .2565 .2567 .2572 .2573 .2576 .2577 .2578 .2581 .2582 .2583 .2586 .2587 .2588 .2590 .2591 .2593 .2595 .2597 .2601 .2603 .2610 .2611 .2613 .2619 .2623 .2626 .2627 .2629 .2630 .2631 .2633 .2634 .2635 .2637 .2639 .2641 .2642 .2644 .2645 .2646 .2648 .2649 .2650 .2653 .2655 .2656 .2657 .2658 .2660 .2662 .2663 .2665 .2666 .2669 .2671 .2680 .2681 .2683 .2684 .2685 .2686 .2688 .2689 .2693 .2694 .2695 .2696 .2698 .2699 .2700 .2707 .2719 .2726 .2727 .2728 .2730 .2733 .2734 .2735 .2741 .2742 .2745 .2746 .2748 .2749 .2751 .2752 .2757 .2758 .2760 .2764 .2765 .2774 .2780 .2781 .2782 .2785 .2786 .2788 .2789 .2794 .2800 .2801 .2803 .2808 .2817 .2818 .2819 .2822 .2824 .2825 .2826 .2829 .2831 .2833 .2836 .2837 .2840 .2843 .2852 .2857 .2861 .2868 .2871 .2872 .2873 .2874 .2875 .2876 .2877 .2878 .2881 .2882 .2884 .2887 .2888 .2890 .2891 .2893 .2897 .2898 .2899 .2901 .2907 .2908 .2910 .2911 .2916 .2918 .2919 .2921 .2923 .2926 .2928 .2929 .2932 .2934 .2937 .2938 .2940 .2943 .2944 .2945 .2948 .2949 .2951 .2952 .2953 .2954 .2956 .2961 .2963 .2964 .2970 .2972 .2973 .2974 .2983 .2984 .2986 .2991 .2993 .2997 .2998 .3000 .3001 .3005 .3006 .3011 .3012 .3013 .3018 .3019 .3020 .3025 .3026 .3034 .3035 .3036 .3038 .3041 .3042 .3044 .3048 .3049 .3051 .3052 .3053 .3054 .3058 .3059 .3060 .3064 .3065 .3066 .3067 .3069 .3070 .3071 .3073 .3080 .3081 .3083 .3087 .3091 .3093 .3109 .3110 .3115 .3117 .3119 .3120 .3131 .3134 .3138 .3139 .3144 .3149 .3161 .3162 .3163 .3164 .3165 .3167 .3168 .3169 .3172 .3174 .3182 .3183 .3185 .3190 .3192 .3193 .3194 .3196 .3200 .3204 .3206 .3207 .3208 .3220 .3222 .3229 .3242 .3256 .3264 .3268 .3280 .3282 .3285 .3287 .3288 .3289 .3293 .3294 .3297 .3312 .3313 .3314 .3316 .3318 .3319 .3325 .3327 .3332 .3338 .3372 .3373 .3376 .3377 .3380 .3381 .3382 .3384 .3387 .3391 .3393 .3395 .3396 .3401 .3406 .3411 .3414 .3416 .3417 .3425 .3434 .3467

Select option: 23 
Input the word for collection:
(use generators x1,x2,... and terminate with a semicolon)
The input word is 128 1 
The result of collection is  .815 .821 .822 .856 .862 .863 .871 .872 .874 .877 .878 .900 .903 .906 .907 .918 .919 .943 .944 .947 .948 .949 .950 .955 .993 .1169 .1311 .1317 .1319 .1325 .1328 .1329 .1331 .1332 .1333 .1341 .1342 .1343 .1345 .1347 .1348 .1350 .1351 .1374 .1393 .1394 .1396 .1397 .1408 .1409 .1414 .1415 .1417 .1420 .1421 .1423 .1426 .1427 .1432 .1433 .1434 .1435 .1446 .1447 .1450 .1468 .1472 .1475 .1478 .1482 .1485 .1488 .1491 .1492 .1496 .1500 .1501 .1503 .1506 .1507 .1518 .1522 .1527 .1528 .1542 .1554 .1565 .1566 .1571 .1572 .1575 .1581 .1583 .1588 .1590 .1592 .1593 .1596 .1599 .1607 .1621 .1625 .1627 .1633 .1634 .1635 .1636 .1639 .1641 .1642 .1644 .1654 .1677 .1679 .1683 .1684 .1712 .1714 .1725 .1735 .1738 .1739 .1741 .1749 .1753 .1763 .1767 .1776 .1784 .1785 .1807 .1825 .1845 .1846 .1847 .1951 .1975 .2015 .2139 .2141 .2142 .2147 .2149 .2153 .2154 .2155 .2163 .2164 .2167 .2169 .2170 .2171 .2173 .2174 .2175 .2185 .2187 .2191 .2192 .2196 .2200 .2202 .2203 .2204 .2206 .2207 .2208 .2209 .2210 .2213 .2216 .2217 .2218 .2222 .2223 .2226 .2227 .2231 .2233 .2234 .2236 .2244 .2248 .2249 .2250 .2251 .2252 .2253 .2254 .2255 .2263 .2264 .2275 .2276 .2277 .2278 .2279 .2280 .2286 .2292 .2294 .2295 .2300 .2304 .2307 .2311 .2313 .2314 .2322 .2325 .2330 .2334 .2342 .2343 .2346 .2347 .2348 .2350 .2351 .2354 .2355 .2358 .2359 .2361 .2362 .2364 .2365 .2369 .2372 .2373 .2375 .2376 .2380 .2382 .2384 .2385 .2386 .2387 .2389 .2390 .2392 .2394 .2400 .2403 .2404 .2405 .2406 .2407 .2408 .2411 .2417 .2418 .2419 .2425 .2427 .2429 .2432 .2433 .2434 .2435 .2438 .2439 .2441 .2451 .2456 .2459 .2460 .2463 .2464 .2466 .2467 .2471 .2474 .2475 .2477 .2478 .2485 .2490 .2492 .2494 .2495 .2496 .2497 .2500 .2504 .2505 .2512 .2513 .2518 .2519 .2521 .2522 .2523 .2526 .2527 .2530 .2532 .2534 .2536 .2540 .2545 .2548 .2555 .2560 .2561 .2562 .2565 .2570 .2574 .2582 .2585 .2586 .2593 .2596 .2597 .2600 .2609 .2612 .2622 .2626 .2633 .2636 .2637 .2639 .2640 .2643 .2644 .2645 .2648 .2650 .2651 .2652 .2656 .2661 .2668 .2669 .2670 .2671 .2672 .2673 .2675 .2676 .2677 .2679 .2682 .2684 .2686 .2687 .2692 .2693 .2698 .2699 .2700 .2701 .2704 .2711 .2722 .2723 .2732 .2735 .2736 .2740 .2741 .2742 .2746 .2748 .2749 .2750 .2751 .2756 .2761 .2765 .2767 .2769 .2771 .2772 .2775 .2778 .2779 .2795 .2801 .2802 .2815 .2816 .2817 .2818 .2821 .2822 .2823 .2824 .2827 .2828 .2834 .2835 .2839 .2873 .2875 .2880 .2887 .2888 .2889 .2891 .2897 .2898 .2902 .2904 .2908 .2909 .2918 .2922 .2926 .2928 .2931 .2932 .2939 .2944 .2956 .2957 .2959 .2963 .2970 .2972 .2973 .2974 .2975 .2977 .2979 .2981 .2984 .2993 .2995 .3006 .3008 .3012 .3025 .3027 .3029 .3034 .3036 .3048 .3052 .3054 .3058 .3065 .3081 .3091 .3108 .3109 .3110 .3111 .3130 .3161 .3163 .3180 .3183 .3184 .3186 .3189 .3192 .3196 .3206 .3221 .3278 .3279 .3285 .3288 .3289 .3313 .3314 .3316 .3328 .3371 .3372 .3383 .3385 .3414

Select option: 23 
Input the word for collection:
(use generators x1,x2,... and terminate with a semicolon)
The input word is 256 1 
The result of collection is  .2139 .2143 .2147 .2153 .2154 .2159 .2167 .2169 .2171 .2173 .2174 .2175 .2181 .2185 .2186 .2189 .2193 .2194 .2202 .2203 .2204 .2206 .2207 .2212 .2213 .2216 .2219 .2229 .2230 .2232 .2237 .2239 .2240 .2247 .2280 .2301 .2312 .2323 .2342 .2345 .2348 .2349 .2353 .2354 .2357 .2369 .2372 .2373 .2374 .2376 .2378 .2379 .2386 .2399 .2400 .2401 .2402 .2403 .2406 .2407 .2411 .2422 .2425 .2514 .2521 .2533 .2560 .2640 .2642 .2643 .2645 .2655 .2681 .2684 .2761 .2762 .2772 .3278

Select option: 31 
Exiting from interactive p-Quotient menu

Select option: 6 

Group: G to lower exponent-2 central class 17 has order 2^5936
Computation of next class took 126.82 seconds

Select option: 4 

Group: G to lower exponent-2 central class 17 has order 2^5936

Select option: 8 

Select option: 23 
Input the word for collection:
(use generators x1,x2,... and terminate with a semicolon)
The input word is 64 1 
The result of collection is  .211 .215 .216 .227 .236 .272 .320 .321 .334 .340 .341 .344 .346 .347 .348 .350 .359 .360 .362 .371 .372 .374 .376 .388 .389 .398 .410 .412 .495 .497 .498 .503 .505 .506 .518 .525 .527 .528 .532 .533 .534 .536 .540 .541 .544 .546 .549 .551 .552 .555 .557 .565 .569 .573 .577 .580 .581 .584 .585 .586 .589 .593 .596 .597 .599 .602 .603 .604 .612 .624 .626 .628 .632 .639 .642 .644 .646 .653 .666 .670 .671 .739 .790 .793 .796 .797 .802 .807 .811 .816 .819 .820 .821 .825 .840 .845 .849 .852 .856 .858 .859 .860 .862 .863 .864 .866 .870 .872 .873 .874 .875 .876 .878 .879 .884 .887 .888 .889 .890 .891 .892 .893 .895 .896 .897 .898 .900 .901 .902 .906 .907 .908 .909 .916 .917 .918 .919 .921 .922 .923 .928 .931 .933 .936 .941 .944 .945 .948 .952 .953 .955 .959 .961 .963 .965 .966 .967 .969 .970 .971 .977 .980 .981 .982 .984 .986 .987 .991 .992 .997 .1010 .1031 .1032 .1034 .1035 .1036 .1039 .1041 .1043 .1045 .1046 .1048 .1056 .1057 .1058 .1059 .1060 .1062 .1063 .1064 .1066 .1067 .1069 .1075 .1077 .1083 .1092 .1094 .1106 .1125 .1127 .1131 .1134 .1176 .1186 .1187 .1210 .1215 .1226 .1281 .1282 .1286 .1289 .1295 .1298 .1304 .1307 .1308 .1309 .1315 .1316 .1321 .1325 .1326 .1330 .1333 .1334 .1339 .1340 .1341 .1342 .1345 .1348 .1353 .1362 .1365 .1366 .1368 .1369 .1370 .1371 .1373 .1376 .1377 .1379 .1380 .1381 .1382 .1384 .1385 .1389 .1396 .1397 .1398 .1401 .1403 .1405 .1409 .1410 .1411 .1412 .1414 .1418 .1419 .1420 .1425 .1426 .1427 .1428 .1432 .1433 .1436 .1437 .1441 .1446 .1449 .1452 .1453 .1454 .1457 .1458 .1461 .1462 .1464 .1467 .1468 .1470 .1471 .1478 .1479 .1480 .1482 .1484 .1485 .1486 .1488 .1489 .1491 .1492 .1494 .1496 .1501 .1503 .1504 .1505 .1507 .1510 .1511 .1512 .1517 .1523 .1526 .1531 .1539 .1541 .1542 .1544 .1546 .1548 .1549 .1550 .1551 .1555 .1556 .1558 .1562 .1563 .1565 .1566 .1567 .1569 .1573 .1576 .1578 .1579 .1580 .1585 .1587 .1592 .1593 .1596 .1597 .1598 .1600 .1603 .1607 .1608 .1609 .1618 .1621 .1622 .1623 .1625 .1626 .1627 .1631 .1633 .1638 .1639 .1640 .1641 .1643 .1644 .1645 .1646 .1647 .1651 .1656 .1658 .1662 .1663 .1665 .1674 .1676 .1678 .1684 .1685 .1691 .1695 .1697 .1700 .1704 .1707 .1709 .1712 .1713 .1723 .1727 .1729 .1730 .1736 .1738 .1741 .1742 .1743 .1747 .1751 .1753 .1755 .1757 .1761 .1763 .1764 .1767 .1769 .1771 .1778 .1781 .1782 .1783 .1784 .1786 .1789 .1793 .1794 .1795 .1796 .1799 .1807 .1808 .1809 .1810 .1811 .1816 .1818 .1826 .1829 .1843 .1848 .1849 .1852 .1858 .1864 .1877 .1879 .1889 .1891 .1895 .1897 .1903 .1950 .1951 .1953 .1956 .1961 .1964 .1977 .1979 .1980 .1982 .1999 .2014 .2016 .2017 .2020 .2021 .2026 .2029 .2033 .2043 .2124 .2128 .2130 .2131 .2134 .2138 .2139 .2142 .2143 .2146 .2149 .2151 .2153 .2155 .2156 .2157 .2158 .2159 .2167 .2168 .2169 .2170 .2177 .2179 .2181 .2182 .2185 .2186 .2188 .2189 .2192 .2194 .2196 .2199 .2200 .2205 .2207 .2210 .2211 .2215 .2217 .2219 .2222 .2223 .2227 .2229 .2230 .2231 .2232 .2233 .2235 .2236 .2238 .2241 .2245 .2246 .2249 .2250 .2251 .2252 .2254 .2256 .2257 .2260 .2261 .2263 .2269 .2272 .2273 .2276 .2277 .2282 .2284 .2287 .2289 .2290 .2292 .2294 .2295 .2296 .2298 .2299 .2300 .2302 .2307 .2309 .2312 .2313 .2315 .2318 .2321 .2326 .2327 .2328 .2330 .2332 .2333 .2334 .2335 .2340 .2343 .2344 .2347 .2348 .2350 .2351 .2358 .2361 .2362 .2363 .2366 .2367 .2368 .2369 .2371 .2372 .2373 .2374 .2375 .2376 .2377 .2378 .2380 .2383 .2385 .2387 .2389 .2392 .2393 .2394 .2395 .2396 .2400 .2401 .2402 .2404 .2405 .2406 .2411 .2415 .2417 .2418 .2419 .2422 .2425 .2426 .2427 .2428 .2430 .2431 .2433 .2434 .2436 .2440 .2443 .2447 .2448 .2450 .2451 .2454 .2455 .2456 .2458 .2462 .2463 .2464 .2467 .2468 .2471 .2472 .2476 .2477 .2478 .2480 .2482 .2485 .2486 .2489 .2490 .2491 .2493 .2494 .2495 .2496 .2498 .2499 .2502 .2503 .2505 .2506 .2507 .2508 .2509 .2512 .2515 .2519 .2520 .2521 .2522 .2524 .2526 .2528 .2536 .2538 .2540 .2542 .2543 .2544 .2545 .2546 .2547 .2548 .2549 .2554 .2555 .2556 .2558 .2559 .2560 .2563 .2564 .2565 .2567 .2572 .2573 .2576 .2577 .2578 .2581 .2582 .2583 .2586 .2587 .2588 .2590 .2591 .2593 .2595 .2597 .2601 .2603 .2610 .2611 .2613 .2619 .2623 .2626 .2627 .2629 .2630 .2631 .2633 .2634 .2635 .2637 .2639 .2641 .2642 .2644 .2645 .2646 .2648 .2649 .2650 .2653 .2655 .2656 .2657 .2658 .2660 .2662 .2663 .2665 .2666 .2669 .2671 .2680 .2681 .2683 .2684 .2685 .2686 .2688 .2689 .2693 .2694 .2695 .2696 .2698 .2699 .2700 .2707 .2719 .2726 .2727 .2728 .2730 .2733 .2734 .2735 .2741 .2742 .2745 .2746 .2748 .2749 .2751 .2752 .2757 .2758 .2760 .2764 .2765 .2774 .2780 .2781 .2782 .2785 .2786 .2788 .2789 .2794 .2800 .2801 .2803 .2808 .2817 .2818 .2819 .2822 .2824 .2825 .2826 .2829 .2831 .2833 .2836 .2837 .2840 .2843 .2852 .2857 .2861 .2868 .2871 .2872 .2873 .2874 .2875 .2876 .2877 .2878 .2881 .2882 .2884 .2887 .2888 .2890 .2891 .2893 .2897 .2898 .2899 .2901 .2907 .2908 .2910 .2911 .2916 .2918 .2919 .2921 .2923 .2926 .2928 .2929 .2932 .2934 .2937 .2938 .2940 .2943 .2944 .2945 .2948 .2949 .2951 .2952 .2953 .2954 .2956 .2961 .2963 .2964 .2970 .2972 .2973 .2974 .2983 .2984 .2986 .2991 .2993 .2997 .2998 .3000 .3001 .3005 .3006 .3011 .3012 .3013 .3018 .3019 .3020 .3025 .3026 .3034 .3035 .3036 .3038 .3041 .3042 .3044 .3048 .3049 .3051 .3052 .3053 .3054 .3058 .3059 .3060 .3064 .3065 .3066 .3067 .3069 .3070 .3071 .3073 .3080 .3081 .3083 .3087 .3091 .3093 .3109 .3110 .3115 .3117 .3119 .3120 .3131 .3134 .3138 .3139 .3144 .3149 .3161 .3162 .3163 .3164 .3165 .3167 .3168 .3169 .3172 .3174 .3182 .3183 .3185 .3190 .3192 .3193 .3194 .3196 .3200 .3204 .3206 .3207 .3208 .3220 .3222 .3229 .3242 .3256 .3264 .3268 .3280 .3282 .3285 .3287 .3288 .3289 .3293 .3294 .3297 .3312 .3313 .3314 .3316 .3318 .3319 .3325 .3327 .3332 .3338 .3372 .3373 .3376 .3377 .3380 .3381 .3382 .3384 .3387 .3391 .3393 .3395 .3396 .3401 .3406 .3411 .3414 .3416 .3417 .3425 .3434 .3467 .3526 .3527 .3531 .3532 .3535 .3538 .3540 .3541 .3543 .3548 .3549 .3552 .3555 .3557 .3561 .3564 .3575 .3576 .3577 .3579 .3580 .3581 .3586 .3589 .3590 .3591 .3592 .3593 .3594 .3596 .3599 .3600 .3602 .3603 .3604 .3612 .3615 .3621 .3622 .3623 .3625 .3626 .3628 .3629 .3630 .3631 .3632 .3635 .3637 .3639 .3641 .3643 .3644 .3645 .3646 .3647 .3648 .3649 .3650 .3651 .3652 .3657 .3658 .3659 .3660 .3661 .3662 .3664 .3665 .3669 .3671 .3676 .3677 .3679 .3680 .3681 .3684 .3686 .3690 .3691 .3692 .3693 .3696 .3697 .3699 .3702 .3707 .3709 .3710 .3714 .3715 .3716 .3717 .3718 .3725 .3726 .3728 .3729 .3730 .3732 .3734 .3735 .3736 .3739 .3742 .3751 .3752 .3753 .3754 .3756 .3758 .3759 .3766 .3767 .3769 .3772 .3774 .3779 .3780 .3788 .3792 .3793 .3800 .3801 .3802 .3803 .3804 .3805 .3806 .3811 .3812 .3813 .3814 .3815 .3817 .3820 .3822 .3825 .3828 .3829 .3832 .3837 .3839 .3840 .3842 .3848 .3850 .3854 .3856 .3859 .3861 .3862 .3863 .3864 .3865 .3866 .3867 .3868 .3870 .3875 .3877 .3878 .3881 .3888 .3890 .3892 .3893 .3895 .3897 .3898 .3906 .3907 .3908 .3910 .3916 .3917 .3918 .3921 .3924 .3925 .3927 .3928 .3929 .3931 .3932 .3935 .3936 .3940 .3941 .3942 .3943 .3944 .3945 .3947 .3950 .3951 .3952 .3953 .3958 .3959 .3961 .3962 .3965 .3966 .3968 .3969 .3970 .3971 .3972 .3973 .3974 .3977 .3980 .3981 .3983 .3986 .3987 .3988 .3990 .3991 .3993 .3995 .3997 .3999 .4001 .4002 .4003 .4004 .4005 .4006 .4007 .4008 .4009 .4010 .4012 .4014 .4015 .4016 .4017 .4018 .4020 .4021 .4022 .4023 .4024 .4025 .4028 .4029 .4030 .4033 .4036 .4037 .4039 .4043 .4044 .4048 .4049 .4050 .4051 .4052 .4053 .4057 .4059 .4060 .4061 .4063 .4066 .4067 .4068 .4069 .4070 .4071 .4075 .4076 .4080 .4081 .4087 .4089 .4092 .4094 .4095 .4096 .4098 .4101 .4104 .4106 .4110 .4113 .4114 .4116 .4121 .4125 .4126 .4127 .4129 .4130 .4132 .4133 .4134 .4135 .4136 .4137 .4141 .4142 .4143 .4147 .4148 .4149 .4150 .4153 .4158 .4159 .4160 .4161 .4165 .4166 .4168 .4170 .4171 .4175 .4176 .4180 .4181 .4182 .4185 .4188 .4189 .4190 .4194 .4198 .4199 .4201 .4203 .4204 .4205 .4208 .4209 .4210 .4212 .4218 .4226 .4229 .4230 .4231 .4232 .4235 .4236 .4238 .4239 .4240 .4242 .4244 .4245 .4248 .4249 .4250 .4252 .4254 .4260 .4262 .4265 .4266 .4267 .4268 .4270 .4271 .4272 .4273 .4275 .4279 .4280 .4282 .4283 .4287 .4288 .4290 .4291 .4293 .4294 .4296 .4298 .4300 .4301 .4302 .4303 .4306 .4308 .4309 .4310 .4311 .4312 .4314 .4315 .4316 .4319 .4323 .4324 .4326 .4327 .4332 .4336 .4337 .4339 .4342 .4343 .4344 .4345 .4346 .4348 .4353 .4355 .4358 .4360 .4361 .4363 .4364 .4366 .4367 .4368 .4369 .4371 .4372 .4373 .4374 .4375 .4377 .4379 .4381 .4382 .4384 .4385 .4386 .4390 .4391 .4394 .4395 .4401 .4402 .4403 .4406 .4407 .4408 .4409 .4410 .4412 .4415 .4417 .4418 .4419 .4420 .4421 .4424 .4427 .4429 .4430 .4431 .4435 .4438 .4439 .4441 .4444 .4445 .4446 .4447 .4448 .4453 .4457 .4459 .4460 .4461 .4464 .4465 .4466 .4467 .4470 .4472 .4474 .4475 .4478 .4479 .4480 .4482 .4483 .4491 .4495 .4498 .4499 .4500 .4501 .4502 .4503 .4504 .4506 .4508 .4510 .4511 .4513 .4520 .4523 .4527 .4530 .4532 .4534 .4536 .4537 .4539 .4540 .4541 .4542 .4544 .4548 .4549 .4552 .4553 .4554 .4558 .4563 .4565 .4567 .4568 .4570 .4575 .4577 .4578 .4580 .4583 .4585 .4587 .4591 .4592 .4595 .4596 .4601 .4602 .4603 .4604 .4605 .4609 .4610 .4612 .4615 .4616 .4619 .4620 .4622 .4623 .4626 .4629 .4630 .4631 .4632 .4633 .4636 .4639 .4640 .4642 .4644 .4645 .4646 .4647 .4648 .4649 .4650 .4652 .4656 .4659 .4661 .4662 .4663 .4664 .4665 .4666 .4671 .4672 .4673 .4675 .4676 .4678 .4679 .4681 .4682 .4683 .4684 .4685 .4686 .4687 .4688 .4689 .4690 .4691 .4693 .4699 .4700 .4702 .4715 .4716 .4720 .4721 .4722 .4723 .4724 .4728 .4732 .4733 .4735 .4737 .4740 .4742 .4744 .4751 .4755 .4757 .4759 .4760 .4761 .4762 .4765 .4766 .4770 .4779 .4780 .4784 .4785 .4786 .4787 .4788 .4790 .4792 .4794 .4795 .4796 .4797 .4799 .4800 .4801 .4803 .4805 .4807 .4808 .4817 .4821 .4822 .4826 .4829 .4831 .4835 .4838 .4840 .4841 .4842 .4846 .4848 .4852 .4863 .4866 .4868 .4869 .4870 .4873 .4874 .4876 .4878 .4880 .4882 .4883 .4885 .4886 .4890 .4893 .4894 .4897 .4898 .4902 .4903 .4904 .4905 .4906 .4907 .4909 .4912 .4917 .4918 .4928 .4930 .4931 .4934 .4935 .4936 .4937 .4942 .4945 .4946 .4952 .4953 .4954 .4956 .4957 .4958 .4959 .4960 .4962 .4963 .4968 .4969 .4970 .4974 .4978 .4979 .4980 .4981 .4982 .4984 .4985 .4987 .4989 .4991 .4994 .4995 .4996 .4997 .5000 .5003 .5004 .5006 .5008 .5011 .5013 .5014 .5015 .5021 .5027 .5029 .5033 .5035 .5037 .5038 .5044 .5047 .5049 .5057 .5058 .5059 .5060 .5063 .5064 .5069 .5071 .5073 .5076 .5077 .5078 .5083 .5085 .5087 .5089 .5092 .5093 .5097 .5098 .5102 .5104 .5105 .5106 .5109 .5110 .5111 .5113 .5114 .5115 .5117 .5119 .5121 .5125 .5126 .5127 .5128 .5129 .5130 .5132 .5134 .5135 .5136 .5139 .5141 .5142 .5144 .5146 .5147 .5148 .5149 .5150 .5151 .5153 .5155 .5156 .5157 .5160 .5161 .5162 .5166 .5172 .5178 .5185 .5186 .5187 .5189 .5190 .5192 .5193 .5195 .5196 .5198 .5199 .5200 .5202 .5203 .5207 .5210 .5211 .5215 .5218 .5223 .5226 .5228 .5229 .5230 .5236 .5237 .5240 .5244 .5249 .5250 .5252 .5258 .5259 .5260 .5261 .5263 .5266 .5269 .5273 .5277 .5279 .5280 .5281 .5282 .5283 .5285 .5287 .5288 .5289 .5291 .5292 .5293 .5296 .5297 .5298 .5303 .5305 .5307 .5315 .5318 .5324 .5326 .5327 .5328 .5329 .5332 .5333 .5334 .5338 .5342 .5348 .5351 .5361 .5367 .5369 .5370 .5372 .5373 .5377 .5379 .5381 .5382 .5383 .5384 .5388 .5390 .5391 .5395 .5396 .5400 .5405 .5406 .5409 .5410 .5414 .5416 .5418 .5419 .5421 .5423 .5424 .5425 .5426 .5428 .5429 .5430 .5432 .5434 .5435 .5437 .5439 .5446 .5447 .5448 .5450 .5451 .5454 .5457 .5459 .5460 .5469 .5470 .5473 .5479 .5481 .5483 .5494 .5496 .5497 .5498 .5500 .5504 .5505 .5508 .5510 .5516 .5517 .5518 .5525 .5526 .5534 .5537 .5538 .5546 .5562 .5563 .5564 .5565 .5566 .5567 .5568 .5570 .5572 .5574 .5575 .5577 .5580 .5582 .5583 .5587 .5594 .5598 .5599 .5604 .5609 .5614 .5615 .5616 .5617 .5621 .5622 .5623 .5629 .5630 .5632 .5635 .5636 .5642 .5647 .5649 .5654 .5655 .5657 .5675 .5679 .5704 .5705 .5707 .5715 .5722 .5723 .5724 .5725 .5726 .5727 .5728 .5729 .5730 .5732 .5733 .5741 .5745 .5746 .5749 .5754 .5768 .5771 .5772 .5779 .5780 .5785 .5793 .5799 .5804 .5806 .5809 .5814 .5858 .5860 .5864

Select option: 23 
Input the word for collection:
(use generators x1,x2,... and terminate with a semicolon)
The input word is 128 1 
The result of collection is  .815 .821 .822 .856 .862 .863 .871 .872 .874 .877 .878 .900 .903 .906 .907 .918 .919 .943 .944 .947 .948 .949 .950 .955 .993 .1169 .1311 .1317 .1319 .1325 .1328 .1329 .1331 .1332 .1333 .1341 .1342 .1343 .1345 .1347 .1348 .1350 .1351 .1374 .1393 .1394 .1396 .1397 .1408 .1409 .1414 .1415 .1417 .1420 .1421 .1423 .1426 .1427 .1432 .1433 .1434 .1435 .1446 .1447 .1450 .1468 .1472 .1475 .1478 .1482 .1485 .1488 .1491 .1492 .1496 .1500 .1501 .1503 .1506 .1507 .1518 .1522 .1527 .1528 .1542 .1554 .1565 .1566 .1571 .1572 .1575 .1581 .1583 .1588 .1590 .1592 .1593 .1596 .1599 .1607 .1621 .1625 .1627 .1633 .1634 .1635 .1636 .1639 .1641 .1642 .1644 .1654 .1677 .1679 .1683 .1684 .1712 .1714 .1725 .1735 .1738 .1739 .1741 .1749 .1753 .1763 .1767 .1776 .1784 .1785 .1807 .1825 .1845 .1846 .1847 .1951 .1975 .2015 .2139 .2141 .2142 .2147 .2149 .2153 .2154 .2155 .2163 .2164 .2167 .2169 .2170 .2171 .2173 .2174 .2175 .2185 .2187 .2191 .2192 .2196 .2200 .2202 .2203 .2204 .2206 .2207 .2208 .2209 .2210 .2213 .2216 .2217 .2218 .2222 .2223 .2226 .2227 .2231 .2233 .2234 .2236 .2244 .2248 .2249 .2250 .2251 .2252 .2253 .2254 .2255 .2263 .2264 .2275 .2276 .2277 .2278 .2279 .2280 .2286 .2292 .2294 .2295 .2300 .2304 .2307 .2311 .2313 .2314 .2322 .2325 .2330 .2334 .2342 .2343 .2346 .2347 .2348 .2350 .2351 .2354 .2355 .2358 .2359 .2361 .2362 .2364 .2365 .2369 .2372 .2373 .2375 .2376 .2380 .2382 .2384 .2385 .2386 .2387 .2389 .2390 .2392 .2394 .2400 .2403 .2404 .2405 .2406 .2407 .2408 .2411 .2417 .2418 .2419 .2425 .2427 .2429 .2432 .2433 .2434 .2435 .2438 .2439 .2441 .2451 .2456 .2459 .2460 .2463 .2464 .2466 .2467 .2471 .2474 .2475 .2477 .2478 .2485 .2490 .2492 .2494 .2495 .2496 .2497 .2500 .2504 .2505 .2512 .2513 .2518 .2519 .2521 .2522 .2523 .2526 .2527 .2530 .2532 .2534 .2536 .2540 .2545 .2548 .2555 .2560 .2561 .2562 .2565 .2570 .2574 .2582 .2585 .2586 .2593 .2596 .2597 .2600 .2609 .2612 .2622 .2626 .2633 .2636 .2637 .2639 .2640 .2643 .2644 .2645 .2648 .2650 .2651 .2652 .2656 .2661 .2668 .2669 .2670 .2671 .2672 .2673 .2675 .2676 .2677 .2679 .2682 .2684 .2686 .2687 .2692 .2693 .2698 .2699 .2700 .2701 .2704 .2711 .2722 .2723 .2732 .2735 .2736 .2740 .2741 .2742 .2746 .2748 .2749 .2750 .2751 .2756 .2761 .2765 .2767 .2769 .2771 .2772 .2775 .2778 .2779 .2795 .2801 .2802 .2815 .2816 .2817 .2818 .2821 .2822 .2823 .2824 .2827 .2828 .2834 .2835 .2839 .2873 .2875 .2880 .2887 .2888 .2889 .2891 .2897 .2898 .2902 .2904 .2908 .2909 .2918 .2922 .2926 .2928 .2931 .2932 .2939 .2944 .2956 .2957 .2959 .2963 .2970 .2972 .2973 .2974 .2975 .2977 .2979 .2981 .2984 .2993 .2995 .3006 .3008 .3012 .3025 .3027 .3029 .3034 .3036 .3048 .3052 .3054 .3058 .3065 .3081 .3091 .3108 .3109 .3110 .3111 .3130 .3161 .3163 .3180 .3183 .3184 .3186 .3189 .3192 .3196 .3206 .3221 .3278 .3279 .3285 .3288 .3289 .3313 .3314 .3316 .3328 .3371 .3372 .3383 .3385 .3414 .3533 .3534 .3535 .3537 .3538 .3539 .3541 .3543 .3561 .3563 .3567 .3568 .3570 .3572 .3577 .3579 .3580 .3583 .3584 .3586 .3591 .3594 .3598 .3600 .3601 .3602 .3609 .3616 .3617 .3621 .3622 .3627 .3628 .3638 .3642 .3644 .3645 .3646 .3649 .3650 .3653 .3659 .3661 .3662 .3664 .3671 .3672 .3675 .3676 .3679 .3680 .3684 .3686 .3688 .3689 .3691 .3694 .3706 .3707 .3708 .3709 .3710 .3713 .3715 .3717 .3718 .3719 .3720 .3721 .3723 .3724 .3726 .3730 .3731 .3733 .3741 .3742 .3743 .3744 .3746 .3756 .3757 .3758 .3760 .3761 .3762 .3764 .3765 .3766 .3768 .3771 .3775 .3786 .3787 .3790 .3792 .3793 .3794 .3813 .3817 .3818 .3819 .3820 .3824 .3825 .3826 .3832 .3837 .3838 .3840 .3844 .3845 .3847 .3853 .3859 .3865 .3866 .3869 .3872 .3876 .3877 .3879 .3882 .3883 .3885 .3896 .3900 .3901 .3903 .3906 .3907 .3913 .3916 .3918 .3919 .3921 .3922 .3923 .3927 .3928 .3929 .3932 .3935 .3939 .3942 .3944 .3947 .3949 .3951 .3956 .3957 .3962 .3963 .3964 .3965 .3967 .3968 .3969 .3971 .3973 .3977 .3978 .3979 .3980 .3983 .3984 .3987 .3988 .3991 .3992 .4001 .4003 .4005 .4006 .4007 .4008 .4015 .4016 .4017 .4018 .4020 .4023 .4025 .4027 .4028 .4029 .4033 .4035 .4037 .4041 .4042 .4043 .4044 .4048 .4050 .4052 .4053 .4054 .4057 .4058 .4059 .4063 .4071 .4073 .4074 .4076 .4077 .4078 .4079 .4080 .4081 .4082 .4083 .4084 .4086 .4087 .4088 .4090 .4092 .4093 .4094 .4098 .4100 .4101 .4103 .4104 .4106 .4108 .4109 .4111 .4112 .4113 .4114 .4117 .4120 .4121 .4128 .4130 .4132 .4133 .4136 .4137 .4144 .4145 .4146 .4149 .4150 .4152 .4156 .4157 .4160 .4162 .4165 .4166 .4168 .4170 .4174 .4178 .4179 .4181 .4187 .4188 .4190 .4193 .4197 .4204 .4205 .4206 .4210 .4212 .4214 .4215 .4216 .4217 .4218 .4219 .4220 .4222 .4228 .4229 .4233 .4235 .4241 .4242 .4245 .4246 .4249 .4250 .4254 .4255 .4257 .4258 .4259 .4260 .4262 .4263 .4265 .4266 .4267 .4268 .4271 .4272 .4273 .4278 .4279 .4287 .4290 .4291 .4293 .4295 .4296 .4297 .4302 .4304 .4306 .4309 .4310 .4311 .4318 .4329 .4330 .4333 .4334 .4335 .4336 .4337 .4339 .4341 .4342 .4344 .4345 .4350 .4351 .4352 .4354 .4355 .4356 .4357 .4362 .4363 .4370 .4371 .4373 .4375 .4376 .4377 .4378 .4379 .4382 .4384 .4390 .4392 .4393 .4395 .4396 .4397 .4400 .4406 .4410 .4419 .4422 .4423 .4424 .4428 .4429 .4430 .4435 .4436 .4437 .4438 .4440 .4442 .4443 .4446 .4450 .4451 .4455 .4456 .4457 .4463 .4464 .4466 .4467 .4471 .4473 .4476 .4477 .4478 .4482 .4484 .4485 .4486 .4487 .4488 .4489 .4493 .4497 .4498 .4500 .4501 .4520 .4522 .4523 .4527 .4531 .4533 .4536 .4540 .4543 .4545 .4549 .4553 .4555 .4556 .4559 .4560 .4567 .4568 .4569 .4571 .4574 .4575 .4576 .4578 .4603 .4607 .4608 .4609 .4610 .4612 .4617 .4619 .4624 .4625 .4628 .4629 .4630 .4631 .4633 .4636 .4638 .4642 .4648 .4649 .4650 .4656 .4663 .4666 .4669 .4671 .4672 .4676 .4677 .4678 .4682 .4685 .4692 .4693 .4695 .4696 .4702 .4707 .4708 .4714 .4716 .4717 .4718 .4720 .4723 .4733 .4734 .4735 .4736 .4738 .4739 .4740 .4741 .4742 .4743 .4745 .4746 .4747 .4757 .4759 .4769 .4770 .4771 .4774 .4776 .4778 .4782 .4783 .4785 .4786 .4787 .4794 .4795 .4802 .4803 .4804 .4807 .4809 .4810 .4815 .4826 .4827 .4835 .4836 .4838 .4839 .4840 .4842 .4866 .4872 .4874 .4878 .4879 .4881 .4882 .4883 .4889 .4890 .4894 .4895 .4896 .4897 .4898 .4900 .4901 .4905 .4907 .4909 .4911 .4912 .4914 .4916 .4918 .4921 .4925 .4930 .4936 .4937 .4942 .4943 .4945 .4956 .4958 .4960 .4964 .4967 .4968 .4969 .4975 .4978 .4981 .4983 .4986 .4987 .4988 .4989 .4990 .4993 .4996 .5000 .5001 .5002 .5006 .5008 .5010 .5013 .5020 .5026 .5027 .5029 .5033 .5034 .5038 .5046 .5052 .5059 .5062 .5063 .5064 .5066 .5069 .5072 .5075 .5078 .5082 .5084 .5085 .5090 .5091 .5092 .5093 .5094 .5095 .5097 .5098 .5099 .5100 .5101 .5102 .5103 .5105 .5106 .5113 .5114 .5119 .5121 .5124 .5129 .5131 .5134 .5139 .5140 .5141 .5153 .5155 .5157 .5161 .5166 .5177 .5185 .5188 .5189 .5190 .5192 .5196 .5202 .5210 .5214 .5215 .5217 .5222 .5223 .5224 .5228 .5240 .5242 .5245 .5257 .5281 .5282 .5284 .5286 .5290 .5297 .5300 .5302 .5307 .5314 .5318 .5327 .5328 .5367 .5369 .5372 .5374 .5381 .5383 .5385 .5387 .5390 .5391 .5393 .5397 .5405 .5409 .5410 .5413 .5414 .5416 .5421 .5422 .5424 .5425 .5433 .5435 .5473 .5481 .5504 .5508 .5525 .5562 .5563 .5568 .5569 .5570 .5578 .5579 .5583 .5584 .5590 .5598 .5614 .5615 .5617 .5619 .5620 .5622 .5623 .5638 .5641 .5704 .5705 .5707 .5708 .5713 .5716 .5722 .5727 .5735 .5736 .5737 .5745 .5753 .5756 .5778 .5813

Select option: 23 
Input the word for collection:
(use generators x1,x2,... and terminate with a semicolon)
The input word is 256 1 
The result of collection is  .2139 .2143 .2147 .2153 .2154 .2159 .2167 .2169 .2171 .2173 .2174 .2175 .2181 .2185 .2186 .2189 .2193 .2194 .2202 .2203 .2204 .2206 .2207 .2212 .2213 .2216 .2219 .2229 .2230 .2232 .2237 .2239 .2240 .2247 .2280 .2301 .2312 .2323 .2342 .2345 .2348 .2349 .2353 .2354 .2357 .2369 .2372 .2373 .2374 .2376 .2378 .2379 .2386 .2399 .2400 .2401 .2402 .2403 .2406 .2407 .2411 .2422 .2425 .2514 .2521 .2533 .2560 .2640 .2642 .2643 .2645 .2655 .2681 .2684 .2761 .2762 .2772 .3278 .3533 .3534 .3537 .3538 .3559 .3562 .3568 .3569 .3570 .3571 .3572 .3577 .3580 .3581 .3584 .3585 .3587 .3589 .3593 .3595 .3596 .3598 .3600 .3601 .3602 .3603 .3604 .3607 .3608 .3612 .3613 .3614 .3615 .3616 .3617 .3618 .3619 .3620 .3625 .3627 .3629 .3632 .3639 .3647 .3650 .3651 .3655 .3658 .3661 .3663 .3664 .3671 .3672 .3673 .3675 .3677 .3679 .3680 .3681 .3683 .3685 .3686 .3689 .3690 .3693 .3694 .3698 .3701 .3702 .3706 .3707 .3710 .3713 .3714 .3715 .3720 .3721 .3724 .3725 .3730 .3734 .3735 .3738 .3739 .3740 .3742 .3743 .3744 .3746 .3748 .3751 .3755 .3759 .3760 .3765 .3766 .3767 .3768 .3769 .3796 .3822 .3823 .3824 .3825 .3842 .3849 .3855 .3856 .3862 .3869 .3871 .3872 .3873 .3877 .3879 .3880 .3881 .3883 .3884 .3893 .3898 .3907 .3908 .3912 .3919 .3927 .3929 .3932 .3935 .3936 .3941 .3943 .3944 .3945 .3948 .3951 .3953 .3956 .3957 .3962 .3965 .3967 .3968 .3975 .3977 .3978 .3980 .3983 .3987 .3988 .3993 .3995 .3997 .4000 .4002 .4003 .4004 .4005 .4008 .4009 .4014 .4020 .4025 .4027 .4031 .4035 .4041 .4043 .4046 .4048 .4049 .4050 .4051 .4054 .4055 .4059 .4060 .4061 .4062 .4074 .4075 .4079 .4087 .4090 .4093 .4094 .4099 .4109 .4110 .4128 .4132 .4133 .4135 .4145 .4146 .4160 .4163 .4164 .4166 .4168 .4169 .4175 .4178 .4183 .4185 .4186 .4191 .4195 .4196 .4201 .4204 .4208 .4210 .4213 .4215 .4216 .4218 .4225 .4231 .4232 .4235 .4236 .4238 .4242 .4243 .4246 .4248 .4253 .4254 .4258 .4259 .4267 .4281 .4283 .4287 .4288 .4303 .4307 .4324 .4326 .4330 .4332 .4338 .4352 .4356 .4357 .4385 .4389 .4391 .4398 .4401 .4402 .4420 .4424 .4472 .4483 .4484 .4485 .4487 .4492 .4493 .4494 .4501 .4502 .4516 .4517 .4518 .4521 .4526 .4528 .4529 .4530 .4531 .4533 .4536 .4537 .4539 .4541 .4543 .4544 .4550 .4567 .4572 .4579 .4611 .4612 .4616 .4617 .4623 .4624 .4627 .4642 .4643 .4644 .4649 .4650 .4653 .4654 .4660 .4667 .4676 .4684 .4686 .4693 .4695 .4696 .4697 .4715 .4720 .4802 .4805 .4880 .4887 .4891 .4894 .4904 .4912 .4917 .4961 .4966 .4968 .4972 .4975 .5046 .5048 .5064 .5067 .5071 .5086 .5087 .5090 .5099 .5121 .5193 .5281 .5284 .5561 .5614 .5704 .5707

Select option: 31 
Exiting from interactive p-Quotient menu

Select option: 0 
Exiting from ANU p-Quotient Program
Total user time in seconds is 166.08
