purged 0 stale artifact sets (source-newer=0, import-newer=0) of 3369 oleans
[job] acn112 cores=72-79 threads=8 base=97890f5388ffdcb4610901cf07f7cc264dc12de5 mods: GroupApproximation.GGT.VanKampen.CombMapSameFaceForest
ℹ [3297/3372] Replayed GroupApproximation.Sofic.KazhdanCornerCompression
info: GroupApproximation/Sofic/KazhdanCornerCompression.lean:342:4: Try this:
  [apply] abel_nf
ℹ [4648/4648] Built GroupApproximation.GGT.VanKampen.CombMapSameFaceForest (13s)
info: GroupApproximation/GGT/VanKampen/CombMapSameFaceForest.lean:293:14: 'GroupApproximation.GGT.VanKampen.CombMap.mem_sameFaceDarts' depends on axioms: [propext, Classical.choice, Quot.sound]
info: GroupApproximation/GGT/VanKampen/CombMapSameFaceForest.lean:294:14: 'GroupApproximation.GGT.VanKampen.SameFaceForest.alpha_mem_sameFaceDarts' depends on axioms: [propext,
 Classical.choice,
 Quot.sound]
info: GroupApproximation/GGT/VanKampen/CombMapSameFaceForest.lean:295:14: 'GroupApproximation.GGT.VanKampen.SameFaceForest.exists_isSimpleClosedWalk' depends on axioms: [propext,
 Classical.choice,
 Quot.sound]
info: GroupApproximation/GGT/VanKampen/CombMapSameFaceForest.lean:296:14: 'GroupApproximation.GGT.VanKampen.SameFaceForest.exists_leaf' depends on axioms: [propext, Classical.choice, Quot.sound]
info: GroupApproximation/GGT/VanKampen/CombMapSameFaceForest.lean:297:14: 'GroupApproximation.GGT.VanKampen.SameFaceForest.card_add_two_le' depends on axioms: [propext,
 Classical.choice,
 Quot.sound]
info: GroupApproximation/GGT/VanKampen/CombMapSameFaceForest.lean:298:21: 'GroupApproximation.GGT.VanKampen.sameFaceDartForest' depends on axioms: [propext, Classical.choice, Quot.sound]
Build completed successfully (4648 jobs).
EXIT=0
