purged 1 stale artifact sets (source-newer=1, import-newer=0) of 3455 oleans
[job] acn112 cores=64-71 threads=8 base=4556191d66d8c970d1e5a2037501bfde18773ec9 mods: GroupApproximation.Manuscript.SimpleKazhdanSofic.SimplicityNormalSubgroup
ℹ [1836/1905] Replayed GroupApproximation.Manuscript.SimpleKazhdanSofic.TowerCopy
info: GroupApproximation/Manuscript/SimpleKazhdanSofic/TowerCopy.lean:188:14: 'GroupApproximation.SimpleKazhdanSofic.towerHom_single' depends on axioms: [propext, Classical.choice, Quot.sound]
info: GroupApproximation/Manuscript/SimpleKazhdanSofic/TowerCopy.lean:189:14: 'GroupApproximation.SimpleKazhdanSofic.towerHom_one' depends on axioms: [propext, Classical.choice, Quot.sound]
info: GroupApproximation/Manuscript/SimpleKazhdanSofic/TowerCopy.lean:190:14: 'GroupApproximation.SimpleKazhdanSofic.towerE_mul_towerHom_mul_towerE' depends on axioms: [propext,
 Classical.choice,
 Quot.sound]
info: GroupApproximation/Manuscript/SimpleKazhdanSofic/TowerCopy.lean:191:14: 'GroupApproximation.SimpleKazhdanSofic.towerHom_injective' depends on axioms: [propext, Classical.choice, Quot.sound]
ℹ [2611/2612] Replayed GroupApproximation.Manuscript.SimpleKazhdanSofic.TowerCopyGroup
info: GroupApproximation/Manuscript/SimpleKazhdanSofic/TowerCopyGroup.lean:156:14: 'GroupApproximation.SimpleKazhdanSofic.towerCopy_transvection' depends on axioms: [propext,
 Classical.choice,
 Quot.sound]
info: GroupApproximation/Manuscript/SimpleKazhdanSofic/TowerCopyGroup.lean:157:14: 'GroupApproximation.SimpleKazhdanSofic.towerCopy_mem_elementaryGroup' depends on axioms: [propext,
 Classical.choice,
 Quot.sound]
info: GroupApproximation/Manuscript/SimpleKazhdanSofic/TowerCopyGroup.lean:158:14: 'GroupApproximation.SimpleKazhdanSofic.towerCopy_injective' depends on axioms: [propext, Classical.choice, Quot.sound]
info: GroupApproximation/Manuscript/SimpleKazhdanSofic/TowerCopyGroup.lean:159:14: 'GroupApproximation.SimpleKazhdanSofic.center_units_matrix_zmodTwo_eq_bot' depends on axioms: [propext,
 Classical.choice,
 Quot.sound]
ℹ [2612/2612] Built GroupApproximation.Manuscript.SimpleKazhdanSofic.SimplicityNormalSubgroup (10s)
info: GroupApproximation/Manuscript/SimpleKazhdanSofic/SimplicityNormalSubgroup.lean:72:4: Try this:
  [apply] abel_nf
info: GroupApproximation/Manuscript/SimpleKazhdanSofic/SimplicityNormalSubgroup.lean:78:4: Try this:
  [apply] abel_nf
info: GroupApproximation/Manuscript/SimpleKazhdanSofic/SimplicityNormalSubgroup.lean:319:14: 'GroupApproximation.SimpleKazhdanSofic.isSimpleGroup_elementaryGroup_of_simplicityCommutatorWitness' depends on axioms: [propext,
 Classical.choice,
 Quot.sound]
info: GroupApproximation/Manuscript/SimpleKazhdanSofic/SimplicityNormalSubgroup.lean:320:14: 'GroupApproximation.SimpleKazhdanSofic.printedSimplicityIsSimpleGroup' depends on axioms: [propext,
 Classical.choice,
 Quot.sound]
info: GroupApproximation/Manuscript/SimpleKazhdanSofic/SimplicityNormalSubgroup.lean:321:14: 'GroupApproximation.SimpleKazhdanSofic.exists_towerCopy_eq' depends on axioms: [propext, Classical.choice, Quot.sound]
info: GroupApproximation/Manuscript/SimpleKazhdanSofic/SimplicityNormalSubgroup.lean:322:14: 'GroupApproximation.SimpleKazhdanSofic.one_mem_levelIdeal_of_cover' depends on axioms: [propext,
 Classical.choice,
 Quot.sound]
info: GroupApproximation/Manuscript/SimpleKazhdanSofic/SimplicityNormalSubgroup.lean:323:14: 'GroupApproximation.SimpleKazhdanSofic.eq_top_of_simplicityCommutatorWitness' depends on axioms: [propext,
 Classical.choice,
 Quot.sound]
info: GroupApproximation/Manuscript/SimpleKazhdanSofic/SimplicityNormalSubgroup.lean:324:14: 'GroupApproximation.SimpleKazhdanSofic.printedSimplicityThroughFiniteSimpleSubgroup' depends on axioms: [propext,
 Classical.choice,
 Quot.sound]
Build completed successfully (2612 jobs).
EXIT=0
