purged 0 stale artifact sets (source-newer=0, import-newer=0) of 2337 oleans
[job] acn02 cores=slurm threads=8 base=e0d8365e0c6451c6aa173bca900d4e0adb200412 mods: GroupApproximation.CharClass.LIXKGenAgree GroupApproximation.CharClass.LIXKGenOfStepCAgree
ℹ [8675/8787] Replayed GroupApproximation.CharClass.LIXKMap
info: GroupApproximation/CharClass/LIXKMap.lean:398:14: 'GroupApproximation.CharClass.psiVec_eq_neg_eOne_iff' depends on axioms: [propext, Classical.choice, Quot.sound]
info: GroupApproximation/CharClass/LIXKMap.lean:399:14: 'GroupApproximation.CharClass.kRoot_injective' depends on axioms: [propext, Classical.choice, Quot.sound]
info: GroupApproximation/CharClass/LIXKMap.lean:400:14: 'GroupApproximation.CharClass.psiVec_kRot' depends on axioms: [propext, Classical.choice, Quot.sound]
ℹ [8700/8837] Replayed GroupApproximation.CharClass.LIXKGenMap
info: GroupApproximation/CharClass/LIXKGenMap.lean:317:14: 'GroupApproximation.CharClass.KGen.psiVec_eq_neg_eZero_iff' depends on axioms: [propext, Classical.choice, Quot.sound]
info: GroupApproximation/CharClass/LIXKGenMap.lean:318:14: 'GroupApproximation.CharClass.KGen.kZero_injective' depends on axioms: [propext, Classical.choice, Quot.sound]
info: GroupApproximation/CharClass/LIXKGenMap.lean:319:14: 'GroupApproximation.CharClass.KGen.psiVec_kRot' depends on axioms: [propext, Classical.choice, Quot.sound]
info: GroupApproximation/CharClass/LIXKGenMap.lean:320:14: 'GroupApproximation.CharClass.KGen.re_kZeroVec_last' depends on axioms: [propext, Classical.choice, Quot.sound]
ℹ [8749/8847] Replayed GroupApproximation.AlgTop.PuncturedNormedSphere
info: GroupApproximation/AlgTop/PuncturedNormedSphere.lean:95:14: 'GroupApproximation.AlgTop.complexToEuclidean_eq_zero_iff' depends on axioms: [propext, Classical.choice, Quot.sound]
ℹ [8768/8864] Replayed GroupApproximation.CharClass.ThomPuncturedRecursion
info: GroupApproximation/CharClass/ThomPuncturedRecursion.lean:288:14: 'GroupApproximation.CharClass.PuncturedAcyclicOf.prod' depends on axioms: [propext, Classical.choice, Quot.sound]
ℹ [8820/8974] Replayed GroupApproximation.CharClass.LIXKGenSphereChartHomeo
info: GroupApproximation/CharClass/LIXKGenSphereChartHomeo.lean:199:14: 'GroupApproximation.CharClass.KGen.chartQ_clamp_le_one' depends on axioms: [propext, Classical.choice, Quot.sound]
info: GroupApproximation/CharClass/LIXKGenSphereChartHomeo.lean:200:14: 'GroupApproximation.CharClass.KGen.one_sub_chartQ_inv' depends on axioms: [propext, Classical.choice, Quot.sound]
info: GroupApproximation/CharClass/LIXKGenSphereChartHomeo.lean:201:14: 'GroupApproximation.CharClass.KGen.sphereChartHomeo_zero' depends on axioms: [propext, Classical.choice, Quot.sound]
ℹ [8821/8974] Replayed GroupApproximation.CharClass.LIXKGenZeroChartHomeo
info: GroupApproximation/CharClass/LIXKGenZeroChartHomeo.lean:151:14: 'GroupApproximation.CharClass.KGen.isOpen_sphereNearZero' depends on axioms: [propext, Classical.choice, Quot.sound]
info: GroupApproximation/CharClass/LIXKGenZeroChartHomeo.lean:152:14: 'GroupApproximation.CharClass.KGen.psiSphere_zeroChartFun' depends on axioms: [propext, Classical.choice, Quot.sound]
info: GroupApproximation/CharClass/LIXKGenZeroChartHomeo.lean:153:14: 'GroupApproximation.CharClass.KGen.zeroChartHomeo_zero' depends on axioms: [propext, Classical.choice, Quot.sound]
ℹ [8832/8974] Replayed GroupApproximation.CharClass.LIXKCount
info: GroupApproximation/CharClass/LIXKCount.lean:155:14: 'GroupApproximation.CharClass.map_eq_nsmul_of_localSplit' depends on axioms: [propext, Classical.choice, Quot.sound]
info: GroupApproximation/CharClass/LIXKCount.lean:156:14: 'GroupApproximation.CharClass.map_ne_zero_of_localSplit' depends on axioms: [propext, Classical.choice, Quot.sound]
ℹ [8862/8987] Replayed GroupApproximation.ThirdParty.HamSandwich.SphereOddDegree.SphereModTwoHomologyVanishing
info: GroupApproximation/ThirdParty/HamSandwich/SphereOddDegree/SphereModTwoHomologyVanishing.lean:318:21: 'GroupApproximation.ThirdParty.HamSandwich.SphereOddDegree.sphereModTwo_intermediate_vanishing_closed' depends on axioms: [propext,
 Classical.choice,
 Quot.sound]
ℹ [8863/8987] Replayed GroupApproximation.ThirdParty.HamSandwich.SphereOddDegree.SphereModTwoHomologyAboveDimension
info: GroupApproximation/ThirdParty/HamSandwich/SphereOddDegree/SphereModTwoHomologyAboveDimension.lean:87:21: 'GroupApproximation.ThirdParty.HamSandwich.SphereOddDegree.sphereModTwo_above_dimension_vanishing_closed' depends on axioms: [propext,
 Classical.choice,
 Quot.sound]
ℹ [8931/8987] Replayed GroupApproximation.CharClass.LIXKPunctured
info: GroupApproximation/CharClass/LIXKPunctured.lean:168:14: 'GroupApproximation.CharClass.isZero_inter_of_cover' depends on axioms: [propext, Classical.choice, Quot.sound]
info: GroupApproximation/CharClass/LIXKPunctured.lean:169:14: 'GroupApproximation.CharClass.isZero_punctured_finite' depends on axioms: [propext, Classical.choice, Quot.sound]
ℹ [8949/8987] Replayed GroupApproximation.CharClass.LIXKGenSphere
info: GroupApproximation/CharClass/LIXKGenSphere.lean:342:14: 'GroupApproximation.CharClass.KGen.normSq_cxToEuc' depends on axioms: [propext, Classical.choice, Quot.sound]
info: GroupApproximation/CharClass/LIXKGenSphere.lean:343:14: 'GroupApproximation.CharClass.KGen.cxToEuc_eucToCx' depends on axioms: [propext, Classical.choice, Quot.sound]
info: GroupApproximation/CharClass/LIXKGenSphere.lean:344:14: 'GroupApproximation.CharClass.KGen.puncturedAcyclic_unitVectors' depends on axioms: [propext,
 Classical.choice,
 Quot.sound]
info: GroupApproximation/CharClass/LIXKGenSphere.lean:345:14: 'GroupApproximation.CharClass.KGen.hbase' depends on axioms: [propext, Classical.choice, Quot.sound]
info: GroupApproximation/CharClass/LIXKGenSphere.lean:346:14: 'GroupApproximation.CharClass.KGen.hbase_two_eq_hbase_lix' depends on axioms: [propext, Classical.choice, Quot.sound]
ℹ [8950/8987] Replayed GroupApproximation.CharClass.LIXKGenPunctured
info: GroupApproximation/CharClass/LIXKGenPunctured.lean:182:14: 'GroupApproximation.CharClass.KGen.puncturedAcyclic_lixBase' depends on axioms: [propext, Classical.choice, Quot.sound]
info: GroupApproximation/CharClass/LIXKGenPunctured.lean:183:14: 'GroupApproximation.CharClass.KGen.puncturedVanish_finite' depends on axioms: [propext, Classical.choice, Quot.sound]
info: GroupApproximation/CharClass/LIXKGenPunctured.lean:184:14: 'GroupApproximation.CharClass.puncturedAcyclic_lixBase_two' depends on axioms: [propext, Classical.choice, Quot.sound]
ℹ [8959/8987] Replayed GroupApproximation.CharClass.LIXKStepC
info: GroupApproximation/CharClass/LIXKStepC.lean:134:14: 'GroupApproximation.CharClass.topChernClass_ne_zero_kzero' depends on axioms: [propext, Classical.choice, Quot.sound]
info: GroupApproximation/CharClass/LIXKStepC.lean:135:14: 'GroupApproximation.CharClass.topChernClass_ne_zero_kzero_naturality' depends on axioms: [propext,
 Classical.choice,
 Quot.sound]
ℹ [8960/8987] Replayed GroupApproximation.CharClass.LIXKStepCTwo
info: GroupApproximation/CharClass/LIXKStepCTwo.lean:134:14: 'GroupApproximation.CharClass.eq_of_ne_zero_of_line_two' depends on axioms: [propext, Classical.choice, Quot.sound]
info: GroupApproximation/CharClass/LIXKStepCTwo.lean:135:14: 'GroupApproximation.CharClass.localClassesAgree_of_ne_zero_two' depends on axioms: [propext,
 Classical.choice,
 Quot.sound]
info: GroupApproximation/CharClass/LIXKStepCTwo.lean:136:14: 'GroupApproximation.CharClass.topChernClass_ne_zero_kzero_two' depends on axioms: [propext,
 Classical.choice,
 Quot.sound]
ℹ [8969/8987] Replayed GroupApproximation.CharClass.LIXKGenOfPunctured
info: GroupApproximation/CharClass/LIXKGenOfPunctured.lean:131:14: 'GroupApproximation.CharClass.KGen.hbaseOf' depends on axioms: [propext, Classical.choice, Quot.sound]
info: GroupApproximation/CharClass/LIXKGenOfPunctured.lean:132:14: 'GroupApproximation.CharClass.KGen.puncturedAcyclic_lixKZeroOf' depends on axioms: [propext,
 Classical.choice,
 Quot.sound]
ℹ [8972/8987] Replayed GroupApproximation.CharClass.LIXKGenRotate
info: GroupApproximation/CharClass/LIXKGenRotate.lean:330:14: 'GroupApproximation.CharClass.KGen.rotPt_lixKZero' depends on axioms: [propext, Classical.choice, Quot.sound]
info: GroupApproximation/CharClass/LIXKGenRotate.lean:331:14: 'GroupApproximation.CharClass.KGen.blockSouth_rotPt' depends on axioms: [propext, Classical.choice, Quot.sound]
info: GroupApproximation/CharClass/LIXKGenRotate.lean:332:14: 'GroupApproximation.CharClass.KGen.mem_lixKZeroSet_of_rotPt' depends on axioms: [propext, Classical.choice, Quot.sound]
info: GroupApproximation/CharClass/LIXKGenRotate.lean:333:14: 'GroupApproximation.CharClass.KGen.pull_rotMap' depends on axioms: [propext, Classical.choice, Quot.sound]
ℹ [8974/8987] Replayed GroupApproximation.CharClass.LIXKGenBaseChart
info: GroupApproximation/CharClass/LIXKGenBaseChart.lean:219:14: 'GroupApproximation.CharClass.KGen.lixKBaseChart_zero' depends on axioms: [propext, Classical.choice, Quot.sound]
info: GroupApproximation/CharClass/LIXKGenBaseChart.lean:220:14: 'GroupApproximation.CharClass.KGen.lixKFullChart_zero' depends on axioms: [propext, Classical.choice, Quot.sound]
info: GroupApproximation/CharClass/LIXKGenBaseChart.lean:221:14: 'GroupApproximation.CharClass.KGen.lixKNbhdHomeo_zero' depends on axioms: [propext, Classical.choice, Quot.sound]
ℹ [8975/8987] Replayed GroupApproximation.CharClass.LIXKGenOfBundle
info: GroupApproximation/CharClass/LIXKGenOfBundle.lean:142:14: 'GroupApproximation.CharClass.KGen.lixK_hexactOf' depends on axioms: [propext, Classical.choice, Quot.sound]
info: GroupApproximation/CharClass/LIXKGenOfBundle.lean:143:14: 'GroupApproximation.CharClass.KGen.lixK_hcompatOf' depends on axioms: [propext, Classical.choice, Quot.sound]
info: GroupApproximation/CharClass/LIXKGenOfBundle.lean:144:14: 'GroupApproximation.CharClass.KGen.lixK_hnatOf' depends on axioms: [propext, Classical.choice, Quot.sound]
info: GroupApproximation/CharClass/LIXKGenOfBundle.lean:145:14: 'GroupApproximation.CharClass.KGen.lixK_hsectionOf' depends on axioms: [propext, Classical.choice, Quot.sound]
ℹ [8978/8987] Replayed GroupApproximation.CharClass.LIXKGenTopLine
info: GroupApproximation/CharClass/LIXKGenTopLine.lean:85:14: 'GroupApproximation.CharClass.KGen.hasTopLine_circleTimesSphere' depends on axioms: [propext,
 Classical.choice,
 Quot.sound]
info: GroupApproximation/CharClass/LIXKGenTopLine.lean:86:14: 'GroupApproximation.CharClass.KGen.absEquiv_lixN' depends on axioms: [propext, Classical.choice, Quot.sound]
ℹ [8982/8987] Replayed GroupApproximation.CharClass.LIXKGenOfModel
info: GroupApproximation/CharClass/LIXKGenOfModel.lean:62:14: 'GroupApproximation.CharClass.KGen.lixKRelModelIsoOf_ne_zero' depends on axioms: [propext, Classical.choice, Quot.sound]
ℹ [8984/8987] Replayed GroupApproximation.CharClass.LIXKGenOfTopLine
info: GroupApproximation/CharClass/LIXKGenOfTopLine.lean:86:14: 'GroupApproximation.CharClass.KGen.hasTopLineOf_circleTimesSphere' depends on axioms: [propext,
 Classical.choice,
 Quot.sound]
info: GroupApproximation/CharClass/LIXKGenOfTopLine.lean:87:14: 'GroupApproximation.CharClass.KGen.absEquiv_lixNOf' depends on axioms: [propext, Classical.choice, Quot.sound]
ℹ [8985/8987] Replayed GroupApproximation.CharClass.LIXKGenOfStepC
info: GroupApproximation/CharClass/LIXKGenOfStepC.lean:171:14: 'GroupApproximation.CharClass.topChernClass_ne_zero_kzeroOf' depends on axioms: [propext, Classical.choice, Quot.sound]
info: GroupApproximation/CharClass/LIXKGenOfStepC.lean:172:14: 'GroupApproximation.CharClass.KGen.lixK_topClass_ne_zeroOf' depends on axioms: [propext, Classical.choice, Quot.sound]
info: GroupApproximation/CharClass/LIXKGenOfStepC.lean:173:14: 'GroupApproximation.CharClass.KGen.stepCHalf_of_kZeroStepCDataOf' depends on axioms: [propext,
 Classical.choice,
 Quot.sound]
✖ [8986/8987] Building GroupApproximation.CharClass.LIXKGenAgree (83s)
trace: .> LEAN_PATH=/projects/standard/hsiehph/sauer354/cc_clones/cs-endpoint/.lake/packages/Cli/.lake/build/lib/lean:/projects/standard/hsiehph/sauer354/cc_clones/cs-endpoint/.lake/packages/batteries/.lake/build/lib/lean:/projects/standard/hsiehph/sauer354/cc_clones/cs-endpoint/.lake/packages/Qq/.lake/build/lib/lean:/projects/standard/hsiehph/sauer354/cc_clones/cs-endpoint/.lake/packages/aesop/.lake/build/lib/lean:/projects/standard/hsiehph/sauer354/cc_clones/cs-endpoint/.lake/packages/proofwidgets/.lake/build/lib/lean:/projects/standard/hsiehph/sauer354/cc_clones/cs-endpoint/.lake/packages/importGraph/.lake/build/lib/lean:/projects/standard/hsiehph/sauer354/cc_clones/cs-endpoint/.lake/packages/LeanSearchClient/.lake/build/lib/lean:/projects/standard/hsiehph/sauer354/cc_clones/cs-endpoint/.lake/packages/plausible/.lake/build/lib/lean:/projects/standard/hsiehph/sauer354/cc_clones/cs-endpoint/.lake/packages/mathlib/.lake/build/lib/lean:/projects/standard/hsiehph/sauer354/cc_clones/lix-k/.lake/build/lib/lean /projects/standard/hsiehph/sauer354/.elan/toolchains/leanprover--lean4---v4.32.0/bin/lean -DwarningAsError=true /projects/standard/hsiehph/sauer354/cc_clones/lix-k/GroupApproximation/CharClass/LIXKGenAgree.lean -o /projects/standard/hsiehph/sauer354/cc_clones/lix-k/.lake/build/lib/lean/GroupApproximation/CharClass/LIXKGenAgree.olean -i /projects/standard/hsiehph/sauer354/cc_clones/lix-k/.lake/build/lib/lean/GroupApproximation/CharClass/LIXKGenAgree.ilean -c /projects/standard/hsiehph/sauer354/cc_clones/lix-k/.lake/build/ir/GroupApproximation/CharClass/LIXKGenAgree.c --setup /projects/standard/hsiehph/sauer354/cc_clones/lix-k/.lake/build/ir/GroupApproximation/CharClass/LIXKGenAgree.setup.json --json
error: GroupApproximation/CharClass/LIXKGenAgree.lean:191:80: Application type mismatch: The argument
  hsub
has type
  ∀ y ∈ Subtype.val ⁻¹' (lixKZeroSet n k dd)ᶜ,
    (ConcreteCategory.hom (𝟙 (TopCat.of ↑(agreeBall n k dd i)))) y ∈ Subtype.val ⁻¹' {lixKZero n k dd i}ᶜ
but is expected to have type
  ∀ x ∈ ?m.141, (ConcreteCategory.hom (𝟙 ?m.140)) x ∈ ?m.142
in the application
  injective_relPullback_id_of_eq K ?m.144 hsub
error: GroupApproximation/CharClass/LIXKGenAgree.lean:333:21: unsolved goals
ℓ : ℕ
dd : Fin ℓ → ℕ
n k : ℕ
G : Gen.baseM n dd → Matrix (Gen.VIdx n dd) (Gen.VIdx n dd) ℂ
hGc : Continuous G
hGu : ∀ (m : Gen.baseM n dd), IsCornerUnitary (Gen.Vmat n m) (G m)
hGe : ∀ (m : Gen.baseM n dd), G m *ᵥ (aVecK n m ⊕ᵥ 0) = bVecK n k m ⊕ᵥ 0
i : Fin (k + 1)
p : ↑(TopCat.of ↑(agreeBall n k dd 0))
hr : rotPt n dd ⋯ ↑p = ↑p
⊢ (↑p,
      mappingTorus (Gen.Vmat n) G circHoriz circHeight ↑p *ᵥ
        (0 ⊕ᵥ blockSouth (aVecK n) (bVecK n k) (fun m => Gen.cVec m.2) lixChi circHoriz ↑p)) =
    (↑p,
      mappingTorus (Gen.Vmat n) G circHoriz circHeight ↑p *ᵥ
        (0 ⊕ᵥ blockSouth (aVecK n) (bVecK n k) (fun m => Gen.cVec m.2) lixChi circHoriz ↑p))
error: GroupApproximation/CharClass/LIXKGenAgree.lean:429:85: Application type mismatch: The argument
  x
has type
  ↑(TopCat.of (↑sphereOne × Gen.baseM n dd))
but is expected to have type
  { x // x ∈ agreeBall n k dd 0 }
in the application
  rotBall_mapsTo n k hGe i x
error: GroupApproximation/CharClass/LIXKGenAgree.lean:435:4: invalid 'calc' step, failed to synthesize `Trans` instance
  Trans Eq Eq ?m.404

Hint: Additional diagnostic information may be available using the `set_option diagnostics true` command.
error: GroupApproximation/CharClass/LIXKGenAgree.lean:482:14: 'GroupApproximation.CharClass.KGen.injective_agreeRes' depends on axioms outside the classical allowlist: [sorryAx]
  full closure: [propext, sorryAx, Classical.choice, Quot.sound]
  permitted: [propext, Classical.choice, Quot.sound]
info: GroupApproximation/CharClass/LIXKGenAgree.lean:483:14: 'GroupApproximation.CharClass.KGen.restrictTo_eq_agreeRes' depends on axioms: [propext, Classical.choice, Quot.sound]
error: GroupApproximation/CharClass/LIXKGenAgree.lean:484:14: 'GroupApproximation.CharClass.KGen.agreeRes_rotRel' depends on axioms outside the classical allowlist: [sorryAx]
  full closure: [propext, sorryAx, Classical.choice, Quot.sound]
  permitted: [propext, Classical.choice, Quot.sound]
info: GroupApproximation/CharClass/LIXKGenAgree.lean:485:14: 'GroupApproximation.CharClass.KGen.lixKJlocOf_rotRel' depends on axioms: [propext, Classical.choice, Quot.sound]
error: GroupApproximation/CharClass/LIXKGenAgree.lean:486:14: 'GroupApproximation.CharClass.KGen.localClassesAgree_of_localSplitOf' depends on axioms outside the classical allowlist: [sorryAx]
  full closure: [propext, sorryAx, Classical.choice, Quot.sound]
  permitted: [propext, Classical.choice, Quot.sound]
error: Lean exited with code 1
Some required targets logged failures:
- GroupApproximation.CharClass.LIXKGenAgree
error: build failed
EXIT=1
