purged 0 stale artifact sets (source-newer=0, import-newer=0) of 2327 oleans
[job] acn112 cores=72-79 threads=8 base=a6622e53c9fbe717173ead9486355ef53b125f96 mods: GroupApproximation.CharClass.LIXKGenRotate
ℹ [8736/8866] Replayed GroupApproximation.CharClass.ThomPuncturedRecursion
info: GroupApproximation/CharClass/ThomPuncturedRecursion.lean:288:14: 'GroupApproximation.CharClass.PuncturedAcyclicOf.prod' depends on axioms: [propext, Classical.choice, Quot.sound]
ℹ [8741/8866] Replayed GroupApproximation.AlgTop.PuncturedNormedSphere
info: GroupApproximation/AlgTop/PuncturedNormedSphere.lean:95:14: 'GroupApproximation.AlgTop.complexToEuclidean_eq_zero_iff' depends on axioms: [propext, Classical.choice, Quot.sound]
ℹ [8755/8893] Replayed GroupApproximation.CharClass.LIXKMap
info: GroupApproximation/CharClass/LIXKMap.lean:398:14: 'GroupApproximation.CharClass.psiVec_eq_neg_eOne_iff' depends on axioms: [propext, Classical.choice, Quot.sound]
info: GroupApproximation/CharClass/LIXKMap.lean:399:14: 'GroupApproximation.CharClass.kRoot_injective' depends on axioms: [propext, Classical.choice, Quot.sound]
info: GroupApproximation/CharClass/LIXKMap.lean:400:14: 'GroupApproximation.CharClass.psiVec_kRot' depends on axioms: [propext, Classical.choice, Quot.sound]
ℹ [8803/8893] Replayed GroupApproximation.CharClass.LIXKGenMap
info: GroupApproximation/CharClass/LIXKGenMap.lean:317:14: 'GroupApproximation.CharClass.KGen.psiVec_eq_neg_eZero_iff' depends on axioms: [propext, Classical.choice, Quot.sound]
info: GroupApproximation/CharClass/LIXKGenMap.lean:318:14: 'GroupApproximation.CharClass.KGen.kZero_injective' depends on axioms: [propext, Classical.choice, Quot.sound]
info: GroupApproximation/CharClass/LIXKGenMap.lean:319:14: 'GroupApproximation.CharClass.KGen.psiVec_kRot' depends on axioms: [propext, Classical.choice, Quot.sound]
info: GroupApproximation/CharClass/LIXKGenMap.lean:320:14: 'GroupApproximation.CharClass.KGen.re_kZeroVec_last' depends on axioms: [propext, Classical.choice, Quot.sound]
ℹ [8838/8893] Replayed GroupApproximation.ThirdParty.HamSandwich.SphereOddDegree.SphereModTwoHomologyVanishing
info: GroupApproximation/ThirdParty/HamSandwich/SphereOddDegree/SphereModTwoHomologyVanishing.lean:318:21: 'GroupApproximation.ThirdParty.HamSandwich.SphereOddDegree.sphereModTwo_intermediate_vanishing_closed' depends on axioms: [propext,
 Classical.choice,
 Quot.sound]
ℹ [8848/8893] Replayed GroupApproximation.ThirdParty.HamSandwich.SphereOddDegree.SphereModTwoHomologyAboveDimension
info: GroupApproximation/ThirdParty/HamSandwich/SphereOddDegree/SphereModTwoHomologyAboveDimension.lean:87:21: 'GroupApproximation.ThirdParty.HamSandwich.SphereOddDegree.sphereModTwo_above_dimension_vanishing_closed' depends on axioms: [propext,
 Classical.choice,
 Quot.sound]
ℹ [8880/8893] Replayed GroupApproximation.CharClass.LIXKGenSphere
info: GroupApproximation/CharClass/LIXKGenSphere.lean:342:14: 'GroupApproximation.CharClass.KGen.normSq_cxToEuc' depends on axioms: [propext, Classical.choice, Quot.sound]
info: GroupApproximation/CharClass/LIXKGenSphere.lean:343:14: 'GroupApproximation.CharClass.KGen.cxToEuc_eucToCx' depends on axioms: [propext, Classical.choice, Quot.sound]
info: GroupApproximation/CharClass/LIXKGenSphere.lean:344:14: 'GroupApproximation.CharClass.KGen.puncturedAcyclic_unitVectors' depends on axioms: [propext,
 Classical.choice,
 Quot.sound]
info: GroupApproximation/CharClass/LIXKGenSphere.lean:345:14: 'GroupApproximation.CharClass.KGen.hbase' depends on axioms: [propext, Classical.choice, Quot.sound]
info: GroupApproximation/CharClass/LIXKGenSphere.lean:346:14: 'GroupApproximation.CharClass.KGen.hbase_two_eq_hbase_lix' depends on axioms: [propext, Classical.choice, Quot.sound]
ℹ [8881/8893] Replayed GroupApproximation.CharClass.LIXKPunctured
info: GroupApproximation/CharClass/LIXKPunctured.lean:168:14: 'GroupApproximation.CharClass.isZero_inter_of_cover' depends on axioms: [propext, Classical.choice, Quot.sound]
info: GroupApproximation/CharClass/LIXKPunctured.lean:169:14: 'GroupApproximation.CharClass.isZero_punctured_finite' depends on axioms: [propext, Classical.choice, Quot.sound]
ℹ [8882/8893] Replayed GroupApproximation.CharClass.LIXKGenPunctured
info: GroupApproximation/CharClass/LIXKGenPunctured.lean:182:14: 'GroupApproximation.CharClass.KGen.puncturedAcyclic_lixBase' depends on axioms: [propext, Classical.choice, Quot.sound]
info: GroupApproximation/CharClass/LIXKGenPunctured.lean:183:14: 'GroupApproximation.CharClass.KGen.puncturedVanish_finite' depends on axioms: [propext, Classical.choice, Quot.sound]
info: GroupApproximation/CharClass/LIXKGenPunctured.lean:184:14: 'GroupApproximation.CharClass.puncturedAcyclic_lixBase_two' depends on axioms: [propext, Classical.choice, Quot.sound]
✖ [8893/8893] Building GroupApproximation.CharClass.LIXKGenRotate (31s)
trace: .> LEAN_PATH=/projects/standard/hsiehph/sauer354/cc_clones/cs-endpoint/.lake/packages/Cli/.lake/build/lib/lean:/projects/standard/hsiehph/sauer354/cc_clones/cs-endpoint/.lake/packages/batteries/.lake/build/lib/lean:/projects/standard/hsiehph/sauer354/cc_clones/cs-endpoint/.lake/packages/Qq/.lake/build/lib/lean:/projects/standard/hsiehph/sauer354/cc_clones/cs-endpoint/.lake/packages/aesop/.lake/build/lib/lean:/projects/standard/hsiehph/sauer354/cc_clones/cs-endpoint/.lake/packages/proofwidgets/.lake/build/lib/lean:/projects/standard/hsiehph/sauer354/cc_clones/cs-endpoint/.lake/packages/importGraph/.lake/build/lib/lean:/projects/standard/hsiehph/sauer354/cc_clones/cs-endpoint/.lake/packages/LeanSearchClient/.lake/build/lib/lean:/projects/standard/hsiehph/sauer354/cc_clones/cs-endpoint/.lake/packages/plausible/.lake/build/lib/lean:/projects/standard/hsiehph/sauer354/cc_clones/cs-endpoint/.lake/packages/mathlib/.lake/build/lib/lean:/projects/standard/hsiehph/sauer354/cc_clones/lix-k/.lake/build/lib/lean /projects/standard/hsiehph/sauer354/.elan/toolchains/leanprover--lean4---v4.32.0/bin/lean -DwarningAsError=true /projects/standard/hsiehph/sauer354/cc_clones/lix-k/GroupApproximation/CharClass/LIXKGenRotate.lean -o /projects/standard/hsiehph/sauer354/cc_clones/lix-k/.lake/build/lib/lean/GroupApproximation/CharClass/LIXKGenRotate.olean -i /projects/standard/hsiehph/sauer354/cc_clones/lix-k/.lake/build/lib/lean/GroupApproximation/CharClass/LIXKGenRotate.ilean -c /projects/standard/hsiehph/sauer354/cc_clones/lix-k/.lake/build/ir/GroupApproximation/CharClass/LIXKGenRotate.c --setup /projects/standard/hsiehph/sauer354/cc_clones/lix-k/.lake/build/ir/GroupApproximation/CharClass/LIXKGenRotate.setup.json --json
error: GroupApproximation/CharClass/LIXKGenRotate.lean:130:43: Application type mismatch: The argument
  h
has type
  rotPt n dd hc p = rotPt n dd hc q
but is expected to have type
  p = q
in the application
  congrArg Prod.fst h
error: GroupApproximation/CharClass/LIXKGenRotate.lean:300:27: Invalid field notation: Field projection operates on types of the form `C ...` where C is a constant. The expression
  𝟙 (lixN n dd)
has type
  CategoryStruct.toQuiver.1 (lixN n dd) (lixN n dd)
which does not have the necessary form.
error: GroupApproximation/CharClass/LIXKGenRotate.lean:304:62: Type mismatch
  norm_rotPath k i ?m.56
has type
  ‖rotPath k i ?m.56‖ = 1
but is expected to have type
  ‖(rotPath k i ∘ Subtype.val ∘ Prod.fst) q‖ = 1
error: GroupApproximation/CharClass/LIXKGenRotate.lean:317:56: unsolved goals
ℓ : ℕ
K : Type
inst✝ : CommRing K
n k : ℕ
dd : Fin ℓ → ℕ
i q : ℕ
a : ↑(Hmod K (lixN n dd) q)
⊢ pull (rotMap n dd ⋯) q a = a
info: GroupApproximation/CharClass/LIXKGenRotate.lean:324:14: 'GroupApproximation.CharClass.KGen.rotPt_lixKZero' depends on axioms: [propext, Classical.choice, Quot.sound]
info: GroupApproximation/CharClass/LIXKGenRotate.lean:325:14: 'GroupApproximation.CharClass.KGen.blockSouth_rotPt' depends on axioms: [propext, Classical.choice, Quot.sound]
info: GroupApproximation/CharClass/LIXKGenRotate.lean:326:14: 'GroupApproximation.CharClass.KGen.mem_lixKZeroSet_of_rotPt' depends on axioms: [propext, Classical.choice, Quot.sound]
error: GroupApproximation/CharClass/LIXKGenRotate.lean:327:14: 'GroupApproximation.CharClass.KGen.pull_rotMap' depends on axioms outside the classical allowlist: [sorryAx]
  full closure: [propext, sorryAx, Classical.choice, Quot.sound]
  permitted: [propext, Classical.choice, Quot.sound]
error: Lean exited with code 1
Some required targets logged failures:
- GroupApproximation.CharClass.LIXKGenRotate
error: build failed
EXIT=1
