TARGET O7_3 |S|=4585351680 degree=364 classes=58 ms=2269
  #alpha classes=170 #beta classes=2
    HOM alpha=[ 1 ] beta=[ 1 ] orbits=[ 56, 280, 28 ]
    HOM alpha=[ 1 ] beta=[ 1 ] orbits=[ 56, 280, 28 ]
    HOM alpha=[ 1 ] beta=[ 1 ] orbits=[ 280, 56, 28 ]
    HOM alpha=[ 1 ] beta=[ 1 ] orbits=[ 280, 56, 28 ]
    HOM alpha=[ 1 ] beta=[ 1 ] orbits=[ 280, 56, 28 ]
    HOM alpha=[ 1 ] beta=[ 1 ] orbits=[ 280, 56, 28 ]
    HOM alpha=[ 1 ] beta=[ 1 ] orbits=[ 280, 56, 28 ]
    HOM alpha=[ 1 ] beta=[ 1 ] orbits=[ 280, 56, 28 ]
    HOM alpha=[ 1 ] beta=[ 1 ] orbits=[ 280, 56, 28 ]
    HOM alpha=[ 1 ] beta=[ 1 ] orbits=[ 280, 56, 28 ]
    HOM alpha=[ 1 ] beta=[ 1 ] orbits=[ 280, 56, 28 ]
    HOM alpha=[ 1 ] beta=[ 1 ] orbits=[ 280, 56, 28 ]
    HOM alpha=[ 1 ] beta=[ 1 ] orbits=[ 280, 56, 28 ]
    HOM alpha=[ 1 ] beta=[ 1 ] orbits=[ 280, 56, 28 ]
    HOM alpha=[ 1 ] beta=[ 1 ] orbits=[ 280, 28, 56 ]
    HOM alpha=[ 1 ] beta=[ 1 ] orbits=[ 280, 28, 56 ]
    HOM alpha=[ 1 ] beta=[ 1 ] orbits=[ 56, 280, 28 ]
    HOM alpha=[ 1 ] beta=[ 1 ] orbits=[ 56, 280, 28 ]
    HOM alpha=[ 1 ] beta=[ 1 ] orbits=[ 280, 56, 28 ]
    HOM alpha=[ 1 ] beta=[ 1 ] orbits=[ 280, 56, 28 ]
    HOM alpha=[ 1 ] beta=[ 1 ] orbits=[ 280, 56, 28 ]
    HOM alpha=[ 1 ] beta=[ 1 ] orbits=[ 280, 56, 28 ]
    HOM alpha=[ 1 ] beta=[ 1 ] orbits=[ 280, 56, 28 ]
    HOM alpha=[ 1 ] beta=[ 1 ] orbits=[ 280, 56, 28 ]
    HOM alpha=[ 1 ] beta=[ 1 ] orbits=[ 280, 56, 28 ]
    HOM alpha=[ 1 ] beta=[ 1 ] orbits=[ 280, 56, 28 ]
    HOM alpha=[ 1 ] beta=[ 1 ] orbits=[ 56, 280, 28 ]
    HOM alpha=[ 1 ] beta=[ 1 ] orbits=[ 56, 280, 28 ]
    HOM alpha=[ 1 ] beta=[ 1 ] orbits=[ 280, 56, 28 ]
    HOM alpha=[ 1 ] beta=[ 1 ] orbits=[ 280, 56, 28 ]
    HOM alpha=[ 1 ] beta=[ 1 ] orbits=[ 280, 56, 28 ]
    HOM alpha=[ 1 ] beta=[ 1 ] orbits=[ 280, 56, 28 ]
    HOM alpha=[ 1 ] beta=[ 1 ] orbits=[ 280, 28, 56 ]
    HOM alpha=[ 1 ] beta=[ 1 ] orbits=[ 280, 28, 56 ]
    HOM alpha=[ 1 ] beta=[ 1 ] orbits=[ 280, 56, 28 ]
    HOM alpha=[ 1 ] beta=[ 1 ] orbits=[ 280, 56, 28 ]
    HOM alpha=[ 1 ] beta=[ 1 ] orbits=[ 280, 56, 28 ]
    HOM alpha=[ 1 ] beta=[ 1 ] orbits=[ 280, 56, 28 ]
    HOM alpha=[ 1 ] beta=[ 1 ] orbits=[ 280, 56, 28 ]
    HOM alpha=[ 1 ] beta=[ 1 ] orbits=[ 280, 56, 28 ]
    HOM alpha=[ 1 ] beta=[ 1 ] orbits=[ 280, 56, 28 ]
    HOM alpha=[ 1 ] beta=[ 1 ] orbits=[ 280, 56, 28 ]
    HOM alpha=[ 1 ] beta=[ 1 ] orbits=[ 280, 28, 56 ]
    HOM alpha=[ 1 ] beta=[ 1 ] orbits=[ 280, 28, 56 ]
    HOM alpha=[ 1 ] beta=[ 1 ] orbits=[ 280, 56, 28 ]
    HOM alpha=[ 1 ] beta=[ 1 ] orbits=[ 280, 56, 28 ]
    HOM alpha=[ 1 ] beta=[ 1 ] orbits=[ 280, 56, 28 ]
    HOM alpha=[ 1 ] beta=[ 1 ] orbits=[ 280, 56, 28 ]
    HOM alpha=[ 1 ] beta=[ 1 ] orbits=[ 280, 56, 28 ]
    HOM alpha=[ 1 ] beta=[ 1 ] orbits=[ 280, 56, 28 ]
    HOM alpha=[ 1 ] beta=[ 1 ] orbits=[ 280, 56, 28 ]
    HOM alpha=[ 1 ] beta=[ 1 ] orbits=[ 280, 56, 28 ]
    HOM alpha=[ 1 ] beta=[ 1 ] orbits=[ 56, 280, 28 ]
    HOM alpha=[ 1 ] beta=[ 1 ] orbits=[ 56, 280, 28 ]
    HOM alpha=[ 1 ] beta=[ 1 ] orbits=[ 280, 56, 28 ]
    HOM alpha=[ 1 ] beta=[ 1 ] orbits=[ 280, 56, 28 ]
    HOM alpha=[ 1 ] beta=[ 1 ] orbits=[ 280, 56, 28 ]
    HOM alpha=[ 1 ] beta=[ 1 ] orbits=[ 280, 56, 28 ]
    HOM alpha=[ 1 ] beta=[ 1 ] orbits=[ 280, 56, 28 ]
    HOM alpha=[ 1 ] beta=[ 1 ] orbits=[ 280, 56, 28 ]
    HOM alpha=[ 1 ] beta=[ 1 ] orbits=[ 280, 56, 28 ]
    HOM alpha=[ 1 ] beta=[ 1 ] orbits=[ 280, 56, 28 ]
    HOM alpha=[ 1 ] beta=[ 1 ] orbits=[ 280, 56, 28 ]
    HOM alpha=[ 1 ] beta=[ 1 ] orbits=[ 280, 56, 28 ]
    HOM alpha=[ 1 ] beta=[ 1 ] orbits=[ 280, 56, 28 ]
    HOM alpha=[ 1 ] beta=[ 1 ] orbits=[ 280, 56, 28 ]
    HOM alpha=[ 1 ] beta=[ 1 ] orbits=[ 280, 56, 28 ]
    HOM alpha=[ 1 ] beta=[ 1 ] orbits=[ 280, 56, 28 ]
    HOM alpha=[ 1 ] beta=[ 1 ] orbits=[ 280, 56, 28 ]
    HOM alpha=[ 1 ] beta=[ 1 ] orbits=[ 280, 56, 28 ]
    HOM alpha=[ 1 ] beta=[ 1 ] orbits=[ 280, 56, 28 ]
    HOM alpha=[ 1 ] beta=[ 1 ] orbits=[ 280, 56, 28 ]
    HOM alpha=[ 1 ] beta=[ 1 ] orbits=[ 280, 56, 28 ]
    HOM alpha=[ 1 ] beta=[ 1 ] orbits=[ 280, 56, 28 ]
    HOM alpha=[ 1 ] beta=[ 1 ] orbits=[ 280, 56, 28 ]
    HOM alpha=[ 1 ] beta=[ 1 ] orbits=[ 280, 56, 28 ]
    HOM alpha=[ 1 ] beta=[ 1 ] orbits=[ 280, 28, 56 ]
    HOM alpha=[ 1 ] beta=[ 1 ] orbits=[ 280, 28, 56 ]
    HOM alpha=[ 1 ] beta=[ 1 ] orbits=[ 280, 28, 56 ]
    HOM alpha=[ 1 ] beta=[ 1 ] orbits=[ 280, 28, 56 ]
    HOM alpha=[ 1 ] beta=[ 1 ] orbits=[ 280, 56, 28 ]
    HOM alpha=[ 1 ] beta=[ 1 ] orbits=[ 280, 56, 28 ]
    HOM alpha=[ 1 ] beta=[ 1 ] orbits=[ 280, 56, 28 ]
    HOM alpha=[ 1 ] beta=[ 1 ] orbits=[ 280, 56, 28 ]
    HOM alpha=[ 1 ] beta=[ 1 ] orbits=[ 280, 28, 56 ]
    HOM alpha=[ 1 ] beta=[ 1 ] orbits=[ 280, 28, 56 ]
    HOM alpha=[ 1 ] beta=[ 1 ] orbits=[ 280, 56, 28 ]
    HOM alpha=[ 1 ] beta=[ 1 ] orbits=[ 280, 56, 28 ]
    HOM alpha=[ 1 ] beta=[ 1 ] orbits=[ 280, 56, 28 ]
    HOM alpha=[ 1 ] beta=[ 1 ] orbits=[ 280, 56, 28 ]
    HOM alpha=[ 1 ] beta=[ 1 ] orbits=[ 280, 56, 28 ]
    HOM alpha=[ 1 ] beta=[ 1 ] orbits=[ 280, 56, 28 ]
    HOM alpha=[ 1 ] beta=[ 1 ] orbits=[ 280, 28, 56 ]
    HOM alpha=[ 1 ] beta=[ 1 ] orbits=[ 280, 28, 56 ]
    HOM alpha=[ 1 ] beta=[ 1 ] orbits=[ 56, 280, 28 ]
    HOM alpha=[ 1 ] beta=[ 1 ] orbits=[ 56, 280, 28 ]
    HOM alpha=[ 1 ] beta=[ 1 ] orbits=[ 56, 280, 28 ]
    HOM alpha=[ 1 ] beta=[ 1 ] orbits=[ 56, 280, 28 ]
    HOM alpha=[ 1 ] beta=[ 1 ] orbits=[ 280, 56, 28 ]
    HOM alpha=[ 1 ] beta=[ 1 ] orbits=[ 280, 56, 28 ]
    HOM alpha=[ 1 ] beta=[ 1 ] orbits=[ 280, 56, 28 ]
    HOM alpha=[ 1 ] beta=[ 1 ] orbits=[ 280, 56, 28 ]
    HOM alpha=[ 1 ] beta=[ 1 ] orbits=[ 280, 56, 28 ]
    HOM alpha=[ 1 ] beta=[ 1 ] orbits=[ 280, 56, 28 ]
    HOM alpha=[ 1 ] beta=[ 1 ] orbits=[ 280, 56, 28 ]
    HOM alpha=[ 1 ] beta=[ 1 ] orbits=[ 280, 56, 28 ]
    HOM alpha=[ 1 ] beta=[ 1 ] orbits=[ 280, 28, 56 ]
    HOM alpha=[ 1 ] beta=[ 1 ] orbits=[ 280, 28, 56 ]
    HOM alpha=[ 1 ] beta=[ 1 ] orbits=[ 280, 56, 28 ]
    HOM alpha=[ 1 ] beta=[ 1 ] orbits=[ 280, 56, 28 ]
    HOM alpha=[ 1 ] beta=[ 1 ] orbits=[ 56, 280, 28 ]
    HOM alpha=[ 1 ] beta=[ 1 ] orbits=[ 56, 280, 28 ]
    HOM alpha=[ 1 ] beta=[ 1 ] orbits=[ 56, 280, 28 ]
    HOM alpha=[ 1 ] beta=[ 1 ] orbits=[ 56, 280, 28 ]
    HOM alpha=[ 1 ] beta=[ 1 ] orbits=[ 280, 56, 28 ]
    HOM alpha=[ 1 ] beta=[ 1 ] orbits=[ 280, 56, 28 ]
    HOM alpha=[ 1 ] beta=[ 1 ] orbits=[ 280, 56, 28 ]
    HOM alpha=[ 1 ] beta=[ 1 ] orbits=[ 280, 56, 28 ]
    HOM alpha=[ 1 ] beta=[ 1 ] orbits=[ 280, 56, 28 ]
    HOM alpha=[ 1 ] beta=[ 1 ] orbits=[ 280, 56, 28 ]
    HOM alpha=[ 1 ] beta=[ 1 ] orbits=[ 280, 56, 28 ]
    HOM alpha=[ 1 ] beta=[ 1 ] orbits=[ 280, 56, 28 ]
    HOM alpha=[ 1 ] beta=[ 1 ] orbits=[ 280, 56, 28 ]
    HOM alpha=[ 1 ] beta=[ 1 ] orbits=[ 280, 56, 28 ]
    HOM alpha=[ 1 ] beta=[ 1 ] orbits=[ 280, 28, 56 ]
    HOM alpha=[ 1 ] beta=[ 1 ] orbits=[ 280, 28, 56 ]
    HOM alpha=[ 1 ] beta=[ 1 ] orbits=[ 280, 56, 28 ]
    HOM alpha=[ 1 ] beta=[ 1 ] orbits=[ 280, 56, 28 ]
    HOM alpha=[ 1 ] beta=[ 1 ] orbits=[ 280, 56, 28 ]
    HOM alpha=[ 1 ] beta=[ 1 ] orbits=[ 280, 56, 28 ]
    HOM alpha=[ 1 ] beta=[ 1 ] orbits=[ 280, 56, 28 ]
    HOM alpha=[ 1 ] beta=[ 1 ] orbits=[ 280, 56, 28 ]
    HOM alpha=[ 1 ] beta=[ 1 ] orbits=[ 56, 280, 28 ]
    HOM alpha=[ 1 ] beta=[ 1 ] orbits=[ 56, 280, 28 ]
    HOM alpha=[ 1 ] beta=[ 1 ] orbits=[ 280, 28, 56 ]
    HOM alpha=[ 1 ] beta=[ 1 ] orbits=[ 280, 28, 56 ]
    HOM alpha=[ 1 ] beta=[ 1 ] orbits=[ 280, 56, 28 ]
    HOM alpha=[ 1 ] beta=[ 1 ] orbits=[ 280, 56, 28 ]
    HOM alpha=[ 1 ] beta=[ 1 ] orbits=[ 56, 280, 28 ]
    HOM alpha=[ 1 ] beta=[ 1 ] orbits=[ 56, 280, 28 ]
    HOM alpha=[ 1 ] beta=[ 1 ] orbits=[ 56, 280, 28 ]
    HOM alpha=[ 1 ] beta=[ 1 ] orbits=[ 56, 280, 28 ]
    HOM alpha=[ 1 ] beta=[ 1 ] orbits=[ 280, 56, 28 ]
    HOM alpha=[ 1 ] beta=[ 1 ] orbits=[ 280, 56, 28 ]
    HOM alpha=[ 1 ] beta=[ 1 ] orbits=[ 280, 56, 28 ]
    HOM alpha=[ 1 ] beta=[ 1 ] orbits=[ 280, 56, 28 ]
    HOM alpha=[ 1 ] beta=[ 1 ] orbits=[ 280, 56, 28 ]
    HOM alpha=[ 1 ] beta=[ 1 ] orbits=[ 280, 56, 28 ]
    HOM alpha=[ 1 ] beta=[ 1 ] orbits=[ 280, 28, 56 ]
    HOM alpha=[ 1 ] beta=[ 1 ] orbits=[ 280, 28, 56 ]
    HOM alpha=[ 1 ] beta=[ 1 ] orbits=[ 56, 280, 28 ]
    HOM alpha=[ 1 ] beta=[ 1 ] orbits=[ 56, 280, 28 ]
    HOM alpha=[ 1 ] beta=[ 1 ] orbits=[ 56, 280, 28 ]
    HOM alpha=[ 1 ] beta=[ 1 ] orbits=[ 56, 280, 28 ]
    HOM alpha=[ 1 ] beta=[ 1 ] orbits=[ 280, 56, 28 ]
    HOM alpha=[ 1 ] beta=[ 1 ] orbits=[ 280, 56, 28 ]
    HOM alpha=[ 1 ] beta=[ 1 ] orbits=[ 280, 28, 56 ]
    HOM alpha=[ 1 ] beta=[ 1 ] orbits=[ 280, 28, 56 ]
    HOM alpha=[ 1 ] beta=[ 1 ] orbits=[ 280, 56, 28 ]
    HOM alpha=[ 1 ] beta=[ 1 ] orbits=[ 280, 56, 28 ]
    HOM alpha=[ 1 ] beta=[ 1 ] orbits=[ 280, 56, 28 ]
    HOM alpha=[ 1 ] beta=[ 1 ] orbits=[ 280, 56, 28 ]
    HOM alpha=[ 1 ] beta=[ 1 ] orbits=[ 56, 280, 28 ]
    HOM alpha=[ 1 ] beta=[ 1 ] orbits=[ 56, 280, 28 ]
    HOM alpha=[ 1 ] beta=[ 1 ] orbits=[ 280, 56, 28 ]
    HOM alpha=[ 1 ] beta=[ 1 ] orbits=[ 280, 56, 28 ]
    HOM alpha=[ 1 ] beta=[ 1 ] orbits=[ 280, 28, 56 ]
    HOM alpha=[ 1 ] beta=[ 1 ] orbits=[ 280, 28, 56 ]
    HOM alpha=[ 1 ] beta=[ 1 ] orbits=[ 56, 280, 28 ]
    HOM alpha=[ 1 ] beta=[ 1 ] orbits=[ 56, 280, 28 ]
CAL O7_3 literal (A8,A8,A8): stats=rec(
  dcs := 4760,
  homs := 170,
  ordpass := 170,
  pairs := 340 ) homs=170 ms=194295
EXIT=143
