TARGET U6_2 |S|=9196830720 degree=1365 classes=46 ms=3094
  #alpha classes=3 #beta classes=3
    HOM alpha=[ 1 ] beta=[ 1 ] orbits=[ 420, 210, 35, 28, 560, 112 ]
    HOM alpha=[ 1 ] beta=[ 1 ] orbits=[ 420, 210, 28, 35, 560, 112 ]
    HOM alpha=[ 1 ] beta=[ 1 ] orbits=[ 420, 210, 28, 35, 560, 112 ]
CAL U6_2 literal (A8,A8,A8): stats=rec(
  dcs := 63,
  homs := 3,
  ordpass := 3,
  pairs := 9 ) homs=3 ms=895032
  #alpha classes=9 #beta classes=9
CAND1 U6_2 stats=rec(
  dcs := 567,
  homs := 0,
  ordpass := 0,
  pairs := 81 ) homs=0 ms=129995
  #alpha classes=9 #beta classes=9
CAND2 U6_2 stats=rec(
  dcs := 567,
  homs := 0,
  ordpass := 0,
  pairs := 81 ) homs=0 ms=697844
  #alpha classes=9 #beta classes=9
CAND3 U6_2 stats=rec(
  dcs := 567,
  homs := 0,
  ordpass := 0,
  pairs := 81 ) homs=0 ms=1188513
  #alpha classes=9 #beta classes=9
CAND4 U6_2 stats=rec(
  dcs := 567,
  homs := 0,
  ordpass := 0,
  pairs := 81 ) homs=0 ms=55282
RUN_AMB_DONE
EXIT=0
