TARGET Sp8_2 |S|=47377612800 degree=255 classes=81 ms=3490
  #alpha classes=5 #beta classes=5
    HOM alpha=[ 2 ] beta=[ 2 ] orbits=[ 56, 70, 56, 28, 8, 28, 8 ]
    HOM alpha=[ 6 ] beta=[ 6 ] orbits=[ 35, 35, 35, 35, 28, 28, 28, 28 ]
    HOM alpha=[ 1 ] beta=[ 1 ] orbits=[ 120, 120, 15 ]
    HOM alpha=[ 1 ] beta=[ 1 ] orbits=[ 120, 120, 15 ]
    HOM alpha=[ 1 ] beta=[ 1 ] orbits=[ 120, 105, 15, 15 ]
CAL Sp8_2 literal (A8,A8,A8): stats=rec(
  dcs := 581,
  homs := 5,
  ordpass := 11,
  pairs := 25 ) homs=5 ms=90429
  #alpha classes=2 #beta classes=2
CAND1 Sp8_2 stats=rec(
  dcs := 63,
  homs := 0,
  ordpass := 0,
  pairs := 4 ) homs=0 ms=75228
  #alpha classes=2 #beta classes=2
CAND2 Sp8_2 stats=rec(
  dcs := 63,
  homs := 0,
  ordpass := 0,
  pairs := 4 ) homs=0 ms=5767
  #alpha classes=2 #beta classes=2
CAND3 Sp8_2 stats=rec(
  dcs := 63,
  homs := 0,
  ordpass := 0,
  pairs := 4 ) homs=0 ms=75976
  #alpha classes=2 #beta classes=2
CAND4 Sp8_2 stats=rec(
  dcs := 63,
  homs := 0,
  ordpass := 0,
  pairs := 4 ) homs=0 ms=149021
RUN_AMB_DONE
EXIT=0
