CAND1 n=31 alphaSets=15 stats=rec(
  dcs := 2646721,
  homs := 0,
  ordpass := 0,
  pairs := 75 ) homs=0 ms=55924
CAND1 n=32 alphaSets=15 stats=rec(
  dcs := 2877609,
  homs := 0,
  ordpass := 0,
  pairs := 75 ) homs=0 ms=186067
CAND1 n=33 alphaSets=15 stats=rec(
  dcs := 2877609,
  homs := 0,
  ordpass := 0,
  pairs := 75 ) homs=0 ms=401469
CAND1 n=34 alphaSets=15 stats=rec(
  dcs := 2877609,
  homs := 0,
  ordpass := 0,
  pairs := 75 ) homs=0 ms=641992
CAND1 n=35 alphaSets=18 stats=rec(
  dcs := 7475986,
  homs := 0,
  ordpass := 0,
  pairs := 84 ) homs=0 ms=940254
CAND2 n=31 alphaSets=15 stats=rec(
  dcs := 2646721,
  homs := 0,
  ordpass := 0,
  pairs := 75 ) homs=0 ms=58237
CAND2 n=32 alphaSets=15 stats=rec(
  dcs := 2877609,
  homs := 0,
  ordpass := 0,
  pairs := 75 ) homs=0 ms=188669
CAND2 n=33 alphaSets=15 stats=rec(
  dcs := 2877609,
  homs := 0,
  ordpass := 0,
  pairs := 75 ) homs=0 ms=377362
CAND2 n=34 alphaSets=15 stats=rec(
  dcs := 2877609,
  homs := 0,
  ordpass := 0,
  pairs := 75 ) homs=0 ms=638480
CAND2 n=35 alphaSets=18 stats=rec(
  dcs := 7475986,
  homs := 0,
  ordpass := 0,
  pairs := 84 ) homs=0 ms=945869
RUN_SN_DONE
EXIT=0
