purged 0 stale artifact sets (source-newer=0, import-newer=0) of 3511 oleans
[job] acn112 cores=64-71 threads=8 base=bf00643d4c9c48b9030d51ad7b155bd81e08a871 mods: GroupApproximation.Analysis.MatrixUltraproductToHyperfiniteUltrapower
ℹ [2400/2478] Replayed GroupApproximation.Analysis.MatrixUnitHom
info: GroupApproximation/Analysis/MatrixUnitHom.lean:152:14: 'GroupApproximation.MatrixUnits.matrixUnitSum_mul' depends on axioms: [propext, Classical.choice, Quot.sound]
info: GroupApproximation/Analysis/MatrixUnitHom.lean:153:14: 'GroupApproximation.MatrixUnits.matrixUnitSum_star' depends on axioms: [propext, Classical.choice, Quot.sound]
info: GroupApproximation/Analysis/MatrixUnitHom.lean:154:14: 'GroupApproximation.MatrixUnits.trace_matrixUnitSum' depends on axioms: [propext, Classical.choice, Quot.sound]
ℹ [2401/2478] Replayed GroupApproximation.Analysis.DyadicCornerEmbedding
info: GroupApproximation/Analysis/DyadicCornerEmbedding.lean:94:14: 'GroupApproximation.MatrixUnits.cornerUnit_isMatrixUnits' depends on axioms: [propext, Classical.choice, Quot.sound]
info: GroupApproximation/Analysis/DyadicCornerEmbedding.lean:95:14: 'GroupApproximation.MatrixUnits.trace_cornerHom' depends on axioms: [propext, Classical.choice, Quot.sound]
ℹ [2447/2573] Replayed GroupApproximation.Analysis.TwistedGroupVonNeumannFactor
info: GroupApproximation/Analysis/TwistedGroupVonNeumannFactor.lean:318:14: 'GroupApproximation.TwistedGroupVonNeumann.exists_smul_one_of_mem_centralizer' depends on axioms: [propext,
 Classical.choice,
 Quot.sound]
info: GroupApproximation/Analysis/TwistedGroupVonNeumannFactor.lean:319:14: 'GroupApproximation.TwistedGroupVonNeumann.isFactor' depends on axioms: [propext, Classical.choice, Quot.sound]
info: GroupApproximation/Analysis/TwistedGroupVonNeumannFactor.lean:320:14: 'GroupApproximation.TwistedGroupVonNeumann.twistedTrace_isFaithfulNormalTracialState' depends on axioms: [propext,
 Classical.choice,
 Quot.sound]
info: GroupApproximation/Analysis/TwistedGroupVonNeumannFactor.lean:321:14: 'GroupApproximation.TwistedGroupVonNeumann.isIIOneFactor_twistedVonNeumannAlgebra' depends on axioms: [propext,
 Classical.choice,
 Quot.sound]
ℹ [2448/2573] Replayed GroupApproximation.Analysis.PauliHyperfiniteFactor
info: GroupApproximation/Analysis/PauliHyperfiniteFactor.lean:280:14: 'GroupApproximation.Hyperfinite.pauliCocycle_isTwistedICC' depends on axioms: [propext, Classical.choice, Quot.sound]
info: GroupApproximation/Analysis/PauliHyperfiniteFactor.lean:281:14: 'GroupApproximation.Hyperfinite.isIIOneFactor_hyperfiniteFactor' depends on axioms: [propext,
 Classical.choice,
 Quot.sound]
info: GroupApproximation/Analysis/PauliHyperfiniteFactor.lean:282:14: 'GroupApproximation.Hyperfinite.pauliCocycle_interleave' depends on axioms: [propext, Classical.choice, Quot.sound]
ℹ [2554/2700] Replayed GroupApproximation.Analysis.PauliStageOperators
info: GroupApproximation/Analysis/PauliStageOperators.lean:127:14: 'GroupApproximation.TwistedGroupVonNeumann.star_twistedLeftOperator_eq' depends on axioms: [propext,
 Classical.choice,
 Quot.sound]
info: GroupApproximation/Analysis/PauliStageOperators.lean:128:14: 'GroupApproximation.Hyperfinite.pauliOp_mul' depends on axioms: [propext, Classical.choice, Quot.sound]
info: GroupApproximation/Analysis/PauliStageOperators.lean:129:14: 'GroupApproximation.Hyperfinite.star_pauliOp' depends on axioms: [propext, Classical.choice, Quot.sound]
info: GroupApproximation/Analysis/PauliStageOperators.lean:130:14: 'GroupApproximation.Hyperfinite.coefficient_pauliOp' depends on axioms: [propext, Classical.choice, Quot.sound]
ℹ [2555/2700] Replayed GroupApproximation.Analysis.PauliMatrixUnits
info: GroupApproximation/Analysis/PauliMatrixUnits.lean:322:14: 'GroupApproximation.Hyperfinite.sum_zsign_fdot' depends on axioms: [propext, Classical.choice, Quot.sound]
info: GroupApproximation/Analysis/PauliMatrixUnits.lean:323:14: 'GroupApproximation.Hyperfinite.stageUnit_mul' depends on axioms: [propext, Classical.choice, Quot.sound]
info: GroupApproximation/Analysis/PauliMatrixUnits.lean:324:14: 'GroupApproximation.Hyperfinite.sum_stageUnit_diag' depends on axioms: [propext, Classical.choice, Quot.sound]
info: GroupApproximation/Analysis/PauliMatrixUnits.lean:325:14: 'GroupApproximation.Hyperfinite.coefficient_stageHom' depends on axioms: [propext, Classical.choice, Quot.sound]
ℹ [3047/3051] Replayed GroupApproximation.Analysis.HyperfiniteStageCorner
info: GroupApproximation/Analysis/HyperfiniteStageCorner.lean:118:14: 'GroupApproximation.Hyperfinite.norm_stageCorner_le' depends on axioms: [propext, Classical.choice, Quot.sound]
info: GroupApproximation/Analysis/HyperfiniteStageCorner.lean:119:14: 'GroupApproximation.Hyperfinite.coefficient_stageCorner_eq_normTrace' depends on axioms: [propext,
 Classical.choice,
 Quot.sound]
info: GroupApproximation/Analysis/HyperfiniteStageCorner.lean:120:14: 'GroupApproximation.Hyperfinite.norm_stageCorner_deltaOne_sq' depends on axioms: [propext, Classical.choice, Quot.sound]
info: GroupApproximation/Analysis/HyperfiniteStageCorner.lean:121:14: 'GroupApproximation.Hyperfinite.norm_one_sub_stageCorner_one_deltaOne_sq' depends on axioms: [propext,
 Classical.choice,
 Quot.sound]
ℹ [3048/3051] Replayed GroupApproximation.Analysis.TracialUltrapower
info: GroupApproximation/Analysis/TracialUltrapower.lean:266:14: 'GroupApproximation.TracialUltrapower.TracialVector.norm_mul_apply_le' depends on axioms: [propext,
 Classical.choice,
 Quot.sound]
info: GroupApproximation/Analysis/TracialUltrapower.lean:267:14: 'GroupApproximation.TracialUltrapower.nullIdeal_star_mem' depends on axioms: [propext, Classical.choice, Quot.sound]
ℹ [3049/3051] Replayed GroupApproximation.Analysis.TracialUltrapowerTrace
info: GroupApproximation/Analysis/TracialUltrapowerTrace.lean:247:14: 'GroupApproximation.TracialUltrapower.ultratrace_mul_comm' depends on axioms: [propext, Classical.choice, Quot.sound]
info: GroupApproximation/Analysis/TracialUltrapowerTrace.lean:248:14: 'GroupApproximation.TracialUltrapower.ultratrace_star_mul_self_eq_zero_iff' depends on axioms: [propext,
 Classical.choice,
 Quot.sound]
info: GroupApproximation/Analysis/TracialUltrapowerTrace.lean:249:14: 'GroupApproximation.TracialUltrapower.ultratrace_diag' depends on axioms: [propext, Classical.choice, Quot.sound]
info: GroupApproximation/Analysis/TracialUltrapowerTrace.lean:250:14: 'GroupApproximation.TracialUltrapower.diag_injective' depends on axioms: [propext, Classical.choice, Quot.sound]
ℹ [3051/3051] Built GroupApproximation.Analysis.MatrixUltraproductToHyperfiniteUltrapower (20s)
info: GroupApproximation/Analysis/MatrixUltraproductToHyperfiniteUltrapower.lean:311:14: 'GroupApproximation.Hyperfinite.one_sub_stageFactor_le' depends on axioms: [propext, Classical.choice, Quot.sound]
info: GroupApproximation/Analysis/MatrixUltraproductToHyperfiniteUltrapower.lean:312:14: 'GroupApproximation.Hyperfinite.isNull_seqMap' depends on axioms: [propext, Classical.choice, Quot.sound]
info: GroupApproximation/Analysis/MatrixUltraproductToHyperfiniteUltrapower.lean:313:14: 'GroupApproximation.Hyperfinite.ultratrace_matrixUltraproductToHyperfiniteUltrapower' depends on axioms: [propext,
 Classical.choice,
 Quot.sound]
Build completed successfully (3051 jobs).
EXIT=0
