purged 0 stale artifact sets (source-newer=0, import-newer=0) of 2327 oleans
[job] acn112 cores=64-71 threads=8 base=0c55358930504f6d32b748804d85fd050af27912 mods: GroupApproximation.CharClass.SliceRootsOf GroupApproximation.CharClass.SliceNaturalOf GroupApproximation.CharClass.SliceSplitVOf GroupApproximation.CharClass.SliceTorusOf
ℹ [8740/8878] Replayed GroupApproximation.CharClass.ThomPuncturedRecursion
info: GroupApproximation/CharClass/ThomPuncturedRecursion.lean:288:14: 'GroupApproximation.CharClass.PuncturedAcyclicOf.prod' depends on axioms: [propext, Classical.choice, Quot.sound]
ℹ [8780/9032] Replayed GroupApproximation.CharClass.GysinFromLerayHirsch
info: GroupApproximation/CharClass/GysinFromLerayHirsch.lean:168:14: 'GroupApproximation.CharClass.GysinData.bijective_cupRight' depends on axioms: [propext, Classical.choice, Quot.sound]
ℹ [8832/9102] Replayed GroupApproximation.AlgTop.PuncturedNormedSphere
info: GroupApproximation/AlgTop/PuncturedNormedSphere.lean:95:14: 'GroupApproximation.AlgTop.complexToEuclidean_eq_zero_iff' depends on axioms: [propext, Classical.choice, Quot.sound]
ℹ [8911/9222] Replayed GroupApproximation.ThirdParty.HamSandwich.SphereOddDegree.SphereModTwoHomologyVanishing
info: GroupApproximation/ThirdParty/HamSandwich/SphereOddDegree/SphereModTwoHomologyVanishing.lean:318:21: 'GroupApproximation.ThirdParty.HamSandwich.SphereOddDegree.sphereModTwo_intermediate_vanishing_closed' depends on axioms: [propext,
 Classical.choice,
 Quot.sound]
ℹ [8912/9222] Replayed GroupApproximation.ThirdParty.HamSandwich.SphereOddDegree.SphereModTwoHomologyAboveDimension
info: GroupApproximation/ThirdParty/HamSandwich/SphereOddDegree/SphereModTwoHomologyAboveDimension.lean:87:21: 'GroupApproximation.ThirdParty.HamSandwich.SphereOddDegree.sphereModTwo_above_dimension_vanishing_closed' depends on axioms: [propext,
 Classical.choice,
 Quot.sound]
ℹ [9044/9243] Replayed GroupApproximation.CharClass.LIXKGenSphere
info: GroupApproximation/CharClass/LIXKGenSphere.lean:342:14: 'GroupApproximation.CharClass.KGen.normSq_cxToEuc' depends on axioms: [propext, Classical.choice, Quot.sound]
info: GroupApproximation/CharClass/LIXKGenSphere.lean:343:14: 'GroupApproximation.CharClass.KGen.cxToEuc_eucToCx' depends on axioms: [propext, Classical.choice, Quot.sound]
info: GroupApproximation/CharClass/LIXKGenSphere.lean:344:14: 'GroupApproximation.CharClass.KGen.puncturedAcyclic_unitVectors' depends on axioms: [propext,
 Classical.choice,
 Quot.sound]
info: GroupApproximation/CharClass/LIXKGenSphere.lean:345:14: 'GroupApproximation.CharClass.KGen.hbase' depends on axioms: [propext, Classical.choice, Quot.sound]
info: GroupApproximation/CharClass/LIXKGenSphere.lean:346:14: 'GroupApproximation.CharClass.KGen.hbase_two_eq_hbase_lix' depends on axioms: [propext, Classical.choice, Quot.sound]
ℹ [9045/9243] Replayed GroupApproximation.CharClass.LIXKPunctured
info: GroupApproximation/CharClass/LIXKPunctured.lean:168:14: 'GroupApproximation.CharClass.isZero_inter_of_cover' depends on axioms: [propext, Classical.choice, Quot.sound]
info: GroupApproximation/CharClass/LIXKPunctured.lean:169:14: 'GroupApproximation.CharClass.isZero_punctured_finite' depends on axioms: [propext, Classical.choice, Quot.sound]
ℹ [9083/9264] Replayed GroupApproximation.CharClass.LIXKGenPunctured
info: GroupApproximation/CharClass/LIXKGenPunctured.lean:182:14: 'GroupApproximation.CharClass.KGen.puncturedAcyclic_lixBase' depends on axioms: [propext, Classical.choice, Quot.sound]
info: GroupApproximation/CharClass/LIXKGenPunctured.lean:183:14: 'GroupApproximation.CharClass.KGen.puncturedVanish_finite' depends on axioms: [propext, Classical.choice, Quot.sound]
info: GroupApproximation/CharClass/LIXKGenPunctured.lean:184:14: 'GroupApproximation.CharClass.puncturedAcyclic_lixBase_two' depends on axioms: [propext, Classical.choice, Quot.sound]
ℹ [9154/9276] Replayed GroupApproximation.CharClass.LIXKMap
info: GroupApproximation/CharClass/LIXKMap.lean:398:14: 'GroupApproximation.CharClass.psiVec_eq_neg_eOne_iff' depends on axioms: [propext, Classical.choice, Quot.sound]
info: GroupApproximation/CharClass/LIXKMap.lean:399:14: 'GroupApproximation.CharClass.kRoot_injective' depends on axioms: [propext, Classical.choice, Quot.sound]
info: GroupApproximation/CharClass/LIXKMap.lean:400:14: 'GroupApproximation.CharClass.psiVec_kRot' depends on axioms: [propext, Classical.choice, Quot.sound]
ℹ [9155/9276] Replayed GroupApproximation.CharClass.LIXKGenMap
info: GroupApproximation/CharClass/LIXKGenMap.lean:317:14: 'GroupApproximation.CharClass.KGen.psiVec_eq_neg_eZero_iff' depends on axioms: [propext, Classical.choice, Quot.sound]
info: GroupApproximation/CharClass/LIXKGenMap.lean:318:14: 'GroupApproximation.CharClass.KGen.kZero_injective' depends on axioms: [propext, Classical.choice, Quot.sound]
info: GroupApproximation/CharClass/LIXKGenMap.lean:319:14: 'GroupApproximation.CharClass.KGen.psiVec_kRot' depends on axioms: [propext, Classical.choice, Quot.sound]
info: GroupApproximation/CharClass/LIXKGenMap.lean:320:14: 'GroupApproximation.CharClass.KGen.re_kZeroVec_last' depends on axioms: [propext, Classical.choice, Quot.sound]
ℹ [9273/9276] Built GroupApproximation.CharClass.SliceNaturalOf (18s)
info: GroupApproximation/CharClass/SliceNaturalOf.lean:64:14: 'GroupApproximation.CharClass.chern_comap_of_gradedOf' depends on axioms: [propext, Classical.choice, Quot.sound]
ℹ [9274/9276] Built GroupApproximation.CharClass.SliceRootsOf (20s)
info: GroupApproximation/CharClass/SliceRootsOf.lean:385:14: 'GroupApproximation.CharClass.Gen.vRootOf_inl' depends on axioms: [propext, Classical.choice, Quot.sound]
info: GroupApproximation/CharClass/SliceRootsOf.lean:386:14: 'GroupApproximation.CharClass.Gen.vRootOf_inr' depends on axioms: [propext, Classical.choice, Quot.sound]
info: GroupApproximation/CharClass/SliceRootsOf.lean:387:14: 'GroupApproximation.CharClass.Gen.evenTautOf_vRootOf_inr' depends on axioms: [propext, Classical.choice, Quot.sound]
ℹ [9275/9276] Built GroupApproximation.CharClass.SliceSplitVOf (18s)
info: GroupApproximation/CharClass/SliceSplitVOf.lean:165:14: 'GroupApproximation.CharClass.Gen.vSliceValueOf' depends on axioms: [propext, Classical.choice, Quot.sound]
info: GroupApproximation/CharClass/SliceSplitVOf.lean:166:14: 'GroupApproximation.CharClass.Gen.vSliceValuePushOf' depends on axioms: [propext, Classical.choice, Quot.sound]
info: GroupApproximation/CharClass/SliceSplitVOf.lean:167:14: 'GroupApproximation.CharClass.Gen.sliceValue_of_comapOf' depends on axioms: [propext, Classical.choice, Quot.sound]
ℹ [9276/9276] Built GroupApproximation.CharClass.SliceTorusOf (24s)
info: GroupApproximation/CharClass/SliceTorusOf.lean:87:14: 'GroupApproximation.CharClass.Gen.comap_lixBundle_eq_pushforward_vBundleY' depends on axioms: [propext,
 Classical.choice,
 Quot.sound]
info: GroupApproximation/CharClass/SliceTorusOf.lean:88:14: 'GroupApproximation.CharClass.Gen.sliceValue_lixBundleOf' depends on axioms: [propext, Classical.choice, Quot.sound]
Build completed successfully (9276 jobs).
EXIT=0
