purged 0 stale artifact sets (source-newer=0, import-newer=0) of 3481 oleans
[job] acn112 cores=64-71 threads=8 base=e0d824adcc8d51e35c1a841125208293c4363f58 mods: GroupApproximation.GGT.VanKampen.NoncrossingClosedWalkEulerNoninterleavingModels GroupApproximation.GGT.VanKampen.Estimating.OsinPocketWalkNoninterleavingJoints GroupApproximation.GGT.VanKampen.Estimating.OsinPocketCellWalkNoninterleavingJoints
ℹ [3304/3406] Replayed GroupApproximation.Sofic.KazhdanCornerCompression
info: GroupApproximation/Sofic/KazhdanCornerCompression.lean:342:4: Try this:
  [apply] abel_nf
ℹ [4971/5121] Replayed GroupApproximation.GGT.VanKampen.NoncrossingClosedWalkEulerNoninterleaving
info: GroupApproximation/GGT/VanKampen/NoncrossingClosedWalkEulerNoninterleaving.lean:128:14: 'GroupApproximation.GGT.VanKampen.RotationBetween' depends on axioms: [propext, Quot.sound]
info: GroupApproximation/GGT/VanKampen/NoncrossingClosedWalkEulerNoninterleaving.lean:129:14: 'GroupApproximation.GGT.VanKampen.PassagesNoninterleaving' depends on axioms: [propext, Classical.choice, Quot.sound]
info: GroupApproximation/GGT/VanKampen/NoncrossingClosedWalkEulerNoninterleaving.lean:130:14: 'GroupApproximation.GGT.VanKampen.IsNoncrossingClosedWalk.eulers_of_vertexCount_le' depends on axioms: [propext,
 Classical.choice,
 Quot.sound]
info: GroupApproximation/GGT/VanKampen/NoncrossingClosedWalkEulerNoninterleaving.lean:131:14: 'GroupApproximation.GGT.VanKampen.NoninterleavingVertexCountStatement' depends on axioms: [propext,
 Classical.choice,
 Quot.sound]
info: GroupApproximation/GGT/VanKampen/NoncrossingClosedWalkEulerNoninterleaving.lean:132:14: 'GroupApproximation.GGT.VanKampen.IsNoncrossingClosedWalk.eulers_of_noninterleaving' depends on axioms: [propext,
 Classical.choice,
 Quot.sound]
ℹ [10041/10136] Replayed GroupApproximation.GGT.VanKampen.NoncrossingClosedWalkSectorNoninterleaving
info: GroupApproximation/GGT/VanKampen/NoncrossingClosedWalkSectorNoninterleaving.lean:214:14: 'GroupApproximation.GGT.VanKampen.SectorNoninterleaving.sectorFree_of_sigma_eq' depends on axioms: [propext,
 Classical.choice,
 Quot.sound]
info: GroupApproximation/GGT/VanKampen/NoncrossingClosedWalkSectorNoninterleaving.lean:215:14: 'GroupApproximation.GGT.VanKampen.SectorNoninterleaving.not_rotationBetween_of_sectorFree' depends on axioms: [propext,
 Classical.choice,
 Quot.sound]
info: GroupApproximation/GGT/VanKampen/NoncrossingClosedWalkSectorNoninterleaving.lean:216:14: 'GroupApproximation.GGT.VanKampen.SectorNoninterleaving.rotationBetween_of_sectorFree_rev' depends on axioms: [propext,
 Classical.choice,
 Quot.sound]
info: GroupApproximation/GGT/VanKampen/NoncrossingClosedWalkSectorNoninterleaving.lean:217:14: 'GroupApproximation.GGT.VanKampen.SectorNoninterleaving.get_finRotate_of_isChain_closes' depends on axioms: [propext,
 Classical.choice,
 Quot.sound]
info: GroupApproximation/GGT/VanKampen/NoncrossingClosedWalkSectorNoninterleaving.lean:218:14: 'GroupApproximation.GGT.VanKampen.SectorNoninterleaving.passagesNoninterleaving_of_forall_get' depends on axioms: [propext,
 Classical.choice,
 Quot.sound]
info: GroupApproximation/GGT/VanKampen/NoncrossingClosedWalkSectorNoninterleaving.lean:219:14: 'GroupApproximation.GGT.VanKampen.SectorNoninterleaving.passagesNoninterleaving_of_isChain' depends on axioms: [propext,
 Classical.choice,
 Quot.sound]
info: GroupApproximation/GGT/VanKampen/NoncrossingClosedWalkSectorNoninterleaving.lean:220:14: 'GroupApproximation.GGT.VanKampen.IsNoncrossingClosedWalk.passagesNoninterleaving' depends on axioms: [propext,
 Classical.choice,
 Quot.sound]
ℹ [10176/10209] Replayed GroupApproximation.GGT.VanKampen.Estimating.OsinPocketCellWalkFollowsModel
info: GroupApproximation/GGT/VanKampen/Estimating/OsinPocketCellWalkFollowsModel.lean:191:14: 'GroupApproximation.GGT.VanKampen.OsinPocketCellWalkFollowsModel.calibration_opposite_clauses' depends on axioms: [propext,
 Classical.choice,
 Quot.sound]
info: GroupApproximation/GGT/VanKampen/Estimating/OsinPocketCellWalkFollowsModel.lean:192:21: 'GroupApproximation.GGT.VanKampen.OsinPocketCellWalkFollowsModel.planar' depends on axioms: [propext,
 Classical.choice,
 Quot.sound]
info: GroupApproximation/GGT/VanKampen/Estimating/OsinPocketCellWalkFollowsModel.lean:194:2: 'GroupApproximation.GGT.VanKampen.OsinPocketCellWalkFollowsModel.isNoncrossingClosedWalk_walk' depends on axioms: [propext,
 Classical.choice,
 Quot.sound]
info: GroupApproximation/GGT/VanKampen/Estimating/OsinPocketCellWalkFollowsModel.lean:196:2: 'GroupApproximation.GGT.VanKampen.OsinPocketCellWalkFollowsModel.walk_innerCycle_not_followsBoundary' depends on axioms: [propext,
 Classical.choice,
 Quot.sound]
info: GroupApproximation/GGT/VanKampen/Estimating/OsinPocketCellWalkFollowsModel.lean:198:2: 'GroupApproximation.GGT.VanKampen.OsinPocketCellWalkFollowsModel.walk_outerCycle_not_followsBoundary' depends on axioms: [propext,
 Classical.choice,
 Quot.sound]
info: GroupApproximation/GGT/VanKampen/Estimating/OsinPocketCellWalkFollowsModel.lean:200:2: 'GroupApproximation.GGT.VanKampen.OsinPocketCellWalkFollowsModel.doubleTouchNeitherFollows' depends on axioms: [propext,
 Classical.choice,
 Quot.sound]
ℹ [10203/10209] Replayed GroupApproximation.GGT.VanKampen.Estimating.OsinPocketCellKeptCellNoncrossing
info: GroupApproximation/GGT/VanKampen/Estimating/OsinPocketCellKeptCellNoncrossing.lean:191:14: 'GroupApproximation.GGT.VanKampen.PocketRegion.exists_of_noncrossing_of_eitherFollows' depends on axioms: [propext,
 Classical.choice,
 Quot.sound]
info: GroupApproximation/GGT/VanKampen/Estimating/OsinPocketCellKeptCellNoncrossing.lean:193:2: 'GroupApproximation.GGT.VanKampen.GloballyDistinguishedSectionFamily.exists_kept_of_noncrossingCellWalk_of_value' depends on axioms: [propext,
 Classical.choice,
 Quot.sound]
info: GroupApproximation/GGT/VanKampen/Estimating/OsinPocketCellKeptCellNoncrossing.lean:195:2: 'GroupApproximation.GGT.VanKampen.GloballyDistinguishedSectionFamily.exists_kept_of_noncrossingCellWalk_of_leastArea' depends on axioms: [propext,
 Classical.choice,
 Quot.sound]
info: GroupApproximation/GGT/VanKampen/Estimating/OsinPocketCellKeptCellNoncrossing.lean:196:21: 'GroupApproximation.GGT.VanKampen.cellPocketKeptCellNoncrossing' depends on axioms: [propext,
 Classical.choice,
 Quot.sound]
info: GroupApproximation/GGT/VanKampen/Estimating/OsinPocketCellKeptCellNoncrossing.lean:198:2: 'GroupApproximation.GGT.VanKampen.OsinPocketCellKeptCellNoncrossing.multipleEdgeLakeInnerBranch' depends on axioms: [propext,
 Classical.choice,
 Quot.sound]
ℹ [10206/10209] Replayed GroupApproximation.GGT.VanKampen.Estimating.OsinPocketWalkEulerNoninterleaving
info: GroupApproximation/GGT/VanKampen/Estimating/OsinPocketWalkEulerNoninterleaving.lean:129:14: 'GroupApproximation.GGT.VanKampen.SectionPocketWalkNoninterleavingStatement' depends on axioms: [propext,
 Classical.choice,
 Quot.sound]
info: GroupApproximation/GGT/VanKampen/Estimating/OsinPocketWalkEulerNoninterleaving.lean:130:14: 'GroupApproximation.GGT.VanKampen.CellPocketWalkNoninterleavingStatement' depends on axioms: [propext,
 Classical.choice,
 Quot.sound]
info: GroupApproximation/GGT/VanKampen/Estimating/OsinPocketWalkEulerNoninterleaving.lean:131:14: 'GroupApproximation.GGT.VanKampen.sectionPocketWalkEuler_of_noninterleaving' depends on axioms: [propext,
 Classical.choice,
 Quot.sound]
info: GroupApproximation/GGT/VanKampen/Estimating/OsinPocketWalkEulerNoninterleaving.lean:132:14: 'GroupApproximation.GGT.VanKampen.cellPocketWalkEuler_of_noninterleaving' depends on axioms: [propext,
 Classical.choice,
 Quot.sound]
info: GroupApproximation/GGT/VanKampen/Estimating/OsinPocketWalkEulerNoninterleaving.lean:133:14: 'GroupApproximation.GGT.VanKampen.sectionPocketKeptCell_of_noninterleaving' depends on axioms: [propext,
 Classical.choice,
 Quot.sound]
✖ [10207/10209] Building GroupApproximation.GGT.VanKampen.Estimating.OsinPocketWalkNoninterleavingJoints (23s)
trace: .> LEAN_PATH=/projects/standard/hsiehph/sauer354/cc_clones/cs-endpoint/.lake/packages/Cli/.lake/build/lib/lean:/projects/standard/hsiehph/sauer354/cc_clones/cs-endpoint/.lake/packages/batteries/.lake/build/lib/lean:/projects/standard/hsiehph/sauer354/cc_clones/cs-endpoint/.lake/packages/Qq/.lake/build/lib/lean:/projects/standard/hsiehph/sauer354/cc_clones/cs-endpoint/.lake/packages/aesop/.lake/build/lib/lean:/projects/standard/hsiehph/sauer354/cc_clones/cs-endpoint/.lake/packages/proofwidgets/.lake/build/lib/lean:/projects/standard/hsiehph/sauer354/cc_clones/cs-endpoint/.lake/packages/importGraph/.lake/build/lib/lean:/projects/standard/hsiehph/sauer354/cc_clones/cs-endpoint/.lake/packages/LeanSearchClient/.lake/build/lib/lean:/projects/standard/hsiehph/sauer354/cc_clones/cs-endpoint/.lake/packages/plausible/.lake/build/lib/lean:/projects/standard/hsiehph/sauer354/cc_clones/cs-endpoint/.lake/packages/mathlib/.lake/build/lib/lean:/projects/standard/hsiehph/sauer354/cc_clones/lix-r/.lake/build/lib/lean /projects/standard/hsiehph/sauer354/.elan/toolchains/leanprover--lean4---v4.32.0/bin/lean -DwarningAsError=true /projects/standard/hsiehph/sauer354/cc_clones/lix-r/GroupApproximation/GGT/VanKampen/Estimating/OsinPocketWalkNoninterleavingJoints.lean -o /projects/standard/hsiehph/sauer354/cc_clones/lix-r/.lake/build/lib/lean/GroupApproximation/GGT/VanKampen/Estimating/OsinPocketWalkNoninterleavingJoints.olean -i /projects/standard/hsiehph/sauer354/cc_clones/lix-r/.lake/build/lib/lean/GroupApproximation/GGT/VanKampen/Estimating/OsinPocketWalkNoninterleavingJoints.ilean -c /projects/standard/hsiehph/sauer354/cc_clones/lix-r/.lake/build/ir/GroupApproximation/GGT/VanKampen/Estimating/OsinPocketWalkNoninterleavingJoints.c --setup /projects/standard/hsiehph/sauer354/cc_clones/lix-r/.lake/build/ir/GroupApproximation/GGT/VanKampen/Estimating/OsinPocketWalkNoninterleavingJoints.setup.json --json
error: GroupApproximation/GGT/VanKampen/Estimating/OsinPocketWalkNoninterleavingJoints.lean:129:58: Application type mismatch: The argument
  hpath
has type
  Relation.ReflTransGen (InternalBoundaryMove Delta faces) (Delta.toCombMap.facePerm d) e
of sort `Prop` but is expected to have type
  ?m.111
of sort `Type ?u.107` in the application
  Relation.ReflTransGen.mono (fun a b hab => ?m.117) hpath
error: GroupApproximation/GGT/VanKampen/Estimating/OsinPocketWalkNoninterleavingJoints.lean:225:4: Tactic `subst` failed: invalid equality proof, it is not of the form (x = t) or (t = x)
  x.snd.target = none

G : Type u
inst✝ : Group G
Lambda : Type w
W : Set (List (RelLetter G Lambda))
D : RelGenSet G Lambda
eps : ℕ
X : DiscDiagram W
lo hi : ℕ
K : PocketWalk D eps X lo hi
x y : RegionCandidate D eps X
R : X.toCombMap.Dart → X.toCombMap.Dart → Prop
hRx : ∀ (d e : X.toCombMap.Dart), BoundaryStep X x.fst d e → R d e
hRy : ∀ (d e : X.toCombMap.Dart), BoundaryStep X y.fst d e → R d e
hRface : ∀ (d e : X.toCombMap.Dart), X.toCombMap.sigma e = X.toCombMap.alpha d → R d e
hyt : y.snd.target = none
hxs : 0 < x.snd.sourceArc.length
hys : 0 < y.snd.sourceArc.length
hxtgt : 0 < x.snd.targetArc.length
hytgt : 0 < y.snd.targetArc.length
hfirst : K.firstSide = y.snd.leftSide
hsecond : K.secondSide = x.snd.rightSide
Gap : List X.toCombMap.Dart
hsrc : K.sourceArc.darts = x.snd.sourceArc.darts ++ Gap ++ y.snd.sourceArc.darts
hstart : ↑K.targetArc.start = ↑x.snd.targetArc.start
hend : ↑K.targetArc.start + K.targetArc.length = ↑y.snd.targetArc.start + y.snd.targetArc.length
hyend : ↑y.snd.targetArc.start + y.snd.targetArc.length ≤ (outerDarts X).length
hCx : List.IsChain R x.snd.boundary.cycle
hCy : List.IsChain R y.snd.boundary.cycle
hCyc : ∀ a ∈ y.snd.boundary.cycle.getLast?, ∀ b ∈ y.snd.boundary.cycle.head?, R a b
arc : CyclicArc (targetDarts X x.snd.target)
hxt : x.snd.target = none
⊢ targetBoundaryDarts X x.snd.target arc = arc.darts
error: GroupApproximation/GGT/VanKampen/Estimating/OsinPocketWalkNoninterleavingJoints.lean:231:4: Tactic `subst` failed: invalid equality proof, it is not of the form (x = t) or (t = x)
  y.snd.target = none

G : Type u
inst✝ : Group G
Lambda : Type w
W : Set (List (RelLetter G Lambda))
D : RelGenSet G Lambda
eps : ℕ
X : DiscDiagram W
lo hi : ℕ
K : PocketWalk D eps X lo hi
x y : RegionCandidate D eps X
R : X.toCombMap.Dart → X.toCombMap.Dart → Prop
hRx : ∀ (d e : X.toCombMap.Dart), BoundaryStep X x.fst d e → R d e
hRy : ∀ (d e : X.toCombMap.Dart), BoundaryStep X y.fst d e → R d e
hRface : ∀ (d e : X.toCombMap.Dart), X.toCombMap.sigma e = X.toCombMap.alpha d → R d e
hxt : x.snd.target = none
hxs : 0 < x.snd.sourceArc.length
hys : 0 < y.snd.sourceArc.length
hxtgt : 0 < x.snd.targetArc.length
hytgt : 0 < y.snd.targetArc.length
hfirst : K.firstSide = y.snd.leftSide
hsecond : K.secondSide = x.snd.rightSide
Gap : List X.toCombMap.Dart
hsrc : K.sourceArc.darts = x.snd.sourceArc.darts ++ Gap ++ y.snd.sourceArc.darts
hstart : ↑K.targetArc.start = ↑x.snd.targetArc.start
hend : ↑K.targetArc.start + K.targetArc.length = ↑y.snd.targetArc.start + y.snd.targetArc.length
hyend : ↑y.snd.targetArc.start + y.snd.targetArc.length ≤ (outerDarts X).length
hCx : List.IsChain R x.snd.boundary.cycle
hCy : List.IsChain R y.snd.boundary.cycle
hCyc : ∀ a ∈ y.snd.boundary.cycle.getLast?, ∀ b ∈ y.snd.boundary.cycle.head?, R a b
htx : targetBoundaryDarts X x.snd.target x.snd.targetArc = x.snd.targetArc.darts
arc : CyclicArc (targetDarts X y.snd.target)
hyt : y.snd.target = none
⊢ targetBoundaryDarts X y.snd.target arc = arc.darts
info: GroupApproximation/GGT/VanKampen/Estimating/OsinPocketWalkNoninterleavingJoints.lean:351:14: 'GroupApproximation.GGT.VanKampen.SectorNoninterleaving.isChain_sigma_invDarts' depends on axioms: [propext,
 Classical.choice,
 Quot.sound]
info: GroupApproximation/GGT/VanKampen/Estimating/OsinPocketWalkNoninterleavingJoints.lean:352:14: 'GroupApproximation.GGT.VanKampen.SectorNoninterleaving.closes_sigma_invDarts' depends on axioms: [propext, Quot.sound]
error: GroupApproximation/GGT/VanKampen/Estimating/OsinPocketWalkNoninterleavingJoints.lean:353:14: 'GroupApproximation.GGT.VanKampen.SectorNoninterleaving.sectorFree_of_boundaryStep' depends on axioms outside the classical allowlist: [sorryAx]
  full closure: [propext, sorryAx, Classical.choice, Quot.sound]
  permitted: [propext, Classical.choice, Quot.sound]
info: GroupApproximation/GGT/VanKampen/Estimating/OsinPocketWalkNoninterleavingJoints.lean:354:14: 'GroupApproximation.GGT.VanKampen.PocketWalk.internal_not_walkKeep' depends on axioms: [propext,
 Classical.choice,
 Quot.sound]
error: GroupApproximation/GGT/VanKampen/Estimating/OsinPocketWalkNoninterleavingJoints.lean:355:14: 'GroupApproximation.GGT.VanKampen.PocketWalk.walk_isChain_closes_of_rel' depends on axioms outside the classical allowlist: [sorryAx]
  full closure: [propext, sorryAx, Classical.choice, Quot.sound]
  permitted: [propext, Classical.choice, Quot.sound]
error: GroupApproximation/GGT/VanKampen/Estimating/OsinPocketWalkNoninterleavingJoints.lean:356:21: 'GroupApproximation.GGT.VanKampen.sectionPocketWalkNoninterleaving' depends on axioms outside the classical allowlist: [sorryAx]
  full closure: [propext, sorryAx, Classical.choice, Quot.sound]
  permitted: [propext, Classical.choice, Quot.sound]
error: Lean exited with code 1
ℹ [10209/10209] Built GroupApproximation.GGT.VanKampen.NoncrossingClosedWalkEulerNoninterleavingModels (23s)
info: GroupApproximation/GGT/VanKampen/NoncrossingClosedWalkEulerNoninterleavingModels.lean:145:2: 'GroupApproximation.GGT.VanKampen.NoncrossingClosedWalkEulerNoninterleavingModels.not_rotationBetween_of_sigma_eq' depends on axioms: [propext,
 Classical.choice,
 Quot.sound]
info: GroupApproximation/GGT/VanKampen/NoncrossingClosedWalkEulerNoninterleavingModels.lean:147:2: 'GroupApproximation.GGT.VanKampen.NoncrossingClosedWalkEulerNoninterleavingModels.not_rotationBetween_of_first' depends on axioms: [propext,
 Quot.sound]
info: GroupApproximation/GGT/VanKampen/NoncrossingClosedWalkEulerNoninterleavingModels.lean:149:2: 'GroupApproximation.GGT.VanKampen.NoncrossingClosedWalkEulerNoninterleavingModels.noninterleavingCalibration' depends on axioms: [propext,
 Classical.choice,
 Quot.sound]
Some required targets logged failures:
- GroupApproximation.GGT.VanKampen.Estimating.OsinPocketWalkNoninterleavingJoints
error: build failed
EXIT=1
