purged 0 stale artifact sets (source-newer=0, import-newer=0) of 3506 oleans
[job] acn112 cores=64-71 threads=8 base=050d866ab9a1b644236aacaf56a071f2e27e729f mods: GroupApproximation.Analysis.MatrixUnitHom GroupApproximation.Analysis.PauliMatrixUnits GroupApproximation.Analysis.DyadicCornerEmbedding
ℹ [2413/2418] Replayed GroupApproximation.Analysis.TwistedGroupVonNeumannFactor
info: GroupApproximation/Analysis/TwistedGroupVonNeumannFactor.lean:318:14: 'GroupApproximation.TwistedGroupVonNeumann.exists_smul_one_of_mem_centralizer' depends on axioms: [propext,
 Classical.choice,
 Quot.sound]
info: GroupApproximation/Analysis/TwistedGroupVonNeumannFactor.lean:319:14: 'GroupApproximation.TwistedGroupVonNeumann.isFactor' depends on axioms: [propext, Classical.choice, Quot.sound]
info: GroupApproximation/Analysis/TwistedGroupVonNeumannFactor.lean:320:14: 'GroupApproximation.TwistedGroupVonNeumann.twistedTrace_isFaithfulNormalTracialState' depends on axioms: [propext,
 Classical.choice,
 Quot.sound]
info: GroupApproximation/Analysis/TwistedGroupVonNeumannFactor.lean:321:14: 'GroupApproximation.TwistedGroupVonNeumann.isIIOneFactor_twistedVonNeumannAlgebra' depends on axioms: [propext,
 Classical.choice,
 Quot.sound]
ℹ [2414/2418] Replayed GroupApproximation.Analysis.PauliHyperfiniteFactor
info: GroupApproximation/Analysis/PauliHyperfiniteFactor.lean:280:14: 'GroupApproximation.Hyperfinite.pauliCocycle_isTwistedICC' depends on axioms: [propext, Classical.choice, Quot.sound]
info: GroupApproximation/Analysis/PauliHyperfiniteFactor.lean:281:14: 'GroupApproximation.Hyperfinite.isIIOneFactor_hyperfiniteFactor' depends on axioms: [propext,
 Classical.choice,
 Quot.sound]
info: GroupApproximation/Analysis/PauliHyperfiniteFactor.lean:282:14: 'GroupApproximation.Hyperfinite.pauliCocycle_interleave' depends on axioms: [propext, Classical.choice, Quot.sound]
ℹ [2415/2418] Replayed GroupApproximation.Analysis.PauliStageOperators
info: GroupApproximation/Analysis/PauliStageOperators.lean:127:14: 'GroupApproximation.TwistedGroupVonNeumann.star_twistedLeftOperator_eq' depends on axioms: [propext,
 Classical.choice,
 Quot.sound]
info: GroupApproximation/Analysis/PauliStageOperators.lean:128:14: 'GroupApproximation.Hyperfinite.pauliOp_mul' depends on axioms: [propext, Classical.choice, Quot.sound]
info: GroupApproximation/Analysis/PauliStageOperators.lean:129:14: 'GroupApproximation.Hyperfinite.star_pauliOp' depends on axioms: [propext, Classical.choice, Quot.sound]
info: GroupApproximation/Analysis/PauliStageOperators.lean:130:14: 'GroupApproximation.Hyperfinite.coefficient_pauliOp' depends on axioms: [propext, Classical.choice, Quot.sound]
ℹ [2416/2418] Built GroupApproximation.Analysis.MatrixUnitHom (5.8s)
info: GroupApproximation/Analysis/MatrixUnitHom.lean:152:14: 'GroupApproximation.MatrixUnits.matrixUnitSum_mul' depends on axioms: [propext, Classical.choice, Quot.sound]
info: GroupApproximation/Analysis/MatrixUnitHom.lean:153:14: 'GroupApproximation.MatrixUnits.matrixUnitSum_star' depends on axioms: [propext, Classical.choice, Quot.sound]
info: GroupApproximation/Analysis/MatrixUnitHom.lean:154:14: 'GroupApproximation.MatrixUnits.trace_matrixUnitSum' depends on axioms: [propext, Classical.choice, Quot.sound]
✖ [2417/2418] Building GroupApproximation.Analysis.DyadicCornerEmbedding (4.0s)
trace: .> LEAN_PATH=/projects/standard/hsiehph/sauer354/cc_clones/cs-endpoint/.lake/packages/Cli/.lake/build/lib/lean:/projects/standard/hsiehph/sauer354/cc_clones/cs-endpoint/.lake/packages/batteries/.lake/build/lib/lean:/projects/standard/hsiehph/sauer354/cc_clones/cs-endpoint/.lake/packages/Qq/.lake/build/lib/lean:/projects/standard/hsiehph/sauer354/cc_clones/cs-endpoint/.lake/packages/aesop/.lake/build/lib/lean:/projects/standard/hsiehph/sauer354/cc_clones/cs-endpoint/.lake/packages/proofwidgets/.lake/build/lib/lean:/projects/standard/hsiehph/sauer354/cc_clones/cs-endpoint/.lake/packages/importGraph/.lake/build/lib/lean:/projects/standard/hsiehph/sauer354/cc_clones/cs-endpoint/.lake/packages/LeanSearchClient/.lake/build/lib/lean:/projects/standard/hsiehph/sauer354/cc_clones/cs-endpoint/.lake/packages/plausible/.lake/build/lib/lean:/projects/standard/hsiehph/sauer354/cc_clones/cs-endpoint/.lake/packages/mathlib/.lake/build/lib/lean:/projects/standard/hsiehph/sauer354/cc_clones/lix-r/.lake/build/lib/lean /projects/standard/hsiehph/sauer354/.elan/toolchains/leanprover--lean4---v4.32.0/bin/lean -DwarningAsError=true /projects/standard/hsiehph/sauer354/cc_clones/lix-r/GroupApproximation/Analysis/DyadicCornerEmbedding.lean -o /projects/standard/hsiehph/sauer354/cc_clones/lix-r/.lake/build/lib/lean/GroupApproximation/Analysis/DyadicCornerEmbedding.olean -i /projects/standard/hsiehph/sauer354/cc_clones/lix-r/.lake/build/lib/lean/GroupApproximation/Analysis/DyadicCornerEmbedding.ilean -c /projects/standard/hsiehph/sauer354/cc_clones/lix-r/.lake/build/ir/GroupApproximation/Analysis/DyadicCornerEmbedding.c --setup /projects/standard/hsiehph/sauer354/cc_clones/lix-r/.lake/build/ir/GroupApproximation/Analysis/DyadicCornerEmbedding.setup.json --json
error: GroupApproximation/Analysis/DyadicCornerEmbedding.lean:32:0: automatically included section variable(s) unused in theorem `GroupApproximation.MatrixUnits.cornerUnit_isMatrixUnits`:
  [Fintype Y]
consider restructuring your `variable` declarations so that the variables are not in scope or explicitly omit them:
  omit [Fintype Y] in theorem ...

Note: This linter can be disabled with `set_option linter.unusedSectionVars false`
error: GroupApproximation/Analysis/DyadicCornerEmbedding.lean:57:0: automatically included section variable(s) unused in theorem `GroupApproximation.MatrixUnits.trace_cornerUnit`:
  [Fintype Y]
consider restructuring your `variable` declarations so that the variables are not in scope or explicitly omit them:
  omit [Fintype Y] in theorem ...

Note: This linter can be disabled with `set_option linter.unusedSectionVars false`
error: GroupApproximation/Analysis/DyadicCornerEmbedding.lean:85:0: automatically included section variable(s) unused in theorem `GroupApproximation.MatrixUnits.nonempty_cornerEmbedding`:
  [DecidableEq Y]
  [DecidableEq N]
consider restructuring your `variable` declarations so that the variables are not in scope or explicitly omit them:
  omit [DecidableEq Y] [DecidableEq N] in theorem ...

Note: This linter can be disabled with `set_option linter.unusedSectionVars false`
info: GroupApproximation/Analysis/DyadicCornerEmbedding.lean:91:14: 'GroupApproximation.MatrixUnits.cornerUnit_isMatrixUnits' depends on axioms: [propext, Classical.choice, Quot.sound]
info: GroupApproximation/Analysis/DyadicCornerEmbedding.lean:92:14: 'GroupApproximation.MatrixUnits.trace_cornerHom' depends on axioms: [propext, Classical.choice, Quot.sound]
error: Lean exited with code 1
✖ [2418/2418] Building GroupApproximation.Analysis.PauliMatrixUnits (14s)
trace: .> LEAN_PATH=/projects/standard/hsiehph/sauer354/cc_clones/cs-endpoint/.lake/packages/Cli/.lake/build/lib/lean:/projects/standard/hsiehph/sauer354/cc_clones/cs-endpoint/.lake/packages/batteries/.lake/build/lib/lean:/projects/standard/hsiehph/sauer354/cc_clones/cs-endpoint/.lake/packages/Qq/.lake/build/lib/lean:/projects/standard/hsiehph/sauer354/cc_clones/cs-endpoint/.lake/packages/aesop/.lake/build/lib/lean:/projects/standard/hsiehph/sauer354/cc_clones/cs-endpoint/.lake/packages/proofwidgets/.lake/build/lib/lean:/projects/standard/hsiehph/sauer354/cc_clones/cs-endpoint/.lake/packages/importGraph/.lake/build/lib/lean:/projects/standard/hsiehph/sauer354/cc_clones/cs-endpoint/.lake/packages/LeanSearchClient/.lake/build/lib/lean:/projects/standard/hsiehph/sauer354/cc_clones/cs-endpoint/.lake/packages/plausible/.lake/build/lib/lean:/projects/standard/hsiehph/sauer354/cc_clones/cs-endpoint/.lake/packages/mathlib/.lake/build/lib/lean:/projects/standard/hsiehph/sauer354/cc_clones/lix-r/.lake/build/lib/lean /projects/standard/hsiehph/sauer354/.elan/toolchains/leanprover--lean4---v4.32.0/bin/lean -DwarningAsError=true /projects/standard/hsiehph/sauer354/cc_clones/lix-r/GroupApproximation/Analysis/PauliMatrixUnits.lean -o /projects/standard/hsiehph/sauer354/cc_clones/lix-r/.lake/build/lib/lean/GroupApproximation/Analysis/PauliMatrixUnits.olean -i /projects/standard/hsiehph/sauer354/cc_clones/lix-r/.lake/build/lib/lean/GroupApproximation/Analysis/PauliMatrixUnits.ilean -c /projects/standard/hsiehph/sauer354/cc_clones/lix-r/.lake/build/ir/GroupApproximation/Analysis/PauliMatrixUnits.c --setup /projects/standard/hsiehph/sauer354/cc_clones/lix-r/.lake/build/ir/GroupApproximation/Analysis/PauliMatrixUnits.setup.json --json
error: GroupApproximation/Analysis/PauliMatrixUnits.lean:75:28: This simp argument is unused:
  card_stageIdx

Hint: Omit it from the simp argument list.
  simp [Finset.card_univ,̵ ̵c̵a̵r̵d̵_̵s̵t̵a̵g̵e̵I̵d̵x̵]

Note: This linter can be disabled with `set_option linter.unusedSimpArgs false`
error: GroupApproximation/Analysis/PauliMatrixUnits.lean:182:36: Tactic `rewrite` failed: motive is not type correct:
  fun _a => (if _a ∧ stageEmb z = 0 then 1 else 0) = if x = 0 ∧ z = 0 then 1 else 0
Error: Application type mismatch: The argument
  Finsupp.instDecidableEq (stageEmb x) 0
has type
  Decidable (stageEmb x = 0)
but is expected to have type
  Decidable _a
in the application
  @instDecidableAnd _a (stageEmb z = 0) (Finsupp.instDecidableEq (stageEmb x) 0)

Explanation: The rewrite tactic rewrites an expression 'e' using an equality 'a = b' by the following process. First, it looks for all 'a' in 'e'. Second, it tries to abstract these occurrences of 'a' to create a function 'm := fun _a => ...', called the *motive*, with the property that 'm a' is definitionally equal to 'e'. Third, we observe that 'congrArg' implies that 'm a = m b', which can be used with lemmas such as 'Eq.mpr' to change the goal. However, if 'e' depends on specific properties of 'a', then the motive 'm' might not typecheck.

Possible solutions: use rewrite's 'occs' configuration option to limit which occurrences are rewritten, or use 'simp' or 'conv' mode, which have strategies for certain kinds of dependencies (these tactics can handle proofs and 'Decidable' instances whose types depend on the rewritten term, and 'simp' can apply user-defined '@[congr]' theorems as well).

j : ℕ
x z : StageIdx j
⊢ (if stageEmb x = 0 ∧ stageEmb z = 0 then 1 else 0) = if x = 0 ∧ z = 0 then 1 else 0
info: GroupApproximation/Analysis/PauliMatrixUnits.lean:321:14: 'GroupApproximation.Hyperfinite.sum_zsign_fdot' depends on axioms: [propext, Classical.choice, Quot.sound]
info: GroupApproximation/Analysis/PauliMatrixUnits.lean:322:14: 'GroupApproximation.Hyperfinite.stageUnit_mul' depends on axioms: [propext, Classical.choice, Quot.sound]
info: GroupApproximation/Analysis/PauliMatrixUnits.lean:323:14: 'GroupApproximation.Hyperfinite.sum_stageUnit_diag' depends on axioms: [propext, Classical.choice, Quot.sound]
error: GroupApproximation/Analysis/PauliMatrixUnits.lean:324:14: 'GroupApproximation.Hyperfinite.coefficient_stageHom' depends on axioms outside the classical allowlist: [sorryAx]
  full closure: [propext, sorryAx, Classical.choice, Quot.sound]
  permitted: [propext, Classical.choice, Quot.sound]
error: Lean exited with code 1
Some required targets logged failures:
- GroupApproximation.Analysis.DyadicCornerEmbedding
- GroupApproximation.Analysis.PauliMatrixUnits
error: build failed
EXIT=1
