PROBLEMS 0 []
STUBBORN settled_at_8 8 zero_through_8 16 missing_8 0
S24 1 2 s24 first 1 {0: 0, 1: 1, 2: 6, 3: 28, 4: 120, 5: 495, 6: 2002, 7: 8008} rec {1: False, 2: False}
S24 1 4 s24 first 1 {0: 0, 1: 1, 2: 6, 3: 28, 4: 120, 5: 495, 6: 2002, 7: 8008} rec {1: False, 2: False}
S24 3 12 s24 first 3 {0: 0, 1: 0, 2: 0, 3: 1, 4: 9, 5: 54, 6: 274, 7: 1275} rec {1: False, 2: False}
S24 5 26 s24 first 2 {0: 0, 1: 0, 2: 1, 3: 7, 4: 36, 5: 165, 6: 715, 7: 3003} rec {1: False, 2: False}
S24 7 25 s24 first 5 {0: 0, 1: 0, 2: 0, 3: 0, 4: 0, 5: 1, 6: 13, 7: 103} rec {1: False, 2: None}
S35 5 401 solved first 4 {0: 0, 1: 0, 2: 0, 3: 0, 4: 1, 5: 10, 6: 66, 7: 363, 8: 1806} rec {1: False, 2: False}
S35 9 240 solved first 4 {0: 0, 1: 0, 2: 0, 3: 0, 4: 1, 5: 10, 6: 66, 7: 363} rec {1: False, 2: None}
S35 13 336 solved first 5 {0: 0, 1: 0, 2: 0, 3: 0, 4: 0, 5: 1, 6: 13, 7: 103, 8: 647} rec {1: False, 2: None}
S35 15 207 solved first 4 {0: 0, 1: 0, 2: 0, 3: 0, 4: 1, 5: 11, 6: 77, 7: 440} rec {1: False, 2: None}
S35 15 478 solved first 7 {0: 0, 1: 0, 2: 0, 3: 0, 4: 0, 5: 0, 6: 0, 7: 1} rec {1: None, 2: None}
S35 21 320 solved first 5 {0: 0, 1: 0, 2: 0, 3: 0, 4: 0, 5: 6, 6: 57, 7: 359} rec {1: False, 2: None}
S35 22 66 solved first 5 {0: 0, 1: 0, 2: 0, 3: 0, 4: 0, 5: 1, 6: 12, 7: 90} rec {1: False, 2: None}
S35 50 304 solved first 4 {0: 0, 1: 0, 2: 0, 3: 0, 4: 1, 5: 9, 6: 56, 7: 297} rec {1: False, 2: None}
S35 59 136 solved first 5 {0: 0, 1: 0, 2: 0, 3: 0, 4: 0, 5: 1, 6: 11, 7: 80, 8: 479} rec {1: False, 2: None}
S35 74 256 solved first 2 {0: 0, 1: 0, 2: 1, 3: 7, 4: 36, 5: 165, 6: 715, 7: 3003} rec {1: False, 2: False}
S35 82 273 solved first 7 {0: 0, 1: 0, 2: 0, 3: 0, 4: 0, 5: 0, 6: 0, 7: 1, 8: 16} rec {1: None, 2: None}
S35 98 234 solved first 6 {0: 0, 1: 0, 2: 0, 3: 0, 4: 0, 5: 0, 6: 1, 7: 14} rec {1: None, 2: None}
S35 129 205 solved first 6 {0: 0, 1: 0, 2: 0, 3: 0, 4: 0, 5: 0, 6: 1, 7: 13} rec {1: None, 2: None}
S35 139 393 solved first 6 {0: 0, 1: 0, 2: 0, 3: 0, 4: 0, 5: 0, 6: 1, 7: 12, 8: 92} rec {1: False, 2: None}
S35 171 233 solved first 7 {0: 0, 1: 0, 2: 0, 3: 0, 4: 0, 5: 0, 6: 0, 7: 1} rec {1: None, 2: None}
S35 196 399 solved first 7 {0: 0, 1: 0, 2: 0, 3: 0, 4: 0, 5: 0, 6: 0, 7: 1} rec {1: None, 2: None}
S35 261 273 solved first 7 {0: 0, 1: 0, 2: 0, 3: 0, 4: 0, 5: 0, 6: 0, 7: 3, 8: 41} rec {1: None, 2: None}
S35 278 480 solved first 3 {0: 0, 1: 0, 2: 0, 3: 1, 4: 8, 5: 45, 6: 220, 7: 1002, 8: 4381} rec {1: False, 2: False}
S35 285 323 solved first 7 {0: 0, 1: 0, 2: 0, 3: 0, 4: 0, 5: 0, 6: 0, 7: 1} rec {1: None, 2: None}
S35 292 484 solved first 5 {0: 0, 1: 0, 2: 0, 3: 0, 4: 0, 5: 1, 6: 11, 7: 80, 8: 479} rec {1: False, 2: None}
S35 308 484 solved first 7 {0: 0, 1: 0, 2: 0, 3: 0, 4: 0, 5: 0, 6: 0, 7: 1} rec {1: None, 2: None}
S35 368 387 solved first 6 {0: 0, 1: 0, 2: 0, 3: 0, 4: 0, 5: 0, 6: 1, 7: 12} rec {1: None, 2: None}
S35 474 507 solved first 6 {0: 0, 1: 0, 2: 0, 3: 0, 4: 0, 5: 0, 6: 1, 7: 12} rec {1: None, 2: None}
S35 481 495 solved first 4 {0: 0, 1: 0, 2: 0, 3: 0, 4: 2, 5: 19, 6: 119, 7: 625} rec {1: False, 2: None}
S35 19 29 stubborn:equal|equal first 8 {0: 0, 1: 0, 2: 0, 3: 0, 4: 0, 5: 0, 6: 0, 7: 0, 8: 1} rec {1: None, 2: None}
S35 289 303 stubborn:equal|equal first 8 {0: 0, 1: 0, 2: 0, 3: 0, 4: 0, 5: 0, 6: 0, 7: 0, 8: 3} rec {1: None, 2: None}
S35 369 383 stubborn:equal|equal first 8 {0: 0, 1: 0, 2: 0, 3: 0, 4: 0, 5: 0, 6: 0, 7: 0, 8: 2} rec {1: None, 2: None}
S35 455 461 stubborn:equal|equal first 8 {0: 0, 1: 0, 2: 0, 3: 0, 4: 0, 5: 0, 6: 0, 7: 0, 8: 2} rec {1: None, 2: None}
S35 280 296 stubborn:equal|settled first 8 {0: 0, 1: 0, 2: 0, 3: 0, 4: 0, 5: 0, 6: 0, 7: 0, 8: 1} rec {1: None, 2: None}
S35 216 223 stubborn:settled|equal first 8 {0: 0, 1: 0, 2: 0, 3: 0, 4: 0, 5: 0, 6: 0, 7: 0, 8: 1} rec {1: None, 2: None}
S35 483 484 stubborn:settled|equal first 8 {0: 0, 1: 0, 2: 0, 3: 0, 4: 0, 5: 0, 6: 0, 7: 0, 8: 8} rec {1: None, 2: None}
S35 498 501 stubborn:settled|equal first 8 {0: 0, 1: 0, 2: 0, 3: 0, 4: 0, 5: 0, 6: 0, 7: 0, 8: 1} rec {1: None, 2: None}
DONE
