VERDICT AAtAtAATTAttATT PP u=YYXYXX AxB=(1,[]) AxA_off=[] BxB_off=[] monoA=[('x', 1, [0])] monoB=[('y', 1, [0])] T1=True T2=True T3=True T4=True TREE=True
VERDICT AAtAtAATTAttaTT REST u=YYXyXX AxB=(1,[]) AxA_off=[] BxB_off=[] monoA=[('x', 1, [0])] monoB=[('y', 1, [0])] T1=True T2=True T3=True T4=True TREE=True
VERDICT AAtAtAATTattaTT REST u=YYxyXX AxB=(1,[1]) AxA_off=[] BxB_off=[] monoA=[('x', 1, [0])] monoB=[('y', 1, [0])] T1=False T2=True T3=True T4=True TREE=False
VERDICT AAtAtATTAttAATT PP u=YXYYXX AxB=(1,[]) AxA_off=[] BxB_off=[] monoA=[('x', 1, [0])] monoB=[('y', 1, [0])] T1=True T2=True T3=True T4=True TREE=True
VERDICT AAtAtATTAttaaTT REST u=YXyyXX AxB=(1,[]) AxA_off=[] BxB_off=[] monoA=[('x', 1, [0])] monoB=[('y', 1, [0])] T1=True T2=True T3=True T4=True TREE=True
VERDICT AAtAtATTattAATT REST u=YxYYXX AxB=(1,[]) AxA_off=[] BxB_off=[] monoA=[('x', 1, [0])] monoB=[('y', 1, [0])] T1=True T2=True T3=True T4=True TREE=True
VERDICT AAtAtATTattaaTT REST u=YxyyXX AxB=(1,[]) AxA_off=[] BxB_off=[] monoA=[('x', 1, [0])] monoB=[('y', 1, [0])] T1=True T2=True T3=True T4=True TREE=True
VERDICT AAtAtaTTAttAATT REST u=yXYYXX AxB=(1,[]) AxA_off=[] BxB_off=[] monoA=[('x', 1, [0])] monoB=[('y', 1, [0])] T1=True T2=True T3=True T4=True TREE=True
VERDICT AAtAtaTTAttaaTT REST u=yXyyXX AxB=(1,[]) AxA_off=[] BxB_off=[] monoA=[('x', 1, [0])] monoB=[('y', 1, [0])] T1=True T2=True T3=True T4=True TREE=True
VERDICT AAtAtaTTattAATT REST u=yxYYXX AxB=(1,[]) AxA_off=[] BxB_off=[] monoA=[('x', 1, [0])] monoB=[('y', 1, [0])] T1=True T2=True T3=True T4=True TREE=True
VERDICT AAtAtaTTattaaTT REST u=yxyyXX AxB=(1,[]) AxA_off=[] BxB_off=[] monoA=[('x', 1, [0])] monoB=[('y', 1, [0])] T1=True T2=True T3=True T4=True TREE=True
VERDICT AAtAtaaTTAttATT REST u=yyXYXX AxB=(1,[]) AxA_off=[] BxB_off=[] monoA=[('x', 1, [0])] monoB=[('y', 1, [0])] T1=True T2=True T3=True T4=True TREE=True
VERDICT AAtAtaaTTAttaTT REST u=yyXyXX AxB=(1,[]) AxA_off=[] BxB_off=[] monoA=[('x', 1, [0])] monoB=[('y', 1, [0])] T1=True T2=True T3=True T4=True TREE=True
VERDICT AAtAtaaTTattATT REST u=yyxYXX AxB=(1,[1]) AxA_off=[] BxB_off=[] monoA=[('x', 1, [0])] monoB=[('y', 1, [0])] T1=False T2=True T3=True T4=True TREE=False
VERDICT AAtAtaaTTattaTT REST u=yyxyXX AxB=(1,[]) AxA_off=[] BxB_off=[] monoA=[('x', 1, [0])] monoB=[('y', 1, [0])] T1=True T2=True T3=True T4=True TREE=True
VERDICT AAtatAATTAttATT AttAtatAttAAttttA u=xxyxyy AxB=(1,[]) AxA_off=[] BxB_off=[] monoA=[('x', 1, [0])] monoB=[('y', 1, [0])] T1=True T2=True T3=True T4=True TREE=True
VERDICT AAtatAATTAttaTT REST u=xxYxyy AxB=(1,[]) AxA_off=[] BxB_off=[] monoA=[('x', 1, [0])] monoB=[('y', 1, [0])] T1=True T2=True T3=True T4=True TREE=True
VERDICT AAtatAATTattaTT REST u=xxYXyy AxB=(1,[1]) AxA_off=[] BxB_off=[] monoA=[('x', 1, [0])] monoB=[('y', 1, [0])] T1=False T2=True T3=True T4=True TREE=False
VERDICT AAtatATTAttAATT AttAtatAAttttAttA u=xxyyxy AxB=(1,[]) AxA_off=[] BxB_off=[] monoA=[('x', 1, [0])] monoB=[('y', 1, [0])] T1=True T2=True T3=True T4=True TREE=True
VERDICT AAtatATTAttaaTT REST u=xxYYxy AxB=(1,[]) AxA_off=[] BxB_off=[] monoA=[('x', 1, [0])] monoB=[('y', 1, [0])] T1=True T2=True T3=True T4=True TREE=True
VERDICT AAtatATTattAATT REST u=xxyyXy AxB=(1,[]) AxA_off=[] BxB_off=[] monoA=[('x', 1, [0])] monoB=[('y', 1, [0])] T1=True T2=True T3=True T4=True TREE=True
VERDICT AAtatATTattaaTT REST u=xxYYXy AxB=(1,[]) AxA_off=[] BxB_off=[] monoA=[('x', 1, [0])] monoB=[('y', 1, [0])] T1=True T2=True T3=True T4=True TREE=True
VERDICT AAtataTTAttAATT REST u=xxyyxY AxB=(1,[]) AxA_off=[] BxB_off=[] monoA=[('x', 1, [0])] monoB=[('y', 1, [0])] T1=True T2=True T3=True T4=True TREE=True
VERDICT AAtataTTAttaaTT REST u=xxYYxY AxB=(1,[]) AxA_off=[] BxB_off=[] monoA=[('x', 1, [0])] monoB=[('y', 1, [0])] T1=True T2=True T3=True T4=True TREE=True
VERDICT AAtataTTattAATT REST u=xxyyXY AxB=(1,[]) AxA_off=[] BxB_off=[] monoA=[('x', 1, [0])] monoB=[('y', 1, [0])] T1=True T2=True T3=True T4=True TREE=True
VERDICT AAtataTTattaaTT REST u=xxYYXY AxB=(1,[]) AxA_off=[] BxB_off=[] monoA=[('x', 1, [0])] monoB=[('y', 1, [0])] T1=True T2=True T3=True T4=True TREE=True
VERDICT AAttAATTAtAtATT PP u=YXXYYX AxB=(1,[]) AxA_off=[] BxB_off=[] monoA=[('x', 1, [0])] monoB=[('y', 1, [0])] T1=True T2=True T3=True T4=True TREE=True
VERDICT AAttAATTAtAtaTT REST u=yXXYYX AxB=(1,[]) AxA_off=[] BxB_off=[] monoA=[('x', 1, [0])] monoB=[('y', 1, [0])] T1=True T2=True T3=True T4=True TREE=True
VERDICT AAttAATTAtatATT AttAttttAttAAtatA u=xyyxxy AxB=(1,[]) AxA_off=[] BxB_off=[] monoA=[('x', 1, [0])] monoB=[('y', 1, [0])] T1=True T2=True T3=True T4=True TREE=True
VERDICT AAttAATTAtataTT REST u=xyyxxY AxB=(1,[]) AxA_off=[] BxB_off=[] monoA=[('x', 1, [0])] monoB=[('y', 1, [0])] T1=True T2=True T3=True T4=True TREE=True
VERDICT AAttAATTatAtaTT REST u=yXXYYx AxB=(1,[]) AxA_off=[] BxB_off=[] monoA=[('x', 1, [0])] monoB=[('y', 1, [0])] T1=True T2=True T3=True T4=True TREE=True
VERDICT AAttAATTatataTT REST u=XyyxxY AxB=(1,[]) AxA_off=[] BxB_off=[] monoA=[('x', 1, [0])] monoB=[('y', 1, [0])] T1=True T2=True T3=True T4=True TREE=True
VERDICT AAttATATAttaaTT REST u=XyyXXY AxB=(1,[]) AxA_off=[] BxB_off=[] monoA=[('x', 1, [0])] monoB=[('y', 1, [0])] T1=True T2=True T3=True T4=True TREE=True
VERDICT AAttATATattaaTT REST u=xyyXXY AxB=(1,[]) AxA_off=[] BxB_off=[] monoA=[('x', 1, [0])] monoB=[('y', 1, [0])] T1=True T2=True T3=True T4=True TREE=True
VERDICT AAttATaTAttaaTT REST u=yxxYYx AxB=(1,[]) AxA_off=[] BxB_off=[] monoA=[('x', 1, [0])] monoB=[('y', 1, [0])] T1=True T2=True T3=True T4=True TREE=True
VERDICT AAttaTATAttaaTT REST u=XyyXXy AxB=(1,[]) AxA_off=[] BxB_off=[] monoA=[('x', 1, [0])] monoB=[('y', 1, [0])] T1=True T2=True T3=True T4=True TREE=True
SENTINEL_DONE
