== cap 22
RANK 3 CAP 22 NPERM 48 NWA 90
new least projection length 13: kill z -> xxxYYYY xyxYXY  (nstates 1)
PROJ 13 XYXyxy XXXXyyy
PROJ 15 XXYxY XYXYXYYYYY
PROJ 15 XXYxyxY XXXyxyxy
PROJ 16 XXYxY XYXYXYXYYYY
PROJ 16 XXYxyxY XXyxyxyxy
PROJ 16 XXXXYYY XXXYxyXYY
PROJ 15 XYXyxy XXXyxYXyy
PROJ 16 XXYxY XYXYxyXYYYY
PROJ 16 XXYxY XXYXYYYYYxy
PROJ 16 XXYxY XXYYYYYXYxy
PROJ 16 XXYxyxY XXXyyxxyy
PROJ 16 XXYxyxY XXyxYXyxy
PROJ 15 XXXXYYY XYxyyXYY
PROJ 15 XYXyxy XXYxxYYxy
PROJ 15 XYXyxy XXXyXYxxy
PROJ 15 XXYxY XYxyyXYYYY
PROJ 15 XXYxY XXYYYYYxyy
PROJ 15 XXYxyxY XXYxxYxy
PROJ 16 XXYxY XYXYxyyXYYY
PROJ 16 XXYxY XXYXYYYYxyy
PROJ 16 XXYxY XXYYYYXYxyy
PROJ 16 XXYxYxy XXyxyxyxy
PROJ 16 XXYxyxY XXYxYXYxy
PROJ 16 XXXXYYY XXXYxYYXy
PROJ 16 XXXXYYY XXXYXYYXY
PROJ 15 XYXyxy XXXXYxxxy
PROJ 15 XYXyxy XXXYxxYxy
PROJ 15 XYXyxy XXyXYxYxy
PROJ 16 XXYxY XYxyyyxYYXy
PROJ 14 XXYxY XYYYxyyyy
PROJ 16 XXYxY XYxyyxyXYYY
PROJ 16 XXYxY XXYYYxxyyyy
PROJ 16 XXYxYxy XXYxyXYxY
PROJ 15 XXYxYxy XXXYxyxY
PROJ 16 XXYXXyy XYxYYxyyy
PROJ 15 XXYXXyy XYXYXyyy
PROJ 16 XXYXXyy XXYXyxyxY
PROJ 16 XXYxyxY XXXXYxxxy
PROJ 14 XXYxYxy XYxyyxY
PROJ 15 XXYxYxy XYxYYxyy
PROJ 15 XXYxY XYxyyyXYYY
PROJ 15 XXYxY XXYYYYxyyy
PROJ 16 XXYxYxy XXyxYXYxY
PROJ 15 XXYxYxy XYXYYxYY
PROJ 15 XXYxyxY XYxyyXYY
PROJ 15 XXYxyxY XXXYxYxy
PROJ 15 XYXYXy XXXXYxxxy
PROJ 16 XXXYxyy XXXyxYXyy
PROJ 15 XXYxyy XXXyyXYxy
PROJ 15 XXYxyy XXXXyxYxy
PROJ 15 XXYxYxy XXXyxYxY
PROJ 15 XXYxYxy XYxYYXyy
PROJ 15 XXYxYxy XYxYXyyy
PROJ 14 XXYxYxy XYXYxyy
PROJ 16 XXYxYxy XXXXyxxxY
PROJ 15 XXYxyy XXyxYxYxy
PROJ 15 XXYxyy XXyXYxYxy
PROJ 15 XXYxYxy XYYYxyXy
PROJ 15 XXYxYxy XXYxxyXY
PROJ 16 XXYxYxy XXYxyXyxY
PROJ 16 XXYxY XYxyyxYYYXy
PROJ 16 XXYxY XYYXyyxYxyy
PROJ 15 XXYxyy XXyxYXXyy
PROJ 15 XXXYxyy XXXyxYxy
PROJ 16 XXXYxyy XXYxyXXyy
PROJ 16 XXYxYxy XYYxYYxYY
PROJ 16 XXYXyXY XXXXYxxxy
PROJ 16 XXXYxyy XXXYXyyxy
PROJ 13 XXYxyy XXXyyxY
PROJ 15 XXYxyy XXyXyxYxy
PROJ 15 XXYxyy XXyxYxYXy
PROJ 15 XXYxyy XXXXyxxxY
PROJ 16 XXYxYxy XXyxYxYxY
PROJ 16 XXYxYxy XXXyyxxYY
PROJ 15 XXYxYxy XYYxyXyy
PROJ 14 XXYXyxy XYxYxyy
PROJ 15 XXYxYxy XXYxxyxY
PROJ 16 XXXYxyy XXXXYxxxy
PROJ 14 XXXYxyy XYYxyXy
PROJ 15 XXYxyy XXXyxYxxy
PROJ 15 XXYxyy XXyxYxYxY
PROJ 15 XXYxyy XXXyXYxxy
PROJ 15 XXYxyy XXXyxYYxy
PROJ 16 XXYXXyy XYYxYxyyy
PROJ 16 XXYxYxy XXYYYYxyy
PROJ 16 XXYxYxy XXXYYYxxy
PROJ 15 XXYxYxy XXXyxyxY
PROJ 15 XXYxyy XXyXXyyxy
PROJ 15 XXYxyy XXYXXyyxy
PROJ 16 XXYxYxy XXyxyxyXy
PROJ 16 XXXYxyy XXyxYXYxy
PROJ 15 XXXYxyy XXyXYxxy
PROJ 15 XXYXYxy XXXyxYXY
PROJ 16 XXYXYxy XXXXyxxxY
PROJ 15 XXYxyy XXXyxyyXY
PROJ 16 XXYXYxy XXyxYXYXY
PROJ 16 XXXYxyy XYYYxyyXy
PROJ 16 XXXYxyy XYxyyyXYY
PROJ 16 XXXYxyy XXYXXyxyy
PROJ 15 XXYxyy XXXYxYxxy
PROJ 15 XXYxyy XXXyxxyxY
PROJ 15 XXYxyy XXyxyxYxY
PROJ 15 XXYxYxy XXXYxxyy
PROJ 15 XXYXyxy XXyXYxxy
PROJ 16 XXYxYxy XXyXYYxxy
PROJ 15 XXYXYxY XYYXyyxY
PROJ 15 XXYXyy XXyxYxYXy
PROJ 15 XXYXyxy XXYYxyyy
PROJ 16 XXYxYxy XXyxyXyxY
PROJ 15 XXYxyy XXyxYYxxY
PROJ 15 XXYxyy XXXyxYxxY
PROJ 16 XXYxYxy XXyxyXYxY
PROJ 16 XXYXYxy XXYYXYXXy
PROJ 16 XXXYxyy XXyxYxyxY
PROJ 16 XXXYxyy XXYxxYXyy
PROJ 16 XXYxYxy XXyxyxyxY
PROJ 16 XXYXYxy XXyxYxYXy
PROJ 16 XXYXYxy XXXyXYXYY
PROJ 15 XXYXYxy XXXyxYxY
PROJ 16 XXYXYxy XXYxxyyXY
PROJ 15 XXYXyy XXXyXYxxy
PROJ 16 XXYXyxy XXYxyXXyy
PROJ 16 XXYXYxY XYXYYYxyy
PROJ 16 XXYXYxY XXXYYxyxY
PROJ 15 XXYXyy XYxyyxYxY
PROJ 15 XXXYxYY XXyXYxxY
PROJ 16 XXXYxYY XXyxYXYxY
PROJ 15 XXYxyy XXyxYYxxy
PROJ 15 XXXYxyy XYYxyXyy
PROJ 16 XXYxYxy XYYXYYYxy
PROJ 15 XXYxYxy XYxyyxyy
PROJ 16 XXYXYxy XXYYxYXXy
PROJ 15 XXXYxyy XXyXXyxY
PROJ 16 XXYXYxy XXXYxYxyy
PROJ 15 XXYXyxy XXXXyyXy
PROJ 16 XXXYXYY XXYxYXyXY
PROJ 16 XXYxYxy XXyxyxYxY
PROJ 16 XXXYxYY XXYxxyXYY
PROJ 15 XXYxyy XXyXYYxxy
PROJ 16 XXYxYxy XXyxyxyXY
PROJ 16 XXXYxyy XXXyxYYxy
PROJ 16 XXYxYxy XXyxyxYXY
PROJ 16 XXYxYxy XYxYXYYYY
PROJ 15 XXYxYxy XXYYYYxY
PROJ 16 XXYxYxy XYxyyXyyy
PROJ 16 XXYxYxy XXYxxYYXY
PROJ 16 XXXYxyy XXYXyxyxY
PROJ 16 XXXYxyy XXYXXyXyy
PROJ 15 XXXYxYY XYYXyyxY
PROJ 15 XXYxxyy XYYXyyxY
PROJ 16 XXYxxyy XXXYxyyxY
PROJ 16 XXYxYxy XYYYYxYxY
PROJ 16 XXYxYxy XYYYxYYXy
PROJ 16 XXYxYxy XXXYYYxxY
PROJ 16 XXYxYxy XYYxyXYYY
PROJ 15 XXYxYxy XYXyxYYY
PROJ 15 XXYxYxy XXyyyxyy
PROJ 16 XXYxYxy XYxyyyXyy
PROJ 16 XXYxYxy XXXYxxYYY
PROJ 16 XXXYxYY XXYYXYxxy
PROJ 16 XXYXYxy XXXYYYXXy
PROJ 16 XXXXYXY XYYYYXyyy
EXHAUSTED depth 35 states 42161 processed 42161
== cap 24
RANK 3 CAP 24 NPERM 48 NWA 90
new least projection length 13: kill z -> xxxYYYY xyxYXY  (nstates 1)
PROJ 13 XYXyxy XXXXyyy
PROJ 15 XXYxY XYXYXYYYYY
PROJ 15 XXYxyxY XXXyxyxy
PROJ 16 XXYxY XYXYXYXYYYY
PROJ 16 XXYxyxY XXyxyxyxy
PROJ 16 XXXXYYY XXXYxyXYY
PROJ 15 XYXyxy XXXyxYXyy
PROJ 16 XXYxY XYXYxyXYYYY
PROJ 16 XXYxY XXYXYYYYYxy
PROJ 16 XXYxY XXYYYYYXYxy
PROJ 16 XXYxyxY XXXyyxxyy
PROJ 16 XXYxyxY XXyxYXyxy
PROJ 15 XXXXYYY XYxyyXYY
PROJ 15 XYXyxy XXYxxYYxy
PROJ 15 XYXyxy XXXyXYxxy
PROJ 15 XXYxY XYxyyXYYYY
PROJ 15 XXYxY XXYYYYYxyy
PROJ 15 XXYxyxY XXYxxYxy
PROJ 16 XXYxY XYXYxyyXYYY
PROJ 16 XXYxY XXYXYYYYxyy
PROJ 16 XXYxY XXYYYYXYxyy
PROJ 16 XXYxYxy XXyxyxyxy
PROJ 16 XXYxyxY XXYxYXYxy
PROJ 16 XXXXYYY XXXYxYYXy
PROJ 16 XXXXYYY XXXYXYYXY
PROJ 15 XYXyxy XXXXYxxxy
PROJ 15 XYXyxy XXXYxxYxy
PROJ 15 XYXyxy XXyXYxYxy
PROJ 16 XXYxY XYxyyyxYYXy
PROJ 14 XXYxY XYYYxyyyy
PROJ 16 XXYxY XYxyyxyXYYY
PROJ 16 XXYxY XXYYYxxyyyy
PROJ 16 XXYxYxy XXYxyXYxY
PROJ 15 XXYxYxy XXXYxyxY
PROJ 16 XXYXXyy XYxYYxyyy
PROJ 15 XXYXXyy XYXYXyyy
PROJ 16 XXYXXyy XXYXyxyxY
PROJ 16 XXYxyxY XXXXYxxxy
PROJ 14 XXYxYxy XYxyyxY
PROJ 15 XXYxYxy XYxYYxyy
PROJ 15 XXYxY XYxyyyXYYY
PROJ 15 XXYxY XXYYYYxyyy
PROJ 15 XXYxYxy XYXYYxYY
PROJ 16 XXYxYxy XXyxYXYxY
PROJ 15 XXYxyxY XYxyyXYY
PROJ 15 XXYxyxY XXXYxYxy
PROJ 15 XYXYXy XXXXYxxxy
PROJ 16 XXXYxyy XXXyxYXyy
PROJ 15 XXYxyy XXXyyXYxy
PROJ 15 XXYxyy XXXXyxYxy
PROJ 15 XXYxYxy XXXyxYxY
PROJ 15 XXYxYxy XYxYYXyy
PROJ 15 XXYxYxy XYxYXyyy
PROJ 14 XXYxYxy XYXYxyy
PROJ 16 XXYxYxy XXXXyxxxY
PROJ 15 XXYxyy XXyxYxYxy
PROJ 15 XXYxyy XXyXYxYxy
PROJ 15 XXYxYxy XYYYxyXy
PROJ 15 XXYxYxy XXYxxyXY
PROJ 16 XXYxYxy XXYxyXyxY
PROJ 16 XXYxY XYxyyxYYYXy
PROJ 16 XXYxY XYYXyyxYxyy
PROJ 15 XXYxyy XXyxYXXyy
PROJ 15 XXXYxyy XXXyxYxy
PROJ 16 XXXYxyy XXYxyXXyy
PROJ 16 XXYxYxy XYYxYYxYY
PROJ 16 XXYXyXY XXXXYxxxy
PROJ 16 XXXYxyy XXXYXyyxy
PROJ 13 XXYxyy XXXyyxY
PROJ 15 XXYxyy XXyXyxYxy
PROJ 15 XXYxyy XXyxYxYXy
PROJ 15 XXYxyy XXXXyxxxY
PROJ 16 XXYxYxy XXyxYxYxY
PROJ 15 XXYxYxy XYYxyXyy
PROJ 14 XXYXyxy XYxYxyy
PROJ 16 XXYxYxy XXXyyxxYY
PROJ 15 XXYxYxy XXYxxyxY
PROJ 16 XXXYxyy XXXXYxxxy
PROJ 14 XXXYxyy XYYxyXy
PROJ 15 XXYxyy XXXyxYYxy
PROJ 15 XXYxyy XXyxYxYxY
PROJ 15 XXYxyy XXXyXYxxy
PROJ 15 XXYxyy XXXyxYxxy
PROJ 16 XXYXXyy XYYxYxyyy
PROJ 16 XXYxYxy XXYYYYxyy
PROJ 16 XXYxYxy XXXYYYxxy
PROJ 15 XXYxYxy XXXyxyxY
PROJ 15 XXYxyy XXyXXyyxy
PROJ 15 XXYxyy XXYXXyyxy
PROJ 16 XXYxYxy XXyxyxyXy
PROJ 16 XXXYxyy XXyxYXYxy
PROJ 15 XXXYxyy XXyXYxxy
PROJ 15 XXYXYxy XXXyxYXY
PROJ 16 XXYXYxy XXXXyxxxY
PROJ 15 XXYxyy XXXyxyyXY
PROJ 16 XXYXYxy XXyxYXYXY
PROJ 16 XXXYxyy XYYYxyyXy
PROJ 16 XXXYxyy XYxyyyXYY
PROJ 16 XXXYxyy XXYXXyxyy
PROJ 15 XXYxyy XXXYxYxxy
PROJ 15 XXYxyy XXXyxxyxY
PROJ 15 XXYxyy XXyxyxYxY
PROJ 15 XXYxYxy XXXYxxyy
PROJ 15 XXYXyxy XXyXYxxy
PROJ 16 XXYxYxy XXyXYYxxy
PROJ 15 XXYXYxY XYYXyyxY
PROJ 15 XXYXyy XXyxYxYXy
PROJ 15 XXYXyxy XXYYxyyy
PROJ 16 XXYxYxy XXyxyXyxY
PROJ 15 XXYxyy XXXyxYxxY
PROJ 15 XXYxyy XXyxYYxxY
PROJ 16 XXYxYxy XXyxyXYxY
PROJ 16 XXYXYxy XXYYXYXXy
PROJ 16 XXXYxyy XXyxYxyxY
PROJ 16 XXXYxyy XXYxxYXyy
PROJ 16 XXYxYxy XXyxyxyxY
PROJ 16 XXYXYxy XXyxYxYXy
PROJ 16 XXYXYxy XXXyXYXYY
PROJ 15 XXYXYxy XXXyxYxY
PROJ 16 XXYXYxy XXYxxyyXY
PROJ 15 XXYXyy XXXyXYxxy
PROJ 16 XXYXyxy XXYxyXXyy
PROJ 16 XXYXYxY XYXYYYxyy
PROJ 16 XXYXYxY XXXYYxyxY
PROJ 15 XXYXyy XYxyyxYxY
PROJ 15 XXXYxYY XXyXYxxY
PROJ 16 XXXYxYY XXyxYXYxY
PROJ 15 XXYxyy XXyxYYxxy
PROJ 15 XXXYxyy XYYxyXyy
PROJ 16 XXYxYxy XYYXYYYxy
PROJ 15 XXYxYxy XYxyyxyy
PROJ 16 XXYXYxy XXYYxYXXy
PROJ 15 XXXYxyy XXyXXyxY
PROJ 16 XXYXYxy XXXYxYxyy
PROJ 15 XXYXyxy XXXXyyXy
PROJ 16 XXXYXYY XXYxYXyXY
PROJ 16 XXYxYxy XXyxyxYxY
PROJ 16 XXXYxYY XXYxxyXYY
PROJ 15 XXYxyy XXyXYYxxy
PROJ 16 XXYxYxy XXyxyxyXY
PROJ 16 XXXYxyy XXXyxYYxy
PROJ 16 XXYxYxy XXyxyxYXY
PROJ 16 XXYxYxy XYxYXYYYY
PROJ 15 XXYxYxy XXYYYYxY
PROJ 16 XXYxYxy XYxyyXyyy
PROJ 16 XXYxYxy XXYxxYYXY
PROJ 16 XXXYxyy XXYXyxyxY
PROJ 16 XXXYxyy XXYXXyXyy
PROJ 15 XXXYxYY XYYXyyxY
PROJ 15 XXYxxyy XYYXyyxY
PROJ 16 XXYxxyy XXXYxyyxY
PROJ 16 XXYxYxy XYYYYxYxY
PROJ 16 XXYxYxy XYYYxYYXy
PROJ 16 XXYxYxy XXXYYYxxY
PROJ 16 XXYxYxy XYYxyXYYY
PROJ 15 XXYxYxy XYXyxYYY
PROJ 15 XXYxYxy XXyyyxyy
PROJ 16 XXYxYxy XYxyyyXyy
PROJ 16 XXYxYxy XXXYxxYYY
PROJ 16 XXXYxYY XXYYXYxxy
PROJ 16 XXYXYxy XXXYYYXXy
PROJ 16 XXXXYXY XYYYYXyyy
EXHAUSTED depth 37 states 280213 processed 280213
