RANK 3 CAP 20 NPERM 48 NWA 90
new least projection length 13: kill z -> xxxYYYY xyxYXY  (nstates 1)
PROJ 13 XYXyxy XXXXyyy
PROJ 15 XXYxY XYXYXYYYYY
PROJ 15 XXYxyxY XXXyxyxy
PROJ 15 XYXyxy XXXyxYXyy
PROJ 15 XXXXYYY XYxyyXYY
PROJ 15 XYXyxy XXYxxYYxy
PROJ 15 XYXyxy XXXyXYxxy
PROJ 15 XXYxY XYxyyXYYYY
PROJ 15 XXYxY XXYYYYYxyy
PROJ 15 XXYxyxY XXYxxYxy
PROJ 15 XYXyxy XXXXYxxxy
PROJ 15 XYXyxy XXXYxxYxy
PROJ 15 XYXyxy XXyXYxYxy
PROJ 14 XXYxY XYYYxyyyy
PROJ 15 XXYxYxy XXXYxyxY
PROJ 15 XXYXXyy XYXYXyyy
PROJ 14 XXYxYxy XYxyyxY
PROJ 15 XXYxYxy XYxYYxyy
PROJ 15 XXYxY XYxyyyXYYY
PROJ 15 XXYxY XXYYYYxyyy
PROJ 15 XXYxYxy XYXYYxYY
PROJ 15 XXYxyxY XYxyyXYY
PROJ 15 XXYxyxY XXXYxYxy
PROJ 15 XYXYXy XXXXYxxxy
PROJ 15 XXYxyy XXXyyXYxy
PROJ 15 XXYxyy XXXXyxYxy
PROJ 15 XXYxYxy XXXyxYxY
PROJ 15 XXYxYxy XYxYYXyy
PROJ 15 XXYxYxy XYxYXyyy
PROJ 14 XXYxYxy XYXYxyy
PROJ 15 XXYxyy XXyxYxYxy
PROJ 15 XXYxyy XXyXYxYxy
PROJ 15 XXYxYxy XYYYxyXy
PROJ 15 XXYxYxy XXYxxyXY
PROJ 15 XXYxyy XXyxYXXyy
PROJ 15 XXXYxyy XXXyxYxy
PROJ 13 XXYxyy XXXyyxY
PROJ 15 XXYxyy XXyXyxYxy
PROJ 15 XXYxyy XXyxYxYXy
PROJ 15 XXYxyy XXXXyxxxY
PROJ 14 XXYXyxy XYxYxyy
PROJ 15 XXYxYxy XXYxxyxY
PROJ 15 XXYxYxy XYYxyXyy
PROJ 14 XXXYxyy XYYxyXy
PROJ 15 XXYxyy XXXyxYxxy
PROJ 15 XXYxyy XXyxYxYxY
PROJ 15 XXYxyy XXXyXYxxy
PROJ 15 XXYxyy XXXyxYYxy
PROJ 15 XXYxYxy XXXyxyxY
PROJ 15 XXYxyy XXyXXyyxy
PROJ 15 XXYxyy XXYXXyyxy
PROJ 15 XXXYxyy XXyXYxxy
PROJ 15 XXYxyy XXXyxyyXY
PROJ 15 XXYXYxy XXXyxYXY
PROJ 15 XXYxyy XXXYxYxxy
PROJ 15 XXYxyy XXXyxxyxY
PROJ 15 XXYxyy XXyxyxYxY
PROJ 15 XXYxYxy XXXYxxyy
PROJ 15 XXYXYxY XYYXyyxY
PROJ 15 XXYXyy XXyxYxYXy
PROJ 15 XXYXyxy XXYYxyyy
PROJ 15 XXYXyxy XXyXYxxy
PROJ 15 XXYxyy XXyxYYxxY
PROJ 15 XXYxyy XXXyxYxxY
PROJ 15 XXYXYxy XXXyxYxY
PROJ 15 XXYXyy XYxyyxYxY
PROJ 15 XXYXyy XXXyXYxxy
PROJ 15 XXXYxYY XXyXYxxY
PROJ 15 XXYxyy XXyxYYxxy
PROJ 15 XXXYxyy XYYxyXyy
PROJ 15 XXYxYxy XYxyyxyy
PROJ 15 XXXYxyy XXyXXyxY
PROJ 15 XXYXyxy XXXXyyXy
PROJ 15 XXYxyy XXyXYYxxy
PROJ 15 XXYxYxy XXYYYYxY
PROJ 15 XXXYxYY XYYXyyxY
PROJ 15 XXYxxyy XYYXyyxY
PROJ 15 XXYxYxy XYXyxYYY
PROJ 15 XXYxYxy XXyyyxyy
EXHAUSTED depth 31 states 6875 processed 6875
