{
 "exact_dihedral_n2": {
  "e_c": "sqrt(2) + 2",
  "e_R1": "2 - sqrt(2)",
  "e_R2": "2 - sqrt(2)",
  "ratio_sq": "2*sqrt(2) + 3",
  "ratio_sq_minus_(1+sqrt2)^2": "0"
 },
 "dihedral_family_scan": {
  "max_ratio": 2.41411233917204,
  "argmax_over_pi": 0.37500195458565294
 },
 "witnesses": [
  {
   "n": 4,
   "tau": 0.05,
   "smallest_singular_values": [
    2.7635754784337657e-16,
    0.7649051387492354,
    1.1321302910845987,
    1.3503486738221555
   ],
   "commutant_dim_tol_1e-6": 1,
   "eig_angles_over_pi_c": [
    -0.7566,
    -0.6271,
    0.6271,
    0.7566
   ],
   "e_c": 3.1102471319455116,
   "e_R1": 0.2983518078771801,
   "e_R2": 0.29836999826390165
  },
  {
   "n": 6,
   "tau": 0.05,
   "smallest_singular_values": [
    3.675248091924019e-16,
    0.009328722186152617,
    0.0098030694755873,
    0.7555559340621418
   ],
   "commutant_dim_tol_1e-6": 1,
   "eig_angles_over_pi_c": [
    -0.7551,
    -0.6294,
    -0.0006,
    0.0006,
    0.6292,
    0.7553
   ],
   "e_c": 2.0757237157613004,
   "e_R1": 0.19992875494235296,
   "e_R2": 0.19992432318467812
  }
 ]
}
