purged 0 stale artifact sets (source-newer=0, import-newer=0) of 3583 oleans
[job] acn112 cores=64-71 threads=8 base=d2a285c108b60c8faa1894aa12e5b94f2d0ea79a mods: GroupApproximation.GGT.VanKampen.CombMapComponents
ℹ [3336/3413] Replayed GroupApproximation.Sofic.KazhdanCornerCompression
info: GroupApproximation/Sofic/KazhdanCornerCompression.lean:342:4: Try this:
  [apply] abel_nf
ℹ [4642/4642] Built GroupApproximation.GGT.VanKampen.CombMapComponents (9.4s)
info: GroupApproximation/GGT/VanKampen/CombMapComponents.lean:102:14: 'GroupApproximation.GGT.VanKampen.CombMap.componentOf_alpha' depends on axioms: [propext, Quot.sound]
info: GroupApproximation/GGT/VanKampen/CombMapComponents.lean:103:14: 'GroupApproximation.GGT.VanKampen.CombMap.componentOf_sigma' depends on axioms: [propext, Quot.sound]
info: GroupApproximation/GGT/VanKampen/CombMapComponents.lean:104:14: 'GroupApproximation.GGT.VanKampen.CombMap.component_connected' depends on axioms: [propext,
 Classical.choice,
 Quot.sound]
info: GroupApproximation/GGT/VanKampen/CombMapComponents.lean:105:14: 'GroupApproximation.GGT.VanKampen.CombMap.restrict_isRestriction' depends on axioms: [propext,
 Classical.choice,
 Quot.sound]
info: GroupApproximation/GGT/VanKampen/CombMapComponents.lean:106:14: 'GroupApproximation.GGT.VanKampen.CombMap.vertexCount_component_add' depends on axioms: [propext,
 Classical.choice,
 Quot.sound]
info: GroupApproximation/GGT/VanKampen/CombMapComponents.lean:107:14: 'GroupApproximation.GGT.VanKampen.CombMap.edgeCount_component_add' depends on axioms: [propext,
 Classical.choice,
 Quot.sound]
info: GroupApproximation/GGT/VanKampen/CombMapComponents.lean:108:14: 'GroupApproximation.GGT.VanKampen.CombMap.faceCount_component_add' depends on axioms: [propext,
 Classical.choice,
 Quot.sound]
info: GroupApproximation/GGT/VanKampen/CombMapComponents.lean:109:14: 'GroupApproximation.GGT.VanKampen.CombMap.eulerCharacteristic_component_add' depends on axioms: [propext,
 Classical.choice,
 Quot.sound]
info: GroupApproximation/GGT/VanKampen/CombMapComponents.lean:110:14: 'GroupApproximation.GGT.VanKampen.CombMap.component_planar_of_euler_four' depends on axioms: [propext,
 Classical.choice,
 Quot.sound]
Build completed successfully (4642 jobs).
EXIT=0
