purged 0 stale artifact sets (source-newer=0, import-newer=0) of 3445 oleans
[job] acn112 cores=80-87 threads=8 base=2e100bb41b013a7afa0cd4e6babafef6fdb4a1fe mods: GroupApproximation.Dynamics.InvolutionLocalizationRingClosed
ℹ [1841/1847] Replayed GroupApproximation.Dynamics.ClopenSwapInvolution
info: GroupApproximation/Dynamics/ClopenSwapInvolution.lean:368:14: 'GroupApproximation.ClopenCrossedProduct.IsSwapFamily.swapElement_mul_self' depends on axioms: [propext,
 Classical.choice,
 Quot.sound]
info: GroupApproximation/Dynamics/ClopenSwapInvolution.lean:369:14: 'GroupApproximation.ClopenCrossedProduct.IsSwapFamily.swapElement_mul_mul_swapElement' depends on axioms: [propext,
 Classical.choice,
 Quot.sound]
info: GroupApproximation/Dynamics/ClopenSwapInvolution.lean:370:14: 'GroupApproximation.ClopenCrossedProduct.unit_zpow_mul_charFn' depends on axioms: [propext,
 Classical.choice,
 Quot.sound]
info: GroupApproximation/Dynamics/ClopenSwapInvolution.lean:371:14: 'GroupApproximation.ClopenCrossedProduct.exists_swapUnit' depends on axioms: [propext, Classical.choice, Quot.sound]
ℹ [1843/1847] Replayed GroupApproximation.Dynamics.ReturnPlacement
info: GroupApproximation/Dynamics/ReturnPlacement.lean:454:14: 'GroupApproximation.Dynamics.card_returns_ge' depends on axioms: [propext, Classical.choice, Quot.sound]
info: GroupApproximation/Dynamics/ReturnPlacement.lean:455:14: 'GroupApproximation.Dynamics.card_visits_le' depends on axioms: [propext, Classical.choice, Quot.sound]
info: GroupApproximation/Dynamics/ReturnPlacement.lean:456:14: 'GroupApproximation.Dynamics.exists_returnPlacement' depends on axioms: [propext, Classical.choice, Quot.sound]
info: GroupApproximation/Dynamics/ReturnPlacement.lean:457:14: 'GroupApproximation.Dynamics.IsPlacement.disjoint_source' depends on axioms: [propext, Classical.choice, Quot.sound]
ℹ [1844/1847] Replayed GroupApproximation.Dynamics.TransientSupport
info: GroupApproximation/Dynamics/TransientSupport.lean:281:14: 'GroupApproximation.ClopenCrossedProduct.CoeffVanishOn.mul_left' depends on axioms: [propext,
 Classical.choice,
 Quot.sound]
info: GroupApproximation/Dynamics/TransientSupport.lean:282:14: 'GroupApproximation.ClopenCrossedProduct.exists_clopen_support' depends on axioms: [propext,
 Classical.choice,
 Quot.sound]
info: GroupApproximation/Dynamics/TransientSupport.lean:283:14: 'GroupApproximation.ClopenCrossedProduct.exists_wandering_clopen_cover' depends on axioms: [propext,
 Classical.choice,
 Quot.sound]
info: GroupApproximation/Dynamics/TransientSupport.lean:284:14: 'GroupApproximation.ClopenCrossedProduct.exists_uniform_return' depends on axioms: [propext,
 Classical.choice,
 Quot.sound]
ℹ [1845/1847] Replayed GroupApproximation.Dynamics.InvolutionLocalizationRing
info: GroupApproximation/Dynamics/InvolutionLocalizationRing.lean:222:14: 'GroupApproximation.ClopenCrossedProduct.zpow_mem_chainRecurrentSet' depends on axioms: [propext,
 Classical.choice,
 Quot.sound]
info: GroupApproximation/Dynamics/InvolutionLocalizationRing.lean:223:14: 'GroupApproximation.ClopenCrossedProduct.charFn_eq_sum_of_partition' depends on axioms: [propext,
 Classical.choice,
 Quot.sound]
info: GroupApproximation/Dynamics/InvolutionLocalizationRing.lean:224:14: 'GroupApproximation.ClopenCrossedProduct.involutionLocalizationRingClause_of_cover' depends on axioms: [propext,
 Classical.choice,
 Quot.sound]
ℹ [1847/1847] Built GroupApproximation.Dynamics.InvolutionLocalizationRingClosed (7.5s)
info: GroupApproximation/Dynamics/InvolutionLocalizationRingClosed.lean:43:21: 'GroupApproximation.ClopenCrossedProduct.chainCoreDefectCoverStatement_holds' depends on axioms: [propext,
 Classical.choice,
 Quot.sound]
info: GroupApproximation/Dynamics/InvolutionLocalizationRingClosed.lean:44:21: 'GroupApproximation.ClopenCrossedProduct.involutionLocalizationRingClause_closed' depends on axioms: [propext,
 Classical.choice,
 Quot.sound]
Build completed successfully (1847 jobs).
EXIT=0
