purged 0 stale artifact sets (source-newer=0, import-newer=0) of 3584 oleans
[job] acn112 cores=80-87 threads=8 base=1ddf452a7ff200e2df2a3041dc5406762ad761ff mods: GroupApproximation.GGT.VanKampen.DiscDiagramOfPlanarRestrict
ℹ [3336/3441] Replayed GroupApproximation.Sofic.KazhdanCornerCompression
info: GroupApproximation/Sofic/KazhdanCornerCompression.lean:342:4: Try this:
  [apply] abel_nf
✖ [4963/4963] Building GroupApproximation.GGT.VanKampen.DiscDiagramOfPlanarRestrict (10s)
trace: .> LEAN_PATH=/projects/standard/hsiehph/sauer354/cc_clones/cs-endpoint/.lake/packages/Cli/.lake/build/lib/lean:/projects/standard/hsiehph/sauer354/cc_clones/cs-endpoint/.lake/packages/batteries/.lake/build/lib/lean:/projects/standard/hsiehph/sauer354/cc_clones/cs-endpoint/.lake/packages/Qq/.lake/build/lib/lean:/projects/standard/hsiehph/sauer354/cc_clones/cs-endpoint/.lake/packages/aesop/.lake/build/lib/lean:/projects/standard/hsiehph/sauer354/cc_clones/cs-endpoint/.lake/packages/proofwidgets/.lake/build/lib/lean:/projects/standard/hsiehph/sauer354/cc_clones/cs-endpoint/.lake/packages/importGraph/.lake/build/lib/lean:/projects/standard/hsiehph/sauer354/cc_clones/cs-endpoint/.lake/packages/LeanSearchClient/.lake/build/lib/lean:/projects/standard/hsiehph/sauer354/cc_clones/cs-endpoint/.lake/packages/plausible/.lake/build/lib/lean:/projects/standard/hsiehph/sauer354/cc_clones/cs-endpoint/.lake/packages/mathlib/.lake/build/lib/lean:/projects/standard/hsiehph/sauer354/cc_clones/lix-j/.lake/build/lib/lean /projects/standard/hsiehph/sauer354/.elan/toolchains/leanprover--lean4---v4.32.0/bin/lean -DwarningAsError=true /projects/standard/hsiehph/sauer354/cc_clones/lix-j/GroupApproximation/GGT/VanKampen/DiscDiagramOfPlanarRestrict.lean -o /projects/standard/hsiehph/sauer354/cc_clones/lix-j/.lake/build/lib/lean/GroupApproximation/GGT/VanKampen/DiscDiagramOfPlanarRestrict.olean -i /projects/standard/hsiehph/sauer354/cc_clones/lix-j/.lake/build/lib/lean/GroupApproximation/GGT/VanKampen/DiscDiagramOfPlanarRestrict.ilean -c /projects/standard/hsiehph/sauer354/cc_clones/lix-j/.lake/build/ir/GroupApproximation/GGT/VanKampen/DiscDiagramOfPlanarRestrict.c --setup /projects/standard/hsiehph/sauer354/cc_clones/lix-j/.lake/build/ir/GroupApproximation/GGT/VanKampen/DiscDiagramOfPlanarRestrict.setup.json --json
error: GroupApproximation/GGT/VanKampen/DiscDiagramOfPlanarRestrict.lean:66:57: Unknown identifier `hα`
error: GroupApproximation/GGT/VanKampen/DiscDiagramOfPlanarRestrict.lean:66:60: Unknown identifier `hσ`
error: GroupApproximation/GGT/VanKampen/DiscDiagramOfPlanarRestrict.lean:73:29: Application type mismatch: The argument
  hα
has type
  ∀ (x : M.Dart), S (M.alpha x) ↔ S x
but is expected to have type
  S ?m.27
in the application
  mem_of_faceOf_eq M S hα
info: GroupApproximation/GGT/VanKampen/DiscDiagramOfPlanarRestrict.lean:289:14: 'GroupApproximation.GGT.VanKampen.CombMap.restrictFace_injective' depends on axioms: [propext,
 Classical.choice,
 Quot.sound]
error: GroupApproximation/GGT/VanKampen/DiscDiagramOfPlanarRestrict.lean:290:14: 'GroupApproximation.GGT.VanKampen.CombMap.restrictFaceBoundary' depends on axioms outside the classical allowlist: [sorryAx]
  full closure: [propext, sorryAx, Classical.choice, Quot.sound]
  permitted: [propext, Classical.choice, Quot.sound]
error: GroupApproximation/GGT/VanKampen/DiscDiagramOfPlanarRestrict.lean:291:14: 'GroupApproximation.GGT.VanKampen.CombMap.restrictFaceBoundary_darts' depends on axioms outside the classical allowlist: [sorryAx]
  full closure: [propext, sorryAx, Classical.choice, Quot.sound]
  permitted: [propext, Classical.choice, Quot.sound]
info: GroupApproximation/GGT/VanKampen/DiscDiagramOfPlanarRestrict.lean:292:14: 'GroupApproximation.GGT.VanKampen.CombMap.card_restrictRelFaces' depends on axioms: [propext,
 Classical.choice,
 Quot.sound]
error: GroupApproximation/GGT/VanKampen/DiscDiagramOfPlanarRestrict.lean:293:14: 'GroupApproximation.GGT.VanKampen.DiscDiagram.ofPlanarRestrict' depends on axioms outside the classical allowlist: [sorryAx]
  full closure: [propext, sorryAx, Classical.choice, Quot.sound]
  permitted: [propext, Classical.choice, Quot.sound]
error: GroupApproximation/GGT/VanKampen/DiscDiagramOfPlanarRestrict.lean:294:14: 'GroupApproximation.GGT.VanKampen.DiscDiagram.ofPlanarRestrict_rCellCount' depends on axioms outside the classical allowlist: [sorryAx]
  full closure: [propext, sorryAx, Classical.choice, Quot.sound]
  permitted: [propext, Classical.choice, Quot.sound]
error: GroupApproximation/GGT/VanKampen/DiscDiagramOfPlanarRestrict.lean:295:14: 'GroupApproximation.GGT.VanKampen.DiscDiagram.ofPlanarRestrict_rCellCount_of_forall' depends on axioms outside the classical allowlist: [sorryAx]
  full closure: [propext, sorryAx, Classical.choice, Quot.sound]
  permitted: [propext, Classical.choice, Quot.sound]
error: GroupApproximation/GGT/VanKampen/DiscDiagramOfPlanarRestrict.lean:296:14: 'GroupApproximation.GGT.VanKampen.DiscDiagram.ofPlanarRestrict_boundaryWord' depends on axioms outside the classical allowlist: [sorryAx]
  full closure: [propext, sorryAx, Classical.choice, Quot.sound]
  permitted: [propext, Classical.choice, Quot.sound]
error: Lean exited with code 1
Some required targets logged failures:
- GroupApproximation.GGT.VanKampen.DiscDiagramOfPlanarRestrict
error: build failed
EXIT=1
