purged 1 stale artifact sets (source-newer=1, import-newer=0) of 3448 oleans
[job] acn05 cores=slurm threads=8 base=930476ecc5433c50a9072b9ae2ccc6d6c4a8e33f mods: GroupApproximation.Dynamics.InvolutionLocalizationClosed
ℹ [1831/1889] Replayed GroupApproximation.Dynamics.ClopenSwapInvolution
info: GroupApproximation/Dynamics/ClopenSwapInvolution.lean:368:14: 'GroupApproximation.ClopenCrossedProduct.IsSwapFamily.swapElement_mul_self' depends on axioms: [propext,
 Classical.choice,
 Quot.sound]
info: GroupApproximation/Dynamics/ClopenSwapInvolution.lean:369:14: 'GroupApproximation.ClopenCrossedProduct.IsSwapFamily.swapElement_mul_mul_swapElement' depends on axioms: [propext,
 Classical.choice,
 Quot.sound]
info: GroupApproximation/Dynamics/ClopenSwapInvolution.lean:370:14: 'GroupApproximation.ClopenCrossedProduct.unit_zpow_mul_charFn' depends on axioms: [propext,
 Classical.choice,
 Quot.sound]
info: GroupApproximation/Dynamics/ClopenSwapInvolution.lean:371:14: 'GroupApproximation.ClopenCrossedProduct.exists_swapUnit' depends on axioms: [propext, Classical.choice, Quot.sound]
ℹ [1832/1889] Replayed GroupApproximation.Dynamics.ReturnPlacement
info: GroupApproximation/Dynamics/ReturnPlacement.lean:454:14: 'GroupApproximation.Dynamics.card_returns_ge' depends on axioms: [propext, Classical.choice, Quot.sound]
info: GroupApproximation/Dynamics/ReturnPlacement.lean:455:14: 'GroupApproximation.Dynamics.card_visits_le' depends on axioms: [propext, Classical.choice, Quot.sound]
info: GroupApproximation/Dynamics/ReturnPlacement.lean:456:14: 'GroupApproximation.Dynamics.exists_returnPlacement' depends on axioms: [propext, Classical.choice, Quot.sound]
info: GroupApproximation/Dynamics/ReturnPlacement.lean:457:14: 'GroupApproximation.Dynamics.IsPlacement.disjoint_source' depends on axioms: [propext, Classical.choice, Quot.sound]
ℹ [1833/1889] Replayed GroupApproximation.Dynamics.TransientSupport
info: GroupApproximation/Dynamics/TransientSupport.lean:281:14: 'GroupApproximation.ClopenCrossedProduct.CoeffVanishOn.mul_left' depends on axioms: [propext,
 Classical.choice,
 Quot.sound]
info: GroupApproximation/Dynamics/TransientSupport.lean:282:14: 'GroupApproximation.ClopenCrossedProduct.exists_clopen_support' depends on axioms: [propext,
 Classical.choice,
 Quot.sound]
info: GroupApproximation/Dynamics/TransientSupport.lean:283:14: 'GroupApproximation.ClopenCrossedProduct.exists_wandering_clopen_cover' depends on axioms: [propext,
 Classical.choice,
 Quot.sound]
info: GroupApproximation/Dynamics/TransientSupport.lean:284:14: 'GroupApproximation.ClopenCrossedProduct.exists_uniform_return' depends on axioms: [propext,
 Classical.choice,
 Quot.sound]
ℹ [1890/1946] Replayed GroupApproximation.Dynamics.InvolutionLocalizationRing
info: GroupApproximation/Dynamics/InvolutionLocalizationRing.lean:222:14: 'GroupApproximation.ClopenCrossedProduct.zpow_mem_chainRecurrentSet' depends on axioms: [propext,
 Classical.choice,
 Quot.sound]
info: GroupApproximation/Dynamics/InvolutionLocalizationRing.lean:223:14: 'GroupApproximation.ClopenCrossedProduct.charFn_eq_sum_of_partition' depends on axioms: [propext,
 Classical.choice,
 Quot.sound]
info: GroupApproximation/Dynamics/InvolutionLocalizationRing.lean:224:14: 'GroupApproximation.ClopenCrossedProduct.involutionLocalizationRingClause_of_cover' depends on axioms: [propext,
 Classical.choice,
 Quot.sound]
ℹ [1891/1946] Replayed GroupApproximation.Dynamics.InvolutionLocalizationRingClosed
info: GroupApproximation/Dynamics/InvolutionLocalizationRingClosed.lean:43:21: 'GroupApproximation.ClopenCrossedProduct.chainCoreDefectCoverStatement_holds' depends on axioms: [propext,
 Classical.choice,
 Quot.sound]
info: GroupApproximation/Dynamics/InvolutionLocalizationRingClosed.lean:44:21: 'GroupApproximation.ClopenCrossedProduct.involutionLocalizationRingClause_closed' depends on axioms: [propext,
 Classical.choice,
 Quot.sound]
ℹ [3730/3790] Replayed GroupApproximation.Sofic.KazhdanCornerCompression
info: GroupApproximation/Sofic/KazhdanCornerCompression.lean:342:4: Try this:
  [apply] abel_nf
ℹ [4390/4390] Built GroupApproximation.Dynamics.InvolutionLocalizationClosed (20s)
info: GroupApproximation/Dynamics/InvolutionLocalizationClosed.lean:55:14: 'GroupApproximation.ClopenCrossedProduct.printedInvolutionLocalization_of_coreKernelElementary' depends on axioms: [propext,
 Classical.choice,
 Quot.sound]
info: GroupApproximation/Dynamics/InvolutionLocalizationClosed.lean:56:14: 'GroupApproximation.ClopenCrossedProduct.printedInvolutionLocalization_of_matricial' depends on axioms: [propext,
 Classical.choice,
 Quot.sound]
Build completed successfully (4390 jobs).
EXIT=0
