3 min ||Om||_1 = 3.46410  sqrt3(N-1) = 3.46410  ratio 1.7321
[[-0.  1.  1.]
 [-1.  0. -1.]
 [-1.  1. -0.]]
4 min ||Om||_1 = 5.65685  sqrt3(N-1) = 5.19615  ratio 1.8856
[[-0.     1.     1.295  1.   ]
 [-1.    -0.     1.     1.295]
 [-1.295 -1.    -0.     1.   ]
 [-1.    -1.295 -1.    -0.   ]]
5 min ||Om||_1 = 7.60845  sqrt3(N-1) = 6.92820  ratio 1.9021
[[ 0. -1. -1.  1. -1.]
 [ 1. -0. -1.  1. -1.]
 [ 1.  1. -0.  1.  1.]
 [-1. -1. -1. -0. -1.]
 [ 1.  1. -1.  1.  0.]]
6 min ||Om||_1 = 10.00000  sqrt3(N-1) = 8.66025  ratio 2.0000
[[-0.     1.     1.122  1.     1.122  1.   ]
 [-1.    -0.     1.     1.122  1.     1.122]
 [-1.122 -1.     0.     1.     1.122  1.   ]
 [-1.    -1.122 -1.     0.     1.     1.122]
 [-1.122 -1.    -1.122 -1.    -0.     1.   ]
 [-1.    -1.122 -1.    -1.122 -1.    -0.   ]]
7 min ||Om||_1 = 12.23364  sqrt3(N-1) = 10.39230  ratio 2.0389
8 min ||Om||_1 = 14.78207  sqrt3(N-1) = 12.12436  ratio 2.1117
