SL_3(Z) mod 11, d=1331: max relator rank = 8 (each relator r checked: rank <= |r|_u; the Weyl relator has |r|_u = 8)
  L=1: rank(rho(u)^L - pi(u)^L)=1, conversion defects=[1], phi(L)=2  OK
  L=2: rank(rho(u)^L - pi(u)^L)=2, conversion defects=[2, 2], phi(L)=4  OK
  L=3: rank(rho(u)^L - pi(u)^L)=3, conversion defects=[3, 3], phi(L)=6  OK
  L=4: rank(rho(u)^L - pi(u)^L)=4, conversion defects=[4, 4, 4], phi(L)=8  OK
  L=5: rank(rho(u)^L - pi(u)^L)=5, conversion defects=[5, 5], phi(L)=10  OK
SL_3(Z) mod 13, d=2197: max relator rank = 8 (each relator r checked: rank <= |r|_u; the Weyl relator has |r|_u = 8)
  L=1: rank(rho(u)^L - pi(u)^L)=1, conversion defects=[1], phi(L)=2  OK
  L=2: rank(rho(u)^L - pi(u)^L)=2, conversion defects=[2, 2], phi(L)=4  OK
  L=3: rank(rho(u)^L - pi(u)^L)=3, conversion defects=[3, 3], phi(L)=6  OK
  L=4: rank(rho(u)^L - pi(u)^L)=4, conversion defects=[4, 4, 4], phi(L)=8  OK
  L=5: rank(rho(u)^L - pi(u)^L)=5, conversion defects=[5, 5], phi(L)=10  OK
  L=6: rank(rho(u)^L - pi(u)^L)=6, conversion defects=[6, 6, 6, 6], phi(L)=12  OK
SL_4(Z) mod 7, d=2401: max relator rank = 8 (each relator r checked: rank <= |r|_u; the Weyl relator has |r|_u = 8)
  L=1: rank(rho(u)^L - pi(u)^L)=1, conversion defects=[1], phi(L)=2  OK
  L=2: rank(rho(u)^L - pi(u)^L)=2, conversion defects=[2, 2], phi(L)=4  OK
  L=3: rank(rho(u)^L - pi(u)^L)=3, conversion defects=[3, 3], phi(L)=6  OK
numpy cross-check SL_3 mod 5, L=1: phi = 2 (expected 2)
numpy cross-check SL_3 mod 5, L=2: phi = 4 (expected 4)
slit origami L=4, d=32: rank([b,c]-I)=2, phi(m) for m=1..2: [2, 8]; 2s^2=8  OK
slit origami L=6, d=72: rank([b,c]-I)=2, phi(m) for m=1..3: [2, 8, 18]; 2s^2=18  OK
slit origami L=8, d=128: rank([b,c]-I)=2, phi(m) for m=1..4: [2, 8, 18, 32]; 2s^2=32  OK
slit origami L=10, d=200: rank([b,c]-I)=2, phi(m) for m=1..5: [2, 8, 18, 32, 50]; 2s^2=50  OK
slit origami L=12, d=288: rank([b,c]-I)=2, phi(m) for m=1..6: [2, 8, 18, 32, 50, 72]; 2s^2=72  OK
slit origami L=14, d=392: rank([b,c]-I)=2, phi(m) for m=1..7: [2, 8, 18, 32, 50, 72, 98]; 2s^2=98  OK
ALL OK
