purged 0 stale artifact sets (source-newer=0, import-newer=0) of 2385 oleans
[job] acn112 cores=80-87 threads=8 base=10d9b0bf1a4fcde920ae076a978357cec6e501cc mods: GroupApproximation.CharClass.LerayHirschColSumOf GroupApproximation.CharClass.LerayHirschLadderClosedOf
ℹ [8763/8943] Replayed GroupApproximation.CharClass.GysinFromLerayHirsch
info: GroupApproximation/CharClass/GysinFromLerayHirsch.lean:168:14: 'GroupApproximation.CharClass.GysinData.bijective_cupRight' depends on axioms: [propext, Classical.choice, Quot.sound]
ℹ [8803/9048] Replayed GroupApproximation.AlgTop.PuncturedNormedSphere
info: GroupApproximation/AlgTop/PuncturedNormedSphere.lean:95:14: 'GroupApproximation.AlgTop.complexToEuclidean_eq_zero_iff' depends on axioms: [propext, Classical.choice, Quot.sound]
ℹ [8854/9048] Replayed GroupApproximation.ThirdParty.HamSandwich.SphereOddDegree.SphereModTwoHomologyVanishing
info: GroupApproximation/ThirdParty/HamSandwich/SphereOddDegree/SphereModTwoHomologyVanishing.lean:318:21: 'GroupApproximation.ThirdParty.HamSandwich.SphereOddDegree.sphereModTwo_intermediate_vanishing_closed' depends on axioms: [propext,
 Classical.choice,
 Quot.sound]
ℹ [8855/9048] Replayed GroupApproximation.ThirdParty.HamSandwich.SphereOddDegree.SphereModTwoHomologyAboveDimension
info: GroupApproximation/ThirdParty/HamSandwich/SphereOddDegree/SphereModTwoHomologyAboveDimension.lean:87:21: 'GroupApproximation.ThirdParty.HamSandwich.SphereOddDegree.sphereModTwo_above_dimension_vanishing_closed' depends on axioms: [propext,
 Classical.choice,
 Quot.sound]
✖ [9037/9048] Building GroupApproximation.CharClass.CohomologyChartPeelUniqOf (27s)
trace: .> LEAN_PATH=/projects/standard/hsiehph/sauer354/cc_clones/cs-endpoint/.lake/packages/Cli/.lake/build/lib/lean:/projects/standard/hsiehph/sauer354/cc_clones/cs-endpoint/.lake/packages/batteries/.lake/build/lib/lean:/projects/standard/hsiehph/sauer354/cc_clones/cs-endpoint/.lake/packages/Qq/.lake/build/lib/lean:/projects/standard/hsiehph/sauer354/cc_clones/cs-endpoint/.lake/packages/aesop/.lake/build/lib/lean:/projects/standard/hsiehph/sauer354/cc_clones/cs-endpoint/.lake/packages/proofwidgets/.lake/build/lib/lean:/projects/standard/hsiehph/sauer354/cc_clones/cs-endpoint/.lake/packages/importGraph/.lake/build/lib/lean:/projects/standard/hsiehph/sauer354/cc_clones/cs-endpoint/.lake/packages/LeanSearchClient/.lake/build/lib/lean:/projects/standard/hsiehph/sauer354/cc_clones/cs-endpoint/.lake/packages/plausible/.lake/build/lib/lean:/projects/standard/hsiehph/sauer354/cc_clones/cs-endpoint/.lake/packages/mathlib/.lake/build/lib/lean:/projects/standard/hsiehph/sauer354/cc_clones/lix-i/.lake/build/lib/lean /projects/standard/hsiehph/sauer354/.elan/toolchains/leanprover--lean4---v4.32.0/bin/lean -DwarningAsError=true /projects/standard/hsiehph/sauer354/cc_clones/lix-i/GroupApproximation/CharClass/CohomologyChartPeelUniqOf.lean -o /projects/standard/hsiehph/sauer354/cc_clones/lix-i/.lake/build/lib/lean/GroupApproximation/CharClass/CohomologyChartPeelUniqOf.olean -i /projects/standard/hsiehph/sauer354/cc_clones/lix-i/.lake/build/lib/lean/GroupApproximation/CharClass/CohomologyChartPeelUniqOf.ilean -c /projects/standard/hsiehph/sauer354/cc_clones/lix-i/.lake/build/ir/GroupApproximation/CharClass/CohomologyChartPeelUniqOf.c --setup /projects/standard/hsiehph/sauer354/cc_clones/lix-i/.lake/build/ir/GroupApproximation/CharClass/CohomologyChartPeelUniqOf.setup.json --json
error: GroupApproximation/CharClass/CohomologyChartPeelUniqOf.lean:41:8: Unknown identifier `cpSliceGen_comp_cpPrCP`
error: Lean exited with code 1
✖ [9046/9048] Building GroupApproximation.CharClass.ProjectiveSpaceRingBootstrapOf (28s)
trace: .> LEAN_PATH=/projects/standard/hsiehph/sauer354/cc_clones/cs-endpoint/.lake/packages/Cli/.lake/build/lib/lean:/projects/standard/hsiehph/sauer354/cc_clones/cs-endpoint/.lake/packages/batteries/.lake/build/lib/lean:/projects/standard/hsiehph/sauer354/cc_clones/cs-endpoint/.lake/packages/Qq/.lake/build/lib/lean:/projects/standard/hsiehph/sauer354/cc_clones/cs-endpoint/.lake/packages/aesop/.lake/build/lib/lean:/projects/standard/hsiehph/sauer354/cc_clones/cs-endpoint/.lake/packages/proofwidgets/.lake/build/lib/lean:/projects/standard/hsiehph/sauer354/cc_clones/cs-endpoint/.lake/packages/importGraph/.lake/build/lib/lean:/projects/standard/hsiehph/sauer354/cc_clones/cs-endpoint/.lake/packages/LeanSearchClient/.lake/build/lib/lean:/projects/standard/hsiehph/sauer354/cc_clones/cs-endpoint/.lake/packages/plausible/.lake/build/lib/lean:/projects/standard/hsiehph/sauer354/cc_clones/cs-endpoint/.lake/packages/mathlib/.lake/build/lib/lean:/projects/standard/hsiehph/sauer354/cc_clones/lix-i/.lake/build/lib/lean /projects/standard/hsiehph/sauer354/.elan/toolchains/leanprover--lean4---v4.32.0/bin/lean -DwarningAsError=true /projects/standard/hsiehph/sauer354/cc_clones/lix-i/GroupApproximation/CharClass/ProjectiveSpaceRingBootstrapOf.lean -o /projects/standard/hsiehph/sauer354/cc_clones/lix-i/.lake/build/lib/lean/GroupApproximation/CharClass/ProjectiveSpaceRingBootstrapOf.olean -i /projects/standard/hsiehph/sauer354/cc_clones/lix-i/.lake/build/lib/lean/GroupApproximation/CharClass/ProjectiveSpaceRingBootstrapOf.ilean -c /projects/standard/hsiehph/sauer354/cc_clones/lix-i/.lake/build/ir/GroupApproximation/CharClass/ProjectiveSpaceRingBootstrapOf.c --setup /projects/standard/hsiehph/sauer354/cc_clones/lix-i/.lake/build/ir/GroupApproximation/CharClass/ProjectiveSpaceRingBootstrapOf.setup.json --json
error: GroupApproximation/CharClass/ProjectiveSpaceRingBootstrapOf.lean:75:6: Unknown identifier `HasFreeTuple`

Note: It is not possible to treat `HasFreeTuple` as an implicitly bound variable here because the `autoImplicit` option is set to `false`.
error: GroupApproximation/CharClass/ProjectiveSpaceRingBootstrapOf.lean:109:6: Unknown identifier `HasFreeTuple`

Note: It is not possible to treat `HasFreeTuple` as an implicitly bound variable here because the `autoImplicit` option is set to `false`.
error: GroupApproximation/CharClass/ProjectiveSpaceRingBootstrapOf.lean:123:6: Unknown identifier `HasFreeTuple`

Note: It is not possible to treat `HasFreeTuple` as an implicitly bound variable here because the `autoImplicit` option is set to `false`.
error: Lean exited with code 1
Some required targets logged failures:
- GroupApproximation.CharClass.CohomologyChartPeelUniqOf
- GroupApproximation.CharClass.ProjectiveSpaceRingBootstrapOf
error: build failed
EXIT=1
