purged 4 stale artifact sets (source-newer=2, import-newer=2) of 4377 oleans
[job] cn1042 cores=slurm threads=8 base=9f01b5bdf00e4a8d1fdae2145032982854b010af mods: GroupApproximation.GGT.VanKampen.Estimating.OsinGreendlingerWaistV4 GroupApproximation.Manuscript.NonMF.TorsionFreeResidualsV4
ℹ [3335/3387] Replayed GroupApproximation.Sofic.KazhdanCornerCompression
info: GroupApproximation/Sofic/KazhdanCornerCompression.lean:342:4: Try this:
  [apply] abel_nf
ℹ [10888/10931] Replayed GroupApproximation.Manuscript.NonMF.TorsionFreePrintedSentences
info: GroupApproximation/Manuscript/NonMF/TorsionFreePrintedSentences.lean:557:2: 'GroupApproximation.Manuscript.NonMF.TorsionFreePrintedSentences.manuscriptSentence_theoremQuotientTrivial' depends on axioms: [propext,
 Classical.choice,
 Quot.sound]
ℹ [11111/11113] Built GroupApproximation.GGT.VanKampen.Estimating.OsinGreendlingerWaistV4 (259s)
info: GroupApproximation/GGT/VanKampen/Estimating/OsinGreendlingerWaistV4.lean:91:14: 'GroupApproximation.GGT.VanKampen.relativeGreendlingerQuasiGeodesicLeastArea_of_residualsV4CopySection' depends on axioms: [propext,
 Classical.choice,
 Quot.sound]
info: GroupApproximation/GGT/VanKampen/Estimating/OsinGreendlingerWaistV4.lean:92:14: 'GroupApproximation.GGT.VanKampen.relativeGreendlingerQuasiGeodesicLeastArea_of_residualsV4' depends on axioms: [propext,
 Classical.choice,
 Quot.sound]
ℹ [11112/11113] Built GroupApproximation.Manuscript.NonMF.TorsionFreeResidualsV2Copy (256s)
info: GroupApproximation/Manuscript/NonMF/TorsionFreeResidualsV2Copy.lean:211:14: 'GroupApproximation.Manuscript.NonMF.TorsionFreeResidualsV2Copy.greendlinger_of_residuals' depends on axioms: [propext,
 Classical.choice,
 Quot.sound]
info: GroupApproximation/Manuscript/NonMF/TorsionFreeResidualsV2Copy.lean:212:14: 'GroupApproximation.Manuscript.NonMF.TorsionFreeResidualsV2Copy.manuscriptTorsionFreeTheorem_of_residuals' depends on axioms: [propext,
 Classical.choice,
 Quot.sound]
info: GroupApproximation/Manuscript/NonMF/TorsionFreeResidualsV2Copy.lean:213:14: 'GroupApproximation.Manuscript.NonMF.TorsionFreeResidualsV2Copy.manuscriptTorsionFreeFullMFRadical_of_residuals' depends on axioms: [propext,
 Classical.choice,
 Quot.sound]
info: GroupApproximation/Manuscript/NonMF/TorsionFreeResidualsV2Copy.lean:214:14: 'GroupApproximation.Manuscript.NonMF.TorsionFreeResidualsV2Copy.manuscriptTorsionFreeTheoremOsin_of_residuals' depends on axioms: [propext,
 Classical.choice,
 Quot.sound]
info: GroupApproximation/Manuscript/NonMF/TorsionFreeResidualsV2Copy.lean:215:14: 'GroupApproximation.Manuscript.NonMF.TorsionFreeResidualsV2Copy.printedTorsionFreeTheoremLimitSet_of_residuals' depends on axioms: [propext,
 Classical.choice,
 Quot.sound]
info: GroupApproximation/Manuscript/NonMF/TorsionFreeResidualsV2Copy.lean:216:14: 'GroupApproximation.Manuscript.NonMF.TorsionFreeResidualsV2Copy.manuscriptRegularNonMFAlgebra_of_residuals' depends on axioms: [propext,
 Classical.choice,
 Quot.sound]
info: GroupApproximation/Manuscript/NonMF/TorsionFreeResidualsV2Copy.lean:217:14: 'GroupApproximation.Manuscript.NonMF.TorsionFreeResidualsV2Copy.manuscriptRegularNonMFAlgebraOsin_of_residuals' depends on axioms: [propext,
 Classical.choice,
 Quot.sound]
info: GroupApproximation/Manuscript/NonMF/TorsionFreeResidualsV2Copy.lean:218:14: 'GroupApproximation.Manuscript.NonMF.TorsionFreeResidualsV2Copy.printedRegularNonMFAlgebraLimitSet_of_residuals' depends on axioms: [propext,
 Classical.choice,
 Quot.sound]
info: GroupApproximation/Manuscript/NonMF/TorsionFreeResidualsV2Copy.lean:219:14: 'GroupApproximation.Manuscript.NonMF.TorsionFreeResidualsV2Copy.printedHullTheorem_of_residuals' depends on axioms: [propext,
 Classical.choice,
 Quot.sound]
info: GroupApproximation/Manuscript/NonMF/TorsionFreeResidualsV2Copy.lean:220:14: 'GroupApproximation.Manuscript.NonMF.TorsionFreeResidualsV2Copy.printedHullTheoremOsin_of_residuals' depends on axioms: [propext,
 Classical.choice,
 Quot.sound]
info: GroupApproximation/Manuscript/NonMF/TorsionFreeResidualsV2Copy.lean:221:14: 'GroupApproximation.Manuscript.NonMF.TorsionFreeResidualsV2Copy.printedHullTheoremLimitSet_of_residuals' depends on axioms: [propext,
 Classical.choice,
 Quot.sound]
info: GroupApproximation/Manuscript/NonMF/TorsionFreeResidualsV2Copy.lean:222:14: 'GroupApproximation.Manuscript.NonMF.TorsionFreeResidualsV2Copy.hullSmallCancellationTorsionFreePrinted_of_residuals' depends on axioms: [propext,
 Classical.choice,
 Quot.sound]
info: GroupApproximation/Manuscript/NonMF/TorsionFreeResidualsV2Copy.lean:223:14: 'GroupApproximation.Manuscript.NonMF.TorsionFreeResidualsV2Copy.printedHullProofParagraph_of_residuals' depends on axioms: [propext,
 Classical.choice,
 Quot.sound]
info: GroupApproximation/Manuscript/NonMF/TorsionFreeResidualsV2Copy.lean:224:14: 'GroupApproximation.Manuscript.NonMF.TorsionFreeResidualsV2Copy.printedSaturation_of_residuals' depends on axioms: [propext,
 Classical.choice,
 Quot.sound]
info: GroupApproximation/Manuscript/NonMF/TorsionFreeResidualsV2Copy.lean:225:14: 'GroupApproximation.Manuscript.NonMF.TorsionFreeResidualsV2Copy.printedSaturationOsin_of_residuals' depends on axioms: [propext,
 Classical.choice,
 Quot.sound]
info: GroupApproximation/Manuscript/NonMF/TorsionFreeResidualsV2Copy.lean:226:14: 'GroupApproximation.Manuscript.NonMF.TorsionFreeResidualsV2Copy.printedSaturationLimitSet_of_residuals' depends on axioms: [propext,
 Classical.choice,
 Quot.sound]
info: GroupApproximation/Manuscript/NonMF/TorsionFreeResidualsV2Copy.lean:227:14: 'GroupApproximation.Manuscript.NonMF.TorsionFreeResidualsV2Copy.printedSaturationPairAndHullAgain_of_residuals' depends on axioms: [propext,
 Classical.choice,
 Quot.sound]
info: GroupApproximation/Manuscript/NonMF/TorsionFreeResidualsV2Copy.lean:228:14: 'GroupApproximation.Manuscript.NonMF.TorsionFreeResidualsV2Copy.printedSaturationApplyHull_of_residuals' depends on axioms: [propext,
 Classical.choice,
 Quot.sound]
info: GroupApproximation/Manuscript/NonMF/TorsionFreeResidualsV2Copy.lean:229:14: 'GroupApproximation.Manuscript.NonMF.TorsionFreeResidualsV2Copy.printedTheoremApplySaturation_of_residuals' depends on axioms: [propext,
 Classical.choice,
 Quot.sound]
info: GroupApproximation/Manuscript/NonMF/TorsionFreeResidualsV2Copy.lean:230:14: 'GroupApproximation.Manuscript.NonMF.TorsionFreeResidualsV2Copy.fournierFacioParagraph_of_residuals' depends on axioms: [propext,
 Classical.choice,
 Quot.sound]
info: GroupApproximation/Manuscript/NonMF/TorsionFreeResidualsV2Copy.lean:231:14: 'GroupApproximation.Manuscript.NonMF.TorsionFreeResidualsV2Copy.hullCommonQuotientPrinted_of_residuals' depends on axioms: [propext,
 Classical.choice,
 Quot.sound]
info: GroupApproximation/Manuscript/NonMF/TorsionFreeResidualsV2Copy.lean:232:14: 'GroupApproximation.Manuscript.NonMF.TorsionFreeResidualsV2Copy.printedHullCorollary74_of_residuals' depends on axioms: [propext,
 Classical.choice,
 Quot.sound]
ℹ [11113/11113] Built GroupApproximation.Manuscript.NonMF.TorsionFreeResidualsV4 (36s)
info: GroupApproximation/Manuscript/NonMF/TorsionFreeResidualsV4.lean:214:14: 'GroupApproximation.Manuscript.NonMF.TorsionFreeResidualsV4.greendlinger_of_residualsV4' depends on axioms: [propext,
 Classical.choice,
 Quot.sound]
info: GroupApproximation/Manuscript/NonMF/TorsionFreeResidualsV4.lean:215:14: 'GroupApproximation.Manuscript.NonMF.TorsionFreeResidualsV4.manuscriptTorsionFreeTheorem_of_residualsV4' depends on axioms: [propext,
 Classical.choice,
 Quot.sound]
info: GroupApproximation/Manuscript/NonMF/TorsionFreeResidualsV4.lean:216:14: 'GroupApproximation.Manuscript.NonMF.TorsionFreeResidualsV4.manuscriptTorsionFreeFullMFRadical_of_residualsV4' depends on axioms: [propext,
 Classical.choice,
 Quot.sound]
info: GroupApproximation/Manuscript/NonMF/TorsionFreeResidualsV4.lean:217:14: 'GroupApproximation.Manuscript.NonMF.TorsionFreeResidualsV4.manuscriptTorsionFreeTheoremOsin_of_residualsV4' depends on axioms: [propext,
 Classical.choice,
 Quot.sound]
info: GroupApproximation/Manuscript/NonMF/TorsionFreeResidualsV4.lean:218:14: 'GroupApproximation.Manuscript.NonMF.TorsionFreeResidualsV4.printedTorsionFreeTheoremLimitSet_of_residualsV4' depends on axioms: [propext,
 Classical.choice,
 Quot.sound]
info: GroupApproximation/Manuscript/NonMF/TorsionFreeResidualsV4.lean:219:14: 'GroupApproximation.Manuscript.NonMF.TorsionFreeResidualsV4.manuscriptRegularNonMFAlgebra_of_residualsV4' depends on axioms: [propext,
 Classical.choice,
 Quot.sound]
info: GroupApproximation/Manuscript/NonMF/TorsionFreeResidualsV4.lean:220:14: 'GroupApproximation.Manuscript.NonMF.TorsionFreeResidualsV4.manuscriptRegularNonMFAlgebraOsin_of_residualsV4' depends on axioms: [propext,
 Classical.choice,
 Quot.sound]
info: GroupApproximation/Manuscript/NonMF/TorsionFreeResidualsV4.lean:221:14: 'GroupApproximation.Manuscript.NonMF.TorsionFreeResidualsV4.printedRegularNonMFAlgebraLimitSet_of_residualsV4' depends on axioms: [propext,
 Classical.choice,
 Quot.sound]
info: GroupApproximation/Manuscript/NonMF/TorsionFreeResidualsV4.lean:222:14: 'GroupApproximation.Manuscript.NonMF.TorsionFreeResidualsV4.printedHullTheorem_of_residualsV4' depends on axioms: [propext,
 Classical.choice,
 Quot.sound]
info: GroupApproximation/Manuscript/NonMF/TorsionFreeResidualsV4.lean:223:14: 'GroupApproximation.Manuscript.NonMF.TorsionFreeResidualsV4.printedHullTheoremOsin_of_residualsV4' depends on axioms: [propext,
 Classical.choice,
 Quot.sound]
info: GroupApproximation/Manuscript/NonMF/TorsionFreeResidualsV4.lean:224:14: 'GroupApproximation.Manuscript.NonMF.TorsionFreeResidualsV4.printedHullTheoremLimitSet_of_residualsV4' depends on axioms: [propext,
 Classical.choice,
 Quot.sound]
info: GroupApproximation/Manuscript/NonMF/TorsionFreeResidualsV4.lean:225:14: 'GroupApproximation.Manuscript.NonMF.TorsionFreeResidualsV4.hullSmallCancellationTorsionFreePrinted_of_residualsV4' depends on axioms: [propext,
 Classical.choice,
 Quot.sound]
info: GroupApproximation/Manuscript/NonMF/TorsionFreeResidualsV4.lean:226:14: 'GroupApproximation.Manuscript.NonMF.TorsionFreeResidualsV4.printedHullProofParagraph_of_residualsV4' depends on axioms: [propext,
 Classical.choice,
 Quot.sound]
info: GroupApproximation/Manuscript/NonMF/TorsionFreeResidualsV4.lean:227:14: 'GroupApproximation.Manuscript.NonMF.TorsionFreeResidualsV4.printedSaturation_of_residualsV4' depends on axioms: [propext,
 Classical.choice,
 Quot.sound]
info: GroupApproximation/Manuscript/NonMF/TorsionFreeResidualsV4.lean:228:14: 'GroupApproximation.Manuscript.NonMF.TorsionFreeResidualsV4.printedSaturationOsin_of_residualsV4' depends on axioms: [propext,
 Classical.choice,
 Quot.sound]
info: GroupApproximation/Manuscript/NonMF/TorsionFreeResidualsV4.lean:229:14: 'GroupApproximation.Manuscript.NonMF.TorsionFreeResidualsV4.printedSaturationLimitSet_of_residualsV4' depends on axioms: [propext,
 Classical.choice,
 Quot.sound]
info: GroupApproximation/Manuscript/NonMF/TorsionFreeResidualsV4.lean:230:14: 'GroupApproximation.Manuscript.NonMF.TorsionFreeResidualsV4.printedSaturationPairAndHullAgain_of_residualsV4' depends on axioms: [propext,
 Classical.choice,
 Quot.sound]
info: GroupApproximation/Manuscript/NonMF/TorsionFreeResidualsV4.lean:231:14: 'GroupApproximation.Manuscript.NonMF.TorsionFreeResidualsV4.printedSaturationApplyHull_of_residualsV4' depends on axioms: [propext,
 Classical.choice,
 Quot.sound]
info: GroupApproximation/Manuscript/NonMF/TorsionFreeResidualsV4.lean:232:14: 'GroupApproximation.Manuscript.NonMF.TorsionFreeResidualsV4.printedTheoremApplySaturation_of_residualsV4' depends on axioms: [propext,
 Classical.choice,
 Quot.sound]
info: GroupApproximation/Manuscript/NonMF/TorsionFreeResidualsV4.lean:233:14: 'GroupApproximation.Manuscript.NonMF.TorsionFreeResidualsV4.fournierFacioParagraph_of_residualsV4' depends on axioms: [propext,
 Classical.choice,
 Quot.sound]
info: GroupApproximation/Manuscript/NonMF/TorsionFreeResidualsV4.lean:234:14: 'GroupApproximation.Manuscript.NonMF.TorsionFreeResidualsV4.hullCommonQuotientPrinted_of_residualsV4' depends on axioms: [propext,
 Classical.choice,
 Quot.sound]
info: GroupApproximation/Manuscript/NonMF/TorsionFreeResidualsV4.lean:235:14: 'GroupApproximation.Manuscript.NonMF.TorsionFreeResidualsV4.printedHullCorollary74_of_residualsV4' depends on axioms: [propext,
 Classical.choice,
 Quot.sound]
Build completed successfully (11113 jobs).
EXIT=0
