purged 2 stale artifact sets (source-newer=2, import-newer=0) of 4339 oleans
[job] n7 cores=slurm threads=8 base=5801a52728fff89e713dded0e02fe49a2e215216 mods: GroupApproximation.GGT.VanKampen.Estimating.OsinPocketFullArcLakeModel
ℹ [3339/3411] Replayed GroupApproximation.Sofic.KazhdanCornerCompression
info: GroupApproximation/Sofic/KazhdanCornerCompression.lean:342:4: Try this:
  [apply] abel_nf
ℹ [10147/10192] Replayed GroupApproximation.GGT.VanKampen.GFaceQuadrilateralRegion
info: GroupApproximation/GGT/VanKampen/GFaceQuadrilateralRegion.lean:410:14: 'GroupApproximation.GGT.VanKampen.Embedded.RegionCandidate.SameTargetProfile.trans' depends on axioms: [propext,
 Classical.choice,
 Quot.sound]
info: GroupApproximation/GGT/VanKampen/GFaceQuadrilateralRegion.lean:411:14: 'GroupApproximation.GGT.VanKampen.DiscEmbeddingAway.faceOf_darts' depends on axioms: [propext,
 Classical.choice,
 Quot.sound]
info: GroupApproximation/GGT/VanKampen/GFaceQuadrilateralRegion.lean:412:14: 'GroupApproximation.GGT.VanKampen.DiscEmbeddingAway.regionFamily_profile' depends on axioms: [propext,
 Classical.choice,
 Quot.sound]
info: GroupApproximation/GGT/VanKampen/GFaceQuadrilateralRegion.lean:413:14: 'GroupApproximation.GGT.VanKampen.DiscEmbeddingAway.regionFamily_noLoop' depends on axioms: [propext,
 Classical.choice,
 Quot.sound]
info: GroupApproximation/GGT/VanKampen/GFaceQuadrilateralRegion.lean:414:14: 'GroupApproximation.GGT.VanKampen.GFaceWordInsertion.exists_quadrilateral_region' depends on axioms: [propext,
 Classical.choice,
 Quot.sound]
ℹ [10148/10192] Replayed GroupApproximation.GGT.VanKampen.SurgeryFaceEdgeDoublingRegions
info: GroupApproximation/GGT/VanKampen/SurgeryFaceEdgeDoublingRegions.lean:416:14: 'GroupApproximation.GGT.VanKampen.FaceEdgeDoubling.embedding' depends on axioms: [propext, Classical.choice, Quot.sound]
info: GroupApproximation/GGT/VanKampen/SurgeryFaceEdgeDoublingRegions.lean:417:14: 'GroupApproximation.GGT.VanKampen.FaceEdgeDoubling.contiguityGeometry' depends on axioms: [propext,
 Classical.choice,
 Quot.sound]
info: GroupApproximation/GGT/VanKampen/SurgeryFaceEdgeDoublingRegions.lean:418:14: 'GroupApproximation.GGT.VanKampen.FaceEdgeDoubling.contiguityGeometry_injective' depends on axioms: [propext,
 Classical.choice,
 Quot.sound]
info: GroupApproximation/GGT/VanKampen/SurgeryFaceEdgeDoublingRegions.lean:419:14: 'GroupApproximation.GGT.VanKampen.FaceEdgeDoubling.regionFamily_profile' depends on axioms: [propext,
 Classical.choice,
 Quot.sound]
info: GroupApproximation/GGT/VanKampen/SurgeryFaceEdgeDoublingRegions.lean:420:14: 'GroupApproximation.GGT.VanKampen.FaceEdgeDoubling.regionFamily_noLoop' depends on axioms: [propext,
 Classical.choice,
 Quot.sound]
info: GroupApproximation/GGT/VanKampen/SurgeryFaceEdgeDoublingRegions.lean:421:14: 'GroupApproximation.GGT.VanKampen.FaceEdgeDoubling.regionFamily_weight' depends on axioms: [propext,
 Classical.choice,
 Quot.sound]
info: GroupApproximation/GGT/VanKampen/SurgeryFaceEdgeDoublingRegions.lean:422:14: 'GroupApproximation.GGT.VanKampen.FaceEdgeDoubling.regionFamily_pairwise' depends on axioms: [propext,
 Classical.choice,
 Quot.sound]
ℹ [10156/10192] Replayed GroupApproximation.GGT.VanKampen.SurgeryOuterCellThickening
info: GroupApproximation/GGT/VanKampen/SurgeryOuterCellThickening.lean:389:21: 'GroupApproximation.GGT.VanKampen.OuterCellThickening.outerCellThickening' depends on axioms: [propext,
 Classical.choice,
 Quot.sound]
info: GroupApproximation/GGT/VanKampen/SurgeryOuterCellThickening.lean:390:14: 'GroupApproximation.GGT.VanKampen.OuterCellThickening.one_lt_outer_length' depends on axioms: [propext,
 Classical.choice,
 Quot.sound]
info: GroupApproximation/GGT/VanKampen/SurgeryOuterCellThickening.lean:391:14: 'GroupApproximation.GGT.VanKampen.OuterCellThickening.relatorValue_ne_one_of_oEquivalent' depends on axioms: [propext,
 Classical.choice,
 Quot.sound]
info: GroupApproximation/GGT/VanKampen/SurgeryOuterCellThickening.lean:392:14: 'GroupApproximation.GGT.VanKampen.OuterCellThickening.leastArea_of_oEquivalent' depends on axioms: [propext,
 Classical.choice,
 Quot.sound]
info: GroupApproximation/GGT/VanKampen/SurgeryOuterCellThickening.lean:393:14: 'GroupApproximation.GGT.VanKampen.OuterCellThickening.spur_of_noOuterSpur' depends on axioms: [propext,
 Classical.choice,
 Quot.sound]
info: GroupApproximation/GGT/VanKampen/SurgeryOuterCellThickening.lean:394:14: 'GroupApproximation.GGT.VanKampen.OuterCellThickening.cell_outer_of_noOuterCellDart' depends on axioms: [propext,
 Classical.choice,
 Quot.sound]
info: GroupApproximation/GGT/VanKampen/SurgeryOuterCellThickening.lean:395:14: 'GroupApproximation.GGT.VanKampen.OuterCellThickening.exists_of_isOuterCellDart' depends on axioms: [propext,
 Classical.choice,
 Quot.sound]
info: GroupApproximation/GGT/VanKampen/SurgeryOuterCellThickening.lean:396:14: 'GroupApproximation.GGT.VanKampen.OuterCellThickening.outerCellCount_lt' depends on axioms: [propext,
 Classical.choice,
 Quot.sound]
info: GroupApproximation/GGT/VanKampen/SurgeryOuterCellThickening.lean:397:14: 'GroupApproximation.GGT.VanKampen.OuterCellThickening.sectionFamilyOfAvoid' depends on axioms: [propext,
 Classical.choice,
 Quot.sound]
info: GroupApproximation/GGT/VanKampen/SurgeryOuterCellThickening.lean:398:14: 'GroupApproximation.GGT.VanKampen.OuterCellThickening.exists_cellFree' depends on axioms: [propext,
 Classical.choice,
 Quot.sound]
ℹ [10160/10192] Replayed GroupApproximation.GGT.VanKampen.SurgeryOuterDoublingTransport
info: GroupApproximation/GGT/VanKampen/SurgeryOuterDoublingTransport.lean:344:14: 'GroupApproximation.GGT.VanKampen.OuterDoublingTransport.contiguityGeometry' depends on axioms: [propext,
 Classical.choice,
 Quot.sound]
info: GroupApproximation/GGT/VanKampen/SurgeryOuterDoublingTransport.lean:345:14: 'GroupApproximation.GGT.VanKampen.OuterDoublingTransport.regionCandidate_sides' depends on axioms: [propext,
 Classical.choice,
 Quot.sound]
info: GroupApproximation/GGT/VanKampen/SurgeryOuterDoublingTransport.lean:346:14: 'GroupApproximation.GGT.VanKampen.OuterDoublingTransport.regionFamily_weight' depends on axioms: [propext,
 Classical.choice,
 Quot.sound]
info: GroupApproximation/GGT/VanKampen/SurgeryOuterDoublingTransport.lean:347:14: 'GroupApproximation.GGT.VanKampen.OuterDoublingTransport.regionFamily_pairwise' depends on axioms: [propext,
 Classical.choice,
 Quot.sound]
info: GroupApproximation/GGT/VanKampen/SurgeryOuterDoublingTransport.lean:348:14: 'GroupApproximation.GGT.VanKampen.OuterDoublingTransport.regionFamilyEquiv' depends on axioms: [propext,
 Classical.choice,
 Quot.sound]
info: GroupApproximation/GGT/VanKampen/SurgeryOuterDoublingTransport.lean:349:14: 'GroupApproximation.GGT.VanKampen.OuterDoublingTransport.not_mem_targetArc_of_avoid' depends on axioms: [propext,
 Classical.choice,
 Quot.sound]
info: GroupApproximation/GGT/VanKampen/SurgeryOuterDoublingTransport.lean:350:14: 'GroupApproximation.GGT.VanKampen.OuterDoublingTransport.alpha_dart_not_mem_targetArc_of_side' depends on axioms: [propext,
 Classical.choice,
 Quot.sound]
ℹ [10163/10192] Replayed GroupApproximation.GGT.VanKampen.Estimating.RegionProfileTransport
info: GroupApproximation/GGT/VanKampen/Estimating/RegionProfileTransport.lean:107:14: 'GroupApproximation.GGT.VanKampen.RegionProfileTransport.mem_exteriorAt' depends on axioms: [propext,
 Classical.choice,
 Quot.sound]
info: GroupApproximation/GGT/VanKampen/Estimating/RegionProfileTransport.lean:108:14: 'GroupApproximation.GGT.VanKampen.RegionProfileTransport.targetsSectionIndex' depends on axioms: [propext,
 Classical.choice,
 Quot.sound]
info: GroupApproximation/GGT/VanKampen/Estimating/RegionProfileTransport.lean:109:14: 'GroupApproximation.GGT.VanKampen.RegionProfileTransport.val_ne' depends on axioms: [propext,
 Classical.choice,
 Quot.sound]
info: GroupApproximation/GGT/VanKampen/Estimating/RegionProfileTransport.lean:110:14: 'GroupApproximation.GGT.VanKampen.RegionProfileTransport.exists_exteriorPair' depends on axioms: [propext,
 Classical.choice,
 Quot.sound]
ℹ [10191/10192] Replayed GroupApproximation.GGT.VanKampen.Estimating.OsinPocketKeptCellSection
info: GroupApproximation/GGT/VanKampen/Estimating/OsinPocketKeptCellSection.lean:286:14: 'GroupApproximation.GGT.VanKampen.IsNoncrossingClosedWalk.eulers_of_eitherFollows' depends on axioms: [propext,
 Classical.choice,
 Quot.sound]
info: GroupApproximation/GGT/VanKampen/Estimating/OsinPocketKeptCellSection.lean:287:14: 'GroupApproximation.GGT.VanKampen.PocketRegion.ofNoncrossingClosedWalkEuler' depends on axioms: [propext,
 Classical.choice,
 Quot.sound]
info: GroupApproximation/GGT/VanKampen/Estimating/OsinPocketKeptCellSection.lean:288:14: 'GroupApproximation.GGT.VanKampen.PocketWalk.noncrossing_of_copyClean' depends on axioms: [propext,
 Classical.choice,
 Quot.sound]
info: GroupApproximation/GGT/VanKampen/Estimating/OsinPocketKeptCellSection.lean:290:2: 'GroupApproximation.GGT.VanKampen.GloballyDistinguishedSectionFamily.exists_kept_of_noncrossingPocketWalk_of_eulers' depends on axioms: [propext,
 Classical.choice,
 Quot.sound]
info: GroupApproximation/GGT/VanKampen/Estimating/OsinPocketKeptCellSection.lean:291:14: 'GroupApproximation.GGT.VanKampen.SectionPocketWalkEulerStatement' depends on axioms: [propext,
 Classical.choice,
 Quot.sound]
info: GroupApproximation/GGT/VanKampen/Estimating/OsinPocketKeptCellSection.lean:292:14: 'GroupApproximation.GGT.VanKampen.sectionPocketKeptCell_of_euler' depends on axioms: [propext,
 Classical.choice,
 Quot.sound]
info: GroupApproximation/GGT/VanKampen/Estimating/OsinPocketKeptCellSection.lean:293:14: 'GroupApproximation.GGT.VanKampen.osinSectionPocketFaceSetSection_of_regions_euler' depends on axioms: [propext,
 Classical.choice,
 Quot.sound]
info: GroupApproximation/GGT/VanKampen/Estimating/OsinPocketKeptCellSection.lean:294:21: 'GroupApproximation.GGT.VanKampen.OsinPocketKeptCellSection.lakeEulerBranch' depends on axioms: [propext,
 Classical.choice,
 Quot.sound]
✖ [10192/10192] Building GroupApproximation.GGT.VanKampen.Estimating.OsinPocketFullArcLakeModel (29s)
trace: .> LEAN_PATH=/projects/standard/hsiehph/sauer354/cc_clones/cs-endpoint/.lake/packages/Cli/.lake/build/lib/lean:/projects/standard/hsiehph/sauer354/cc_clones/cs-endpoint/.lake/packages/batteries/.lake/build/lib/lean:/projects/standard/hsiehph/sauer354/cc_clones/cs-endpoint/.lake/packages/Qq/.lake/build/lib/lean:/projects/standard/hsiehph/sauer354/cc_clones/cs-endpoint/.lake/packages/aesop/.lake/build/lib/lean:/projects/standard/hsiehph/sauer354/cc_clones/cs-endpoint/.lake/packages/proofwidgets/.lake/build/lib/lean:/projects/standard/hsiehph/sauer354/cc_clones/cs-endpoint/.lake/packages/importGraph/.lake/build/lib/lean:/projects/standard/hsiehph/sauer354/cc_clones/cs-endpoint/.lake/packages/LeanSearchClient/.lake/build/lib/lean:/projects/standard/hsiehph/sauer354/cc_clones/cs-endpoint/.lake/packages/plausible/.lake/build/lib/lean:/projects/standard/hsiehph/sauer354/cc_clones/cs-endpoint/.lake/packages/mathlib/.lake/build/lib/lean:/projects/standard/hsiehph/sauer354/cc_clones/lix-e/.lake/build/lib/lean /projects/standard/hsiehph/sauer354/.elan/toolchains/leanprover--lean4---v4.32.0/bin/lean -DwarningAsError=true /projects/standard/hsiehph/sauer354/cc_clones/lix-e/GroupApproximation/GGT/VanKampen/Estimating/OsinPocketFullArcLakeModel.lean -o /projects/standard/hsiehph/sauer354/cc_clones/lix-e/.lake/build/lib/lean/GroupApproximation/GGT/VanKampen/Estimating/OsinPocketFullArcLakeModel.olean -i /projects/standard/hsiehph/sauer354/cc_clones/lix-e/.lake/build/lib/lean/GroupApproximation/GGT/VanKampen/Estimating/OsinPocketFullArcLakeModel.ilean -c /projects/standard/hsiehph/sauer354/cc_clones/lix-e/.lake/build/ir/GroupApproximation/GGT/VanKampen/Estimating/OsinPocketFullArcLakeModel.c --setup /projects/standard/hsiehph/sauer354/cc_clones/lix-e/.lake/build/ir/GroupApproximation/GGT/VanKampen/Estimating/OsinPocketFullArcLakeModel.setup.json --json
error: GroupApproximation/GGT/VanKampen/Estimating/OsinPocketFullArcLakeModel.lean:404:2: Type mismatch
  PocketRegion.invDarts_reverse_map_alpha ?m.18
has type
  Embedded.invDarts ?m.17 (List.map (⇑(DiscDiagram.toCombMap ?m.17).alpha) (List.reverse ?m.18)) = ?m.18
but is expected to have type
  Embedded.invDarts diagram lakePocket.outer.cycle = lakeWalk
info: GroupApproximation/GGT/VanKampen/Estimating/OsinPocketFullArcLakeModel.lean:457:14: 'GroupApproximation.GGT.VanKampen.OsinPocketFullArcLakeModel.sign_of_isRelatorProduct' depends on axioms: [propext,
 Classical.choice,
 Quot.sound]
info: GroupApproximation/GGT/VanKampen/Estimating/OsinPocketFullArcLakeModel.lean:458:14: 'GroupApproximation.GGT.VanKampen.OsinPocketFullArcLakeModel.leastArea' depends on axioms: [propext,
 Classical.choice,
 Quot.sound]
info: GroupApproximation/GGT/VanKampen/Estimating/OsinPocketFullArcLakeModel.lean:459:14: 'GroupApproximation.GGT.VanKampen.OsinPocketFullArcLakeModel.pocketWalk_walk' depends on axioms: [propext,
 Classical.choice,
 Quot.sound]
info: GroupApproximation/GGT/VanKampen/Estimating/OsinPocketFullArcLakeModel.lean:460:14: 'GroupApproximation.GGT.VanKampen.OsinPocketFullArcLakeModel.enclosedFaceSet' depends on axioms: [propext,
 Classical.choice,
 Quot.sound]
info: GroupApproximation/GGT/VanKampen/Estimating/OsinPocketFullArcLakeModel.lean:461:14: 'GroupApproximation.GGT.VanKampen.OsinPocketFullArcLakeModel.not_enclosedFaceSetSucc' depends on axioms: [propext,
 Classical.choice,
 Quot.sound]
error: GroupApproximation/GGT/VanKampen/Estimating/OsinPocketFullArcLakeModel.lean:462:14: 'GroupApproximation.GGT.VanKampen.OsinPocketFullArcLakeModel.lakePocket_decomposition' depends on axioms outside the classical allowlist: [sorryAx]
  full closure: [propext, sorryAx, Classical.choice, Quot.sound]
  permitted: [propext, Classical.choice, Quot.sound]
error: GroupApproximation/GGT/VanKampen/Estimating/OsinPocketFullArcLakeModel.lean:463:21: 'GroupApproximation.GGT.VanKampen.OsinPocketFullArcLakeModel.fullArcLake' depends on axioms outside the classical allowlist: [sorryAx]
  full closure: [propext, sorryAx, Classical.choice, Quot.sound]
  permitted: [propext, Classical.choice, Quot.sound]
error: Lean exited with code 1
Some required targets logged failures:
- GroupApproximation.GGT.VanKampen.Estimating.OsinPocketFullArcLakeModel
error: build failed
EXIT=1
