purged 0 stale artifact sets (source-newer=0, import-newer=0) of 4352 oleans
[job] acn112 cores=64-71 threads=8 base=1fccc02b3585c2d9aeb3330df983bc87a864ad61 mods: GroupApproximation.Manuscript.SimpleKazhdanSofic.GeneralTheorem GroupApproximation.Manuscript.SimpleKazhdanSofic.MarkedLimitTransport GroupApproximation.Manuscript.SimpleKazhdanSofic.MainFromGeneral
ℹ [4065/4067] Built GroupApproximation.Manuscript.SimpleKazhdanSofic.MarkedLimitTransport (10s)
info: GroupApproximation/Manuscript/SimpleKazhdanSofic/MarkedLimitTransport.lean:174:14: 'GroupApproximation.SimpleKazhdanSofic.IsMarkedLimit.map_source' depends on axioms: [propext,
 Classical.choice,
 Quot.sound]
info: GroupApproximation/Manuscript/SimpleKazhdanSofic/MarkedLimitTransport.lean:175:14: 'GroupApproximation.SimpleKazhdanSofic.IsMarkedLimit.map_target' depends on axioms: [propext,
 Classical.choice,
 Quot.sound]
info: GroupApproximation/Manuscript/SimpleKazhdanSofic/MarkedLimitTransport.lean:176:14: 'GroupApproximation.SimpleKazhdanSofic.IsExpanderFamily.map_target' depends on axioms: [propext,
 Classical.choice,
 Quot.sound]
info: GroupApproximation/Manuscript/SimpleKazhdanSofic/MarkedLimitTransport.lean:177:14: 'GroupApproximation.SimpleKazhdanSofic.elementaryBlockEquivSL' depends on axioms: [propext,
 Classical.choice,
 Quot.sound]
info: GroupApproximation/Manuscript/SimpleKazhdanSofic/MarkedLimitTransport.lean:178:14: 'GroupApproximation.SimpleKazhdanSofic.elementaryGroupEquivOfRingEquiv' depends on axioms: [propext,
 Classical.choice,
 Quot.sound]
ℹ [4066/4067] Built GroupApproximation.Manuscript.SimpleKazhdanSofic.GeneralTheorem (11s)
info: GroupApproximation/Manuscript/SimpleKazhdanSofic/GeneralTheorem.lean:300:14: 'GroupApproximation.SimpleKazhdanSofic.tendsto_card_of_isMarkedLimit' depends on axioms: [propext,
 Classical.choice,
 Quot.sound]
info: GroupApproximation/Manuscript/SimpleKazhdanSofic/GeneralTheorem.lean:301:14: 'GroupApproximation.SimpleKazhdanSofic.printedSimpleKazhdanGeneral_of_pieces' depends on axioms: [propext,
 Classical.choice,
 Quot.sound]
✖ [4067/4067] Building GroupApproximation.Manuscript.SimpleKazhdanSofic.MainFromGeneral (12s)
trace: .> LEAN_PATH=/projects/standard/hsiehph/sauer354/cc_clones/cs-endpoint/.lake/packages/Cli/.lake/build/lib/lean:/projects/standard/hsiehph/sauer354/cc_clones/cs-endpoint/.lake/packages/batteries/.lake/build/lib/lean:/projects/standard/hsiehph/sauer354/cc_clones/cs-endpoint/.lake/packages/Qq/.lake/build/lib/lean:/projects/standard/hsiehph/sauer354/cc_clones/cs-endpoint/.lake/packages/aesop/.lake/build/lib/lean:/projects/standard/hsiehph/sauer354/cc_clones/cs-endpoint/.lake/packages/proofwidgets/.lake/build/lib/lean:/projects/standard/hsiehph/sauer354/cc_clones/cs-endpoint/.lake/packages/importGraph/.lake/build/lib/lean:/projects/standard/hsiehph/sauer354/cc_clones/cs-endpoint/.lake/packages/LeanSearchClient/.lake/build/lib/lean:/projects/standard/hsiehph/sauer354/cc_clones/cs-endpoint/.lake/packages/plausible/.lake/build/lib/lean:/projects/standard/hsiehph/sauer354/cc_clones/cs-endpoint/.lake/packages/mathlib/.lake/build/lib/lean:/projects/standard/hsiehph/sauer354/cc_clones/lix-e/.lake/build/lib/lean /projects/standard/hsiehph/sauer354/.elan/toolchains/leanprover--lean4---v4.32.0/bin/lean -DwarningAsError=true /projects/standard/hsiehph/sauer354/cc_clones/lix-e/GroupApproximation/Manuscript/SimpleKazhdanSofic/MainFromGeneral.lean -o /projects/standard/hsiehph/sauer354/cc_clones/lix-e/.lake/build/lib/lean/GroupApproximation/Manuscript/SimpleKazhdanSofic/MainFromGeneral.olean -i /projects/standard/hsiehph/sauer354/cc_clones/lix-e/.lake/build/lib/lean/GroupApproximation/Manuscript/SimpleKazhdanSofic/MainFromGeneral.ilean -c /projects/standard/hsiehph/sauer354/cc_clones/lix-e/.lake/build/ir/GroupApproximation/Manuscript/SimpleKazhdanSofic/MainFromGeneral.c --setup /projects/standard/hsiehph/sauer354/cc_clones/lix-e/.lake/build/ir/GroupApproximation/Manuscript/SimpleKazhdanSofic/MainFromGeneral.setup.json --json
error: GroupApproximation/Manuscript/SimpleKazhdanSofic/MainFromGeneral.lean:44:35: Function expected at
  Subshift
but this term has type
  ?m.1

Note: Expected a function because this term is being applied to the argument
  A

Hint: The identifier `Subshift` is unknown, and Lean's `autoImplicit` option causes an unknown identifier to be treated as an implicitly bound variable with an unknown type. However, the unknown type cannot be a function, and a function is what Lean expects here. This is often the result of a typo or a missing `import` or `open` statement.
error: GroupApproximation/Manuscript/SimpleKazhdanSofic/MainFromGeneral.lean:47:31: Function expected at
  Subshift
but this term has type
  ?m.1

Note: Expected a function because this term is being applied to the argument
  A

Hint: The identifier `Subshift` is unknown, and Lean's `autoImplicit` option causes an unknown identifier to be treated as an implicitly bound variable with an unknown type. However, the unknown type cannot be a function, and a function is what Lean expects here. This is often the result of a typo or a missing `import` or `open` statement.
error: GroupApproximation/Manuscript/SimpleKazhdanSofic/MainFromGeneral.lean:48:4: Function expected at
  shiftAction
but this term has type
  ?m.2

Note: Expected a function because this term is being applied to the argument
  S

Hint: The identifier `shiftAction` is unknown, and Lean's `autoImplicit` option causes an unknown identifier to be treated as an implicitly bound variable with an unknown type. However, the unknown type cannot be a function, and a function is what Lean expects here. This is often the result of a typo or a missing `import` or `open` statement.
error: GroupApproximation/Manuscript/SimpleKazhdanSofic/MainFromGeneral.lean:52:20: Function expected at
  Subshift
but this term has type
  ?m.1

Note: Expected a function because this term is being applied to the argument
  A

Hint: The identifier `Subshift` is unknown, and Lean's `autoImplicit` option causes an unknown identifier to be treated as an implicitly bound variable with an unknown type. However, the unknown type cannot be a function, and a function is what Lean expects here. This is often the result of a typo or a missing `import` or `open` statement.
error: GroupApproximation/Manuscript/SimpleKazhdanSofic/MainFromGeneral.lean:53:60: Function expected at
  shiftAction
but this term has type
  ?m.2

Note: Expected a function because this term is being applied to the argument
  S

Hint: The identifier `shiftAction` is unknown, and Lean's `autoImplicit` option causes an unknown identifier to be treated as an implicitly bound variable with an unknown type. However, the unknown type cannot be a function, and a function is what Lean expects here. This is often the result of a typo or a missing `import` or `open` statement.
error: GroupApproximation/Manuscript/SimpleKazhdanSofic/MainFromGeneral.lean:56:29: Function expected at
  Subshift
but this term has type
  ?m.1

Note: Expected a function because this term is being applied to the argument
  A

Hint: The identifier `Subshift` is unknown, and Lean's `autoImplicit` option causes an unknown identifier to be treated as an implicitly bound variable with an unknown type. However, the unknown type cannot be a function, and a function is what Lean expects here. This is often the result of a typo or a missing `import` or `open` statement.
error: GroupApproximation/Manuscript/SimpleKazhdanSofic/MainFromGeneral.lean:58:5: Function expected at
  coeffEquiv
but this term has type
  ?m.2

Note: Expected a function because this term is being applied to the argument
  S

Hint: The identifier `coeffEquiv` is unknown, and Lean's `autoImplicit` option causes an unknown identifier to be treated as an implicitly bound variable with an unknown type. However, the unknown type cannot be a function, and a function is what Lean expects here. This is often the result of a typo or a missing `import` or `open` statement.
error: GroupApproximation/Manuscript/SimpleKazhdanSofic/MainFromGeneral.lean:58:44: Function expected at
  coeffEquiv
but this term has type
  ?m.2

Note: Expected a function because this term is being applied to the argument
  S

Hint: The identifier `coeffEquiv` is unknown, and Lean's `autoImplicit` option causes an unknown identifier to be treated as an implicitly bound variable with an unknown type. However, the unknown type cannot be a function, and a function is what Lean expects here. This is often the result of a typo or a missing `import` or `open` statement.
error: GroupApproximation/Manuscript/SimpleKazhdanSofic/MainFromGeneral.lean:62:33: Function expected at
  Subshift
but this term has type
  ?m.1

Note: Expected a function because this term is being applied to the argument
  A

Hint: The identifier `Subshift` is unknown, and Lean's `autoImplicit` option causes an unknown identifier to be treated as an implicitly bound variable with an unknown type. However, the unknown type cannot be a function, and a function is what Lean expects here. This is often the result of a typo or a missing `import` or `open` statement.
error: GroupApproximation/Manuscript/SimpleKazhdanSofic/MainFromGeneral.lean:62:79: Function expected at
  shiftAction
but this term has type
  ?m.2

Note: Expected a function because this term is being applied to the argument
  S

Hint: The identifier `shiftAction` is unknown, and Lean's `autoImplicit` option causes an unknown identifier to be treated as an implicitly bound variable with an unknown type. However, the unknown type cannot be a function, and a function is what Lean expects here. This is often the result of a typo or a missing `import` or `open` statement.
error: GroupApproximation/Manuscript/SimpleKazhdanSofic/MainFromGeneral.lean:114:41: Function expected at
  Subshift
but this term has type
  ?m.2

Note: Expected a function because this term is being applied to the argument
  A

Hint: The identifier `Subshift` is unknown, and Lean's `autoImplicit` option causes an unknown identifier to be treated as an implicitly bound variable with an unknown type. However, the unknown type cannot be a function, and a function is what Lean expects here. This is often the result of a typo or a missing `import` or `open` statement.
error: GroupApproximation/Manuscript/SimpleKazhdanSofic/MainFromGeneral.lean:115:21: Function expected at
  shiftAction
but this term has type
  ?m.3

Note: Expected a function because this term is being applied to the argument
  S

Hint: The identifier `shiftAction` is unknown, and Lean's `autoImplicit` option causes an unknown identifier to be treated as an implicitly bound variable with an unknown type. However, the unknown type cannot be a function, and a function is what Lean expects here. This is often the result of a typo or a missing `import` or `open` statement.
error: GroupApproximation/Manuscript/SimpleKazhdanSofic/MainFromGeneral.lean:121:45: Function expected at
  Subshift
but this term has type
  ?m.2

Note: Expected a function because this term is being applied to the argument
  A

Hint: The identifier `Subshift` is unknown, and Lean's `autoImplicit` option causes an unknown identifier to be treated as an implicitly bound variable with an unknown type. However, the unknown type cannot be a function, and a function is what Lean expects here. This is often the result of a typo or a missing `import` or `open` statement.
error: GroupApproximation/Manuscript/SimpleKazhdanSofic/MainFromGeneral.lean:122:48: Function expected at
  shiftAction
but this term has type
  ?m.3

Note: Expected a function because this term is being applied to the argument
  S

Hint: The identifier `shiftAction` is unknown, and Lean's `autoImplicit` option causes an unknown identifier to be treated as an implicitly bound variable with an unknown type. However, the unknown type cannot be a function, and a function is what Lean expects here. This is often the result of a typo or a missing `import` or `open` statement.
error: GroupApproximation/Manuscript/SimpleKazhdanSofic/MainFromGeneral.lean:130:34: Function expected at
  Subshift
but this term has type
  ?m.2

Note: Expected a function because this term is being applied to the argument
  A

Hint: The identifier `Subshift` is unknown, and Lean's `autoImplicit` option causes an unknown identifier to be treated as an implicitly bound variable with an unknown type. However, the unknown type cannot be a function, and a function is what Lean expects here. This is often the result of a typo or a missing `import` or `open` statement.
error: GroupApproximation/Manuscript/SimpleKazhdanSofic/MainFromGeneral.lean:165:20: Function expected at
  Subshift
but this term has type
  ?m.1

Note: Expected a function because this term is being applied to the argument
  A

Hint: The identifier `Subshift` is unknown, and Lean's `autoImplicit` option causes an unknown identifier to be treated as an implicitly bound variable with an unknown type. However, the unknown type cannot be a function, and a function is what Lean expects here. This is often the result of a typo or a missing `import` or `open` statement.
error: GroupApproximation/Manuscript/SimpleKazhdanSofic/MainFromGeneral.lean:169:20: Function expected at
  Subshift
but this term has type
  ?m.1

Note: Expected a function because this term is being applied to the argument
  A

Hint: The identifier `Subshift` is unknown, and Lean's `autoImplicit` option causes an unknown identifier to be treated as an implicitly bound variable with an unknown type. However, the unknown type cannot be a function, and a function is what Lean expects here. This is often the result of a typo or a missing `import` or `open` statement.
error: GroupApproximation/Manuscript/SimpleKazhdanSofic/MainFromGeneral.lean:169:53: Function expected at
  printedGenerators
but this term has type
  ?m.2

Note: Expected a function because this term is being applied to the argument
  S

Hint: The identifier `printedGenerators` is unknown, and Lean's `autoImplicit` option causes an unknown identifier to be treated as an implicitly bound variable with an unknown type. However, the unknown type cannot be a function, and a function is what Lean expects here. This is often the result of a typo or a missing `import` or `open` statement.
error: GroupApproximation/Manuscript/SimpleKazhdanSofic/MainFromGeneral.lean:176:89: Unknown identifier `Subshift`
error: GroupApproximation/Manuscript/SimpleKazhdanSofic/MainFromGeneral.lean:179:22: Unknown identifier `printedGenerators`
error: GroupApproximation/Manuscript/SimpleKazhdanSofic/MainFromGeneral.lean:190:11: Unknown identifier `perfectSpace_carrier`
error: GroupApproximation/Manuscript/SimpleKazhdanSofic/MainFromGeneral.lean:185:82: unsolved goals
hgen : PrintedSimpleKazhdanGeneral
hper : PrintedPeriodicMatricialStatement
A : Type
inst✝² : TopologicalSpace A
inst✝¹ : DiscreteTopology A
inst✝ : Finite A
S : SymbolicDynamics.FullShift.Subshift A ℤ
hinf : Infinite ↑S.carrier
hmin : IsMinimal S
n : ℕ
hn : 3 ≤ n
this✝ : CompactSpace ↑S.carrier
this : Nonempty ↑S.carrier
⊢ Infinite ↥(elementaryGroup (Fin n) (R S)) ∧
    Group.FG ↥(elementaryGroup (Fin n) (R S)) ∧
      IsSimpleGroup ↥(elementaryGroup (Fin n) (R S)) ∧
        HasKazhdanPropertyT ↥(elementaryGroup (Fin n) (R S)) ∧
          PrintedMarkedLimitExpanders S n ∧
            IsLEF ↥(elementaryGroup (Fin n) (R S)) ∧
              IsSofic ↥(elementaryGroup (Fin n) (R S)) ∧ IsHyperlinear ↥(elementaryGroup (Fin n) (R S))
error: GroupApproximation/Manuscript/SimpleKazhdanSofic/MainFromGeneral.lean:227:14: Unknown constant `GroupApproximation.SimpleKazhdanSofic.ringEquiv`
error: GroupApproximation/Manuscript/SimpleKazhdanSofic/MainFromGeneral.lean:228:14: Unknown constant `GroupApproximation.SimpleKazhdanSofic.perfectSpace_carrier`
error: GroupApproximation/Manuscript/SimpleKazhdanSofic/MainFromGeneral.lean:229:14: 'GroupApproximation.SimpleKazhdanSofic.printedSimpleKazhdanSoficMain_of_general' depends on axioms outside the classical allowlist: [sorryAx]
  full closure: [propext, sorryAx, Classical.choice, Quot.sound]
  permitted: [propext, Classical.choice, Quot.sound]
error: Lean exited with code 1
Some required targets logged failures:
- GroupApproximation.Manuscript.SimpleKazhdanSofic.MainFromGeneral
error: build failed
EXIT=1
