purged 0 stale artifact sets (source-newer=0, import-newer=0) of 4216 oleans
[job] acn112 cores=72-79 threads=8 base=ecb2bbc768879a34c950081c25282aa5c14d8699 mods: GroupApproximation.Dynamics.TwoEndedShift GroupApproximation.Algebra.FinitaryGeneralLinear
✖ [1794/1795] Building GroupApproximation.Dynamics.TwoEndedShift (9.3s)
trace: .> LEAN_PATH=/projects/standard/hsiehph/sauer354/cc_clones/cs-endpoint/.lake/packages/Cli/.lake/build/lib/lean:/projects/standard/hsiehph/sauer354/cc_clones/cs-endpoint/.lake/packages/batteries/.lake/build/lib/lean:/projects/standard/hsiehph/sauer354/cc_clones/cs-endpoint/.lake/packages/Qq/.lake/build/lib/lean:/projects/standard/hsiehph/sauer354/cc_clones/cs-endpoint/.lake/packages/aesop/.lake/build/lib/lean:/projects/standard/hsiehph/sauer354/cc_clones/cs-endpoint/.lake/packages/proofwidgets/.lake/build/lib/lean:/projects/standard/hsiehph/sauer354/cc_clones/cs-endpoint/.lake/packages/importGraph/.lake/build/lib/lean:/projects/standard/hsiehph/sauer354/cc_clones/cs-endpoint/.lake/packages/LeanSearchClient/.lake/build/lib/lean:/projects/standard/hsiehph/sauer354/cc_clones/cs-endpoint/.lake/packages/plausible/.lake/build/lib/lean:/projects/standard/hsiehph/sauer354/cc_clones/cs-endpoint/.lake/packages/mathlib/.lake/build/lib/lean:/projects/standard/hsiehph/sauer354/cc_clones/lix-e/.lake/build/lib/lean /projects/standard/hsiehph/sauer354/.elan/toolchains/leanprover--lean4---v4.32.0/bin/lean -DwarningAsError=true /projects/standard/hsiehph/sauer354/cc_clones/lix-e/GroupApproximation/Dynamics/TwoEndedShift.lean -o /projects/standard/hsiehph/sauer354/cc_clones/lix-e/.lake/build/lib/lean/GroupApproximation/Dynamics/TwoEndedShift.olean -i /projects/standard/hsiehph/sauer354/cc_clones/lix-e/.lake/build/lib/lean/GroupApproximation/Dynamics/TwoEndedShift.ilean -c /projects/standard/hsiehph/sauer354/cc_clones/lix-e/.lake/build/ir/GroupApproximation/Dynamics/TwoEndedShift.c --setup /projects/standard/hsiehph/sauer354/cc_clones/lix-e/.lake/build/ir/GroupApproximation/Dynamics/TwoEndedShift.setup.json --json
error: GroupApproximation/Dynamics/TwoEndedShift.lean:185:2: failed to synthesize instance of type class
  SecondCountableTopology TwoEnded

Hint: Type class instance resolution failures can be inspected with the `set_option trace.Meta.synthInstance true` command.
error: GroupApproximation/Dynamics/TwoEndedShift.lean:447:21: 'GroupApproximation.TwoEndedShift.printedTwoEndedCoreAndDefect' depends on axioms outside the classical allowlist: [sorryAx]
  full closure: [propext, sorryAx, Classical.choice, Quot.sound]
  permitted: [propext, Classical.choice, Quot.sound]
info: GroupApproximation/Dynamics/TwoEndedShift.lean:448:14: 'GroupApproximation.TwoEndedShift.chainRecurrentSet_shift' depends on axioms: [propext, Classical.choice, Quot.sound]
info: GroupApproximation/Dynamics/TwoEndedShift.lean:449:14: 'GroupApproximation.TwoEndedShift.not_isDedekindFiniteMonoid' depends on axioms: [propext, Classical.choice, Quot.sound]
error: Lean exited with code 1
✖ [1795/1795] Building GroupApproximation.Algebra.FinitaryGeneralLinear (9.7s)
trace: .> LEAN_PATH=/projects/standard/hsiehph/sauer354/cc_clones/cs-endpoint/.lake/packages/Cli/.lake/build/lib/lean:/projects/standard/hsiehph/sauer354/cc_clones/cs-endpoint/.lake/packages/batteries/.lake/build/lib/lean:/projects/standard/hsiehph/sauer354/cc_clones/cs-endpoint/.lake/packages/Qq/.lake/build/lib/lean:/projects/standard/hsiehph/sauer354/cc_clones/cs-endpoint/.lake/packages/aesop/.lake/build/lib/lean:/projects/standard/hsiehph/sauer354/cc_clones/cs-endpoint/.lake/packages/proofwidgets/.lake/build/lib/lean:/projects/standard/hsiehph/sauer354/cc_clones/cs-endpoint/.lake/packages/importGraph/.lake/build/lib/lean:/projects/standard/hsiehph/sauer354/cc_clones/cs-endpoint/.lake/packages/LeanSearchClient/.lake/build/lib/lean:/projects/standard/hsiehph/sauer354/cc_clones/cs-endpoint/.lake/packages/plausible/.lake/build/lib/lean:/projects/standard/hsiehph/sauer354/cc_clones/cs-endpoint/.lake/packages/mathlib/.lake/build/lib/lean:/projects/standard/hsiehph/sauer354/cc_clones/lix-e/.lake/build/lib/lean /projects/standard/hsiehph/sauer354/.elan/toolchains/leanprover--lean4---v4.32.0/bin/lean -DwarningAsError=true /projects/standard/hsiehph/sauer354/cc_clones/lix-e/GroupApproximation/Algebra/FinitaryGeneralLinear.lean -o /projects/standard/hsiehph/sauer354/cc_clones/lix-e/.lake/build/lib/lean/GroupApproximation/Algebra/FinitaryGeneralLinear.olean -i /projects/standard/hsiehph/sauer354/cc_clones/lix-e/.lake/build/lib/lean/GroupApproximation/Algebra/FinitaryGeneralLinear.ilean -c /projects/standard/hsiehph/sauer354/cc_clones/lix-e/.lake/build/ir/GroupApproximation/Algebra/FinitaryGeneralLinear.c --setup /projects/standard/hsiehph/sauer354/cc_clones/lix-e/.lake/build/ir/GroupApproximation/Algebra/FinitaryGeneralLinear.setup.json --json
error: GroupApproximation/Algebra/FinitaryGeneralLinear.lean:228:25: Tactic `rewrite` failed: Did not find an occurrence of the pattern
  ?a - ?a
in the target expression
  1 - 1 = 0

k : Type u_1
inst✝ : CommRing k
⊢ 1 - 1 = 0
info: GroupApproximation/Algebra/FinitaryGeneralLinear.lean:367:14: 'GroupApproximation.FinitaryGL.hasFiniteMatrixSupport_iff' depends on axioms: [propext, Classical.choice, Quot.sound]
info: GroupApproximation/Algebra/FinitaryGeneralLinear.lean:368:14: 'GroupApproximation.FinitaryGL.supportedIn_inv' depends on axioms: [propext, Classical.choice, Quot.sound]
error: GroupApproximation/Algebra/FinitaryGeneralLinear.lean:369:14: 'GroupApproximation.FinitaryGL.conj_mem_GLfin' depends on axioms outside the classical allowlist: [sorryAx]
  full closure: [propext, sorryAx, Classical.choice, Quot.sound]
  permitted: [propext, Classical.choice, Quot.sound]
info: GroupApproximation/Algebra/FinitaryGeneralLinear.lean:370:14: 'GroupApproximation.FinitaryGL.shiftGL_zpow_apply' depends on axioms: [propext, Classical.choice, Quot.sound]
error: Lean exited with code 1
Some required targets logged failures:
- GroupApproximation.Dynamics.TwoEndedShift
- GroupApproximation.Algebra.FinitaryGeneralLinear
error: build failed
EXIT=1
