purged 0 stale artifact sets (source-newer=0, import-newer=0) of 4428 oleans
[job] acn112 cores=80-87 threads=8 base=4dc78bba09754e9de9d92124a9c9c0b65b8d0226 mods: GroupApproximation.Manuscript.SimpleKazhdanSofic.MainFromGeneral
ℹ [4126/4144] Replayed GroupApproximation.Sofic.KazhdanCornerCompression
info: GroupApproximation/Sofic/KazhdanCornerCompression.lean:342:4: Try this:
  [apply] abel_nf
ℹ [4585/4617] Replayed GroupApproximation.Manuscript.SimpleKazhdanSofic.GeneralTheorem
info: GroupApproximation/Manuscript/SimpleKazhdanSofic/GeneralTheorem.lean:247:14: 'GroupApproximation.SimpleKazhdanSofic.infinite_of_perfectSpace' depends on axioms: [propext,
 Classical.choice,
 Quot.sound]
info: GroupApproximation/Manuscript/SimpleKazhdanSofic/GeneralTheorem.lean:248:14: 'GroupApproximation.SimpleKazhdanSofic.tendsto_card_of_isMarkedLimit' depends on axioms: [propext,
 Classical.choice,
 Quot.sound]
info: GroupApproximation/Manuscript/SimpleKazhdanSofic/GeneralTheorem.lean:249:21: 'GroupApproximation.SimpleKazhdanSofic.printedMatricialExpandersStatement' depends on axioms: [propext,
 Classical.choice,
 Quot.sound]
info: GroupApproximation/Manuscript/SimpleKazhdanSofic/GeneralTheorem.lean:250:14: 'GroupApproximation.SimpleKazhdanSofic.printedSimpleKazhdanGeneral_of_pieces' depends on axioms: [propext,
 Classical.choice,
 Quot.sound]
ℹ [4605/4617] Replayed GroupApproximation.Manuscript.SimpleKazhdanSofic.MarkedLimitTransport
info: GroupApproximation/Manuscript/SimpleKazhdanSofic/MarkedLimitTransport.lean:194:14: 'GroupApproximation.SimpleKazhdanSofic.IsMarkedLimit.map_source' depends on axioms: [propext,
 Classical.choice,
 Quot.sound]
info: GroupApproximation/Manuscript/SimpleKazhdanSofic/MarkedLimitTransport.lean:195:14: 'GroupApproximation.SimpleKazhdanSofic.IsMarkedLimit.map_target' depends on axioms: [propext,
 Classical.choice,
 Quot.sound]
info: GroupApproximation/Manuscript/SimpleKazhdanSofic/MarkedLimitTransport.lean:196:14: 'GroupApproximation.SimpleKazhdanSofic.IsExpanderFamily.map_target' depends on axioms: [propext,
 Classical.choice,
 Quot.sound]
info: GroupApproximation/Manuscript/SimpleKazhdanSofic/MarkedLimitTransport.lean:197:14: 'GroupApproximation.SimpleKazhdanSofic.elementaryBlockEquivSL' depends on axioms: [propext,
 Classical.choice,
 Quot.sound]
info: GroupApproximation/Manuscript/SimpleKazhdanSofic/MarkedLimitTransport.lean:198:14: 'GroupApproximation.SimpleKazhdanSofic.isSimpleGroup_elementaryBlock' depends on axioms: [propext,
 Classical.choice,
 Quot.sound]
info: GroupApproximation/Manuscript/SimpleKazhdanSofic/MarkedLimitTransport.lean:199:14: 'GroupApproximation.SimpleKazhdanSofic.elementaryGroupEquivOfRingEquiv' depends on axioms: [propext,
 Classical.choice,
 Quot.sound]
ℹ [4617/4617] Built GroupApproximation.Manuscript.SimpleKazhdanSofic.MainFromGeneral (18s)
info: GroupApproximation/Manuscript/SimpleKazhdanSofic/MainFromGeneral.lean:271:14: 'GroupApproximation.SimpleKazhdanSofic.ringEquiv' depends on axioms: [propext, Classical.choice, Quot.sound]
info: GroupApproximation/Manuscript/SimpleKazhdanSofic/MainFromGeneral.lean:272:14: 'GroupApproximation.SimpleKazhdanSofic.perfectSpace_carrier' depends on axioms: [propext, Classical.choice, Quot.sound]
info: GroupApproximation/Manuscript/SimpleKazhdanSofic/MainFromGeneral.lean:273:14: 'GroupApproximation.SimpleKazhdanSofic.printedSimpleKazhdanSoficMain_of_general' depends on axioms: [propext,
 Classical.choice,
 Quot.sound]
info: GroupApproximation/Manuscript/SimpleKazhdanSofic/MainFromGeneral.lean:274:21: 'GroupApproximation.SimpleKazhdanSofic.printedBlockElementarySimple' depends on axioms: [propext,
 Classical.choice,
 Quot.sound]
info: GroupApproximation/Manuscript/SimpleKazhdanSofic/MainFromGeneral.lean:275:14: 'GroupApproximation.SimpleKazhdanSofic.printedSimpleKazhdanSoficMain_of_open_pieces' depends on axioms: [propext,
 Classical.choice,
 Quot.sound]
Build completed successfully (4617 jobs).
EXIT=0
