purged 0 stale artifact sets (source-newer=0, import-newer=0) of 2367 oleans
[job] acn112 cores=64-71 threads=8 base=dea569ec4a1e94f7986e24da2c1eeedddf9e5e0f mods: GroupApproximation.CharClass.LIXKGenChernOf GroupApproximation.CharClass.LIXKGenOfThomLH GroupApproximation.CharClass.LIXKGenOfLocalScale GroupApproximation.CharClass.LIXKGenOfChernTop
ℹ [8730/8912] Replayed GroupApproximation.CharClass.ThomPuncturedRecursion
info: GroupApproximation/CharClass/ThomPuncturedRecursion.lean:288:14: 'GroupApproximation.CharClass.PuncturedAcyclicOf.prod' depends on axioms: [propext, Classical.choice, Quot.sound]
ℹ [8785/9133] Replayed GroupApproximation.CharClass.GysinFromLerayHirsch
info: GroupApproximation/CharClass/GysinFromLerayHirsch.lean:168:14: 'GroupApproximation.CharClass.GysinData.bijective_cupRight' depends on axioms: [propext, Classical.choice, Quot.sound]
ℹ [8811/9312] Replayed GroupApproximation.AlgTop.PuncturedNormedSphere
info: GroupApproximation/AlgTop/PuncturedNormedSphere.lean:95:14: 'GroupApproximation.AlgTop.complexToEuclidean_eq_zero_iff' depends on axioms: [propext, Classical.choice, Quot.sound]
ℹ [8817/9312] Replayed GroupApproximation.CharClass.LIXKCount
info: GroupApproximation/CharClass/LIXKCount.lean:155:14: 'GroupApproximation.CharClass.map_eq_nsmul_of_localSplit' depends on axioms: [propext, Classical.choice, Quot.sound]
info: GroupApproximation/CharClass/LIXKCount.lean:156:14: 'GroupApproximation.CharClass.map_ne_zero_of_localSplit' depends on axioms: [propext, Classical.choice, Quot.sound]
ℹ [8822/9312] Replayed GroupApproximation.CharClass.LerayHirschGradedIso
info: GroupApproximation/CharClass/LerayHirschGradedIso.lean:52:14: 'GroupApproximation.CharClass.LH.lerayHirschGraded_of_iso' depends on axioms: [propext, Classical.choice, Quot.sound]
ℹ [8898/9388] Replayed GroupApproximation.CharClass.LIXKMap
info: GroupApproximation/CharClass/LIXKMap.lean:398:14: 'GroupApproximation.CharClass.psiVec_eq_neg_eOne_iff' depends on axioms: [propext, Classical.choice, Quot.sound]
info: GroupApproximation/CharClass/LIXKMap.lean:399:14: 'GroupApproximation.CharClass.kRoot_injective' depends on axioms: [propext, Classical.choice, Quot.sound]
info: GroupApproximation/CharClass/LIXKMap.lean:400:14: 'GroupApproximation.CharClass.psiVec_kRot' depends on axioms: [propext, Classical.choice, Quot.sound]
ℹ [8902/9388] Replayed GroupApproximation.CharClass.LIXKGenMap
info: GroupApproximation/CharClass/LIXKGenMap.lean:317:14: 'GroupApproximation.CharClass.KGen.psiVec_eq_neg_eZero_iff' depends on axioms: [propext, Classical.choice, Quot.sound]
info: GroupApproximation/CharClass/LIXKGenMap.lean:318:14: 'GroupApproximation.CharClass.KGen.kZero_injective' depends on axioms: [propext, Classical.choice, Quot.sound]
info: GroupApproximation/CharClass/LIXKGenMap.lean:319:14: 'GroupApproximation.CharClass.KGen.psiVec_kRot' depends on axioms: [propext, Classical.choice, Quot.sound]
info: GroupApproximation/CharClass/LIXKGenMap.lean:320:14: 'GroupApproximation.CharClass.KGen.re_kZeroVec_last' depends on axioms: [propext, Classical.choice, Quot.sound]
ℹ [8972/9388] Replayed GroupApproximation.CharClass.LIXKGenSphereChartHomeo
info: GroupApproximation/CharClass/LIXKGenSphereChartHomeo.lean:199:14: 'GroupApproximation.CharClass.KGen.chartQ_clamp_le_one' depends on axioms: [propext, Classical.choice, Quot.sound]
info: GroupApproximation/CharClass/LIXKGenSphereChartHomeo.lean:200:14: 'GroupApproximation.CharClass.KGen.one_sub_chartQ_inv' depends on axioms: [propext, Classical.choice, Quot.sound]
info: GroupApproximation/CharClass/LIXKGenSphereChartHomeo.lean:201:14: 'GroupApproximation.CharClass.KGen.sphereChartHomeo_zero' depends on axioms: [propext, Classical.choice, Quot.sound]
ℹ [8973/9388] Replayed GroupApproximation.CharClass.LIXKGenZeroChartHomeo
info: GroupApproximation/CharClass/LIXKGenZeroChartHomeo.lean:151:14: 'GroupApproximation.CharClass.KGen.isOpen_sphereNearZero' depends on axioms: [propext, Classical.choice, Quot.sound]
info: GroupApproximation/CharClass/LIXKGenZeroChartHomeo.lean:152:14: 'GroupApproximation.CharClass.KGen.psiSphere_zeroChartFun' depends on axioms: [propext, Classical.choice, Quot.sound]
info: GroupApproximation/CharClass/LIXKGenZeroChartHomeo.lean:153:14: 'GroupApproximation.CharClass.KGen.zeroChartHomeo_zero' depends on axioms: [propext, Classical.choice, Quot.sound]
ℹ [9040/9388] Replayed GroupApproximation.ThirdParty.HamSandwich.SphereOddDegree.SphereModTwoHomologyVanishing
info: GroupApproximation/ThirdParty/HamSandwich/SphereOddDegree/SphereModTwoHomologyVanishing.lean:318:21: 'GroupApproximation.ThirdParty.HamSandwich.SphereOddDegree.sphereModTwo_intermediate_vanishing_closed' depends on axioms: [propext,
 Classical.choice,
 Quot.sound]
ℹ [9041/9388] Replayed GroupApproximation.ThirdParty.HamSandwich.SphereOddDegree.SphereModTwoHomologyAboveDimension
info: GroupApproximation/ThirdParty/HamSandwich/SphereOddDegree/SphereModTwoHomologyAboveDimension.lean:87:21: 'GroupApproximation.ThirdParty.HamSandwich.SphereOddDegree.sphereModTwo_above_dimension_vanishing_closed' depends on axioms: [propext,
 Classical.choice,
 Quot.sound]
ℹ [9068/9388] Replayed GroupApproximation.CharClass.LIXKGenSphere
info: GroupApproximation/CharClass/LIXKGenSphere.lean:342:14: 'GroupApproximation.CharClass.KGen.normSq_cxToEuc' depends on axioms: [propext, Classical.choice, Quot.sound]
info: GroupApproximation/CharClass/LIXKGenSphere.lean:343:14: 'GroupApproximation.CharClass.KGen.cxToEuc_eucToCx' depends on axioms: [propext, Classical.choice, Quot.sound]
info: GroupApproximation/CharClass/LIXKGenSphere.lean:344:14: 'GroupApproximation.CharClass.KGen.puncturedAcyclic_unitVectors' depends on axioms: [propext,
 Classical.choice,
 Quot.sound]
info: GroupApproximation/CharClass/LIXKGenSphere.lean:345:14: 'GroupApproximation.CharClass.KGen.hbase' depends on axioms: [propext, Classical.choice, Quot.sound]
info: GroupApproximation/CharClass/LIXKGenSphere.lean:346:14: 'GroupApproximation.CharClass.KGen.hbase_two_eq_hbase_lix' depends on axioms: [propext, Classical.choice, Quot.sound]
ℹ [9069/9388] Replayed GroupApproximation.CharClass.LIXKPunctured
info: GroupApproximation/CharClass/LIXKPunctured.lean:168:14: 'GroupApproximation.CharClass.isZero_inter_of_cover' depends on axioms: [propext, Classical.choice, Quot.sound]
info: GroupApproximation/CharClass/LIXKPunctured.lean:169:14: 'GroupApproximation.CharClass.isZero_punctured_finite' depends on axioms: [propext, Classical.choice, Quot.sound]
ℹ [9070/9388] Replayed GroupApproximation.CharClass.LIXKGenPunctured
info: GroupApproximation/CharClass/LIXKGenPunctured.lean:182:14: 'GroupApproximation.CharClass.KGen.puncturedAcyclic_lixBase' depends on axioms: [propext, Classical.choice, Quot.sound]
info: GroupApproximation/CharClass/LIXKGenPunctured.lean:183:14: 'GroupApproximation.CharClass.KGen.puncturedVanish_finite' depends on axioms: [propext, Classical.choice, Quot.sound]
info: GroupApproximation/CharClass/LIXKGenPunctured.lean:184:14: 'GroupApproximation.CharClass.puncturedAcyclic_lixBase_two' depends on axioms: [propext, Classical.choice, Quot.sound]
ℹ [9203/9388] Replayed GroupApproximation.CharClass.LIXKGenBaseChart
info: GroupApproximation/CharClass/LIXKGenBaseChart.lean:219:14: 'GroupApproximation.CharClass.KGen.lixKBaseChart_zero' depends on axioms: [propext, Classical.choice, Quot.sound]
info: GroupApproximation/CharClass/LIXKGenBaseChart.lean:220:14: 'GroupApproximation.CharClass.KGen.lixKFullChart_zero' depends on axioms: [propext, Classical.choice, Quot.sound]
info: GroupApproximation/CharClass/LIXKGenBaseChart.lean:221:14: 'GroupApproximation.CharClass.KGen.lixKNbhdHomeo_zero' depends on axioms: [propext, Classical.choice, Quot.sound]
ℹ [9216/9388] Replayed GroupApproximation.CharClass.LIXKGenLocalPair
info: GroupApproximation/CharClass/LIXKGenLocalPair.lean:289:14: 'GroupApproximation.CharClass.KGen.lixKZero_notMem_lixKTrivBall' depends on axioms: [propext,
 Classical.choice,
 Quot.sound]
info: GroupApproximation/CharClass/LIXKGenLocalPair.lean:290:14: 'GroupApproximation.CharClass.KGen.contractibleSpace_lixKTrivBall' depends on axioms: [propext,
 Classical.choice,
 Quot.sound]
info: GroupApproximation/CharClass/LIXKGenLocalPair.lean:291:14: 'GroupApproximation.CharClass.KGen.lixKTrivBall_subset_target' depends on axioms: [propext,
 Classical.choice,
 Quot.sound]
ℹ [9217/9388] Replayed GroupApproximation.CharClass.LIXKGenLocalNbhd
info: GroupApproximation/CharClass/LIXKGenLocalNbhd.lean:286:14: 'GroupApproximation.CharClass.KGen.chartQ_lt_one_of_mem_lixKHsqBall' depends on axioms: [propext,
 Classical.choice,
 Quot.sound]
info: GroupApproximation/CharClass/LIXKGenLocalNbhd.lean:287:14: 'GroupApproximation.CharClass.KGen.circCoord_mem_Ioo_of_mem_lixKHsqBall' depends on axioms: [propext,
 Classical.choice,
 Quot.sound]
info: GroupApproximation/CharClass/LIXKGenLocalNbhd.lean:288:14: 'GroupApproximation.CharClass.KGen.injective_lixKShrink' depends on axioms: [propext, Classical.choice, Quot.sound]
ℹ [9219/9388] Replayed GroupApproximation.CharClass.LIXKGenLocalHomotopy
info: GroupApproximation/CharClass/LIXKGenLocalHomotopy.lean:672:14: 'GroupApproximation.CharClass.KGen.lixKHomotopy_mapsTo' depends on axioms: [propext, Classical.choice, Quot.sound]
info: GroupApproximation/CharClass/LIXKGenLocalHomotopy.lean:673:14: 'GroupApproximation.CharClass.KGen.lixKHomotopy_at_one' depends on axioms: [propext, Classical.choice, Quot.sound]
info: GroupApproximation/CharClass/LIXKGenLocalHomotopy.lean:674:14: 'GroupApproximation.CharClass.KGen.lixKHomotopy_at_zero' depends on axioms: [propext, Classical.choice, Quot.sound]
info: GroupApproximation/CharClass/LIXKGenLocalHomotopy.lean:675:14: 'GroupApproximation.CharClass.KGen.lixKChartPt_mapsTo' depends on axioms: [propext, Classical.choice, Quot.sound]
info: GroupApproximation/CharClass/LIXKGenLocalHomotopy.lean:676:14: 'GroupApproximation.CharClass.KGen.lixKGRmap_eq' depends on axioms: [propext, Classical.choice, Quot.sound]
info: GroupApproximation/CharClass/LIXKGenLocalHomotopy.lean:677:14: 'GroupApproximation.CharClass.KGen.lixKHomotopy_end_one' depends on axioms: [propext, Classical.choice, Quot.sound]
info: GroupApproximation/CharClass/LIXKGenLocalHomotopy.lean:678:14: 'GroupApproximation.CharClass.KGen.lixKHomotopy_end_zero' depends on axioms: [propext, Classical.choice, Quot.sound]
ℹ [9225/9388] Replayed GroupApproximation.CharClass.LIXKStepC
info: GroupApproximation/CharClass/LIXKStepC.lean:134:14: 'GroupApproximation.CharClass.topChernClass_ne_zero_kzero' depends on axioms: [propext, Classical.choice, Quot.sound]
info: GroupApproximation/CharClass/LIXKStepC.lean:135:14: 'GroupApproximation.CharClass.topChernClass_ne_zero_kzero_naturality' depends on axioms: [propext,
 Classical.choice,
 Quot.sound]
ℹ [9226/9388] Replayed GroupApproximation.CharClass.LIXKStepCTwo
info: GroupApproximation/CharClass/LIXKStepCTwo.lean:134:14: 'GroupApproximation.CharClass.eq_of_ne_zero_of_line_two' depends on axioms: [propext, Classical.choice, Quot.sound]
info: GroupApproximation/CharClass/LIXKStepCTwo.lean:135:14: 'GroupApproximation.CharClass.localClassesAgree_of_ne_zero_two' depends on axioms: [propext,
 Classical.choice,
 Quot.sound]
info: GroupApproximation/CharClass/LIXKStepCTwo.lean:136:14: 'GroupApproximation.CharClass.topChernClass_ne_zero_kzero_two' depends on axioms: [propext,
 Classical.choice,
 Quot.sound]
ℹ [9230/9388] Replayed GroupApproximation.CharClass.LIXKGenTopLine
info: GroupApproximation/CharClass/LIXKGenTopLine.lean:85:14: 'GroupApproximation.CharClass.KGen.hasTopLine_circleTimesSphere' depends on axioms: [propext,
 Classical.choice,
 Quot.sound]
info: GroupApproximation/CharClass/LIXKGenTopLine.lean:86:14: 'GroupApproximation.CharClass.KGen.absEquiv_lixN' depends on axioms: [propext, Classical.choice, Quot.sound]
ℹ [9234/9388] Replayed GroupApproximation.CharClass.LIXKGenOfBundle
info: GroupApproximation/CharClass/LIXKGenOfBundle.lean:142:14: 'GroupApproximation.CharClass.KGen.lixK_hexactOf' depends on axioms: [propext, Classical.choice, Quot.sound]
info: GroupApproximation/CharClass/LIXKGenOfBundle.lean:143:14: 'GroupApproximation.CharClass.KGen.lixK_hcompatOf' depends on axioms: [propext, Classical.choice, Quot.sound]
info: GroupApproximation/CharClass/LIXKGenOfBundle.lean:144:14: 'GroupApproximation.CharClass.KGen.lixK_hnatOf' depends on axioms: [propext, Classical.choice, Quot.sound]
info: GroupApproximation/CharClass/LIXKGenOfBundle.lean:145:14: 'GroupApproximation.CharClass.KGen.lixK_hsectionOf' depends on axioms: [propext, Classical.choice, Quot.sound]
ℹ [9313/9388] Replayed GroupApproximation.CharClass.LIXKGenOfLocalSquare
info: GroupApproximation/CharClass/LIXKGenOfLocalSquare.lean:221:14: 'GroupApproximation.CharClass.KGen.restrictTo_relPullback_ne_zero_of_homotopy' depends on axioms: [propext,
 Classical.choice,
 Quot.sound]
info: GroupApproximation/CharClass/LIXKGenOfLocalSquare.lean:222:14: 'GroupApproximation.CharClass.KGen.lixKFarMap_relPullback_ne_zero' depends on axioms: [propext,
 Classical.choice,
 Quot.sound]
info: GroupApproximation/CharClass/LIXKGenOfLocalSquare.lean:223:14: 'GroupApproximation.CharClass.KGen.kGenLocalNonzeroOf_of_fibre' depends on axioms: [propext,
 Classical.choice,
 Quot.sound]
info: GroupApproximation/CharClass/LIXKGenOfLocalSquare.lean:224:14: 'GroupApproximation.CharClass.KGen.exists_localSplit_ne_zero_kgenOf_of_fibre' depends on axioms: [propext,
 Classical.choice,
 Quot.sound]
ℹ [9338/9388] Replayed GroupApproximation.CharClass.LIXKGenOfFibre
info: GroupApproximation/CharClass/LIXKGenOfFibre.lean:215:14: 'GroupApproximation.CharClass.KGen.lixKFibreMap_eq_slice' depends on axioms: [propext, Classical.choice, Quot.sound]
info: GroupApproximation/CharClass/LIXKGenOfFibre.lean:216:14: 'GroupApproximation.CharClass.KGen.lixKFibre_relPullback_ne_zero_of_restrict' depends on axioms: [propext,
 Classical.choice,
 Quot.sound]
ℹ [9345/9388] Replayed GroupApproximation.CharClass.LIXKGenOfFibreThom
info: GroupApproximation/CharClass/LIXKGenOfFibreThom.lean:156:14: 'GroupApproximation.CharClass.KGen.pull_cohCast_one_ne_zeroOf' depends on axioms: [propext,
 Classical.choice,
 Quot.sound]
info: GroupApproximation/CharClass/LIXKGenOfFibreThom.lean:157:14: 'GroupApproximation.CharClass.KGen.totalInclOn_relPullback_ne_zero_of_top' depends on axioms: [propext,
 Classical.choice,
 Quot.sound]
info: GroupApproximation/CharClass/LIXKGenOfFibreThom.lean:158:14: 'GroupApproximation.CharClass.KGen.lixKFibre_ne_zero_of_top' depends on axioms: [propext, Classical.choice, Quot.sound]
info: GroupApproximation/CharClass/LIXKGenOfFibreThom.lean:159:14: 'GroupApproximation.CharClass.KGen.kGenLocalNonzeroOf_of_top' depends on axioms: [propext, Classical.choice, Quot.sound]
ℹ [9386/9388] Built GroupApproximation.CharClass.LIXKGenOfLocalScale (18s)
info: GroupApproximation/CharClass/LIXKGenOfLocalScale.lean:69:14: 'GroupApproximation.CharClass.KGen.kGenLocalNonzeroOf_smul' depends on axioms: [propext, Classical.choice, Quot.sound]
info: GroupApproximation/CharClass/LIXKGenOfLocalScale.lean:70:14: 'GroupApproximation.CharClass.KGen.kGenLocalNonzeroOf_neg' depends on axioms: [propext, Classical.choice, Quot.sound]
ℹ [9387/9388] Built GroupApproximation.CharClass.LIXKGenOfThomLH (18s)
info: GroupApproximation/CharClass/LIXKGenOfThomLH.lean:118:14: 'GroupApproximation.CharClass.KGen.lixLHplusDualOf' depends on axioms: [propext, Classical.choice, Quot.sound]
info: GroupApproximation/CharClass/LIXKGenOfThomLH.lean:119:14: 'GroupApproximation.CharClass.KGen.lixLHptDualOf' depends on axioms: [propext, Classical.choice, Quot.sound]
info: GroupApproximation/CharClass/LIXKGenOfThomLH.lean:120:14: 'GroupApproximation.CharClass.KGen.lixPtDual_hξ' depends on axioms: [propext, Classical.choice, Quot.sound]
info: GroupApproximation/CharClass/LIXKGenOfThomLH.lean:121:14: 'GroupApproximation.CharClass.KGen.kGenLocalNonzeroOf_of_top_closed' depends on axioms: [propext,
 Classical.choice,
 Quot.sound]
ℹ [9388/9388] Built GroupApproximation.CharClass.LIXKGenOfChernTop (18s)
info: GroupApproximation/CharClass/LIXKGenOfChernTop.lean:218:14: 'GroupApproximation.CharClass.KGen.gamma_of_isoOf' depends on axioms: [propext, Classical.choice, Quot.sound]
info: GroupApproximation/CharClass/LIXKGenOfChernTop.lean:219:14: 'GroupApproximation.CharClass.KGen.component_chernEven_eq_neg_gammaOf' depends on axioms: [propext,
 Classical.choice,
 Quot.sound]
info: GroupApproximation/CharClass/LIXKGenOfChernTop.lean:220:14: 'GroupApproximation.CharClass.KGen.neg_hyperLHOf_gamma_eq_lixChernDegOf' depends on axioms: [propext,
 Classical.choice,
 Quot.sound]
Build completed successfully (9388 jobs).
EXIT=0
