purged 0 stale artifact sets (source-newer=0, import-newer=0) of 4224 oleans
[job] acn50 cores=slurm threads=8 base=fc6687b3b7d99b2d6e784a6d47706d2687b1f730 mods: GroupApproximation.GGT.VanKampen.SurgeryOuterSideThickening
ℹ [3335/3394] Replayed GroupApproximation.Sofic.KazhdanCornerCompression
info: GroupApproximation/Sofic/KazhdanCornerCompression.lean:342:4: Try this:
  [apply] abel_nf
ℹ [4992/5000] Replayed GroupApproximation.GGT.VanKampen.GFaceQuadrilateralRegion
info: GroupApproximation/GGT/VanKampen/GFaceQuadrilateralRegion.lean:410:14: 'GroupApproximation.GGT.VanKampen.Embedded.RegionCandidate.SameTargetProfile.trans' depends on axioms: [propext,
 Classical.choice,
 Quot.sound]
info: GroupApproximation/GGT/VanKampen/GFaceQuadrilateralRegion.lean:411:14: 'GroupApproximation.GGT.VanKampen.DiscEmbeddingAway.faceOf_darts' depends on axioms: [propext,
 Classical.choice,
 Quot.sound]
info: GroupApproximation/GGT/VanKampen/GFaceQuadrilateralRegion.lean:412:14: 'GroupApproximation.GGT.VanKampen.DiscEmbeddingAway.regionFamily_profile' depends on axioms: [propext,
 Classical.choice,
 Quot.sound]
info: GroupApproximation/GGT/VanKampen/GFaceQuadrilateralRegion.lean:413:14: 'GroupApproximation.GGT.VanKampen.DiscEmbeddingAway.regionFamily_noLoop' depends on axioms: [propext,
 Classical.choice,
 Quot.sound]
info: GroupApproximation/GGT/VanKampen/GFaceQuadrilateralRegion.lean:414:14: 'GroupApproximation.GGT.VanKampen.GFaceWordInsertion.exists_quadrilateral_region' depends on axioms: [propext,
 Classical.choice,
 Quot.sound]
ℹ [4993/5000] Replayed GroupApproximation.GGT.VanKampen.SurgeryFaceEdgeDoublingRegions
info: GroupApproximation/GGT/VanKampen/SurgeryFaceEdgeDoublingRegions.lean:416:14: 'GroupApproximation.GGT.VanKampen.FaceEdgeDoubling.embedding' depends on axioms: [propext, Classical.choice, Quot.sound]
info: GroupApproximation/GGT/VanKampen/SurgeryFaceEdgeDoublingRegions.lean:417:14: 'GroupApproximation.GGT.VanKampen.FaceEdgeDoubling.contiguityGeometry' depends on axioms: [propext,
 Classical.choice,
 Quot.sound]
info: GroupApproximation/GGT/VanKampen/SurgeryFaceEdgeDoublingRegions.lean:418:14: 'GroupApproximation.GGT.VanKampen.FaceEdgeDoubling.contiguityGeometry_injective' depends on axioms: [propext,
 Classical.choice,
 Quot.sound]
info: GroupApproximation/GGT/VanKampen/SurgeryFaceEdgeDoublingRegions.lean:419:14: 'GroupApproximation.GGT.VanKampen.FaceEdgeDoubling.regionFamily_profile' depends on axioms: [propext,
 Classical.choice,
 Quot.sound]
info: GroupApproximation/GGT/VanKampen/SurgeryFaceEdgeDoublingRegions.lean:420:14: 'GroupApproximation.GGT.VanKampen.FaceEdgeDoubling.regionFamily_noLoop' depends on axioms: [propext,
 Classical.choice,
 Quot.sound]
info: GroupApproximation/GGT/VanKampen/SurgeryFaceEdgeDoublingRegions.lean:421:14: 'GroupApproximation.GGT.VanKampen.FaceEdgeDoubling.regionFamily_weight' depends on axioms: [propext,
 Classical.choice,
 Quot.sound]
info: GroupApproximation/GGT/VanKampen/SurgeryFaceEdgeDoublingRegions.lean:422:14: 'GroupApproximation.GGT.VanKampen.FaceEdgeDoubling.regionFamily_pairwise' depends on axioms: [propext,
 Classical.choice,
 Quot.sound]
ℹ [4998/5000] Replayed GroupApproximation.GGT.VanKampen.SurgeryOuterDoublingTransport
info: GroupApproximation/GGT/VanKampen/SurgeryOuterDoublingTransport.lean:344:14: 'GroupApproximation.GGT.VanKampen.OuterDoublingTransport.contiguityGeometry' depends on axioms: [propext,
 Classical.choice,
 Quot.sound]
info: GroupApproximation/GGT/VanKampen/SurgeryOuterDoublingTransport.lean:345:14: 'GroupApproximation.GGT.VanKampen.OuterDoublingTransport.regionCandidate_sides' depends on axioms: [propext,
 Classical.choice,
 Quot.sound]
info: GroupApproximation/GGT/VanKampen/SurgeryOuterDoublingTransport.lean:346:14: 'GroupApproximation.GGT.VanKampen.OuterDoublingTransport.regionFamily_weight' depends on axioms: [propext,
 Classical.choice,
 Quot.sound]
info: GroupApproximation/GGT/VanKampen/SurgeryOuterDoublingTransport.lean:347:14: 'GroupApproximation.GGT.VanKampen.OuterDoublingTransport.regionFamily_pairwise' depends on axioms: [propext,
 Classical.choice,
 Quot.sound]
info: GroupApproximation/GGT/VanKampen/SurgeryOuterDoublingTransport.lean:348:14: 'GroupApproximation.GGT.VanKampen.OuterDoublingTransport.regionFamilyEquiv' depends on axioms: [propext,
 Classical.choice,
 Quot.sound]
info: GroupApproximation/GGT/VanKampen/SurgeryOuterDoublingTransport.lean:349:14: 'GroupApproximation.GGT.VanKampen.OuterDoublingTransport.not_mem_targetArc_of_avoid' depends on axioms: [propext,
 Classical.choice,
 Quot.sound]
info: GroupApproximation/GGT/VanKampen/SurgeryOuterDoublingTransport.lean:350:14: 'GroupApproximation.GGT.VanKampen.OuterDoublingTransport.alpha_dart_not_mem_targetArc_of_side' depends on axioms: [propext,
 Classical.choice,
 Quot.sound]
ℹ [4999/5000] Replayed GroupApproximation.GGT.VanKampen.SurgeryOuterCellThickening
info: GroupApproximation/GGT/VanKampen/SurgeryOuterCellThickening.lean:389:21: 'GroupApproximation.GGT.VanKampen.OuterCellThickening.outerCellThickening' depends on axioms: [propext,
 Classical.choice,
 Quot.sound]
info: GroupApproximation/GGT/VanKampen/SurgeryOuterCellThickening.lean:390:14: 'GroupApproximation.GGT.VanKampen.OuterCellThickening.one_lt_outer_length' depends on axioms: [propext,
 Classical.choice,
 Quot.sound]
info: GroupApproximation/GGT/VanKampen/SurgeryOuterCellThickening.lean:391:14: 'GroupApproximation.GGT.VanKampen.OuterCellThickening.relatorValue_ne_one_of_oEquivalent' depends on axioms: [propext,
 Classical.choice,
 Quot.sound]
info: GroupApproximation/GGT/VanKampen/SurgeryOuterCellThickening.lean:392:14: 'GroupApproximation.GGT.VanKampen.OuterCellThickening.leastArea_of_oEquivalent' depends on axioms: [propext,
 Classical.choice,
 Quot.sound]
info: GroupApproximation/GGT/VanKampen/SurgeryOuterCellThickening.lean:393:14: 'GroupApproximation.GGT.VanKampen.OuterCellThickening.spur_of_noOuterSpur' depends on axioms: [propext,
 Classical.choice,
 Quot.sound]
info: GroupApproximation/GGT/VanKampen/SurgeryOuterCellThickening.lean:394:14: 'GroupApproximation.GGT.VanKampen.OuterCellThickening.cell_outer_of_noOuterCellDart' depends on axioms: [propext,
 Classical.choice,
 Quot.sound]
info: GroupApproximation/GGT/VanKampen/SurgeryOuterCellThickening.lean:395:14: 'GroupApproximation.GGT.VanKampen.OuterCellThickening.exists_of_isOuterCellDart' depends on axioms: [propext,
 Classical.choice,
 Quot.sound]
info: GroupApproximation/GGT/VanKampen/SurgeryOuterCellThickening.lean:396:14: 'GroupApproximation.GGT.VanKampen.OuterCellThickening.outerCellCount_lt' depends on axioms: [propext,
 Classical.choice,
 Quot.sound]
info: GroupApproximation/GGT/VanKampen/SurgeryOuterCellThickening.lean:397:14: 'GroupApproximation.GGT.VanKampen.OuterCellThickening.sectionFamilyOfAvoid' depends on axioms: [propext,
 Classical.choice,
 Quot.sound]
info: GroupApproximation/GGT/VanKampen/SurgeryOuterCellThickening.lean:398:14: 'GroupApproximation.GGT.VanKampen.OuterCellThickening.exists_cellFree' depends on axioms: [propext,
 Classical.choice,
 Quot.sound]
✖ [5000/5000] Building GroupApproximation.GGT.VanKampen.SurgeryOuterSideThickening (138s)
trace: .> LEAN_PATH=/projects/standard/hsiehph/sauer354/cc_clones/cs-endpoint/.lake/packages/Cli/.lake/build/lib/lean:/projects/standard/hsiehph/sauer354/cc_clones/cs-endpoint/.lake/packages/batteries/.lake/build/lib/lean:/projects/standard/hsiehph/sauer354/cc_clones/cs-endpoint/.lake/packages/Qq/.lake/build/lib/lean:/projects/standard/hsiehph/sauer354/cc_clones/cs-endpoint/.lake/packages/aesop/.lake/build/lib/lean:/projects/standard/hsiehph/sauer354/cc_clones/cs-endpoint/.lake/packages/proofwidgets/.lake/build/lib/lean:/projects/standard/hsiehph/sauer354/cc_clones/cs-endpoint/.lake/packages/importGraph/.lake/build/lib/lean:/projects/standard/hsiehph/sauer354/cc_clones/cs-endpoint/.lake/packages/LeanSearchClient/.lake/build/lib/lean:/projects/standard/hsiehph/sauer354/cc_clones/cs-endpoint/.lake/packages/plausible/.lake/build/lib/lean:/projects/standard/hsiehph/sauer354/cc_clones/cs-endpoint/.lake/packages/mathlib/.lake/build/lib/lean:/projects/standard/hsiehph/sauer354/cc_clones/lix-e/.lake/build/lib/lean /projects/standard/hsiehph/sauer354/.elan/toolchains/leanprover--lean4---v4.32.0/bin/lean -DwarningAsError=true /projects/standard/hsiehph/sauer354/cc_clones/lix-e/GroupApproximation/GGT/VanKampen/SurgeryOuterSideThickening.lean -o /projects/standard/hsiehph/sauer354/cc_clones/lix-e/.lake/build/lib/lean/GroupApproximation/GGT/VanKampen/SurgeryOuterSideThickening.olean -i /projects/standard/hsiehph/sauer354/cc_clones/lix-e/.lake/build/lib/lean/GroupApproximation/GGT/VanKampen/SurgeryOuterSideThickening.ilean -c /projects/standard/hsiehph/sauer354/cc_clones/lix-e/.lake/build/ir/GroupApproximation/GGT/VanKampen/SurgeryOuterSideThickening.c --setup /projects/standard/hsiehph/sauer354/cc_clones/lix-e/.lake/build/ir/GroupApproximation/GGT/VanKampen/SurgeryOuterSideThickening.setup.json --json
error: GroupApproximation/GGT/VanKampen/SurgeryOuterSideThickening.lean:129:29: Application type mismatch: The argument
  hex
has type
  Eq.{v + 1} (some (some e)) none
but is expected to have type
  Eq.{?u.135 + 2} ?m.289 ?m.291
in the application
  Option.noConfusion hex
error: GroupApproximation/GGT/VanKampen/SurgeryOuterSideThickening.lean:319:21: 'GroupApproximation.GGT.VanKampen.OuterSideThickening.outerSideThickening' depends on axioms outside the classical allowlist: [sorryAx]
  full closure: [propext, sorryAx, Classical.choice, Quot.sound]
  permitted: [propext, Classical.choice, Quot.sound]
info: GroupApproximation/GGT/VanKampen/SurgeryOuterSideThickening.lean:320:14: 'GroupApproximation.GGT.VanKampen.OuterSideThickening.side_outer_of_noOuterSideDart' depends on axioms: [propext,
 Classical.choice,
 Quot.sound]
info: GroupApproximation/GGT/VanKampen/SurgeryOuterSideThickening.lean:321:14: 'GroupApproximation.GGT.VanKampen.OuterSideThickening.faceOf_mem_of_side' depends on axioms: [propext,
 Classical.choice,
 Quot.sound]
info: GroupApproximation/GGT/VanKampen/SurgeryOuterSideThickening.lean:322:14: 'GroupApproximation.GGT.VanKampen.OuterSideThickening.not_mem_targetArc_of_outerSide' depends on axioms: [propext,
 Classical.choice,
 Quot.sound]
error: GroupApproximation/GGT/VanKampen/SurgeryOuterSideThickening.lean:323:14: 'GroupApproximation.GGT.VanKampen.OuterSideThickening.exists_of_isOuterSideDart' depends on axioms outside the classical allowlist: [sorryAx]
  full closure: [propext, sorryAx, Classical.choice, Quot.sound]
  permitted: [propext, Classical.choice, Quot.sound]
error: GroupApproximation/GGT/VanKampen/SurgeryOuterSideThickening.lean:324:14: 'GroupApproximation.GGT.VanKampen.OuterSideThickening.outerSideCount_lt' depends on axioms outside the classical allowlist: [sorryAx]
  full closure: [propext, sorryAx, Classical.choice, Quot.sound]
  permitted: [propext, Classical.choice, Quot.sound]
info: GroupApproximation/GGT/VanKampen/SurgeryOuterSideThickening.lean:325:14: 'GroupApproximation.GGT.VanKampen.OuterSideThickening.sectionFamilyOfTransport' depends on axioms: [propext,
 Classical.choice,
 Quot.sound]
error: GroupApproximation/GGT/VanKampen/SurgeryOuterSideThickening.lean:326:14: 'GroupApproximation.GGT.VanKampen.OuterSideThickening.exists_sideFree' depends on axioms outside the classical allowlist: [sorryAx]
  full closure: [propext, sorryAx, Classical.choice, Quot.sound]
  permitted: [propext, Classical.choice, Quot.sound]
error: Lean exited with code 1
Some required targets logged failures:
- GroupApproximation.GGT.VanKampen.SurgeryOuterSideThickening
error: build failed
EXIT=1
