purged 0 stale artifact sets (source-newer=0, import-newer=0) of 2327 oleans
[job] n27 cores=slurm threads=8 base=fbdce4552de9a9b8490c7d1918bce7845e810d34 mods: GroupApproximation.CharClass.LIXKGenOfLocalSquare
ℹ [8672/8782] Replayed GroupApproximation.CharClass.LIXKMap
info: GroupApproximation/CharClass/LIXKMap.lean:398:14: 'GroupApproximation.CharClass.psiVec_eq_neg_eOne_iff' depends on axioms: [propext, Classical.choice, Quot.sound]
info: GroupApproximation/CharClass/LIXKMap.lean:399:14: 'GroupApproximation.CharClass.kRoot_injective' depends on axioms: [propext, Classical.choice, Quot.sound]
info: GroupApproximation/CharClass/LIXKMap.lean:400:14: 'GroupApproximation.CharClass.psiVec_kRot' depends on axioms: [propext, Classical.choice, Quot.sound]
ℹ [8700/8829] Replayed GroupApproximation.CharClass.LIXKGenMap
info: GroupApproximation/CharClass/LIXKGenMap.lean:317:14: 'GroupApproximation.CharClass.KGen.psiVec_eq_neg_eZero_iff' depends on axioms: [propext, Classical.choice, Quot.sound]
info: GroupApproximation/CharClass/LIXKGenMap.lean:318:14: 'GroupApproximation.CharClass.KGen.kZero_injective' depends on axioms: [propext, Classical.choice, Quot.sound]
info: GroupApproximation/CharClass/LIXKGenMap.lean:319:14: 'GroupApproximation.CharClass.KGen.psiVec_kRot' depends on axioms: [propext, Classical.choice, Quot.sound]
info: GroupApproximation/CharClass/LIXKGenMap.lean:320:14: 'GroupApproximation.CharClass.KGen.re_kZeroVec_last' depends on axioms: [propext, Classical.choice, Quot.sound]
ℹ [8726/8829] Replayed GroupApproximation.AlgTop.PuncturedNormedSphere
info: GroupApproximation/AlgTop/PuncturedNormedSphere.lean:95:14: 'GroupApproximation.AlgTop.complexToEuclidean_eq_zero_iff' depends on axioms: [propext, Classical.choice, Quot.sound]
ℹ [8732/8850] Replayed GroupApproximation.CharClass.LIXKGenSphereChartHomeo
info: GroupApproximation/CharClass/LIXKGenSphereChartHomeo.lean:199:14: 'GroupApproximation.CharClass.KGen.chartQ_clamp_le_one' depends on axioms: [propext, Classical.choice, Quot.sound]
info: GroupApproximation/CharClass/LIXKGenSphereChartHomeo.lean:200:14: 'GroupApproximation.CharClass.KGen.one_sub_chartQ_inv' depends on axioms: [propext, Classical.choice, Quot.sound]
info: GroupApproximation/CharClass/LIXKGenSphereChartHomeo.lean:201:14: 'GroupApproximation.CharClass.KGen.sphereChartHomeo_zero' depends on axioms: [propext, Classical.choice, Quot.sound]
ℹ [8733/8850] Replayed GroupApproximation.CharClass.LIXKGenZeroChartHomeo
info: GroupApproximation/CharClass/LIXKGenZeroChartHomeo.lean:151:14: 'GroupApproximation.CharClass.KGen.isOpen_sphereNearZero' depends on axioms: [propext, Classical.choice, Quot.sound]
info: GroupApproximation/CharClass/LIXKGenZeroChartHomeo.lean:152:14: 'GroupApproximation.CharClass.KGen.psiSphere_zeroChartFun' depends on axioms: [propext, Classical.choice, Quot.sound]
info: GroupApproximation/CharClass/LIXKGenZeroChartHomeo.lean:153:14: 'GroupApproximation.CharClass.KGen.zeroChartHomeo_zero' depends on axioms: [propext, Classical.choice, Quot.sound]
ℹ [8767/8850] Replayed GroupApproximation.CharClass.ThomPuncturedRecursion
info: GroupApproximation/CharClass/ThomPuncturedRecursion.lean:288:14: 'GroupApproximation.CharClass.PuncturedAcyclicOf.prod' depends on axioms: [propext, Classical.choice, Quot.sound]
ℹ [8837/8996] Replayed GroupApproximation.CharClass.LIXKCount
info: GroupApproximation/CharClass/LIXKCount.lean:155:14: 'GroupApproximation.CharClass.map_eq_nsmul_of_localSplit' depends on axioms: [propext, Classical.choice, Quot.sound]
info: GroupApproximation/CharClass/LIXKCount.lean:156:14: 'GroupApproximation.CharClass.map_ne_zero_of_localSplit' depends on axioms: [propext, Classical.choice, Quot.sound]
ℹ [8879/8996] Replayed GroupApproximation.ThirdParty.HamSandwich.SphereOddDegree.SphereModTwoHomologyVanishing
info: GroupApproximation/ThirdParty/HamSandwich/SphereOddDegree/SphereModTwoHomologyVanishing.lean:318:21: 'GroupApproximation.ThirdParty.HamSandwich.SphereOddDegree.sphereModTwo_intermediate_vanishing_closed' depends on axioms: [propext,
 Classical.choice,
 Quot.sound]
ℹ [8884/8996] Replayed GroupApproximation.ThirdParty.HamSandwich.SphereOddDegree.SphereModTwoHomologyAboveDimension
info: GroupApproximation/ThirdParty/HamSandwich/SphereOddDegree/SphereModTwoHomologyAboveDimension.lean:87:21: 'GroupApproximation.ThirdParty.HamSandwich.SphereOddDegree.sphereModTwo_above_dimension_vanishing_closed' depends on axioms: [propext,
 Classical.choice,
 Quot.sound]
ℹ [8929/8996] Replayed GroupApproximation.CharClass.LIXKPunctured
info: GroupApproximation/CharClass/LIXKPunctured.lean:168:14: 'GroupApproximation.CharClass.isZero_inter_of_cover' depends on axioms: [propext, Classical.choice, Quot.sound]
info: GroupApproximation/CharClass/LIXKPunctured.lean:169:14: 'GroupApproximation.CharClass.isZero_punctured_finite' depends on axioms: [propext, Classical.choice, Quot.sound]
ℹ [8944/8996] Replayed GroupApproximation.CharClass.LIXKGenSphere
info: GroupApproximation/CharClass/LIXKGenSphere.lean:342:14: 'GroupApproximation.CharClass.KGen.normSq_cxToEuc' depends on axioms: [propext, Classical.choice, Quot.sound]
info: GroupApproximation/CharClass/LIXKGenSphere.lean:343:14: 'GroupApproximation.CharClass.KGen.cxToEuc_eucToCx' depends on axioms: [propext, Classical.choice, Quot.sound]
info: GroupApproximation/CharClass/LIXKGenSphere.lean:344:14: 'GroupApproximation.CharClass.KGen.puncturedAcyclic_unitVectors' depends on axioms: [propext,
 Classical.choice,
 Quot.sound]
info: GroupApproximation/CharClass/LIXKGenSphere.lean:345:14: 'GroupApproximation.CharClass.KGen.hbase' depends on axioms: [propext, Classical.choice, Quot.sound]
info: GroupApproximation/CharClass/LIXKGenSphere.lean:346:14: 'GroupApproximation.CharClass.KGen.hbase_two_eq_hbase_lix' depends on axioms: [propext, Classical.choice, Quot.sound]
ℹ [8945/8996] Replayed GroupApproximation.CharClass.LIXKGenPunctured
info: GroupApproximation/CharClass/LIXKGenPunctured.lean:182:14: 'GroupApproximation.CharClass.KGen.puncturedAcyclic_lixBase' depends on axioms: [propext, Classical.choice, Quot.sound]
info: GroupApproximation/CharClass/LIXKGenPunctured.lean:183:14: 'GroupApproximation.CharClass.KGen.puncturedVanish_finite' depends on axioms: [propext, Classical.choice, Quot.sound]
info: GroupApproximation/CharClass/LIXKGenPunctured.lean:184:14: 'GroupApproximation.CharClass.puncturedAcyclic_lixBase_two' depends on axioms: [propext, Classical.choice, Quot.sound]
ℹ [8959/8996] Replayed GroupApproximation.CharClass.LIXKStepC
info: GroupApproximation/CharClass/LIXKStepC.lean:134:14: 'GroupApproximation.CharClass.topChernClass_ne_zero_kzero' depends on axioms: [propext, Classical.choice, Quot.sound]
info: GroupApproximation/CharClass/LIXKStepC.lean:135:14: 'GroupApproximation.CharClass.topChernClass_ne_zero_kzero_naturality' depends on axioms: [propext,
 Classical.choice,
 Quot.sound]
ℹ [8960/8996] Replayed GroupApproximation.CharClass.LIXKStepCTwo
info: GroupApproximation/CharClass/LIXKStepCTwo.lean:134:14: 'GroupApproximation.CharClass.eq_of_ne_zero_of_line_two' depends on axioms: [propext, Classical.choice, Quot.sound]
info: GroupApproximation/CharClass/LIXKStepCTwo.lean:135:14: 'GroupApproximation.CharClass.localClassesAgree_of_ne_zero_two' depends on axioms: [propext,
 Classical.choice,
 Quot.sound]
info: GroupApproximation/CharClass/LIXKStepCTwo.lean:136:14: 'GroupApproximation.CharClass.topChernClass_ne_zero_kzero_two' depends on axioms: [propext,
 Classical.choice,
 Quot.sound]
ℹ [8970/8996] Replayed GroupApproximation.CharClass.LIXKGenBaseChart
info: GroupApproximation/CharClass/LIXKGenBaseChart.lean:219:14: 'GroupApproximation.CharClass.KGen.lixKBaseChart_zero' depends on axioms: [propext, Classical.choice, Quot.sound]
info: GroupApproximation/CharClass/LIXKGenBaseChart.lean:220:14: 'GroupApproximation.CharClass.KGen.lixKFullChart_zero' depends on axioms: [propext, Classical.choice, Quot.sound]
info: GroupApproximation/CharClass/LIXKGenBaseChart.lean:221:14: 'GroupApproximation.CharClass.KGen.lixKNbhdHomeo_zero' depends on axioms: [propext, Classical.choice, Quot.sound]
ℹ [8979/8996] Replayed GroupApproximation.CharClass.LIXKGenLocalPair
info: GroupApproximation/CharClass/LIXKGenLocalPair.lean:289:14: 'GroupApproximation.CharClass.KGen.lixKZero_notMem_lixKTrivBall' depends on axioms: [propext,
 Classical.choice,
 Quot.sound]
info: GroupApproximation/CharClass/LIXKGenLocalPair.lean:290:14: 'GroupApproximation.CharClass.KGen.contractibleSpace_lixKTrivBall' depends on axioms: [propext,
 Classical.choice,
 Quot.sound]
info: GroupApproximation/CharClass/LIXKGenLocalPair.lean:291:14: 'GroupApproximation.CharClass.KGen.lixKTrivBall_subset_target' depends on axioms: [propext,
 Classical.choice,
 Quot.sound]
ℹ [8983/8996] Replayed GroupApproximation.CharClass.LIXKGenTopLine
info: GroupApproximation/CharClass/LIXKGenTopLine.lean:85:14: 'GroupApproximation.CharClass.KGen.hasTopLine_circleTimesSphere' depends on axioms: [propext,
 Classical.choice,
 Quot.sound]
info: GroupApproximation/CharClass/LIXKGenTopLine.lean:86:14: 'GroupApproximation.CharClass.KGen.absEquiv_lixN' depends on axioms: [propext, Classical.choice, Quot.sound]
ℹ [8986/8996] Replayed GroupApproximation.CharClass.LIXKGenOfBundle
info: GroupApproximation/CharClass/LIXKGenOfBundle.lean:142:14: 'GroupApproximation.CharClass.KGen.lixK_hexactOf' depends on axioms: [propext, Classical.choice, Quot.sound]
info: GroupApproximation/CharClass/LIXKGenOfBundle.lean:143:14: 'GroupApproximation.CharClass.KGen.lixK_hcompatOf' depends on axioms: [propext, Classical.choice, Quot.sound]
info: GroupApproximation/CharClass/LIXKGenOfBundle.lean:144:14: 'GroupApproximation.CharClass.KGen.lixK_hnatOf' depends on axioms: [propext, Classical.choice, Quot.sound]
info: GroupApproximation/CharClass/LIXKGenOfBundle.lean:145:14: 'GroupApproximation.CharClass.KGen.lixK_hsectionOf' depends on axioms: [propext, Classical.choice, Quot.sound]
ℹ [8989/8996] Replayed GroupApproximation.CharClass.LIXKGenLocalNbhd
info: GroupApproximation/CharClass/LIXKGenLocalNbhd.lean:286:14: 'GroupApproximation.CharClass.KGen.chartQ_lt_one_of_mem_lixKHsqBall' depends on axioms: [propext,
 Classical.choice,
 Quot.sound]
info: GroupApproximation/CharClass/LIXKGenLocalNbhd.lean:287:14: 'GroupApproximation.CharClass.KGen.circCoord_mem_Ioo_of_mem_lixKHsqBall' depends on axioms: [propext,
 Classical.choice,
 Quot.sound]
info: GroupApproximation/CharClass/LIXKGenLocalNbhd.lean:288:14: 'GroupApproximation.CharClass.KGen.injective_lixKShrink' depends on axioms: [propext, Classical.choice, Quot.sound]
ℹ [8995/8996] Built GroupApproximation.CharClass.LIXKGenLocalHomotopy (201s)
info: GroupApproximation/CharClass/LIXKGenLocalHomotopy.lean:672:14: 'GroupApproximation.CharClass.KGen.lixKHomotopy_mapsTo' depends on axioms: [propext, Classical.choice, Quot.sound]
info: GroupApproximation/CharClass/LIXKGenLocalHomotopy.lean:673:14: 'GroupApproximation.CharClass.KGen.lixKHomotopy_at_one' depends on axioms: [propext, Classical.choice, Quot.sound]
info: GroupApproximation/CharClass/LIXKGenLocalHomotopy.lean:674:14: 'GroupApproximation.CharClass.KGen.lixKHomotopy_at_zero' depends on axioms: [propext, Classical.choice, Quot.sound]
info: GroupApproximation/CharClass/LIXKGenLocalHomotopy.lean:675:14: 'GroupApproximation.CharClass.KGen.lixKChartPt_mapsTo' depends on axioms: [propext, Classical.choice, Quot.sound]
info: GroupApproximation/CharClass/LIXKGenLocalHomotopy.lean:676:14: 'GroupApproximation.CharClass.KGen.lixKGRmap_eq' depends on axioms: [propext, Classical.choice, Quot.sound]
info: GroupApproximation/CharClass/LIXKGenLocalHomotopy.lean:677:14: 'GroupApproximation.CharClass.KGen.lixKHomotopy_end_one' depends on axioms: [propext, Classical.choice, Quot.sound]
info: GroupApproximation/CharClass/LIXKGenLocalHomotopy.lean:678:14: 'GroupApproximation.CharClass.KGen.lixKHomotopy_end_zero' depends on axioms: [propext, Classical.choice, Quot.sound]
✖ [8996/8996] Building GroupApproximation.CharClass.LIXKGenOfLocalSquare (23s)
trace: .> LEAN_PATH=/projects/standard/hsiehph/sauer354/cc_clones/cs-endpoint/.lake/packages/Cli/.lake/build/lib/lean:/projects/standard/hsiehph/sauer354/cc_clones/cs-endpoint/.lake/packages/batteries/.lake/build/lib/lean:/projects/standard/hsiehph/sauer354/cc_clones/cs-endpoint/.lake/packages/Qq/.lake/build/lib/lean:/projects/standard/hsiehph/sauer354/cc_clones/cs-endpoint/.lake/packages/aesop/.lake/build/lib/lean:/projects/standard/hsiehph/sauer354/cc_clones/cs-endpoint/.lake/packages/proofwidgets/.lake/build/lib/lean:/projects/standard/hsiehph/sauer354/cc_clones/cs-endpoint/.lake/packages/importGraph/.lake/build/lib/lean:/projects/standard/hsiehph/sauer354/cc_clones/cs-endpoint/.lake/packages/LeanSearchClient/.lake/build/lib/lean:/projects/standard/hsiehph/sauer354/cc_clones/cs-endpoint/.lake/packages/plausible/.lake/build/lib/lean:/projects/standard/hsiehph/sauer354/cc_clones/cs-endpoint/.lake/packages/mathlib/.lake/build/lib/lean:/projects/standard/hsiehph/sauer354/cc_clones/lix-e/.lake/build/lib/lean /projects/standard/hsiehph/sauer354/.elan/toolchains/leanprover--lean4---v4.32.0/bin/lean -DwarningAsError=true /projects/standard/hsiehph/sauer354/cc_clones/lix-e/GroupApproximation/CharClass/LIXKGenOfLocalSquare.lean -o /projects/standard/hsiehph/sauer354/cc_clones/lix-e/.lake/build/lib/lean/GroupApproximation/CharClass/LIXKGenOfLocalSquare.olean -i /projects/standard/hsiehph/sauer354/cc_clones/lix-e/.lake/build/lib/lean/GroupApproximation/CharClass/LIXKGenOfLocalSquare.ilean -c /projects/standard/hsiehph/sauer354/cc_clones/lix-e/.lake/build/ir/GroupApproximation/CharClass/LIXKGenOfLocalSquare.c --setup /projects/standard/hsiehph/sauer354/cc_clones/lix-e/.lake/build/ir/GroupApproximation/CharClass/LIXKGenOfLocalSquare.setup.json --json
error: GroupApproximation/CharClass/LIXKGenOfLocalSquare.lean:169:13: This simp argument is unused:
  ModuleCat.hom_comp

Hint: Omit it from the simp argument list.
  simp only [M̵o̵d̵u̵l̵e̵C̵a̵t̵.̵h̵o̵m̵_̵c̵o̵m̵p̵,̵ ̵LinearMap.coe_comp, Function.comp_apply]

Note: This linter can be disabled with `set_option linter.unusedSimpArgs false`
error: GroupApproximation/CharClass/LIXKGenOfLocalSquare.lean:169:33: This simp argument is unused:
  LinearMap.coe_comp

Hint: Omit it from the simp argument list.
  simp only [ModuleCat.hom_comp, L̵i̵n̵e̵a̵r̵M̵a̵p̵.̵c̵o̵e̵_̵c̵o̵m̵p̵,̵ ̵Function.comp_apply]

Note: This linter can be disabled with `set_option linter.unusedSimpArgs false`
error: GroupApproximation/CharClass/LIXKGenOfLocalSquare.lean:169:53: This simp argument is unused:
  Function.comp_apply

Hint: Omit it from the simp argument list.
  simp only [ModuleCat.hom_comp, LinearMap.coe_comp,̵ ̵F̵u̵n̵c̵t̵i̵o̵n̵.̵c̵o̵m̵p̵_̵a̵p̵p̵l̵y̵]

Note: This linter can be disabled with `set_option linter.unusedSimpArgs false`
info: GroupApproximation/CharClass/LIXKGenOfLocalSquare.lean:222:14: 'GroupApproximation.CharClass.KGen.restrictTo_relPullback_ne_zero_of_homotopy' depends on axioms: [propext,
 Classical.choice,
 Quot.sound]
info: GroupApproximation/CharClass/LIXKGenOfLocalSquare.lean:223:14: 'GroupApproximation.CharClass.KGen.lixKFarMap_relPullback_ne_zero' depends on axioms: [propext,
 Classical.choice,
 Quot.sound]
info: GroupApproximation/CharClass/LIXKGenOfLocalSquare.lean:224:14: 'GroupApproximation.CharClass.KGen.kGenLocalNonzeroOf_of_fibre' depends on axioms: [propext,
 Classical.choice,
 Quot.sound]
info: GroupApproximation/CharClass/LIXKGenOfLocalSquare.lean:225:14: 'GroupApproximation.CharClass.KGen.exists_localSplit_ne_zero_kgenOf_of_fibre' depends on axioms: [propext,
 Classical.choice,
 Quot.sound]
error: Lean exited with code 1
Some required targets logged failures:
- GroupApproximation.CharClass.LIXKGenOfLocalSquare
error: build failed
EXIT=1
