purged 474 stale artifact sets (source-newer=0, import-newer=474) of 2527 oleans
[job] cn1079 cores=slurm threads=8 base=a0ff25d62f3610038593f2bffd72eb7104d730b1 mods: GroupApproximation.CharClass.LIXKGenSector GroupApproximation.CharClass.LIXKGenLocalHomeo
ℹ [8713/8811] Replayed GroupApproximation.AlgTop.PuncturedNormedSphere
info: GroupApproximation/AlgTop/PuncturedNormedSphere.lean:95:14: 'GroupApproximation.AlgTop.complexToEuclidean_eq_zero_iff' depends on axioms: [propext, Classical.choice, Quot.sound]
ℹ [8784/8811] Replayed GroupApproximation.ThirdParty.HamSandwich.SphereOddDegree.SphereModTwoHomologyVanishing
info: GroupApproximation/ThirdParty/HamSandwich/SphereOddDegree/SphereModTwoHomologyVanishing.lean:318:21: 'GroupApproximation.ThirdParty.HamSandwich.SphereOddDegree.sphereModTwo_intermediate_vanishing_closed' depends on axioms: [propext,
 Classical.choice,
 Quot.sound]
ℹ [8785/8811] Replayed GroupApproximation.ThirdParty.HamSandwich.SphereOddDegree.SphereModTwoHomologyAboveDimension
info: GroupApproximation/ThirdParty/HamSandwich/SphereOddDegree/SphereModTwoHomologyAboveDimension.lean:87:21: 'GroupApproximation.ThirdParty.HamSandwich.SphereOddDegree.sphereModTwo_above_dimension_vanishing_closed' depends on axioms: [propext,
 Classical.choice,
 Quot.sound]
✔ [8797/8811] Built GroupApproximation.Analysis.LIXPowersGauge (64s)
✔ [8798/8811] Built GroupApproximation.Analysis.LIXPowersNaturality (14s)
✔ [8799/8811] Built GroupApproximation.Analysis.LIXPowersJoinPower (21s)
✔ [8800/8811] Built GroupApproximation.CharClass.LemmaTwoParity (231s)
ℹ [8803/8811] Built GroupApproximation.CharClass.LIXKMap (132s)
info: GroupApproximation/CharClass/LIXKMap.lean:398:14: 'GroupApproximation.CharClass.psiVec_eq_neg_eOne_iff' depends on axioms: [propext, Classical.choice, Quot.sound]
info: GroupApproximation/CharClass/LIXKMap.lean:399:14: 'GroupApproximation.CharClass.kRoot_injective' depends on axioms: [propext, Classical.choice, Quot.sound]
info: GroupApproximation/CharClass/LIXKMap.lean:400:14: 'GroupApproximation.CharClass.psiVec_kRot' depends on axioms: [propext, Classical.choice, Quot.sound]
✔ [8804/8811] Built GroupApproximation.CharClass.RelativeLocalModel (231s)
✖ [8805/8811] Building GroupApproximation.CharClass.LIXKGenSect (34s)
trace: .> LEAN_PATH=/projects/standard/hsiehph/sauer354/cc_clones/cs-endpoint/.lake/packages/Cli/.lake/build/lib/lean:/projects/standard/hsiehph/sauer354/cc_clones/cs-endpoint/.lake/packages/batteries/.lake/build/lib/lean:/projects/standard/hsiehph/sauer354/cc_clones/cs-endpoint/.lake/packages/Qq/.lake/build/lib/lean:/projects/standard/hsiehph/sauer354/cc_clones/cs-endpoint/.lake/packages/aesop/.lake/build/lib/lean:/projects/standard/hsiehph/sauer354/cc_clones/cs-endpoint/.lake/packages/proofwidgets/.lake/build/lib/lean:/projects/standard/hsiehph/sauer354/cc_clones/cs-endpoint/.lake/packages/importGraph/.lake/build/lib/lean:/projects/standard/hsiehph/sauer354/cc_clones/cs-endpoint/.lake/packages/LeanSearchClient/.lake/build/lib/lean:/projects/standard/hsiehph/sauer354/cc_clones/cs-endpoint/.lake/packages/plausible/.lake/build/lib/lean:/projects/standard/hsiehph/sauer354/cc_clones/cs-endpoint/.lake/packages/mathlib/.lake/build/lib/lean:/projects/standard/hsiehph/sauer354/cc_clones/lix-a/.lake/build/lib/lean /projects/standard/hsiehph/sauer354/.elan/toolchains/leanprover--lean4---v4.32.0/bin/lean -DwarningAsError=true /projects/standard/hsiehph/sauer354/cc_clones/lix-a/GroupApproximation/CharClass/LIXKGenSect.lean -o /projects/standard/hsiehph/sauer354/cc_clones/lix-a/.lake/build/lib/lean/GroupApproximation/CharClass/LIXKGenSect.olean -i /projects/standard/hsiehph/sauer354/cc_clones/lix-a/.lake/build/lib/lean/GroupApproximation/CharClass/LIXKGenSect.ilean -c /projects/standard/hsiehph/sauer354/cc_clones/lix-a/.lake/build/ir/GroupApproximation/CharClass/LIXKGenSect.c --setup /projects/standard/hsiehph/sauer354/cc_clones/lix-a/.lake/build/ir/GroupApproximation/CharClass/LIXKGenSect.setup.json --json
error: GroupApproximation/CharClass/LIXKGenSect.lean:72:2: No goals to be solved
info: GroupApproximation/CharClass/LIXKGenSect.lean:147:14: 'GroupApproximation.CharClass.KGen.kSect_pow' depends on axioms: [propext, Classical.choice, Quot.sound]
info: GroupApproximation/CharClass/LIXKGenSect.lean:148:14: 'GroupApproximation.CharClass.KGen.joinC_kSect' depends on axioms: [propext, Classical.choice, Quot.sound]
info: GroupApproximation/CharClass/LIXKGenSect.lean:149:14: 'GroupApproximation.CharClass.KGen.kSect_neg_one' depends on axioms: [propext, Classical.choice, Quot.sound]
info: GroupApproximation/CharClass/LIXKGenSect.lean:150:14: 'GroupApproximation.CharClass.KGen.continuousOn_kSect' depends on axioms: [propext, Classical.choice, Quot.sound]
error: Lean exited with code 1
ℹ [8808/8811] Built GroupApproximation.CharClass.LIXKGenMap (36s)
info: GroupApproximation/CharClass/LIXKGenMap.lean:317:14: 'GroupApproximation.CharClass.KGen.psiVec_eq_neg_eZero_iff' depends on axioms: [propext, Classical.choice, Quot.sound]
info: GroupApproximation/CharClass/LIXKGenMap.lean:318:14: 'GroupApproximation.CharClass.KGen.kZero_injective' depends on axioms: [propext, Classical.choice, Quot.sound]
info: GroupApproximation/CharClass/LIXKGenMap.lean:319:14: 'GroupApproximation.CharClass.KGen.psiVec_kRot' depends on axioms: [propext, Classical.choice, Quot.sound]
info: GroupApproximation/CharClass/LIXKGenMap.lean:320:14: 'GroupApproximation.CharClass.KGen.re_kZeroVec_last' depends on axioms: [propext, Classical.choice, Quot.sound]
✖ [8809/8811] Building GroupApproximation.CharClass.LIXKGenChart (35s)
trace: .> LEAN_PATH=/projects/standard/hsiehph/sauer354/cc_clones/cs-endpoint/.lake/packages/Cli/.lake/build/lib/lean:/projects/standard/hsiehph/sauer354/cc_clones/cs-endpoint/.lake/packages/batteries/.lake/build/lib/lean:/projects/standard/hsiehph/sauer354/cc_clones/cs-endpoint/.lake/packages/Qq/.lake/build/lib/lean:/projects/standard/hsiehph/sauer354/cc_clones/cs-endpoint/.lake/packages/aesop/.lake/build/lib/lean:/projects/standard/hsiehph/sauer354/cc_clones/cs-endpoint/.lake/packages/proofwidgets/.lake/build/lib/lean:/projects/standard/hsiehph/sauer354/cc_clones/cs-endpoint/.lake/packages/importGraph/.lake/build/lib/lean:/projects/standard/hsiehph/sauer354/cc_clones/cs-endpoint/.lake/packages/LeanSearchClient/.lake/build/lib/lean:/projects/standard/hsiehph/sauer354/cc_clones/cs-endpoint/.lake/packages/plausible/.lake/build/lib/lean:/projects/standard/hsiehph/sauer354/cc_clones/cs-endpoint/.lake/packages/mathlib/.lake/build/lib/lean:/projects/standard/hsiehph/sauer354/cc_clones/lix-a/.lake/build/lib/lean /projects/standard/hsiehph/sauer354/.elan/toolchains/leanprover--lean4---v4.32.0/bin/lean -DwarningAsError=true /projects/standard/hsiehph/sauer354/cc_clones/lix-a/GroupApproximation/CharClass/LIXKGenChart.lean -o /projects/standard/hsiehph/sauer354/cc_clones/lix-a/.lake/build/lib/lean/GroupApproximation/CharClass/LIXKGenChart.olean -i /projects/standard/hsiehph/sauer354/cc_clones/lix-a/.lake/build/lib/lean/GroupApproximation/CharClass/LIXKGenChart.ilean -c /projects/standard/hsiehph/sauer354/cc_clones/lix-a/.lake/build/ir/GroupApproximation/CharClass/LIXKGenChart.c --setup /projects/standard/hsiehph/sauer354/cc_clones/lix-a/.lake/build/ir/GroupApproximation/CharClass/LIXKGenChart.setup.json --json
error: GroupApproximation/CharClass/LIXKGenChart.lean:135:8: Used `tac1 <;> tac2` where `(tac1; tac2)` would suffice

Note: This linter can be disabled with `set_option linter.unnecessarySeqFocus false`
error: GroupApproximation/CharClass/LIXKGenChart.lean:136:74: Used `tac1 <;> tac2` where `(tac1; tac2)` would suffice

Note: This linter can be disabled with `set_option linter.unnecessarySeqFocus false`
error: GroupApproximation/CharClass/LIXKGenChart.lean:141:65: Used `tac1 <;> tac2` where `(tac1; tac2)` would suffice

Note: This linter can be disabled with `set_option linter.unnecessarySeqFocus false`
error: GroupApproximation/CharClass/LIXKGenChart.lean:143:45: Used `tac1 <;> tac2` where `(tac1; tac2)` would suffice

Note: This linter can be disabled with `set_option linter.unnecessarySeqFocus false`
info: GroupApproximation/CharClass/LIXKGenChart.lean:236:14: 'GroupApproximation.CharClass.KGen.sphereChartVec_mem' depends on axioms: [propext, Classical.choice, Quot.sound]
info: GroupApproximation/CharClass/LIXKGenChart.lean:237:14: 'GroupApproximation.CharClass.KGen.eulerLinearModel_surjective' depends on axioms: [propext,
 Classical.choice,
 Quot.sound]
info: GroupApproximation/CharClass/LIXKGenChart.lean:238:14: 'GroupApproximation.CharClass.KGen.trivialBlockChart_eq_zero_iff' depends on axioms: [propext,
 Classical.choice,
 Quot.sound]
error: Lean exited with code 1
Some required targets logged failures:
- GroupApproximation.CharClass.LIXKGenSect
- GroupApproximation.CharClass.LIXKGenChart
error: build failed
EXIT=1
