purged 0 stale artifact sets (source-newer=0, import-newer=0) of 2292 oleans
[job] acn112 cores=64-71 threads=8 base=948130d7902160fb6ed925d406aa20c576c32ba4 mods: GroupApproximation.CharClass.LIXKGenOfPunctured GroupApproximation.CharClass.LIXKGenOfTopLine GroupApproximation.CharClass.LIXKGenOfStepC
ℹ [8714/8831] Replayed GroupApproximation.AlgTop.PuncturedNormedSphere
info: GroupApproximation/AlgTop/PuncturedNormedSphere.lean:95:14: 'GroupApproximation.AlgTop.complexToEuclidean_eq_zero_iff' depends on axioms: [propext, Classical.choice, Quot.sound]
ℹ [8746/8836] Replayed GroupApproximation.CharClass.ThomPuncturedRecursion
info: GroupApproximation/CharClass/ThomPuncturedRecursion.lean:288:14: 'GroupApproximation.CharClass.PuncturedAcyclicOf.prod' depends on axioms: [propext, Classical.choice, Quot.sound]
ℹ [8771/8867] Replayed GroupApproximation.CharClass.LIXKMap
info: GroupApproximation/CharClass/LIXKMap.lean:398:14: 'GroupApproximation.CharClass.psiVec_eq_neg_eOne_iff' depends on axioms: [propext, Classical.choice, Quot.sound]
info: GroupApproximation/CharClass/LIXKMap.lean:399:14: 'GroupApproximation.CharClass.kRoot_injective' depends on axioms: [propext, Classical.choice, Quot.sound]
info: GroupApproximation/CharClass/LIXKMap.lean:400:14: 'GroupApproximation.CharClass.psiVec_kRot' depends on axioms: [propext, Classical.choice, Quot.sound]
ℹ [8784/8923] Replayed GroupApproximation.CharClass.LIXKGenMap
info: GroupApproximation/CharClass/LIXKGenMap.lean:317:14: 'GroupApproximation.CharClass.KGen.psiVec_eq_neg_eZero_iff' depends on axioms: [propext, Classical.choice, Quot.sound]
info: GroupApproximation/CharClass/LIXKGenMap.lean:318:14: 'GroupApproximation.CharClass.KGen.kZero_injective' depends on axioms: [propext, Classical.choice, Quot.sound]
info: GroupApproximation/CharClass/LIXKGenMap.lean:319:14: 'GroupApproximation.CharClass.KGen.psiVec_kRot' depends on axioms: [propext, Classical.choice, Quot.sound]
info: GroupApproximation/CharClass/LIXKGenMap.lean:320:14: 'GroupApproximation.CharClass.KGen.re_kZeroVec_last' depends on axioms: [propext, Classical.choice, Quot.sound]
ℹ [8823/8958] Replayed GroupApproximation.CharClass.LIXKCount
info: GroupApproximation/CharClass/LIXKCount.lean:155:14: 'GroupApproximation.CharClass.map_eq_nsmul_of_localSplit' depends on axioms: [propext, Classical.choice, Quot.sound]
info: GroupApproximation/CharClass/LIXKCount.lean:156:14: 'GroupApproximation.CharClass.map_ne_zero_of_localSplit' depends on axioms: [propext, Classical.choice, Quot.sound]
ℹ [8838/8966] Replayed GroupApproximation.CharClass.LIXKGenSphereChartHomeo
info: GroupApproximation/CharClass/LIXKGenSphereChartHomeo.lean:199:14: 'GroupApproximation.CharClass.KGen.chartQ_clamp_le_one' depends on axioms: [propext, Classical.choice, Quot.sound]
info: GroupApproximation/CharClass/LIXKGenSphereChartHomeo.lean:200:14: 'GroupApproximation.CharClass.KGen.one_sub_chartQ_inv' depends on axioms: [propext, Classical.choice, Quot.sound]
info: GroupApproximation/CharClass/LIXKGenSphereChartHomeo.lean:201:14: 'GroupApproximation.CharClass.KGen.sphereChartHomeo_zero' depends on axioms: [propext, Classical.choice, Quot.sound]
ℹ [8839/8966] Replayed GroupApproximation.CharClass.LIXKGenZeroChartHomeo
info: GroupApproximation/CharClass/LIXKGenZeroChartHomeo.lean:151:14: 'GroupApproximation.CharClass.KGen.isOpen_sphereNearZero' depends on axioms: [propext, Classical.choice, Quot.sound]
info: GroupApproximation/CharClass/LIXKGenZeroChartHomeo.lean:152:14: 'GroupApproximation.CharClass.KGen.psiSphere_zeroChartFun' depends on axioms: [propext, Classical.choice, Quot.sound]
info: GroupApproximation/CharClass/LIXKGenZeroChartHomeo.lean:153:14: 'GroupApproximation.CharClass.KGen.zeroChartHomeo_zero' depends on axioms: [propext, Classical.choice, Quot.sound]
ℹ [8868/8966] Replayed GroupApproximation.ThirdParty.HamSandwich.SphereOddDegree.SphereModTwoHomologyVanishing
info: GroupApproximation/ThirdParty/HamSandwich/SphereOddDegree/SphereModTwoHomologyVanishing.lean:318:21: 'GroupApproximation.ThirdParty.HamSandwich.SphereOddDegree.sphereModTwo_intermediate_vanishing_closed' depends on axioms: [propext,
 Classical.choice,
 Quot.sound]
ℹ [8869/8966] Replayed GroupApproximation.ThirdParty.HamSandwich.SphereOddDegree.SphereModTwoHomologyAboveDimension
info: GroupApproximation/ThirdParty/HamSandwich/SphereOddDegree/SphereModTwoHomologyAboveDimension.lean:87:21: 'GroupApproximation.ThirdParty.HamSandwich.SphereOddDegree.sphereModTwo_above_dimension_vanishing_closed' depends on axioms: [propext,
 Classical.choice,
 Quot.sound]
ℹ [8914/8966] Replayed GroupApproximation.CharClass.LIXKPunctured
info: GroupApproximation/CharClass/LIXKPunctured.lean:168:14: 'GroupApproximation.CharClass.isZero_inter_of_cover' depends on axioms: [propext, Classical.choice, Quot.sound]
info: GroupApproximation/CharClass/LIXKPunctured.lean:169:14: 'GroupApproximation.CharClass.isZero_punctured_finite' depends on axioms: [propext, Classical.choice, Quot.sound]
ℹ [8937/8966] Replayed GroupApproximation.CharClass.LIXKGenSphere
info: GroupApproximation/CharClass/LIXKGenSphere.lean:342:14: 'GroupApproximation.CharClass.KGen.normSq_cxToEuc' depends on axioms: [propext, Classical.choice, Quot.sound]
info: GroupApproximation/CharClass/LIXKGenSphere.lean:343:14: 'GroupApproximation.CharClass.KGen.cxToEuc_eucToCx' depends on axioms: [propext, Classical.choice, Quot.sound]
info: GroupApproximation/CharClass/LIXKGenSphere.lean:344:14: 'GroupApproximation.CharClass.KGen.puncturedAcyclic_unitVectors' depends on axioms: [propext,
 Classical.choice,
 Quot.sound]
info: GroupApproximation/CharClass/LIXKGenSphere.lean:345:14: 'GroupApproximation.CharClass.KGen.hbase' depends on axioms: [propext, Classical.choice, Quot.sound]
info: GroupApproximation/CharClass/LIXKGenSphere.lean:346:14: 'GroupApproximation.CharClass.KGen.hbase_two_eq_hbase_lix' depends on axioms: [propext, Classical.choice, Quot.sound]
ℹ [8938/8966] Replayed GroupApproximation.CharClass.LIXKGenPunctured
info: GroupApproximation/CharClass/LIXKGenPunctured.lean:182:14: 'GroupApproximation.CharClass.KGen.puncturedAcyclic_lixBase' depends on axioms: [propext, Classical.choice, Quot.sound]
info: GroupApproximation/CharClass/LIXKGenPunctured.lean:183:14: 'GroupApproximation.CharClass.KGen.puncturedVanish_finite' depends on axioms: [propext, Classical.choice, Quot.sound]
info: GroupApproximation/CharClass/LIXKGenPunctured.lean:184:14: 'GroupApproximation.CharClass.puncturedAcyclic_lixBase_two' depends on axioms: [propext, Classical.choice, Quot.sound]
ℹ [8960/8966] Replayed GroupApproximation.CharClass.LIXKGenBaseChart
info: GroupApproximation/CharClass/LIXKGenBaseChart.lean:219:14: 'GroupApproximation.CharClass.KGen.lixKBaseChart_zero' depends on axioms: [propext, Classical.choice, Quot.sound]
info: GroupApproximation/CharClass/LIXKGenBaseChart.lean:220:14: 'GroupApproximation.CharClass.KGen.lixKFullChart_zero' depends on axioms: [propext, Classical.choice, Quot.sound]
info: GroupApproximation/CharClass/LIXKGenBaseChart.lean:221:14: 'GroupApproximation.CharClass.KGen.lixKNbhdHomeo_zero' depends on axioms: [propext, Classical.choice, Quot.sound]
ℹ [8961/8966] Replayed GroupApproximation.CharClass.LIXKGenOfModel
info: GroupApproximation/CharClass/LIXKGenOfModel.lean:62:14: 'GroupApproximation.CharClass.KGen.lixKRelModelIsoOf_ne_zero' depends on axioms: [propext, Classical.choice, Quot.sound]
ℹ [8962/8966] Replayed GroupApproximation.CharClass.LIXKGenOfBundle
info: GroupApproximation/CharClass/LIXKGenOfBundle.lean:142:14: 'GroupApproximation.CharClass.KGen.lixK_hexactOf' depends on axioms: [propext, Classical.choice, Quot.sound]
info: GroupApproximation/CharClass/LIXKGenOfBundle.lean:143:14: 'GroupApproximation.CharClass.KGen.lixK_hcompatOf' depends on axioms: [propext, Classical.choice, Quot.sound]
info: GroupApproximation/CharClass/LIXKGenOfBundle.lean:144:14: 'GroupApproximation.CharClass.KGen.lixK_hnatOf' depends on axioms: [propext, Classical.choice, Quot.sound]
info: GroupApproximation/CharClass/LIXKGenOfBundle.lean:145:14: 'GroupApproximation.CharClass.KGen.lixK_hsectionOf' depends on axioms: [propext, Classical.choice, Quot.sound]
ℹ [8964/8966] Built GroupApproximation.CharClass.LIXKGenOfTopLine (22s)
info: GroupApproximation/CharClass/LIXKGenOfTopLine.lean:86:14: 'GroupApproximation.CharClass.KGen.hasTopLineOf_circleTimesSphere' depends on axioms: [propext,
 Classical.choice,
 Quot.sound]
info: GroupApproximation/CharClass/LIXKGenOfTopLine.lean:87:14: 'GroupApproximation.CharClass.KGen.absEquiv_lixNOf' depends on axioms: [propext, Classical.choice, Quot.sound]
ℹ [8965/8966] Built GroupApproximation.CharClass.LIXKGenOfPunctured (23s)
info: GroupApproximation/CharClass/LIXKGenOfPunctured.lean:131:14: 'GroupApproximation.CharClass.KGen.hbaseOf' depends on axioms: [propext, Classical.choice, Quot.sound]
info: GroupApproximation/CharClass/LIXKGenOfPunctured.lean:132:14: 'GroupApproximation.CharClass.KGen.puncturedAcyclic_lixKZeroOf' depends on axioms: [propext,
 Classical.choice,
 Quot.sound]
ℹ [8966/8966] Built GroupApproximation.CharClass.LIXKGenOfStepC (25s)
info: GroupApproximation/CharClass/LIXKGenOfStepC.lean:171:14: 'GroupApproximation.CharClass.topChernClass_ne_zero_kzeroOf' depends on axioms: [propext, Classical.choice, Quot.sound]
info: GroupApproximation/CharClass/LIXKGenOfStepC.lean:172:14: 'GroupApproximation.CharClass.KGen.lixK_topClass_ne_zeroOf' depends on axioms: [propext, Classical.choice, Quot.sound]
info: GroupApproximation/CharClass/LIXKGenOfStepC.lean:173:14: 'GroupApproximation.CharClass.KGen.stepCHalf_of_kZeroStepCDataOf' depends on axioms: [propext,
 Classical.choice,
 Quot.sound]
Build completed successfully (8966 jobs).
EXIT=0
