purged 0 stale artifact sets (source-newer=0, import-newer=0) of 2303 oleans
[job] acn112 cores=72-79 threads=8 base=0f038ff96f321439022e5c3bda228e200b5b9a49 mods: GroupApproximation.CharClass.LIXKGenLocalPair
ℹ [8700/8852] Replayed GroupApproximation.AlgTop.PuncturedNormedSphere
info: GroupApproximation/AlgTop/PuncturedNormedSphere.lean:95:14: 'GroupApproximation.AlgTop.complexToEuclidean_eq_zero_iff' depends on axioms: [propext, Classical.choice, Quot.sound]
ℹ [8707/8869] Replayed GroupApproximation.CharClass.LIXKMap
info: GroupApproximation/CharClass/LIXKMap.lean:398:14: 'GroupApproximation.CharClass.psiVec_eq_neg_eOne_iff' depends on axioms: [propext, Classical.choice, Quot.sound]
info: GroupApproximation/CharClass/LIXKMap.lean:399:14: 'GroupApproximation.CharClass.kRoot_injective' depends on axioms: [propext, Classical.choice, Quot.sound]
info: GroupApproximation/CharClass/LIXKMap.lean:400:14: 'GroupApproximation.CharClass.psiVec_kRot' depends on axioms: [propext, Classical.choice, Quot.sound]
ℹ [8749/8883] Replayed GroupApproximation.CharClass.LIXKGenMap
info: GroupApproximation/CharClass/LIXKGenMap.lean:317:14: 'GroupApproximation.CharClass.KGen.psiVec_eq_neg_eZero_iff' depends on axioms: [propext, Classical.choice, Quot.sound]
info: GroupApproximation/CharClass/LIXKGenMap.lean:318:14: 'GroupApproximation.CharClass.KGen.kZero_injective' depends on axioms: [propext, Classical.choice, Quot.sound]
info: GroupApproximation/CharClass/LIXKGenMap.lean:319:14: 'GroupApproximation.CharClass.KGen.psiVec_kRot' depends on axioms: [propext, Classical.choice, Quot.sound]
info: GroupApproximation/CharClass/LIXKGenMap.lean:320:14: 'GroupApproximation.CharClass.KGen.re_kZeroVec_last' depends on axioms: [propext, Classical.choice, Quot.sound]
ℹ [8780/8890] Replayed GroupApproximation.CharClass.ThomPuncturedRecursion
info: GroupApproximation/CharClass/ThomPuncturedRecursion.lean:288:14: 'GroupApproximation.CharClass.PuncturedAcyclicOf.prod' depends on axioms: [propext, Classical.choice, Quot.sound]
ℹ [8788/8908] Replayed GroupApproximation.CharClass.LIXKGenSphereChartHomeo
info: GroupApproximation/CharClass/LIXKGenSphereChartHomeo.lean:199:14: 'GroupApproximation.CharClass.KGen.chartQ_clamp_le_one' depends on axioms: [propext, Classical.choice, Quot.sound]
info: GroupApproximation/CharClass/LIXKGenSphereChartHomeo.lean:200:14: 'GroupApproximation.CharClass.KGen.one_sub_chartQ_inv' depends on axioms: [propext, Classical.choice, Quot.sound]
info: GroupApproximation/CharClass/LIXKGenSphereChartHomeo.lean:201:14: 'GroupApproximation.CharClass.KGen.sphereChartHomeo_zero' depends on axioms: [propext, Classical.choice, Quot.sound]
ℹ [8789/8908] Replayed GroupApproximation.CharClass.LIXKGenZeroChartHomeo
info: GroupApproximation/CharClass/LIXKGenZeroChartHomeo.lean:151:14: 'GroupApproximation.CharClass.KGen.isOpen_sphereNearZero' depends on axioms: [propext, Classical.choice, Quot.sound]
info: GroupApproximation/CharClass/LIXKGenZeroChartHomeo.lean:152:14: 'GroupApproximation.CharClass.KGen.psiSphere_zeroChartFun' depends on axioms: [propext, Classical.choice, Quot.sound]
info: GroupApproximation/CharClass/LIXKGenZeroChartHomeo.lean:153:14: 'GroupApproximation.CharClass.KGen.zeroChartHomeo_zero' depends on axioms: [propext, Classical.choice, Quot.sound]
ℹ [8864/8916] Replayed GroupApproximation.ThirdParty.HamSandwich.SphereOddDegree.SphereModTwoHomologyVanishing
info: GroupApproximation/ThirdParty/HamSandwich/SphereOddDegree/SphereModTwoHomologyVanishing.lean:318:21: 'GroupApproximation.ThirdParty.HamSandwich.SphereOddDegree.sphereModTwo_intermediate_vanishing_closed' depends on axioms: [propext,
 Classical.choice,
 Quot.sound]
ℹ [8865/8916] Replayed GroupApproximation.ThirdParty.HamSandwich.SphereOddDegree.SphereModTwoHomologyAboveDimension
info: GroupApproximation/ThirdParty/HamSandwich/SphereOddDegree/SphereModTwoHomologyAboveDimension.lean:87:21: 'GroupApproximation.ThirdParty.HamSandwich.SphereOddDegree.sphereModTwo_above_dimension_vanishing_closed' depends on axioms: [propext,
 Classical.choice,
 Quot.sound]
ℹ [8900/8916] Replayed GroupApproximation.CharClass.LIXKGenSphere
info: GroupApproximation/CharClass/LIXKGenSphere.lean:342:14: 'GroupApproximation.CharClass.KGen.normSq_cxToEuc' depends on axioms: [propext, Classical.choice, Quot.sound]
info: GroupApproximation/CharClass/LIXKGenSphere.lean:343:14: 'GroupApproximation.CharClass.KGen.cxToEuc_eucToCx' depends on axioms: [propext, Classical.choice, Quot.sound]
info: GroupApproximation/CharClass/LIXKGenSphere.lean:344:14: 'GroupApproximation.CharClass.KGen.puncturedAcyclic_unitVectors' depends on axioms: [propext,
 Classical.choice,
 Quot.sound]
info: GroupApproximation/CharClass/LIXKGenSphere.lean:345:14: 'GroupApproximation.CharClass.KGen.hbase' depends on axioms: [propext, Classical.choice, Quot.sound]
info: GroupApproximation/CharClass/LIXKGenSphere.lean:346:14: 'GroupApproximation.CharClass.KGen.hbase_two_eq_hbase_lix' depends on axioms: [propext, Classical.choice, Quot.sound]
ℹ [8901/8916] Replayed GroupApproximation.CharClass.LIXKPunctured
info: GroupApproximation/CharClass/LIXKPunctured.lean:168:14: 'GroupApproximation.CharClass.isZero_inter_of_cover' depends on axioms: [propext, Classical.choice, Quot.sound]
info: GroupApproximation/CharClass/LIXKPunctured.lean:169:14: 'GroupApproximation.CharClass.isZero_punctured_finite' depends on axioms: [propext, Classical.choice, Quot.sound]
ℹ [8902/8916] Replayed GroupApproximation.CharClass.LIXKGenPunctured
info: GroupApproximation/CharClass/LIXKGenPunctured.lean:182:14: 'GroupApproximation.CharClass.KGen.puncturedAcyclic_lixBase' depends on axioms: [propext, Classical.choice, Quot.sound]
info: GroupApproximation/CharClass/LIXKGenPunctured.lean:183:14: 'GroupApproximation.CharClass.KGen.puncturedVanish_finite' depends on axioms: [propext, Classical.choice, Quot.sound]
info: GroupApproximation/CharClass/LIXKGenPunctured.lean:184:14: 'GroupApproximation.CharClass.puncturedAcyclic_lixBase_two' depends on axioms: [propext, Classical.choice, Quot.sound]
ℹ [8915/8916] Replayed GroupApproximation.CharClass.LIXKGenBaseChart
info: GroupApproximation/CharClass/LIXKGenBaseChart.lean:219:14: 'GroupApproximation.CharClass.KGen.lixKBaseChart_zero' depends on axioms: [propext, Classical.choice, Quot.sound]
info: GroupApproximation/CharClass/LIXKGenBaseChart.lean:220:14: 'GroupApproximation.CharClass.KGen.lixKFullChart_zero' depends on axioms: [propext, Classical.choice, Quot.sound]
info: GroupApproximation/CharClass/LIXKGenBaseChart.lean:221:14: 'GroupApproximation.CharClass.KGen.lixKNbhdHomeo_zero' depends on axioms: [propext, Classical.choice, Quot.sound]
ℹ [8916/8916] Built GroupApproximation.CharClass.LIXKGenLocalPair (26s)
info: GroupApproximation/CharClass/LIXKGenLocalPair.lean:289:14: 'GroupApproximation.CharClass.KGen.lixKZero_notMem_lixKTrivBall' depends on axioms: [propext,
 Classical.choice,
 Quot.sound]
info: GroupApproximation/CharClass/LIXKGenLocalPair.lean:290:14: 'GroupApproximation.CharClass.KGen.contractibleSpace_lixKTrivBall' depends on axioms: [propext,
 Classical.choice,
 Quot.sound]
info: GroupApproximation/CharClass/LIXKGenLocalPair.lean:291:14: 'GroupApproximation.CharClass.KGen.lixKTrivBall_subset_target' depends on axioms: [propext,
 Classical.choice,
 Quot.sound]
Build completed successfully (8916 jobs).
EXIT=0
