purged 0 stale artifact sets (source-newer=0, import-newer=0) of 2127 oleans
[job] acn112 cores=80-87 threads=8 base=f0f56b337d6175d6ffabd0b2ab5a95af99f98f81 mods: GroupApproximation.Analysis.LIXCor4PowersAssembly GroupApproximation.Analysis.LIXCor4PowersDiag
ℹ [3028/3060] Replayed GroupApproximation.Analysis.LIXLimitAlgebra
info: GroupApproximation/Analysis/LIXLimitAlgebra.lean:178:14: 'GroupApproximation.LIX.Gen.lixTower' depends on axioms: [propext, Classical.choice, Quot.sound]
info: GroupApproximation/Analysis/LIXLimitAlgebra.lean:179:14: 'GroupApproximation.LIX.Gen.lixIota' depends on axioms: [propext, Classical.choice, Quot.sound]
info: GroupApproximation/Analysis/LIXLimitAlgebra.lean:180:14: 'GroupApproximation.LIX.Gen.lixLimit_hasK1InjWitness' depends on axioms: [propext, Classical.choice, Quot.sound]
info: GroupApproximation/Analysis/LIXLimitAlgebra.lean:181:14: 'GroupApproximation.LIX.lixTower' depends on axioms: [propext, Classical.choice, Quot.sound]
info: GroupApproximation/Analysis/LIXLimitAlgebra.lean:182:14: 'GroupApproximation.LIX.lixIota' depends on axioms: [propext, Classical.choice, Quot.sound]
info: GroupApproximation/Analysis/LIXLimitAlgebra.lean:183:14: 'GroupApproximation.LIX.lixLimit_hasK1InjWitness' depends on axioms: [propext, Classical.choice, Quot.sound]
info: GroupApproximation/Analysis/LIXLimitAlgebra.lean:184:21: 'GroupApproximation.LIX.lixLimit_separableSpace' depends on axioms: [propext, Classical.choice, Quot.sound]
ℹ [3029/3060] Replayed GroupApproximation.Analysis.LIXCor4PowersShape
info: GroupApproximation/Analysis/LIXCor4PowersShape.lean:330:14: 'GroupApproximation.LIX.Gen.HasSphereShape.mul' depends on axioms: [propext, Classical.choice, Quot.sound]
info: GroupApproximation/Analysis/LIXCor4PowersShape.lean:331:14: 'GroupApproximation.LIX.Gen.HasSphereShape.pow' depends on axioms: [propext, Classical.choice, Quot.sound]
info: GroupApproximation/Analysis/LIXCor4PowersShape.lean:332:14: 'GroupApproximation.LIX.Gen.sphereUnitary' depends on axioms: [propext, Classical.choice, Quot.sound]
info: GroupApproximation/Analysis/LIXCor4PowersShape.lean:333:14: 'GroupApproximation.LIX.Gen.hasSphereShape_sphereStage' depends on axioms: [propext, Classical.choice, Quot.sound]
info: GroupApproximation/Analysis/LIXCor4PowersShape.lean:334:14: 'GroupApproximation.LIX.Gen.HasSphereShape.connect' depends on axioms: [propext, Classical.choice, Quot.sound]
info: GroupApproximation/Analysis/LIXCor4PowersShape.lean:335:14: 'GroupApproximation.LIX.Gen.hasSphereShape_climb' depends on axioms: [propext, Classical.choice, Quot.sound]
info: GroupApproximation/Analysis/LIXCor4PowersShape.lean:336:14: 'GroupApproximation.LIX.Gen.hasSphereShape_climb_pow' depends on axioms: [propext, Classical.choice, Quot.sound]
ℹ [3055/3079] Replayed GroupApproximation.Analysis.LIXCor4PowersField
info: GroupApproximation/Analysis/LIXCor4PowersField.lean:667:14: 'GroupApproximation.LIX.Gen.equatorEmb_equatorInv' depends on axioms: [propext, Classical.choice, Quot.sound]
info: GroupApproximation/Analysis/LIXCor4PowersField.lean:668:14: 'GroupApproximation.LIX.Gen.norm_sq_equatorInv' depends on axioms: [propext, Classical.choice, Quot.sound]
info: GroupApproximation/Analysis/LIXCor4PowersField.lean:669:14: 'GroupApproximation.LIX.Gen.equatorEmb_dirPt' depends on axioms: [propext, Classical.choice, Quot.sound]
info: GroupApproximation/Analysis/LIXCor4PowersField.lean:670:14: 'GroupApproximation.LIX.Gen.extTop_genU2' depends on axioms: [propext, Classical.choice, Quot.sound]
info: GroupApproximation/Analysis/LIXCor4PowersField.lean:671:14: 'GroupApproximation.LIX.Gen.southAtG_eq_northFG' depends on axioms: [propext, Classical.choice, Quot.sound]
info: GroupApproximation/Analysis/LIXCor4PowersField.lean:672:14: 'GroupApproximation.LIX.Gen.exists_unitary_field_of_nullHomotopy_gauged' depends on axioms: [propext,
 Classical.choice,
 Quot.sound]
ℹ [8718/8743] Replayed GroupApproximation.CharClass.LIXKMap
info: GroupApproximation/CharClass/LIXKMap.lean:398:14: 'GroupApproximation.CharClass.psiVec_eq_neg_eOne_iff' depends on axioms: [propext, Classical.choice, Quot.sound]
info: GroupApproximation/CharClass/LIXKMap.lean:399:14: 'GroupApproximation.CharClass.kRoot_injective' depends on axioms: [propext, Classical.choice, Quot.sound]
info: GroupApproximation/CharClass/LIXKMap.lean:400:14: 'GroupApproximation.CharClass.psiVec_kRot' depends on axioms: [propext, Classical.choice, Quot.sound]
ℹ [8719/8743] Replayed GroupApproximation.CharClass.LIXKGenMap
info: GroupApproximation/CharClass/LIXKGenMap.lean:317:14: 'GroupApproximation.CharClass.KGen.psiVec_eq_neg_eZero_iff' depends on axioms: [propext, Classical.choice, Quot.sound]
info: GroupApproximation/CharClass/LIXKGenMap.lean:318:14: 'GroupApproximation.CharClass.KGen.kZero_injective' depends on axioms: [propext, Classical.choice, Quot.sound]
info: GroupApproximation/CharClass/LIXKGenMap.lean:319:14: 'GroupApproximation.CharClass.KGen.psiVec_kRot' depends on axioms: [propext, Classical.choice, Quot.sound]
info: GroupApproximation/CharClass/LIXKGenMap.lean:320:14: 'GroupApproximation.CharClass.KGen.re_kZeroVec_last' depends on axioms: [propext, Classical.choice, Quot.sound]
ℹ [8732/8743] Replayed GroupApproximation.Manuscript.NinetyNineProblems.SquarefreeDvd
info: GroupApproximation/Manuscript/NinetyNineProblems/SquarefreeDvd.lean:90:14: 'GroupApproximation.NinetyNineProblems.squarefree_dvd_of_forall_prime_dvd' depends on axioms: [propext,
 Classical.choice,
 Quot.sound]
info: GroupApproximation/Manuscript/NinetyNineProblems/SquarefreeDvd.lean:91:14: 'GroupApproximation.NinetyNineProblems.six_dvd_of_forall_prime_dvd' depends on axioms: [propext,
 Classical.choice,
 Quot.sound]
info: GroupApproximation/Manuscript/NinetyNineProblems/SquarefreeDvd.lean:92:14: 'GroupApproximation.NinetyNineProblems.not_forall_prime_dvd_one' depends on axioms: [propext,
 Classical.choice,
 Quot.sound]
ℹ [8735/8743] Replayed GroupApproximation.Analysis.LIXCor4PowersDiagChain
info: GroupApproximation/Analysis/LIXCor4PowersDiagChain.lean:251:14: 'GroupApproximation.LIX.Gen.toStageZeroHom' depends on axioms: [propext, Classical.choice, Quot.sound]
info: GroupApproximation/Analysis/LIXCor4PowersDiagChain.lean:252:14: 'GroupApproximation.LIX.Gen.flattenN' depends on axioms: [propext, Classical.choice, Quot.sound]
info: GroupApproximation/Analysis/LIXCor4PowersDiagChain.lean:253:14: 'GroupApproximation.LIX.Gen.diagChainN_sectionBlock' depends on axioms: [propext, Classical.choice, Quot.sound]
info: GroupApproximation/Analysis/LIXCor4PowersDiagChain.lean:254:14: 'GroupApproximation.LIX.Gen.diagOne_sphereUnitary_mem' depends on axioms: [propext, Classical.choice, Quot.sound]
✖ [8741/8743] Building GroupApproximation.Analysis.LIXPowersEquator (8.7s)
trace: .> LEAN_PATH=/projects/standard/hsiehph/sauer354/cc_clones/cs-endpoint/.lake/packages/Cli/.lake/build/lib/lean:/projects/standard/hsiehph/sauer354/cc_clones/cs-endpoint/.lake/packages/batteries/.lake/build/lib/lean:/projects/standard/hsiehph/sauer354/cc_clones/cs-endpoint/.lake/packages/Qq/.lake/build/lib/lean:/projects/standard/hsiehph/sauer354/cc_clones/cs-endpoint/.lake/packages/aesop/.lake/build/lib/lean:/projects/standard/hsiehph/sauer354/cc_clones/cs-endpoint/.lake/packages/proofwidgets/.lake/build/lib/lean:/projects/standard/hsiehph/sauer354/cc_clones/cs-endpoint/.lake/packages/importGraph/.lake/build/lib/lean:/projects/standard/hsiehph/sauer354/cc_clones/cs-endpoint/.lake/packages/LeanSearchClient/.lake/build/lib/lean:/projects/standard/hsiehph/sauer354/cc_clones/cs-endpoint/.lake/packages/plausible/.lake/build/lib/lean:/projects/standard/hsiehph/sauer354/cc_clones/cs-endpoint/.lake/packages/mathlib/.lake/build/lib/lean:/projects/standard/hsiehph/sauer354/cc_clones/lix-a/.lake/build/lib/lean /projects/standard/hsiehph/sauer354/.elan/toolchains/leanprover--lean4---v4.32.0/bin/lean -DwarningAsError=true /projects/standard/hsiehph/sauer354/cc_clones/lix-a/GroupApproximation/Analysis/LIXPowersEquator.lean -o /projects/standard/hsiehph/sauer354/cc_clones/lix-a/.lake/build/lib/lean/GroupApproximation/Analysis/LIXPowersEquator.olean -i /projects/standard/hsiehph/sauer354/cc_clones/lix-a/.lake/build/lib/lean/GroupApproximation/Analysis/LIXPowersEquator.ilean -c /projects/standard/hsiehph/sauer354/cc_clones/lix-a/.lake/build/ir/GroupApproximation/Analysis/LIXPowersEquator.c --setup /projects/standard/hsiehph/sauer354/cc_clones/lix-a/.lake/build/ir/GroupApproximation/Analysis/LIXPowersEquator.setup.json --json
error: GroupApproximation/Analysis/LIXPowersEquator.lean:187:4: Used `tac1 <;> tac2` where `(tac1; tac2)` would suffice

Note: This linter can be disabled with `set_option linter.unnecessarySeqFocus false`
error: Lean exited with code 1
Some required targets logged failures:
- GroupApproximation.Analysis.LIXPowersEquator
error: build failed
EXIT=1
