purged 0 stale artifact sets (source-newer=0, import-newer=0) of 2287 oleans
[job] acn112 cores=64-71 threads=8 base=7c92b6ebed3c66c668726c32a20fdf18bca72a27 mods: GroupApproximation.CharClass.LIXKGenStepCHalfTop
ℹ [8705/8834] Replayed GroupApproximation.AlgTop.PuncturedNormedSphere
info: GroupApproximation/AlgTop/PuncturedNormedSphere.lean:95:14: 'GroupApproximation.AlgTop.complexToEuclidean_eq_zero_iff' depends on axioms: [propext, Classical.choice, Quot.sound]
ℹ [8706/8870] Replayed GroupApproximation.CharClass.LIXKMap
info: GroupApproximation/CharClass/LIXKMap.lean:398:14: 'GroupApproximation.CharClass.psiVec_eq_neg_eOne_iff' depends on axioms: [propext, Classical.choice, Quot.sound]
info: GroupApproximation/CharClass/LIXKMap.lean:399:14: 'GroupApproximation.CharClass.kRoot_injective' depends on axioms: [propext, Classical.choice, Quot.sound]
info: GroupApproximation/CharClass/LIXKMap.lean:400:14: 'GroupApproximation.CharClass.psiVec_kRot' depends on axioms: [propext, Classical.choice, Quot.sound]
ℹ [8744/8884] Replayed GroupApproximation.CharClass.LIXKGenMap
info: GroupApproximation/CharClass/LIXKGenMap.lean:317:14: 'GroupApproximation.CharClass.KGen.psiVec_eq_neg_eZero_iff' depends on axioms: [propext, Classical.choice, Quot.sound]
info: GroupApproximation/CharClass/LIXKGenMap.lean:318:14: 'GroupApproximation.CharClass.KGen.kZero_injective' depends on axioms: [propext, Classical.choice, Quot.sound]
info: GroupApproximation/CharClass/LIXKGenMap.lean:319:14: 'GroupApproximation.CharClass.KGen.psiVec_kRot' depends on axioms: [propext, Classical.choice, Quot.sound]
info: GroupApproximation/CharClass/LIXKGenMap.lean:320:14: 'GroupApproximation.CharClass.KGen.re_kZeroVec_last' depends on axioms: [propext, Classical.choice, Quot.sound]
ℹ [8780/8888] Replayed GroupApproximation.CharClass.ThomPuncturedRecursion
info: GroupApproximation/CharClass/ThomPuncturedRecursion.lean:288:14: 'GroupApproximation.CharClass.PuncturedAcyclicOf.prod' depends on axioms: [propext, Classical.choice, Quot.sound]
ℹ [8821/8983] Replayed GroupApproximation.CharClass.GysinFromLerayHirsch
info: GroupApproximation/CharClass/GysinFromLerayHirsch.lean:168:14: 'GroupApproximation.CharClass.GysinData.bijective_cupRight' depends on axioms: [propext, Classical.choice, Quot.sound]
ℹ [8862/9172] Replayed GroupApproximation.CharClass.LerayHirschGradedIso
info: GroupApproximation/CharClass/LerayHirschGradedIso.lean:52:14: 'GroupApproximation.CharClass.LH.lerayHirschGraded_of_iso' depends on axioms: [propext, Classical.choice, Quot.sound]
ℹ [8916/9253] Replayed GroupApproximation.CharClass.LIXKCount
info: GroupApproximation/CharClass/LIXKCount.lean:155:14: 'GroupApproximation.CharClass.map_eq_nsmul_of_localSplit' depends on axioms: [propext, Classical.choice, Quot.sound]
info: GroupApproximation/CharClass/LIXKCount.lean:156:14: 'GroupApproximation.CharClass.map_ne_zero_of_localSplit' depends on axioms: [propext, Classical.choice, Quot.sound]
ℹ [8942/9269] Replayed GroupApproximation.CharClass.LIXKGenSphereChartHomeo
info: GroupApproximation/CharClass/LIXKGenSphereChartHomeo.lean:199:14: 'GroupApproximation.CharClass.KGen.chartQ_clamp_le_one' depends on axioms: [propext, Classical.choice, Quot.sound]
info: GroupApproximation/CharClass/LIXKGenSphereChartHomeo.lean:200:14: 'GroupApproximation.CharClass.KGen.one_sub_chartQ_inv' depends on axioms: [propext, Classical.choice, Quot.sound]
info: GroupApproximation/CharClass/LIXKGenSphereChartHomeo.lean:201:14: 'GroupApproximation.CharClass.KGen.sphereChartHomeo_zero' depends on axioms: [propext, Classical.choice, Quot.sound]
ℹ [8972/9269] Replayed GroupApproximation.CharClass.LIXKGenZeroChartHomeo
info: GroupApproximation/CharClass/LIXKGenZeroChartHomeo.lean:151:14: 'GroupApproximation.CharClass.KGen.isOpen_sphereNearZero' depends on axioms: [propext, Classical.choice, Quot.sound]
info: GroupApproximation/CharClass/LIXKGenZeroChartHomeo.lean:152:14: 'GroupApproximation.CharClass.KGen.psiSphere_zeroChartFun' depends on axioms: [propext, Classical.choice, Quot.sound]
info: GroupApproximation/CharClass/LIXKGenZeroChartHomeo.lean:153:14: 'GroupApproximation.CharClass.KGen.zeroChartHomeo_zero' depends on axioms: [propext, Classical.choice, Quot.sound]
ℹ [8981/9269] Replayed GroupApproximation.ThirdParty.HamSandwich.SphereOddDegree.SphereModTwoHomologyVanishing
info: GroupApproximation/ThirdParty/HamSandwich/SphereOddDegree/SphereModTwoHomologyVanishing.lean:318:21: 'GroupApproximation.ThirdParty.HamSandwich.SphereOddDegree.sphereModTwo_intermediate_vanishing_closed' depends on axioms: [propext,
 Classical.choice,
 Quot.sound]
ℹ [8982/9269] Replayed GroupApproximation.ThirdParty.HamSandwich.SphereOddDegree.SphereModTwoHomologyAboveDimension
info: GroupApproximation/ThirdParty/HamSandwich/SphereOddDegree/SphereModTwoHomologyAboveDimension.lean:87:21: 'GroupApproximation.ThirdParty.HamSandwich.SphereOddDegree.sphereModTwo_above_dimension_vanishing_closed' depends on axioms: [propext,
 Classical.choice,
 Quot.sound]
ℹ [9081/9269] Replayed GroupApproximation.CharClass.LIXKPunctured
info: GroupApproximation/CharClass/LIXKPunctured.lean:168:14: 'GroupApproximation.CharClass.isZero_inter_of_cover' depends on axioms: [propext, Classical.choice, Quot.sound]
info: GroupApproximation/CharClass/LIXKPunctured.lean:169:14: 'GroupApproximation.CharClass.isZero_punctured_finite' depends on axioms: [propext, Classical.choice, Quot.sound]
ℹ [9100/9269] Replayed GroupApproximation.CharClass.LIXKGenSphere
info: GroupApproximation/CharClass/LIXKGenSphere.lean:342:14: 'GroupApproximation.CharClass.KGen.normSq_cxToEuc' depends on axioms: [propext, Classical.choice, Quot.sound]
info: GroupApproximation/CharClass/LIXKGenSphere.lean:343:14: 'GroupApproximation.CharClass.KGen.cxToEuc_eucToCx' depends on axioms: [propext, Classical.choice, Quot.sound]
info: GroupApproximation/CharClass/LIXKGenSphere.lean:344:14: 'GroupApproximation.CharClass.KGen.puncturedAcyclic_unitVectors' depends on axioms: [propext,
 Classical.choice,
 Quot.sound]
info: GroupApproximation/CharClass/LIXKGenSphere.lean:345:14: 'GroupApproximation.CharClass.KGen.hbase' depends on axioms: [propext, Classical.choice, Quot.sound]
info: GroupApproximation/CharClass/LIXKGenSphere.lean:346:14: 'GroupApproximation.CharClass.KGen.hbase_two_eq_hbase_lix' depends on axioms: [propext, Classical.choice, Quot.sound]
ℹ [9101/9269] Replayed GroupApproximation.CharClass.LIXKGenPunctured
info: GroupApproximation/CharClass/LIXKGenPunctured.lean:182:14: 'GroupApproximation.CharClass.KGen.puncturedAcyclic_lixBase' depends on axioms: [propext, Classical.choice, Quot.sound]
info: GroupApproximation/CharClass/LIXKGenPunctured.lean:183:14: 'GroupApproximation.CharClass.KGen.puncturedVanish_finite' depends on axioms: [propext, Classical.choice, Quot.sound]
info: GroupApproximation/CharClass/LIXKGenPunctured.lean:184:14: 'GroupApproximation.CharClass.puncturedAcyclic_lixBase_two' depends on axioms: [propext, Classical.choice, Quot.sound]
ℹ [9128/9269] Replayed GroupApproximation.CharClass.LIXKStepC
info: GroupApproximation/CharClass/LIXKStepC.lean:134:14: 'GroupApproximation.CharClass.topChernClass_ne_zero_kzero' depends on axioms: [propext, Classical.choice, Quot.sound]
info: GroupApproximation/CharClass/LIXKStepC.lean:135:14: 'GroupApproximation.CharClass.topChernClass_ne_zero_kzero_naturality' depends on axioms: [propext,
 Classical.choice,
 Quot.sound]
ℹ [9129/9269] Replayed GroupApproximation.CharClass.LIXKStepCTwo
info: GroupApproximation/CharClass/LIXKStepCTwo.lean:134:14: 'GroupApproximation.CharClass.eq_of_ne_zero_of_line_two' depends on axioms: [propext, Classical.choice, Quot.sound]
info: GroupApproximation/CharClass/LIXKStepCTwo.lean:135:14: 'GroupApproximation.CharClass.localClassesAgree_of_ne_zero_two' depends on axioms: [propext,
 Classical.choice,
 Quot.sound]
info: GroupApproximation/CharClass/LIXKStepCTwo.lean:136:14: 'GroupApproximation.CharClass.topChernClass_ne_zero_kzero_two' depends on axioms: [propext,
 Classical.choice,
 Quot.sound]
ℹ [9179/9269] Replayed GroupApproximation.CharClass.LIXKGenBaseChart
info: GroupApproximation/CharClass/LIXKGenBaseChart.lean:219:14: 'GroupApproximation.CharClass.KGen.lixKBaseChart_zero' depends on axioms: [propext, Classical.choice, Quot.sound]
info: GroupApproximation/CharClass/LIXKGenBaseChart.lean:220:14: 'GroupApproximation.CharClass.KGen.lixKFullChart_zero' depends on axioms: [propext, Classical.choice, Quot.sound]
info: GroupApproximation/CharClass/LIXKGenBaseChart.lean:221:14: 'GroupApproximation.CharClass.KGen.lixKNbhdHomeo_zero' depends on axioms: [propext, Classical.choice, Quot.sound]
ℹ [9180/9269] Replayed GroupApproximation.CharClass.LIXKGenTopLine
info: GroupApproximation/CharClass/LIXKGenTopLine.lean:85:14: 'GroupApproximation.CharClass.KGen.hasTopLine_circleTimesSphere' depends on axioms: [propext,
 Classical.choice,
 Quot.sound]
info: GroupApproximation/CharClass/LIXKGenTopLine.lean:86:14: 'GroupApproximation.CharClass.KGen.absEquiv_lixN' depends on axioms: [propext, Classical.choice, Quot.sound]
ℹ [9266/9269] Built GroupApproximation.CharClass.LIXKGenChern (24s)
info: GroupApproximation/CharClass/LIXKGenChern.lean:140:14: 'GroupApproximation.CharClass.KGen.lixChern_mappingTorus' depends on axioms: [propext, Classical.choice, Quot.sound]
info: GroupApproximation/CharClass/LIXKGenChern.lean:141:14: 'GroupApproximation.CharClass.KGen.lixChernOf_mappingTorus' depends on axioms: [propext, Classical.choice, Quot.sound]
ℹ [9267/9269] Built GroupApproximation.CharClass.LIXKGenThomTerm (27s)
info: GroupApproximation/CharClass/LIXKGenThomTerm.lean:167:14: 'GroupApproximation.CharClass.KGen.lixTopCoeff_ne_zero' depends on axioms: [propext, Classical.choice, Quot.sound]
info: GroupApproximation/CharClass/LIXKGenThomTerm.lean:168:14: 'GroupApproximation.CharClass.KGen.lixThomClassTerm_ne_zero' depends on axioms: [propext, Classical.choice, Quot.sound]
info: GroupApproximation/CharClass/LIXKGenThomTerm.lean:169:14: 'GroupApproximation.CharClass.KGen.thomJmTotal_lixThomClassTerm' depends on axioms: [propext,
 Classical.choice,
 Quot.sound]
info: GroupApproximation/CharClass/LIXKGenThomTerm.lean:170:14: 'GroupApproximation.CharClass.KGen.lixChern_top_eq_gamma' depends on axioms: [propext, Classical.choice, Quot.sound]
ℹ [9268/9269] Built GroupApproximation.CharClass.LIXKGenHclass (26s)
info: GroupApproximation/CharClass/LIXKGenHclass.lean:104:14: 'GroupApproximation.CharClass.KGen.lixHclass' depends on axioms: [propext, Classical.choice, Quot.sound]
ℹ [9269/9269] Built GroupApproximation.CharClass.LIXKGenStepCHalfTop (25s)
info: GroupApproximation/CharClass/LIXKGenStepCHalfTop.lean:119:14: 'GroupApproximation.CharClass.KGen.kZeroStepCData_of_kZeroLocalData' depends on axioms: [propext,
 Classical.choice,
 Quot.sound]
info: GroupApproximation/CharClass/LIXKGenStepCHalfTop.lean:120:14: 'GroupApproximation.CharClass.KGen.stepCHalf_two_lixChernOf' depends on axioms: [propext, Classical.choice, Quot.sound]
info: GroupApproximation/CharClass/LIXKGenStepCHalfTop.lean:121:14: 'GroupApproximation.CharClass.KGen.stepCHalf_two_powers_lixChernOf' depends on axioms: [propext,
 Classical.choice,
 Quot.sound]
Build completed successfully (9269 jobs).
EXIT=0
