purged 0 stale artifact sets (source-newer=0, import-newer=0) of 4019 oleans
[job] acn45 cores=slurm threads=8 base=f118a61b384713c8d326bc0cdc524588293cf312 mods: GroupApproximation.GGT.VanKampen.Estimating.OsinLemma94ClassPairTransfer
ℹ [3300/3376] Replayed GroupApproximation.Sofic.KazhdanCornerCompression
info: GroupApproximation/Sofic/KazhdanCornerCompression.lean:342:4: Try this:
  [apply] abel_nf
ℹ [10158/10160] Replayed GroupApproximation.GGT.VanKampen.Estimating.OsinLemma94ClassSection
info: GroupApproximation/GGT/VanKampen/Estimating/OsinLemma94ClassSection.lean:262:14: 'GroupApproximation.GGT.VanKampen.osinLemma94Section_of_classCount' depends on axioms: [propext,
 Classical.choice,
 Quot.sound]
info: GroupApproximation/GGT/VanKampen/Estimating/OsinLemma94ClassSection.lean:263:14: 'GroupApproximation.GGT.VanKampen.OsinLemma94ClassPolygons.classBudget_of_otherClasses' depends on axioms: [propext,
 Classical.choice,
 Quot.sound]
info: GroupApproximation/GGT/VanKampen/Estimating/OsinLemma94ClassSection.lean:264:14: 'GroupApproximation.GGT.VanKampen.osinLemma94ClassCountInput_of_endLoops' depends on axioms: [propext,
 Classical.choice,
 Quot.sound]
ℹ [10160/10160] Built GroupApproximation.GGT.VanKampen.Estimating.OsinLemma94ClassPairTransfer (148s)
info: GroupApproximation/GGT/VanKampen/Estimating/OsinLemma94ClassPairTransfer.lean:332:14: 'GroupApproximation.GGT.VanKampen.UnboundEstimate.WordConnectorPair.exists_shift' depends on axioms: [propext,
 Classical.choice,
 Quot.sound]
info: GroupApproximation/GGT/VanKampen/Estimating/OsinLemma94ClassPairTransfer.lean:333:14: 'GroupApproximation.GGT.VanKampen.OsinLemma94RealizedPolygons.listVal_flatMap_take_rotate' depends on axioms: [propext,
 Classical.choice,
 Quot.sound]
info: GroupApproximation/GGT/VanKampen/Estimating/OsinLemma94ClassPairTransfer.lean:334:14: 'GroupApproximation.GGT.VanKampen.OsinLemma94ClassPolygons.vertex_eq_of_sideAt' depends on axioms: [propext,
 Classical.choice,
 Quot.sound]
info: GroupApproximation/GGT/VanKampen/Estimating/OsinLemma94ClassPairTransfer.lean:335:14: 'GroupApproximation.GGT.VanKampen.OsinLemma94ClassPolygons.exists_sidePair_of_singleSide' depends on axioms: [propext,
 Classical.choice,
 Quot.sound]
info: GroupApproximation/GGT/VanKampen/Estimating/OsinLemma94ClassPairTransfer.lean:336:14: 'GroupApproximation.GGT.VanKampen.osinLemma94ClassCases_of_residuals' depends on axioms: [propext,
 Classical.choice,
 Quot.sound]
Build completed successfully (10160 jobs).
EXIT=0
