purged 0 stale artifact sets (source-newer=0, import-newer=0) of 2081 oleans
[job] acn52 cores=slurm threads=8 base=24c49c5ce194de76c9b4aeb90dfb78cdf061ca23 mods: GroupApproximation.CharClass.LIXKGenLocalHomeo GroupApproximation.CharClass.LIXKGenChartZero GroupApproximation.CharClass.LIXKGenStepCWired
ℹ [8698/8823] Replayed GroupApproximation.AlgTop.PuncturedNormedSphere
info: GroupApproximation/AlgTop/PuncturedNormedSphere.lean:95:14: 'GroupApproximation.AlgTop.complexToEuclidean_eq_zero_iff' depends on axioms: [propext, Classical.choice, Quot.sound]
ℹ [8699/8831] Replayed GroupApproximation.CharClass.LIXKMap
info: GroupApproximation/CharClass/LIXKMap.lean:398:14: 'GroupApproximation.CharClass.psiVec_eq_neg_eOne_iff' depends on axioms: [propext, Classical.choice, Quot.sound]
info: GroupApproximation/CharClass/LIXKMap.lean:399:14: 'GroupApproximation.CharClass.kRoot_injective' depends on axioms: [propext, Classical.choice, Quot.sound]
info: GroupApproximation/CharClass/LIXKMap.lean:400:14: 'GroupApproximation.CharClass.psiVec_kRot' depends on axioms: [propext, Classical.choice, Quot.sound]
ℹ [8721/8839] Replayed GroupApproximation.CharClass.LIXKGenMap
info: GroupApproximation/CharClass/LIXKGenMap.lean:317:14: 'GroupApproximation.CharClass.KGen.psiVec_eq_neg_eZero_iff' depends on axioms: [propext, Classical.choice, Quot.sound]
info: GroupApproximation/CharClass/LIXKGenMap.lean:318:14: 'GroupApproximation.CharClass.KGen.kZero_injective' depends on axioms: [propext, Classical.choice, Quot.sound]
info: GroupApproximation/CharClass/LIXKGenMap.lean:319:14: 'GroupApproximation.CharClass.KGen.psiVec_kRot' depends on axioms: [propext, Classical.choice, Quot.sound]
info: GroupApproximation/CharClass/LIXKGenMap.lean:320:14: 'GroupApproximation.CharClass.KGen.re_kZeroVec_last' depends on axioms: [propext, Classical.choice, Quot.sound]
ℹ [8758/8848] Replayed GroupApproximation.CharClass.ThomPuncturedRecursion
info: GroupApproximation/CharClass/ThomPuncturedRecursion.lean:288:14: 'GroupApproximation.CharClass.PuncturedAcyclicOf.prod' depends on axioms: [propext, Classical.choice, Quot.sound]
ℹ [8805/8901] Replayed GroupApproximation.CharClass.LIXKCount
info: GroupApproximation/CharClass/LIXKCount.lean:155:14: 'GroupApproximation.CharClass.map_eq_nsmul_of_localSplit' depends on axioms: [propext, Classical.choice, Quot.sound]
info: GroupApproximation/CharClass/LIXKCount.lean:156:14: 'GroupApproximation.CharClass.map_ne_zero_of_localSplit' depends on axioms: [propext, Classical.choice, Quot.sound]
ℹ [8843/8901] Replayed GroupApproximation.ThirdParty.HamSandwich.SphereOddDegree.SphereModTwoHomologyVanishing
info: GroupApproximation/ThirdParty/HamSandwich/SphereOddDegree/SphereModTwoHomologyVanishing.lean:318:21: 'GroupApproximation.ThirdParty.HamSandwich.SphereOddDegree.sphereModTwo_intermediate_vanishing_closed' depends on axioms: [propext,
 Classical.choice,
 Quot.sound]
ℹ [8847/8901] Replayed GroupApproximation.ThirdParty.HamSandwich.SphereOddDegree.SphereModTwoHomologyAboveDimension
info: GroupApproximation/ThirdParty/HamSandwich/SphereOddDegree/SphereModTwoHomologyAboveDimension.lean:87:21: 'GroupApproximation.ThirdParty.HamSandwich.SphereOddDegree.sphereModTwo_above_dimension_vanishing_closed' depends on axioms: [propext,
 Classical.choice,
 Quot.sound]
✔ [8885/8901] Built GroupApproximation.CharClass.RelativeRangeKer (165s)
ℹ [8886/8901] Built GroupApproximation.CharClass.LIXKGenSect (166s)
info: GroupApproximation/CharClass/LIXKGenSect.lean:146:14: 'GroupApproximation.CharClass.KGen.kSect_pow' depends on axioms: [propext, Classical.choice, Quot.sound]
info: GroupApproximation/CharClass/LIXKGenSect.lean:147:14: 'GroupApproximation.CharClass.KGen.joinC_kSect' depends on axioms: [propext, Classical.choice, Quot.sound]
info: GroupApproximation/CharClass/LIXKGenSect.lean:148:14: 'GroupApproximation.CharClass.KGen.kSect_neg_one' depends on axioms: [propext, Classical.choice, Quot.sound]
info: GroupApproximation/CharClass/LIXKGenSect.lean:149:14: 'GroupApproximation.CharClass.KGen.continuousOn_kSect' depends on axioms: [propext, Classical.choice, Quot.sound]
ℹ [8887/8901] Built GroupApproximation.CharClass.LIXKPunctured (165s)
info: GroupApproximation/CharClass/LIXKPunctured.lean:168:14: 'GroupApproximation.CharClass.isZero_inter_of_cover' depends on axioms: [propext, Classical.choice, Quot.sound]
info: GroupApproximation/CharClass/LIXKPunctured.lean:169:14: 'GroupApproximation.CharClass.isZero_punctured_finite' depends on axioms: [propext, Classical.choice, Quot.sound]
✔ [8888/8901] Built GroupApproximation.CharClass.LIXShapeGenericRank (164s)
ℹ [8890/8901] Built GroupApproximation.CharClass.LIXKStepC (164s)
info: GroupApproximation/CharClass/LIXKStepC.lean:134:14: 'GroupApproximation.CharClass.topChernClass_ne_zero_kzero' depends on axioms: [propext, Classical.choice, Quot.sound]
info: GroupApproximation/CharClass/LIXKStepC.lean:135:14: 'GroupApproximation.CharClass.topChernClass_ne_zero_kzero_naturality' depends on axioms: [propext,
 Classical.choice,
 Quot.sound]
ℹ [8891/8901] Built GroupApproximation.CharClass.LIXKGenSphere (165s)
info: GroupApproximation/CharClass/LIXKGenSphere.lean:342:14: 'GroupApproximation.CharClass.KGen.normSq_cxToEuc' depends on axioms: [propext, Classical.choice, Quot.sound]
info: GroupApproximation/CharClass/LIXKGenSphere.lean:343:14: 'GroupApproximation.CharClass.KGen.cxToEuc_eucToCx' depends on axioms: [propext, Classical.choice, Quot.sound]
info: GroupApproximation/CharClass/LIXKGenSphere.lean:344:14: 'GroupApproximation.CharClass.KGen.puncturedAcyclic_unitVectors' depends on axioms: [propext,
 Classical.choice,
 Quot.sound]
info: GroupApproximation/CharClass/LIXKGenSphere.lean:345:14: 'GroupApproximation.CharClass.KGen.hbase' depends on axioms: [propext, Classical.choice, Quot.sound]
info: GroupApproximation/CharClass/LIXKGenSphere.lean:346:14: 'GroupApproximation.CharClass.KGen.hbase_two_eq_hbase_lix' depends on axioms: [propext, Classical.choice, Quot.sound]
ℹ [8892/8901] Built GroupApproximation.CharClass.LIXKGenChart (168s)
info: GroupApproximation/CharClass/LIXKGenChart.lean:239:14: 'GroupApproximation.CharClass.KGen.sphereChartVec_mem' depends on axioms: [propext, Classical.choice, Quot.sound]
info: GroupApproximation/CharClass/LIXKGenChart.lean:240:14: 'GroupApproximation.CharClass.KGen.eulerLinearModel_surjective' depends on axioms: [propext,
 Classical.choice,
 Quot.sound]
info: GroupApproximation/CharClass/LIXKGenChart.lean:241:14: 'GroupApproximation.CharClass.KGen.trivialBlockChart_eq_zero_iff' depends on axioms: [propext,
 Classical.choice,
 Quot.sound]
ℹ [8893/8901] Built GroupApproximation.CharClass.LIXKStepCTwo (36s)
info: GroupApproximation/CharClass/LIXKStepCTwo.lean:134:14: 'GroupApproximation.CharClass.eq_of_ne_zero_of_line_two' depends on axioms: [propext, Classical.choice, Quot.sound]
info: GroupApproximation/CharClass/LIXKStepCTwo.lean:135:14: 'GroupApproximation.CharClass.localClassesAgree_of_ne_zero_two' depends on axioms: [propext,
 Classical.choice,
 Quot.sound]
info: GroupApproximation/CharClass/LIXKStepCTwo.lean:136:14: 'GroupApproximation.CharClass.topChernClass_ne_zero_kzero_two' depends on axioms: [propext,
 Classical.choice,
 Quot.sound]
✖ [8894/8901] Building GroupApproximation.CharClass.LIXKGenSectInverse (38s)
trace: .> LEAN_PATH=/projects/standard/hsiehph/sauer354/cc_clones/cs-endpoint/.lake/packages/Cli/.lake/build/lib/lean:/projects/standard/hsiehph/sauer354/cc_clones/cs-endpoint/.lake/packages/batteries/.lake/build/lib/lean:/projects/standard/hsiehph/sauer354/cc_clones/cs-endpoint/.lake/packages/Qq/.lake/build/lib/lean:/projects/standard/hsiehph/sauer354/cc_clones/cs-endpoint/.lake/packages/aesop/.lake/build/lib/lean:/projects/standard/hsiehph/sauer354/cc_clones/cs-endpoint/.lake/packages/proofwidgets/.lake/build/lib/lean:/projects/standard/hsiehph/sauer354/cc_clones/cs-endpoint/.lake/packages/importGraph/.lake/build/lib/lean:/projects/standard/hsiehph/sauer354/cc_clones/cs-endpoint/.lake/packages/LeanSearchClient/.lake/build/lib/lean:/projects/standard/hsiehph/sauer354/cc_clones/cs-endpoint/.lake/packages/plausible/.lake/build/lib/lean:/projects/standard/hsiehph/sauer354/cc_clones/cs-endpoint/.lake/packages/mathlib/.lake/build/lib/lean:/projects/standard/hsiehph/sauer354/cc_clones/lix-a/.lake/build/lib/lean /projects/standard/hsiehph/sauer354/.elan/toolchains/leanprover--lean4---v4.32.0/bin/lean -DwarningAsError=true /projects/standard/hsiehph/sauer354/cc_clones/lix-a/GroupApproximation/CharClass/LIXKGenSectInverse.lean -o /projects/standard/hsiehph/sauer354/cc_clones/lix-a/.lake/build/lib/lean/GroupApproximation/CharClass/LIXKGenSectInverse.olean -i /projects/standard/hsiehph/sauer354/cc_clones/lix-a/.lake/build/lib/lean/GroupApproximation/CharClass/LIXKGenSectInverse.ilean -c /projects/standard/hsiehph/sauer354/cc_clones/lix-a/.lake/build/ir/GroupApproximation/CharClass/LIXKGenSectInverse.c --setup /projects/standard/hsiehph/sauer354/cc_clones/lix-a/.lake/build/ir/GroupApproximation/CharClass/LIXKGenSectInverse.setup.json --json
error: GroupApproximation/CharClass/LIXKGenSectInverse.lean:51:2: No goals to be solved
info: GroupApproximation/CharClass/LIXKGenSectInverse.lean:120:14: 'GroupApproximation.CharClass.KGen.exp_kZeroAngle' depends on axioms: [propext, Classical.choice, Quot.sound]
info: GroupApproximation/CharClass/LIXKGenSectInverse.lean:121:14: 'GroupApproximation.CharClass.KGen.arg_neg_joinC_polar_zero' depends on axioms: [propext, Classical.choice, Quot.sound]
info: GroupApproximation/CharClass/LIXKGenSectInverse.lean:122:14: 'GroupApproximation.CharClass.KGen.kSect_joinC_polar' depends on axioms: [propext, Classical.choice, Quot.sound]
error: Lean exited with code 1
ℹ [8897/8901] Built GroupApproximation.CharClass.LIXKGenPunctured (38s)
info: GroupApproximation/CharClass/LIXKGenPunctured.lean:182:14: 'GroupApproximation.CharClass.KGen.puncturedAcyclic_lixBase' depends on axioms: [propext, Classical.choice, Quot.sound]
info: GroupApproximation/CharClass/LIXKGenPunctured.lean:183:14: 'GroupApproximation.CharClass.KGen.puncturedVanish_finite' depends on axioms: [propext, Classical.choice, Quot.sound]
info: GroupApproximation/CharClass/LIXKGenPunctured.lean:184:14: 'GroupApproximation.CharClass.puncturedAcyclic_lixBase_two' depends on axioms: [propext, Classical.choice, Quot.sound]
ℹ [8898/8901] Built GroupApproximation.CharClass.LIXKGenDeriv (40s)
info: GroupApproximation/CharClass/LIXKGenDeriv.lean:191:14: 'GroupApproximation.CharClass.KGen.hasStrictFDerivAt_chartWeight' depends on axioms: [propext,
 Classical.choice,
 Quot.sound]
info: GroupApproximation/CharClass/LIXKGenDeriv.lean:192:14: 'GroupApproximation.CharClass.KGen.hasStrictFDerivAt_trivialBlockChart' depends on axioms: [propext,
 Classical.choice,
 Quot.sound]
ℹ [8899/8901] Built GroupApproximation.CharClass.LIXKGenLocalHomeo (29s)
info: GroupApproximation/CharClass/LIXKGenLocalHomeo.lean:101:14: 'GroupApproximation.CharClass.KGen.eulerLocalHomeo_zero' depends on axioms: [propext, Classical.choice, Quot.sound]
info: GroupApproximation/CharClass/LIXKGenLocalHomeo.lean:102:14: 'GroupApproximation.CharClass.KGen.zero_mem_eulerLocalHomeo_target' depends on axioms: [propext,
 Classical.choice,
 Quot.sound]
info: GroupApproximation/CharClass/LIXKGenLocalHomeo.lean:103:14: 'GroupApproximation.CharClass.KGen.injective_lixLocalRelIso' depends on axioms: [propext, Classical.choice, Quot.sound]
✖ [8900/8901] Building GroupApproximation.CharClass.LIXKGenBundle (32s)
trace: .> LEAN_PATH=/projects/standard/hsiehph/sauer354/cc_clones/cs-endpoint/.lake/packages/Cli/.lake/build/lib/lean:/projects/standard/hsiehph/sauer354/cc_clones/cs-endpoint/.lake/packages/batteries/.lake/build/lib/lean:/projects/standard/hsiehph/sauer354/cc_clones/cs-endpoint/.lake/packages/Qq/.lake/build/lib/lean:/projects/standard/hsiehph/sauer354/cc_clones/cs-endpoint/.lake/packages/aesop/.lake/build/lib/lean:/projects/standard/hsiehph/sauer354/cc_clones/cs-endpoint/.lake/packages/proofwidgets/.lake/build/lib/lean:/projects/standard/hsiehph/sauer354/cc_clones/cs-endpoint/.lake/packages/importGraph/.lake/build/lib/lean:/projects/standard/hsiehph/sauer354/cc_clones/cs-endpoint/.lake/packages/LeanSearchClient/.lake/build/lib/lean:/projects/standard/hsiehph/sauer354/cc_clones/cs-endpoint/.lake/packages/plausible/.lake/build/lib/lean:/projects/standard/hsiehph/sauer354/cc_clones/cs-endpoint/.lake/packages/mathlib/.lake/build/lib/lean:/projects/standard/hsiehph/sauer354/cc_clones/lix-a/.lake/build/lib/lean /projects/standard/hsiehph/sauer354/.elan/toolchains/leanprover--lean4---v4.32.0/bin/lean -DwarningAsError=true /projects/standard/hsiehph/sauer354/cc_clones/lix-a/GroupApproximation/CharClass/LIXKGenBundle.lean -o /projects/standard/hsiehph/sauer354/cc_clones/lix-a/.lake/build/lib/lean/GroupApproximation/CharClass/LIXKGenBundle.olean -i /projects/standard/hsiehph/sauer354/cc_clones/lix-a/.lake/build/lib/lean/GroupApproximation/CharClass/LIXKGenBundle.ilean -c /projects/standard/hsiehph/sauer354/cc_clones/lix-a/.lake/build/ir/GroupApproximation/CharClass/LIXKGenBundle.c --setup /projects/standard/hsiehph/sauer354/cc_clones/lix-a/.lake/build/ir/GroupApproximation/CharClass/LIXKGenBundle.setup.json --json
error: GroupApproximation/CharClass/LIXKGenBundle.lean:164:2: Unknown identifier `cohomologyZMod2`
error: GroupApproximation/CharClass/LIXKGenBundle.lean:171:2: Type mismatch
  relToAbs (ZMod 2) (lixTotalPair n hGc hGu) (lixPuncturedInTotal n hGc hGu) q
has type
  relCohomology (ZMod 2) (lixTotalPair n hGc hGu) (lixPuncturedInTotal n hGc hGu) q ⟶
    HomologicalComplex.homology (cochainCx (ZMod 2) (lixTotalPair n hGc hGu)) q
but is expected to have type
  relCohomology (ZMod 2) (lixTotalPair n hGc hGu) (lixPuncturedInTotal n hGc hGu) q ⟶ lixHE n hGc hGu q
error: GroupApproximation/CharClass/LIXKGenBundle.lean:177:24: Function expected at
  cohomologyZMod2
but this term has type
  ?m.1

Note: Expected a function because this term is being applied to the argument
  (lixN n dd)

Hint: The identifier `cohomologyZMod2` is unknown, and Lean's `autoImplicit` option causes an unknown identifier to be treated as an implicitly bound variable with an unknown type. However, the unknown type cannot be a function, and a function is what Lean expects here. This is often the result of a typo or a missing `import` or `open` statement.
error: GroupApproximation/CharClass/LIXKGenBundle.lean:183:4: Function expected at
  cohomologyZMod2
but this term has type
  ?m.1

Note: Expected a function because this term is being applied to the argument
  (lixN n dd)

Hint: The identifier `cohomologyZMod2` is unknown, and Lean's `autoImplicit` option causes an unknown identifier to be treated as an implicitly bound variable with an unknown type. However, the unknown type cannot be a function, and a function is what Lean expects here. This is often the result of a typo or a missing `import` or `open` statement.
error: GroupApproximation/CharClass/LIXKGenBundle.lean:192:6: Function expected at
  cohomologyZMod2
but this term has type
  ?m.1

Note: Expected a function because this term is being applied to the argument
  (lixN n dd)

Hint: The identifier `cohomologyZMod2` is unknown, and Lean's `autoImplicit` option causes an unknown identifier to be treated as an implicitly bound variable with an unknown type. However, the unknown type cannot be a function, and a function is what Lean expects here. This is often the result of a typo or a missing `import` or `open` statement.
error: GroupApproximation/CharClass/LIXKGenBundle.lean:199:6: Function expected at
  cohomologyZMod2
but this term has type
  ?m.1

Note: Expected a function because this term is being applied to the argument
  (lixN n dd)

Hint: The identifier `cohomologyZMod2` is unknown, and Lean's `autoImplicit` option causes an unknown identifier to be treated as an implicitly bound variable with an unknown type. However, the unknown type cannot be a function, and a function is what Lean expects here. This is often the result of a typo or a missing `import` or `open` statement.
error: GroupApproximation/CharClass/LIXKGenBundle.lean:204:4: Function expected at
  cohomologyZMod2
but this term has type
  ?m.1

Note: Expected a function because this term is being applied to the argument
  (lixN n dd)

Hint: The identifier `cohomologyZMod2` is unknown, and Lean's `autoImplicit` option causes an unknown identifier to be treated as an implicitly bound variable with an unknown type. However, the unknown type cannot be a function, and a function is what Lean expects here. This is often the result of a typo or a missing `import` or `open` statement.
error: GroupApproximation/CharClass/LIXKGenBundle.lean:205:6: Function expected at
  cohomologyZMod2
but this term has type
  ?m.1

Note: Expected a function because this term is being applied to the argument
  (TopCat.of ↥({lixKZero n k dd i}ᶜ : Set (↥sphereOne × Gen.baseM n dd)))

Hint: The identifier `cohomologyZMod2` is unknown, and Lean's `autoImplicit` option causes an unknown identifier to be treated as an implicitly bound variable with an unknown type. However, the unknown type cannot be a function, and a function is what Lean expects here. This is often the result of a typo or a missing `import` or `open` statement.
error: GroupApproximation/CharClass/LIXKGenBundle.lean:211:63: Function expected at
  lixKI
but this term has type
  ?m.1

Note: Expected a function because this term is being applied to the argument
  n

Hint: The identifier `lixKI` is unknown, and Lean's `autoImplicit` option causes an unknown identifier to be treated as an implicitly bound variable with an unknown type. However, the unknown type cannot be a function, and a function is what Lean expects here. This is often the result of a typo or a missing `import` or `open` statement.
error: GroupApproximation/CharClass/LIXKGenBundle.lean:235:42: don't know how to synthesize implicit argument `cohomologyZMod2`
  @lixKJloc ℓ (?m.22 n k dd i q) (?m.23 n k dd i q) n k dd i q
context:
ℓ : ℕ
dd✝ : Fin ℓ → ℕ
n k : ℕ
dd : Fin ℓ → ℕ
i : Fin (k + 1)
q : ℕ
⊢ ?m.22 n k dd i q

Note: All parameter types and holes (e.g., `_`) in the header of a theorem are resolved before the proof is processed; information from the proof cannot be used to infer what these values should be
error: GroupApproximation/CharClass/LIXKGenBundle.lean:235:42: don't know how to synthesize implicit argument
  @lixKJloc ℓ (?m.22 n k dd i q) (?m.23 n k dd i q) n k dd i q
context:
ℓ : ℕ
dd✝ : Fin ℓ → ℕ
n k : ℕ
dd : Fin ℓ → ℕ
i : Fin (k + 1)
q : ℕ
⊢ Sort ?u.22

Note: All parameter types and holes (e.g., `_`) in the header of a theorem are resolved before the proof is processed; information from the proof cannot be used to infer what these values should be
error: GroupApproximation/CharClass/LIXKGenBundle.lean:235:25: don't know how to synthesize implicit argument `cohomologyZMod2`
  @lixKJ ℓ (?m.20 n k dd i q) (?m.21 n k dd i q) n k dd q
context:
ℓ : ℕ
dd✝ : Fin ℓ → ℕ
n k : ℕ
dd : Fin ℓ → ℕ
i : Fin (k + 1)
q : ℕ
⊢ ?m.20 n k dd i q

Note: All parameter types and holes (e.g., `_`) in the header of a theorem are resolved before the proof is processed; information from the proof cannot be used to infer what these values should be
error: GroupApproximation/CharClass/LIXKGenBundle.lean:235:25: don't know how to synthesize implicit argument
  @lixKJ ℓ (?m.20 n k dd i q) (?m.21 n k dd i q) n k dd q
context:
ℓ : ℕ
dd✝ : Fin ℓ → ℕ
n k : ℕ
dd : Fin ℓ → ℕ
i : Fin (k + 1)
q : ℕ
⊢ Sort ?u.21

Note: All parameter types and holes (e.g., `_`) in the header of a theorem are resolved before the proof is processed; information from the proof cannot be used to infer what these values should be
error: GroupApproximation/CharClass/LIXKGenBundle.lean:249:28: don't know how to synthesize implicit argument `cohomologyZMod2`
  @lixKSAbs ℓ dd (?m.64 n k hGc hGu hGe q) (?m.65 n k hGc hGu hGe q) n k G ⋯ ⋯ ⋯ q
context:
ℓ : ℕ
dd : Fin ℓ → ℕ
n k : ℕ
G : Gen.baseM n dd → Matrix (Gen.VIdx n dd) (Gen.VIdx n dd) ℂ
hGc : Continuous G
hGu : ∀ (m : Gen.baseM n dd), IsCornerUnitary (Gen.Vmat n m) (G m)
hGe : ∀ (m : Gen.baseM n dd), G m *ᵥ (aVecK n m ⊕ᵥ 0) = bVecK n k m ⊕ᵥ 0
q : ℕ
⊢ ?m.64 n k hGc hGu hGe q

Note: All parameter types and holes (e.g., `_`) in the header of a theorem are resolved before the proof is processed; information from the proof cannot be used to infer what these values should be
error: GroupApproximation/CharClass/LIXKGenBundle.lean:249:28: don't know how to synthesize implicit argument
  @lixKSAbs ℓ dd (?m.64 n k hGc hGu hGe q) (?m.65 n k hGc hGu hGe q) n k G ⋯ ⋯ ⋯ q
context:
ℓ : ℕ
dd : Fin ℓ → ℕ
n k : ℕ
G : Gen.baseM n dd → Matrix (Gen.VIdx n dd) (Gen.VIdx n dd) ℂ
hGc : Continuous G
hGu : ∀ (m : Gen.baseM n dd), IsCornerUnitary (Gen.Vmat n m) (G m)
hGe : ∀ (m : Gen.baseM n dd), G m *ᵥ (aVecK n m ⊕ᵥ 0) = bVecK n k m ⊕ᵥ 0
q : ℕ
⊢ Sort ?u.43

Note: All parameter types and holes (e.g., `_`) in the header of a theorem are resolved before the proof is processed; information from the proof cannot be used to infer what these values should be
error: GroupApproximation/CharClass/LIXKGenBundle.lean:248:33: don't know how to synthesize implicit argument `cohomologyZMod2`
  @lixKJ ℓ (?m.62 n k hGc hGu hGe q) (?m.63 n k hGc hGu hGe q) n k dd q
context:
ℓ : ℕ
dd : Fin ℓ → ℕ
n k : ℕ
G : Gen.baseM n dd → Matrix (Gen.VIdx n dd) (Gen.VIdx n dd) ℂ
hGc : Continuous G
hGu : ∀ (m : Gen.baseM n dd), IsCornerUnitary (Gen.Vmat n m) (G m)
hGe : ∀ (m : Gen.baseM n dd), G m *ᵥ (aVecK n m ⊕ᵥ 0) = bVecK n k m ⊕ᵥ 0
q : ℕ
⊢ ?m.62 n k hGc hGu hGe q

Note: All parameter types and holes (e.g., `_`) in the header of a theorem are resolved before the proof is processed; information from the proof cannot be used to infer what these values should be
error: GroupApproximation/CharClass/LIXKGenBundle.lean:248:33: don't know how to synthesize implicit argument
  @lixKJ ℓ (?m.62 n k hGc hGu hGe q) (?m.63 n k hGc hGu hGe q) n k dd q
context:
ℓ : ℕ
dd : Fin ℓ → ℕ
n k : ℕ
G : Gen.baseM n dd → Matrix (Gen.VIdx n dd) (Gen.VIdx n dd) ℂ
hGc : Continuous G
hGu : ∀ (m : Gen.baseM n dd), IsCornerUnitary (Gen.Vmat n m) (G m)
hGe : ∀ (m : Gen.baseM n dd), G m *ᵥ (aVecK n m ⊕ᵥ 0) = bVecK n k m ⊕ᵥ 0
q : ℕ
⊢ Sort ?u.40

Note: All parameter types and holes (e.g., `_`) in the header of a theorem are resolved before the proof is processed; information from the proof cannot be used to infer what these values should be
error: GroupApproximation/CharClass/LIXKGenBundle.lean:258:60: Function expected at
  cohomologyZMod2
but this term has type
  ?m.1

Note: Expected a function because this term is being applied to the argument
  (lixN n dd)

Hint: The identifier `cohomologyZMod2` is unknown, and Lean's `autoImplicit` option causes an unknown identifier to be treated as an implicitly bound variable with an unknown type. However, the unknown type cannot be a function, and a function is what Lean expects here. This is often the result of a typo or a missing `import` or `open` statement.
error: GroupApproximation/CharClass/LIXKGenBundle.lean:259:6: Failed to rewrite using equation theorems for `lixPiStar`
error: GroupApproximation/CharClass/LIXKGenBundle.lean:259:6: declaration uses `sorry`
info: GroupApproximation/CharClass/LIXKGenBundle.lean:266:14: 'GroupApproximation.CharClass.KGen.rank_lixBundle' depends on axioms: [propext, Classical.choice, Quot.sound]
info: GroupApproximation/CharClass/LIXKGenBundle.lean:267:14: 'GroupApproximation.CharClass.KGen.lixKSectionTotal_mapsTo' depends on axioms: [propext, Classical.choice, Quot.sound]
error: GroupApproximation/CharClass/LIXKGenBundle.lean:268:14: Unknown constant `KGen.lixK_hcompat`
error: GroupApproximation/CharClass/LIXKGenBundle.lean:269:14: Unknown constant `KGen.lixK_hnat`
error: GroupApproximation/CharClass/LIXKGenBundle.lean:270:14: Unknown constant `KGen.lixK_hsection`
error: Lean exited with code 1
Some required targets logged failures:
- GroupApproximation.CharClass.LIXKGenSectInverse
- GroupApproximation.CharClass.LIXKGenBundle
error: build failed
EXIT=1
