purged 1 stale artifact sets (source-newer=1, import-newer=0) of 3855 oleans
[job] acn112 cores=64-71 threads=8 base=ecb2bbc768879a34c950081c25282aa5c14d8699 mods: GroupApproximation.Algebra.BilateralThreeCellCorner GroupApproximation.Manuscript.ChainCore.BilateralThreeCellDischarge
ℹ [1663/1800] Replayed GroupApproximation.Algebra.BilateralThreeCellMatrices
info: GroupApproximation/Algebra/BilateralThreeCellMatrices.lean:461:21: 'GroupApproximation.BilateralThreeCell.printedBilateralThreeCellIdentities' depends on axioms: [propext,
 Classical.choice,
 Quot.sound]
info: GroupApproximation/Algebra/BilateralThreeCellMatrices.lean:462:14: 'GroupApproximation.BilateralThreeCell.Cell.z_commute_B' depends on axioms: [propext, Classical.choice, Quot.sound]
info: GroupApproximation/Algebra/BilateralThreeCellMatrices.lean:463:14: 'GroupApproximation.BilateralThreeCell.Cell.z_mem_B' depends on axioms: [propext, Classical.choice, Quot.sound]
info: GroupApproximation/Algebra/BilateralThreeCellMatrices.lean:464:14: 'GroupApproximation.BilateralThreeCell.Cell.W_conj_mem_coreGroup' depends on axioms: [propext,
 Classical.choice,
 Quot.sound]
info: GroupApproximation/Algebra/BilateralThreeCellMatrices.lean:465:14: 'GroupApproximation.BilateralThreeCell.Cell.c_commute_coreGroup' depends on axioms: [propext,
 Classical.choice,
 Quot.sound]
ℹ [1752/1800] Replayed GroupApproximation.Dynamics.BilateralThreeCellClopen
info: GroupApproximation/Dynamics/BilateralThreeCellClopen.lean:77:14: 'GroupApproximation.ClopenCrossedProduct.bilateralCell_d' depends on axioms: [propext, Classical.choice, Quot.sound]
info: GroupApproximation/Dynamics/BilateralThreeCellClopen.lean:78:14: 'GroupApproximation.ClopenCrossedProduct.defectD_ne_zero' depends on axioms: [propext, Classical.choice, Quot.sound]
ℹ [2825/2906] Replayed GroupApproximation.Sofic.KazhdanCornerCompression
info: GroupApproximation/Sofic/KazhdanCornerCompression.lean:342:4: Try this:
  [apply] abel_nf
✖ [4571/4572] Building GroupApproximation.Algebra.BilateralThreeCellCorner (11s)
trace: .> LEAN_PATH=/projects/standard/hsiehph/sauer354/cc_clones/cs-endpoint/.lake/packages/Cli/.lake/build/lib/lean:/projects/standard/hsiehph/sauer354/cc_clones/cs-endpoint/.lake/packages/batteries/.lake/build/lib/lean:/projects/standard/hsiehph/sauer354/cc_clones/cs-endpoint/.lake/packages/Qq/.lake/build/lib/lean:/projects/standard/hsiehph/sauer354/cc_clones/cs-endpoint/.lake/packages/aesop/.lake/build/lib/lean:/projects/standard/hsiehph/sauer354/cc_clones/cs-endpoint/.lake/packages/proofwidgets/.lake/build/lib/lean:/projects/standard/hsiehph/sauer354/cc_clones/cs-endpoint/.lake/packages/importGraph/.lake/build/lib/lean:/projects/standard/hsiehph/sauer354/cc_clones/cs-endpoint/.lake/packages/LeanSearchClient/.lake/build/lib/lean:/projects/standard/hsiehph/sauer354/cc_clones/cs-endpoint/.lake/packages/plausible/.lake/build/lib/lean:/projects/standard/hsiehph/sauer354/cc_clones/cs-endpoint/.lake/packages/mathlib/.lake/build/lib/lean:/projects/standard/hsiehph/sauer354/cc_clones/lix-a/.lake/build/lib/lean /projects/standard/hsiehph/sauer354/.elan/toolchains/leanprover--lean4---v4.32.0/bin/lean -DwarningAsError=true /projects/standard/hsiehph/sauer354/cc_clones/lix-a/GroupApproximation/Algebra/BilateralThreeCellCorner.lean -o /projects/standard/hsiehph/sauer354/cc_clones/lix-a/.lake/build/lib/lean/GroupApproximation/Algebra/BilateralThreeCellCorner.olean -i /projects/standard/hsiehph/sauer354/cc_clones/lix-a/.lake/build/lib/lean/GroupApproximation/Algebra/BilateralThreeCellCorner.ilean -c /projects/standard/hsiehph/sauer354/cc_clones/lix-a/.lake/build/ir/GroupApproximation/Algebra/BilateralThreeCellCorner.c --setup /projects/standard/hsiehph/sauer354/cc_clones/lix-a/.lake/build/ir/GroupApproximation/Algebra/BilateralThreeCellCorner.setup.json --json
error: GroupApproximation/Algebra/BilateralThreeCellCorner.lean:154:6: this tactic is never executed

Note: This linter can be disabled with `set_option linter.unreachableTactic false`
error: GroupApproximation/Algebra/BilateralThreeCellCorner.lean:155:6: this tactic is never executed

Note: This linter can be disabled with `set_option linter.unreachableTactic false`
info: GroupApproximation/Algebra/BilateralThreeCellCorner.lean:212:14: 'GroupApproximation.BilateralThreeCell.Cell.cornerEmbed_injective' depends on axioms: [propext,
 Classical.choice,
 Quot.sound]
info: GroupApproximation/Algebra/BilateralThreeCellCorner.lean:213:14: 'GroupApproximation.BilateralThreeCell.Cell.range_cornerEmbed' depends on axioms: [propext,
 Classical.choice,
 Quot.sound]
info: GroupApproximation/Algebra/BilateralThreeCellCorner.lean:214:14: 'GroupApproximation.BilateralThreeCell.Cell.unit_conj_mem_range' depends on axioms: [propext, Quot.sound]
info: GroupApproximation/Algebra/BilateralThreeCellCorner.lean:215:14: 'GroupApproximation.BilateralThreeCell.Cell.isOfFinOrder_z' depends on axioms: [propext, Classical.choice, Quot.sound]
error: Lean exited with code 1
Some required targets logged failures:
- GroupApproximation.Algebra.BilateralThreeCellCorner
error: build failed
EXIT=1
