purged 0 stale artifact sets (source-newer=0, import-newer=0) of 4023 oleans
[job] acn112 cores=64-71 threads=8 base=5c8267241fe7741959c1d65bb43e8d3191a96f53 mods: GroupApproximation.GGT.VanKampen.Estimating.OsinLemma94ClassGapSpanModel
ℹ [3417/3492] Replayed GroupApproximation.Sofic.KazhdanCornerCompression
info: GroupApproximation/Sofic/KazhdanCornerCompression.lean:342:4: Try this:
  [apply] abel_nf
ℹ [10159/10163] Replayed GroupApproximation.GGT.VanKampen.Estimating.OsinLemma94ClassSection
info: GroupApproximation/GGT/VanKampen/Estimating/OsinLemma94ClassSection.lean:262:14: 'GroupApproximation.GGT.VanKampen.osinLemma94Section_of_classCount' depends on axioms: [propext,
 Classical.choice,
 Quot.sound]
info: GroupApproximation/GGT/VanKampen/Estimating/OsinLemma94ClassSection.lean:263:14: 'GroupApproximation.GGT.VanKampen.OsinLemma94ClassPolygons.classBudget_of_otherClasses' depends on axioms: [propext,
 Classical.choice,
 Quot.sound]
info: GroupApproximation/GGT/VanKampen/Estimating/OsinLemma94ClassSection.lean:264:14: 'GroupApproximation.GGT.VanKampen.osinLemma94ClassCountInput_of_endLoops' depends on axioms: [propext,
 Classical.choice,
 Quot.sound]
ℹ [10162/10163] Replayed GroupApproximation.GGT.VanKampen.Estimating.OsinLemma94ClassPairTransfer
info: GroupApproximation/GGT/VanKampen/Estimating/OsinLemma94ClassPairTransfer.lean:332:14: 'GroupApproximation.GGT.VanKampen.UnboundEstimate.WordConnectorPair.exists_shift' depends on axioms: [propext,
 Classical.choice,
 Quot.sound]
info: GroupApproximation/GGT/VanKampen/Estimating/OsinLemma94ClassPairTransfer.lean:333:14: 'GroupApproximation.GGT.VanKampen.OsinLemma94RealizedPolygons.listVal_flatMap_take_rotate' depends on axioms: [propext,
 Classical.choice,
 Quot.sound]
info: GroupApproximation/GGT/VanKampen/Estimating/OsinLemma94ClassPairTransfer.lean:334:14: 'GroupApproximation.GGT.VanKampen.OsinLemma94ClassPolygons.vertex_eq_of_sideAt' depends on axioms: [propext,
 Classical.choice,
 Quot.sound]
info: GroupApproximation/GGT/VanKampen/Estimating/OsinLemma94ClassPairTransfer.lean:335:14: 'GroupApproximation.GGT.VanKampen.OsinLemma94ClassPolygons.exists_sidePair_of_singleSide' depends on axioms: [propext,
 Classical.choice,
 Quot.sound]
info: GroupApproximation/GGT/VanKampen/Estimating/OsinLemma94ClassPairTransfer.lean:336:14: 'GroupApproximation.GGT.VanKampen.osinLemma94ClassCases_of_residuals' depends on axioms: [propext,
 Classical.choice,
 Quot.sound]
ℹ [10163/10163] Built GroupApproximation.GGT.VanKampen.Estimating.OsinLemma94ClassGapSpanModel (31s)
info: GroupApproximation/GGT/VanKampen/Estimating/OsinLemma94ClassGapSpanModel.lean:124:14: 'GroupApproximation.GGT.VanKampen.OsinLemma94ClassPolygons.vertex_gap_end_eq' depends on axioms: [propext,
 Classical.choice,
 Quot.sound]
info: GroupApproximation/GGT/VanKampen/Estimating/OsinLemma94ClassGapSpanModel.lean:125:14: 'GroupApproximation.GGT.VanKampen.OsinLemma94ClassPolygons.ofSides_singleSidePair' depends on axioms: [propext,
 Classical.choice,
 Quot.sound]
info: GroupApproximation/GGT/VanKampen/Estimating/OsinLemma94ClassGapSpanModel.lean:126:14: 'GroupApproximation.GGT.VanKampen.OsinLemma94ClassPolygons.ofSides_not_span' depends on axioms: [propext,
 Classical.choice,
 Quot.sound]
Build completed successfully (10163 jobs).
EXIT=0
