purged 0 stale artifact sets (source-newer=0, import-newer=0) of 2147 oleans
[job] acn112 cores=72-79 threads=8 base=0289affa9d036696c9cbaf75068177abe2b1aeaa mods: GroupApproximation.CharClass.LIXKGenOfModel GroupApproximation.CharClass.LIXKGenOfBundle
ℹ [8705/8837] Replayed GroupApproximation.AlgTop.PuncturedNormedSphere
info: GroupApproximation/AlgTop/PuncturedNormedSphere.lean:95:14: 'GroupApproximation.AlgTop.complexToEuclidean_eq_zero_iff' depends on axioms: [propext, Classical.choice, Quot.sound]
ℹ [8710/8864] Replayed GroupApproximation.CharClass.LIXKMap
info: GroupApproximation/CharClass/LIXKMap.lean:398:14: 'GroupApproximation.CharClass.psiVec_eq_neg_eOne_iff' depends on axioms: [propext, Classical.choice, Quot.sound]
info: GroupApproximation/CharClass/LIXKMap.lean:399:14: 'GroupApproximation.CharClass.kRoot_injective' depends on axioms: [propext, Classical.choice, Quot.sound]
info: GroupApproximation/CharClass/LIXKMap.lean:400:14: 'GroupApproximation.CharClass.psiVec_kRot' depends on axioms: [propext, Classical.choice, Quot.sound]
ℹ [8744/8869] Replayed GroupApproximation.CharClass.LIXKGenMap
info: GroupApproximation/CharClass/LIXKGenMap.lean:317:14: 'GroupApproximation.CharClass.KGen.psiVec_eq_neg_eZero_iff' depends on axioms: [propext, Classical.choice, Quot.sound]
info: GroupApproximation/CharClass/LIXKGenMap.lean:318:14: 'GroupApproximation.CharClass.KGen.kZero_injective' depends on axioms: [propext, Classical.choice, Quot.sound]
info: GroupApproximation/CharClass/LIXKGenMap.lean:319:14: 'GroupApproximation.CharClass.KGen.psiVec_kRot' depends on axioms: [propext, Classical.choice, Quot.sound]
info: GroupApproximation/CharClass/LIXKGenMap.lean:320:14: 'GroupApproximation.CharClass.KGen.re_kZeroVec_last' depends on axioms: [propext, Classical.choice, Quot.sound]
ℹ [8767/8869] Replayed GroupApproximation.CharClass.ThomPuncturedRecursion
info: GroupApproximation/CharClass/ThomPuncturedRecursion.lean:288:14: 'GroupApproximation.CharClass.PuncturedAcyclicOf.prod' depends on axioms: [propext, Classical.choice, Quot.sound]
ℹ [8774/8908] Replayed GroupApproximation.CharClass.LIXKGenSphereChartHomeo
info: GroupApproximation/CharClass/LIXKGenSphereChartHomeo.lean:199:14: 'GroupApproximation.CharClass.KGen.chartQ_clamp_le_one' depends on axioms: [propext, Classical.choice, Quot.sound]
info: GroupApproximation/CharClass/LIXKGenSphereChartHomeo.lean:200:14: 'GroupApproximation.CharClass.KGen.one_sub_chartQ_inv' depends on axioms: [propext, Classical.choice, Quot.sound]
info: GroupApproximation/CharClass/LIXKGenSphereChartHomeo.lean:201:14: 'GroupApproximation.CharClass.KGen.sphereChartHomeo_zero' depends on axioms: [propext, Classical.choice, Quot.sound]
ℹ [8775/8908] Replayed GroupApproximation.CharClass.LIXKGenZeroChartHomeo
info: GroupApproximation/CharClass/LIXKGenZeroChartHomeo.lean:151:14: 'GroupApproximation.CharClass.KGen.isOpen_sphereNearZero' depends on axioms: [propext, Classical.choice, Quot.sound]
info: GroupApproximation/CharClass/LIXKGenZeroChartHomeo.lean:152:14: 'GroupApproximation.CharClass.KGen.psiSphere_zeroChartFun' depends on axioms: [propext, Classical.choice, Quot.sound]
info: GroupApproximation/CharClass/LIXKGenZeroChartHomeo.lean:153:14: 'GroupApproximation.CharClass.KGen.zeroChartHomeo_zero' depends on axioms: [propext, Classical.choice, Quot.sound]
ℹ [8860/8919] Replayed GroupApproximation.ThirdParty.HamSandwich.SphereOddDegree.SphereModTwoHomologyVanishing
info: GroupApproximation/ThirdParty/HamSandwich/SphereOddDegree/SphereModTwoHomologyVanishing.lean:318:21: 'GroupApproximation.ThirdParty.HamSandwich.SphereOddDegree.sphereModTwo_intermediate_vanishing_closed' depends on axioms: [propext,
 Classical.choice,
 Quot.sound]
ℹ [8861/8919] Replayed GroupApproximation.ThirdParty.HamSandwich.SphereOddDegree.SphereModTwoHomologyAboveDimension
info: GroupApproximation/ThirdParty/HamSandwich/SphereOddDegree/SphereModTwoHomologyAboveDimension.lean:87:21: 'GroupApproximation.ThirdParty.HamSandwich.SphereOddDegree.sphereModTwo_above_dimension_vanishing_closed' depends on axioms: [propext,
 Classical.choice,
 Quot.sound]
ℹ [8902/8919] Replayed GroupApproximation.CharClass.LIXKGenSphere
info: GroupApproximation/CharClass/LIXKGenSphere.lean:342:14: 'GroupApproximation.CharClass.KGen.normSq_cxToEuc' depends on axioms: [propext, Classical.choice, Quot.sound]
info: GroupApproximation/CharClass/LIXKGenSphere.lean:343:14: 'GroupApproximation.CharClass.KGen.cxToEuc_eucToCx' depends on axioms: [propext, Classical.choice, Quot.sound]
info: GroupApproximation/CharClass/LIXKGenSphere.lean:344:14: 'GroupApproximation.CharClass.KGen.puncturedAcyclic_unitVectors' depends on axioms: [propext,
 Classical.choice,
 Quot.sound]
info: GroupApproximation/CharClass/LIXKGenSphere.lean:345:14: 'GroupApproximation.CharClass.KGen.hbase' depends on axioms: [propext, Classical.choice, Quot.sound]
info: GroupApproximation/CharClass/LIXKGenSphere.lean:346:14: 'GroupApproximation.CharClass.KGen.hbase_two_eq_hbase_lix' depends on axioms: [propext, Classical.choice, Quot.sound]
ℹ [8903/8919] Replayed GroupApproximation.CharClass.LIXKPunctured
info: GroupApproximation/CharClass/LIXKPunctured.lean:168:14: 'GroupApproximation.CharClass.isZero_inter_of_cover' depends on axioms: [propext, Classical.choice, Quot.sound]
info: GroupApproximation/CharClass/LIXKPunctured.lean:169:14: 'GroupApproximation.CharClass.isZero_punctured_finite' depends on axioms: [propext, Classical.choice, Quot.sound]
ℹ [8904/8919] Replayed GroupApproximation.CharClass.LIXKGenPunctured
info: GroupApproximation/CharClass/LIXKGenPunctured.lean:182:14: 'GroupApproximation.CharClass.KGen.puncturedAcyclic_lixBase' depends on axioms: [propext, Classical.choice, Quot.sound]
info: GroupApproximation/CharClass/LIXKGenPunctured.lean:183:14: 'GroupApproximation.CharClass.KGen.puncturedVanish_finite' depends on axioms: [propext, Classical.choice, Quot.sound]
info: GroupApproximation/CharClass/LIXKGenPunctured.lean:184:14: 'GroupApproximation.CharClass.puncturedAcyclic_lixBase_two' depends on axioms: [propext, Classical.choice, Quot.sound]
ℹ [8917/8919] Replayed GroupApproximation.CharClass.LIXKGenBaseChart
info: GroupApproximation/CharClass/LIXKGenBaseChart.lean:219:14: 'GroupApproximation.CharClass.KGen.lixKBaseChart_zero' depends on axioms: [propext, Classical.choice, Quot.sound]
info: GroupApproximation/CharClass/LIXKGenBaseChart.lean:220:14: 'GroupApproximation.CharClass.KGen.lixKFullChart_zero' depends on axioms: [propext, Classical.choice, Quot.sound]
info: GroupApproximation/CharClass/LIXKGenBaseChart.lean:221:14: 'GroupApproximation.CharClass.KGen.lixKNbhdHomeo_zero' depends on axioms: [propext, Classical.choice, Quot.sound]
✖ [8918/8919] Building GroupApproximation.CharClass.LIXKGenOfBundle (26s)
trace: .> LEAN_PATH=/projects/standard/hsiehph/sauer354/cc_clones/cs-endpoint/.lake/packages/Cli/.lake/build/lib/lean:/projects/standard/hsiehph/sauer354/cc_clones/cs-endpoint/.lake/packages/batteries/.lake/build/lib/lean:/projects/standard/hsiehph/sauer354/cc_clones/cs-endpoint/.lake/packages/Qq/.lake/build/lib/lean:/projects/standard/hsiehph/sauer354/cc_clones/cs-endpoint/.lake/packages/aesop/.lake/build/lib/lean:/projects/standard/hsiehph/sauer354/cc_clones/cs-endpoint/.lake/packages/proofwidgets/.lake/build/lib/lean:/projects/standard/hsiehph/sauer354/cc_clones/cs-endpoint/.lake/packages/importGraph/.lake/build/lib/lean:/projects/standard/hsiehph/sauer354/cc_clones/cs-endpoint/.lake/packages/LeanSearchClient/.lake/build/lib/lean:/projects/standard/hsiehph/sauer354/cc_clones/cs-endpoint/.lake/packages/plausible/.lake/build/lib/lean:/projects/standard/hsiehph/sauer354/cc_clones/cs-endpoint/.lake/packages/mathlib/.lake/build/lib/lean:/projects/standard/hsiehph/sauer354/cc_clones/lix-a/.lake/build/lib/lean /projects/standard/hsiehph/sauer354/.elan/toolchains/leanprover--lean4---v4.32.0/bin/lean -DwarningAsError=true /projects/standard/hsiehph/sauer354/cc_clones/lix-a/GroupApproximation/CharClass/LIXKGenOfBundle.lean -o /projects/standard/hsiehph/sauer354/cc_clones/lix-a/.lake/build/lib/lean/GroupApproximation/CharClass/LIXKGenOfBundle.olean -i /projects/standard/hsiehph/sauer354/cc_clones/lix-a/.lake/build/lib/lean/GroupApproximation/CharClass/LIXKGenOfBundle.ilean -c /projects/standard/hsiehph/sauer354/cc_clones/lix-a/.lake/build/ir/GroupApproximation/CharClass/LIXKGenOfBundle.c --setup /projects/standard/hsiehph/sauer354/cc_clones/lix-a/.lake/build/ir/GroupApproximation/CharClass/LIXKGenOfBundle.setup.json --json
error: GroupApproximation/CharClass/LIXKGenOfBundle.lean:63:2: Unknown identifier `absPullOf`
error: GroupApproximation/CharClass/LIXKGenOfBundle.lean:70:2: Unknown identifier `absPullOf`
error: GroupApproximation/CharClass/LIXKGenOfBundle.lean:112:37: Unknown identifier `absPullOf`
error: GroupApproximation/CharClass/LIXKGenOfBundle.lean:115:6: Unknown identifier `absPull_id_eqOf`
error: GroupApproximation/CharClass/LIXKGenOfBundle.lean:111:77: unsolved goals
ℓ : ℕ
K : Type
inst✝ : Field K
n k : ℕ
dd : Fin ℓ → ℕ
i : Fin (k + 1)
q : ℕ
h : lixKJlocOf K n k dd i q ≫ sorry = lixKRhoOf K n k dd i q ≫ lixKJOf K n k dd q
⊢ lixKRhoOf K n k dd i q ≫ lixKJOf K n k dd q = lixKJlocOf K n k dd i q
error: GroupApproximation/CharClass/LIXKGenOfBundle.lean:127:2: Type mismatch
  Eq.symm (relToAbs_naturality K (lixKS n k hGc hGu hGe) (lixKSectionTotal_mapsTo n k hGc hGu hGe) q)
has type
  relPullback K (lixKS n k hGc hGu hGe) ⋯ q ≫ relToAbs K (lixN n dd) (lixKZeroSet n k dd)ᶜ q =
    relToAbs K (lixTotalPair n hGc hGu) (lixPuncturedInTotal n hGc hGu) q ≫
      HomologicalComplex.homologyMap
        ((ThirdParty.HamSandwich.SphereOddDegree.singularCochainComplexFunctor K (ModuleCat.of K K)).map
          (lixKS n k hGc hGu hGe).op)
        q
but is expected to have type
  lixKSRelOf K n k hGc hGu hGe q ≫ lixKJOf K n k dd q = lixJEOf K n hGc hGu q ≫ lixKSAbsOf K n k hGc hGu hGe q
error: GroupApproximation/CharClass/LIXKGenOfBundle.lean:135:33: Unknown identifier `absPull_compOf`
error: GroupApproximation/CharClass/LIXKGenOfBundle.lean:134:93: unsolved goals
ℓ : ℕ
dd : Fin ℓ → ℕ
K : Type
inst✝ : Field K
n k : ℕ
G : Gen.baseM n dd → Matrix (Gen.VIdx n dd) (Gen.VIdx n dd) ℂ
hGc : Continuous G
hGu : ∀ (m : Gen.baseM n dd), IsCornerUnitary (Gen.Vmat n m) (G m)
hGe : ∀ (m : Gen.baseM n dd), G m *ᵥ (aVecK n m ⊕ᵥ 0) = bVecK n k m ⊕ᵥ 0
q : ℕ
⊢ sorry ≫ sorry = 𝟙 (Hmod K (lixN n dd) q)
error: GroupApproximation/CharClass/LIXKGenOfBundle.lean:135:6: declaration uses `sorry`
error: GroupApproximation/CharClass/LIXKGenOfBundle.lean:135:19: declaration uses `sorry`
info: GroupApproximation/CharClass/LIXKGenOfBundle.lean:141:14: 'GroupApproximation.CharClass.KGen.lixK_hexactOf' depends on axioms: [propext, Classical.choice, Quot.sound]
error: GroupApproximation/CharClass/LIXKGenOfBundle.lean:142:14: 'GroupApproximation.CharClass.KGen.lixK_hcompatOf' depends on axioms outside the classical allowlist: [sorryAx]
  full closure: [propext, sorryAx, Classical.choice, Quot.sound]
  permitted: [propext, Classical.choice, Quot.sound]
error: GroupApproximation/CharClass/LIXKGenOfBundle.lean:143:14: 'GroupApproximation.CharClass.KGen.lixK_hnatOf' depends on axioms outside the classical allowlist: [sorryAx]
  full closure: [propext, sorryAx, Classical.choice, Quot.sound]
  permitted: [propext, Classical.choice, Quot.sound]
error: GroupApproximation/CharClass/LIXKGenOfBundle.lean:144:14: 'GroupApproximation.CharClass.KGen.lixK_hsectionOf' depends on axioms outside the classical allowlist: [sorryAx]
  full closure: [propext, sorryAx, Classical.choice, Quot.sound]
  permitted: [propext, Classical.choice, Quot.sound]
error: Lean exited with code 1
ℹ [8919/8919] Built GroupApproximation.CharClass.LIXKGenOfModel (27s)
info: GroupApproximation/CharClass/LIXKGenOfModel.lean:62:14: 'GroupApproximation.CharClass.KGen.lixKRelModelIsoOf_ne_zero' depends on axioms: [propext, Classical.choice, Quot.sound]
Some required targets logged failures:
- GroupApproximation.CharClass.LIXKGenOfBundle
error: build failed
EXIT=1
