purged 0 stale artifact sets (source-newer=0, import-newer=0) of 2324 oleans
[job] acn112 cores=64-71 threads=8 base=5a58865519f871ed5808652fb68bb444e9ab1788 mods: GroupApproximation.CharClass.LIXKGenLocalNbhd
ℹ [8735/8857] Replayed GroupApproximation.AlgTop.PuncturedNormedSphere
info: GroupApproximation/AlgTop/PuncturedNormedSphere.lean:95:14: 'GroupApproximation.AlgTop.complexToEuclidean_eq_zero_iff' depends on axioms: [propext, Classical.choice, Quot.sound]
ℹ [8741/8857] Replayed GroupApproximation.CharClass.ThomPuncturedRecursion
info: GroupApproximation/CharClass/ThomPuncturedRecursion.lean:288:14: 'GroupApproximation.CharClass.PuncturedAcyclicOf.prod' depends on axioms: [propext, Classical.choice, Quot.sound]
ℹ [8747/8898] Replayed GroupApproximation.CharClass.LIXKMap
info: GroupApproximation/CharClass/LIXKMap.lean:398:14: 'GroupApproximation.CharClass.psiVec_eq_neg_eOne_iff' depends on axioms: [propext, Classical.choice, Quot.sound]
info: GroupApproximation/CharClass/LIXKMap.lean:399:14: 'GroupApproximation.CharClass.kRoot_injective' depends on axioms: [propext, Classical.choice, Quot.sound]
info: GroupApproximation/CharClass/LIXKMap.lean:400:14: 'GroupApproximation.CharClass.psiVec_kRot' depends on axioms: [propext, Classical.choice, Quot.sound]
ℹ [8753/8898] Replayed GroupApproximation.CharClass.LIXKGenMap
info: GroupApproximation/CharClass/LIXKGenMap.lean:317:14: 'GroupApproximation.CharClass.KGen.psiVec_eq_neg_eZero_iff' depends on axioms: [propext, Classical.choice, Quot.sound]
info: GroupApproximation/CharClass/LIXKGenMap.lean:318:14: 'GroupApproximation.CharClass.KGen.kZero_injective' depends on axioms: [propext, Classical.choice, Quot.sound]
info: GroupApproximation/CharClass/LIXKGenMap.lean:319:14: 'GroupApproximation.CharClass.KGen.psiVec_kRot' depends on axioms: [propext, Classical.choice, Quot.sound]
info: GroupApproximation/CharClass/LIXKGenMap.lean:320:14: 'GroupApproximation.CharClass.KGen.re_kZeroVec_last' depends on axioms: [propext, Classical.choice, Quot.sound]
ℹ [8799/8926] Replayed GroupApproximation.CharClass.LIXKGenSphereChartHomeo
info: GroupApproximation/CharClass/LIXKGenSphereChartHomeo.lean:199:14: 'GroupApproximation.CharClass.KGen.chartQ_clamp_le_one' depends on axioms: [propext, Classical.choice, Quot.sound]
info: GroupApproximation/CharClass/LIXKGenSphereChartHomeo.lean:200:14: 'GroupApproximation.CharClass.KGen.one_sub_chartQ_inv' depends on axioms: [propext, Classical.choice, Quot.sound]
info: GroupApproximation/CharClass/LIXKGenSphereChartHomeo.lean:201:14: 'GroupApproximation.CharClass.KGen.sphereChartHomeo_zero' depends on axioms: [propext, Classical.choice, Quot.sound]
ℹ [8800/8926] Replayed GroupApproximation.CharClass.LIXKGenZeroChartHomeo
info: GroupApproximation/CharClass/LIXKGenZeroChartHomeo.lean:151:14: 'GroupApproximation.CharClass.KGen.isOpen_sphereNearZero' depends on axioms: [propext, Classical.choice, Quot.sound]
info: GroupApproximation/CharClass/LIXKGenZeroChartHomeo.lean:152:14: 'GroupApproximation.CharClass.KGen.psiSphere_zeroChartFun' depends on axioms: [propext, Classical.choice, Quot.sound]
info: GroupApproximation/CharClass/LIXKGenZeroChartHomeo.lean:153:14: 'GroupApproximation.CharClass.KGen.zeroChartHomeo_zero' depends on axioms: [propext, Classical.choice, Quot.sound]
ℹ [8864/8926] Replayed GroupApproximation.ThirdParty.HamSandwich.SphereOddDegree.SphereModTwoHomologyVanishing
info: GroupApproximation/ThirdParty/HamSandwich/SphereOddDegree/SphereModTwoHomologyVanishing.lean:318:21: 'GroupApproximation.ThirdParty.HamSandwich.SphereOddDegree.sphereModTwo_intermediate_vanishing_closed' depends on axioms: [propext,
 Classical.choice,
 Quot.sound]
ℹ [8865/8926] Replayed GroupApproximation.ThirdParty.HamSandwich.SphereOddDegree.SphereModTwoHomologyAboveDimension
info: GroupApproximation/ThirdParty/HamSandwich/SphereOddDegree/SphereModTwoHomologyAboveDimension.lean:87:21: 'GroupApproximation.ThirdParty.HamSandwich.SphereOddDegree.sphereModTwo_above_dimension_vanishing_closed' depends on axioms: [propext,
 Classical.choice,
 Quot.sound]
ℹ [8895/8926] Replayed GroupApproximation.CharClass.LIXKGenSphere
info: GroupApproximation/CharClass/LIXKGenSphere.lean:342:14: 'GroupApproximation.CharClass.KGen.normSq_cxToEuc' depends on axioms: [propext, Classical.choice, Quot.sound]
info: GroupApproximation/CharClass/LIXKGenSphere.lean:343:14: 'GroupApproximation.CharClass.KGen.cxToEuc_eucToCx' depends on axioms: [propext, Classical.choice, Quot.sound]
info: GroupApproximation/CharClass/LIXKGenSphere.lean:344:14: 'GroupApproximation.CharClass.KGen.puncturedAcyclic_unitVectors' depends on axioms: [propext,
 Classical.choice,
 Quot.sound]
info: GroupApproximation/CharClass/LIXKGenSphere.lean:345:14: 'GroupApproximation.CharClass.KGen.hbase' depends on axioms: [propext, Classical.choice, Quot.sound]
info: GroupApproximation/CharClass/LIXKGenSphere.lean:346:14: 'GroupApproximation.CharClass.KGen.hbase_two_eq_hbase_lix' depends on axioms: [propext, Classical.choice, Quot.sound]
ℹ [8896/8926] Replayed GroupApproximation.CharClass.LIXKPunctured
info: GroupApproximation/CharClass/LIXKPunctured.lean:168:14: 'GroupApproximation.CharClass.isZero_inter_of_cover' depends on axioms: [propext, Classical.choice, Quot.sound]
info: GroupApproximation/CharClass/LIXKPunctured.lean:169:14: 'GroupApproximation.CharClass.isZero_punctured_finite' depends on axioms: [propext, Classical.choice, Quot.sound]
ℹ [8897/8926] Replayed GroupApproximation.CharClass.LIXKGenPunctured
info: GroupApproximation/CharClass/LIXKGenPunctured.lean:182:14: 'GroupApproximation.CharClass.KGen.puncturedAcyclic_lixBase' depends on axioms: [propext, Classical.choice, Quot.sound]
info: GroupApproximation/CharClass/LIXKGenPunctured.lean:183:14: 'GroupApproximation.CharClass.KGen.puncturedVanish_finite' depends on axioms: [propext, Classical.choice, Quot.sound]
info: GroupApproximation/CharClass/LIXKGenPunctured.lean:184:14: 'GroupApproximation.CharClass.puncturedAcyclic_lixBase_two' depends on axioms: [propext, Classical.choice, Quot.sound]
ℹ [8915/8926] Replayed GroupApproximation.CharClass.LIXKGenBaseChart
info: GroupApproximation/CharClass/LIXKGenBaseChart.lean:219:14: 'GroupApproximation.CharClass.KGen.lixKBaseChart_zero' depends on axioms: [propext, Classical.choice, Quot.sound]
info: GroupApproximation/CharClass/LIXKGenBaseChart.lean:220:14: 'GroupApproximation.CharClass.KGen.lixKFullChart_zero' depends on axioms: [propext, Classical.choice, Quot.sound]
info: GroupApproximation/CharClass/LIXKGenBaseChart.lean:221:14: 'GroupApproximation.CharClass.KGen.lixKNbhdHomeo_zero' depends on axioms: [propext, Classical.choice, Quot.sound]
ℹ [8916/8926] Replayed GroupApproximation.CharClass.LIXKGenLocalPair
info: GroupApproximation/CharClass/LIXKGenLocalPair.lean:289:14: 'GroupApproximation.CharClass.KGen.lixKZero_notMem_lixKTrivBall' depends on axioms: [propext,
 Classical.choice,
 Quot.sound]
info: GroupApproximation/CharClass/LIXKGenLocalPair.lean:290:14: 'GroupApproximation.CharClass.KGen.contractibleSpace_lixKTrivBall' depends on axioms: [propext,
 Classical.choice,
 Quot.sound]
info: GroupApproximation/CharClass/LIXKGenLocalPair.lean:291:14: 'GroupApproximation.CharClass.KGen.lixKTrivBall_subset_target' depends on axioms: [propext,
 Classical.choice,
 Quot.sound]
ℹ [8926/8926] Built GroupApproximation.CharClass.LIXKGenLocalNbhd (21s)
info: GroupApproximation/CharClass/LIXKGenLocalNbhd.lean:286:14: 'GroupApproximation.CharClass.KGen.chartQ_lt_one_of_mem_lixKHsqBall' depends on axioms: [propext,
 Classical.choice,
 Quot.sound]
info: GroupApproximation/CharClass/LIXKGenLocalNbhd.lean:287:14: 'GroupApproximation.CharClass.KGen.circCoord_mem_Ioo_of_mem_lixKHsqBall' depends on axioms: [propext,
 Classical.choice,
 Quot.sound]
info: GroupApproximation/CharClass/LIXKGenLocalNbhd.lean:288:14: 'GroupApproximation.CharClass.KGen.injective_lixKShrink' depends on axioms: [propext, Classical.choice, Quot.sound]
Build completed successfully (8926 jobs).
EXIT=0
